ROStime; LocT; LocWz; LocWy; LocWx; LocAz; LocAy; LocAx; LocEulerz; LocEulery; LocEulerx; LocHorizonty; LocHorizontx; LocDwz; LocDwy; LocDwx; LocUpsilon; LocUps; LocDth; LocOdoL; LocOdoR; LocOdo3; LocOdo4; GammaF; GammaR; LocSkew; ControlUps; ControlDth; GpsLat; GpsLon; GpsStatus; NavX; NavY; NavHeading; iRnx; iRny; iVb; iHeading; gpsVx; gpsVy; gpsVz;mtx; mtxy; mtxz; mqi; mqj; mqk; mq;cntrlDTH; cntrlUPS;targetX; targetY;
2.40802764893e-05; 90093; 0.0; 0.0; -0.0087011; 0.0; 0.0; 0.0; 0.0; 0.0; 0.0; 0.0; 0.0; 0.0; 0.0; 0.0; 0.0; 0.0; 0.0; 0.0; 0.0; 0.0; 0.0; 0.0; 0.0; 0.0; 0; 0; 0; 0; -1; 0; 0; 0; 0; 0; 0; 0; 0; 0; 0; -1.0; 0.0; 0.0; 0.0; 0.0; 0.0; 1.0;0; 0;0; 0; 
0.0113790035248; 90098; 0.0; 0.0; -0.0087059; 0.0; 0.0; 0.0; 0.0; 0.0; 0.0; 0.0; 0.0; 0.0; 0.0; 0.0; 0.0; 0.0; 0.0; 0.0; 0.0; 0.0; 0.0; 0.0; 0.0; 0.0; 0; 0; 0.0; 0.0; 1; 0; 0; 0; 0; 0; 0; 0; 0.0; 0.0; 0.0; -1.0; 0.0; 0.0; 0.0; 0.0; 0.0; 1.0;0; 0;0; 0; 
0.0230870246887; 90103; 0.0; 0.0; -0.0087286; 0.0; 0.0; 0.0; 0.0; 0.0; 0.0; 0.0; 0.0; 0.0; 0.0; 0.0; 0.0; 0.0; 0.0; 0.0; 0.0; 0.0; 0.0; 0.0; 0.0; 0.0; 0; 0; 0.0; 0.0; 1; 0; 0; 0; 0; 0; 0; 0; 0.0; 0.0; 0.0; -1.0; 0.0; 0.0; 0.0; 0.0; 0.0; 1.0;0; 0;0; 0; 
0.0339510440826; 90108; 0.0; 0.0; -0.0087751; 0.0; 0.0; 0.0; 0.0; 0.0; 0.0; 0.0; 0.0; 0.0; 0.0; 0.0; 0.0; 0.0; 0.0; 0.0; 0.0; 0.0; 0.0; 0.0; 0.0; 0.0; 0; 0; 0.0; 0.0; 1; 0; 0; 0; 0; 0; 0; 0; 0.0; 0.0; 0.0; -1.0; 0.0; 0.0; 0.0; 0.0; 0.0; 1.0;0; 0;0; 0; 
0.0451281070709; 90113; 0.0; 0.0; -0.0088344; 0.0; 0.0; 0.0; 0.0; 0.0; 0.0; 0.0; 0.0; 0.0; 0.0; 0.0; 0.0; 0.0; 0.0; 0.0; 0.0; 0.0; 0.0; 0.0; 0.0; 0.0; 0; 0; 0.0; 0.0; 1; 0; 0; 0; 0; 0; 0; 0; 0.0; 0.0; 0.0; -1.0; 0.0; 0.0; 0.0; 0.0; 0.0; 1.0;0; 0;0; 0; 
0.0574371814728; 90118; 0.0; 0.0; -0.008874; 0.0; 0.0; 0.0; 0.0; 0.0; 0.0; 0.0; 0.0; 0.0; 0.0; 0.0; 0.0; 0.0; 0.0; 0.0; 0.0; 0.0; 0.0; 0.0; 0.0; 0.0; 0; 0; 0.0; 0.0; 1; 0; 0; 0; 0; 0; 0; 0; 0.0; 0.0; 0.0; -1.0; 0.0; 0.0; 0.0; 0.0; 0.0; 1.0;0; 0;0; 0; 
0.0699641704559; 90123; 0.0; 0.0; -0.0088868; 0.0; 0.0; 0.0; 0.0; 0.0; 0.0; 0.0; 0.0; 0.0; 0.0; 0.0; 0.0; 0.0; 0.0; 0.0; 0.0; 0.0; 0.0; 0.0; 0.0; 0.0; 0; 0; 0.0; 0.0; 1; 0; 0; 0; 0; 0; 0; 0; 0.0; 0.0; 0.0; -1.0; 0.0; 0.0; 0.0; 0.0; 0.0; 1.0;0; 0;0; 0; 
0.0862710475922; 90128; 0.0; 0.0; -0.0088916; 0.0; 0.0; 0.0; 0.0; 0.0; 0.0; 0.0; 0.0; 0.0; 0.0; 0.0; 0.0; 0.0; 0.0; 0.0; 0.0; 0.0; 0.0; 0.0; 0.0; 0.0; 0; 0; 0.0; 0.0; 1; 0; 0; 0; 0; 0; 0; 0; 0.0; 0.0; 0.0; -1.0; 0.0; 0.0; 0.0; 0.0; 0.0; 1.0;0; 0;0; 0; 
0.0977699756622; 90133; 0.0; 0.0; -0.0088987; 0.0; 0.0; 0.0; 0.0; 0.0; 0.0; 0.0; 0.0; 0.0; 0.0; 0.0; 0.0; 0.0; 0.0; 0.0; 0.0; 0.0; 0.0; 0.0; 0.0; 0.0; 0; 0; 0.0; 0.0; 1; 0; 0; 0; 0; 0; 0; 0; 0.0; 0.0; 0.0; -1.0; 0.0; 0.0; 0.0; 0.0; 0.0; 1.0;0; 0;0; 0; 
0.109839200974; 90138; 0.0; 0.0; -0.0088691; 0.0; 0.0; 0.0; 0.0; 0.0; 0.0; 0.0; 0.0; 0.0; 0.0; 0.0; 0.0; 0.0; 0.0; 0.0; 0.0; 0.0; 0.0; 0.0; 0.0; 0.0; 0; 0; 0.0; 0.0; 1; 0; 0; 0; 0; 0; 0; 0; 0.0; 0.0; 0.0; -1.0; 0.0; 0.0; 0.0; 0.0; 0.0; 1.0;0; 0;0; 0; 
0.121369123459; 90143; 0.0; 0.0; -0.0088026; 0.0; 0.0; 0.0; 0.0; 0.0; 0.0; 0.0; 0.0; 0.0; 0.0; 0.0; 0.0; 0.0; 0.0; 0.0; 0.0; 0.0; 0.0; 0.0; 0.0; 0.0; 0; 0; 0.0; 0.0; 1; 0; 0; 0; 0; 0; 0; 0; 0.0; 0.0; 0.0; -1.0; 0.0; 0.0; 0.0; 0.0; 0.0; 1.0;0; 0;0; 0; 
0.132986068726; 90148; 0.0; 0.0; -0.008748; 0.0; 0.0; 0.0; 0.0; 0.0; 0.0; 0.0; 0.0; 0.0; 0.0; 0.0; 0.0; 0.0; 0.0; 0.0; 0.0; 0.0; 0.0; 0.0; 0.0; 0.0; 0; 0; 0.0; 0.0; 1; 0; 0; 0; 0; 0; 0; 0; 0.0; 0.0; 0.0; -1.0; 0.0; 0.0; 0.0; 0.0; 0.0; 1.0;0; 0;0; 0; 
0.143448114395; 90153; 0.0; 0.0; -0.0087279; 0.0; 0.0; 0.0; 0.0; 0.0; 0.0; 0.0; 0.0; 0.0; 0.0; 0.0; 0.0; 0.0; 0.0; 0.0; 0.0; 0.0; 0.0; 0.0; 0.0; 0.0; 0; 0; 0.0; 0.0; 1; 0; 0; 0; 0; 0; 0; 0; 0.0; 0.0; 0.0; -1.0; 0.0; 0.0; 0.0; 0.0; 0.0; 1.0;0; 0;0; 0; 
0.155137062073; 90158; 0.0; 0.0; -0.0087299; 0.0; 0.0; 0.0; 0.0; 0.0; 0.0; 0.0; 0.0; 0.0; 0.0; 0.0; 0.0; 0.0; 0.0; 0.0; 0.0; 0.0; 0.0; 0.0; 0.0; 0.0; 0; 0; 0.0; 0.0; 1; 0; 0; 0; 0; 0; 0; 0; 0.0; 0.0; 0.0; -1.0; 0.0; 0.0; 0.0; 0.0; 0.0; 1.0;0; 0;0; 0; 
0.166572093964; 90163; 0.0; 0.0; -0.0087104; 0.0; 0.0; 0.0; 0.0; 0.0; 0.0; 0.0; 0.0; 0.0; 0.0; 0.0; 0.0; 0.0; 0.0; 0.0; 0.0; 0.0; 0.0; 0.0; 0.0; 0.0; 0; 0; 0.0; 0.0; 1; 0; 0; 0; 0; 0; 0; 0; 0.0; 0.0; 0.0; -1.0; 0.0; 0.0; 0.0; 0.0; 0.0; 1.0;0; 0;0; 0; 
0.177294969559; 90168; 0.0; 0.0; -0.0086954; 0.0; 0.0; 0.0; 0.0; 0.0; 0.0; 0.0; 0.0; 0.0; 0.0; 0.0; 0.0; 0.0; 0.0; 0.0; 0.0; 0.0; 0.0; 0.0; 0.0; 0.0; 0; 0; 0.0; 0.0; 1; 0; 0; 0; 0; 0; 0; 0; 0.0; 0.0; 0.0; -1.0; 0.0; 0.0; 0.0; 0.0; 0.0; 1.0;0; 0;0; 0; 
0.188529968262; 90173; 0.0; 0.0; -0.0087133; 0.0; 0.0; 0.0; 0.0; 0.0; 0.0; 0.0; 0.0; 0.0; 0.0; 0.0; 0.0; 0.0; 0.0; 0.0; 0.0; 0.0; 0.0; 0.0; 0.0; 0.0; 0; 0; 0.0; 0.0; 1; 0; 0; 0; 0; 0; 0; 0; 0.0; 0.0; 0.0; -1.0; 0.0; 0.0; 0.0; 0.0; 0.0; 1.0;0; 0;0; 0; 
0.19918513298; 90178; 0.0; 0.0; -0.0087366; 0.0; 0.0; 0.0; 0.0; 0.0; 0.0; 0.0; 0.0; 0.0; 0.0; 0.0; 0.0; 0.0; 0.0; 0.0; 0.0; 0.0; 0.0; 0.0; 0.0; 0.0; 0; 0; 0.0; 0.0; 1; 0; 0; 0; 0; 0; 0; 0; 0.0; 0.0; 0.0; -1.0; 0.0; 0.0; 0.0; 0.0; 0.0; 1.0;0; 0;0; 0; 
0.210563182831; 90183; 0.0; 0.0; -0.0087755; 0.0; 0.0; 0.0; 0.0; 0.0; 0.0; 0.0; 0.0; 0.0; 0.0; 0.0; 0.0; 0.0; 0.0; 0.0; 0.0; 0.0; 0.0; 0.0; 0.0; 0.0; 0; 0; 0.0; 0.0; 1; 0; 0; 0; 0; 0; 0; 0; 0.0; 0.0; 0.0; -1.0; 0.0; 0.0; 0.0; 0.0; 0.0; 1.0;0; 0;0; 0; 
0.222648143768; 90188; 0.0; 0.0; -0.0087708; 0.0; 0.0; 0.0; 0.0; 0.0; 0.0; 0.0; 0.0; 0.0; 0.0; 0.0; 0.0; 0.0; 0.0; 0.0; 0.0; 0.0; 0.0; 0.0; 0.0; 0.0; 0; 0; 0.0; 0.0; 1; 0; 0; 0; 0; 0; 0; 0; 0.0; 0.0; 0.0; -1.0; 0.0; 0.0; 0.0; 0.0; 0.0; 1.0;0; 0;0; 0; 
0.236545085907; 90193; 0.0; 0.0; -0.0087606; 0.0; 0.0; 0.0; 0.0; 0.0; 0.0; 0.0; 0.0; 0.0; 0.0; 0.0; 0.0; 0.0; 0.0; 0.0; 0.0; 0.0; 0.0; 0.0; 0.0; 0.0; 0; 0; 0.0; 0.0; 1; 1.41311976975e-18; -1.24563046333e-23; 8.89384596507e-20; 0; 0; 0; 0; 0.0; 0.0; 0.0; -1.0; 0.0; 0.0; 0.0; 0.0; 0.0; 1.0;0; 0;0; 0; 
0.246643066406; 90198; 0.0; 0.0; -0.0087583; 0.0; 0.0; 0.0; 0.0; 0.0; 0.0; 0.0; 0.0; 0.0; 0.0; 0.0; 0.0; 0.0; 0.0; 0.0; 0.0; 0.0; 0.0; 0.0; 0.0; 0.0; 0; 0; 0.0; 0.0; 1; 1.41311976975e-18; -1.24563046333e-23; 8.89384596507e-20; 0; 0; 0; 0; 0.0; 0.0; 0.0; -1.0; 0.0; 0.0; 0.0; 0.0; 0.0; 1.0;0; 0;0; 0; 
0.257918119431; 90203; 0.0; 0.0; -0.0087638; 0.0; 0.0; 0.0; 0.0; 0.0; 0.0; 0.0; 0.0; 0.0; 0.0; 0.0; 0.0; 0.0; 0.0; 0.0; 0.0; 0.0; 0.0; 0.0; 0.0; 0.0; 0; 0; 0.0; 0.0; 1; 1.41311976975e-18; -1.24563046333e-23; 8.89384596507e-20; 0; 0; 0; 0; 0.0; 0.0; 0.0; -1.0; 0.0; 0.0; 0.0; 0.0; 0.0; 1.0;0; 0;0; 0; 
0.270132064819; 90208; 0.0; 0.0; -0.0087737; 0.0; 0.0; 0.0; 0.0; 0.0; 0.0; 0.0; 0.0; 0.0; 0.0; 0.0; 0.0; 0.0; 0.0; 0.0; 0.0; 0.0; 0.0; 0.0; 0.0; 0.0; 0; 0; 0.0; 0.0; 1; 1.41311976975e-18; -1.24563046333e-23; 8.89384596507e-20; 0; 0; 0; 0; 0.0; 0.0; 0.0; -1.0; 0.0; 0.0; 0.0; 0.0; 0.0; 1.0;0; 0;0; 0; 
0.282687187195; 90213; 0.0; 0.0; -0.0087731; 0.0; 0.0; 0.0; 0.0; 0.0; 0.0; 0.0; 0.0; 0.0; 0.0; 0.0; 0.0; 0.0; 0.0; 0.0; 0.0; 0.0; 0.0; 0.0; 0.0; 0.0; 0; 0; 0.0; 0.0; 1; 1.41311976975e-18; -1.24563046333e-23; 8.89384596507e-20; 0; 0; 0; 0; 0.0; 0.0; 0.0; -1.0; 0.0; 0.0; 0.0; 0.0; 0.0; 1.0;0; 0;0; 0; 
0.293919086456; 90218; 0.0; 0.0; -0.0087952; 0.0; 0.0; 0.0; 0.0; 0.0; 0.0; 0.0; 0.0; 0.0; 0.0; 0.0; 0.0; 0.0; 0.0; 0.0; 0.0; 0.0; 0.0; 0.0; 0.0; 0.0; 0; 0; 0.0; 0.0; 1; 1.41311976975e-18; -1.24563046333e-23; 8.89384596507e-20; 0; 0; 0; 0; 0.0; 0.0; 0.0; -1.0; 0.0; 0.0; 0.0; 0.0; 0.0; 1.0;0; 0;0; 0; 
0.306174993515; 90223; 0.0; 0.0; -0.0088442; 0.0; 0.0; 0.0; 0.0; 0.0; 0.0; 0.0; 0.0; 0.0; 0.0; 0.0; 0.0; 0.0; 0.0; 0.0; 0.0; 0.0; 0.0; 0.0; 0.0; 0.0; 0; 0; 0.0; 0.0; 1; 1.41311976975e-18; -1.24563046333e-23; 8.89384596507e-20; 0; 0; 0; 0; 0.0; 0.0; 0.0; -1.0; 0.0; 0.0; 0.0; 0.0; 0.0; 1.0;0; 0;0; 0; 
0.317994117737; 90228; 0.0; 0.0; -0.0088891; 0.0; 0.0; 0.0; 0.0; 0.0; 0.0; 0.0; 0.0; 0.0; 0.0; 0.0; 0.0; 0.0; 0.0; 0.0; 0.0; 0.0; 0.0; 0.0; 0.0; 0.0; 0; 0; 0.0; 0.0; 1; 1.41311976975e-18; -1.24563046333e-23; 8.89384596507e-20; 0; 0; 0; 0; 0.0; 0.0; 0.0; -1.0; 0.0; 0.0; 0.0; 0.0; 0.0; 1.0;0; 0;0; 0; 
0.329629182816; 90233; 0.0; 0.0; -0.0089434; 0.0; 0.0; 0.0; 0.0; 0.0; 0.0; 0.0; 0.0; 0.0; 0.0; 0.0; 0.0; 0.0; 0.0; 0.0; 0.0; 0.0; 0.0; 0.0; 0.0; 0.0; 0; 0; 0.0; 0.0; 1; 1.41311976975e-18; -1.24563046333e-23; 8.89384596507e-20; 0; 0; 0; 0; 0.0; 0.0; 0.0; -1.0; 0.0; 0.0; 0.0; 0.0; 0.0; 1.0;0; 0;0; 0; 
0.342267990112; 90238; 0.0; 0.0; -0.0089892; 0.0; 0.0; 0.0; 0.0; 0.0; 0.0; 0.0; 0.0; 0.0; 0.0; 0.0; 0.0; 0.0; 0.0; 0.0; 0.0; 0.0; 0.0; 0.0; 0.0; 0.0; 0; 0; 0.0; 0.0; 1; 1.41311976975e-18; -1.24563046333e-23; 8.89384596507e-20; 0; 0; 0; 0; 0.0; 0.0; 0.0; -1.0; 0.0; 0.0; 0.0; 0.0; 0.0; 1.0;0; 0;0; 0; 
0.354780197144; 90243; 0.0; 0.0; -0.0089948; 0.0; 0.0; 0.0; 0.0; 0.0; 0.0; 0.0; 0.0; 0.0; 0.0; 0.0; 0.0; 0.0; 0.0; 0.0; 0.0; 0.0; 0.0; 0.0; 0.0; 0.0; 0; 0; 0.0; 0.0; 1; 1.41311976975e-18; -1.24563046333e-23; 8.89384596507e-20; 0; 0; 0; 0; 0.0; 0.0; 0.0; -1.0; 0.0; 0.0; 0.0; 0.0; 0.0; 1.0;0; 0;0; 0; 
0.367274045944; 90248; 0.0; 0.0; -0.0089806; 0.0; 0.0; 0.0; 0.0; 0.0; 0.0; 0.0; 0.0; 0.0; 0.0; 0.0; 0.0; 0.0; 0.0; 0.0; 0.0; 0.0; 0.0; 0.0; 0.0; 0.0; 0; 0; 0.0; 0.0; 1; 1.41311976975e-18; -1.24563046333e-23; 8.89384596507e-20; 0; 0; 0; 0; 0.0; 0.0; 0.0; -1.0; 0.0; 0.0; 0.0; 0.0; 0.0; 1.0;0; 0;0; 0; 
0.378767967224; 90253; 0.0; 0.0; -0.0089511; 0.0; 0.0; 0.0; 0.0; 0.0; 0.0; 0.0; 0.0; 0.0; 0.0; 0.0; 0.0; 0.0; 0.0; 0.0; 0.0; 0.0; 0.0; 0.0; 0.0; 0.0; 0; 0; 0.0; 0.0; 1; 1.41311976975e-18; -1.24563046333e-23; 8.89384596507e-20; 0; 0; 0; 0; 0.0; 0.0; 0.0; -1.0; 0.0; 0.0; 0.0; 0.0; 0.0; 1.0;0; 0;0; 0; 
0.39134311676; 90258; 0.0; 0.0; -0.0089487; 0.0; 0.0; 0.0; 0.0; 0.0; 0.0; 0.0; 0.0; 0.0; 0.0; 0.0; 0.0; 0.0; 0.0; 0.0; 0.0; 0.0; 0.0; 0.0; 0.0; 0.0; 0; 0; 0.0; 0.0; 1; 1.41311976975e-18; -1.24563046333e-23; 8.89384596507e-20; 0; 0; 0; 0; 0.0; 0.0; 0.0; -1.0; 0.0; 0.0; 0.0; 0.0; 0.0; 1.0;0; 0;0; 0; 
0.403866052628; 90263; 0.0; 0.0; -0.0089288; 0.0; 0.0; 0.0; 0.0; 0.0; 0.0; 0.0; 0.0; 0.0; 0.0; 0.0; 0.0; 0.0; 0.0; 0.0; 0.0; 0.0; 0.0; 0.0; 0.0; 0.0; 0; 0; 0.0; 0.0; 1; 1.41311976975e-18; -1.24563046333e-23; 8.89384596507e-20; 0; 0; 0; 0; 0.0; 0.0; 0.0; -1.0; 0.0; 0.0; 0.0; 0.0; 0.0; 1.0;0; 0;0; 0; 
0.414838075638; 90268; 0.0; 0.0; -0.008877; 0.0; 0.0; 0.0; 0.0; 0.0; 0.0; 0.0; 0.0; 0.0; 0.0; 0.0; 0.0; 0.0; 0.0; 0.0; 0.0; 0.0; 0.0; 0.0; 0.0; 0.0; 0; 0; 0.0; 0.0; 1; 1.41311976975e-18; -1.24563046333e-23; 8.89384596507e-20; 0; 0; 0; 0; 0.0; 0.0; 0.0; -1.0; 0.0; 0.0; 0.0; 0.0; 0.0; 1.0;0; 0;0; 0; 
0.426620006561; 90273; 0.0; 0.0; -0.008846; 0.0; 0.0; 0.0; 0.0; 0.0; 0.0; 0.0; 0.0; 0.0; 0.0; 0.0; 0.0; 0.0; 0.0; 0.0; 0.0; 0.0; 0.0; 0.0; 0.0; 0.0; 0; 0; 0.0; 0.0; 1; 1.41311976975e-18; -1.24563046333e-23; 8.89384596507e-20; 0; 0; 0; 0; 0.0; 0.0; 0.0; -1.0; 0.0; 0.0; 0.0; 0.0; 0.0; 1.0;0; 0;0; 0; 
0.437352180481; 90278; 0.0; 0.0; -0.0088368; 0.0; 0.0; 0.0; 0.0; 0.0; 0.0; 0.0; 0.0; 0.0; 0.0; 0.0; 0.0; 0.0; 0.0; 0.0; 0.0; 0.0; 0.0; 0.0; 0.0; 0.0; 0; 0; 0.0; 0.0; 1; 1.41311976975e-18; -1.24563046333e-23; 8.89384596507e-20; 0; 0; 0; 0; 0.0; 0.0; 0.0; -1.0; 0.0; 0.0; 0.0; 0.0; 0.0; 1.0;0; 0;0; 0; 
0.448925971985; 90283; 0.0; 0.0; -0.0088358; 0.0; 0.0; 0.0; 0.0; 0.0; 0.0; 0.0; 0.0; 0.0; 0.0; 0.0; 0.0; 0.0; 0.0; 0.0; 0.0; 0.0; 0.0; 0.0; 0.0; 0.0; 0; 0; 0.0; 0.0; 1; 1.41311976975e-18; -1.24563046333e-23; 8.89384596507e-20; 0; 0; 0; 0; 0.0; 0.0; 0.0; -1.0; 0.0; 0.0; 0.0; 0.0; 0.0; 1.0;0; 0;0; 0; 
0.460232019424; 90288; 0.0; 0.0; -0.0088441; 0.0; 0.0; 0.0; 0.0; 0.0; 0.0; 0.0; 0.0; 0.0; 0.0; 0.0; 0.0; 0.0; 0.0; 0.0; 0.0; 0.0; 0.0; 0.0; 0.0; 0.0; 0; 0; 0.0; 0.0; 1; 1.41311976975e-18; -1.24563046333e-23; 8.89384596507e-20; 0; 0; 0; 0; 0.0; 0.0; 0.0; -1.0; 0.0; 0.0; 0.0; 0.0; 0.0; 1.0;0; 0;0; 0; 
0.471791028976; 90293; 0.0; 0.0; -0.0088437; 0.0; 0.0; 0.0; 0.0; 0.0; 0.0; 0.0; 0.0; 0.0; 0.0; 0.0; 0.0; 0.0; 0.0; 0.0; 0.0; 0.0; 0.0; 0.0; 0.0; 0.0; 0; 0; 0.0; 0.0; 1; 1.41894822758e-18; -2.89231529591e-23; 8.89384594617e-20; 0; 0; 0; 0; 0.0; 0.0; 0.0; -1.0; 0.0; 0.0; 0.0; 0.0; 0.0; 1.0;0; 0;0; 0; 
0.482968091965; 90298; 0.0; 0.0; -0.0088655; 0.0; 0.0; 0.0; 0.0; 0.0; 0.0; 0.0; 0.0; 0.0; 0.0; 0.0; 0.0; 0.0; 0.0; 0.0; 0.0; 0.0; 0.0; 0.0; 0.0; 0.0; 0; 0; 0.0; 0.0; 1; 1.41894822758e-18; -2.89231529591e-23; 8.89384594617e-20; 0; 0; 0; 0; 0.0; 0.0; 0.0; -1.0; 0.0; 0.0; 0.0; 0.0; 0.0; 1.0;0; 0;0; 0; 
0.495380163193; 90303; 0.0; 0.0; -0.0089135; 0.0; 0.0; 0.0; 0.0; 0.0; 0.0; 0.0; 0.0; 0.0; 0.0; 0.0; 0.0; 0.0; 0.0; 0.0; 0.0; 0.0; 0.0; 0.0; 0.0; 0.0; 0; 0; 0.0; 0.0; 1; 1.41894822758e-18; -2.89231529591e-23; 8.89384594617e-20; 0; 0; 0; 0; 0.0; 0.0; 0.0; -1.0; 0.0; 0.0; 0.0; 0.0; 0.0; 1.0;0; 0;0; 0; 
0.507256984711; 90308; 0.0; 0.0; -0.0089615; 0.0; 0.0; 0.0; 0.0; 0.0; 0.0; 0.0; 0.0; 0.0; 0.0; 0.0; 0.0; 0.0; 0.0; 0.0; 0.0; 0.0; 0.0; 0.0; 0.0; 0.0; 0; 0; 0.0; 0.0; 1; 1.41894822758e-18; -2.89231529591e-23; 8.89384594617e-20; 0; 0; 0; 0; 0.0; 0.0; 0.0; -1.0; 0.0; 0.0; 0.0; 0.0; 0.0; 1.0;0; 0;0; 0; 
0.518472194672; 90313; 0.0; 0.0; -0.0090233; 0.0; 0.0; 0.0; 0.0; 0.0; 0.0; 0.0; 0.0; 0.0; 0.0; 0.0; 0.0; 0.0; 0.0; 0.0; 0.0; 0.0; 0.0; 0.0; 0.0; 0.0; 0; 0; 0.0; 0.0; 1; 1.41894822758e-18; -2.89231529591e-23; 8.89384594617e-20; 0; 0; 0; 0; 0.0; 0.0; 0.0; -1.0; 0.0; 0.0; 0.0; 0.0; 0.0; 1.0;0; 0;0; 0; 
0.530673027039; 90318; 0.0; 0.0; -0.0090526; 0.0; 0.0; 0.0; 0.0; 0.0; 0.0; 0.0; 0.0; 0.0; 0.0; 0.0; 0.0; 0.0; 0.0; 0.0; 0.0; 0.0; 0.0; 0.0; 0.0; 0.0; 0; 0; 0.0; 0.0; 1; 1.41894822758e-18; -2.89231529591e-23; 8.89384594617e-20; 0; 0; 0; 0; 0.0; 0.0; 0.0; -1.0; 0.0; 0.0; 0.0; 0.0; 0.0; 1.0;0; 0;0; 0; 
0.54211306572; 90323; 0.0; 0.0; -0.0090654; 0.0; 0.0; 0.0; 0.0; 0.0; 0.0; 0.0; 0.0; 0.0; 0.0; 0.0; 0.0; 0.0; 0.0; 0.0; 0.0; 0.0; 0.0; 0.0; 0.0; 0.0; 0; 0; 0.0; 0.0; 1; 1.41894822758e-18; -2.89231529591e-23; 8.89384594617e-20; 0; 0; 0; 0; 0.0; 0.0; 0.0; -1.0; 0.0; 0.0; 0.0; 0.0; 0.0; 1.0;0; 0;0; 0; 
0.553466081619; 90328; 0.0; 0.0; -0.0090653; 0.0; 0.0; 0.0; 0.0; 0.0; 0.0; 0.0; 0.0; 0.0; 0.0; 0.0; 0.0; 0.0; 0.0; 0.0; 0.0; 0.0; 0.0; 0.0; 0.0; 0.0; 0; 0; 0.0; 0.0; 1; 1.41894822758e-18; -2.89231529591e-23; 8.89384594617e-20; 0; 0; 0; 0; 0.0; 0.0; 0.0; -1.0; 0.0; 0.0; 0.0; 0.0; 0.0; 1.0;0; 0;0; 0; 
0.564761161804; 90333; 0.0; 0.0; -0.0090343; 0.0; 0.0; 0.0; 0.0; 0.0; 0.0; 0.0; 0.0; 0.0; 0.0; 0.0; 0.0; 0.0; 0.0; 0.0; 0.0; 0.0; 0.0; 0.0; 0.0; 0.0; 0; 0; 0.0; 0.0; 1; 1.41894822758e-18; -2.89231529591e-23; 8.89384594617e-20; 0; 0; 0; 0; 0.0; 0.0; 0.0; -1.0; 0.0; 0.0; 0.0; 0.0; 0.0; 1.0;0; 0;0; 0; 
0.576395988464; 90338; 0.0; 0.0; -0.0089961; 0.0; 0.0; 0.0; 0.0; 0.0; 0.0; 0.0; 0.0; 0.0; 0.0; 0.0; 0.0; 0.0; 0.0; 0.0; 0.0; 0.0; 0.0; 0.0; 0.0; 0.0; 0; 0; 0.0; 0.0; 1; 1.41894822758e-18; -2.89231529591e-23; 8.89384594617e-20; 0; 0; 0; 0; 0.0; 0.0; 0.0; -1.0; 0.0; 0.0; 0.0; 0.0; 0.0; 1.0;0; 0;0; 0; 
0.588407039642; 90343; 0.0; 0.0; -0.0089355; 0.0; 0.0; 0.0; 0.0; 0.0; 0.0; 0.0; 0.0; 0.0; 0.0; 0.0; 0.0; 0.0; 0.0; 0.0; 0.0; 0.0; 0.0; 0.0; 0.0; 0.0; 0; 0; 0.0; 0.0; 1; 1.41894822758e-18; -2.89231529591e-23; 8.89384594617e-20; 0; 0; 0; 0; 0.0; 0.0; 0.0; -1.0; 0.0; 0.0; 0.0; 0.0; 0.0; 1.0;0; 0;0; 0; 
0.599580049515; 90348; 0.0; 0.0; -0.0088689; 0.0; 0.0; 0.0; 0.0; 0.0; 0.0; 0.0; 0.0; 0.0; 0.0; 0.0; 0.0; 0.0; 0.0; 0.0; 0.0; 0.0; 0.0; 0.0; 0.0; 0.0; 0; 0; 0.0; 0.0; 1; 1.41894822758e-18; -2.89231529591e-23; 8.89384594617e-20; 0; 0; 0; 0; 0.0; 0.0; 0.0; -1.0; 0.0; 0.0; 0.0; 0.0; 0.0; 1.0;0; 0;0; 0; 
0.610992193222; 90353; 0.0; 0.0; -0.0088091; 0.0; 0.0; 0.0; 0.0; 0.0; 0.0; 0.0; 0.0; 0.0; 0.0; 0.0; 0.0; 0.0; 0.0; 0.0; 0.0; 0.0; 0.0; 0.0; 0.0; 0.0; 0; 0; 0.0; 0.0; 1; 1.41894822758e-18; -2.89231529591e-23; 8.89384594617e-20; 0; 0; 0; 0; 0.0; 0.0; 0.0; -1.0; 0.0; 0.0; 0.0; 0.0; 0.0; 1.0;0; 0;0; 0; 
0.62274813652; 90358; 0.0; 0.0; -0.008764; 0.0; 0.0; 0.0; 0.0; 0.0; 0.0; 0.0; 0.0; 0.0; 0.0; 0.0; 0.0; 0.0; 0.0; 0.0; 0.0; 0.0; 0.0; 0.0; 0.0; 0.0; 0; 0; 0.0; 0.0; 1; 1.41894822758e-18; -2.89231529591e-23; 8.89384594617e-20; 0; 0; 0; 0; 0.0; 0.0; 0.0; -1.0; 0.0; 0.0; 0.0; 0.0; 0.0; 1.0;0; 0;0; 0; 
0.635405063629; 90363; 0.0; 0.0; -0.0087262; 0.0; 0.0; 0.0; 0.0; 0.0; 0.0; 0.0; 0.0; 0.0; 0.0; 0.0; 0.0; 0.0; 0.0; 0.0; 0.0; 0.0; 0.0; 0.0; 0.0; 0.0; 0; 0; 0.0; 0.0; 1; 1.41894822758e-18; -2.89231529591e-23; 8.89384594617e-20; 0; 0; 0; 0; 0.0; 0.0; 0.0; -1.0; 0.0; 0.0; 0.0; 0.0; 0.0; 1.0;0; 0;0; 0; 
0.648265123367; 90368; 0.0; 0.0; -0.0086937; 0.0; 0.0; 0.0; 0.0; 0.0; 0.0; 0.0; 0.0; 0.0; 0.0; 0.0; 0.0; 0.0; 0.0; 0.0; 0.0; 0.0; 0.0; 0.0; 0.0; 0.0; 0; 0; 0.0; 0.0; 1; 1.41894822758e-18; -2.89231529591e-23; 8.89384594617e-20; 0; 0; 0; 0; 0.0; 0.0; 0.0; -1.0; 0.0; 0.0; 0.0; 0.0; 0.0; 1.0;0; 0;0; 0; 
0.660176038742; 90373; 0.0; 0.0; -0.0086764; 0.0; 0.0; 0.0; 0.0; 0.0; 0.0; 0.0; 0.0; 0.0; 0.0; 0.0; 0.0; 0.0; 0.0; 0.0; 0.0; 0.0; 0.0; 0.0; 0.0; 0.0; 0; 0; 0.0; 0.0; 1; 1.41894822758e-18; -2.89231529591e-23; 8.89384594617e-20; 0; 0; 0; 0; 0.0; 0.0; 0.0; -1.0; 0.0; 0.0; 0.0; 0.0; 0.0; 1.0;0; 0;0; 0; 
0.673099994659; 90378; 0.0; 0.0; -0.0086584; 0.0; 0.0; 0.0; 0.0; 0.0; 0.0; 0.0; 0.0; 0.0; 0.0; 0.0; 0.0; 0.0; 0.0; 0.0; 0.0; 0.0; 0.0; 0.0; 0.0; 0.0; 0; 0; 0.0; 0.0; 1; 1.41894822758e-18; -2.89231529591e-23; 8.89384594617e-20; 0; 0; 0; 0; 0.0; 0.0; 0.0; -1.0; 0.0; 0.0; 0.0; 0.0; 0.0; 1.0;0; 0;0; 0; 
0.685221195221; 90383; 0.0; 0.0; -0.0086516; 0.0; 0.0; 0.0; 0.0; 0.0; 0.0; 0.0; 0.0; 0.0; 0.0; 0.0; 0.0; 0.0; 0.0; 0.0; 0.0; 0.0; 0.0; 0.0; 0.0; 0.0; 0; 0; 0.0; 0.0; 1; 1.41894822758e-18; -2.89231529591e-23; 8.89384594617e-20; 0; 0; 0; 0; 0.0; 0.0; 0.0; -1.0; 0.0; 0.0; 0.0; 0.0; 0.0; 1.0;0; 0;0; 0; 
0.696047067642; 90388; 0.0; 0.0; -0.0086573; 0.0; 0.0; 0.0; 0.0; 0.0; 0.0; 0.0; 0.0; 0.0; 0.0; 0.0; 0.0; 0.0; 0.0; 0.0; 0.0; 0.0; 0.0; 0.0; 0.0; 0.0; 0; 0; 0.0; 0.0; 1; 1.41894822758e-18; -2.89231529591e-23; 8.89384594617e-20; 0; 0; 0; 0; 0.0; 0.0; 0.0; -1.0; 0.0; 0.0; 0.0; 0.0; 0.0; 1.0;0; 0;0; 0; 
0.707946062088; 90393; 0.0; 0.0; -0.0087081; 0.0; 0.0; 0.0; 0.0; 0.0; 0.0; 0.0; 0.0; 0.0; 0.0; 0.0; 0.0; 0.0; 0.0; 0.0; 0.0; 0.0; 0.0; 0.0; 0.0; 0.0; 0; 0; 0.0; 0.0; 1; 1.41894822758e-18; -2.89231529716e-23; 8.89384594617e-20; 0; 0; 0; 0; 0.0; 0.0; 0.0; -1.0; 0.0; 0.0; 0.0; 0.0; 0.0; 1.0;0; 0;0; 0; 
0.719736099243; 90398; 0.0; 0.0; -0.0087893; 0.0; 0.0; 0.0; 0.0; 0.0; 0.0; 0.0; 0.0; 0.0; 0.0; 0.0; 0.0; 0.0; 0.0; 0.0; 0.0; 0.0; 0.0; 0.0; 0.0; 0.0; 0; 0; 0.0; 0.0; 1; 1.41894822758e-18; -2.89231529716e-23; 8.89384594617e-20; 0; 0; 0; 0; 0.0; 0.0; 0.0; -1.0; 0.0; 0.0; 0.0; 0.0; 0.0; 1.0;0; 0;0; 0; 
0.731674194336; 90403; 0.0; 0.0; -0.0088577; 0.0; 0.0; 0.0; 0.0; 0.0; 0.0; 0.0; 0.0; 0.0; 0.0; 0.0; 0.0; 0.0; 0.0; 0.0; 0.0; 0.0; 0.0; 0.0; 0.0; 0.0; 0; 0; 0.0; 0.0; 1; 1.41894822758e-18; -2.89231529716e-23; 8.89384594617e-20; 0; 0; 0; 0; 0.0; 0.0; 0.0; -1.0; 0.0; 0.0; 0.0; 0.0; 0.0; 1.0;0; 0;0; 0; 
0.74410700798; 90408; 0.0; 0.0; -0.0089358; 0.0; 0.0; 0.0; 0.0; 0.0; 0.0; 0.0; 0.0; 0.0; 0.0; 0.0; 0.0; 0.0; 0.0; 0.0; 0.0; 0.0; 0.0; 0.0; 0.0; 0.0; 0; 0; 0.0; 0.0; 1; 1.41894822758e-18; -2.89231529716e-23; 8.89384594617e-20; 0; 0; 0; 0; 0.0; 0.0; 0.0; -1.0; 0.0; 0.0; 0.0; 0.0; 0.0; 1.0;0; 0;0; 0; 
0.755203008652; 90413; 0.0; 0.0; -0.0090269; 0.0; 0.0; 0.0; 0.0; 0.0; 0.0; 0.0; 0.0; 0.0; 0.0; 0.0; 0.0; 0.0; 0.0; 0.0; 0.0; 0.0; 0.0; 0.0; 0.0; 0.0; 0; 0; 0.0; 0.0; 1; 1.41894822758e-18; -2.89231529716e-23; 8.89384594617e-20; 0; 0; 0; 0; 0.0; 0.0; 0.0; -1.0; 0.0; 0.0; 0.0; 0.0; 0.0; 1.0;0; 0;0; 0; 
0.766882181168; 90418; 0.0; 0.0; -0.0090751; 0.0; 0.0; 0.0; 0.0; 0.0; 0.0; 0.0; 0.0; 0.0; 0.0; 0.0; 0.0; 0.0; 0.0; 0.0; 0.0; 0.0; 0.0; 0.0; 0.0; 0.0; 0; 0; 0.0; 0.0; 1; 1.41894822758e-18; -2.89231529716e-23; 8.89384594617e-20; 0; 0; 0; 0; 0.0; 0.0; 0.0; -1.0; 0.0; 0.0; 0.0; 0.0; 0.0; 1.0;0; 0;0; 0; 
0.777309179306; 90423; 0.0; 0.0; -0.0090566; 0.0; 0.0; 0.0; 0.0; 0.0; 0.0; 0.0; 0.0; 0.0; 0.0; 0.0; 0.0; 0.0; 0.0; 0.0; 0.0; 0.0; 0.0; 0.0; 0.0; 0.0; 0; 0; 0.0; 0.0; 1; 1.41894822758e-18; -2.89231529716e-23; 8.89384594617e-20; 0; 0; 0; 0; 0.0; 0.0; 0.0; -1.0; 0.0; 0.0; 0.0; 0.0; 0.0; 1.0;0; 0;0; 0; 
0.788089990616; 90428; 0.0; 0.0; -0.0089856; 0.0; 0.0; 0.0; 0.0; 0.0; 0.0; 0.0; 0.0; 0.0; 0.0; 0.0; 0.0; 0.0; 0.0; 0.0; 0.0; 0.0; 0.0; 0.0; 0.0; 0.0; 0; 0; 0.0; 0.0; 1; 1.41894822758e-18; -2.89231529716e-23; 8.89384594617e-20; 0; 0; 0; 0; 0.0; 0.0; 0.0; -1.0; 0.0; 0.0; 0.0; 0.0; 0.0; 1.0;0; 0;0; 0; 
0.799960136414; 90433; 0.0; 0.0; -0.0089106; 0.0; 0.0; 0.0; 0.0; 0.0; 0.0; 0.0; 0.0; 0.0; 0.0; 0.0; 0.0; 0.0; 0.0; 0.0; 0.0; 0.0; 0.0; 0.0; 0.0; 0.0; 0; 0; 0.0; 0.0; 1; 1.41894822758e-18; -2.89231529716e-23; 8.89384594617e-20; 0; 0; 0; 0; 0.0; 0.0; 0.0; -1.0; 0.0; 0.0; 0.0; 0.0; 0.0; 1.0;0; 0;0; 0; 
0.811295986176; 90438; 0.0; 0.0; -0.0088474; 0.0; 0.0; 0.0; 0.0; 0.0; 0.0; 0.0; 0.0; 0.0; 0.0; 0.0; 0.0; 0.0; 0.0; 0.0; 0.0; 0.0; 0.0; 0.0; 0.0; 0.0; 0; 0; 0.0; 0.0; 1; 1.41894822758e-18; -2.89231529716e-23; 8.89384594617e-20; 0; 0; 0; 0; 0.0; 0.0; 0.0; -1.0; 0.0; 0.0; 0.0; 0.0; 0.0; 1.0;0; 0;0; 0; 
0.823705196381; 90443; 0.0; 0.0; -0.0087721; 0.0; 0.0; 0.0; 0.0; 0.0; 0.0; 0.0; 0.0; 0.0; 0.0; 0.0; 0.0; 0.0; 0.0; 0.0; 0.0; 0.0; 0.0; 0.0; 0.0; 0.0; 0; 0; 0.0; 0.0; 1; 1.41894822758e-18; -2.89231529716e-23; 8.89384594617e-20; 0; 0; 0; 0; 0.0; 0.0; 0.0; -1.0; 0.0; 0.0; 0.0; 0.0; 0.0; 1.0;0; 0;0; 0; 
0.833516120911; 90448; 0.0; 0.0; -0.008702; 0.0; 0.0; 0.0; 0.0; 0.0; 0.0; 0.0; 0.0; 0.0; 0.0; 0.0; 0.0; 0.0; 0.0; 0.0; 0.0; 0.0; 0.0; 0.0; 0.0; 0.0; 0; 0; 0.0; 0.0; 1; 1.41894822758e-18; -2.89231529716e-23; 8.89384594617e-20; 0; 0; 0; 0; 0.0; 0.0; 0.0; -1.0; 0.0; 0.0; 0.0; 0.0; 0.0; 1.0;0; 0;0; 0; 
0.846794128418; 90453; 0.0; 0.0; -0.0086897; 0.0; 0.0; 0.0; 0.0; 0.0; 0.0; 0.0; 0.0; 0.0; 0.0; 0.0; 0.0; 0.0; 0.0; 0.0; 0.0; 0.0; 0.0; 0.0; 0.0; 0.0; 0; 0; 0.0; 0.0; 1; 1.41894822758e-18; -2.89231529716e-23; 8.89384594617e-20; 0; 0; 0; 0; 0.0; 0.0; 0.0; -1.0; 0.0; 0.0; 0.0; 0.0; 0.0; 1.0;0; 0;0; 0; 
0.857117176056; 90458; 0.0; 0.0; -0.00872; 0.0; 0.0; 0.0; 0.0; 0.0; 0.0; 0.0; 0.0; 0.0; 0.0; 0.0; 0.0; 0.0; 0.0; 0.0; 0.0; 0.0; 0.0; 0.0; 0.0; 0.0; 0; 0; 0.0; 0.0; 1; 1.41894822758e-18; -2.89231529716e-23; 8.89384594617e-20; 0; 0; 0; 0; 0.0; 0.0; 0.0; -1.0; 0.0; 0.0; 0.0; 0.0; 0.0; 1.0;0; 0;0; 0; 
0.868865966797; 90463; 0.0; 0.0; -0.0087609; 0.0; 0.0; 0.0; 0.0; 0.0; 0.0; 0.0; 0.0; 0.0; 0.0; 0.0; 0.0; 0.0; 0.0; 0.0; 0.0; 0.0; 0.0; 0.0; 0.0; 0.0; 0; 0; 0.0; 0.0; 1; 1.41894822758e-18; -2.89231529716e-23; 8.89384594617e-20; 0; 0; 0; 0; 0.0; 0.0; 0.0; -1.0; 0.0; 0.0; 0.0; 0.0; 0.0; 1.0;0; 0;0; 0; 
0.879337072372; 90468; 0.0; 0.0; -0.0087738; 0.0; 0.0; 0.0; 0.0; 0.0; 0.0; 0.0; 0.0; 0.0; 0.0; 0.0; 0.0; 0.0; 0.0; 0.0; 0.0; 0.0; 0.0; 0.0; 0.0; 0.0; 0; 0; 0.0; 0.0; 1; 1.41894822758e-18; -2.89231529716e-23; 8.89384594617e-20; 0; 0; 0; 0; 0.0; 0.0; 0.0; -1.0; 0.0; 0.0; 0.0; 0.0; 0.0; 1.0;0; 0;0; 0; 
0.890314102173; 90473; 0.0; 0.0; -0.0087655; 0.0; 0.0; 0.0; 0.0; 0.0; 0.0; 0.0; 0.0; 0.0; 0.0; 0.0; 0.0; 0.0; 0.0; 0.0; 0.0; 0.0; 0.0; 0.0; 0.0; 0.0; 0; 0; 0.0; 0.0; 1; 1.41894822758e-18; -2.89231529716e-23; 8.89384594617e-20; 0; 0; 0; 0; 0.0; 0.0; 0.0; -1.0; 0.0; 0.0; 0.0; 0.0; 0.0; 1.0;0; 0;0; 0; 
0.902805089951; 90478; 0.0; 0.0; -0.0087914; 0.0; 0.0; 0.0; 0.0; 0.0; 0.0; 0.0; 0.0; 0.0; 0.0; 0.0; 0.0; 0.0; 0.0; 0.0; 0.0; 0.0; 0.0; 0.0; 0.0; 0.0; 0; 0; 0.0; 0.0; 1; 1.41894822758e-18; -2.89231529716e-23; 8.89384594617e-20; 0; 0; 0; 0; 0.0; 0.0; 0.0; -1.0; 0.0; 0.0; 0.0; 0.0; 0.0; 1.0;0; 0;0; 0; 
0.91372013092; 90483; 0.0; 0.0; -0.0088106; 0.0; 0.0; 0.0; 0.0; 0.0; 0.0; 0.0; 0.0; 0.0; 0.0; 0.0; 0.0; 0.0; 0.0; 0.0; 0.0; 0.0; 0.0; 0.0; 0.0; 0.0; 0; 0; 0.0; 0.0; 1; 1.41894822758e-18; -2.89231529716e-23; 8.89384594617e-20; 0; 0; 0; 0; 0.0; 0.0; 0.0; -1.0; 0.0; 0.0; 0.0; 0.0; 0.0; 1.0;0; 0;0; 0; 
0.926017999649; 90488; 0.0; 0.0; -0.0088045; 0.0; 0.0; 0.0; 0.0; 0.0; 0.0; 0.0; 0.0; 0.0; 0.0; 0.0; 0.0; 0.0; 0.0; 0.0; 0.0; 0.0; 0.0; 0.0; 0.0; 0.0; 0; 0; 0.0; 0.0; 1; 1.41894822758e-18; -2.89231529716e-23; 8.89384594617e-20; 0; 0; 0; 0; 0.0; 0.0; 0.0; -1.0; 0.0; 0.0; 0.0; 0.0; 0.0; 1.0;0; 0;0; 0; 
0.937591075897; 90493; 0.0; 0.0; -0.0087739; 0.0; 0.0; 0.0; 0.0; 0.0; 0.0; 0.0; 0.0; 0.0; 0.0; 0.0; 0.0; 0.0; 0.0; 0.0; 0.0; 0.0; 0.0; 0.0; 0.0; 0.0; 0; 0; 0.0; 0.0; 1; 1.41894822758e-18; -2.89231529716e-23; 8.89384594617e-20; 0; 0; 0; 0; 0.0; 0.0; 0.0; -1.0; 0.0; 0.0; 0.0; 0.0; 0.0; 1.0;0; 0;0; 0; 
0.950317144394; 90498; 0.0; 0.0; -0.0087407; 0.0; 0.0; 0.0; 0.0; 0.0; 0.0; 0.0; 0.0; 0.0; 0.0; 0.0; 0.0; 0.0; 0.0; 0.0; 0.0; 0.0; 0.0; 0.0; 0.0; 0.0; 0; 0; 0.0; 0.0; 1; 1.41894822758e-18; -2.89231529716e-23; 8.89384594617e-20; 0; 0; 0; 0; 0.0; 0.0; 0.0; -1.0; 0.0; 0.0; 0.0; 0.0; 0.0; 1.0;0; 0;0; 0; 
0.963601112366; 90503; 0.0; 0.0; -0.0087192; 0.0; 0.0; 0.0; 0.0; 0.0; 0.0; 0.0; 0.0; 0.0; 0.0; 0.0; 0.0; 0.0; 0.0; 0.0; 0.0; 0.0; 0.0; 0.0; 0.0; 0.0; 0; 0; 0.0; 0.0; 1; 1.41894822758e-18; -2.89231529716e-23; 8.89384594617e-20; 0; 0; 0; 0; 0.0; 0.0; 0.0; -1.0; 0.0; 0.0; 0.0; 0.0; 0.0; 1.0;0; 0;0; 0; 
0.97533416748; 90508; 0.0; 0.0; -0.0086713; 0.0; 0.0; 0.0; 0.0; 0.0; 0.0; 0.0; 0.0; 0.0; 0.0; 0.0; 0.0; 0.0; 0.0; 0.0; 0.0; 0.0; 0.0; 0.0; 0.0; 0.0; 0; 0; 0.0; 0.0; 1; 1.41894822758e-18; -2.89231529716e-23; 8.89384594617e-20; 0; 0; 0; 0; 0.0; 0.0; 0.0; -1.0; 0.0; 0.0; 0.0; 0.0; 0.0; 1.0;0; 0;0; 0; 
0.986819028854; 90513; 0.0; 0.0; -0.0086211; 0.0; 0.0; 0.0; 0.0; 0.0; 0.0; 0.0; 0.0; 0.0; 0.0; 0.0; 0.0; 0.0; 0.0; 0.0; 0.0; 0.0; 0.0; 0.0; 0.0; 0.0; 0; 0; 0.0; 0.0; 1; 1.41894822758e-18; -2.89231529716e-23; 8.89384594617e-20; 0; 0; 0; 0; 0.0; 0.0; 0.0; -1.0; 0.0; 0.0; 0.0; 0.0; 0.0; 1.0;0; 0;0; 0; 
0.999662160873; 90518; 0.0; 0.0; -0.0085485; 0.0; 0.0; 0.0; 0.0; 0.0; 0.0; 0.0; 0.0; 0.0; 0.0; 0.0; 0.0; 0.0; 0.0; 0.0; 0.0; 0.0; 0.0; 0.0; 0.0; 0.0; 0; 0; 0.0; 0.0; 1; 1.41894822758e-18; -2.89231529716e-23; 8.89384594617e-20; 0; 0; 0; 0; 0.0; 0.0; 0.0; -1.0; 0.0; 0.0; 0.0; 0.0; 0.0; 1.0;0; 0;0; 0; 
1.01273703575; 90523; 0.0; 0.0; -0.0084684; 0.0; 0.0; 0.0; 0.0; 0.0; 0.0; 0.0; 0.0; 0.0; 0.0; 0.0; 0.0; 0.0; 0.0; 0.0; 0.0; 0.0; 0.0; 0.0; 0.0; 0.0; 0; 0; 0.0; 0.0; 1; 1.41894822758e-18; -2.89231529716e-23; 8.89384594617e-20; 0; 0; 0; 0; 0.0; 0.0; 0.0; -1.0; 0.0; 0.0; 0.0; 0.0; 0.0; 1.0;0; 0;0; 0; 
1.02620315552; 90528; 0.0; 0.0; -0.0084101; 0.0; 0.0; 0.0; 0.0; 0.0; 0.0; 0.0; 0.0; 0.0; 0.0; 0.0; 0.0; 0.0; 0.0; 0.0; 0.0; 0.0; 0.0; 0.0; 0.0; 0.0; 0; 0; 0.0; 0.0; 1; 1.41894822758e-18; -2.89231529716e-23; 8.89384594617e-20; 0; 0; 0; 0; 0.0; 0.0; 0.0; -1.0; 0.0; 0.0; 0.0; 0.0; 0.0; 1.0;0; 0;0; 0; 
1.03844118118; 90533; 0.0; 0.0; -0.0083653; 0.0; 0.0; 0.0; 0.0; 0.0; 0.0; 0.0; 0.0; 0.0; 0.0; 0.0; 0.0; 0.0; 0.0; 0.0; 0.0; 0.0; 0.0; 0.0; 0.0; 0.0; 0; 0; 0.0; 0.0; 1; 1.41894822758e-18; -2.89231529716e-23; 8.89384594617e-20; 0; 0; 0; 0; 0.0; 0.0; 0.0; -1.0; 0.0; 0.0; 0.0; 0.0; 0.0; 1.0;0; 0;0; 0; 
1.04946112633; 90538; 0.0; 0.0; -0.0083336; 0.0; 0.0; 0.0; 0.0; 0.0; 0.0; 0.0; 0.0; 0.0; 0.0; 0.0; 0.0; 0.0; 0.0; 0.0; 0.0; 0.0; 0.0; 0.0; 0.0; 0.0; 0; 0; 0.0; 0.0; 1; 1.41894822758e-18; -2.89231529716e-23; 8.89384594617e-20; 0; 0; 0; 0; 0.0; 0.0; 0.0; -1.0; 0.0; 0.0; 0.0; 0.0; 0.0; 1.0;0; 0;0; 0; 
1.06090712547; 90543; 0.0; 0.0; -0.0083264; 0.0; 0.0; 0.0; 0.0; 0.0; 0.0; 0.0; 0.0; 0.0; 0.0; 0.0; 0.0; 0.0; 0.0; 0.0; 0.0; 0.0; 0.0; 0.0; 0.0; 0.0; 0; 0; 0.0; 0.0; 1; 1.41894822758e-18; -2.89231529716e-23; 8.89384594617e-20; 0; 0; 0; 0; 0.0; 0.0; 0.0; -1.0; 0.0; 0.0; 0.0; 0.0; 0.0; 1.0;0; 0;0; 0; 
1.07274508476; 90548; 0.0; 0.0; -0.0083339; 0.0; 0.0; 0.0; 0.0; 0.0; 0.0; 0.0; 0.0; 0.0; 0.0; 0.0; 0.0; 0.0; 0.0; 0.0; 0.0; 0.0; 0.0; 0.0; 0.0; 0.0; 0; 0; 0.0; 0.0; 1; 1.41894822758e-18; -2.89231529716e-23; 8.89384594617e-20; 0; 0; 0; 0; 0.0; 0.0; 0.0; -1.0; 0.0; 0.0; 0.0; 0.0; 0.0; 1.0;0; 0;0; 0; 
1.08495116234; 90553; 0.0; 0.0; -0.0083873; 0.0; 0.0; 0.0; 0.0; 0.0; 0.0; 0.0; 0.0; 0.0; 0.0; 0.0; 0.0; 0.0; 0.0; 0.0; 0.0; 0.0; 0.0; 0.0; 0.0; 0.0; 0; 0; 0.0; 0.0; 1; 1.41894822758e-18; -2.89231529716e-23; 8.89384594617e-20; 0; 0; 0; 0; 0.0; 0.0; 0.0; -1.0; 0.0; 0.0; 0.0; 0.0; 0.0; 1.0;0; 0;0; 0; 
1.09779620171; 90558; 0.0; 0.0; -0.0084617; 0.0; 0.0; 0.0; 0.0; 0.0; 0.0; 0.0; 0.0; 0.0; 0.0; 0.0; 0.0; 0.0; 0.0; 0.0; 0.0; 0.0; 0.0; 0.0; 0.0; 0.0; 0; 0; 0.0; 0.0; 1; 1.41894822758e-18; -2.89231529716e-23; 8.89384594617e-20; 0; 0; 0; 0; 0.0; 0.0; 0.0; -1.0; 0.0; 0.0; 0.0; 0.0; 0.0; 1.0;0; 0;0; 0; 
1.11108207703; 90563; 0.0; 0.0; -0.0085598; 0.0; 0.0; 0.0; 0.0; 0.0; 0.0; 0.0; 0.0; 0.0; 0.0; 0.0; 0.0; 0.0; 0.0; 0.0; 0.0; 0.0; 0.0; 0.0; 0.0; 0.0; 0; 0; 0.0; 0.0; 1; 1.41894822758e-18; -2.89231529716e-23; 8.89384594617e-20; 0; 0; 0; 0; 0.0; 0.0; 0.0; -1.0; 0.0; 0.0; 0.0; 0.0; 0.0; 1.0;0; 0;0; 0; 
1.12265014648; 90568; 0.0; 0.0; -0.0086348; 0.0; 0.0; 0.0; 0.0; 0.0; 0.0; 0.0; 0.0; 0.0; 0.0; 0.0; 0.0; 0.0; 0.0; 0.0; 0.0; 0.0; 0.0; 0.0; 0.0; 0.0; 0; 0; 0.0; 0.0; 1; 1.41894822758e-18; -2.89231529716e-23; 8.89384594617e-20; 0; 0; 0; 0; 0.0; 0.0; 0.0; -1.0; 0.0; 0.0; 0.0; 0.0; 0.0; 1.0;0; 0;0; 0; 
1.1352930069; 90573; 0.0; 0.0; -0.0087055; 0.0; 0.0; 0.0; 0.0; 0.0; 0.0; 0.0; 0.0; 0.0; 0.0; 0.0; 0.0; 0.0; 0.0; 0.0; 0.0; 0.0; 0.0; 0.0; 0.0; 0.0; 0; 0; 0.0; 0.0; 1; 1.41894822758e-18; -2.89231529716e-23; 8.89384594617e-20; 0; 0; 0; 0; 0.0; 0.0; 0.0; -1.0; 0.0; 0.0; 0.0; 0.0; 0.0; 1.0;0; 0;0; 0; 
1.14739012718; 90578; 0.0; 0.0; -0.0087663; 0.0; 0.0; 0.0; 0.0; 0.0; 0.0; 0.0; 0.0; 0.0; 0.0; 0.0; 0.0; 0.0; 0.0; 0.0; 0.0; 0.0; 0.0; 0.0; 0.0; 0.0; 0; 0; 0.0; 0.0; 1; 1.41894822758e-18; -2.89231529716e-23; 8.89384594617e-20; 0; 0; 0; 0; 0.0; 0.0; 0.0; -1.0; 0.0; 0.0; 0.0; 0.0; 0.0; 1.0;0; 0;0; 0; 
1.15914011002; 90583; 0.0; 0.0; -0.0088087; 0.0; 0.0; 0.0; 0.0; 0.0; 0.0; 0.0; 0.0; 0.0; 0.0; 0.0; 0.0; 0.0; 0.0; 0.0; 0.0; 0.0; 0.0; 0.0; 0.0; 0.0; 0; 0; 0.0; 0.0; 1; 1.41894822758e-18; -2.89231529716e-23; 8.89384594617e-20; 0; 0; 0; 0; 0.0; 0.0; 0.0; -1.0; 0.0; 0.0; 0.0; 0.0; 0.0; 1.0;0; 0;0; 0; 
1.17187714577; 90588; 0.0; 0.0; -0.0088205; 0.0; 0.0; 0.0; 0.0; 0.0; 0.0; 0.0; 0.0; 0.0; 0.0; 0.0; 0.0; 0.0; 0.0; 0.0; 0.0; 0.0; 0.0; 0.0; 0.0; 0.0; 0; 0; 0.0; 0.0; 1; 1.41894822758e-18; -2.89231529716e-23; 8.89384594617e-20; 0; 0; 0; 0; 0.0; 0.0; 0.0; -1.0; 0.0; 0.0; 0.0; 0.0; 0.0; 1.0;0; 0;0; 0; 
1.18371701241; 90593; 0.0; 0.0; -0.0088182; 0.0; 0.0; 0.0; 0.0; 0.0; 0.0; 0.0; 0.0; 0.0; 0.0; 0.0; 0.0; 0.0; 0.0; 0.0; 0.0; 0.0; 0.0; 0.0; 0.0; 0.0; 0; 0; 0.0; 0.0; 1; 1.41894822758e-18; -2.89231529716e-23; 8.89384594617e-20; 0; 0; 0; 0; 0.0; 0.0; 0.0; -1.0; 0.0; 0.0; 0.0; 0.0; 0.0; 1.0;0; 0;0; 0; 
1.19779801369; 90598; 0.0; 0.0; -0.0088151; 0.0; 0.0; 0.0; 0.0; 0.0; 0.0; 0.0; 0.0; 0.0; 0.0; 0.0; 0.0; 0.0; 0.0; 0.0; 0.0; 0.0; 0.0; 0.0; 0.0; 0.0; 0; 0; 0.0; 0.0; 1; 1.41894822758e-18; -2.89231529716e-23; 8.89384594617e-20; 0; 0; 0; 0; 0.0; 0.0; 0.0; -1.0; 0.0; 0.0; 0.0; 0.0; 0.0; 1.0;0; 0;0; 0; 
1.20890212059; 90603; 0.0; 0.0; -0.0088087; 0.0; 0.0; 0.0; 0.0; 0.0; 0.0; 0.0; 0.0; 0.0; 0.0; 0.0; 0.0; 0.0; 0.0; 0.0; 0.0; 0.0; 0.0; 0.0; 0.0; 0.0; 0; 0; 0.0; 0.0; 1; 1.41894822758e-18; -2.89231529716e-23; 8.89384594617e-20; 0; 0; 0; 0; 0.0; 0.0; 0.0; -1.0; 0.0; 0.0; 0.0; 0.0; 0.0; 1.0;0; 0;0; 0; 
1.22139501572; 90608; 0.0; 0.0; -0.008795; 0.0; 0.0; 0.0; 0.0; 0.0; 0.0; 0.0; 0.0; 0.0; 0.0; 0.0; 0.0; 0.0; 0.0; 0.0; 0.0; 0.0; 0.0; 0.0; 0.0; 0.0; 0; 0; 0.0; 0.0; 1; 1.41894822758e-18; -2.89231529716e-23; 8.89384594617e-20; 0; 0; 0; 0; 0.0; 0.0; 0.0; -1.0; 0.0; 0.0; 0.0; 0.0; 0.0; 1.0;0; 0;0; 0; 
1.23357796669; 90613; 0.0; 0.0; -0.0088054; 0.0; 0.0; 0.0; 0.0; 0.0; 0.0; 0.0; 0.0; 0.0; 0.0; 0.0; 0.0; 0.0; 0.0; 0.0; 0.0; 0.0; 0.0; 0.0; 0.0; 0.0; 0; 0; 0.0; 0.0; 1; 1.41894822758e-18; -2.89231529716e-23; 8.89384594617e-20; 0; 0; 0; 0; 0.0; 0.0; 0.0; -1.0; 0.0; 0.0; 0.0; 0.0; 0.0; 1.0;0; 0;0; 0; 
1.2454020977; 90618; 0.0; 0.0; -0.0088579; 0.0; 0.0; 0.0; 0.0; 0.0; 0.0; 0.0; 0.0; 0.0; 0.0; 0.0; 0.0; 0.0; 0.0; 0.0; 0.0; 0.0; 0.0; 0.0; 0.0; 0.0; 0; 0; 0.0; 0.0; 1; 1.41894822758e-18; -2.89231529716e-23; 8.89384594617e-20; 0; 0; 0; 0; 0.0; 0.0; 0.0; -1.0; 0.0; 0.0; 0.0; 0.0; 0.0; 1.0;0; 0;0; 0; 
1.25849819183; 90623; 0.0; 0.0; -0.0089164; 0.0; 0.0; 0.0; 0.0; 0.0; 0.0; 0.0; 0.0; 0.0; 0.0; 0.0; 0.0; 0.0; 0.0; 0.0; 0.0; 0.0; 0.0; 0.0; 0.0; 0.0; 0; 0; 0.0; 0.0; 1; 1.41894822758e-18; -2.89231529716e-23; 8.89384594617e-20; 0; 0; 0; 0; 0.0; 0.0; 0.0; -1.0; 0.0; 0.0; 0.0; 0.0; 0.0; 1.0;0; 0;0; 0; 
1.27020406723; 90628; 0.0; 0.0; -0.0089599; 0.0; 0.0; 0.0; 0.0; 0.0; 0.0; 0.0; 0.0; 0.0; 0.0; 0.0; 0.0; 0.0; 0.0; 0.0; 0.0; 0.0; 0.0; 0.0; 0.0; 0.0; 0; 0; 0.0; 0.0; 1; 1.41894822758e-18; -2.89231529716e-23; 8.89384594617e-20; 0; 0; 0; 0; 0.0; 0.0; 0.0; -1.0; 0.0; 0.0; 0.0; 0.0; 0.0; 1.0;0; 0;0; 0; 
1.28297710419; 90633; 0.0; 0.0; -0.0089883; 0.0; 0.0; 0.0; 0.0; 0.0; 0.0; 0.0; 0.0; 0.0; 0.0; 0.0; 0.0; 0.0; 0.0; 0.0; 0.0; 0.0; 0.0; 0.0; 0.0; 0.0; 0; 0; 0.0; 0.0; 1; 1.41894822758e-18; -2.89231529716e-23; 8.89384594617e-20; 0; 0; 0; 0; 0.0; 0.0; 0.0; -1.0; 0.0; 0.0; 0.0; 0.0; 0.0; 1.0;0; 0;0; 0; 
1.29309606552; 90638; 0.0; 0.0; -0.0090226; 0.0; 0.0; 0.0; 0.0; 0.0; 0.0; 0.0; 0.0; 0.0; 0.0; 0.0; 0.0; 0.0; 0.0; 0.0; 0.0; 0.0; 0.0; 0.0; 0.0; 0.0; 0; 0; 0.0; 0.0; 1; 1.41894822758e-18; -2.89231529716e-23; 8.89384594617e-20; 0; 0; 0; 0; 0.0; 0.0; 0.0; -1.0; 0.0; 0.0; 0.0; 0.0; 0.0; 1.0;0; 0;0; 0; 
1.30420207977; 90643; 0.0; 0.0; -0.0090429; 0.0; 0.0; 0.0; 0.0; 0.0; 0.0; 0.0; 0.0; 0.0; 0.0; 0.0; 0.0; 0.0; 0.0; 0.0; 0.0; 0.0; 0.0; 0.0; 0.0; 0.0; 0; 0; 0.0; 0.0; 1; 1.41894822758e-18; -2.89231529716e-23; 8.89384594617e-20; 0; 0; 0; 0; 0.0; 0.0; 0.0; -1.0; 0.0; 0.0; 0.0; 0.0; 0.0; 1.0;0; 0;0; 0; 
1.31574296951; 90648; 0.0; 0.0; -0.0090145; 0.0; 0.0; 0.0; 0.0; 0.0; 0.0; 0.0; 0.0; 0.0; 0.0; 0.0; 0.0; 0.0; 0.0; 0.0; 0.0; 0.0; 0.0; 0.0; 0.0; 0.0; 0; 0; 0.0; 0.0; 1; 1.41894822758e-18; -2.89231529716e-23; 8.89384594617e-20; 0; 0; 0; 0; 0.0; 0.0; 0.0; -1.0; 0.0; 0.0; 0.0; 0.0; 0.0; 1.0;0; 0;0; 0; 
1.32900810242; 90653; 0.0; 0.0; -0.0089371; 0.0; 0.0; 0.0; 0.0; 0.0; 0.0; 0.0; 0.0; 0.0; 0.0; 0.0; 0.0; 0.0; 0.0; 0.0; 0.0; 0.0; 0.0; 0.0; 0.0; 0.0; 0; 0; 0.0; 0.0; 1; 1.41894822758e-18; -2.89231529716e-23; 8.89384594617e-20; 0; 0; 0; 0; 0.0; 0.0; 0.0; -1.0; 0.0; 0.0; 0.0; 0.0; 0.0; 1.0;0; 0;0; 0; 
1.34135913849; 90658; 0.0; 0.0; -0.0088682; 0.0; 0.0; 0.0; 0.0; 0.0; 0.0; 0.0; 0.0; 0.0; 0.0; 0.0; 0.0; 0.0; 0.0; 0.0; 0.0; 0.0; 0.0; 0.0; 0.0; 0.0; 0; 0; 0.0; 0.0; 1; 1.41894822758e-18; -2.89231529716e-23; 8.89384594617e-20; 0; 0; 0; 0; 0.0; 0.0; 0.0; -1.0; 0.0; 0.0; 0.0; 0.0; 0.0; 1.0;0; 0;0; 0; 
1.35227108002; 90663; 0.0; 0.0; -0.0088126; 0.0; 0.0; 0.0; 0.0; 0.0; 0.0; 0.0; 0.0; 0.0; 0.0; 0.0; 0.0; 0.0; 0.0; 0.0; 0.0; 0.0; 0.0; 0.0; 0.0; 0.0; 0; 0; 0.0; 0.0; 1; 1.41894822758e-18; -2.89231529716e-23; 8.89384594617e-20; 0; 0; 0; 0; 0.0; 0.0; 0.0; -1.0; 0.0; 0.0; 0.0; 0.0; 0.0; 1.0;0; 0;0; 0; 
1.3642179966; 90668; 0.0; 0.0; -0.0087502; 0.0; 0.0; 0.0; 0.0; 0.0; 0.0; 0.0; 0.0; 0.0; 0.0; 0.0; 0.0; 0.0; 0.0; 0.0; 0.0; 0.0; 0.0; 0.0; 0.0; 0.0; 0; 0; 0.0; 0.0; 1; 1.41894822758e-18; -2.89231529716e-23; 8.89384594617e-20; 0; 0; 0; 0; 0.0; 0.0; 0.0; -1.0; 0.0; 0.0; 0.0; 0.0; 0.0; 1.0;0; 0;0; 0; 
1.37587404251; 90673; 0.0; 0.0; -0.0086746; 0.0; 0.0; 0.0; 0.0; 0.0; 0.0; 0.0; 0.0; 0.0; 0.0; 0.0; 0.0; 0.0; 0.0; 0.0; 0.0; 0.0; 0.0; 0.0; 0.0; 0.0; 0; 0; 0.0; 0.0; 1; 1.41894822758e-18; -2.89231529716e-23; 8.89384594617e-20; 0; 0; 0; 0; 0.0; 0.0; 0.0; -1.0; 0.0; 0.0; 0.0; 0.0; 0.0; 1.0;0; 0;0; 0; 
1.38779616356; 90678; 0.0; 0.0; -0.0086268; 0.0; 0.0; 0.0; 0.0; 0.0; 0.0; 0.0; 0.0; 0.0; 0.0; 0.0; 0.0; 0.0; 0.0; 0.0; 0.0; 0.0; 0.0; 0.0; 0.0; 0.0; 0; 0; 0.0; 0.0; 1; 1.41894822758e-18; -2.89231529716e-23; 8.89384594617e-20; 0; 0; 0; 0; 0.0; 0.0; 0.0; -1.0; 0.0; 0.0; 0.0; 0.0; 0.0; 1.0;0; 0;0; 0; 
1.39968299866; 90683; 0.0; 0.0; -0.0086237; 0.0; 0.0; 0.0; 0.0; 0.0; 0.0; 0.0; 0.0; 0.0; 0.0; 0.0; 0.0; 0.0; 0.0; 0.0; 0.0; 0.0; 0.0; 0.0; 0.0; 0.0; 0; 0; 0.0; 0.0; 1; 1.41894822758e-18; -2.89231529716e-23; 8.89384594617e-20; 0; 0; 0; 0; 0.0; 0.0; 0.0; -1.0; 0.0; 0.0; 0.0; 0.0; 0.0; 1.0;0; 0;0; 0; 
1.41237902641; 90688; 0.0; 0.0; -0.0086242; 0.0; 0.0; 0.0; 0.0; 0.0; 0.0; 0.0; 0.0; 0.0; 0.0; 0.0; 0.0; 0.0; 0.0; 0.0; 0.0; 0.0; 0.0; 0.0; 0.0; 0.0; 0; 0; 0.0; 0.0; 1; 1.41894822758e-18; -2.89231529716e-23; 8.89384594617e-20; 0; 0; 0; 0; 0.0; 0.0; 0.0; -1.0; 0.0; 0.0; 0.0; 0.0; 0.0; 1.0;0; 0;0; 0; 
1.42487716675; 90693; 0.0; 0.0; -0.0086222; 0.0; 0.0; 0.0; 0.0; 0.0; 0.0; 0.0; 0.0; 0.0; 0.0; 0.0; 0.0; 0.0; 0.0; 0.0; 0.0; 0.0; 0.0; 0.0; 0.0; 0.0; 0; 0; 0.0; 0.0; 1; 1.41894822758e-18; -2.89231529716e-23; 8.89384594617e-20; 0; 0; 0; 0; 0.0; 0.0; 0.0; -1.0; 0.0; 0.0; 0.0; 0.0; 0.0; 1.0;0; 0;0; 0; 
1.43627214432; 90698; 0.0; 0.0; -0.0086253; 0.0; 0.0; 0.0; 0.0; 0.0; 0.0; 0.0; 0.0; 0.0; 0.0; 0.0; 0.0; 0.0; 0.0; 0.0; 0.0; 0.0; 0.0; 0.0; 0.0; 0.0; 0; 0; 0.0; 0.0; 1; 1.41894822758e-18; -2.89231529716e-23; 8.89384594617e-20; 0; 0; 0; 0; 0.0; 0.0; 0.0; -1.0; 0.0; 0.0; 0.0; 0.0; 0.0; 1.0;0; 0;0; 0; 
1.4474811554; 90703; 0.0; 0.0; -0.0086416; 0.0; 0.0; 0.0; 0.0; 0.0; 0.0; 0.0; 0.0; 0.0; 0.0; 0.0; 0.0; 0.0; 0.0; 0.0; 0.0; 0.0; 0.0; 0.0; 0.0; 0.0; 0; 0; 0.0; 0.0; 1; 1.41894822758e-18; -2.89231529716e-23; 8.89384594617e-20; 0; 0; 0; 0; 0.0; 0.0; 0.0; -1.0; 0.0; 0.0; 0.0; 0.0; 0.0; 1.0;0; 0;0; 0; 
1.45866417885; 90708; 0.0; 0.0; -0.0086798; 0.0; 0.0; 0.0; 0.0; 0.0; 0.0; 0.0; 0.0; 0.0; 0.0; 0.0; 0.0; 0.0; 0.0; 0.0; 0.0; 0.0; 0.0; 0.0; 0.0; 0.0; 0; 0; 0.0; 0.0; 1; 1.41894822758e-18; -2.89231529716e-23; 8.89384594617e-20; 0; 0; 0; 0; 0.0; 0.0; 0.0; -1.0; 0.0; 0.0; 0.0; 0.0; 0.0; 1.0;0; 0;0; 0; 
1.46954011917; 90713; 0.0; 0.0; -0.008717; 0.0; 0.0; 0.0; 0.0; 0.0; 0.0; 0.0; 0.0; 0.0; 0.0; 0.0; 0.0; 0.0; 0.0; 0.0; 0.0; 0.0; 0.0; 0.0; 0.0; 0.0; 0; 0; 0.0; 0.0; 1; 1.41894822758e-18; -2.89231529716e-23; 8.89384594617e-20; 0; 0; 0; 0; 0.0; 0.0; 0.0; -1.0; 0.0; 0.0; 0.0; 0.0; 0.0; 1.0;0; 0;0; 0; 
1.48139119148; 90718; 0.0; 0.0; -0.008755; 0.0; 0.0; 0.0; 0.0; 0.0; 0.0; 0.0; 0.0; 0.0; 0.0; 0.0; 0.0; 0.0; 0.0; 0.0; 0.0; 0.0; 0.0; 0.0; 0.0; 0.0; 0; 0; 0.0; 0.0; 1; 1.41894822758e-18; -2.89231529716e-23; 8.89384594617e-20; 0; 0; 0; 0; 0.0; 0.0; 0.0; -1.0; 0.0; 0.0; 0.0; 0.0; 0.0; 1.0;0; 0;0; 0; 
1.49439406395; 90723; 0.0; 0.0; -0.0087746; 0.0; 0.0; 0.0; 0.0; 0.0; 0.0; 0.0; 0.0; 0.0; 0.0; 0.0; 0.0; 0.0; 0.0; 0.0; 0.0; 0.0; 0.0; 0.0; 0.0; 0.0; 0; 0; 0.0; 0.0; 1; 1.41894822758e-18; -2.89231529716e-23; 8.89384594617e-20; 0; 0; 0; 0; 0.0; 0.0; 0.0; -1.0; 0.0; 0.0; 0.0; 0.0; 0.0; 1.0;0; 0;0; 0; 
1.50620913506; 90728; 0.0; 0.0; -0.0087912; 0.0; 0.0; 0.0; 0.0; 0.0; 0.0; 0.0; 0.0; 0.0; 0.0; 0.0; 0.0; 0.0; 0.0; 0.0; 0.0; 0.0; 0.0; 0.0; 0.0; 0.0; 0; 0; 0.0; 0.0; 1; 1.41894822758e-18; -2.89231529716e-23; 8.89384594617e-20; 0; 0; 0; 0; 0.0; 0.0; 0.0; -1.0; 0.0; 0.0; 0.0; 0.0; 0.0; 1.0;0; 0;0; 0; 
1.51830005646; 90733; 0.0; 0.0; -0.0088359; 0.0; 0.0; 0.0; 0.0; 0.0; 0.0; 0.0; 0.0; 0.0; 0.0; 0.0; 0.0; 0.0; 0.0; 0.0; 0.0; 0.0; 0.0; 0.0; 0.0; 0.0; 0; 0; 0.0; 0.0; 1; 1.41894822758e-18; -2.89231529716e-23; 8.89384594617e-20; 0; 0; 0; 0; 0.0; 0.0; 0.0; -1.0; 0.0; 0.0; 0.0; 0.0; 0.0; 1.0;0; 0;0; 0; 
1.53028202057; 90738; 0.0; 0.0; -0.0088773; 0.0; 0.0; 0.0; 0.0; 0.0; 0.0; 0.0; 0.0; 0.0; 0.0; 0.0; 0.0; 0.0; 0.0; 0.0; 0.0; 0.0; 0.0; 0.0; 0.0; 0.0; 0; 0; 0.0; 0.0; 1; 1.41894822758e-18; -2.89231529716e-23; 8.89384594617e-20; 0; 0; 0; 0; 0.0; 0.0; 0.0; -1.0; 0.0; 0.0; 0.0; 0.0; 0.0; 1.0;0; 0;0; 0; 
1.54223704338; 90744; 0.0; 0.0; -0.008878; 0.0; 0.0; 0.0; 0.0; 0.0; 0.0; 0.0; 0.0; 0.0; 0.0; 0.0; 0.0; 0.0; 0.0; 0.0; 0.0; 0.0; 0.0; 0.0; 0.0; 0.0; 0; 0; 0.0; 0.0; 1; 1.41894822758e-18; -2.89231529716e-23; 8.89384594617e-20; 0; 0; 0; 0; 0.0; 0.0; 0.0; -1.0; 0.0; 0.0; 0.0; 0.0; 0.0; 1.0;0; 0;0; 0; 
1.55501413345; 90749; 0.0; 0.0; -0.0088616; 0.0; 0.0; 0.0; 0.0; 0.0; 0.0; 0.0; 0.0; 0.0; 0.0; 0.0; 0.0; 0.0; 0.0; 0.0; 0.0; 0.0; 0.0; 0.0; 0.0; 0.0; 0; 0; 0.0; 0.0; 1; 1.41894822758e-18; -2.89231529716e-23; 8.89384594617e-20; 0; 0; 0; 0; 0.0; 0.0; 0.0; -1.0; 0.0; 0.0; 0.0; 0.0; 0.0; 1.0;0; 0;0; 0; 
1.56698012352; 90754; 0.0; 0.0; -0.008855; 0.0; 0.0; 0.0; 0.0; 0.0; 0.0; 0.0; 0.0; 0.0; 0.0; 0.0; 0.0; 0.0; 0.0; 0.0; 0.0; 0.0; 0.0; 0.0; 0.0; 0.0; 0; 0; 0.0; 0.0; 1; 1.41894822758e-18; -2.89231529716e-23; 8.89384594617e-20; 0; 0; 0; 0; 0.0; 0.0; 0.0; -1.0; 0.0; 0.0; 0.0; 0.0; 0.0; 1.0;0; 0;0; 0; 
1.57907414436; 90759; 0.0; 0.0; -0.008892; 0.0; 0.0; 0.0; 0.0; 0.0; 0.0; 0.0; 0.0; 0.0; 0.0; 0.0; 0.0; 0.0; 0.0; 0.0; 0.0; 0.0; 0.0; 0.0; 0.0; 0.0; 0; 0; 0.0; 0.0; 1; 1.41894822758e-18; -2.89231529716e-23; 8.89384594617e-20; 0; 0; 0; 0; 0.0; 0.0; 0.0; -1.0; 0.0; 0.0; 0.0; 0.0; 0.0; 1.0;0; 0;0; 0; 
1.59166812897; 90764; 0.0; 0.0; -0.0089023; 0.0; 0.0; 0.0; 0.0; 0.0; 0.0; 0.0; 0.0; 0.0; 0.0; 0.0; 0.0; 0.0; 0.0; 0.0; 0.0; 0.0; 0.0; 0.0; 0.0; 0.0; 0; 0; 0.0; 0.0; 1; 1.41894822758e-18; -2.89231529716e-23; 8.89384594617e-20; 0; 0; 0; 0; 0.0; 0.0; 0.0; -1.0; 0.0; 0.0; 0.0; 0.0; 0.0; 1.0;0; 0;0; 0; 
1.60421609879; 90769; 0.0; 0.0; -0.0088878; 0.0; 0.0; 0.0; 0.0; 0.0; 0.0; 0.0; 0.0; 0.0; 0.0; 0.0; 0.0; 0.0; 0.0; 0.0; 0.0; 0.0; 0.0; 0.0; 0.0; 0.0; 0; 0; 0.0; 0.0; 1; 1.41894822758e-18; -2.89231529716e-23; 8.89384594617e-20; 0; 0; 0; 0; 0.0; 0.0; 0.0; -1.0; 0.0; 0.0; 0.0; 0.0; 0.0; 1.0;0; 0;0; 0; 
1.61534118652; 90774; 0.0; 0.0; -0.0088752; 0.0; 0.0; 0.0; 0.0; 0.0; 0.0; 0.0; 0.0; 0.0; 0.0; 0.0; 0.0; 0.0; 0.0; 0.0; 0.0; 0.0; 0.0; 0.0; 0.0; 0.0; 0; 0; 0.0; 0.0; 1; 1.41894822758e-18; -2.89231529716e-23; 8.89384594617e-20; 0; 0; 0; 0; 0.0; 0.0; 0.0; -1.0; 0.0; 0.0; 0.0; 0.0; 0.0; 1.0;0; 0;0; 0; 
1.62643504143; 90779; 0.0; 0.0; -0.0089076; 0.0; 0.0; 0.0; 0.0; 0.0; 0.0; 0.0; 0.0; 0.0; 0.0; 0.0; 0.0; 0.0; 0.0; 0.0; 0.0; 0.0; 0.0; 0.0; 0.0; 0.0; 0; 0; 0.0; 0.0; 1; 1.41894822758e-18; -2.89231529716e-23; 8.89384594617e-20; 0; 0; 0; 0; 0.0; 0.0; 0.0; -1.0; 0.0; 0.0; 0.0; 0.0; 0.0; 1.0;0; 0;0; 0; 
1.63735604286; 90784; 0.0; 0.0; -0.0089562; 0.0; 0.0; 0.0; 0.0; 0.0; 0.0; 0.0; 0.0; 0.0; 0.0; 0.0; 0.0; 0.0; 0.0; 0.0; 0.0; 0.0; 0.0; 0.0; 0.0; 0.0; 0; 0; 0.0; 0.0; 1; 1.41894822758e-18; -2.89231529716e-23; 8.89384594617e-20; 0; 0; 0; 0; 0.0; 0.0; 0.0; -1.0; 0.0; 0.0; 0.0; 0.0; 0.0; 1.0;0; 0;0; 0; 
1.6490650177; 90789; 0.0; 0.0; -0.0089695; 0.0; 0.0; 0.0; 0.0; 0.0; 0.0; 0.0; 0.0; 0.0; 0.0; 0.0; 0.0; 0.0; 0.0; 0.0; 0.0; 0.0; 0.0; 0.0; 0.0; 0.0; 0; 0; 0.0; 0.0; 1; 1.41840903614e-18; -2.13346737571e-23; 8.8939078758e-20; 0; 0; 0; 0; 0.0; 0.0; 0.0; -1.0; 0.0; 0.0; 0.0; 0.0; 0.0; 1.0;0; 0;0; 0; 
1.6605591774; 90794; 0.0; 0.0; -0.0089766; 0.0; 0.0; 0.0; 0.0; 0.0; 0.0; 0.0; 0.0; 0.0; 0.0; 0.0; 0.0; 0.0; 0.0; 0.0; 0.0; 0.0; 0.0; 0.0; 0.0; 0.0; 0; 0; 0.0; 0.0; 1; 1.41840903614e-18; -2.13346737571e-23; 8.8939078758e-20; 0; 0; 0; 0; 0.0; 0.0; 0.0; -1.0; 0.0; 0.0; 0.0; 0.0; 0.0; 1.0;0; 0;0; 0; 
1.66979312897; 90799; 0.0; 0.0; -0.008979; 0.0; 0.0; 0.0; 0.0; 0.0; 0.0; 0.0; 0.0; 0.0; 0.0; 0.0; 0.0; 0.0; 0.0; 0.0; 0.0; 0.0; 0.0; 0.0; 0.0; 0.0; 0; 0; 0.0; 0.0; 1; 1.41840903614e-18; -2.13346737571e-23; 8.8939078758e-20; 0; 0; 0; 0; 0.0; 0.0; 0.0; -1.0; 0.0; 0.0; 0.0; 0.0; 0.0; 1.0;0; 0;0; 0; 
1.68125104904; 90804; 0.0; 0.0; -0.0089717; 0.0; 0.0; 0.0; 0.0; 0.0; 0.0; 0.0; 0.0; 0.0; 0.0; 0.0; 0.0; 0.0; 0.0; 0.0; 0.0; 0.0; 0.0; 0.0; 0.0; 0.0; 0; 0; 0.0; 0.0; 1; 1.41840903614e-18; -2.13346737571e-23; 8.8939078758e-20; 0; 0; 0; 0; 0.0; 0.0; 0.0; -1.0; 0.0; 0.0; 0.0; 0.0; 0.0; 1.0;0; 0;0; 0; 
1.69241905212; 90809; 0.0; 0.0; -0.0089558; 0.0; 0.0; 0.0; 0.0; 0.0; 0.0; 0.0; 0.0; 0.0; 0.0; 0.0; 0.0; 0.0; 0.0; 0.0; 0.0; 0.0; 0.0; 0.0; 0.0; 0.0; 0; 0; 0.0; 0.0; 1; 1.41840903614e-18; -2.13346737571e-23; 8.8939078758e-20; 0; 0; 0; 0; 0.0; 0.0; 0.0; -1.0; 0.0; 0.0; 0.0; 0.0; 0.0; 1.0;0; 0;0; 0; 
1.70345497131; 90814; 0.0; 0.0; -0.0088812; 0.0; 0.0; 0.0; 0.0; 0.0; 0.0; 0.0; 0.0; 0.0; 0.0; 0.0; 0.0; 0.0; 0.0; 0.0; 0.0; 0.0; 0.0; 0.0; 0.0; 0.0; 0; 0; 0.0; 0.0; 1; 1.41840903614e-18; -2.13346737571e-23; 8.8939078758e-20; 0; 0; 0; 0; 0.0; 0.0; 0.0; -1.0; 0.0; 0.0; 0.0; 0.0; 0.0; 1.0;0; 0;0; 0; 
1.71469116211; 90819; 0.0; 0.0; -0.0088096; 0.0; 0.0; 0.0; 0.0; 0.0; 0.0; 0.0; 0.0; 0.0; 0.0; 0.0; 0.0; 0.0; 0.0; 0.0; 0.0; 0.0; 0.0; 0.0; 0.0; 0.0; 0; 0; 0.0; 0.0; 1; 1.41840903614e-18; -2.13346737571e-23; 8.8939078758e-20; 0; 0; 0; 0; 0.0; 0.0; 0.0; -1.0; 0.0; 0.0; 0.0; 0.0; 0.0; 1.0;0; 0;0; 0; 
1.72656702995; 90824; 0.0; 0.0; -0.0087521; 0.0; 0.0; 0.0; 0.0; 0.0; 0.0; 0.0; 0.0; 0.0; 0.0; 0.0; 0.0; 0.0; 0.0; 0.0; 0.0; 0.0; 0.0; 0.0; 0.0; 0.0; 0; 0; 0.0; 0.0; 1; 1.41840903614e-18; -2.13346737571e-23; 8.8939078758e-20; 0; 0; 0; 0; 0.0; 0.0; 0.0; -1.0; 0.0; 0.0; 0.0; 0.0; 0.0; 1.0;0; 0;0; 0; 
1.7373251915; 90829; 0.0; 0.0; -0.0087306; 0.0; 0.0; 0.0; 0.0; 0.0; 0.0; 0.0; 0.0; 0.0; 0.0; 0.0; 0.0; 0.0; 0.0; 0.0; 0.0; 0.0; 0.0; 0.0; 0.0; 0.0; 0; 0; 0.0; 0.0; 1; 1.41840903614e-18; -2.13346737571e-23; 8.8939078758e-20; 0; 0; 0; 0; 0.0; 0.0; 0.0; -1.0; 0.0; 0.0; 0.0; 0.0; 0.0; 1.0;0; 0;0; 0; 
1.74884915352; 90834; 0.0; 0.0; -0.0087237; 0.0; 0.0; 0.0; 0.0; 0.0; 0.0; 0.0; 0.0; 0.0; 0.0; 0.0; 0.0; 0.0; 0.0; 0.0; 0.0; 0.0; 0.0; 0.0; 0.0; 0.0; 0; 0; 0.0; 0.0; 1; 1.41840903614e-18; -2.13346737571e-23; 8.8939078758e-20; 0; 0; 0; 0; 0.0; 0.0; 0.0; -1.0; 0.0; 0.0; 0.0; 0.0; 0.0; 1.0;0; 0;0; 0; 
1.76064610481; 90839; 0.0; 0.0; -0.0087263; 0.0; 0.0; 0.0; 0.0; 0.0; 0.0; 0.0; 0.0; 0.0; 0.0; 0.0; 0.0; 0.0; 0.0; 0.0; 0.0; 0.0; 0.0; 0.0; 0.0; 0.0; 0; 0; 0.0; 0.0; 1; 1.41840903614e-18; -2.13346737571e-23; 8.8939078758e-20; 0; 0; 0; 0; 0.0; 0.0; 0.0; -1.0; 0.0; 0.0; 0.0; 0.0; 0.0; 1.0;0; 0;0; 0; 
1.77334499359; 90844; 0.0; 0.0; -0.0087637; 0.0; 0.0; 0.0; 0.0; 0.0; 0.0; 0.0; 0.0; 0.0; 0.0; 0.0; 0.0; 0.0; 0.0; 0.0; 0.0; 0.0; 0.0; 0.0; 0.0; 0.0; 0; 0; 0.0; 0.0; 1; 1.41840903614e-18; -2.13346737571e-23; 8.8939078758e-20; 0; 0; 0; 0; 0.0; 0.0; 0.0; -1.0; 0.0; 0.0; 0.0; 0.0; 0.0; 1.0;0; 0;0; 0; 
1.78528118134; 90849; 0.0; 0.0; -0.0088127; 0.0; 0.0; 0.0; 0.0; 0.0; 0.0; 0.0; 0.0; 0.0; 0.0; 0.0; 0.0; 0.0; 0.0; 0.0; 0.0; 0.0; 0.0; 0.0; 0.0; 0.0; 0; 0; 0.0; 0.0; 1; 1.41840903614e-18; -2.13346737571e-23; 8.8939078758e-20; 0; 0; 0; 0; 0.0; 0.0; 0.0; -1.0; 0.0; 0.0; 0.0; 0.0; 0.0; 1.0;0; 0;0; 0; 
1.79905319214; 90854; 0.0; 0.0; -0.0088555; 0.0; 0.0; 0.0; 0.0; 0.0; 0.0; 0.0; 0.0; 0.0; 0.0; 0.0; 0.0; 0.0; 0.0; 0.0; 0.0; 0.0; 0.0; 0.0; 0.0; 0.0; 0; 0; 0.0; 0.0; 1; 1.41840903614e-18; -2.13346737571e-23; 8.8939078758e-20; 0; 0; 0; 0; 0.0; 0.0; 0.0; -1.0; 0.0; 0.0; 0.0; 0.0; 0.0; 1.0;0; 0;0; 0; 
1.80840206146; 90859; 0.0; 0.0; -0.0088868; 0.0; 0.0; 0.0; 0.0; 0.0; 0.0; 0.0; 0.0; 0.0; 0.0; 0.0; 0.0; 0.0; 0.0; 0.0; 0.0; 0.0; 0.0; 0.0; 0.0; 0.0; 0; 0; 0.0; 0.0; 1; 1.41840903614e-18; -2.13346737571e-23; 8.8939078758e-20; 0; 0; 0; 0; 0.0; 0.0; 0.0; -1.0; 0.0; 0.0; 0.0; 0.0; 0.0; 1.0;0; 0;0; 0; 
1.82144713402; 90864; 0.0; 0.0; -0.0089115; 0.0; 0.0; 0.0; 0.0; 0.0; 0.0; 0.0; 0.0; 0.0; 0.0; 0.0; 0.0; 0.0; 0.0; 0.0; 0.0; 0.0; 0.0; 0.0; 0.0; 0.0; 0; 0; 0.0; 0.0; 1; 1.41840903614e-18; -2.13346737571e-23; 8.8939078758e-20; 0; 0; 0; 0; 0.0; 0.0; 0.0; -1.0; 0.0; 0.0; 0.0; 0.0; 0.0; 1.0;0; 0;0; 0; 
1.83362603188; 90869; 0.0; 0.0; -0.0089599; 0.0; 0.0; 0.0; 0.0; 0.0; 0.0; 0.0; 0.0; 0.0; 0.0; 0.0; 0.0; 0.0; 0.0; 0.0; 0.0; 0.0; 0.0; 0.0; 0.0; 0.0; 0; 0; 0.0; 0.0; 1; 1.41840903614e-18; -2.13346737571e-23; 8.8939078758e-20; 0; 0; 0; 0; 0.0; 0.0; 0.0; -1.0; 0.0; 0.0; 0.0; 0.0; 0.0; 1.0;0; 0;0; 0; 
1.84589409828; 90874; 0.0; 0.0; -0.0090043; 0.0; 0.0; 0.0; 0.0; 0.0; 0.0; 0.0; 0.0; 0.0; 0.0; 0.0; 0.0; 0.0; 0.0; 0.0; 0.0; 0.0; 0.0; 0.0; 0.0; 0.0; 0; 0; 0.0; 0.0; 1; 1.41840903614e-18; -2.13346737571e-23; 8.8939078758e-20; 0; 0; 0; 0; 0.0; 0.0; 0.0; -1.0; 0.0; 0.0; 0.0; 0.0; 0.0; 1.0;0; 0;0; 0; 
1.85734701157; 90879; 0.0; 0.0; -0.0090339; 0.0; 0.0; 0.0; 0.0; 0.0; 0.0; 0.0; 0.0; 0.0; 0.0; 0.0; 0.0; 0.0; 0.0; 0.0; 0.0; 0.0; 0.0; 0.0; 0.0; 0.0; 0; 0; 0.0; 0.0; 1; 1.41840903614e-18; -2.13346737571e-23; 8.8939078758e-20; 0; 0; 0; 0; 0.0; 0.0; 0.0; -1.0; 0.0; 0.0; 0.0; 0.0; 0.0; 1.0;0; 0;0; 0; 
1.86786699295; 90884; 0.0; 0.0; -0.0090549; 0.0; 0.0; 0.0; 0.0; 0.0; 0.0; 0.0; 0.0; 0.0; 0.0; 0.0; 0.0; 0.0; 0.0; 0.0; 0.0; 0.0; 0.0; 0.0; 0.0; 0.0; 0; 0; 0.0; 0.0; 1; 1.41840903614e-18; -2.13346737571e-23; 8.8939078758e-20; 0; 0; 0; 0; 0.0; 0.0; 0.0; -1.0; 0.0; 0.0; 0.0; 0.0; 0.0; 1.0;0; 0;0; 0; 
1.87937617302; 90889; 0.0; 0.0; -0.0090625; 0.0; 0.0; 0.0; 0.0; 0.0; 0.0; 0.0; 0.0; 0.0; 0.0; 0.0; 0.0; 0.0; 0.0; 0.0; 0.0; 0.0; 0.0; 0.0; 0.0; 0.0; 0; 0; 0.0; 0.0; 1; 1.41840903614e-18; -2.13346737571e-23; 8.8939078758e-20; 0; 0; 0; 0; 0.0; 0.0; 0.0; -1.0; 0.0; 0.0; 0.0; 0.0; 0.0; 1.0;0; 0;0; 0; 
1.88974308968; 90894; 0.0; 0.0; -0.0090518; 0.0; 0.0; 0.0; 0.0; 0.0; 0.0; 0.0; 0.0; 0.0; 0.0; 0.0; 0.0; 0.0; 0.0; 0.0; 0.0; 0.0; 0.0; 0.0; 0.0; 0.0; 0; 0; 0.0; 0.0; 1; 1.41894870636e-18; -2.89426772201e-23; 8.89384594617e-20; 0; 0; 0; 0; 0.0; 0.0; 0.0; -1.0; 0.0; 0.0; 0.0; 0.0; 0.0; 1.0;0; 0;0; 0; 
1.90079498291; 90899; 0.0; 0.0; -0.0090138; 0.0; 0.0; 0.0; 0.0; 0.0; 0.0; 0.0; 0.0; 0.0; 0.0; 0.0; 0.0; 0.0; 0.0; 0.0; 0.0; 0.0; 0.0; 0.0; 0.0; 0.0; 0; 0; 0.0; 0.0; 1; 1.41894870636e-18; -2.89426772201e-23; 8.89384594617e-20; 0; 0; 0; 0; 0.0; 0.0; 0.0; -1.0; 0.0; 0.0; 0.0; 0.0; 0.0; 1.0;0; 0;0; 0; 
1.91137599945; 90904; 0.0; 0.0; -0.0089546; 0.0; 0.0; 0.0; 0.0; 0.0; 0.0; 0.0; 0.0; 0.0; 0.0; 0.0; 0.0; 0.0; 0.0; 0.0; 0.0; 0.0; 0.0; 0.0; 0.0; 0.0; 0; 0; 0.0; 0.0; 1; 1.41894870636e-18; -2.89426772201e-23; 8.89384594617e-20; 0; 0; 0; 0; 0.0; 0.0; 0.0; -1.0; 0.0; 0.0; 0.0; 0.0; 0.0; 1.0;0; 0;0; 0; 
1.92265605927; 90909; 0.0; 0.0; -0.0089111; 0.0; 0.0; 0.0; 0.0; 0.0; 0.0; 0.0; 0.0; 0.0; 0.0; 0.0; 0.0; 0.0; 0.0; 0.0; 0.0; 0.0; 0.0; 0.0; 0.0; 0.0; 0; 0; 0.0; 0.0; 1; 1.41894870636e-18; -2.89426772201e-23; 8.89384594617e-20; 0; 0; 0; 0; 0.0; 0.0; 0.0; -1.0; 0.0; 0.0; 0.0; 0.0; 0.0; 1.0;0; 0;0; 0; 
1.93432617188; 90914; 0.0; 0.0; -0.0088703; 0.0; 0.0; 0.0; 0.0; 0.0; 0.0; 0.0; 0.0; 0.0; 0.0; 0.0; 0.0; 0.0; 0.0; 0.0; 0.0; 0.0; 0.0; 0.0; 0.0; 0.0; 0; 0; 0.0; 0.0; 1; 1.41894870636e-18; -2.89426772201e-23; 8.89384594617e-20; 0; 0; 0; 0; 0.0; 0.0; 0.0; -1.0; 0.0; 0.0; 0.0; 0.0; 0.0; 1.0;0; 0;0; 0; 
1.94592905045; 90919; 0.0; 0.0; -0.0088451; 0.0; 0.0; 0.0; 0.0; 0.0; 0.0; 0.0; 0.0; 0.0; 0.0; 0.0; 0.0; 0.0; 0.0; 0.0; 0.0; 0.0; 0.0; 0.0; 0.0; 0.0; 0; 0; 0.0; 0.0; 1; 1.41894870636e-18; -2.89426772201e-23; 8.89384594617e-20; 0; 0; 0; 0; 0.0; 0.0; 0.0; -1.0; 0.0; 0.0; 0.0; 0.0; 0.0; 1.0;0; 0;0; 0; 
1.95849704742; 90924; 0.0; 0.0; -0.0088405; 0.0; 0.0; 0.0; 0.0; 0.0; 0.0; 0.0; 0.0; 0.0; 0.0; 0.0; 0.0; 0.0; 0.0; 0.0; 0.0; 0.0; 0.0; 0.0; 0.0; 0.0; 0; 0; 0.0; 0.0; 1; 1.41894870636e-18; -2.89426772201e-23; 8.89384594617e-20; 0; 0; 0; 0; 0.0; 0.0; 0.0; -1.0; 0.0; 0.0; 0.0; 0.0; 0.0; 1.0;0; 0;0; 0; 
1.97081804276; 90929; 0.0; 0.0; -0.0088388; 0.0; 0.0; 0.0; 0.0; 0.0; 0.0; 0.0; 0.0; 0.0; 0.0; 0.0; 0.0; 0.0; 0.0; 0.0; 0.0; 0.0; 0.0; 0.0; 0.0; 0.0; 0; 0; 0.0; 0.0; 1; 1.41894870636e-18; -2.89426772201e-23; 8.89384594617e-20; 0; 0; 0; 0; 0.0; 0.0; 0.0; -1.0; 0.0; 0.0; 0.0; 0.0; 0.0; 1.0;0; 0;0; 0; 
1.98045015335; 90934; 0.0; 0.0; -0.0088694; 0.0; 0.0; 0.0; 0.0; 0.0; 0.0; 0.0; 0.0; 0.0; 0.0; 0.0; 0.0; 0.0; 0.0; 0.0; 0.0; 0.0; 0.0; 0.0; 0.0; 0.0; 0; 0; 0.0; 0.0; 1; 1.41894870636e-18; -2.89426772201e-23; 8.89384594617e-20; 0; 0; 0; 0; 0.0; 0.0; 0.0; -1.0; 0.0; 0.0; 0.0; 0.0; 0.0; 1.0;0; 0;0; 0; 
1.99153399467; 90939; 0.0; 0.0; -0.0089066; 0.0; 0.0; 0.0; 0.0; 0.0; 0.0; 0.0; 0.0; 0.0; 0.0; 0.0; 0.0; 0.0; 0.0; 0.0; 0.0; 0.0; 0.0; 0.0; 0.0; 0.0; 0; 0; 0.0; 0.0; 1; 1.41894870636e-18; -2.89426772201e-23; 8.89384594617e-20; 0; 0; 0; 0; 0.0; 0.0; 0.0; -1.0; 0.0; 0.0; 0.0; 0.0; 0.0; 1.0;0; 0;0; 0; 
2.00327420235; 90944; 0.0; 0.0; -0.0089231; 0.0; 0.0; 0.0; 0.0; 0.0; 0.0; 0.0; 0.0; 0.0; 0.0; 0.0; 0.0; 0.0; 0.0; 0.0; 0.0; 0.0; 0.0; 0.0; 0.0; 0.0; 0; 0; 0.0; 0.0; 1; 1.41894870636e-18; -2.89426772201e-23; 8.89384594617e-20; 0; 0; 0; 0; 0.0; 0.0; 0.0; -1.0; 0.0; 0.0; 0.0; 0.0; 0.0; 1.0;0; 0;0; 0; 
2.01425004005; 90949; 0.0; 0.0; -0.0089435; 0.0; 0.0; 0.0; 0.0; 0.0; 0.0; 0.0; 0.0; 0.0; 0.0; 0.0; 0.0; 0.0; 0.0; 0.0; 0.0; 0.0; 0.0; 0.0; 0.0; 0.0; 0; 0; 0.0; 0.0; 1; 1.41894870636e-18; -2.89426772201e-23; 8.89384594617e-20; 0; 0; 0; 0; 0.0; 0.0; 0.0; -1.0; 0.0; 0.0; 0.0; 0.0; 0.0; 1.0;0; 0;0; 0; 
2.0263800621; 90954; 0.0; 0.0; -0.0089482; 0.0; 0.0; 0.0; 0.0; 0.0; 0.0; 0.0; 0.0; 0.0; 0.0; 0.0; 0.0; 0.0; 0.0; 0.0; 0.0; 0.0; 0.0; 0.0; 0.0; 0.0; 0; 0; 0.0; 0.0; 1; 1.41894870636e-18; -2.89426772201e-23; 8.89384594617e-20; 0; 0; 0; 0; 0.0; 0.0; 0.0; -1.0; 0.0; 0.0; 0.0; 0.0; 0.0; 1.0;0; 0;0; 0; 
2.03838419914; 90959; 0.0; 0.0; -0.0089508; 0.0; 0.0; 0.0; 0.0; 0.0; 0.0; 0.0; 0.0; 0.0; 0.0; 0.0; 0.0; 0.0; 0.0; 0.0; 0.0; 0.0; 0.0; 0.0; 0.0; 0.0; 0; 0; 0.0; 0.0; 1; 1.41894870636e-18; -2.89426772201e-23; 8.89384594617e-20; 0; 0; 0; 0; 0.0; 0.0; 0.0; -1.0; 0.0; 0.0; 0.0; 0.0; 0.0; 1.0;0; 0;0; 0; 
2.05016708374; 90964; 0.0; 0.0; -0.0089109; 0.0; 0.0; 0.0; 0.0; 0.0; 0.0; 0.0; 0.0; 0.0; 0.0; 0.0; 0.0; 0.0; 0.0; 0.0; 0.0; 0.0; 0.0; 0.0; 0.0; 0.0; 0; 0; 0.0; 0.0; 1; 1.41894870636e-18; -2.89426772201e-23; 8.89384594617e-20; 0; 0; 0; 0; 0.0; 0.0; 0.0; -1.0; 0.0; 0.0; 0.0; 0.0; 0.0; 1.0;0; 0;0; 0; 
2.06227207184; 90969; 0.0; 0.0; -0.0088475; 0.0; 0.0; 0.0; 0.0; 0.0; 0.0; 0.0; 0.0; 0.0; 0.0; 0.0; 0.0; 0.0; 0.0; 0.0; 0.0; 0.0; 0.0; 0.0; 0.0; 0.0; 0; 0; 0.0; 0.0; 1; 1.41894870636e-18; -2.89426772201e-23; 8.89384594617e-20; 0; 0; 0; 0; 0.0; 0.0; 0.0; -1.0; 0.0; 0.0; 0.0; 0.0; 0.0; 1.0;0; 0;0; 0; 
2.07351517677; 90974; 0.0; 0.0; -0.0087971; 0.0; 0.0; 0.0; 0.0; 0.0; 0.0; 0.0; 0.0; 0.0; 0.0; 0.0; 0.0; 0.0; 0.0; 0.0; 0.0; 0.0; 0.0; 0.0; 0.0; 0.0; 0; 0; 0.0; 0.0; 1; 1.41894870636e-18; -2.89426772201e-23; 8.89384594617e-20; 0; 0; 0; 0; 0.0; 0.0; 0.0; -1.0; 0.0; 0.0; 0.0; 0.0; 0.0; 1.0;0; 0;0; 0; 
2.08640098572; 90979; 0.0; 0.0; -0.0087469; 0.0; 0.0; 0.0; 0.0; 0.0; 0.0; 0.0; 0.0; 0.0; 0.0; 0.0; 0.0; 0.0; 0.0; 0.0; 0.0; 0.0; 0.0; 0.0; 0.0; 0.0; 0; 0; 0.0; 0.0; 1; 1.41894870636e-18; -2.89426772201e-23; 8.89384594617e-20; 0; 0; 0; 0; 0.0; 0.0; 0.0; -1.0; 0.0; 0.0; 0.0; 0.0; 0.0; 1.0;0; 0;0; 0; 
2.09791517258; 90984; 0.0; 0.0; -0.0087179; 0.0; 0.0; 0.0; 0.0; 0.0; 0.0; 0.0; 0.0; 0.0; 0.0; 0.0; 0.0; 0.0; 0.0; 0.0; 0.0; 0.0; 0.0; 0.0; 0.0; 0.0; 0; 0; 0.0; 0.0; 1; 1.41894870636e-18; -2.89426772201e-23; 8.89384594617e-20; 0; 0; 0; 0; 0.0; 0.0; 0.0; -1.0; 0.0; 0.0; 0.0; 0.0; 0.0; 1.0;0; 0;0; 0; 
2.10972905159; 90989; 0.0; 0.0; -0.0087066; 0.0; 0.0; 0.0; 0.0; 0.0; 0.0; 0.0; 0.0; 0.0; 0.0; 0.0; 0.0; 0.0; 0.0; 0.0; 0.0; 0.0; 0.0; 0.0; 0.0; 0.0; 0; 0; 0.0; 0.0; 1; 1.41894870636e-18; -2.89426772201e-23; 8.89384594617e-20; 0; 0; 0; 0; 0.0; 0.0; 0.0; -1.0; 0.0; 0.0; 0.0; 0.0; 0.0; 1.0;0; 0;0; 0; 
2.1212451458; 90994; 0.0; 0.0; -0.0087388; 0.0; 0.0; 0.0; 0.0; 0.0; 0.0; 0.0; 0.0; 0.0; 0.0; 0.0; 0.0; 0.0; 0.0; 0.0; 0.0; 0.0; 0.0; 0.0; 0.0; 0.0; 0; 0; 0.0; 0.0; 1; 1.41894870636e-18; -2.89426773419e-23; 8.89384594617e-20; 0; 0; 0; 0; 0.0; 0.0; 0.0; -1.0; 0.0; 0.0; 0.0; 0.0; 0.0; 1.0;0; 0;0; 0; 
2.13347411156; 90999; 0.0; 0.0; -0.0088015; 0.0; 0.0; 0.0; 0.0; 0.0; 0.0; 0.0; 0.0; 0.0; 0.0; 0.0; 0.0; 0.0; 0.0; 0.0; 0.0; 0.0; 0.0; 0.0; 0.0; 0.0; 0; 0; 0.0; 0.0; 1; 1.41894870636e-18; -2.89426773419e-23; 8.89384594617e-20; 0; 0; 0; 0; 0.0; 0.0; 0.0; -1.0; 0.0; 0.0; 0.0; 0.0; 0.0; 1.0;0; 0;0; 0; 
2.14445519447; 91004; 0.0; 0.0; -0.0088554; 0.0; 0.0; 0.0; 0.0; 0.0; 0.0; 0.0; 0.0; 0.0; 0.0; 0.0; 0.0; 0.0; 0.0; 0.0; 0.0; 0.0; 0.0; 0.0; 0.0; 0.0; 0; 0; 0.0; 0.0; 1; 1.41894870636e-18; -2.89426773419e-23; 8.89384594617e-20; 0; 0; 0; 0; 0.0; 0.0; 0.0; -1.0; 0.0; 0.0; 0.0; 0.0; 0.0; 1.0;0; 0;0; 0; 
2.1554710865; 91009; 0.0; 0.0; -0.0089139; 0.0; 0.0; 0.0; 0.0; 0.0; 0.0; 0.0; 0.0; 0.0; 0.0; 0.0; 0.0; 0.0; 0.0; 0.0; 0.0; 0.0; 0.0; 0.0; 0.0; 0.0; 0; 0; 0.0; 0.0; 1; 1.41894870636e-18; -2.89426773419e-23; 8.89384594617e-20; 0; 0; 0; 0; 0.0; 0.0; 0.0; -1.0; 0.0; 0.0; 0.0; 0.0; 0.0; 1.0;0; 0;0; 0; 
2.1667611599; 91014; 0.0; 0.0; -0.0089506; 0.0; 0.0; 0.0; 0.0; 0.0; 0.0; 0.0; 0.0; 0.0; 0.0; 0.0; 0.0; 0.0; 0.0; 0.0; 0.0; 0.0; 0.0; 0.0; 0.0; 0.0; 0; 0; 0.0; 0.0; 1; 1.41894870636e-18; -2.89426773419e-23; 8.89384594617e-20; 0; 0; 0; 0; 0.0; 0.0; 0.0; -1.0; 0.0; 0.0; 0.0; 0.0; 0.0; 1.0;0; 0;0; 0; 
2.17854213715; 91019; 0.0; 0.0; -0.0089818; 0.0; 0.0; 0.0; 0.0; 0.0; 0.0; 0.0; 0.0; 0.0; 0.0; 0.0; 0.0; 0.0; 0.0; 0.0; 0.0; 0.0; 0.0; 0.0; 0.0; 0.0; 0; 0; 0.0; 0.0; 1; 1.41894870636e-18; -2.89426773419e-23; 8.89384594617e-20; 0; 0; 0; 0; 0.0; 0.0; 0.0; -1.0; 0.0; 0.0; 0.0; 0.0; 0.0; 1.0;0; 0;0; 0; 
2.18890309334; 91024; 0.0; 0.0; -0.008989; 0.0; 0.0; 0.0; 0.0; 0.0; 0.0; 0.0; 0.0; 0.0; 0.0; 0.0; 0.0; 0.0; 0.0; 0.0; 0.0; 0.0; 0.0; 0.0; 0.0; 0.0; 0; 0; 0.0; 0.0; 1; 1.41894870636e-18; -2.89426773419e-23; 8.89384594617e-20; 0; 0; 0; 0; 0.0; 0.0; 0.0; -1.0; 0.0; 0.0; 0.0; 0.0; 0.0; 1.0;0; 0;0; 0; 
2.20032811165; 91029; 0.0; 0.0; -0.0089721; 0.0; 0.0; 0.0; 0.0; 0.0; 0.0; 0.0; 0.0; 0.0; 0.0; 0.0; 0.0; 0.0; 0.0; 0.0; 0.0; 0.0; 0.0; 0.0; 0.0; 0.0; 0; 0; 0.0; 0.0; 1; 1.41894870636e-18; -2.89426773419e-23; 8.89384594617e-20; 0; 0; 0; 0; 0.0; 0.0; 0.0; -1.0; 0.0; 0.0; 0.0; 0.0; 0.0; 1.0;0; 0;0; 0; 
2.21173214912; 91034; 0.0; 0.0; -0.0089549; 0.0; 0.0; 0.0; 0.0; 0.0; 0.0; 0.0; 0.0; 0.0; 0.0; 0.0; 0.0; 0.0; 0.0; 0.0; 0.0; 0.0; 0.0; 0.0; 0.0; 0.0; 0; 0; 0.0; 0.0; 1; 1.41894870636e-18; -2.89426773419e-23; 8.89384594617e-20; 0; 0; 0; 0; 0.0; 0.0; 0.0; -1.0; 0.0; 0.0; 0.0; 0.0; 0.0; 1.0;0; 0;0; 0; 
2.22375607491; 91039; 0.0; 0.0; -0.0089022; 0.0; 0.0; 0.0; 0.0; 0.0; 0.0; 0.0; 0.0; 0.0; 0.0; 0.0; 0.0; 0.0; 0.0; 0.0; 0.0; 0.0; 0.0; 0.0; 0.0; 0.0; 0; 0; 0.0; 0.0; 1; 1.41894870636e-18; -2.89426773419e-23; 8.89384594617e-20; 0; 0; 0; 0; 0.0; 0.0; 0.0; -1.0; 0.0; 0.0; 0.0; 0.0; 0.0; 1.0;0; 0;0; 0; 
2.23513913155; 91044; 0.0; 0.0; -0.0088891; 0.0; 0.0; 0.0; 0.0; 0.0; 0.0; 0.0; 0.0; 0.0; 0.0; 0.0; 0.0; 0.0; 0.0; 0.0; 0.0; 0.0; 0.0; 0.0; 0.0; 0.0; 0; 0; 0.0; 0.0; 1; 1.41894870636e-18; -2.89426773419e-23; 8.89384594617e-20; 0; 0; 0; 0; 0.0; 0.0; 0.0; -1.0; 0.0; 0.0; 0.0; 0.0; 0.0; 1.0;0; 0;0; 0; 
2.24725604057; 91049; 0.0; 0.0; -0.0088797; 0.0; 0.0; 0.0; 0.0; 0.0; 0.0; 0.0; 0.0; 0.0; 0.0; 0.0; 0.0; 0.0; 0.0; 0.0; 0.0; 0.0; 0.0; 0.0; 0.0; 0.0; 0; 0; 0.0; 0.0; 1; 1.41894870636e-18; -2.89426773419e-23; 8.89384594617e-20; 0; 0; 0; 0; 0.0; 0.0; 0.0; -1.0; 0.0; 0.0; 0.0; 0.0; 0.0; 1.0;0; 0;0; 0; 
2.25929498672; 91054; 0.0; 0.0; -0.0088723; 0.0; 0.0; 0.0; 0.0; 0.0; 0.0; 0.0; 0.0; 0.0; 0.0; 0.0; 0.0; 0.0; 0.0; 0.0; 0.0; 0.0; 0.0; 0.0; 0.0; 0.0; 0; 0; 0.0; 0.0; 1; 1.41894870636e-18; -2.89426773419e-23; 8.89384594617e-20; 0; 0; 0; 0; 0.0; 0.0; 0.0; -1.0; 0.0; 0.0; 0.0; 0.0; 0.0; 1.0;0; 0;0; 0; 
2.27066397667; 91059; 0.0; 0.0; -0.0088888; 0.0; 0.0; 0.0; 0.0; 0.0; 0.0; 0.0; 0.0; 0.0; 0.0; 0.0; 0.0; 0.0; 0.0; 0.0; 0.0; 0.0; 0.0; 0.0; 0.0; 0.0; 0; 0; 0.0; 0.0; 1; 1.41894870636e-18; -2.89426773419e-23; 8.89384594617e-20; 0; 0; 0; 0; 0.0; 0.0; 0.0; -1.0; 0.0; 0.0; 0.0; 0.0; 0.0; 1.0;0; 0;0; 0; 
2.28263616562; 91064; 0.0; 0.0; -0.0088903; 0.0; 0.0; 0.0; 0.0; 0.0; 0.0; 0.0; 0.0; 0.0; 0.0; 0.0; 0.0; 0.0; 0.0; 0.0; 0.0; 0.0; 0.0; 0.0; 0.0; 0.0; 0; 0; 0.0; 0.0; 1; 1.41894870636e-18; -2.89426773419e-23; 8.89384594617e-20; 0; 0; 0; 0; 0.0; 0.0; 0.0; -1.0; 0.0; 0.0; 0.0; 0.0; 0.0; 1.0;0; 0;0; 0; 
2.29579520226; 91069; 0.0; 0.0; -0.00893; 0.0; 0.0; 0.0; 0.0; 0.0; 0.0; 0.0; 0.0; 0.0; 0.0; 0.0; 0.0; 0.0; 0.0; 0.0; 0.0; 0.0; 0.0; 0.0; 0.0; 0.0; 0; 0; 0.0; 0.0; 1; 1.41894870636e-18; -2.89426773419e-23; 8.89384594617e-20; 0; 0; 0; 0; 0.0; 0.0; 0.0; -1.0; 0.0; 0.0; 0.0; 0.0; 0.0; 1.0;0; 0;0; 0; 
2.30829501152; 91074; 0.0; 0.0; -0.0089798; 0.0; 0.0; 0.0; 0.0; 0.0; 0.0; 0.0; 0.0; 0.0; 0.0; 0.0; 0.0; 0.0; 0.0; 0.0; 0.0; 0.0; 0.0; 0.0; 0.0; 0.0; 0; 0; 0.0; 0.0; 1; 1.41894870636e-18; -2.89426773419e-23; 8.89384594617e-20; 0; 0; 0; 0; 0.0; 0.0; 0.0; -1.0; 0.0; 0.0; 0.0; 0.0; 0.0; 1.0;0; 0;0; 0; 
2.3210401535; 91079; 0.0; 0.0; -0.009012; 0.0; 0.0; 0.0; 0.0; 0.0; 0.0; 0.0; 0.0; 0.0; 0.0; 0.0; 0.0; 0.0; 0.0; 0.0; 0.0; 0.0; 0.0; 0.0; 0.0; 0.0; 0; 0; 0.0; 0.0; 1; 1.41894870636e-18; -2.89426773419e-23; 8.89384594617e-20; 0; 0; 0; 0; 0.0; 0.0; 0.0; -1.0; 0.0; 0.0; 0.0; 0.0; 0.0; 1.0;0; 0;0; 0; 
2.33323216438; 91084; 0.0; 0.0; -0.009018; 0.0; 0.0; 0.0; 0.0; 0.0; 0.0; 0.0; 0.0; 0.0; 0.0; 0.0; 0.0; 0.0; 0.0; 0.0; 0.0; 0.0; 0.0; 0.0; 0.0; 0.0; 0; 0; 0.0; 0.0; 1; 1.41894870636e-18; -2.89426773419e-23; 8.89384594617e-20; 0; 0; 0; 0; 0.0; 0.0; 0.0; -1.0; 0.0; 0.0; 0.0; 0.0; 0.0; 1.0;0; 0;0; 0; 
2.34487915039; 91089; 0.0; 0.0; -0.0090118; 0.0; 0.0; 0.0; 0.0; 0.0; 0.0; 0.0; 0.0; 0.0; 0.0; 0.0; 0.0; 0.0; 0.0; 0.0; 0.0; 0.0; 0.0; 0.0; 0.0; 0.0; 0; 0; 0.0; 0.0; 1; 1.41894870636e-18; -2.89426773419e-23; 8.89384594617e-20; 0; 0; 0; 0; 0.0; 0.0; 0.0; -1.0; 0.0; 0.0; 0.0; 0.0; 0.0; 1.0;0; 0;0; 0; 
2.35636997223; 91094; 0.0; 0.0; -0.008992; 0.0; 0.0; 0.0; 0.0; 0.0; 0.0; 0.0; 0.0; 0.0; 0.0; 0.0; 0.0; 0.0; 0.0; 0.0; 0.0; 0.0; 0.0; 0.0; 0.0; 0.0; 0; 0; 0.0; 0.0; 1; 1.41894870636e-18; -2.89426773419e-23; 8.89384594617e-20; 0; 0; 0; 0; 0.0; 0.0; 0.0; -1.0; 0.0; 0.0; 0.0; 0.0; 0.0; 1.0;0; 0;0; 0; 
2.36919808388; 91099; 0.0; 0.0; -0.0089655; 0.0; 0.0; 0.0; 0.0; 0.0; 0.0; 0.0; 0.0; 0.0; 0.0; 0.0; 0.0; 0.0; 0.0; 0.0; 0.0; 0.0; 0.0; 0.0; 0.0; 0.0; 0; 0; 0.0; 0.0; 1; 1.41894870636e-18; -2.89426773419e-23; 8.89384594617e-20; 0; 0; 0; 0; 0.0; 0.0; 0.0; -1.0; 0.0; 0.0; 0.0; 0.0; 0.0; 1.0;0; 0;0; 0; 
2.38111209869; 91104; 0.0; 0.0; -0.0089433; 0.0; 0.0; 0.0; 0.0; 0.0; 0.0; 0.0; 0.0; 0.0; 0.0; 0.0; 0.0; 0.0; 0.0; 0.0; 0.0; 0.0; 0.0; 0.0; 0.0; 0.0; 0; 0; 0.0; 0.0; 1; 1.41894870636e-18; -2.89426773419e-23; 8.89384594617e-20; 0; 0; 0; 0; 0.0; 0.0; 0.0; -1.0; 0.0; 0.0; 0.0; 0.0; 0.0; 1.0;0; 0;0; 0; 
2.39250802994; 91109; 0.0; 0.0; -0.0089285; 0.0; 0.0; 0.0; 0.0; 0.0; 0.0; 0.0; 0.0; 0.0; 0.0; 0.0; 0.0; 0.0; 0.0; 0.0; 0.0; 0.0; 0.0; 0.0; 0.0; 0.0; 0; 0; 0.0; 0.0; 1; 1.41894870636e-18; -2.89426773419e-23; 8.89384594617e-20; 0; 0; 0; 0; 0.0; 0.0; 0.0; -1.0; 0.0; 0.0; 0.0; 0.0; 0.0; 1.0;0; 0;0; 0; 
2.40528798103; 91114; 0.0; 0.0; -0.0089537; 0.0; 0.0; 0.0; 0.0; 0.0; 0.0; 0.0; 0.0; 0.0; 0.0; 0.0; 0.0; 0.0; 0.0; 0.0; 0.0; 0.0; 0.0; 0.0; 0.0; 0.0; 0; 0; 0.0; 0.0; 1; 1.41894870636e-18; -2.89426773419e-23; 8.89384594617e-20; 0; 0; 0; 0; 0.0; 0.0; 0.0; -1.0; 0.0; 0.0; 0.0; 0.0; 0.0; 1.0;0; 0;0; 0; 
2.41703104973; 91119; 0.0; 0.0; -0.0089821; 0.0; 0.0; 0.0; 0.0; 0.0; 0.0; 0.0; 0.0; 0.0; 0.0; 0.0; 0.0; 0.0; 0.0; 0.0; 0.0; 0.0; 0.0; 0.0; 0.0; 0.0; 0; 0; 0.0; 0.0; 1; 1.41894870636e-18; -2.89426773419e-23; 8.89384594617e-20; 0; 0; 0; 0; 0.0; 0.0; 0.0; -1.0; 0.0; 0.0; 0.0; 0.0; 0.0; 1.0;0; 0;0; 0; 
2.42987108231; 91124; 0.0; 0.0; -0.0089899; 0.0; 0.0; 0.0; 0.0; 0.0; 0.0; 0.0; 0.0; 0.0; 0.0; 0.0; 0.0; 0.0; 0.0; 0.0; 0.0; 0.0; 0.0; 0.0; 0.0; 0.0; 0; 0; 0.0; 0.0; 1; 1.41894870636e-18; -2.89426773419e-23; 8.89384594617e-20; 0; 0; 0; 0; 0.0; 0.0; 0.0; -1.0; 0.0; 0.0; 0.0; 0.0; 0.0; 1.0;0; 0;0; 0; 
2.44112300873; 91129; 0.0; 0.0; -0.0090304; 0.0; 0.0; 0.0; 0.0; 0.0; 0.0; 0.0; 0.0; 0.0; 0.0; 0.0; 0.0; 0.0; 0.0; 0.0; 0.0; 0.0; 0.0; 0.0; 0.0; 0.0; 0; 0; 0.0; 0.0; 1; 1.41894870636e-18; -2.89426773419e-23; 8.89384594617e-20; 0; 0; 0; 0; 0.0; 0.0; 0.0; -1.0; 0.0; 0.0; 0.0; 0.0; 0.0; 1.0;0; 0;0; 0; 
2.45357298851; 91134; 0.0; 0.0; -0.0090482; 0.0; 0.0; 0.0; 0.0; 0.0; 0.0; 0.0; 0.0; 0.0; 0.0; 0.0; 0.0; 0.0; 0.0; 0.0; 0.0; 0.0; 0.0; 0.0; 0.0; 0.0; 0; 0; 0.0; 0.0; 1; 1.41894870636e-18; -2.89426773419e-23; 8.89384594617e-20; 0; 0; 0; 0; 0.0; 0.0; 0.0; -1.0; 0.0; 0.0; 0.0; 0.0; 0.0; 1.0;0; 0;0; 0; 
2.46584916115; 91139; 0.0; 0.0; -0.0090351; 0.0; 0.0; 0.0; 0.0; 0.0; 0.0; 0.0; 0.0; 0.0; 0.0; 0.0; 0.0; 0.0; 0.0; 0.0; 0.0; 0.0; 0.0; 0.0; 0.0; 0.0; 0; 0; 0.0; 0.0; 1; 1.41894870636e-18; -2.89426773419e-23; 8.89384594617e-20; 0; 0; 0; 0; 0.0; 0.0; 0.0; -1.0; 0.0; 0.0; 0.0; 0.0; 0.0; 1.0;0; 0;0; 0; 
2.4779791832; 91144; 0.0; 0.0; -0.0089634; 0.0; 0.0; 0.0; 0.0; 0.0; 0.0; 0.0; 0.0; 0.0; 0.0; 0.0; 0.0; 0.0; 0.0; 0.0; 0.0; 0.0; 0.0; 0.0; 0.0; 0.0; 0; 0; 0.0; 0.0; 1; 1.41894870636e-18; -2.89426773419e-23; 8.89384594617e-20; 0; 0; 0; 0; 0.0; 0.0; 0.0; -1.0; 0.0; 0.0; 0.0; 0.0; 0.0; 1.0;0; 0;0; 0; 
2.49037408829; 91149; 0.0; 0.0; -0.0088838; 0.0; 0.0; 0.0; 0.0; 0.0; 0.0; 0.0; 0.0; 0.0; 0.0; 0.0; 0.0; 0.0; 0.0; 0.0; 0.0; 0.0; 0.0; 0.0; 0.0; 0.0; 0; 0; 0.0; 0.0; 1; 1.41894870636e-18; -2.89426773419e-23; 8.89384594617e-20; 0; 0; 0; 0; 0.0; 0.0; 0.0; -1.0; 0.0; 0.0; 0.0; 0.0; 0.0; 1.0;0; 0;0; 0; 
2.5036251545; 91154; 0.0; 0.0; -0.0088149; 0.0; 0.0; 0.0; 0.0; 0.0; 0.0; 0.0; 0.0; 0.0; 0.0; 0.0; 0.0; 0.0; 0.0; 0.0; 0.0; 0.0; 0.0; 0.0; 0.0; 0.0; 0; 0; 0.0; 0.0; 1; 1.41894870636e-18; -2.89426773419e-23; 8.89384594617e-20; 0; 0; 0; 0; 0.0; 0.0; 0.0; -1.0; 0.0; 0.0; 0.0; 0.0; 0.0; 1.0;0; 0;0; 0; 
2.51559996605; 91159; 0.0; 0.0; -0.0087421; 0.0; 0.0; 0.0; 0.0; 0.0; 0.0; 0.0; 0.0; 0.0; 0.0; 0.0; 0.0; 0.0; 0.0; 0.0; 0.0; 0.0; 0.0; 0.0; 0.0; 0.0; 0; 0; 0.0; 0.0; 1; 1.41894870636e-18; -2.89426773419e-23; 8.89384594617e-20; 0; 0; 0; 0; 0.0; 0.0; 0.0; -1.0; 0.0; 0.0; 0.0; 0.0; 0.0; 1.0;0; 0;0; 0; 
2.52656912804; 91164; 0.0; 0.0; -0.0086631; 0.0; 0.0; 0.0; 0.0; 0.0; 0.0; 0.0; 0.0; 0.0; 0.0; 0.0; 0.0; 0.0; 0.0; 0.0; 0.0; 0.0; 0.0; 0.0; 0.0; 0.0; 0; 0; 0.0; 0.0; 1; 1.41894870636e-18; -2.89426773419e-23; 8.89384594617e-20; 0; 0; 0; 0; 0.0; 0.0; 0.0; -1.0; 0.0; 0.0; 0.0; 0.0; 0.0; 1.0;0; 0;0; 0; 
2.53842711449; 91169; 0.0; 0.0; -0.0086225; 0.0; 0.0; 0.0; 0.0; 0.0; 0.0; 0.0; 0.0; 0.0; 0.0; 0.0; 0.0; 0.0; 0.0; 0.0; 0.0; 0.0; 0.0; 0.0; 0.0; 0.0; 0; 0; 0.0; 0.0; 1; 1.41894870636e-18; -2.89426773419e-23; 8.89384594617e-20; 0; 0; 0; 0; 0.0; 0.0; 0.0; -1.0; 0.0; 0.0; 0.0; 0.0; 0.0; 1.0;0; 0;0; 0; 
2.54969716072; 91174; 0.0; 0.0; -0.0086397; 0.0; 0.0; 0.0; 0.0; 0.0; 0.0; 0.0; 0.0; 0.0; 0.0; 0.0; 0.0; 0.0; 0.0; 0.0; 0.0; 0.0; 0.0; 0.0; 0.0; 0.0; 0; 0; 0.0; 0.0; 1; 1.41894870636e-18; -2.89426773419e-23; 8.89384594617e-20; 0; 0; 0; 0; 0.0; 0.0; 0.0; -1.0; 0.0; 0.0; 0.0; 0.0; 0.0; 1.0;0; 0;0; 0; 
2.5608279705; 91179; 0.0; 0.0; -0.0086524; 0.0; 0.0; 0.0; 0.0; 0.0; 0.0; 0.0; 0.0; 0.0; 0.0; 0.0; 0.0; 0.0; 0.0; 0.0; 0.0; 0.0; 0.0; 0.0; 0.0; 0.0; 0; 0; 0.0; 0.0; 1; 1.41894870636e-18; -2.89426773419e-23; 8.89384594617e-20; 0; 0; 0; 0; 0.0; 0.0; 0.0; -1.0; 0.0; 0.0; 0.0; 0.0; 0.0; 1.0;0; 0;0; 0; 
2.57133507729; 91184; 0.0; 0.0; -0.0086739; 0.0; 0.0; 0.0; 0.0; 0.0; 0.0; 0.0; 0.0; 0.0; 0.0; 0.0; 0.0; 0.0; 0.0; 0.0; 0.0; 0.0; 0.0; 0.0; 0.0; 0.0; 0; 0; 0.0; 0.0; 1; 1.41894870636e-18; -2.89426773419e-23; 8.89384594617e-20; 0; 0; 0; 0; 0.0; 0.0; 0.0; -1.0; 0.0; 0.0; 0.0; 0.0; 0.0; 1.0;0; 0;0; 0; 
2.58331108093; 91189; 0.0; 0.0; -0.0087137; 0.0; 0.0; 0.0; 0.0; 0.0; 0.0; 0.0; 0.0; 0.0; 0.0; 0.0; 0.0; 0.0; 0.0; 0.0; 0.0; 0.0; 0.0; 0.0; 0.0; 0.0; 0; 0; 0.0; 0.0; 1; 1.41894870636e-18; -2.89426773419e-23; 8.89384594617e-20; 0; 0; 0; 0; 0.0; 0.0; 0.0; -1.0; 0.0; 0.0; 0.0; 0.0; 0.0; 1.0;0; 0;0; 0; 
2.59656405449; 91194; 0.0; 0.0; -0.0087541; 0.0; 0.0; 0.0; 0.0; 0.0; 0.0; 0.0; 0.0; 0.0; 0.0; 0.0; 0.0; 0.0; 0.0; 0.0; 0.0; 0.0; 0.0; 0.0; 0.0; 0.0; 0; 0; 0.0; 0.0; 1; 1.41894870636e-18; -2.89426773419e-23; 8.89384594617e-20; 0; 0; 0; 0; 0.0; 0.0; 0.0; -1.0; 0.0; 0.0; 0.0; 0.0; 0.0; 1.0;0; 0;0; 0; 
2.60667204857; 91199; 0.0; 0.0; -0.0087745; 0.0; 0.0; 0.0; 0.0; 0.0; 0.0; 0.0; 0.0; 0.0; 0.0; 0.0; 0.0; 0.0; 0.0; 0.0; 0.0; 0.0; 0.0; 0.0; 0.0; 0.0; 0; 0; 0.0; 0.0; 1; 1.41894870636e-18; -2.89426773419e-23; 8.89384594617e-20; 0; 0; 0; 0; 0.0; 0.0; 0.0; -1.0; 0.0; 0.0; 0.0; 0.0; 0.0; 1.0;0; 0;0; 0; 
2.61750507355; 91204; 0.0; 0.0; -0.0087606; 0.0; 0.0; 0.0; 0.0; 0.0; 0.0; 0.0; 0.0; 0.0; 0.0; 0.0; 0.0; 0.0; 0.0; 0.0; 0.0; 0.0; 0.0; 0.0; 0.0; 0.0; 0; 0; 0.0; 0.0; 1; 1.41894870636e-18; -2.89426773419e-23; 8.89384594617e-20; 0; 0; 0; 0; 0.0; 0.0; 0.0; -1.0; 0.0; 0.0; 0.0; 0.0; 0.0; 1.0;0; 0;0; 0; 
2.63036108017; 91209; 0.0; 0.0; -0.008754; 0.0; 0.0; 0.0; 0.0; 0.0; 0.0; 0.0; 0.0; 0.0; 0.0; 0.0; 0.0; 0.0; 0.0; 0.0; 0.0; 0.0; 0.0; 0.0; 0.0; 0.0; 0; 0; 0.0; 0.0; 1; 1.41894870636e-18; -2.89426773419e-23; 8.89384594617e-20; 0; 0; 0; 0; 0.0; 0.0; 0.0; -1.0; 0.0; 0.0; 0.0; 0.0; 0.0; 1.0;0; 0;0; 0; 
2.64224100113; 91214; 0.0; 0.0; -0.0087713; 0.0; 0.0; 0.0; 0.0; 0.0; 0.0; 0.0; 0.0; 0.0; 0.0; 0.0; 0.0; 0.0; 0.0; 0.0; 0.0; 0.0; 0.0; 0.0; 0.0; 0.0; 0; 0; 0.0; 0.0; 1; 1.41894870636e-18; -2.89426773419e-23; 8.89384594617e-20; 0; 0; 0; 0; 0.0; 0.0; 0.0; -1.0; 0.0; 0.0; 0.0; 0.0; 0.0; 1.0;0; 0;0; 0; 
2.65331697464; 91219; 0.0; 0.0; -0.0087823; 0.0; 0.0; 0.0; 0.0; 0.0; 0.0; 0.0; 0.0; 0.0; 0.0; 0.0; 0.0; 0.0; 0.0; 0.0; 0.0; 0.0; 0.0; 0.0; 0.0; 0.0; 0; 0; 0.0; 0.0; 1; 1.41894870636e-18; -2.89426773419e-23; 8.89384594617e-20; 0; 0; 0; 0; 0.0; 0.0; 0.0; -1.0; 0.0; 0.0; 0.0; 0.0; 0.0; 1.0;0; 0;0; 0; 
2.66589307785; 91224; 0.0; 0.0; -0.0088054; 0.0; 0.0; 0.0; 0.0; 0.0; 0.0; 0.0; 0.0; 0.0; 0.0; 0.0; 0.0; 0.0; 0.0; 0.0; 0.0; 0.0; 0.0; 0.0; 0.0; 0.0; 0; 0; 0.0; 0.0; 1; 1.41894870636e-18; -2.89426773419e-23; 8.89384594617e-20; 0; 0; 0; 0; 0.0; 0.0; 0.0; -1.0; 0.0; 0.0; 0.0; 0.0; 0.0; 1.0;0; 0;0; 0; 
2.67691016197; 91229; 0.0; 0.0; -0.0088439; 0.0; 0.0; 0.0; 0.0; 0.0; 0.0; 0.0; 0.0; 0.0; 0.0; 0.0; 0.0; 0.0; 0.0; 0.0; 0.0; 0.0; 0.0; 0.0; 0.0; 0.0; 0; 0; 0.0; 0.0; 1; 1.41894870636e-18; -2.89426773419e-23; 8.89384594617e-20; 0; 0; 0; 0; 0.0; 0.0; 0.0; -1.0; 0.0; 0.0; 0.0; 0.0; 0.0; 1.0;0; 0;0; 0; 
2.68845009804; 91234; 0.0; 0.0; -0.008872; 0.0; 0.0; 0.0; 0.0; 0.0; 0.0; 0.0; 0.0; 0.0; 0.0; 0.0; 0.0; 0.0; 0.0; 0.0; 0.0; 0.0; 0.0; 0.0; 0.0; 0.0; 0; 0; 0.0; 0.0; 1; 1.41894870636e-18; -2.89426773419e-23; 8.89384594617e-20; 0; 0; 0; 0; 0.0; 0.0; 0.0; -1.0; 0.0; 0.0; 0.0; 0.0; 0.0; 1.0;0; 0;0; 0; 
2.69953513145; 91239; 0.0; 0.0; -0.008921; 0.0; 0.0; 0.0; 0.0; 0.0; 0.0; 0.0; 0.0; 0.0; 0.0; 0.0; 0.0; 0.0; 0.0; 0.0; 0.0; 0.0; 0.0; 0.0; 0.0; 0.0; 0; 0; 0.0; 0.0; 1; 1.41894870636e-18; -2.89426773419e-23; 8.89384594617e-20; 0; 0; 0; 0; 0.0; 0.0; 0.0; -1.0; 0.0; 0.0; 0.0; 0.0; 0.0; 1.0;0; 0;0; 0; 
2.71155619621; 91244; 0.0; 0.0; -0.0089542; 0.0; 0.0; 0.0; 0.0; 0.0; 0.0; 0.0; 0.0; 0.0; 0.0; 0.0; 0.0; 0.0; 0.0; 0.0; 0.0; 0.0; 0.0; 0.0; 0.0; 0.0; 0; 0; 0.0; 0.0; 1; 1.41894870636e-18; -2.89426773419e-23; 8.89384594617e-20; 0; 0; 0; 0; 0.0; 0.0; 0.0; -1.0; 0.0; 0.0; 0.0; 0.0; 0.0; 1.0;0; 0;0; 0; 
2.72312498093; 91249; 0.0; 0.0; -0.0089677; 0.0; 0.0; 0.0; 0.0; 0.0; 0.0; 0.0; 0.0; 0.0; 0.0; 0.0; 0.0; 0.0; 0.0; 0.0; 0.0; 0.0; 0.0; 0.0; 0.0; 0.0; 0; 0; 0.0; 0.0; 1; 1.41894870636e-18; -2.89426773419e-23; 8.89384594617e-20; 0; 0; 0; 0; 0.0; 0.0; 0.0; -1.0; 0.0; 0.0; 0.0; 0.0; 0.0; 1.0;0; 0;0; 0; 
2.73365712166; 91254; 0.0; 0.0; -0.0089479; 0.0; 0.0; 0.0; 0.0; 0.0; 0.0; 0.0; 0.0; 0.0; 0.0; 0.0; 0.0; 0.0; 0.0; 0.0; 0.0; 0.0; 0.0; 0.0; 0.0; 0.0; 0; 0; 0.0; 0.0; 1; 1.41894870636e-18; -2.89426773419e-23; 8.89384594617e-20; 0; 0; 0; 0; 0.0; 0.0; 0.0; -1.0; 0.0; 0.0; 0.0; 0.0; 0.0; 1.0;0; 0;0; 0; 
2.74491119385; 91259; 0.0; 0.0; -0.0089266; 0.0; 0.0; 0.0; 0.0; 0.0; 0.0; 0.0; 0.0; 0.0; 0.0; 0.0; 0.0; 0.0; 0.0; 0.0; 0.0; 0.0; 0.0; 0.0; 0.0; 0.0; 0; 0; 0.0; 0.0; 1; 1.41894870636e-18; -2.89426773419e-23; 8.89384594617e-20; 0; 0; 0; 0; 0.0; 0.0; 0.0; -1.0; 0.0; 0.0; 0.0; 0.0; 0.0; 1.0;0; 0;0; 0; 
2.75668215752; 91264; 0.0; 0.0; -0.008917; 0.0; 0.0; 0.0; 0.0; 0.0; 0.0; 0.0; 0.0; 0.0; 0.0; 0.0; 0.0; 0.0; 0.0; 0.0; 0.0; 0.0; 0.0; 0.0; 0.0; 0.0; 0; 0; 0.0; 0.0; 1; 1.41894870636e-18; -2.89426773419e-23; 8.89384594617e-20; 0; 0; 0; 0; 0.0; 0.0; 0.0; -1.0; 0.0; 0.0; 0.0; 0.0; 0.0; 1.0;0; 0;0; 0; 
2.76929211617; 91269; 0.0; 0.0; -0.0088849; 0.0; 0.0; 0.0; 0.0; 0.0; 0.0; 0.0; 0.0; 0.0; 0.0; 0.0; 0.0; 0.0; 0.0; 0.0; 0.0; 0.0; 0.0; 0.0; 0.0; 0.0; 0; 0; 0.0; 0.0; 1; 1.41894870636e-18; -2.89426773419e-23; 8.89384594617e-20; 0; 0; 0; 0; 0.0; 0.0; 0.0; -1.0; 0.0; 0.0; 0.0; 0.0; 0.0; 1.0;0; 0;0; 0; 
2.78166103363; 91274; 0.0; 0.0; -0.0088292; 0.0; 0.0; 0.0; 0.0; 0.0; 0.0; 0.0; 0.0; 0.0; 0.0; 0.0; 0.0; 0.0; 0.0; 0.0; 0.0; 0.0; 0.0; 0.0; 0.0; 0.0; 0; 0; 0.0; 0.0; 1; 1.41894870636e-18; -2.89426773419e-23; 8.89384594617e-20; 0; 0; 0; 0; 0.0; 0.0; 0.0; -1.0; 0.0; 0.0; 0.0; 0.0; 0.0; 1.0;0; 0;0; 0; 
2.7943341732; 91279; 0.0; 0.0; -0.0087686; 0.0; 0.0; 0.0; 0.0; 0.0; 0.0; 0.0; 0.0; 0.0; 0.0; 0.0; 0.0; 0.0; 0.0; 0.0; 0.0; 0.0; 0.0; 0.0; 0.0; 0.0; 0; 0; 0.0; 0.0; 1; 1.41894870636e-18; -2.89426773419e-23; 8.89384594617e-20; 0; 0; 0; 0; 0.0; 0.0; 0.0; -1.0; 0.0; 0.0; 0.0; 0.0; 0.0; 1.0;0; 0;0; 0; 
2.8059091568; 91284; 0.0; 0.0; -0.0087365; 0.0; 0.0; 0.0; 0.0; 0.0; 0.0; 0.0; 0.0; 0.0; 0.0; 0.0; 0.0; 0.0; 0.0; 0.0; 0.0; 0.0; 0.0; 0.0; 0.0; 0.0; 0; 0; 0.0; 0.0; 1; 1.41894870636e-18; -2.89426773419e-23; 8.89384594617e-20; 0; 0; 0; 0; 0.0; 0.0; 0.0; -1.0; 0.0; 0.0; 0.0; 0.0; 0.0; 1.0;0; 0;0; 0; 
2.81767416; 91289; 0.0; 0.0; -0.0087; 0.0; 0.0; 0.0; 0.0; 0.0; 0.0; 0.0; 0.0; 0.0; 0.0; 0.0; 0.0; 0.0; 0.0; 0.0; 0.0; 0.0; 0.0; 0.0; 0.0; 0.0; 0; 0; 0.0; 0.0; 1; 1.41894870636e-18; -2.89426773419e-23; 8.89384594617e-20; 0; 0; 0; 0; 0.0; 0.0; 0.0; -1.0; 0.0; 0.0; 0.0; 0.0; 0.0; 1.0;0; 0;0; 0; 
2.82953619957; 91294; 0.0; 0.0; -0.0086712; 0.0; 0.0; 0.0; 0.0; 0.0; 0.0; 0.0; 0.0; 0.0; 0.0; 0.0; 0.0; 0.0; 0.0; 0.0; 0.0; 0.0; 0.0; 0.0; 0.0; 0.0; 0; 0; 0.0; 0.0; 1; 1.41894870636e-18; -2.89426773419e-23; 8.89384594617e-20; 0; 0; 0; 0; 0.0; 0.0; 0.0; -1.0; 0.0; 0.0; 0.0; 0.0; 0.0; 1.0;0; 0;0; 0; 
2.84189414978; 91299; 0.0; 0.0; -0.0086616; 0.0; 0.0; 0.0; 0.0; 0.0; 0.0; 0.0; 0.0; 0.0; 0.0; 0.0; 0.0; 0.0; 0.0; 0.0; 0.0; 0.0; 0.0; 0.0; 0.0; 0.0; 0; 0; 0.0; 0.0; 1; 1.41894870636e-18; -2.89426773419e-23; 8.89384594617e-20; 0; 0; 0; 0; 0.0; 0.0; 0.0; -1.0; 0.0; 0.0; 0.0; 0.0; 0.0; 1.0;0; 0;0; 0; 
2.85276412964; 91304; 0.0; 0.0; -0.0086726; 0.0; 0.0; 0.0; 0.0; 0.0; 0.0; 0.0; 0.0; 0.0; 0.0; 0.0; 0.0; 0.0; 0.0; 0.0; 0.0; 0.0; 0.0; 0.0; 0.0; 0.0; 0; 0; 0.0; 0.0; 1; 1.41894870636e-18; -2.89426773419e-23; 8.89384594617e-20; 0; 0; 0; 0; 0.0; 0.0; 0.0; -1.0; 0.0; 0.0; 0.0; 0.0; 0.0; 1.0;0; 0;0; 0; 
2.86435508728; 91309; 0.0; 0.0; -0.0086926; 0.0; 0.0; 0.0; 0.0; 0.0; 0.0; 0.0; 0.0; 0.0; 0.0; 0.0; 0.0; 0.0; 0.0; 0.0; 0.0; 0.0; 0.0; 0.0; 0.0; 0.0; 0; 0; 0.0; 0.0; 1; 1.41894870636e-18; -2.89426773419e-23; 8.89384594617e-20; 0; 0; 0; 0; 0.0; 0.0; 0.0; -1.0; 0.0; 0.0; 0.0; 0.0; 0.0; 1.0;0; 0;0; 0; 
2.87548112869; 91314; 0.0; 0.0; -0.0087189; 0.0; 0.0; 0.0; 0.0; 0.0; 0.0; 0.0; 0.0; 0.0; 0.0; 0.0; 0.0; 0.0; 0.0; 0.0; 0.0; 0.0; 0.0; 0.0; 0.0; 0.0; 0; 0; 0.0; 0.0; 1; 1.41894870636e-18; -2.89426773419e-23; 8.89384594617e-20; 0; 0; 0; 0; 0.0; 0.0; 0.0; -1.0; 0.0; 0.0; 0.0; 0.0; 0.0; 1.0;0; 0;0; 0; 
2.8873360157; 91319; 0.0; 0.0; -0.0087476; 0.0; 0.0; 0.0; 0.0; 0.0; 0.0; 0.0; 0.0; 0.0; 0.0; 0.0; 0.0; 0.0; 0.0; 0.0; 0.0; 0.0; 0.0; 0.0; 0.0; 0.0; 0; 0; 0.0; 0.0; 1; 1.41894870636e-18; -2.89426773419e-23; 8.89384594617e-20; 0; 0; 0; 0; 0.0; 0.0; 0.0; -1.0; 0.0; 0.0; 0.0; 0.0; 0.0; 1.0;0; 0;0; 0; 
2.898458004; 91324; 0.0; 0.0; -0.0087724; 0.0; 0.0; 0.0; 0.0; 0.0; 0.0; 0.0; 0.0; 0.0; 0.0; 0.0; 0.0; 0.0; 0.0; 0.0; 0.0; 0.0; 0.0; 0.0; 0.0; 0.0; 0; 0; 0.0; 0.0; 1; 1.41894870636e-18; -2.89426773419e-23; 8.89384594617e-20; 0; 0; 0; 0; 0.0; 0.0; 0.0; -1.0; 0.0; 0.0; 0.0; 0.0; 0.0; 1.0;0; 0;0; 0; 
2.90902900696; 91329; 0.0; 0.0; -0.008806; 0.0; 0.0; 0.0; 0.0; 0.0; 0.0; 0.0; 0.0; 0.0; 0.0; 0.0; 0.0; 0.0; 0.0; 0.0; 0.0; 0.0; 0.0; 0.0; 0.0; 0.0; 0; 0; 0.0; 0.0; 1; 1.41894870636e-18; -2.89426773419e-23; 8.89384594617e-20; 0; 0; 0; 0; 0.0; 0.0; 0.0; -1.0; 0.0; 0.0; 0.0; 0.0; 0.0; 1.0;0; 0;0; 0; 
2.92017197609; 91334; 0.0; 0.0; -0.0088239; 0.0; 0.0; 0.0; 0.0; 0.0; 0.0; 0.0; 0.0; 0.0; 0.0; 0.0; 0.0; 0.0; 0.0; 0.0; 0.0; 0.0; 0.0; 0.0; 0.0; 0.0; 0; 0; 0.0; 0.0; 1; 1.41894870636e-18; -2.89426773419e-23; 8.89384594617e-20; 0; 0; 0; 0; 0.0; 0.0; 0.0; -1.0; 0.0; 0.0; 0.0; 0.0; 0.0; 1.0;0; 0;0; 0; 
2.93229103088; 91339; 0.0; 0.0; -0.0088403; 0.0; 0.0; 0.0; 0.0; 0.0; 0.0; 0.0; 0.0; 0.0; 0.0; 0.0; 0.0; 0.0; 0.0; 0.0; 0.0; 0.0; 0.0; 0.0; 0.0; 0.0; 0; 0; 0.0; 0.0; 1; 1.41894870636e-18; -2.89426773419e-23; 8.89384594617e-20; 0; 0; 0; 0; 0.0; 0.0; 0.0; -1.0; 0.0; 0.0; 0.0; 0.0; 0.0; 1.0;0; 0;0; 0; 
2.94318604469; 91344; 0.0; 0.0; -0.0088279; 0.0; 0.0; 0.0; 0.0; 0.0; 0.0; 0.0; 0.0; 0.0; 0.0; 0.0; 0.0; 0.0; 0.0; 0.0; 0.0; 0.0; 0.0; 0.0; 0.0; 0.0; 0; 0; 0.0; 0.0; 1; 1.41894870636e-18; -2.89426773419e-23; 8.89384594617e-20; 0; 0; 0; 0; 0.0; 0.0; 0.0; -1.0; 0.0; 0.0; 0.0; 0.0; 0.0; 1.0;0; 0;0; 0; 
2.95481514931; 91349; 0.0; 0.0; -0.0088039; 0.0; 0.0; 0.0; 0.0; 0.0; 0.0; 0.0; 0.0; 0.0; 0.0; 0.0; 0.0; 0.0; 0.0; 0.0; 0.0; 0.0; 0.0; 0.0; 0.0; 0.0; 0; 0; 0.0; 0.0; 1; 1.41894870636e-18; -2.89426773419e-23; 8.89384594617e-20; 0; 0; 0; 0; 0.0; 0.0; 0.0; -1.0; 0.0; 0.0; 0.0; 0.0; 0.0; 1.0;0; 0;0; 0; 
2.96632003784; 91354; 0.0; 0.0; -0.0087972; 0.0; 0.0; 0.0; 0.0; 0.0; 0.0; 0.0; 0.0; 0.0; 0.0; 0.0; 0.0; 0.0; 0.0; 0.0; 0.0; 0.0; 0.0; 0.0; 0.0; 0.0; 0; 0; 0.0; 0.0; 1; 1.41894870636e-18; -2.89426773419e-23; 8.89384594617e-20; 0; 0; 0; 0; 0.0; 0.0; 0.0; -1.0; 0.0; 0.0; 0.0; 0.0; 0.0; 1.0;0; 0;0; 0; 
2.97826218605; 91359; 0.0; 0.0; -0.0087602; 0.0; 0.0; 0.0; 0.0; 0.0; 0.0; 0.0; 0.0; 0.0; 0.0; 0.0; 0.0; 0.0; 0.0; 0.0; 0.0; 0.0; 0.0; 0.0; 0.0; 0.0; 0; 0; 0.0; 0.0; 1; 1.41894870636e-18; -2.89426773419e-23; 8.89384594617e-20; 0; 0; 0; 0; 0.0; 0.0; 0.0; -1.0; 0.0; 0.0; 0.0; 0.0; 0.0; 1.0;0; 0;0; 0; 
2.98897314072; 91364; 0.0; 0.0; -0.0086938; 0.0; 0.0; 0.0; 0.0; 0.0; 0.0; 0.0; 0.0; 0.0; 0.0; 0.0; 0.0; 0.0; 0.0; 0.0; 0.0; 0.0; 0.0; 0.0; 0.0; 0.0; 0; 0; 0.0; 0.0; 1; 1.41894870636e-18; -2.89426773419e-23; 8.89384594617e-20; 0; 0; 0; 0; 0.0; 0.0; 0.0; -1.0; 0.0; 0.0; 0.0; 0.0; 0.0; 1.0;0; 0;0; 0; 
3.00099802017; 91369; 0.0; 0.0; -0.0086209; 0.0; 0.0; 0.0; 0.0; 0.0; 0.0; 0.0; 0.0; 0.0; 0.0; 0.0; 0.0; 0.0; 0.0; 0.0; 0.0; 0.0; 0.0; 0.0; 0.0; 0.0; 0; 0; 0.0; 0.0; 1; 1.41894870636e-18; -2.89426773419e-23; 8.89384594617e-20; 0; 0; 0; 0; 0.0; 0.0; 0.0; -1.0; 0.0; 0.0; 0.0; 0.0; 0.0; 1.0;0; 0;0; 0; 
3.01282906532; 91374; 0.0; 0.0; -0.0085598; 0.0; 0.0; 0.0; 0.0; 0.0; 0.0; 0.0; 0.0; 0.0; 0.0; 0.0; 0.0; 0.0; 0.0; 0.0; 0.0; 0.0; 0.0; 0.0; 0.0; 0.0; 0; 0; 0.0; 0.0; 1; 1.41894870636e-18; -2.89426773419e-23; 8.89384594617e-20; 0; 0; 0; 0; 0.0; 0.0; 0.0; -1.0; 0.0; 0.0; 0.0; 0.0; 0.0; 1.0;0; 0;0; 0; 
3.02337813377; 91379; 0.0; 0.0; -0.0085392; 0.0; 0.0; 0.0; 0.0; 0.0; 0.0; 0.0; 0.0; 0.0; 0.0; 0.0; 0.0; 0.0; 0.0; 0.0; 0.0; 0.0; 0.0; 0.0; 0.0; 0.0; 0; 0; 0.0; 0.0; 1; 1.41894870636e-18; -2.89426773419e-23; 8.89384594617e-20; 0; 0; 0; 0; 0.0; 0.0; 0.0; -1.0; 0.0; 0.0; 0.0; 0.0; 0.0; 1.0;0; 0;0; 0; 
3.03674817085; 91384; 0.0; 0.0; -0.0085002; 0.0; 0.0; 0.0; 0.0; 0.0; 0.0; 0.0; 0.0; 0.0; 0.0; 0.0; 0.0; 0.0; 0.0; 0.0; 0.0; 0.0; 0.0; 0.0; 0.0; 0.0; 0; 0; 0.0; 0.0; 1; 1.41894870636e-18; -2.89426773419e-23; 8.89384594617e-20; 0; 0; 0; 0; 0.0; 0.0; 0.0; -1.0; 0.0; 0.0; 0.0; 0.0; 0.0; 1.0;0; 0;0; 0; 
3.04628610611; 91389; 0.0; 0.0; -0.0084903; 0.0; 0.0; 0.0; 0.0; 0.0; 0.0; 0.0; 0.0; 0.0; 0.0; 0.0; 0.0; 0.0; 0.0; 0.0; 0.0; 0.0; 0.0; 0.0; 0.0; 0.0; 0; 0; 0.0; 0.0; 1; 1.41894870636e-18; -2.89426773419e-23; 8.89384594617e-20; 0; 0; 0; 0; 0.0; 0.0; 0.0; -1.0; 0.0; 0.0; 0.0; 0.0; 0.0; 1.0;0; 0;0; 0; 
3.05752301216; 91394; 0.0; 0.0; -0.0085031; 0.0; 0.0; 0.0; 0.0; 0.0; 0.0; 0.0; 0.0; 0.0; 0.0; 0.0; 0.0; 0.0; 0.0; 0.0; 0.0; 0.0; 0.0; 0.0; 0.0; 0.0; 0; 0; 0.0; 0.0; 1; 1.41894870636e-18; -2.89426773419e-23; 8.89384594617e-20; 0; 0; 0; 0; 0.0; 0.0; 0.0; -1.0; 0.0; 0.0; 0.0; 0.0; 0.0; 1.0;0; 0;0; 0; 
3.07013511658; 91399; 0.0; 0.0; -0.0085414; 0.0; 0.0; 0.0; 0.0; 0.0; 0.0; 0.0; 0.0; 0.0; 0.0; 0.0; 0.0; 0.0; 0.0; 0.0; 0.0; 0.0; 0.0; 0.0; 0.0; 0.0; 0; 0; 0.0; 0.0; 1; 1.41894870636e-18; -2.89426773419e-23; 8.89384594617e-20; 0; 0; 0; 0; 0.0; 0.0; 0.0; -1.0; 0.0; 0.0; 0.0; 0.0; 0.0; 1.0;0; 0;0; 0; 
3.08228111267; 91404; 0.0; 0.0; -0.0085998; 0.0; 0.0; 0.0; 0.0; 0.0; 0.0; 0.0; 0.0; 0.0; 0.0; 0.0; 0.0; 0.0; 0.0; 0.0; 0.0; 0.0; 0.0; 0.0; 0.0; 0.0; 0; 0; 0.0; 0.0; 1; 1.41894870636e-18; -2.89426773419e-23; 8.89384594617e-20; 0; 0; 0; 0; 0.0; 0.0; 0.0; -1.0; 0.0; 0.0; 0.0; 0.0; 0.0; 1.0;0; 0;0; 0; 
3.09283614159; 91409; 0.0; 0.0; -0.0086226; 0.0; 0.0; 0.0; 0.0; 0.0; 0.0; 0.0; 0.0; 0.0; 0.0; 0.0; 0.0; 0.0; 0.0; 0.0; 0.0; 0.0; 0.0; 0.0; 0.0; 0.0; 0; 0; 0.0; 0.0; 1; 1.41894870636e-18; -2.89426773419e-23; 8.89384594617e-20; 0; 0; 0; 0; 0.0; 0.0; 0.0; -1.0; 0.0; 0.0; 0.0; 0.0; 0.0; 1.0;0; 0;0; 0; 
3.10460400581; 91414; 0.0; 0.0; -0.008634; 0.0; 0.0; 0.0; 0.0; 0.0; 0.0; 0.0; 0.0; 0.0; 0.0; 0.0; 0.0; 0.0; 0.0; 0.0; 0.0; 0.0; 0.0; 0.0; 0.0; 0.0; 0; 0; 0.0; 0.0; 1; 1.41894870636e-18; -2.89426773419e-23; 8.89384594617e-20; 0; 0; 0; 0; 0.0; 0.0; 0.0; -1.0; 0.0; 0.0; 0.0; 0.0; 0.0; 1.0;0; 0;0; 0; 
3.11572098732; 91419; 0.0; 0.0; -0.0086316; 0.0; 0.0; 0.0; 0.0; 0.0; 0.0; 0.0; 0.0; 0.0; 0.0; 0.0; 0.0; 0.0; 0.0; 0.0; 0.0; 0.0; 0.0; 0.0; 0.0; 0.0; 0; 0; 0.0; 0.0; 1; 1.41894870636e-18; -2.89426773419e-23; 8.89384594617e-20; 0; 0; 0; 0; 0.0; 0.0; 0.0; -1.0; 0.0; 0.0; 0.0; 0.0; 0.0; 1.0;0; 0;0; 0; 
3.12767219543; 91424; 0.0; 0.0; -0.008624; 0.0; 0.0; 0.0; 0.0; 0.0; 0.0; 0.0; 0.0; 0.0; 0.0; 0.0; 0.0; 0.0; 0.0; 0.0; 0.0; 0.0; 0.0; 0.0; 0.0; 0.0; 0; 0; 0.0; 0.0; 1; 1.41894870636e-18; -2.89426773419e-23; 8.89384594617e-20; 0; 0; 0; 0; 0.0; 0.0; 0.0; -1.0; 0.0; 0.0; 0.0; 0.0; 0.0; 1.0;0; 0;0; 0; 
3.14067602158; 91429; 0.0; 0.0; -0.0086323; 0.0; 0.0; 0.0; 0.0; 0.0; 0.0; 0.0; 0.0; 0.0; 0.0; 0.0; 0.0; 0.0; 0.0; 0.0; 0.0; 0.0; 0.0; 0.0; 0.0; 0.0; 0; 0; 0.0; 0.0; 1; 1.41894870636e-18; -2.89426773419e-23; 8.89384594617e-20; 0; 0; 0; 0; 0.0; 0.0; 0.0; -1.0; 0.0; 0.0; 0.0; 0.0; 0.0; 1.0;0; 0;0; 0; 
3.15348815918; 91434; 0.0; 0.0; -0.0086395; 0.0; 0.0; 0.0; 0.0; 0.0; 0.0; 0.0; 0.0; 0.0; 0.0; 0.0; 0.0; 0.0; 0.0; 0.0; 0.0; 0.0; 0.0; 0.0; 0.0; 0.0; 0; 0; 0.0; 0.0; 1; 1.41894870636e-18; -2.89426773419e-23; 8.89384594617e-20; 0; 0; 0; 0; 0.0; 0.0; 0.0; -1.0; 0.0; 0.0; 0.0; 0.0; 0.0; 1.0;0; 0;0; 0; 
3.16535210609; 91439; 0.0; 0.0; -0.008667; 0.0; 0.0; 0.0; 0.0; 0.0; 0.0; 0.0; 0.0; 0.0; 0.0; 0.0; 0.0; 0.0; 0.0; 0.0; 0.0; 0.0; 0.0; 0.0; 0.0; 0.0; 0; 0; 0.0; 0.0; 1; 1.41894870636e-18; -2.89426773419e-23; 8.89384594617e-20; 0; 0; 0; 0; 0.0; 0.0; 0.0; -1.0; 0.0; 0.0; 0.0; 0.0; 0.0; 1.0;0; 0;0; 0; 
3.17702913284; 91444; 0.0; 0.0; -0.0087183; 0.0; 0.0; 0.0; 0.0; 0.0; 0.0; 0.0; 0.0; 0.0; 0.0; 0.0; 0.0; 0.0; 0.0; 0.0; 0.0; 0.0; 0.0; 0.0; 0.0; 0.0; 0; 0; 0.0; 0.0; 1; 1.41894870636e-18; -2.89426773419e-23; 8.89384594617e-20; 0; 0; 0; 0; 0.0; 0.0; 0.0; -1.0; 0.0; 0.0; 0.0; 0.0; 0.0; 1.0;0; 0;0; 0; 
3.18876218796; 91449; 0.0; 0.0; -0.0087527; 0.0; 0.0; 0.0; 0.0; 0.0; 0.0; 0.0; 0.0; 0.0; 0.0; 0.0; 0.0; 0.0; 0.0; 0.0; 0.0; 0.0; 0.0; 0.0; 0.0; 0.0; 0; 0; 0.0; 0.0; 1; 1.41894870636e-18; -2.89426773419e-23; 8.89384594617e-20; 0; 0; 0; 0; 0.0; 0.0; 0.0; -1.0; 0.0; 0.0; 0.0; 0.0; 0.0; 1.0;0; 0;0; 0; 
3.20042014122; 91454; 0.0; 0.0; -0.0087745; 0.0; 0.0; 0.0; 0.0; 0.0; 0.0; 0.0; 0.0; 0.0; 0.0; 0.0; 0.0; 0.0; 0.0; 0.0; 0.0; 0.0; 0.0; 0.0; 0.0; 0.0; 0; 0; 0.0; 0.0; 1; 1.41894870636e-18; -2.89426773419e-23; 8.89384594617e-20; 0; 0; 0; 0; 0.0; 0.0; 0.0; -1.0; 0.0; 0.0; 0.0; 0.0; 0.0; 1.0;0; 0;0; 0; 
3.21144604683; 91459; 0.0; 0.0; -0.00878; 0.0; 0.0; 0.0; 0.0; 0.0; 0.0; 0.0; 0.0; 0.0; 0.0; 0.0; 0.0; 0.0; 0.0; 0.0; 0.0; 0.0; 0.0; 0.0; 0.0; 0.0; 0; 0; 0.0; 0.0; 1; 1.41894870636e-18; -2.89426773419e-23; 8.89384594617e-20; 0; 0; 0; 0; 0.0; 0.0; 0.0; -1.0; 0.0; 0.0; 0.0; 0.0; 0.0; 1.0;0; 0;0; 0; 
3.22383117676; 91464; 0.0; 0.0; -0.0087856; 0.0; 0.0; 0.0; 0.0; 0.0; 0.0; 0.0; 0.0; 0.0; 0.0; 0.0; 0.0; 0.0; 0.0; 0.0; 0.0; 0.0; 0.0; 0.0; 0.0; 0.0; 0; 0; 0.0; 0.0; 1; 1.41894870636e-18; -2.89426773419e-23; 8.89384594617e-20; 0; 0; 0; 0; 0.0; 0.0; 0.0; -1.0; 0.0; 0.0; 0.0; 0.0; 0.0; 1.0;0; 0;0; 0; 
3.23561811447; 91469; 0.0; 0.0; -0.0088018; 0.0; 0.0; 0.0; 0.0; 0.0; 0.0; 0.0; 0.0; 0.0; 0.0; 0.0; 0.0; 0.0; 0.0; 0.0; 0.0; 0.0; 0.0; 0.0; 0.0; 0.0; 0; 0; 0.0; 0.0; 1; 1.41894870636e-18; -2.89426773419e-23; 8.89384594617e-20; 0; 0; 0; 0; 0.0; 0.0; 0.0; -1.0; 0.0; 0.0; 0.0; 0.0; 0.0; 1.0;0; 0;0; 0; 
3.24676799774; 91474; 0.0; 0.0; -0.0088098; 0.0; 0.0; 0.0; 0.0; 0.0; 0.0; 0.0; 0.0; 0.0; 0.0; 0.0; 0.0; 0.0; 0.0; 0.0; 0.0; 0.0; 0.0; 0.0; 0.0; 0.0; 0; 0; 0.0; 0.0; 1; 1.41894870636e-18; -2.89426773419e-23; 8.89384594617e-20; 0; 0; 0; 0; 0.0; 0.0; 0.0; -1.0; 0.0; 0.0; 0.0; 0.0; 0.0; 1.0;0; 0;0; 0; 
3.25801897049; 91479; 0.0; 0.0; -0.0088111; 0.0; 0.0; 0.0; 0.0; 0.0; 0.0; 0.0; 0.0; 0.0; 0.0; 0.0; 0.0; 0.0; 0.0; 0.0; 0.0; 0.0; 0.0; 0.0; 0.0; 0.0; 0; 0; 0.0; 0.0; 1; 1.41894870636e-18; -2.89426773419e-23; 8.89384594617e-20; 0; 0; 0; 0; 0.0; 0.0; 0.0; -1.0; 0.0; 0.0; 0.0; 0.0; 0.0; 1.0;0; 0;0; 0; 
3.26904416084; 91484; 0.0; 0.0; -0.0088459; 0.0; 0.0; 0.0; 0.0; 0.0; 0.0; 0.0; 0.0; 0.0; 0.0; 0.0; 0.0; 0.0; 0.0; 0.0; 0.0; 0.0; 0.0; 0.0; 0.0; 0.0; 0; 0; 0.0; 0.0; 1; 1.41894870636e-18; -2.89426773419e-23; 8.89384594617e-20; 0; 0; 0; 0; 0.0; 0.0; 0.0; -1.0; 0.0; 0.0; 0.0; 0.0; 0.0; 1.0;0; 0;0; 0; 
3.28004217148; 91489; 0.0; 0.0; -0.0088946; 0.0; 0.0; 0.0; 0.0; 0.0; 0.0; 0.0; 0.0; 0.0; 0.0; 0.0; 0.0; 0.0; 0.0; 0.0; 0.0; 0.0; 0.0; 0.0; 0.0; 0.0; 0; 0; 0.0; 0.0; 1; 1.41894870636e-18; -2.89426773419e-23; 8.89384594617e-20; 0; 0; 0; 0; 0.0; 0.0; 0.0; -1.0; 0.0; 0.0; 0.0; 0.0; 0.0; 1.0;0; 0;0; 0; 
3.29180598259; 91494; 0.0; 0.0; -0.0089399; 0.0; 0.0; 0.0; 0.0; 0.0; 0.0; 0.0; 0.0; 0.0; 0.0; 0.0; 0.0; 0.0; 0.0; 0.0; 0.0; 0.0; 0.0; 0.0; 0.0; 0.0; 0; 0; 0.0; 0.0; 1; 1.41894870636e-18; -2.89426773419e-23; 8.89384594617e-20; 0; 0; 0; 0; 0.0; 0.0; 0.0; -1.0; 0.0; 0.0; 0.0; 0.0; 0.0; 1.0;0; 0;0; 0; 
3.30334210396; 91499; 0.0; 0.0; -0.0089418; 0.0; 0.0; 0.0; 0.0; 0.0; 0.0; 0.0; 0.0; 0.0; 0.0; 0.0; 0.0; 0.0; 0.0; 0.0; 0.0; 0.0; 0.0; 0.0; 0.0; 0.0; 0; 0; 0.0; 0.0; 1; 1.41894870636e-18; -2.89426773419e-23; 8.89384594617e-20; 0; 0; 0; 0; 0.0; 0.0; 0.0; -1.0; 0.0; 0.0; 0.0; 0.0; 0.0; 1.0;0; 0;0; 0; 
3.31454110146; 91504; 0.0; 0.0; -0.0089176; 0.0; 0.0; 0.0; 0.0; 0.0; 0.0; 0.0; 0.0; 0.0; 0.0; 0.0; 0.0; 0.0; 0.0; 0.0; 0.0; 0.0; 0.0; 0.0; 0.0; 0.0; 0; 0; 0.0; 0.0; 1; 1.41894870636e-18; -2.89426773419e-23; 8.89384594617e-20; 0; 0; 0; 0; 0.0; 0.0; 0.0; -1.0; 0.0; 0.0; 0.0; 0.0; 0.0; 1.0;0; 0;0; 0; 
3.32510614395; 91509; 0.0; 0.0; -0.0088967; 0.0; 0.0; 0.0; 0.0; 0.0; 0.0; 0.0; 0.0; 0.0; 0.0; 0.0; 0.0; 0.0; 0.0; 0.0; 0.0; 0.0; 0.0; 0.0; 0.0; 0.0; 0; 0; 0.0; 0.0; 1; 1.41894870636e-18; -2.89426773419e-23; 8.89384594617e-20; 0; 0; 0; 0; 0.0; 0.0; 0.0; -1.0; 0.0; 0.0; 0.0; 0.0; 0.0; 1.0;0; 0;0; 0; 
3.33586406708; 91514; 0.0; 0.0; -0.0088558; 0.0; 0.0; 0.0; 0.0; 0.0; 0.0; 0.0; 0.0; 0.0; 0.0; 0.0; 0.0; 0.0; 0.0; 0.0; 0.0; 0.0; 0.0; 0.0; 0.0; 0.0; 0; 0; 0.0; 0.0; 1; 1.41894870636e-18; -2.89426773419e-23; 8.89384594617e-20; 0; 0; 0; 0; 0.0; 0.0; 0.0; -1.0; 0.0; 0.0; 0.0; 0.0; 0.0; 1.0;0; 0;0; 0; 
3.34776306152; 91519; 0.0; 0.0; -0.0087907; 0.0; 0.0; 0.0; 0.0; 0.0; 0.0; 0.0; 0.0; 0.0; 0.0; 0.0; 0.0; 0.0; 0.0; 0.0; 0.0; 0.0; 0.0; 0.0; 0.0; 0.0; 0; 0; 0.0; 0.0; 1; 1.41894870636e-18; -2.89426773419e-23; 8.89384594617e-20; 0; 0; 0; 0; 0.0; 0.0; 0.0; -1.0; 0.0; 0.0; 0.0; 0.0; 0.0; 1.0;0; 0;0; 0; 
3.35945105553; 91524; 0.0; 0.0; -0.0087264; 0.0; 0.0; 0.0; 0.0; 0.0; 0.0; 0.0; 0.0; 0.0; 0.0; 0.0; 0.0; 0.0; 0.0; 0.0; 0.0; 0.0; 0.0; 0.0; 0.0; 0.0; 0; 0; 0.0; 0.0; 1; 1.41894870636e-18; -2.89426773419e-23; 8.89384594617e-20; 0; 0; 0; 0; 0.0; 0.0; 0.0; -1.0; 0.0; 0.0; 0.0; 0.0; 0.0; 1.0;0; 0;0; 0; 
3.37158298492; 91529; 0.0; 0.0; -0.0086806; 0.0; 0.0; 0.0; 0.0; 0.0; 0.0; 0.0; 0.0; 0.0; 0.0; 0.0; 0.0; 0.0; 0.0; 0.0; 0.0; 0.0; 0.0; 0.0; 0.0; 0.0; 0; 0; 0.0; 0.0; 1; 1.41894870636e-18; -2.89426773419e-23; 8.89384594617e-20; 0; 0; 0; 0; 0.0; 0.0; 0.0; -1.0; 0.0; 0.0; 0.0; 0.0; 0.0; 1.0;0; 0;0; 0; 
3.38361215591; 91534; 0.0; 0.0; -0.0086614; 0.0; 0.0; 0.0; 0.0; 0.0; 0.0; 0.0; 0.0; 0.0; 0.0; 0.0; 0.0; 0.0; 0.0; 0.0; 0.0; 0.0; 0.0; 0.0; 0.0; 0.0; 0; 0; 0.0; 0.0; 1; 1.41894870636e-18; -2.89426773419e-23; 8.89384594617e-20; 0; 0; 0; 0; 0.0; 0.0; 0.0; -1.0; 0.0; 0.0; 0.0; 0.0; 0.0; 1.0;0; 0;0; 0; 
3.39504814148; 91539; 0.0; 0.0; -0.008671; 0.0; 0.0; 0.0; 0.0; 0.0; 0.0; 0.0; 0.0; 0.0; 0.0; 0.0; 0.0; 0.0; 0.0; 0.0; 0.0; 0.0; 0.0; 0.0; 0.0; 0.0; 0; 0; 0.0; 0.0; 1; 1.41894870636e-18; -2.89426773419e-23; 8.89384594617e-20; 0; 0; 0; 0; 0.0; 0.0; 0.0; -1.0; 0.0; 0.0; 0.0; 0.0; 0.0; 1.0;0; 0;0; 0; 
3.40645098686; 91544; 0.0; 0.0; -0.0086982; 0.0; 0.0; 0.0; 0.0; 0.0; 0.0; 0.0; 0.0; 0.0; 0.0; 0.0; 0.0; 0.0; 0.0; 0.0; 0.0; 0.0; 0.0; 0.0; 0.0; 0.0; 0; 0; 0.0; 0.0; 1; 1.41894870636e-18; -2.89426773419e-23; 8.89384594617e-20; 0; 0; 0; 0; 0.0; 0.0; 0.0; -1.0; 0.0; 0.0; 0.0; 0.0; 0.0; 1.0;0; 0;0; 0; 
3.41777706146; 91549; 0.0; 0.0; -0.0087511; 0.0; 0.0; 0.0; 0.0; 0.0; 0.0; 0.0; 0.0; 0.0; 0.0; 0.0; 0.0; 0.0; 0.0; 0.0; 0.0; 0.0; 0.0; 0.0; 0.0; 0.0; 0; 0; 0.0; 0.0; 1; 1.41894870636e-18; -2.89426773419e-23; 8.89384594617e-20; 0; 0; 0; 0; 0.0; 0.0; 0.0; -1.0; 0.0; 0.0; 0.0; 0.0; 0.0; 1.0;0; 0;0; 0; 
3.42881011963; 91554; 0.0; 0.0; -0.0088114; 0.0; 0.0; 0.0; 0.0; 0.0; 0.0; 0.0; 0.0; 0.0; 0.0; 0.0; 0.0; 0.0; 0.0; 0.0; 0.0; 0.0; 0.0; 0.0; 0.0; 0.0; 0; 0; 0.0; 0.0; 1; 1.41894870636e-18; -2.89426773419e-23; 8.89384594617e-20; 0; 0; 0; 0; 0.0; 0.0; 0.0; -1.0; 0.0; 0.0; 0.0; 0.0; 0.0; 1.0;0; 0;0; 0; 
3.44091796875; 91559; 0.0; 0.0; -0.008883; 0.0; 0.0; 0.0; 0.0; 0.0; 0.0; 0.0; 0.0; 0.0; 0.0; 0.0; 0.0; 0.0; 0.0; 0.0; 0.0; 0.0; 0.0; 0.0; 0.0; 0.0; 0; 0; 0.0; 0.0; 1; 1.41894870636e-18; -2.89426773419e-23; 8.89384594617e-20; 0; 0; 0; 0; 0.0; 0.0; 0.0; -1.0; 0.0; 0.0; 0.0; 0.0; 0.0; 1.0;0; 0;0; 0; 
3.45501208305; 91564; 0.0; 0.0; -0.0089474; 0.0; 0.0; 0.0; 0.0; 0.0; 0.0; 0.0; 0.0; 0.0; 0.0; 0.0; 0.0; 0.0; 0.0; 0.0; 0.0; 0.0; 0.0; 0.0; 0.0; 0.0; 0; 0; 0.0; 0.0; 1; 1.41894870636e-18; -2.89426773419e-23; 8.89384594617e-20; 0; 0; 0; 0; 0.0; 0.0; 0.0; -1.0; 0.0; 0.0; 0.0; 0.0; 0.0; 1.0;0; 0;0; 0; 
3.46841001511; 91569; 0.0; 0.0; -0.0089966; 0.0; 0.0; 0.0; 0.0; 0.0; 0.0; 0.0; 0.0; 0.0; 0.0; 0.0; 0.0; 0.0; 0.0; 0.0; 0.0; 0.0; 0.0; 0.0; 0.0; 0.0; 0; 0; 0.0; 0.0; 1; 1.41894870636e-18; -2.89426773419e-23; 8.89384594617e-20; 0; 0; 0; 0; 0.0; 0.0; 0.0; -1.0; 0.0; 0.0; 0.0; 0.0; 0.0; 1.0;0; 0;0; 0; 
3.48030114174; 91574; 0.0; 0.0; -0.0090137; 0.0; 0.0; 0.0; 0.0; 0.0; 0.0; 0.0; 0.0; 0.0; 0.0; 0.0; 0.0; 0.0; 0.0; 0.0; 0.0; 0.0; 0.0; 0.0; 0.0; 0.0; 0; 0; 0.0; 0.0; 1; 1.41894870636e-18; -2.89426773419e-23; 8.89384594617e-20; 0; 0; 0; 0; 0.0; 0.0; 0.0; -1.0; 0.0; 0.0; 0.0; 0.0; 0.0; 1.0;0; 0;0; 0; 
3.49329710007; 91579; 0.0; 0.0; -0.00901; 0.0; 0.0; 0.0; 0.0; 0.0; 0.0; 0.0; 0.0; 0.0; 0.0; 0.0; 0.0; 0.0; 0.0; 0.0; 0.0; 0.0; 0.0; 0.0; 0.0; 0.0; 0; 0; 0.0; 0.0; 1; 1.41894870636e-18; -2.89426773419e-23; 8.89384594617e-20; 0; 0; 0; 0; 0.0; 0.0; 0.0; -1.0; 0.0; 0.0; 0.0; 0.0; 0.0; 1.0;0; 0;0; 0; 
3.50629997253; 91584; 0.0; 0.0; -0.0090041; 0.0; 0.0; 0.0; 0.0; 0.0; 0.0; 0.0; 0.0; 0.0; 0.0; 0.0; 0.0; 0.0; 0.0; 0.0; 0.0; 0.0; 0.0; 0.0; 0.0; 0.0; 0; 0; 0.0; 0.0; 1; 1.41894870636e-18; -2.89426773419e-23; 8.89384594617e-20; 0; 0; 0; 0; 0.0; 0.0; 0.0; -1.0; 0.0; 0.0; 0.0; 0.0; 0.0; 1.0;0; 0;0; 0; 
3.51934814453; 91589; 0.0; 0.0; -0.0089844; 0.0; 0.0; 0.0; 0.0; 0.0; 0.0; 0.0; 0.0; 0.0; 0.0; 0.0; 0.0; 0.0; 0.0; 0.0; 0.0; 0.0; 0.0; 0.0; 0.0; 0.0; 0; 0; 0.0; 0.0; 1; 1.41894870636e-18; -2.89426773419e-23; 8.89384594617e-20; 0; 0; 0; 0; 0.0; 0.0; 0.0; -1.0; 0.0; 0.0; 0.0; 0.0; 0.0; 1.0;0; 0;0; 0; 
3.53191304207; 91594; 0.0; 0.0; -0.008958; 0.0; 0.0; 0.0; 0.0; 0.0; 0.0; 0.0; 0.0; 0.0; 0.0; 0.0; 0.0; 0.0; 0.0; 0.0; 0.0; 0.0; 0.0; 0.0; 0.0; 0.0; 0; 0; 0.0; 0.0; 1; 1.41894870636e-18; -2.89426773419e-23; 8.89384594617e-20; 0; 0; 0; 0; 0.0; 0.0; 0.0; -1.0; 0.0; 0.0; 0.0; 0.0; 0.0; 1.0;0; 0;0; 0; 
3.54468512535; 91599; 0.0; 0.0; -0.0089049; 0.0; 0.0; 0.0; 0.0; 0.0; 0.0; 0.0; 0.0; 0.0; 0.0; 0.0; 0.0; 0.0; 0.0; 0.0; 0.0; 0.0; 0.0; 0.0; 0.0; 0.0; 0; 0; 0.0; 0.0; 1; 1.41894870636e-18; -2.89426773419e-23; 8.89384594617e-20; 0; 0; 0; 0; 0.0; 0.0; 0.0; -1.0; 0.0; 0.0; 0.0; 0.0; 0.0; 1.0;0; 0;0; 0; 
3.55559110641; 91604; 0.0; 0.0; -0.0088582; 0.0; 0.0; 0.0; 0.0; 0.0; 0.0; 0.0; 0.0; 0.0; 0.0; 0.0; 0.0; 0.0; 0.0; 0.0; 0.0; 0.0; 0.0; 0.0; 0.0; 0.0; 0; 0; 0.0; 0.0; 1; 1.41894870636e-18; -2.89426773419e-23; 8.89384594617e-20; 0; 0; 0; 0; 0.0; 0.0; 0.0; -1.0; 0.0; 0.0; 0.0; 0.0; 0.0; 1.0;0; 0;0; 0; 
3.56734108925; 91609; 0.0; 0.0; -0.0088324; 0.0; 0.0; 0.0; 0.0; 0.0; 0.0; 0.0; 0.0; 0.0; 0.0; 0.0; 0.0; 0.0; 0.0; 0.0; 0.0; 0.0; 0.0; 0.0; 0.0; 0.0; 0; 0; 0.0; 0.0; 1; 1.41894870636e-18; -2.89426773419e-23; 8.89384594617e-20; 0; 0; 0; 0; 0.0; 0.0; 0.0; -1.0; 0.0; 0.0; 0.0; 0.0; 0.0; 1.0;0; 0;0; 0; 
3.57898402214; 91614; 0.0; 0.0; -0.0088081; 0.0; 0.0; 0.0; 0.0; 0.0; 0.0; 0.0; 0.0; 0.0; 0.0; 0.0; 0.0; 0.0; 0.0; 0.0; 0.0; 0.0; 0.0; 0.0; 0.0; 0.0; 0; 0; 0.0; 0.0; 1; 1.41894870636e-18; -2.89426773419e-23; 8.89384594617e-20; 0; 0; 0; 0; 0.0; 0.0; 0.0; -1.0; 0.0; 0.0; 0.0; 0.0; 0.0; 1.0;0; 0;0; 0; 
3.59130311012; 91619; 0.0; 0.0; -0.0087758; 0.0; 0.0; 0.0; 0.0; 0.0; 0.0; 0.0; 0.0; 0.0; 0.0; 0.0; 0.0; 0.0; 0.0; 0.0; 0.0; 0.0; 0.0; 0.0; 0.0; 0.0; 0; 0; 0.0; 0.0; 1; 1.41894870636e-18; -2.89426773419e-23; 8.89384594617e-20; 0; 0; 0; 0; 0.0; 0.0; 0.0; -1.0; 0.0; 0.0; 0.0; 0.0; 0.0; 1.0;0; 0;0; 0; 
3.60288619995; 91624; 0.0; 0.0; -0.0087301; 0.0; 0.0; 0.0; 0.0; 0.0; 0.0; 0.0; 0.0; 0.0; 0.0; 0.0; 0.0; 0.0; 0.0; 0.0; 0.0; 0.0; 0.0; 0.0; 0.0; 0.0; 0; 0; 0.0; 0.0; 1; 1.41894870636e-18; -2.89426773419e-23; 8.89384594617e-20; 0; 0; 0; 0; 0.0; 0.0; 0.0; -1.0; 0.0; 0.0; 0.0; 0.0; 0.0; 1.0;0; 0;0; 0; 
3.61518907547; 91629; 0.0; 0.0; -0.008681; 0.0; 0.0; 0.0; 0.0; 0.0; 0.0; 0.0; 0.0; 0.0; 0.0; 0.0; 0.0; 0.0; 0.0; 0.0; 0.0; 0.0; 0.0; 0.0; 0.0; 0.0; 0; 0; 0.0; 0.0; 1; 1.41894870636e-18; -2.89426773419e-23; 8.89384594617e-20; 0; 0; 0; 0; 0.0; 0.0; 0.0; -1.0; 0.0; 0.0; 0.0; 0.0; 0.0; 1.0;0; 0;0; 0; 
3.6267490387; 91634; 0.0; 0.0; -0.0086468; 0.0; 0.0; 0.0; 0.0; 0.0; 0.0; 0.0; 0.0; 0.0; 0.0; 0.0; 0.0; 0.0; 0.0; 0.0; 0.0; 0.0; 0.0; 0.0; 0.0; 0.0; 0; 0; 0.0; 0.0; 1; 1.41894870636e-18; -2.89426773419e-23; 8.89384594617e-20; 0; 0; 0; 0; 0.0; 0.0; 0.0; -1.0; 0.0; 0.0; 0.0; 0.0; 0.0; 1.0;0; 0;0; 0; 
3.63938117027; 91639; 0.0; 0.0; -0.0086127; 0.0; 0.0; 0.0; 0.0; 0.0; 0.0; 0.0; 0.0; 0.0; 0.0; 0.0; 0.0; 0.0; 0.0; 0.0; 0.0; 0.0; 0.0; 0.0; 0.0; 0.0; 0; 0; 0.0; 0.0; 1; 1.41894870636e-18; -2.89426773419e-23; 8.89384594617e-20; 0; 0; 0; 0; 0.0; 0.0; 0.0; -1.0; 0.0; 0.0; 0.0; 0.0; 0.0; 1.0;0; 0;0; 0; 
3.65100216866; 91644; 0.0; 0.0; -0.0085906; 0.0; 0.0; 0.0; 0.0; 0.0; 0.0; 0.0; 0.0; 0.0; 0.0; 0.0; 0.0; 0.0; 0.0; 0.0; 0.0; 0.0; 0.0; 0.0; 0.0; 0.0; 0; 0; 0.0; 0.0; 1; 1.41894870636e-18; -2.89426773419e-23; 8.89384594617e-20; 0; 0; 0; 0; 0.0; 0.0; 0.0; -1.0; 0.0; 0.0; 0.0; 0.0; 0.0; 1.0;0; 0;0; 0; 
3.66542220116; 91649; 0.0; 0.0; -0.0085839; 0.0; 0.0; 0.0; 0.0; 0.0; 0.0; 0.0; 0.0; 0.0; 0.0; 0.0; 0.0; 0.0; 0.0; 0.0; 0.0; 0.0; 0.0; 0.0; 0.0; 0.0; 0; 0; 0.0; 0.0; 1; 1.41894870636e-18; -2.89426773419e-23; 8.89384594617e-20; 0; 0; 0; 0; 0.0; 0.0; 0.0; -1.0; 0.0; 0.0; 0.0; 0.0; 0.0; 1.0;0; 0;0; 0; 
3.67552113533; 91654; 0.0; 0.0; -0.0086039; 0.0; 0.0; 0.0; 0.0; 0.0; 0.0; 0.0; 0.0; 0.0; 0.0; 0.0; 0.0; 0.0; 0.0; 0.0; 0.0; 0.0; 0.0; 0.0; 0.0; 0.0; 0; 0; 0.0; 0.0; 1; 1.41894870636e-18; -2.89426773419e-23; 8.89384594617e-20; 0; 0; 0; 0; 0.0; 0.0; 0.0; -1.0; 0.0; 0.0; 0.0; 0.0; 0.0; 1.0;0; 0;0; 0; 
3.68617200851; 91659; 0.0; 0.0; -0.0086467; 0.0; 0.0; 0.0; 0.0; 0.0; 0.0; 0.0; 0.0; 0.0; 0.0; 0.0; 0.0; 0.0; 0.0; 0.0; 0.0; 0.0; 0.0; 0.0; 0.0; 0.0; 0; 0; 0.0; 0.0; 1; 1.41894870636e-18; -2.89426773419e-23; 8.89384594617e-20; 0; 0; 0; 0; 0.0; 0.0; 0.0; -1.0; 0.0; 0.0; 0.0; 0.0; 0.0; 1.0;0; 0;0; 0; 
3.69737410545; 91664; 0.0; 0.0; -0.0087078; 0.0; 0.0; 0.0; 0.0; 0.0; 0.0; 0.0; 0.0; 0.0; 0.0; 0.0; 0.0; 0.0; 0.0; 0.0; 0.0; 0.0; 0.0; 0.0; 0.0; 0.0; 0; 0; 0.0; 0.0; 1; 1.41894870636e-18; -2.89426773419e-23; 8.89384594617e-20; 0; 0; 0; 0; 0.0; 0.0; 0.0; -1.0; 0.0; 0.0; 0.0; 0.0; 0.0; 1.0;0; 0;0; 0; 
3.70865511894; 91669; 0.0; 0.0; -0.0087773; 0.0; 0.0; 0.0; 0.0; 0.0; 0.0; 0.0; 0.0; 0.0; 0.0; 0.0; 0.0; 0.0; 0.0; 0.0; 0.0; 0.0; 0.0; 0.0; 0.0; 0.0; 0; 0; 0.0; 0.0; 1; 1.41894870636e-18; -2.89426773419e-23; 8.89384594617e-20; 0; 0; 0; 0; 0.0; 0.0; 0.0; -1.0; 0.0; 0.0; 0.0; 0.0; 0.0; 1.0;0; 0;0; 0; 
3.72066998482; 91674; 0.0; 0.0; -0.0088457; 0.0; 0.0; 0.0; 0.0; 0.0; 0.0; 0.0; 0.0; 0.0; 0.0; 0.0; 0.0; 0.0; 0.0; 0.0; 0.0; 0.0; 0.0; 0.0; 0.0; 0.0; 0; 0; 0.0; 0.0; 1; 1.41894870636e-18; -2.89426773419e-23; 8.89384594617e-20; 0; 0; 0; 0; 0.0; 0.0; 0.0; -1.0; 0.0; 0.0; 0.0; 0.0; 0.0; 1.0;0; 0;0; 0; 
3.73280000687; 91679; 0.0; 0.0; -0.0088949; 0.0; 0.0; 0.0; 0.0; 0.0; 0.0; 0.0; 0.0; 0.0; 0.0; 0.0; 0.0; 0.0; 0.0; 0.0; 0.0; 0.0; 0.0; 0.0; 0.0; 0.0; 0; 0; 0.0; 0.0; 1; 1.41894870636e-18; -2.89426773419e-23; 8.89384594617e-20; 0; 0; 0; 0; 0.0; 0.0; 0.0; -1.0; 0.0; 0.0; 0.0; 0.0; 0.0; 1.0;0; 0;0; 0; 
3.74419617653; 91684; 0.0; 0.0; -0.0089269; 0.0; 0.0; 0.0; 0.0; 0.0; 0.0; 0.0; 0.0; 0.0; 0.0; 0.0; 0.0; 0.0; 0.0; 0.0; 0.0; 0.0; 0.0; 0.0; 0.0; 0.0; 0; 0; 0.0; 0.0; 1; 1.41894870636e-18; -2.89426773419e-23; 8.89384594617e-20; 0; 0; 0; 0; 0.0; 0.0; 0.0; -1.0; 0.0; 0.0; 0.0; 0.0; 0.0; 1.0;0; 0;0; 0; 
3.75547409058; 91689; 0.0; 0.0; -0.0089359; 0.0; 0.0; 0.0; 0.0; 0.0; 0.0; 0.0; 0.0; 0.0; 0.0; 0.0; 0.0; 0.0; 0.0; 0.0; 0.0; 0.0; 0.0; 0.0; 0.0; 0.0; 0; 0; 0.0; 0.0; 1; 1.41894870636e-18; -2.89426773419e-23; 8.89384594617e-20; 0; 0; 0; 0; 0.0; 0.0; 0.0; -1.0; 0.0; 0.0; 0.0; 0.0; 0.0; 1.0;0; 0;0; 0; 
3.7669301033; 91694; 0.0; 0.0; -0.008934; 0.0; 0.0; 0.0; 0.0; 0.0; 0.0; 0.0; 0.0; 0.0; 0.0; 0.0; 0.0; 0.0; 0.0; 0.0; 0.0; 0.0; 0.0; 0.0; 0.0; 0.0; 0; 0; 0.0; 0.0; 1; 1.41894870636e-18; -2.89426773419e-23; 8.89384594617e-20; 0; 0; 0; 0; 0.0; 0.0; 0.0; -1.0; 0.0; 0.0; 0.0; 0.0; 0.0; 1.0;0; 0;0; 0; 
3.77940416336; 91699; 0.0; 0.0; -0.0089122; 0.0; 0.0; 0.0; 0.0; 0.0; 0.0; 0.0; 0.0; 0.0; 0.0; 0.0; 0.0; 0.0; 0.0; 0.0; 0.0; 0.0; 0.0; 0.0; 0.0; 0.0; 0; 0; 0.0; 0.0; 1; 1.41894870636e-18; -2.89426773419e-23; 8.89384594617e-20; 0; 0; 0; 0; 0.0; 0.0; 0.0; -1.0; 0.0; 0.0; 0.0; 0.0; 0.0; 1.0;0; 0;0; 0; 
3.79330611229; 91704; 0.0; 0.0; -0.0088773; 0.0; 0.0; 0.0; 0.0; 0.0; 0.0; 0.0; 0.0; 0.0; 0.0; 0.0; 0.0; 0.0; 0.0; 0.0; 0.0; 0.0; 0.0; 0.0; 0.0; 0.0; 0; 0; 0.0; 0.0; 1; 1.41894870636e-18; -2.89426773419e-23; 8.89384594617e-20; 0; 0; 0; 0; 0.0; 0.0; 0.0; -1.0; 0.0; 0.0; 0.0; 0.0; 0.0; 1.0;0; 0;0; 0; 
3.80601716042; 91709; 0.0; 0.0; -0.0088531; 0.0; 0.0; 0.0; 0.0; 0.0; 0.0; 0.0; 0.0; 0.0; 0.0; 0.0; 0.0; 0.0; 0.0; 0.0; 0.0; 0.0; 0.0; 0.0; 0.0; 0.0; 0; 0; 0.0; 0.0; 1; 1.41894870636e-18; -2.89426773419e-23; 8.89384594617e-20; 0; 0; 0; 0; 0.0; 0.0; 0.0; -1.0; 0.0; 0.0; 0.0; 0.0; 0.0; 1.0;0; 0;0; 0; 
3.81871414185; 91714; 0.0; 0.0; -0.0088328; 0.0; 0.0; 0.0; 0.0; 0.0; 0.0; 0.0; 0.0; 0.0; 0.0; 0.0; 0.0; 0.0; 0.0; 0.0; 0.0; 0.0; 0.0; 0.0; 0.0; 0.0; 0; 0; 0.0; 0.0; 1; 1.41894870636e-18; -2.89426773419e-23; 8.89384594617e-20; 0; 0; 0; 0; 0.0; 0.0; 0.0; -1.0; 0.0; 0.0; 0.0; 0.0; 0.0; 1.0;0; 0;0; 0; 
3.83085107803; 91719; 0.0; 0.0; -0.0088221; 0.0; 0.0; 0.0; 0.0; 0.0; 0.0; 0.0; 0.0; 0.0; 0.0; 0.0; 0.0; 0.0; 0.0; 0.0; 0.0; 0.0; 0.0; 0.0; 0.0; 0.0; 0; 0; 0.0; 0.0; 1; 1.41894870636e-18; -2.89426773419e-23; 8.89384594617e-20; 0; 0; 0; 0; 0.0; 0.0; 0.0; -1.0; 0.0; 0.0; 0.0; 0.0; 0.0; 1.0;0; 0;0; 0; 
3.84356307983; 91724; 0.0; 0.0; -0.0088152; 0.0; 0.0; 0.0; 0.0; 0.0; 0.0; 0.0; 0.0; 0.0; 0.0; 0.0; 0.0; 0.0; 0.0; 0.0; 0.0; 0.0; 0.0; 0.0; 0.0; 0.0; 0; 0; 0.0; 0.0; 1; 1.41894870636e-18; -2.89426773419e-23; 8.89384594617e-20; 0; 0; 0; 0; 0.0; 0.0; 0.0; -1.0; 0.0; 0.0; 0.0; 0.0; 0.0; 1.0;0; 0;0; 0; 
3.85368609428; 91729; 0.0; 0.0; -0.0087894; 0.0; 0.0; 0.0; 0.0; 0.0; 0.0; 0.0; 0.0; 0.0; 0.0; 0.0; 0.0; 0.0; 0.0; 0.0; 0.0; 0.0; 0.0; 0.0; 0.0; 0.0; 0; 0; 0.0; 0.0; 1; 1.41894870636e-18; -2.89426773419e-23; 8.89384594617e-20; 0; 0; 0; 0; 0.0; 0.0; 0.0; -1.0; 0.0; 0.0; 0.0; 0.0; 0.0; 1.0;0; 0;0; 0; 
3.86482715607; 91734; 0.0; 0.0; -0.0087847; 0.0; 0.0; 0.0; 0.0; 0.0; 0.0; 0.0; 0.0; 0.0; 0.0; 0.0; 0.0; 0.0; 0.0; 0.0; 0.0; 0.0; 0.0; 0.0; 0.0; 0.0; 0; 0; 0.0; 0.0; 1; 1.41894870636e-18; -2.89426773419e-23; 8.89384594617e-20; 0; 0; 0; 0; 0.0; 0.0; 0.0; -1.0; 0.0; 0.0; 0.0; 0.0; 0.0; 1.0;0; 0;0; 0; 
3.87564516068; 91739; 0.0; 0.0; -0.0087759; 0.0; 0.0; 0.0; 0.0; 0.0; 0.0; 0.0; 0.0; 0.0; 0.0; 0.0; 0.0; 0.0; 0.0; 0.0; 0.0; 0.0; 0.0; 0.0; 0.0; 0.0; 0; 0; 0.0; 0.0; 1; 1.41894870636e-18; -2.89426773419e-23; 8.89384594617e-20; 0; 0; 0; 0; 0.0; 0.0; 0.0; -1.0; 0.0; 0.0; 0.0; 0.0; 0.0; 1.0;0; 0;0; 0; 
3.88716816902; 91744; 0.0; 0.0; -0.0087743; 0.0; 0.0; 0.0; 0.0; 0.0; 0.0; 0.0; 0.0; 0.0; 0.0; 0.0; 0.0; 0.0; 0.0; 0.0; 0.0; 0.0; 0.0; 0.0; 0.0; 0.0; 0; 0; 0.0; 0.0; 1; 1.41894870636e-18; -2.89426773419e-23; 8.89384594617e-20; 0; 0; 0; 0; 0.0; 0.0; 0.0; -1.0; 0.0; 0.0; 0.0; 0.0; 0.0; 1.0;0; 0;0; 0; 
3.89893603325; 91749; 0.0; 0.0; -0.008763; 0.0; 0.0; 0.0; 0.0; 0.0; 0.0; 0.0; 0.0; 0.0; 0.0; 0.0; 0.0; 0.0; 0.0; 0.0; 0.0; 0.0; 0.0; 0.0; 0.0; 0.0; 0; 0; 0.0; 0.0; 1; 1.41894870636e-18; -2.89426773419e-23; 8.89384594617e-20; 0; 0; 0; 0; 0.0; 0.0; 0.0; -1.0; 0.0; 0.0; 0.0; 0.0; 0.0; 1.0;0; 0;0; 0; 
3.91023802757; 91754; 0.0; 0.0; -0.0087461; 0.0; 0.0; 0.0; 0.0; 0.0; 0.0; 0.0; 0.0; 0.0; 0.0; 0.0; 0.0; 0.0; 0.0; 0.0; 0.0; 0.0; 0.0; 0.0; 0.0; 0.0; 0; 0; 0.0; 0.0; 1; 1.41894870636e-18; -2.89426773419e-23; 8.89384594617e-20; 0; 0; 0; 0; 0.0; 0.0; 0.0; -1.0; 0.0; 0.0; 0.0; 0.0; 0.0; 1.0;0; 0;0; 0; 
3.92145419121; 91759; 0.0; 0.0; -0.0087617; 0.0; 0.0; 0.0; 0.0; 0.0; 0.0; 0.0; 0.0; 0.0; 0.0; 0.0; 0.0; 0.0; 0.0; 0.0; 0.0; 0.0; 0.0; 0.0; 0.0; 0.0; 0; 0; 0.0; 0.0; 1; 1.41894870636e-18; -2.89426773419e-23; 8.89384594617e-20; 0; 0; 0; 0; 0.0; 0.0; 0.0; -1.0; 0.0; 0.0; 0.0; 0.0; 0.0; 1.0;0; 0;0; 0; 
3.93331813812; 91764; 0.0; 0.0; -0.0087912; 0.0; 0.0; 0.0; 0.0; 0.0; 0.0; 0.0; 0.0; 0.0; 0.0; 0.0; 0.0; 0.0; 0.0; 0.0; 0.0; 0.0; 0.0; 0.0; 0.0; 0.0; 0; 0; 0.0; 0.0; 1; 1.41894870636e-18; -2.89426773419e-23; 8.89384594617e-20; 0; 0; 0; 0; 0.0; 0.0; 0.0; -1.0; 0.0; 0.0; 0.0; 0.0; 0.0; 1.0;0; 0;0; 0; 
3.94568014145; 91770; 0.0; 0.0; -0.0088161; 0.0; 0.0; 0.0; 0.0; 0.0; 0.0; 0.0; 0.0; 0.0; 0.0; 0.0; 0.0; 0.0; 0.0; 0.0; 0.0; 0.0; 0.0; 0.0; 0.0; 0.0; 0; 0; 0.0; 0.0; 1; 1.41894870636e-18; -2.89426773419e-23; 8.89384594617e-20; 0; 0; 0; 0; 0.0; 0.0; 0.0; -1.0; 0.0; 0.0; 0.0; 0.0; 0.0; 1.0;0; 0;0; 0; 
3.95710015297; 91775; 0.0; 0.0; -0.0088341; 0.0; 0.0; 0.0; 0.0; 0.0; 0.0; 0.0; 0.0; 0.0; 0.0; 0.0; 0.0; 0.0; 0.0; 0.0; 0.0; 0.0; 0.0; 0.0; 0.0; 0.0; 0; 0; 0.0; 0.0; 1; 1.41894870636e-18; -2.89426773419e-23; 8.89384594617e-20; 0; 0; 0; 0; 0.0; 0.0; 0.0; -1.0; 0.0; 0.0; 0.0; 0.0; 0.0; 1.0;0; 0;0; 0; 
3.96901106834; 91780; 0.0; 0.0; -0.0088356; 0.0; 0.0; 0.0; 0.0; 0.0; 0.0; 0.0; 0.0; 0.0; 0.0; 0.0; 0.0; 0.0; 0.0; 0.0; 0.0; 0.0; 0.0; 0.0; 0.0; 0.0; 0; 0; 0.0; 0.0; 1; 1.41894870636e-18; -2.89426773419e-23; 8.89384594617e-20; 0; 0; 0; 0; 0.0; 0.0; 0.0; -1.0; 0.0; 0.0; 0.0; 0.0; 0.0; 1.0;0; 0;0; 0; 
3.98108005524; 91785; 0.0; 0.0; -0.008854; 0.0; 0.0; 0.0; 0.0; 0.0; 0.0; 0.0; 0.0; 0.0; 0.0; 0.0; 0.0; 0.0; 0.0; 0.0; 0.0; 0.0; 0.0; 0.0; 0.0; 0.0; 0; 0; 0.0; 0.0; 1; 1.41894870636e-18; -2.89426773419e-23; 8.89384594617e-20; 0; 0; 0; 0; 0.0; 0.0; 0.0; -1.0; 0.0; 0.0; 0.0; 0.0; 0.0; 1.0;0; 0;0; 0; 
3.99214220047; 91790; 0.0; 0.0; -0.0088647; 0.0; 0.0; 0.0; 0.0; 0.0; 0.0; 0.0; 0.0; 0.0; 0.0; 0.0; 0.0; 0.0; 0.0; 0.0; 0.0; 0.0; 0.0; 0.0; 0.0; 0.0; 0; 0; 0.0; 0.0; 1; 1.41894870636e-18; -2.89426773419e-23; 8.89384594617e-20; 0; 0; 0; 0; 0.0; 0.0; 0.0; -1.0; 0.0; 0.0; 0.0; 0.0; 0.0; 1.0;0; 0;0; 0; 
4.00345802307; 91795; 0.0; 0.0; -0.008852; 0.0; 0.0; 0.0; 0.0; 0.0; 0.0; 0.0; 0.0; 0.0; 0.0; 0.0; 0.0; 0.0; 0.0; 0.0; 0.0; 0.0; 0.0; 0.0; 0.0; 0.0; 0; 0; 0.0; 0.0; 1; 1.23059932958e-18; -7.19937172036e-27; 9.08737603396e-20; 0; 0; 0; 0; 0.0; 0.0; 0.0; -1.0; 0.0; 0.0; 0.0; 0.0; 0.0; 1.0;0; 0;0; 0; 
4.01457309723; 91800; 0.0; 0.0; -0.0088358; 0.0; 0.0; 0.0; 0.0; 0.0; 0.0; 0.0; 0.0; 0.0; 0.0; 0.0; 0.0; 0.0; 0.0; 0.0; 0.0; 0.0; 0.0; 0.0; 0.0; 0.0; 0; 0; 0.0; 0.0; 1; 1.23059932958e-18; -7.19937172036e-27; 9.08737603396e-20; 0; 0; 0; 0; 0.0; 0.0; 0.0; -1.0; 0.0; 0.0; 0.0; 0.0; 0.0; 1.0;0; 0;0; 0; 
4.02603816986; 91805; 0.0; 0.0; -0.0088349; 0.0; 0.0; 0.0; 0.0; 0.0; 0.0; 0.0; 0.0; 0.0; 0.0; 0.0; 0.0; 0.0; 0.0; 0.0; 0.0; 0.0; 0.0; 0.0; 0.0; 0.0; 0; 0; 0.0; 0.0; 1; 1.23059932958e-18; -7.19937172036e-27; 9.08737603396e-20; 0; 0; 0; 0; 0.0; 0.0; 0.0; -1.0; 0.0; 0.0; 0.0; 0.0; 0.0; 1.0;0; 0;0; 0; 
4.0379011631; 91810; 0.0; 0.0; -0.0088525; 0.0; 0.0; 0.0; 0.0; 0.0; 0.0; 0.0; 0.0; 0.0; 0.0; 0.0; 0.0; 0.0; 0.0; 0.0; 0.0; 0.0; 0.0; 0.0; 0.0; 0.0; 0; 0; 0.0; 0.0; 1; 1.23059932958e-18; -7.19937172036e-27; 9.08737603396e-20; 0; 0; 0; 0; 0.0; 0.0; 0.0; -1.0; 0.0; 0.0; 0.0; 0.0; 0.0; 1.0;0; 0;0; 0; 
4.04986906052; 91815; 0.0; 0.0; -0.0088764; 0.0; 0.0; 0.0; 0.0; 0.0; 0.0; 0.0; 0.0; 0.0; 0.0; 0.0; 0.0; 0.0; 0.0; 0.0; 0.0; 0.0; 0.0; 0.0; 0.0; 0.0; 0; 0; 0.0; 0.0; 1; 1.23059932958e-18; -7.19937172036e-27; 9.08737603396e-20; 0; 0; 0; 0; 0.0; 0.0; 0.0; -1.0; 0.0; 0.0; 0.0; 0.0; 0.0; 1.0;0; 0;0; 0; 
4.06154608727; 91820; 0.0; 0.0; -0.0088861; 0.0; 0.0; 0.0; 0.0; 0.0; 0.0; 0.0; 0.0; 0.0; 0.0; 0.0; 0.0; 0.0; 0.0; 0.0; 0.0; 0.0; 0.0; 0.0; 0.0; 0.0; 0; 0; 0.0; 0.0; 1; 1.23059932958e-18; -7.19937172036e-27; 9.08737603396e-20; 0; 0; 0; 0; 0.0; 0.0; 0.0; -1.0; 0.0; 0.0; 0.0; 0.0; 0.0; 1.0;0; 0;0; 0; 
4.07284617424; 91825; 0.0; 0.0; -0.0088913; 0.0; 0.0; 0.0; 0.0; 0.0; 0.0; 0.0; 0.0; 0.0; 0.0; 0.0; 0.0; 0.0; 0.0; 0.0; 0.0; 0.0; 0.0; 0.0; 0.0; 0.0; 0; 0; 0.0; 0.0; 1; 1.23059932958e-18; -7.19937172036e-27; 9.08737603396e-20; 0; 0; 0; 0; 0.0; 0.0; 0.0; -1.0; 0.0; 0.0; 0.0; 0.0; 0.0; 1.0;0; 0;0; 0; 
4.0853331089; 91830; 0.0; 0.0; -0.0088961; 0.0; 0.0; 0.0; 0.0; 0.0; 0.0; 0.0; 0.0; 0.0; 0.0; 0.0; 0.0; 0.0; 0.0; 0.0; 0.0; 0.0; 0.0; 0.0; 0.0; 0.0; 0; 0; 0.0; 0.0; 1; 1.23059932958e-18; -7.19937172036e-27; 9.08737603396e-20; 0; 0; 0; 0; 0.0; 0.0; 0.0; -1.0; 0.0; 0.0; 0.0; 0.0; 0.0; 1.0;0; 0;0; 0; 
4.09775209427; 91835; 0.0; 0.0; -0.0088951; 0.0; 0.0; 0.0; 0.0; 0.0; 0.0; 0.0; 0.0; 0.0; 0.0; 0.0; 0.0; 0.0; 0.0; 0.0; 0.0; 0.0; 0.0; 0.0; 0.0; 0.0; 0; 0; 0.0; 0.0; 1; 1.23059932958e-18; -7.19937172036e-27; 9.08737603396e-20; 0; 0; 0; 0; 0.0; 0.0; 0.0; -1.0; 0.0; 0.0; 0.0; 0.0; 0.0; 1.0;0; 0;0; 0; 
4.10891318321; 91840; 0.0; 0.0; -0.0089017; 0.0; 0.0; 0.0; 0.0; 0.0; 0.0; 0.0; 0.0; 0.0; 0.0; 0.0; 0.0; 0.0; 0.0; 0.0; 0.0; 0.0; 0.0; 0.0; 0.0; 0.0; 0; 0; 0.0; 0.0; 1; 1.23059932958e-18; -7.19937172036e-27; 9.08737603396e-20; 0; 0; 0; 0; 0.0; 0.0; 0.0; -1.0; 0.0; 0.0; 0.0; 0.0; 0.0; 1.0;0; 0;0; 0; 
4.11984300613; 91845; 0.0; 0.0; -0.0088812; 0.0; 0.0; 0.0; 0.0; 0.0; 0.0; 0.0; 0.0; 0.0; 0.0; 0.0; 0.0; 0.0; 0.0; 0.0; 0.0; 0.0; 0.0; 0.0; 0.0; 0.0; 0; 0; 0.0; 0.0; 1; 1.23059932958e-18; -7.19937172036e-27; 9.08737603396e-20; 0; 0; 0; 0; 0.0; 0.0; 0.0; -1.0; 0.0; 0.0; 0.0; 0.0; 0.0; 1.0;0; 0;0; 0; 
4.13153815269; 91850; 0.0; 0.0; -0.0088733; 0.0; 0.0; 0.0; 0.0; 0.0; 0.0; 0.0; 0.0; 0.0; 0.0; 0.0; 0.0; 0.0; 0.0; 0.0; 0.0; 0.0; 0.0; 0.0; 0.0; 0.0; 0; 0; 0.0; 0.0; 1; 1.23059932958e-18; -7.19937172036e-27; 9.08737603396e-20; 0; 0; 0; 0; 0.0; 0.0; 0.0; -1.0; 0.0; 0.0; 0.0; 0.0; 0.0; 1.0;0; 0;0; 0; 
4.14322805405; 91855; 0.0; 0.0; -0.0088538; 0.0; 0.0; 0.0; 0.0; 0.0; 0.0; 0.0; 0.0; 0.0; 0.0; 0.0; 0.0; 0.0; 0.0; 0.0; 0.0; 0.0; 0.0; 0.0; 0.0; 0.0; 0; 0; 0.0; 0.0; 1; 1.23059932958e-18; -7.19937172036e-27; 9.08737603396e-20; 0; 0; 0; 0; 0.0; 0.0; 0.0; -1.0; 0.0; 0.0; 0.0; 0.0; 0.0; 1.0;0; 0;0; 0; 
4.15473604202; 91860; 0.0; 0.0; -0.0088132; 0.0; 0.0; 0.0; 0.0; 0.0; 0.0; 0.0; 0.0; 0.0; 0.0; 0.0; 0.0; 0.0; 0.0; 0.0; 0.0; 0.0; 0.0; 0.0; 0.0; 0.0; 0; 0; 0.0; 0.0; 1; 1.23059932958e-18; -7.19937172036e-27; 9.08737603396e-20; 0; 0; 0; 0; 0.0; 0.0; 0.0; -1.0; 0.0; 0.0; 0.0; 0.0; 0.0; 1.0;0; 0;0; 0; 
4.16620707512; 91865; 0.0; 0.0; -0.0087549; 0.0; 0.0; 0.0; 0.0; 0.0; 0.0; 0.0; 0.0; 0.0; 0.0; 0.0; 0.0; 0.0; 0.0; 0.0; 0.0; 0.0; 0.0; 0.0; 0.0; 0.0; 0; 0; 0.0; 0.0; 1; 1.23059932958e-18; -7.19937172036e-27; 9.08737603396e-20; 0; 0; 0; 0; 0.0; 0.0; 0.0; -1.0; 0.0; 0.0; 0.0; 0.0; 0.0; 1.0;0; 0;0; 0; 
4.1773660183; 91870; 0.0; 0.0; -0.0087075; 0.0; 0.0; 0.0; 0.0; 0.0; 0.0; 0.0; 0.0; 0.0; 0.0; 0.0; 0.0; 0.0; 0.0; 0.0; 0.0; 0.0; 0.0; 0.0; 0.0; 0.0; 0; 0; 0.0; 0.0; 1; 1.23059932958e-18; -7.19937172036e-27; 9.08737603396e-20; 0; 0; 0; 0; 0.0; 0.0; 0.0; -1.0; 0.0; 0.0; 0.0; 0.0; 0.0; 1.0;0; 0;0; 0; 
4.18863606453; 91875; 0.0; 0.0; -0.0086746; 0.0; 0.0; 0.0; 0.0; 0.0; 0.0; 0.0; 0.0; 0.0; 0.0; 0.0; 0.0; 0.0; 0.0; 0.0; 0.0; 0.0; 0.0; 0.0; 0.0; 0.0; 0; 0; 0.0; 0.0; 1; 1.23059932958e-18; -7.19937172036e-27; 9.08737603396e-20; 0; 0; 0; 0; 0.0; 0.0; 0.0; -1.0; 0.0; 0.0; 0.0; 0.0; 0.0; 1.0;0; 0;0; 0; 
4.2000310421; 91880; 0.0; 0.0; -0.0086313; 0.0; 0.0; 0.0; 0.0; 0.0; 0.0; 0.0; 0.0; 0.0; 0.0; 0.0; 0.0; 0.0; 0.0; 0.0; 0.0; 0.0; 0.0; 0.0; 0.0; 0.0; 0; 0; 0.0; 0.0; 1; 1.23059932958e-18; -7.19937172036e-27; 9.08737603396e-20; 0; 0; 0; 0; 0.0; 0.0; 0.0; -1.0; 0.0; 0.0; 0.0; 0.0; 0.0; 1.0;0; 0;0; 0; 
4.21163010597; 91885; 0.0; 0.0; -0.0086015; 0.0; 0.0; 0.0; 0.0; 0.0; 0.0; 0.0; 0.0; 0.0; 0.0; 0.0; 0.0; 0.0; 0.0; 0.0; 0.0; 0.0; 0.0; 0.0; 0.0; 0.0; 0; 0; 0.0; 0.0; 1; 1.23059932958e-18; -7.19937172036e-27; 9.08737603396e-20; 0; 0; 0; 0; 0.0; 0.0; 0.0; -1.0; 0.0; 0.0; 0.0; 0.0; 0.0; 1.0;0; 0;0; 0; 
4.22315406799; 91890; 0.0; 0.0; -0.0085921; 0.0; 0.0; 0.0; 0.0; 0.0; 0.0; 0.0; 0.0; 0.0; 0.0; 0.0; 0.0; 0.0; 0.0; 0.0; 0.0; 0.0; 0.0; 0.0; 0.0; 0.0; 0; 0; 0.0; 0.0; 1; 1.23059932958e-18; -7.19937172036e-27; 9.08737603396e-20; 0; 0; 0; 0; 0.0; 0.0; 0.0; -1.0; 0.0; 0.0; 0.0; 0.0; 0.0; 1.0;0; 0;0; 0; 
4.23437905312; 91895; 0.0; 0.0; -0.008645; 0.0; 0.0; 0.0; 0.0; 0.0; 0.0; 0.0; 0.0; 0.0; 0.0; 0.0; 0.0; 0.0; 0.0; 0.0; 0.0; 0.0; 0.0; 0.0; 0.0; 0.0; 0; 0; 0.0; 0.0; 1; 1.41894870635e-18; -2.89426541451e-23; 8.89384594617e-20; 0; 0; 0; 0; 0.0; 0.0; 0.0; -1.0; 0.0; 0.0; 0.0; 0.0; 0.0; 1.0;0; 0;0; 0; 
4.24674916267; 91900; 0.0; 0.0; -0.0087203; 0.0; 0.0; 0.0; 0.0; 0.0; 0.0; 0.0; 0.0; 0.0; 0.0; 0.0; 0.0; 0.0; 0.0; 0.0; 0.0; 0.0; 0.0; 0.0; 0.0; 0.0; 0; 0; 0.0; 0.0; 1; 1.41894870635e-18; -2.89426541451e-23; 8.89384594617e-20; 0; 0; 0; 0; 0.0; 0.0; 0.0; -1.0; 0.0; 0.0; 0.0; 0.0; 0.0; 1.0;0; 0;0; 0; 
4.25827598572; 91905; 0.0; 0.0; -0.0087522; 0.0; 0.0; 0.0; 0.0; 0.0; 0.0; 0.0; 0.0; 0.0; 0.0; 0.0; 0.0; 0.0; 0.0; 0.0; 0.0; 0.0; 0.0; 0.0; 0.0; 0.0; 0; 0; 0.0; 0.0; 1; 1.41894870635e-18; -2.89426541451e-23; 8.89384594617e-20; 0; 0; 0; 0; 0.0; 0.0; 0.0; -1.0; 0.0; 0.0; 0.0; 0.0; 0.0; 1.0;0; 0;0; 0; 
4.269562006; 91910; 0.0; 0.0; -0.0087562; 0.0; 0.0; 0.0; 0.0; 0.0; 0.0; 0.0; 0.0; 0.0; 0.0; 0.0; 0.0; 0.0; 0.0; 0.0; 0.0; 0.0; 0.0; 0.0; 0.0; 0.0; 0; 0; 0.0; 0.0; 1; 1.41894870635e-18; -2.89426541451e-23; 8.89384594617e-20; 0; 0; 0; 0; 0.0; 0.0; 0.0; -1.0; 0.0; 0.0; 0.0; 0.0; 0.0; 1.0;0; 0;0; 0; 
4.28132820129; 91915; 0.0; 0.0; -0.0087648; 0.0; 0.0; 0.0; 0.0; 0.0; 0.0; 0.0; 0.0; 0.0; 0.0; 0.0; 0.0; 0.0; 0.0; 0.0; 0.0; 0.0; 0.0; 0.0; 0.0; 0.0; 0; 0; 0.0; 0.0; 1; 1.41894870635e-18; -2.89426541451e-23; 8.89384594617e-20; 0; 0; 0; 0; 0.0; 0.0; 0.0; -1.0; 0.0; 0.0; 0.0; 0.0; 0.0; 1.0;0; 0;0; 0; 
4.2936899662; 91920; 0.0; 0.0; -0.0087763; 0.0; 0.0; 0.0; 0.0; 0.0; 0.0; 0.0; 0.0; 0.0; 0.0; 0.0; 0.0; 0.0; 0.0; 0.0; 0.0; 0.0; 0.0; 0.0; 0.0; 0.0; 0; 0; 0.0; 0.0; 1; 1.41894870635e-18; -2.89426541451e-23; 8.89384594617e-20; 0; 0; 0; 0; 0.0; 0.0; 0.0; -1.0; 0.0; 0.0; 0.0; 0.0; 0.0; 1.0;0; 0;0; 0; 
4.30600810051; 91925; 0.0; 0.0; -0.0087792; 0.0; 0.0; 0.0; 0.0; 0.0; 0.0; 0.0; 0.0; 0.0; 0.0; 0.0; 0.0; 0.0; 0.0; 0.0; 0.0; 0.0; 0.0; 0.0; 0.0; 0.0; 0; 0; 0.0; 0.0; 1; 1.41894870635e-18; -2.89426541451e-23; 8.89384594617e-20; 0; 0; 0; 0; 0.0; 0.0; 0.0; -1.0; 0.0; 0.0; 0.0; 0.0; 0.0; 1.0;0; 0;0; 0; 
4.3170311451; 91930; 0.0; 0.0; -0.0087391; 0.0; 0.0; 0.0; 0.0; 0.0; 0.0; 0.0; 0.0; 0.0; 0.0; 0.0; 0.0; 0.0; 0.0; 0.0; 0.0; 0.0; 0.0; 0.0; 0.0; 0.0; 0; 0; 0.0; 0.0; 1; 1.41894870635e-18; -2.89426541451e-23; 8.89384594617e-20; 0; 0; 0; 0; 0.0; 0.0; 0.0; -1.0; 0.0; 0.0; 0.0; 0.0; 0.0; 1.0;0; 0;0; 0; 
4.32848000526; 91935; 0.0; 0.0; -0.0087293; 0.0; 0.0; 0.0; 0.0; 0.0; 0.0; 0.0; 0.0; 0.0; 0.0; 0.0; 0.0; 0.0; 0.0; 0.0; 0.0; 0.0; 0.0; 0.0; 0.0; 0.0; 0; 0; 0.0; 0.0; 1; 1.41894870635e-18; -2.89426541451e-23; 8.89384594617e-20; 0; 0; 0; 0; 0.0; 0.0; 0.0; -1.0; 0.0; 0.0; 0.0; 0.0; 0.0; 1.0;0; 0;0; 0; 
4.34061098099; 91940; 0.0; 0.0; -0.0087583; 0.0; 0.0; 0.0; 0.0; 0.0; 0.0; 0.0; 0.0; 0.0; 0.0; 0.0; 0.0; 0.0; 0.0; 0.0; 0.0; 0.0; 0.0; 0.0; 0.0; 0.0; 0; 0; 0.0; 0.0; 1; 1.41894870635e-18; -2.89426541451e-23; 8.89384594617e-20; 0; 0; 0; 0; 0.0; 0.0; 0.0; -1.0; 0.0; 0.0; 0.0; 0.0; 0.0; 1.0;0; 0;0; 0; 
4.35312104225; 91945; 0.0; 0.0; -0.008786; 0.0; 0.0; 0.0; 0.0; 0.0; 0.0; 0.0; 0.0; 0.0; 0.0; 0.0; 0.0; 0.0; 0.0; 0.0; 0.0; 0.0; 0.0; 0.0; 0.0; 0.0; 0; 0; 0.0; 0.0; 1; 1.41894870635e-18; -2.89426541451e-23; 8.89384594617e-20; 0; 0; 0; 0; 0.0; 0.0; 0.0; -1.0; 0.0; 0.0; 0.0; 0.0; 0.0; 1.0;0; 0;0; 0; 
4.36516904831; 91950; 0.0; 0.0; -0.0088057; 0.0; 0.0; 0.0; 0.0; 0.0; 0.0; 0.0; 0.0; 0.0; 0.0; 0.0; 0.0; 0.0; 0.0; 0.0; 0.0; 0.0; 0.0; 0.0; 0.0; 0.0; 0; 0; 0.0; 0.0; 1; 1.41894870635e-18; -2.89426541451e-23; 8.89384594617e-20; 0; 0; 0; 0; 0.0; 0.0; 0.0; -1.0; 0.0; 0.0; 0.0; 0.0; 0.0; 1.0;0; 0;0; 0; 
4.37730717659; 91955; 0.0; 0.0; -0.0088113; 0.0; 0.0; 0.0; 0.0; 0.0; 0.0; 0.0; 0.0; 0.0; 0.0; 0.0; 0.0; 0.0; 0.0; 0.0; 0.0; 0.0; 0.0; 0.0; 0.0; 0.0; 0; 0; 0.0; 0.0; 1; 1.41894870635e-18; -2.89426541451e-23; 8.89384594617e-20; 0; 0; 0; 0; 0.0; 0.0; 0.0; -1.0; 0.0; 0.0; 0.0; 0.0; 0.0; 1.0;0; 0;0; 0; 
4.38934707642; 91960; 0.0; 0.0; -0.0088136; 0.0; 0.0; 0.0; 0.0; 0.0; 0.0; 0.0; 0.0; 0.0; 0.0; 0.0; 0.0; 0.0; 0.0; 0.0; 0.0; 0.0; 0.0; 0.0; 0.0; 0.0; 0; 0; 0.0; 0.0; 1; 1.41894870635e-18; -2.89426541451e-23; 8.89384594617e-20; 0; 0; 0; 0; 0.0; 0.0; 0.0; -1.0; 0.0; 0.0; 0.0; 0.0; 0.0; 1.0;0; 0;0; 0; 
4.40161514282; 91965; 0.0; 0.0; -0.008813; 0.0; 0.0; 0.0; 0.0; 0.0; 0.0; 0.0; 0.0; 0.0; 0.0; 0.0; 0.0; 0.0; 0.0; 0.0; 0.0; 0.0; 0.0; 0.0; 0.0; 0.0; 0; 0; 0.0; 0.0; 1; 1.41894870635e-18; -2.89426541451e-23; 8.89384594617e-20; 0; 0; 0; 0; 0.0; 0.0; 0.0; -1.0; 0.0; 0.0; 0.0; 0.0; 0.0; 1.0;0; 0;0; 0; 
4.41380906105; 91970; 0.0; 0.0; -0.0088078; 0.0; 0.0; 0.0; 0.0; 0.0; 0.0; 0.0; 0.0; 0.0; 0.0; 0.0; 0.0; 0.0; 0.0; 0.0; 0.0; 0.0; 0.0; 0.0; 0.0; 0.0; 0; 0; 0.0; 0.0; 1; 1.41894870635e-18; -2.89426541451e-23; 8.89384594617e-20; 0; 0; 0; 0; 0.0; 0.0; 0.0; -1.0; 0.0; 0.0; 0.0; 0.0; 0.0; 1.0;0; 0;0; 0; 
4.42505311966; 91975; 0.0; 0.0; -0.0087964; 0.0; 0.0; 0.0; 0.0; 0.0; 0.0; 0.0; 0.0; 0.0; 0.0; 0.0; 0.0; 0.0; 0.0; 0.0; 0.0; 0.0; 0.0; 0.0; 0.0; 0.0; 0; 0; 0.0; 0.0; 1; 1.41894870635e-18; -2.89426541451e-23; 8.89384594617e-20; 0; 0; 0; 0; 0.0; 0.0; 0.0; -1.0; 0.0; 0.0; 0.0; 0.0; 0.0; 1.0;0; 0;0; 0; 
4.43619608879; 91980; 0.0; 0.0; -0.0088041; 0.0; 0.0; 0.0; 0.0; 0.0; 0.0; 0.0; 0.0; 0.0; 0.0; 0.0; 0.0; 0.0; 0.0; 0.0; 0.0; 0.0; 0.0; 0.0; 0.0; 0.0; 0; 0; 0.0; 0.0; 1; 1.41894870635e-18; -2.89426541451e-23; 8.89384594617e-20; 0; 0; 0; 0; 0.0; 0.0; 0.0; -1.0; 0.0; 0.0; 0.0; 0.0; 0.0; 1.0;0; 0;0; 0; 
4.44771313667; 91985; 0.0; 0.0; -0.0088159; 0.0; 0.0; 0.0; 0.0; 0.0; 0.0; 0.0; 0.0; 0.0; 0.0; 0.0; 0.0; 0.0; 0.0; 0.0; 0.0; 0.0; 0.0; 0.0; 0.0; 0.0; 0; 0; 0.0; 0.0; 1; 1.41894870635e-18; -2.89426541451e-23; 8.89384594617e-20; 0; 0; 0; 0; 0.0; 0.0; 0.0; -1.0; 0.0; 0.0; 0.0; 0.0; 0.0; 1.0;0; 0;0; 0; 
4.4604780674; 91990; 0.0; 0.0; -0.0088263; 0.0; 0.0; 0.0; 0.0; 0.0; 0.0; 0.0; 0.0; 0.0; 0.0; 0.0; 0.0; 0.0; 0.0; 0.0; 0.0; 0.0; 0.0; 0.0; 0.0; 0.0; 0; 0; 0.0; 0.0; 1; 1.41894870635e-18; -2.89426541451e-23; 8.89384594617e-20; 0; 0; 0; 0; 0.0; 0.0; 0.0; -1.0; 0.0; 0.0; 0.0; 0.0; 0.0; 1.0;0; 0;0; 0; 
4.47182106972; 91995; 0.0; 0.0; -0.0088381; 0.0; 0.0; 0.0; 0.0; 0.0; 0.0; 0.0; 0.0; 0.0; 0.0; 0.0; 0.0; 0.0; 0.0; 0.0; 0.0; 0.0; 0.0; 0.0; 0.0; 0.0; 0; 0; 0.0; 0.0; 1; 1.41894870636e-18; -2.89426773419e-23; 8.89384594617e-20; 0; 0; 0; 0; 0.0; 0.0; 0.0; -1.0; 0.0; 0.0; 0.0; 0.0; 0.0; 1.0;0; 0;0; 0; 
4.48336100578; 92000; 0.0; 0.0; -0.0088183; 0.0; 0.0; 0.0; 0.0; 0.0; 0.0; 0.0; 0.0; 0.0; 0.0; 0.0; 0.0; 0.0; 0.0; 0.0; 0.0; 0.0; 0.0; 0.0; 0.0; 0.0; 0; 0; 0.0; 0.0; 1; 1.41894870636e-18; -2.89426773419e-23; 8.89384594617e-20; 0; 0; 0; 0; 0.0; 0.0; 0.0; -1.0; 0.0; 0.0; 0.0; 0.0; 0.0; 1.0;0; 0;0; 0; 
4.4945731163; 92005; 0.0; 0.0; -0.0087825; 0.0; 0.0; 0.0; 0.0; 0.0; 0.0; 0.0; 0.0; 0.0; 0.0; 0.0; 0.0; 0.0; 0.0; 0.0; 0.0; 0.0; 0.0; 0.0; 0.0; 0.0; 0; 0; 0.0; 0.0; 1; 1.41894870636e-18; -2.89426773419e-23; 8.89384594617e-20; 0; 0; 0; 0; 0.0; 0.0; 0.0; -1.0; 0.0; 0.0; 0.0; 0.0; 0.0; 1.0;0; 0;0; 0; 
4.50618004799; 92010; 0.0; 0.0; -0.0087513; 0.0; 0.0; 0.0; 0.0; 0.0; 0.0; 0.0; 0.0; 0.0; 0.0; 0.0; 0.0; 0.0; 0.0; 0.0; 0.0; 0.0; 0.0; 0.0; 0.0; 0.0; 0; 0; 0.0; 0.0; 1; 1.41894870636e-18; -2.89426773419e-23; 8.89384594617e-20; 0; 0; 0; 0; 0.0; 0.0; 0.0; -1.0; 0.0; 0.0; 0.0; 0.0; 0.0; 1.0;0; 0;0; 0; 
4.51761198044; 92015; 0.0; 0.0; -0.0087282; 0.0; 0.0; 0.0; 0.0; 0.0; 0.0; 0.0; 0.0; 0.0; 0.0; 0.0; 0.0; 0.0; 0.0; 0.0; 0.0; 0.0; 0.0; 0.0; 0.0; 0.0; 0; 0; 0.0; 0.0; 1; 1.41894870636e-18; -2.89426773419e-23; 8.89384594617e-20; 0; 0; 0; 0; 0.0; 0.0; 0.0; -1.0; 0.0; 0.0; 0.0; 0.0; 0.0; 1.0;0; 0;0; 0; 
4.52896714211; 92020; 0.0; 0.0; -0.0087257; 0.0; 0.0; 0.0; 0.0; 0.0; 0.0; 0.0; 0.0; 0.0; 0.0; 0.0; 0.0; 0.0; 0.0; 0.0; 0.0; 0.0; 0.0; 0.0; 0.0; 0.0; 0; 0; 0.0; 0.0; 1; 1.41894870636e-18; -2.89426773419e-23; 8.89384594617e-20; 0; 0; 0; 0; 0.0; 0.0; 0.0; -1.0; 0.0; 0.0; 0.0; 0.0; 0.0; 1.0;0; 0;0; 0; 
4.54139304161; 92025; 0.0; 0.0; -0.0087136; 0.0; 0.0; 0.0; 0.0; 0.0; 0.0; 0.0; 0.0; 0.0; 0.0; 0.0; 0.0; 0.0; 0.0; 0.0; 0.0; 0.0; 0.0; 0.0; 0.0; 0.0; 0; 0; 0.0; 0.0; 1; 1.41894870636e-18; -2.89426773419e-23; 8.89384594617e-20; 0; 0; 0; 0; 0.0; 0.0; 0.0; -1.0; 0.0; 0.0; 0.0; 0.0; 0.0; 1.0;0; 0;0; 0; 
4.55346608162; 92030; 0.0; 0.0; -0.0087112; 0.0; 0.0; 0.0; 0.0; 0.0; 0.0; 0.0; 0.0; 0.0; 0.0; 0.0; 0.0; 0.0; 0.0; 0.0; 0.0; 0.0; 0.0; 0.0; 0.0; 0.0; 0; 0; 0.0; 0.0; 1; 1.41894870636e-18; -2.89426773419e-23; 8.89384594617e-20; 0; 0; 0; 0; 0.0; 0.0; 0.0; -1.0; 0.0; 0.0; 0.0; 0.0; 0.0; 1.0;0; 0;0; 0; 
4.56543397903; 92035; 0.0; 0.0; -0.0087335; 0.0; 0.0; 0.0; 0.0; 0.0; 0.0; 0.0; 0.0; 0.0; 0.0; 0.0; 0.0; 0.0; 0.0; 0.0; 0.0; 0.0; 0.0; 0.0; 0.0; 0.0; 0; 0; 0.0; 0.0; 1; 1.41894870636e-18; -2.89426773419e-23; 8.89384594617e-20; 0; 0; 0; 0; 0.0; 0.0; 0.0; -1.0; 0.0; 0.0; 0.0; 0.0; 0.0; 1.0;0; 0;0; 0; 
4.57656002045; 92040; 0.0; 0.0; -0.0087644; 0.0; 0.0; 0.0; 0.0; 0.0; 0.0; 0.0; 0.0; 0.0; 0.0; 0.0; 0.0; 0.0; 0.0; 0.0; 0.0; 0.0; 0.0; 0.0; 0.0; 0.0; 0; 0; 0.0; 0.0; 1; 1.41894870636e-18; -2.89426773419e-23; 8.89384594617e-20; 0; 0; 0; 0; 0.0; 0.0; 0.0; -1.0; 0.0; 0.0; 0.0; 0.0; 0.0; 1.0;0; 0;0; 0; 
4.58809518814; 92045; 0.0; 0.0; -0.0087885; 0.0; 0.0; 0.0; 0.0; 0.0; 0.0; 0.0; 0.0; 0.0; 0.0; 0.0; 0.0; 0.0; 0.0; 0.0; 0.0; 0.0; 0.0; 0.0; 0.0; 0.0; 0; 0; 0.0; 0.0; 1; 1.41894870636e-18; -2.89426773419e-23; 8.89384594617e-20; 0; 0; 0; 0; 0.0; 0.0; 0.0; -1.0; 0.0; 0.0; 0.0; 0.0; 0.0; 1.0;0; 0;0; 0; 
4.59967517853; 92050; 0.0; 0.0; -0.008796; 0.0; 0.0; 0.0; 0.0; 0.0; 0.0; 0.0; 0.0; 0.0; 0.0; 0.0; 0.0; 0.0; 0.0; 0.0; 1.22; 3.68; 1.46; 0.0; 0.0; 0.0; 0; 0; 0.0; 0.0; 1; 1.41894870636e-18; -2.89426773419e-23; 8.89384594617e-20; 0; 0; 0; 0; 0.0; 0.0; 0.0; -1.0; 0.0; 0.0; 0.0; 0.0; 0.0; 1.0;0; 0;0; 0; 
4.61171317101; 92055; 0.0; 0.0; -0.0087742; 0.0; 0.0; 0.0; 0.0; 0.0; 0.0; 0.0; 0.0; 0.0; 0.0; 0.0; 0.0; 0.0; 0.0; 0.0; 1.22; 3.68; 1.46; 0.0; 0.0; 0.0; 0; 0; 0.0; 0.0; 1; 1.41894870636e-18; -2.89426773419e-23; 8.89384594617e-20; 0; 0; 0; 0; 0.0; 0.0; 0.0; -1.0; 0.0; 0.0; 0.0; 0.0; 0.0; 1.0;0; 0;0; 0; 
4.62286996841; 92060; 0.0; 0.0; -0.0087729; 0.0; 0.0; 0.0; 0.0; 0.0; 0.0; 0.0; 0.0; 0.0; 0.0; 0.0; 0.0; 0.0; 0.0; 0.0; 1.22; 3.68; 1.46; 0.0; 0.0; 0.0; 0; 0; 0.0; 0.0; 1; 1.41894870636e-18; -2.89426773419e-23; 8.89384594617e-20; 0; 0; 0; 0; 0.0; 0.0; 0.0; -1.0; 0.0; 0.0; 0.0; 0.0; 0.0; 1.0;0; 0;0; 0; 
4.63481903076; 92065; 0.0; 0.0; -0.0087882; 0.0; 0.0; 0.0; 0.0; 0.0; 0.0; 0.0; 0.0; 0.0; 0.0; 0.0; 0.0; 0.0; 0.0; 0.0; 1.22; 3.68; 1.46; 0.0; 0.0; 0.0; 0; 0; 0.0; 0.0; 1; 1.41894870636e-18; -2.89426773419e-23; 8.89384594617e-20; 0; 0; 0; 0; 0.0; 0.0; 0.0; -1.0; 0.0; 0.0; 0.0; 0.0; 0.0; 1.0;0; 0;0; 0; 
4.6473941803; 92070; 0.0; 0.0; -0.0087821; 0.0; 0.0; 0.0; 0.0; 0.0; 0.0; 0.0; 0.0; 0.0; 0.0; 0.0; 0.0; 0.0; 0.0; 0.0; 1.22; 3.68; 1.46; 0.0; 0.0; 0.0; 0; 0; 0.0; 0.0; 1; 1.41894870636e-18; -2.89426773419e-23; 8.89384594617e-20; 0; 0; 0; 0; 0.0; 0.0; 0.0; -1.0; 0.0; 0.0; 0.0; 0.0; 0.0; 1.0;0; 0;0; 0; 
4.65940499306; 92075; 0.0; 0.0; -0.0088099; 0.0; 0.0; 0.0; 0.0; 0.0; 0.0; 0.0; 0.0; 0.0; 0.0; 0.0; 0.0; 0.0; 0.0; 0.0; 1.22; 3.68; 1.46; 0.0; 0.0; 0.0; 0; 0; 0.0; 0.0; 1; 1.41894870636e-18; -2.89426773419e-23; 8.89384594617e-20; 0; 0; 0; 0; 0.0; 0.0; 0.0; -1.0; 0.0; 0.0; 0.0; 0.0; 0.0; 1.0;0; 0;0; 0; 
4.67142105103; 92080; 0.0; 0.0; -0.0087974; 0.0; 0.0; 0.0; 0.0; 0.0; 0.0; 0.0; 0.0; 0.0; 0.0; 0.0; 0.0; 0.0; 0.0; 0.0; 1.22; 3.68; 1.46; 0.0; 0.0; 0.0; 0; 0; 0.0; 0.0; 1; 1.41894870636e-18; -2.89426773419e-23; 8.89384594617e-20; 0; 0; 0; 0; 0.0; 0.0; 0.0; -1.0; 0.0; 0.0; 0.0; 0.0; 0.0; 1.0;0; 0;0; 0; 
4.68285918236; 92085; 0.0; 0.0; -0.0086544; 0.0; 0.0; 0.0; 0.0; 0.0; 0.0; 0.0; 0.0; 0.0; 0.0; 0.0; 0.0; 0.0; 0.0; 0.0; 1.22; 3.68; 1.46; 0.0; 0.0; 0.0; 0; 0; 0.0; 0.0; 1; 1.41894870636e-18; -2.89426773419e-23; 8.89384594617e-20; 0; 0; 0; 0; 0.0; 0.0; 0.0; -1.0; 0.0; 0.0; 0.0; 0.0; 0.0; 1.0;0; 0;0; 0; 
4.69532299042; 92090; 0.0; 0.0; -0.0082931; 0.0; 0.0; 0.0; 0.0; 0.0; 0.0; 0.0; 0.0; 0.0; 0.0; 0.0; 0.0; 0.0; 0.0; 0.0; 1.22; 3.68; 1.46; 0.0; 0.0; 0.0; 0; 0; 0.0; 0.0; 1; 1.41894870636e-18; -2.89426773419e-23; 8.89384594617e-20; 0; 0; 0; 0; 0.0; 0.0; 0.0; -1.0; 0.0; 0.0; 0.0; 0.0; 0.0; 1.0;0; 0;0; 0; 
4.70780205727; 92095; 0.0; 0.0; -0.007565; 0.0; 0.0; 0.0; 0.0; 0.0; 0.0; 0.0; 0.0; 0.0; 0.0; 0.0; 0.0; 0.0; 0.0; 0.0; 1.22; 3.68; 1.46; 0.0; 0.0; 0.0; 0; 0; 0.0; 0.0; 1; 0.00111469578793; 2.47300401909e-07; 0.000358925454545; 0; 0; 0; 0; 0.0; 0.0; 0.0; -1.0; 0.0; 0.0; 0.0; 0.0; 0.0; 1.0;0; 0;0; 0; 
4.720662117; 92100; 0.0; 0.0; -0.0062838; 0.0; 0.0; 0.0; 0.0; 0.0; 0.0; 0.0; 0.0; 0.0; 0.0; 0.0; 0.0; 0.0; 0.0; 0.0; 1.22; 3.68; 1.46; 0.0; 0.0; 0.0; 0; 0; 0.0; 0.0; 1; 0.00111469578793; 2.47300401909e-07; 0.000358925454545; 0; 0; 0; 0; 0.0; 0.0; 0.0; -1.0; 0.0; 0.0; 0.0; 0.0; 0.0; 1.0;0; 0;0; 0; 
4.7315261364; 92105; 0.0; 0.0; -0.0044842; 0.0; 0.0; 0.0; 0.0; 0.0; 0.0; 0.0; 0.0; 0.0; 0.0; 0.0; 0.0; 0.0; 0.0; 0.0; 1.22; 3.68; 1.46; 0.0; 0.0; 0.0; 0; 0; 0.0; 0.0; 1; 0.00111469578793; 2.47300401909e-07; 0.000358925454545; 0; 0; 0; 0; 0.0; 0.0; 0.0; -1.0; 0.0; 0.0; 0.0; 0.0; 0.0; 1.0;0; 0;0; 0; 
4.74287605286; 92110; 0.0; 0.0; -0.0022455; 0.0; 0.0; 0.0; 0.0; 0.0; 0.0; 0.0; 0.0; 0.0; 0.0; 0.0; 0.0; 0.0; 0.0; 0.0; 1.22; 3.68; 1.46; 0.0; 0.0; 0.0; 0; 0; 0.0; 0.0; 1; 0.00111469578793; 2.47300401909e-07; 0.000358925454545; 0; 0; 0; 0; 0.0; 0.0; 0.0; -1.0; 0.0; 0.0; 0.0; 0.0; 0.0; 1.0;0; 0;0; 0; 
4.75389909744; 92115; 0.0; 0.0; 0.00020928; 0.0; 0.0; 0.0; 0.0; 0.0; 0.0; 0.0; 0.0; 0.0; 0.0; 0.0; 0.0; 0.0; 0.0; 0.0; 1.22; 3.68; 1.46; 0.0; 0.0; 0.0; 0; 0; 0.0; 0.0; 1; 0.00111469578793; 2.47300401909e-07; 0.000358925454545; 0; 0; 0; 0; 0.0; 0.0; 0.0; -1.0; 0.0; 0.0; 0.0; 0.0; 0.0; 1.0;0; 0;0; 0; 
4.76522397995; 92120; 0.0; 0.0; 0.002572; 0.0; 0.0; 0.0; 0.0; 0.0; 0.0; 0.0; 0.0; 0.0; 0.0; 0.0; 0.0; 0.0; 0.0; 0.0; 1.22; 3.68; 1.46; 0.0; 0.0; 0.0; 0; 0; 0.0; 0.0; 1; 0.00111469578793; 2.47300401909e-07; 0.000358925454545; 0; 0; 0; 0; 0.0; 0.0; 0.0; -1.0; 0.0; 0.0; 0.0; 0.0; 0.0; 1.0;0; 0;0; 0; 
4.77654504776; 92125; 0.0; 0.0; 0.0045546; 0.0; 0.0; 0.0; 0.0; 0.0; 0.0; 0.0; 0.0; 0.0; 0.0; 0.0; 0.0; 0.0; 0.0; 0.0; 1.22; 3.68; 1.46; 0.0; 0.0; 0.0; 0; 0; 0.0; 0.0; 1; 0.00111469578793; 2.47300401909e-07; 0.000358925454545; 0; 0; 0; 0; 0.0; 0.0; 0.0; -1.0; 0.0; 0.0; 0.0; 0.0; 0.0; 1.0;0; 0;0; 0; 
4.78826713562; 92130; 0.0; 0.0; 0.0058448; 0.0; 0.0; 0.0; 0.0; 0.0; 0.0; 0.0; 0.0; 0.0; 0.0; 0.0; 0.0; 0.0; 0.0; 0.0; 1.22; 3.68; 1.46; 0.0; 0.0; 0.0; 0; 0; 0.0; 0.0; 1; 0.00111469578793; 2.47300401909e-07; 0.000358925454545; 0; 0; 0; 0; 0.0; 0.0; 0.0; -1.0; 0.0; 0.0; 0.0; 0.0; 0.0; 1.0;0; 0;0; 0; 
4.80018806458; 92135; 0.0; 0.0; 0.0061545; 0.0; 0.0; 0.0; 0.0; 0.0; 0.0; 0.0; 0.0; 0.0; 0.0; 0.0; 0.0; 0.0; 0.0; 0.0; 1.22; 3.68; 1.46; 0.0; 0.0; 0.0; 0; 0; 0.0; 0.0; 1; 0.00111469578793; 2.47300401909e-07; 0.000358925454545; 0; 0; 0; 0; 0.0; 0.0; 0.0; -1.0; 0.0; 0.0; 0.0; 0.0; 0.0; 1.0;0; 0;0; 0; 
4.81155204773; 92140; 0.0; 0.0; 0.0056567; 0.0; 0.0; 0.0; 0.0; 0.0; 0.0; 0.0; 0.0; 0.0; 0.0; 0.0; 0.0; 0.0; 0.0; 2.05; 8.01; 496.43; 11.49; 0.0; 0.0; 0.0; 0; 0; 0.0; 0.0; 1; 0.00111469578793; 2.47300401909e-07; 0.000358925454545; 0; 0; 0; 0; 0.0; 0.0; 0.0; -1.0; 0.0; 0.0; 0.0; 0.0; 0.0; 1.0;0; 0;0; 0; 
4.8233590126; 92145; 0.0; 0.0; 0.0044583; 0.0; 0.0; 0.0; 0.0; 0.0; 0.0; 0.0; 0.0; 0.0; 0.0; 0.0; 0.0; 0.0; 0.0; 2.05; 8.01; 496.43; 11.49; 0.0; 0.0; 0.0; 0; 0; 0.0; 0.0; 1; 0.00111469578793; 2.47300401909e-07; 0.000358925454545; 0; 0; 0; 0; 0.0; 0.0; 0.0; -1.0; 0.0; 0.0; 0.0; 0.0; 0.0; 1.0;0; 0;0; 0; 
4.83508014679; 92150; 0.0; 0.0; 0.0028768; 0.0; 0.0; 0.0; 0.0; 0.0; 0.0; 0.0; 0.0; 0.0; 0.0; 0.0; 0.0; 0.0; 0.0; 2.05; 8.01; 496.43; 11.49; 0.0; 0.0; 0.0; 0; 0; 0.0; 0.0; 1; 0.00111469578793; 2.47300401909e-07; 0.000358925454545; 0; 0; 0; 0; 0.0; 0.0; 0.0; -1.0; 0.0; 0.0; 0.0; 0.0; 0.0; 1.0;0; 0;0; 0; 
4.8471121788; 92155; 0.0; 0.0; 0.0012646; 0.0; 0.0; 0.0; 0.0; 0.0; 0.0; 0.0; 0.0; 0.0; 0.0; 0.0; 0.0; 0.0; 0.0; 2.05; 8.01; 496.43; 11.49; 0.0; 0.0; 0.0; 0; 0; 0.0; 0.0; 1; 0.00111469578793; 2.47300401909e-07; 0.000358925454545; 0; 0; 0; 0; 0.0; 0.0; 0.0; -1.0; 0.0; 0.0; 0.0; 0.0; 0.0; 1.0;0; 0;0; 0; 
4.85860514641; 92160; 0.0; 0.0; -0.00043376; 0.0; 0.0; 0.0; 0.0; 0.0; 0.0; 0.0; 0.0; 0.0; 0.0; 0.0; 0.0; 0.0; 0.0; 2.05; 8.01; 496.43; 11.49; 0.0; 0.0; 0.0; 0; 0; 0.0; 0.0; 1; 0.00111469578793; 2.47300401909e-07; 0.000358925454545; 0; 0; 0; 0; 0.0; 0.0; 0.0; -1.0; 0.0; 0.0; 0.0; 0.0; 0.0; 1.0;0; 0;0; 0; 
4.87029004097; 92165; 0.0; 0.0; -0.002069; 0.0; 0.0; 0.0; 0.0; 0.0; 0.0; 0.0; 0.0; 0.0; 0.0; 0.0; 0.0; 0.0; 0.0; 2.05; 8.01; 496.43; 11.49; 0.0; 0.0; 0.0; 0; 0; 0.0; 0.0; 1; 0.00111469578793; 2.47300401909e-07; 0.000358925454545; 0; 0; 0; 0; 0.0; 0.0; 0.0; -1.0; 0.0; 0.0; 0.0; 0.0; 0.0; 1.0;0; 0;0; 0; 
4.88234806061; 92170; 0.0; 0.0; -0.003428; 0.0; 0.0; 0.0; 0.0; 0.0; 0.0; 0.0; 0.0; 0.0; 0.0; 0.0; 0.0; 0.0; 0.0; 2.05; 8.01; 496.43; 11.49; 0.0; 0.0; 0.0; 0; 0; 0.0; 0.0; 1; 0.00111469578793; 2.47300401909e-07; 0.000358925454545; 0; 0; 0; 0; 0.0; 0.0; 0.0; -1.0; 0.0; 0.0; 0.0; 0.0; 0.0; 1.0;0; 0;0; 0; 
4.89339900017; 92175; 0.0; 0.0; -0.0048916; 0.0; 0.0; 0.0; 0.0; 0.0; 0.0; 0.0; 0.0; 0.0; 0.0; 0.0; 0.0; 0.0; 0.0; 2.05; 8.01; 496.43; 11.49; 0.0; 0.0; 0.0; 0; 0; 0.0; 0.0; 1; 0.00111469578793; 2.47300401909e-07; 0.000358925454545; 0; 0; 0; 0; 0.0; 0.0; 0.0; -1.0; 0.0; 0.0; 0.0; 0.0; 0.0; 1.0;0; 0;0; 0; 
4.90498399734; 92180; 0.0; 0.0; -0.006795; 0.0; 0.0; 0.0; 0.0; 0.0; 0.0; 0.0; 0.0; 0.0; 0.0; 0.0; 0.0; 0.0; 0.0; 2.05; 8.01; 496.43; 11.49; 0.0; 0.0; 0.0; 0; 0; 0.0; 0.0; 1; 0.00111469578793; 2.47300401909e-07; 0.000358925454545; 0; 0; 0; 0; 0.0; 0.0; 0.0; -1.0; 0.0; 0.0; 0.0; 0.0; 0.0; 1.0;0; 0;0; 0; 
4.91648006439; 92185; 0.0; 0.0; -0.0092605; 0.0; 0.0; 0.0; 0.0; 0.0; 0.0; 0.0; 0.0; 0.0; 0.0; 0.0; 0.0; 0.0; 0.0; 2.05; 8.01; 496.43; 11.49; 0.0; 0.0; 0.0; 0; 0; 0.0; 0.0; 1; 0.00111469578793; 2.47300401909e-07; 0.000358925454545; 0; 0; 0; 0; 0.0; 0.0; 0.0; -1.0; 0.0; 0.0; 0.0; 0.0; 0.0; 1.0;0; 0;0; 0; 
4.92806005478; 92190; 0.0; 0.0; -0.012183; 0.0; 0.0; 0.0; 0.0; 0.0; 0.0; 0.0; 0.0; 0.0; 0.0; 0.0; 0.0; 0.0; 0.0; 2.05; 8.01; 496.43; 11.49; 0.0; 0.0; 0.0; 0; 0; 0.0; 0.0; 1; 0.00111469578793; 2.47300401909e-07; 0.000358925454545; 0; 0; 0; 0; 0.0; 0.0; 0.0; -1.0; 0.0; 0.0; 0.0; 0.0; 0.0; 1.0;0; 0;0; 0; 
4.9403591156; 92195; 0.0; 0.0; -0.015431; 0.0; 0.0; 0.0; 0.0; 0.0; 0.0; 0.0; 0.0; 0.0; 0.0; 0.0; 0.0; 0.0; 0.0; 2.05; 8.01; 496.43; 11.49; 0.0; 0.0; 0.0; 0; 0; 0.0; 0.0; 1; 0.0133997526721; 5.07025579717e-06; 0.000459643090909; 0; 0; 0; 0; 0.0; 0.0; 0.0; -1.0; 0.0; 0.0; 0.0; 0.0; 0.0; 1.0;0; 0;0; 0; 
4.95157408714; 92200; 0.0; 0.0; -0.018733; 0.0; 0.0; 0.0; 0.0; 0.0; 0.0; 0.0; 0.0; 0.0; 0.0; 0.0; 0.0; 0.0; 0.0; 2.05; 8.01; 496.43; 11.49; 0.0; 0.0; 0.0; 0; 0; 0.0; 0.0; 1; 0.0133997526721; 5.07025579717e-06; 0.000459643090909; 0; 0; 0; 0; 0.0; 0.0; 0.0; -1.0; 0.0; 0.0; 0.0; 0.0; 0.0; 1.0;0; 0;0; 0; 
4.96332716942; 92205; 0.0; 0.0; -0.021914; 0.0; 0.0; 0.0; 0.0; 0.0; 0.0; 0.0; 0.0; 0.0; 0.0; 0.0; 0.0; 0.0; 0.0; 2.05; 8.01; 496.43; 11.49; 0.0; 0.0; 0.0; 0; 0; 0.0; 0.0; 1; 0.0133997526721; 5.07025579717e-06; 0.000459643090909; 0; 0; 0; 0; 0.0; 0.0; 0.0; -1.0; 0.0; 0.0; 0.0; 0.0; 0.0; 1.0;0; 0;0; 0; 
4.97465610504; 92210; 0.0; 0.0; -0.024098; 0.0; 0.0; 0.0; 0.0; 0.0; 0.0; 0.0; 0.0; 0.0; 0.0; 0.0; 0.0; 0.0; 0.0; 2.05; 8.01; 496.43; 11.49; 0.0; 0.0; 0.0; 0; 0; 0.0; 0.0; 1; 0.0133997526721; 5.07025579717e-06; 0.000459643090909; 0; 0; 0; 0; 0.0; 0.0; 0.0; -1.0; 0.0; 0.0; 0.0; 0.0; 0.0; 1.0;0; 0;0; 0; 
4.986109972; 92215; 0.0; 0.0; -0.024919; 0.0; 0.0; 0.0; 0.0; 0.0; 0.0; 0.0; 0.0; 0.0; 0.0; 0.0; 0.0; 0.0; 0.0; 2.05; 8.01; 496.43; 11.49; 0.0; 0.0; 0.0; 0; 0; 0.0; 0.0; 1; 0.0133997526721; 5.07025579717e-06; 0.000459643090909; 0; 0; 0; 0; 0.0; 0.0; 0.0; -1.0; 0.0; 0.0; 0.0; 0.0; 0.0; 1.0;0; 0;0; 0; 
4.99744105339; 92220; 0.0; 0.0; -0.024386; 0.0; 0.0; 0.0; 0.0; 0.0; 0.0; 0.0; 0.0; 0.0; 0.0; 0.0; 0.0; 0.0; 0.0; 2.05; 8.01; 496.43; 11.49; 0.0; 0.0; 0.0; 0; 0; 0.0; 0.0; 1; 0.0133997526721; 5.07025579717e-06; 0.000459643090909; 0; 0; 0; 0; 0.0; 0.0; 0.0; -1.0; 0.0; 0.0; 0.0; 0.0; 0.0; 1.0;0; 0;0; 0; 
5.00856518745; 92225; 0.0; 0.0; -0.022489; 0.0; 0.0; 0.0; 0.0; 0.0; 0.0; 0.0; 0.0; 0.0; 0.0; 0.0; 0.0; 0.0; 0.0; 2.05; 8.01; 496.43; 11.49; 0.0; 0.0; 0.0; 0; 0; 0.0; 0.0; 1; 0.0133997526721; 5.07025579717e-06; 0.000459643090909; 0; 0; 0; 0; 0.0; 0.0; 0.0; -1.0; 0.0; 0.0; 0.0; 0.0; 0.0; 1.0;0; 0;0; 0; 
5.01981019974; 92230; 0.0; 0.0; -0.019403; 0.0; 0.0; 0.0; 0.0; 0.0; 0.0; 0.0; 0.0; 0.0; 0.0; 0.0; 0.0; 0.0; 0.0; 2.05; 8.01; 496.43; 11.49; 0.0; 0.0; 0.0; 0; 0; 0.0; 0.0; 1; 0.0133997526721; 5.07025579717e-06; 0.000459643090909; 0; 0; 0; 0; 0.0; 0.0; 0.0; -1.0; 0.0; 0.0; 0.0; 0.0; 0.0; 1.0;0; 0;0; 0; 
5.03156709671; 92235; 0.0; 0.0; -0.015349; 0.0; 0.0; 0.0; 0.0; 0.0; 0.0; 0.0; 0.0; 0.0; 0.0; 0.0; 0.0; 0.0; 0.0; 2.05; 8.01; 496.43; 11.49; 0.0; 0.0; 0.0; 0; 0; 0.0; 0.0; 1; 0.0133997526721; 5.07025579717e-06; 0.000459643090909; 0; 0; 0; 0; 0.0; 0.0; 0.0; -1.0; 0.0; 0.0; 0.0; 0.0; 0.0; 1.0;0; 0;0; 0; 
5.04358911514; 92240; 0.0; 0.0; -0.010953; 0.0; 0.0; 0.0; 0.0; 0.0; 0.0; 0.0; 0.0; 0.0; 0.0; 0.0; 0.0; 0.0; 0.0; 6.27; 4.41; 9.54; 10.16; 0.0; 0.0; 0.0; 0; 0; 0.0; 0.0; 1; 0.0133997526721; 5.07025579717e-06; 0.000459643090909; 0; 0; 0; 0; 0.0; 0.0; 0.0; -1.0; 0.0; 0.0; 0.0; 0.0; 0.0; 1.0;0; 0;0; 0; 
5.05566906929; 92245; 0.0; 0.0; -0.0068511; 0.0; 0.0; 0.0; 0.0; 0.0; 0.0; 0.0; 0.0; 0.0; 0.0; 0.0; 0.0; 0.0; 0.0; 6.27; 4.41; 9.54; 10.16; 0.0; 0.0; 0.0; 0; 0; 0.0; 0.0; 1; 0.0133997526721; 5.07025579717e-06; 0.000459643090909; 0; 0; 0; 0; 0.0; 0.0; 0.0; -1.0; 0.0; 0.0; 0.0; 0.0; 0.0; 1.0;0; 0;0; 0; 
5.06675100327; 92250; 0.0; 0.0; -0.0032687; 0.0; 0.0; 0.0; 0.0; 0.0; 0.0; 0.0; 0.0; 0.0; 0.0; 0.0; 0.0; 0.0; 0.0; 6.27; 4.41; 9.54; 10.16; 0.0; 0.0; 0.0; 0; 0; 0.0; 0.0; 1; 0.0133997526721; 5.07025579717e-06; 0.000459643090909; 0; 0; 0; 0; 0.0; 0.0; 0.0; -1.0; 0.0; 0.0; 0.0; 0.0; 0.0; 1.0;0; 0;0; 0; 
5.07809400558; 92255; 0.0; 0.0; -0.00017132; 0.0; 0.0; 0.0; 0.0; 0.0; 0.0; 0.0; 0.0; 0.0; 0.0; 0.0; 0.0; 0.0; 0.0; 6.27; 4.41; 9.54; 10.16; 0.0; 0.0; 0.0; 0; 0; 0.0; 0.0; 1; 0.0133997526721; 5.07025579717e-06; 0.000459643090909; 0; 0; 0; 0; 0.0; 0.0; 0.0; -1.0; 0.0; 0.0; 0.0; 0.0; 0.0; 1.0;0; 0;0; 0; 
5.09078907967; 92260; 0.0; 0.0; 0.0025509; 0.0; 0.0; 0.0; 0.0; 0.0; 0.0; 0.0; 0.0; 0.0; 0.0; 0.0; 0.0; 0.0; 0.0; 6.27; 4.41; 9.54; 10.16; 0.0; 0.0; 0.0; 0; 0; 0.0; 0.0; 1; 0.0133997526721; 5.07025579717e-06; 0.000459643090909; 0; 0; 0; 0; 0.0; 0.0; 0.0; -1.0; 0.0; 0.0; 0.0; 0.0; 0.0; 1.0;0; 0;0; 0; 
5.10287308693; 92265; 0.0; 0.0; 0.0047073; 0.0; 0.0; 0.0; 0.0; 0.0; 0.0; 0.0; 0.0; 0.0; 0.0; 0.0; 0.0; 0.0; 0.0; 6.27; 4.41; 9.54; 10.16; 0.0; 0.0; 0.0; 0; 0; 0.0; 0.0; 1; 0.0133997526721; 5.07025579717e-06; 0.000459643090909; 0; 0; 0; 0; 0.0; 0.0; 0.0; -1.0; 0.0; 0.0; 0.0; 0.0; 0.0; 1.0;0; 0;0; 0; 
5.1152009964; 92270; 0.0; 0.0; 0.0063121; 0.0; 0.0; 0.0; 0.0; 0.0; 0.0; 0.0; 0.0; 0.0; 0.0; 0.0; 0.0; 0.0; 0.0; 6.27; 4.41; 9.54; 10.16; 0.0; 0.0; 0.0; 0; 0; 0.0; 0.0; 1; 0.0133997526721; 5.07025579717e-06; 0.000459643090909; 0; 0; 0; 0; 0.0; 0.0; 0.0; -1.0; 0.0; 0.0; 0.0; 0.0; 0.0; 1.0;0; 0;0; 0; 
5.12662696838; 92275; 0.0; 0.0; 0.0078084; 0.0; 0.0; 0.0; 0.0; 0.0; 0.0; 0.0; 0.0; 0.0; 0.0; 0.0; 0.0; 0.0; 0.0; 6.27; 4.41; 9.54; 10.16; 0.0; 0.0; 0.0; 0; 0; 0.0; 0.0; 1; 0.0133997526721; 5.07025579717e-06; 0.000459643090909; 0; 0; 0; 0; 0.0; 0.0; 0.0; -1.0; 0.0; 0.0; 0.0; 0.0; 0.0; 1.0;0; 0;0; 0; 
5.13810300827; 92280; 0.0; 0.0; 0.0088822; 0.0; 0.0; 0.0; 0.0; 0.0; 0.0; 0.0; 0.0; 0.0; 0.0; 0.0; 0.0; 0.0; 0.0; 6.27; 4.41; 9.54; 10.16; 0.0; 0.0; 0.0; 0; 0; 0.0; 0.0; 1; 0.0133997526721; 5.07025579717e-06; 0.000459643090909; 0; 0; 0; 0; 0.0; 0.0; 0.0; -1.0; 0.0; 0.0; 0.0; 0.0; 0.0; 1.0;0; 0;0; 0; 
5.14983415604; 92285; 0.0; 0.0; 0.0098081; 0.0; 0.0; 0.0; 0.0; 0.0; 0.0; 0.0; 0.0; 0.0; 0.0; 0.0; 0.0; 0.0; 0.0; 6.27; 4.41; 9.54; 10.16; 0.0; 0.0; 0.0; 0; 0; 0.0; 0.0; 1; 0.0133997526721; 5.07025579717e-06; 0.000459643090909; 0; 0; 0; 0; 0.0; 0.0; 0.0; -1.0; 0.0; 0.0; 0.0; 0.0; 0.0; 1.0;0; 0;0; 0; 
5.16102099419; 92290; 0.0; 0.0; 0.0098757; 0.0; 0.0; 0.0; 0.0; 0.0; 0.0; 0.0; 0.0; 0.0; 0.0; 0.0; 0.0; 0.0; 0.0; 6.27; 4.41; 9.54; 10.16; 0.0; 0.0; 0.0; 0; 0; 0.0; 0.0; 1; 0.0133997526721; 5.07025579717e-06; 0.000459643090909; 0; 0; 0; 0; 0.0; 0.0; 0.0; -1.0; 0.0; 0.0; 0.0; 0.0; 0.0; 1.0;0; 0;0; 0; 
5.17223501205; 92295; 0.0; 0.0; 0.0089207; 0.0; 0.0; 0.0; 0.0; 0.0; 0.0; 0.0; 0.0; 0.0; 0.0; 0.0; 0.0; 0.0; 0.0; 6.27; 4.41; 9.54; 10.16; 0.0; 0.0; 0.0; 0; 0; 0.0; 0.0; 1; 0.0520206035246; 5.10854641299e-05; 0.00127818909091; 0; 0; 0; 0; 0.0; 0.0; 0.0; -1.0; 0.0; 0.0; 0.0; 0.0; 0.0; 1.0;0; 0;0; 0; 
5.18369007111; 92300; 0.0; 0.0; 0.0073915; 0.0; 0.0; 0.0; 0.0; 0.0; 0.0; 0.0; 0.0; 0.0; 0.0; 0.0; 0.0; 0.0; 0.0; 6.27; 4.41; 9.54; 10.16; 0.0; 0.0; 0.0; 0; 0; 0.0; 0.0; 1; 0.0520206035246; 5.10854641299e-05; 0.00127818909091; 0; 0; 0; 0; 0.0; 0.0; 0.0; -1.0; 0.0; 0.0; 0.0; 0.0; 0.0; 1.0;0; 0;0; 0; 
5.19588708878; 92305; 0.0; 0.0; 0.0049433; 0.0; 0.0; 0.0; 0.0; 0.0; 0.0; 0.0; 0.0; 0.0; 0.0; 0.0; 0.0; 0.0; 0.0; 6.27; 4.41; 9.54; 10.16; 0.0; 0.0; 0.0; 0; 0; 0.0; 0.0; 1; 0.0520206035246; 5.10854641299e-05; 0.00127818909091; 0; 0; 0; 0; 0.0; 0.0; 0.0; -1.0; 0.0; 0.0; 0.0; 0.0; 0.0; 1.0;0; 0;0; 0; 
5.20786905289; 92310; 0.0; 0.0; 0.002265; 0.0; 0.0; 0.0; 0.0; 0.0; 0.0; 0.0; 0.0; 0.0; 0.0; 0.0; 0.0; 0.0; 0.0; 6.27; 4.41; 9.54; 10.16; 0.0; 0.0; 0.0; 0; 0; 0.0; 0.0; 1; 0.0520206035246; 5.10854641299e-05; 0.00127818909091; 0; 0; 0; 0; 0.0; 0.0; 0.0; -1.0; 0.0; 0.0; 0.0; 0.0; 0.0; 1.0;0; 0;0; 0; 
5.21901297569; 92315; 0.0; 0.0; -0.0008342; 0.0; 0.0; 0.0; 0.0; 0.0; 0.0; 0.0; 0.0; 0.0; 0.0; 0.0; 0.0; 0.0; 0.0; 6.27; 4.41; 9.54; 10.16; 0.0; 0.0; 0.0; 0; 0; 0.0; 0.0; 1; 0.0520206035246; 5.10854641299e-05; 0.00127818909091; 0; 0; 0; 0; 0.0; 0.0; 0.0; -1.0; 0.0; 0.0; 0.0; 0.0; 0.0; 1.0;0; 0;0; 0; 
5.23047018051; 92320; 0.0; 0.0; -0.003584; 0.0; 0.0; 0.0; 0.0; 0.0; 0.0; 0.0; 0.0; 0.0; 0.0; 0.0; 0.0; 0.0; 0.0; 6.27; 4.41; 9.54; 10.16; 0.0; 0.0; 0.0; 0; 0; 0.0; 0.0; 1; 0.0520206035246; 5.10854641299e-05; 0.00127818909091; 0; 0; 0; 0; 0.0; 0.0; 0.0; -1.0; 0.0; 0.0; 0.0; 0.0; 0.0; 1.0;0; 0;0; 0; 
5.24158811569; 92325; 0.0; 0.0; -0.0055888; 0.0; 0.0; 0.0; 0.0; 0.0; 0.0; 0.0; 0.0; 0.0; 0.0; 0.0; 0.0; 0.0; 0.0; 6.27; 4.41; 9.54; 10.16; 0.0; 0.0; 0.0; 0; 0; 0.0; 0.0; 1; 0.0520206035246; 5.10854641299e-05; 0.00127818909091; 0; 0; 0; 0; 0.0; 0.0; 0.0; -1.0; 0.0; 0.0; 0.0; 0.0; 0.0; 1.0;0; 0;0; 0; 
5.25300812721; 92330; 0.0; 0.0; -0.0069374; 0.0; 0.0; 0.0; 0.0; 0.0; 0.0; 0.0; 0.0; 0.0; 0.0; 0.0; 0.0; 0.0; 0.0; 6.27; 4.41; 9.54; 10.16; 0.0; 0.0; 0.0; 0; 0; 0.0; 0.0; 1; 0.0520206035246; 5.10854641299e-05; 0.00127818909091; 0; 0; 0; 0; 0.0; 0.0; 0.0; -1.0; 0.0; 0.0; 0.0; 0.0; 0.0; 1.0;0; 0;0; 0; 
5.2652490139; 92335; 0.0; 0.0; -0.0075031; 0.0; 0.0; 0.0; 0.0; 0.0; 0.0; 0.0; 0.0; 0.0; 0.0; 0.0; 0.0; 0.0; 0.0; 6.27; 4.41; 9.54; 10.16; 0.0; 0.0; 0.0; 0; 0; 0.0; 0.0; 1; 0.0520206035246; 5.10854641299e-05; 0.00127818909091; 0; 0; 0; 0; 0.0; 0.0; 0.0; -1.0; 0.0; 0.0; 0.0; 0.0; 0.0; 1.0;0; 0;0; 0; 
5.27660298347; 92340; 0.0; 0.0; -0.0078503; 0.0; 0.0; 0.0; 0.0; 0.0; 0.0; 0.0; 0.0; 0.0; 0.0; 0.0; 0.0; 0.0; 0.0; 7.03; 5.15; 9.33; 5.51; 0.0; 0.0; 0.0; 0; 0; 0.0; 0.0; 1; 0.0520206035246; 5.10854641299e-05; 0.00127818909091; 0; 0; 0; 0; 0.0; 0.0; 0.0; -1.0; 0.0; 0.0; 0.0; 0.0; 0.0; 1.0;0; 0;0; 0; 
5.28877210617; 92345; 0.0; 0.0; -0.0077495; 0.0; 0.0; 0.0; 0.0; 0.0; 0.0; 0.0; 0.0; 0.0; 0.0; 0.0; 0.0; 0.0; 0.0; 7.03; 5.15; 9.33; 5.51; 0.0; 0.0; 0.0; 0; 0; 0.0; 0.0; 1; 0.0520206035246; 5.10854641299e-05; 0.00127818909091; 0; 0; 0; 0; 0.0; 0.0; 0.0; -1.0; 0.0; 0.0; 0.0; 0.0; 0.0; 1.0;0; 0;0; 0; 
5.30172300339; 92350; 0.0; 0.0; -0.0077963; 0.0; 0.0; 0.0; 0.0; 0.0; 0.0; 0.0; 0.0; 0.0; 0.0; 0.0; 0.0; 0.0; 0.0; 7.03; 5.15; 9.33; 5.51; 0.0; 0.0; 0.0; 0; 0; 0.0; 0.0; 1; 0.0520206035246; 5.10854641299e-05; 0.00127818909091; 0; 0; 0; 0; 0.0; 0.0; 0.0; -1.0; 0.0; 0.0; 0.0; 0.0; 0.0; 1.0;0; 0;0; 0; 
5.31293201447; 92355; 0.0; 0.0; -0.0081594; 0.0; 0.0; 0.0; 0.0; 0.0; 0.0; 0.0; 0.0; 0.0; 0.0; 0.0; 0.0; 0.0; 0.0; 7.03; 5.15; 9.33; 5.51; 0.0; 0.0; 0.0; 0; 0; 0.0; 0.0; 1; 0.0520206035246; 5.10854641299e-05; 0.00127818909091; 0; 0; 0; 0; 0.0; 0.0; 0.0; -1.0; 0.0; 0.0; 0.0; 0.0; 0.0; 1.0;0; 0;0; 0; 
5.324696064; 92360; 0.0; 0.0; -0.0085841; 0.0; 0.0; 0.0; 0.0; 0.0; 0.0; 0.0; 0.0; 0.0; 0.0; 0.0; 0.0; 0.0; 0.0; 7.03; 5.15; 9.33; 5.51; 0.0; 0.0; 0.0; 0; 0; 0.0; 0.0; 1; 0.0520206035246; 5.10854641299e-05; 0.00127818909091; 0; 0; 0; 0; 0.0; 0.0; 0.0; -1.0; 0.0; 0.0; 0.0; 0.0; 0.0; 1.0;0; 0;0; 0; 
5.33603000641; 92365; 0.0; 0.0; -0.0092013; 0.0; 0.0; 0.0; 0.0; 0.0; 0.0; 0.0; 0.0; 0.0; 0.0; 0.0; 0.0; 0.0; 0.0; 7.03; 5.15; 9.33; 5.51; 0.0; 0.0; 0.0; 0; 0; 0.0; 0.0; 1; 0.0520206035246; 5.10854641299e-05; 0.00127818909091; 0; 0; 0; 0; 0.0; 0.0; 0.0; -1.0; 0.0; 0.0; 0.0; 0.0; 0.0; 1.0;0; 0;0; 0; 
5.34768819809; 92370; 0.0; 0.0; -0.009482; 0.0; 0.0; 0.0; 0.0; 0.0; 0.0; 0.0; 0.0; 0.0; 0.0; 0.0; 0.0; 0.0; 0.0; 7.03; 5.15; 9.33; 5.51; 0.0; 0.0; 0.0; 0; 0; 0.0; 0.0; 1; 0.0520206035246; 5.10854641299e-05; 0.00127818909091; 0; 0; 0; 0; 0.0; 0.0; 0.0; -1.0; 0.0; 0.0; 0.0; 0.0; 0.0; 1.0;0; 0;0; 0; 
5.35932397842; 92375; 0.0; 0.0; -0.0092569; 0.0; 0.0; 0.0; 0.0; 0.0; 0.0; 0.0; 0.0; 0.0; 0.0; 0.0; 0.0; 0.0; 0.0; 7.03; 5.15; 9.33; 5.51; 0.0; 0.0; 0.0; 0; 0; 0.0; 0.0; 1; 0.0520206035246; 5.10854641299e-05; 0.00127818909091; 0; 0; 0; 0; 0.0; 0.0; 0.0; -1.0; 0.0; 0.0; 0.0; 0.0; 0.0; 1.0;0; 0;0; 0; 
5.37149620056; 92380; 0.0; 0.0; -0.0085687; 0.0; 0.0; 0.0; 0.0; 0.0; 0.0; 0.0; 0.0; 0.0; 0.0; 0.0; 0.0; 0.0; 0.0; 7.03; 5.15; 9.33; 5.51; 0.0; 0.0; 0.0; 0; 0; 0.0; 0.0; 1; 0.0520206035246; 5.10854641299e-05; 0.00127818909091; 0; 0; 0; 0; 0.0; 0.0; 0.0; -1.0; 0.0; 0.0; 0.0; 0.0; 0.0; 1.0;0; 0;0; 0; 
5.38301515579; 92385; 0.0; 0.0; -0.0071331; 0.0; 0.0; 0.0; 0.0; 0.0; 0.0; 0.0; 0.0; 0.0; 0.0; 0.0; 0.0; 0.0; 0.0; 7.03; 5.15; 9.33; 5.51; 0.0; 0.0; 0.0; 0; 0; 0.0; 0.0; 1; 0.0520206035246; 5.10854641299e-05; 0.00127818909091; 0; 0; 0; 0; 0.0; 0.0; 0.0; -1.0; 0.0; 0.0; 0.0; 0.0; 0.0; 1.0;0; 0;0; 0; 
5.39552903175; 92390; 0.0; 0.0; -0.0052611; 0.0; 0.0; 0.0; 0.0; 0.0; 0.0; 0.0; 0.0; 0.0; 0.0; 0.0; 0.0; 0.0; 0.0; 7.03; 5.15; 9.33; 5.51; 0.0; 0.0; 0.0; 0; 0; 0.0; 0.0; 1; 0.0520206035246; 5.10854641299e-05; 0.00127818909091; 0; 0; 0; 0; 0.0; 0.0; 0.0; -1.0; 0.0; 0.0; 0.0; 0.0; 0.0; 1.0;0; 0;0; 0; 
5.40805196762; 92395; 0.0; 0.0; -0.003162; 0.0; 0.0; 0.0; 0.0; 0.0; 0.0; 0.0; 0.0; 0.0; 0.0; 0.0; 0.0; 0.0; 0.0; 7.03; 5.15; 9.33; 5.51; 0.0; 0.0; 0.0; 0; 0; 0.0; 0.0; 1; 0.11615319553; 0.000134492948241; 0.00161833863636; 0; 0; 0; 0; 0.0; 0.0; 0.0; -1.0; 0.0; 0.0; 0.0; 0.0; 0.0; 1.0;0; 0;0; 0; 
5.42001914978; 92400; 0.0; 0.0; -0.001028; 0.0; 0.0; 0.0; 0.0; 0.0; 0.0; 0.0; 0.0; 0.0; 0.0; 0.0; 0.0; 0.0; 0.0; 7.03; 5.15; 9.33; 5.51; 0.0; 0.0; 0.0; 0; 0; 0.0; 0.0; 1; 0.11615319553; 0.000134492948241; 0.00161833863636; 0; 0; 0; 0; 0.0; 0.0; 0.0; -1.0; 0.0; 0.0; 0.0; 0.0; 0.0; 1.0;0; 0;0; 0; 
5.43209314346; 92405; 0.0; 0.0; 0.00093309; 0.0; 0.0; 0.0; 0.0; 0.0; 0.0; 0.0; 0.0; 0.0; 0.0; 0.0; 0.0; 0.0; 0.0; 7.03; 5.15; 9.33; 5.51; 0.0; 0.0; 0.0; 0; 0; 0.0; 0.0; 1; 0.11615319553; 0.000134492948241; 0.00161833863636; 0; 0; 0; 0; 0.0; 0.0; 0.0; -1.0; 0.0; 0.0; 0.0; 0.0; 0.0; 1.0;0; 0;0; 0; 
5.44379997253; 92410; 0.0; 0.0; 0.0022437; 0.0; 0.0; 0.0; 0.0; 0.0; 0.0; 0.0; 0.0; 0.0; 0.0; 0.0; 0.0; 0.0; 0.0; 7.03; 5.15; 9.33; 5.51; 0.0; 0.0; 0.0; 0; 0; 0.0; 0.0; 1; 0.11615319553; 0.000134492948241; 0.00161833863636; 0; 0; 0; 0; 0.0; 0.0; 0.0; -1.0; 0.0; 0.0; 0.0; 0.0; 0.0; 1.0;0; 0;0; 0; 
5.45529603958; 92415; 0.0; 0.0; 0.0033713; 0.0; 0.0; 0.0; 0.0; 0.0; 0.0; 0.0; 0.0; 0.0; 0.0; 0.0; 0.0; 0.0; 0.0; 7.03; 5.15; 9.33; 5.51; 0.0; 0.0; 0.0; 0; 0; 0.0; 0.0; 1; 0.11615319553; 0.000134492948241; 0.00161833863636; 0; 0; 0; 0; 0.0; 0.0; 0.0; -1.0; 0.0; 0.0; 0.0; 0.0; 0.0; 1.0;0; 0;0; 0; 
5.46643900871; 92420; 0.0; 0.0; 0.0039041; 0.0; 0.0; 0.0; 0.0; 0.0; 0.0; 0.0; 0.0; 0.0; 0.0; 0.0; 0.0; 0.0; 0.0; 7.03; 5.15; 9.33; 5.51; 0.0; 0.0; 0.0; 0; 0; 0.0; 0.0; 1; 0.11615319553; 0.000134492948241; 0.00161833863636; 0; 0; 0; 0; 0.0; 0.0; 0.0; -1.0; 0.0; 0.0; 0.0; 0.0; 0.0; 1.0;0; 0;0; 0; 
5.47748613358; 92425; 0.0; 0.0; 0.003813; 0.0; 0.0; 0.0; 0.0; 0.0; 0.0; 0.0; 0.0; 0.0; 0.0; 0.0; 0.0; 0.0; 0.0; 7.03; 5.15; 9.33; 5.51; 0.0; 0.0; 0.0; 0; 0; 0.0; 0.0; 1; 0.11615319553; 0.000134492948241; 0.00161833863636; 0; 0; 0; 0; 0.0; 0.0; 0.0; -1.0; 0.0; 0.0; 0.0; 0.0; 0.0; 1.0;0; 0;0; 0; 
5.48833298683; 92430; 0.0; 0.0; 0.003618; 0.0; 0.0; 0.0; 0.0; 0.0; 0.0; 0.0; 0.0; 0.0; 0.0; 0.0; 0.0; 0.0; 0.0; 7.03; 5.15; 9.33; 5.51; 0.0; 0.0; 0.0; 0; 0; 0.0; 0.0; 1; 0.11615319553; 0.000134492948241; 0.00161833863636; 0; 0; 0; 0; 0.0; 0.0; 0.0; -1.0; 0.0; 0.0; 0.0; 0.0; 0.0; 1.0;0; 0;0; 0; 
5.50065398216; 92435; 0.0; 0.0; 0.0023597; 0.0; 0.0; 0.0; 0.0; 0.0; 0.0; 0.0; 0.0; 0.0; 0.0; 0.0; 0.0; 0.0; 0.0; 7.03; 5.15; 9.33; 5.51; 0.0; 0.0; 0.0; 0; 0; 0.0; 0.0; 1; 0.11615319553; 0.000134492948241; 0.00161833863636; 0; 0; 0; 0; 0.0; 0.0; 0.0; -1.0; 0.0; 0.0; 0.0; 0.0; 0.0; 1.0;0; 0;0; 0; 
5.51190805435; 92440; 0.0; 0.0; 0.00081004; 0.0; 0.0; 0.0; 0.0; 0.0; 0.0; 0.0; 0.0; 0.0; 0.0; 0.0; 0.0; 0.0; 0.0; 7.03; 5.15; 9.33; 5.51; 0.0; 0.0; 0.0; 0; 0; 0.0; 0.0; 1; 0.11615319553; 0.000134492948241; 0.00161833863636; 0; 0; 0; 0; 0.0; 0.0; 0.0; -1.0; 0.0; 0.0; 0.0; 0.0; 0.0; 1.0;0; 0;0; 0; 
5.52351212502; 92445; 0.0; 0.0; -0.0010621; 0.0; 0.0; 0.0; 0.0; 0.0; 0.0; 0.0; 0.0; 0.0; 0.0; 0.0; 0.0; 0.0; 0.0; 7.03; 5.15; 9.33; 5.51; 0.0; 0.0; 0.0; 0; 0; 0.0; 0.0; 1; 0.11615319553; 0.000134492948241; 0.00161833863636; 0; 0; 0; 0; 0.0; 0.0; 0.0; -1.0; 0.0; 0.0; 0.0; 0.0; 0.0; 1.0;0; 0;0; 0; 
5.53555703163; 92450; 0.0; 0.0; -0.0037527; 0.0; 0.0; 0.0; 0.0; 0.0; 0.0; 0.0; 0.0; 0.0; 0.0; 0.0; 0.0; 0.0; 0.0; 7.03; 5.15; 9.33; 5.51; 0.0; 0.0; 0.0; 0; 0; 0.0; 0.0; 1; 0.11615319553; 0.000134492948241; 0.00161833863636; 0; 0; 0; 0; 0.0; 0.0; 0.0; -1.0; 0.0; 0.0; 0.0; 0.0; 0.0; 1.0;0; 0;0; 0; 
5.54685616493; 92455; 0.0; 0.0; -0.0059549; 0.0; 0.0; 0.0; 0.0; 0.0; 0.0; 0.0; 0.0; 0.0; 0.0; 0.0; 0.0; 0.0; 0.0; 7.03; 5.15; 9.33; 5.51; 0.0; 0.0; 0.0; 0; 0; 0.0; 0.0; 1; 0.11615319553; 0.000134492948241; 0.00161833863636; 0; 0; 0; 0; 0.0; 0.0; 0.0; -1.0; 0.0; 0.0; 0.0; 0.0; 0.0; 1.0;0; 0;0; 0; 
5.55928206444; 92460; 0.0; 0.0; -0.0084326; 0.0; 0.0; 0.0; 0.0; 0.0; 0.0; 0.0; 0.0; 0.0; 0.0; 0.0; 0.0; 0.0; 0.0; 7.03; 5.15; 9.33; 5.51; 0.0; 0.0; 0.0; 0; 0; 0.0; 0.0; 1; 0.11615319553; 0.000134492948241; 0.00161833863636; 0; 0; 0; 0; 0.0; 0.0; 0.0; -1.0; 0.0; 0.0; 0.0; 0.0; 0.0; 1.0;0; 0;0; 0; 
5.57141399384; 92465; 0.0; 0.0; -0.010471; 0.0; 0.0; 0.0; 0.0; 0.0; 0.0; 0.0; 0.0; 0.0; 0.0; 0.0; 0.0; 0.0; 0.0; 7.03; 5.15; 9.33; 5.51; 0.0; 0.0; 0.0; 0; 0; 0.0; 0.0; 1; 0.11615319553; 0.000134492948241; 0.00161833863636; 0; 0; 0; 0; 0.0; 0.0; 0.0; -1.0; 0.0; 0.0; 0.0; 0.0; 0.0; 1.0;0; 0;0; 0; 
5.58368396759; 92470; 0.0; 0.0; -0.011542; 0.0; 0.0; 0.0; 0.0; 0.0; 0.0; 0.0; 0.0; 0.0; 0.0; 0.0; 0.0; 0.0; 0.0; 7.03; 5.15; 9.33; 5.51; 0.0; 0.0; 0.0; 0; 0; 0.0; 0.0; 1; 0.11615319553; 0.000134492948241; 0.00161833863636; 0; 0; 0; 0; 0.0; 0.0; 0.0; -1.0; 0.0; 0.0; 0.0; 0.0; 0.0; 1.0;0; 0;0; 0; 
5.59612798691; 92475; 0.0; 0.0; -0.012571; 0.0; 0.0; 0.0; 0.0; 0.0; 0.0; 0.0; 0.0; 0.0; 0.0; 0.0; 0.0; 0.0; 0.0; 7.03; 5.15; 9.33; 5.51; 0.0; 0.0; 0.0; 0; 0; 0.0; 0.0; 1; 0.11615319553; 0.000134492948241; 0.00161833863636; 0; 0; 0; 0; 0.0; 0.0; 0.0; -1.0; 0.0; 0.0; 0.0; 0.0; 0.0; 1.0;0; 0;0; 0; 
5.60812711716; 92480; 0.0; 0.0; -0.012642; 0.0; 0.0; 0.0; 0.0; 0.0; 0.0; 0.0; 0.0; 0.0; 0.0; 0.0; 0.0; 0.0; 0.0; 7.03; 5.15; 9.33; 5.51; 0.0; 0.0; 0.0; 0; 0; 0.0; 0.0; 1; 0.11615319553; 0.000134492948241; 0.00161833863636; 0; 0; 0; 0; 0.0; 0.0; 0.0; -1.0; 0.0; 0.0; 0.0; 0.0; 0.0; 1.0;0; 0;0; 0; 
5.6204161644; 92485; 0.0; 0.0; -0.012538; 0.0; 0.0; 0.0; 0.0; 0.0; 0.0; 0.0; 0.0; 0.0; 0.0; 0.0; 0.0; 0.0; 0.0; 7.03; 5.15; 9.33; 5.51; 0.0; 0.0; 0.0; 0; 0; 0.0; 0.0; 1; 0.11615319553; 0.000134492948241; 0.00161833863636; 0; 0; 0; 0; 0.0; 0.0; 0.0; -1.0; 0.0; 0.0; 0.0; 0.0; 0.0; 1.0;0; 0;0; 0; 
5.63260602951; 92490; 0.0; 0.0; -0.012082; 0.0; 0.0; 0.0; 0.0; 0.0; 0.0; 0.0; 0.0; 0.0; 0.0; 0.0; 0.0; 0.0; 0.0; 7.03; 5.15; 9.33; 5.51; 0.0; 0.0; 0.0; 0; 0; 0.0; 0.0; 1; 0.11615319553; 0.000134492948241; 0.00161833863636; 0; 0; 0; 0; 0.0; 0.0; 0.0; -1.0; 0.0; 0.0; 0.0; 0.0; 0.0; 1.0;0; 0;0; 0; 
5.64364910126; 92495; 0.0; 0.0; -0.011017; 0.0; 0.0; 0.0; 0.0; 0.0; 0.0; 0.0; 0.0; 0.0; 0.0; 0.0; 0.0; 0.0; 0.0; 7.03; 5.15; 9.33; 5.51; 0.0; 0.0; 0.0; 0; 0; 0.0; 0.0; 1; 0.191118570779; 0.000258233540133; 0.00192454077273; 0; 0; 0; 0; 0.0; 0.0; 0.0; -1.0; 0.0; 0.0; 0.0; 0.0; 0.0; 1.0;0; 0;0; 0; 
5.65494012833; 92500; 0.0; 0.0; -0.010072; 0.0; 0.0; 0.0; 0.0; 0.0; 0.0; 0.0; 0.0; 0.0; 0.0; 0.0; 0.0; 0.0; 0.0; 7.03; 5.15; 9.33; 5.51; 0.0; 0.0; 0.0; 0; 0; 0.0; 0.0; 1; 0.191118570779; 0.000258233540133; 0.00192454077273; 0; 0; 0; 0; 0.0; 0.0; 0.0; -1.0; 0.0; 0.0; 0.0; 0.0; 0.0; 1.0;0; 0;0; 0; 
5.66676616669; 92505; 0.0; 0.0; -0.0086299; 0.0; 0.0; 0.0; 0.0; 0.0; 0.0; 0.0; 0.0; 0.0; 0.0; 0.0; 0.0; 0.0; 0.0; 7.03; 5.15; 9.33; 5.51; 0.0; 0.0; 0.0; 0; 0; 0.0; 0.0; 1; 0.191118570779; 0.000258233540133; 0.00192454077273; 0; 0; 0; 0; 0.0; 0.0; 0.0; -1.0; 0.0; 0.0; 0.0; 0.0; 0.0; 1.0;0; 0;0; 0; 
5.67831707001; 92510; 0.0; 0.0; -0.0072414; 0.0; 0.0; 0.0; 0.0; 0.0; 0.0; 0.0; 0.0; 0.0; 0.0; 0.0; 0.0; 0.0; 0.0; 7.03; 5.15; 9.33; 5.51; 0.0; 0.0; 0.0; 0; 0; 0.0; 0.0; 1; 0.191118570779; 0.000258233540133; 0.00192454077273; 0; 0; 0; 0; 0.0; 0.0; 0.0; -1.0; 0.0; 0.0; 0.0; 0.0; 0.0; 1.0;0; 0;0; 0; 
5.69007515907; 92515; 0.0; 0.0; -0.0058378; 0.0; 0.0; 0.0; 0.0; 0.0; 0.0; 0.0; 0.0; 0.0; 0.0; 0.0; 0.0; 0.0; 0.0; 7.03; 5.15; 9.33; 5.51; 0.0; 0.0; 0.0; 0; 0; 0.0; 0.0; 1; 0.191118570779; 0.000258233540133; 0.00192454077273; 0; 0; 0; 0; 0.0; 0.0; 0.0; -1.0; 0.0; 0.0; 0.0; 0.0; 0.0; 1.0;0; 0;0; 0; 
5.70244908333; 92520; 0.0; 0.0; -0.0046487; 0.0; 0.0; 0.0; 0.0; 0.0; 0.0; 0.0; 0.0; 0.0; 0.0; 0.0; 0.0; 0.0; 0.0; 7.03; 5.15; 9.33; 5.51; 0.0; 0.0; 0.0; 0; 0; 0.0; 0.0; 1; 0.191118570779; 0.000258233540133; 0.00192454077273; 0; 0; 0; 0; 0.0; 0.0; 0.0; -1.0; 0.0; 0.0; 0.0; 0.0; 0.0; 1.0;0; 0;0; 0; 
5.7141251564; 92525; 0.0; 0.0; -0.0041467; 0.0; 0.0; 0.0; 0.0; 0.0; 0.0; 0.0; 0.0; 0.0; 0.0; 0.0; 0.0; 0.0; 0.0; 7.03; 5.15; 9.33; 5.51; 0.0; 0.0; 0.0; 0; 0; 0.0; 0.0; 1; 0.191118570779; 0.000258233540133; 0.00192454077273; 0; 0; 0; 0; 0.0; 0.0; 0.0; -1.0; 0.0; 0.0; 0.0; 0.0; 0.0; 1.0;0; 0;0; 0; 
5.72609806061; 92530; 0.0; 0.0; -0.0039675; 0.0; 0.0; 0.0; 0.0; 0.0; 0.0; 0.0; 0.0; 0.0; 0.0; 0.0; 0.0; 0.0; 0.0; 7.03; 5.15; 9.33; 5.51; 0.0; 0.0; 0.0; 0; 0; 0.0; 0.0; 1; 0.191118570779; 0.000258233540133; 0.00192454077273; 0; 0; 0; 0; 0.0; 0.0; 0.0; -1.0; 0.0; 0.0; 0.0; 0.0; 0.0; 1.0;0; 0;0; 0; 
5.73702001572; 92535; 0.0; 0.0; -0.004343; 0.0; 0.0; 0.0; 0.0; 0.0; 0.0; 0.0; 0.0; 0.0; 0.0; 0.0; 0.0; 0.0; 0.0; 7.03; 5.15; 9.33; 5.51; 0.0; 0.0; 0.0; 0; 0; 0.0; 0.0; 1; 0.191118570779; 0.000258233540133; 0.00192454077273; 0; 0; 0; 0; 0.0; 0.0; 0.0; -1.0; 0.0; 0.0; 0.0; 0.0; 0.0; 1.0;0; 0;0; 0; 
5.74789905548; 92540; 0.0; 0.0; -0.0048108; 0.0; 0.0; 0.0; 0.0; 0.0; 0.0; 0.0; 0.0; 0.0; 0.0; 0.0; 0.0; 0.0; 0.0; 7.03; 5.15; 9.33; 5.51; 0.0; 0.0; 0.0; 0; 0; 0.0; 0.0; 1; 0.191118570779; 0.000258233540133; 0.00192454077273; 0; 0; 0; 0; 0.0; 0.0; 0.0; -1.0; 0.0; 0.0; 0.0; 0.0; 0.0; 1.0;0; 0;0; 0; 
5.75978016853; 92545; 0.0; 0.0; -0.0051687; 0.0; 0.0; 0.0; 0.0; 0.0; 0.0; 0.0; 0.0; 0.0; 0.0; 0.0; 0.0; 0.0; 0.0; 7.03; 5.15; 9.33; 5.51; 0.0; 0.0; 0.0; 0; 0; 0.0; 0.0; 1; 0.191118570779; 0.000258233540133; 0.00192454077273; 0; 0; 0; 0; 0.0; 0.0; 0.0; -1.0; 0.0; 0.0; 0.0; 0.0; 0.0; 1.0;0; 0;0; 0; 
5.77186918259; 92550; 0.0; 0.0; -0.0051662; 0.0; 0.0; 0.0; 0.0; 0.0; 0.0; 0.0; 0.0; 0.0; 0.0; 0.0; 0.0; 0.0; 0.0; 7.03; 5.15; 9.33; 5.51; 0.0; 0.0; 0.0; 0; 0; 0.0; 0.0; 1; 0.191118570779; 0.000258233540133; 0.00192454077273; 0; 0; 0; 0; 0.0; 0.0; 0.0; -1.0; 0.0; 0.0; 0.0; 0.0; 0.0; 1.0;0; 0;0; 0; 
5.7826821804; 92555; 0.0; 0.0; -0.0044653; 0.0; 0.0; 0.0; 0.0; 0.0; 0.0; 0.0; 0.0; 0.0; 0.0; 0.0; 0.0; 0.0; 0.0; 7.03; 5.15; 9.33; 5.51; 0.0; 0.0; 0.0; 0; 0; 0.0; 0.0; 1; 0.191118570779; 0.000258233540133; 0.00192454077273; 0; 0; 0; 0; 0.0; 0.0; 0.0; -1.0; 0.0; 0.0; 0.0; 0.0; 0.0; 1.0;0; 0;0; 0; 
5.79407906532; 92560; 0.0; 0.0; -0.00313; 0.0; 0.0; 0.0; 0.0; 0.0; 0.0; 0.0; 0.0; 0.0; 0.0; 0.0; 0.0; 0.0; 0.0; 7.03; 5.15; 9.33; 5.51; 0.0; 0.0; 0.0; 0; 0; 0.0; 0.0; 1; 0.191118570779; 0.000258233540133; 0.00192454077273; 0; 0; 0; 0; 0.0; 0.0; 0.0; -1.0; 0.0; 0.0; 0.0; 0.0; 0.0; 1.0;0; 0;0; 0; 
5.80539917946; 92565; 0.0; 0.0; -0.0011192; 0.0; 0.0; 0.0; 0.0; 0.0; 0.0; 0.0; 0.0; 0.0; 0.0; 0.0; 0.0; 0.0; 0.0; 7.03; 5.15; 9.33; 5.51; 0.0; 0.0; 0.0; 0; 0; 0.0; 0.0; 1; 0.191118570779; 0.000258233540133; 0.00192454077273; 0; 0; 0; 0; 0.0; 0.0; 0.0; -1.0; 0.0; 0.0; 0.0; 0.0; 0.0; 1.0;0; 0;0; 0; 
5.81719112396; 92570; 0.0; 0.0; 0.001293; 0.0; 0.0; 0.0; 0.0; 0.0; 0.0; 0.0; 0.0; 0.0; 0.0; 0.0; 0.0; 0.0; 0.0; 7.06; 6.65; 8.62; 6.5; 0.0; 0.0; 0.0; 0; 0; 0.0; 0.0; 1; 0.191118570779; 0.000258233540133; 0.00192454077273; 0; 0; 0; 0; 0.0; 0.0; 0.0; -1.0; 0.0; 0.0; 0.0; 0.0; 0.0; 1.0;0; 0;0; 0; 
5.8286550045; 92575; 0.0; 0.0; 0.0039096; 0.0; 0.0; 0.0; 0.0; 0.0; 0.0; 0.0; 0.0; 0.0; 0.0; 0.0; 0.0; 0.0; 0.0; 7.06; 6.65; 8.62; 6.5; 0.0; 0.0; 0.0; 0; 0; 0.0; 0.0; 1; 0.191118570779; 0.000258233540133; 0.00192454077273; 0; 0; 0; 0; 0.0; 0.0; 0.0; -1.0; 0.0; 0.0; 0.0; 0.0; 0.0; 1.0;0; 0;0; 0; 
5.84016299248; 92580; 0.0; 0.0; 0.0065793; 0.0; 0.0; 0.0; 0.0; 0.0; 0.0; 0.0; 0.0; 0.0; 0.0; 0.0; 0.0; 0.0; 0.0; 7.06; 6.65; 8.62; 6.5; 0.0; 0.0; 0.0; 0; 0; 0.0; 0.0; 1; 0.191118570779; 0.000258233540133; 0.00192454077273; 0; 0; 0; 0; 0.0; 0.0; 0.0; -1.0; 0.0; 0.0; 0.0; 0.0; 0.0; 1.0;0; 0;0; 0; 
5.85189914703; 92585; 0.0; 0.0; 0.0091602; 0.0; 0.0; 0.0; 0.0; 0.0; 0.0; 0.0; 0.0; 0.0; 0.0; 0.0; 0.0; 0.0; 0.0; 7.06; 6.65; 8.62; 6.5; 0.0; 0.0; 0.0; 0; 0; 0.0; 0.0; 1; 0.191118570779; 0.000258233540133; 0.00192454077273; 0; 0; 0; 0; 0.0; 0.0; 0.0; -1.0; 0.0; 0.0; 0.0; 0.0; 0.0; 1.0;0; 0;0; 0; 
5.86363220215; 92590; 0.0; 0.0; 0.011417; 0.0; 0.0; 0.0; 0.0; 0.0; 0.0; 0.0; 0.0; 0.0; 0.0; 0.0; 0.0; 0.0; 0.0; 7.06; 6.65; 8.62; 6.5; 0.0; 0.0; 0.0; 0; 0; 0.0; 0.0; 1; 0.191118570779; 0.000258233540133; 0.00192454077273; 0; 0; 0; 0; 0.0; 0.0; 0.0; -1.0; 0.0; 0.0; 0.0; 0.0; 0.0; 1.0;0; 0;0; 0; 
5.87731599808; 92595; 0.0; 0.0; 0.01314; 0.0; 0.0; 0.0; 0.0; 0.0; 0.0; 0.0; 0.0; 0.0; 0.0; 0.0; 0.0; 0.0; 0.0; 7.06; 6.65; 8.62; 6.5; 0.0; 0.0; 0.0; 0; 0; 0.0; 0.0; 1; 0.271213324844; 0.000435709616625; 0.00226501395455; 0; 0; 0; 0; 0.0; 0.0; 0.0; -1.0; 0.0; 0.0; 0.0; 0.0; 0.0; 1.0;0; 0;0; 0; 
5.889067173; 92600; 0.0; 0.0; 0.014275; 0.0; 0.0; 0.0; 0.0; 0.0; 0.0; 0.0; 0.0; 0.0; 0.0; 0.0; 0.0; 0.0; 0.0; 7.06; 6.65; 8.62; 6.5; 0.0; 0.0; 0.0; 0; 0; 0.0; 0.0; 1; 0.271213324844; 0.000435709616625; 0.00226501395455; 0; 0; 0; 0; 0.0; 0.0; 0.0; -1.0; 0.0; 0.0; 0.0; 0.0; 0.0; 1.0;0; 0;0; 0; 
5.90000510216; 92605; 0.0; 0.0; 0.014772; 0.0; 0.0; 0.0; 0.0; 0.0; 0.0; 0.0; 0.0; 0.0; 0.0; 0.0; 0.0; 0.0; 0.0; 7.06; 6.65; 8.62; 6.5; 0.0; 0.0; 0.0; 0; 0; 0.0; 0.0; 1; 0.271213324844; 0.000435709616625; 0.00226501395455; 0; 0; 0; 0; 0.0; 0.0; 0.0; -1.0; 0.0; 0.0; 0.0; 0.0; 0.0; 1.0;0; 0;0; 0; 
5.9117641449; 92610; 0.0; 0.0; 0.014421; 0.0; 0.0; 0.0; 0.0; 0.0; 0.0; 0.0; 0.0; 0.0; 0.0; 0.0; 0.0; 0.0; 0.0; 7.06; 6.65; 8.62; 6.5; 0.0; 0.0; 0.0; 0; 0; 0.0; 0.0; 1; 0.271213324844; 0.000435709616625; 0.00226501395455; 0; 0; 0; 0; 0.0; 0.0; 0.0; -1.0; 0.0; 0.0; 0.0; 0.0; 0.0; 1.0;0; 0;0; 0; 
5.92312908173; 92615; 0.0; 0.0; 0.013242; 0.0; 0.0; 0.0; 0.0; 0.0; 0.0; 0.0; 0.0; 0.0; 0.0; 0.0; 0.0; 0.0; 0.0; 7.06; 6.65; 8.62; 6.5; 0.0; 0.0; 0.0; 0; 0; 0.0; 0.0; 1; 0.271213324844; 0.000435709616625; 0.00226501395455; 0; 0; 0; 0; 0.0; 0.0; 0.0; -1.0; 0.0; 0.0; 0.0; 0.0; 0.0; 1.0;0; 0;0; 0; 
5.9357380867; 92620; 0.0; 0.0; 0.011214; 0.0; 0.0; 0.0; 0.0; 0.0; 0.0; 0.0; 0.0; 0.0; 0.0; 0.0; 0.0; 0.0; 0.0; 7.06; 6.65; 8.62; 6.5; 0.0; 0.0; 0.0; 0; 0; 0.0; 0.0; 1; 0.271213324844; 0.000435709616625; 0.00226501395455; 0; 0; 0; 0; 0.0; 0.0; 0.0; -1.0; 0.0; 0.0; 0.0; 0.0; 0.0; 1.0;0; 0;0; 0; 
5.9468421936; 92625; 0.0; 0.0; 0.0085339; 0.0; 0.0; 0.0; 0.0; 0.0; 0.0; 0.0; 0.0; 0.0; 0.0; 0.0; 0.0; 0.0; 0.0; 7.06; 6.65; 8.62; 6.5; 0.0; 0.0; 0.0; 0; 0; 0.0; 0.0; 1; 0.271213324844; 0.000435709616625; 0.00226501395455; 0; 0; 0; 0; 0.0; 0.0; 0.0; -1.0; 0.0; 0.0; 0.0; 0.0; 0.0; 1.0;0; 0;0; 0; 
5.95776319504; 92630; 0.0; 0.0; 0.0052857; 0.0; 0.0; 0.0; 0.0; 0.0; 0.0; 0.0; 0.0; 0.0; 0.0; 0.0; 0.0; 0.0; 0.0; 7.06; 6.65; 8.62; 6.5; 0.0; 0.0; 0.0; 0; 0; 0.0; 0.0; 1; 0.271213324844; 0.000435709616625; 0.00226501395455; 0; 0; 0; 0; 0.0; 0.0; 0.0; -1.0; 0.0; 0.0; 0.0; 0.0; 0.0; 1.0;0; 0;0; 0; 
5.96947717667; 92635; 0.0; 0.0; 0.0015883; 0.0; 0.0; 0.0; 0.0; 0.0; 0.0; 0.0; 0.0; 0.0; 0.0; 0.0; 0.0; 0.0; 0.0; 7.06; 6.65; 8.62; 6.5; 0.0; 0.0; 0.0; 0; 0; 0.0; 0.0; 1; 0.271213324844; 0.000435709616625; 0.00226501395455; 0; 0; 0; 0; 0.0; 0.0; 0.0; -1.0; 0.0; 0.0; 0.0; 0.0; 0.0; 1.0;0; 0;0; 0; 
5.98106813431; 92640; 0.0; 0.0; -0.0022092; 0.0; 0.0; 0.0; 0.0; 0.0; 0.0; 0.0; 0.0; 0.0; 0.0; 0.0; 0.0; 0.0; 0.0; 7.06; 6.65; 8.62; 6.5; 0.0; 0.0; 0.0; 0; 0; 0.0; 0.0; 1; 0.271213324844; 0.000435709616625; 0.00226501395455; 0; 0; 0; 0; 0.0; 0.0; 0.0; -1.0; 0.0; 0.0; 0.0; 0.0; 0.0; 1.0;0; 0;0; 0; 
5.99227809906; 92645; 0.0; 0.0; -0.0059289; 0.0; 0.0; 0.0; 0.0; 0.0; 0.0; 0.0; 0.0; 0.0; 0.0; 0.0; 0.0; 0.0; 0.0; 7.06; 6.65; 8.62; 6.5; 0.0; 0.0; 0.0; 0; 0; 0.0; 0.0; 1; 0.271213324844; 0.000435709616625; 0.00226501395455; 0; 0; 0; 0; 0.0; 0.0; 0.0; -1.0; 0.0; 0.0; 0.0; 0.0; 0.0; 1.0;0; 0;0; 0; 
6.00339818001; 92650; 0.0; 0.0; -0.0091793; 0.0; 0.0; 0.0; 0.0; 0.0; 0.0; 0.0; 0.0; 0.0; 0.0; 0.0; 0.0; 0.0; 0.0; 7.06; 6.65; 8.62; 6.5; 0.0; 0.0; 0.0; 0; 0; 0.0; 0.0; 1; 0.271213324844; 0.000435709616625; 0.00226501395455; 0; 0; 0; 0; 0.0; 0.0; 0.0; -1.0; 0.0; 0.0; 0.0; 0.0; 0.0; 1.0;0; 0;0; 0; 
6.01429915428; 92655; 0.0; 0.0; -0.011927; 0.0; 0.0; 0.0; 0.0; 0.0; 0.0; 0.0; 0.0; 0.0; 0.0; 0.0; 0.0; 0.0; 0.0; 7.06; 6.65; 8.62; 6.5; 0.0; 0.0; 0.0; 0; 0; 0.0; 0.0; 1; 0.271213324844; 0.000435709616625; 0.00226501395455; 0; 0; 0; 0; 0.0; 0.0; 0.0; -1.0; 0.0; 0.0; 0.0; 0.0; 0.0; 1.0;0; 0;0; 0; 
6.02579712868; 92660; 0.0; 0.0; -0.013815; 0.0; 0.0; 0.0; 0.0; 0.0; 0.0; 0.0; 0.0; 0.0; 0.0; 0.0; 0.0; 0.0; 0.0; 7.06; 6.65; 8.62; 6.5; 0.0; 0.0; 0.0; 0; 0; 0.0; 0.0; 1; 0.271213324844; 0.000435709616625; 0.00226501395455; 0; 0; 0; 0; 0.0; 0.0; 0.0; -1.0; 0.0; 0.0; 0.0; 0.0; 0.0; 1.0;0; 0;0; 0; 
6.03794503212; 92665; 0.0; 0.0; -0.015123; 0.0; 0.0; 0.0; 0.0; 0.0; 0.0; 0.0; 0.0; 0.0; 0.0; 0.0; 0.0; 0.0; 0.0; 7.06; 6.65; 8.62; 6.5; 0.0; 0.0; 0.0; 0; 0; 0.0; 0.0; 1; 0.271213324844; 0.000435709616625; 0.00226501395455; 0; 0; 0; 0; 0.0; 0.0; 0.0; -1.0; 0.0; 0.0; 0.0; 0.0; 0.0; 1.0;0; 0;0; 0; 
6.0497841835; 92670; 0.0; 0.0; -0.015766; 0.0; 0.0; 0.0; 0.0; 0.0; 0.0; 0.0; 0.0; 0.0; 0.0; 0.0; 0.0; 0.0; 0.0; 8.03; 7.75; 7.9; 7.82; 0.0; 0.0; 0.0; 0; 0; 0.0; 0.0; 1; 0.271213324844; 0.000435709616625; 0.00226501395455; 0; 0; 0; 0; 0.0; 0.0; 0.0; -1.0; 0.0; 0.0; 0.0; 0.0; 0.0; 1.0;0; 0;0; 0; 
6.06083202362; 92675; 0.0; 0.0; -0.016014; 0.0; 0.0; 0.0; 0.0; 0.0; 0.0; 0.0; 0.0; 0.0; 0.0; 0.0; 0.0; 0.0; 0.0; 8.03; 7.75; 7.9; 7.82; 0.0; 0.0; 0.0; 0; 0; 0.0; 0.0; 1; 0.271213324844; 0.000435709616625; 0.00226501395455; 0; 0; 0; 0; 0.0; 0.0; 0.0; -1.0; 0.0; 0.0; 0.0; 0.0; 0.0; 1.0;0; 0;0; 0; 
6.07191610336; 92680; 0.0; 0.0; -0.015962; 0.0; 0.0; 0.0; 0.0; 0.0; 0.0; 0.0; 0.0; 0.0; 0.0; 0.0; 0.0; 0.0; 0.0; 8.03; 7.75; 7.9; 7.82; 0.0; 0.0; 0.0; 0; 0; 0.0; 0.0; 1; 0.271213324844; 0.000435709616625; 0.00226501395455; 0; 0; 0; 0; 0.0; 0.0; 0.0; -1.0; 0.0; 0.0; 0.0; 0.0; 0.0; 1.0;0; 0;0; 0; 
6.0828499794; 92685; 0.0; 0.0; -0.015767; 0.0; 0.0; 0.0; 0.0; 0.0; 0.0; 0.0; 0.0; 0.0; 0.0; 0.0; 0.0; 0.0; 0.0; 8.03; 7.75; 7.9; 7.82; 0.0; 0.0; 0.0; 0; 0; 0.0; 0.0; 1; 0.271213324844; 0.000435709616625; 0.00226501395455; 0; 0; 0; 0; 0.0; 0.0; 0.0; -1.0; 0.0; 0.0; 0.0; 0.0; 0.0; 1.0;0; 0;0; 0; 
6.094602108; 92690; 0.0; 0.0; -0.015619; 0.0; 0.0; 0.0; 0.0; 0.0; 0.0; 0.0; 0.0; 0.0; 0.0; 0.0; 0.0; 0.0; 0.0; 8.03; 7.75; 7.9; 7.82; 0.0; 0.0; 0.0; 0; 0; 0.0; 0.0; 1; 0.271213324844; 0.000435709616625; 0.00226501395455; 0; 0; 0; 0; 0.0; 0.0; 0.0; -1.0; 0.0; 0.0; 0.0; 0.0; 0.0; 1.0;0; 0;0; 0; 
6.10624313354; 92695; 0.0; 0.0; -0.015374; 0.0; 0.0; 0.0; 0.0; 0.0; 0.0; 0.0; 0.0; 0.0; 0.0; 0.0; 0.0; 0.0; 0.0; 8.03; 7.75; 7.9; 7.82; 0.0; 0.0; 0.0; 0; 0; 0.0; 0.0; 1; 0.35596374459; 0.000603993171798; 0.00232775259091; 0; 0; 0; 0; 0.0; 0.0; 0.0; -1.0; 0.0; 0.0; 0.0; 0.0; 0.0; 1.0;0; 0;0; 0; 
6.11792206764; 92700; 0.0; 0.0; -0.014977; 0.0; 0.0; 0.0; 0.0; 0.0; 0.0; 0.0; 0.0; 0.0; 0.0; 0.0; 0.0; 0.0; 0.0; 8.03; 7.75; 7.9; 7.82; 0.0; 0.0; 0.0; 0; 0; 0.0; 0.0; 1; 0.35596374459; 0.000603993171798; 0.00232775259091; 0; 0; 0; 0; 0.0; 0.0; 0.0; -1.0; 0.0; 0.0; 0.0; 0.0; 0.0; 1.0;0; 0;0; 0; 
6.12940001488; 92705; 0.0; 0.0; -0.014397; 0.0; 0.0; 0.0; 0.0; 0.0; 0.0; 0.0; 0.0; 0.0; 0.0; 0.0; 0.0; 0.0; 0.0; 8.03; 7.75; 7.9; 7.82; 0.0; 0.0; 0.0; 0; 0; 0.0; 0.0; 1; 0.35596374459; 0.000603993171798; 0.00232775259091; 0; 0; 0; 0; 0.0; 0.0; 0.0; -1.0; 0.0; 0.0; 0.0; 0.0; 0.0; 1.0;0; 0;0; 0; 
6.14073300362; 92710; 0.0; 0.0; -0.01353; 0.0; 0.0; 0.0; 0.0; 0.0; 0.0; 0.0; 0.0; 0.0; 0.0; 0.0; 0.0; 0.0; 0.0; 8.03; 7.75; 7.9; 7.82; 0.0; 0.0; 0.0; 0; 0; 0.0; 0.0; 1; 0.35596374459; 0.000603993171798; 0.00232775259091; 0; 0; 0; 0; 0.0; 0.0; 0.0; -1.0; 0.0; 0.0; 0.0; 0.0; 0.0; 1.0;0; 0;0; 0; 
6.15149497986; 92715; 0.0; 0.0; -0.012364; 0.0; 0.0; 0.0; 0.0; 0.0; 0.0; 0.0; 0.0; 0.0; 0.0; 0.0; 0.0; 0.0; 0.0; 8.03; 7.75; 7.9; 7.82; 0.0; 0.0; 0.0; 0; 0; 0.0; 0.0; 1; 0.35596374459; 0.000603993171798; 0.00232775259091; 0; 0; 0; 0; 0.0; 0.0; 0.0; -1.0; 0.0; 0.0; 0.0; 0.0; 0.0; 1.0;0; 0;0; 0; 
6.16266202927; 92720; 0.0; 0.0; -0.010883; 0.0; 0.0; 0.0; 0.0; 0.0; 0.0; 0.0; 0.0; 0.0; 0.0; 0.0; 0.0; 0.0; 0.0; 8.03; 7.75; 7.9; 7.82; 0.0; 0.0; 0.0; 0; 0; 0.0; 0.0; 1; 0.35596374459; 0.000603993171798; 0.00232775259091; 0; 0; 0; 0; 0.0; 0.0; 0.0; -1.0; 0.0; 0.0; 0.0; 0.0; 0.0; 1.0;0; 0;0; 0; 
6.17378115654; 92725; 0.0; 0.0; -0.0090903; 0.0; 0.0; 0.0; 0.0; 0.0; 0.0; 0.0; 0.0; 0.0; 0.0; 0.0; 0.0; 0.0; 0.0; 8.03; 7.75; 7.9; 7.82; 0.0; 0.0; 0.0; 0; 0; 0.0; 0.0; 1; 0.35596374459; 0.000603993171798; 0.00232775259091; 0; 0; 0; 0; 0.0; 0.0; 0.0; -1.0; 0.0; 0.0; 0.0; 0.0; 0.0; 1.0;0; 0;0; 0; 
6.18509602547; 92730; 0.0; 0.0; -0.0071444; 0.0; 0.0; 0.0; 0.0; 0.0; 0.0; 0.0; 0.0; 0.0; 0.0; 0.0; 0.0; 0.0; 0.0; 8.03; 7.75; 7.9; 7.82; 0.0; 0.0; 0.0; 0; 0; 0.0; 0.0; 1; 0.35596374459; 0.000603993171798; 0.00232775259091; 0; 0; 0; 0; 0.0; 0.0; 0.0; -1.0; 0.0; 0.0; 0.0; 0.0; 0.0; 1.0;0; 0;0; 0; 
6.19589114189; 92735; 0.0; 0.0; -0.0051093; 0.0; 0.0; 0.0; 0.0; 0.0; 0.0; 0.0; 0.0; 0.0; 0.0; 0.0; 0.0; 0.0; 0.0; 8.03; 7.75; 7.9; 7.82; 0.0; 0.0; 0.0; 0; 0; 0.0; 0.0; 1; 0.35596374459; 0.000603993171798; 0.00232775259091; 0; 0; 0; 0; 0.0; 0.0; 0.0; -1.0; 0.0; 0.0; 0.0; 0.0; 0.0; 1.0;0; 0;0; 0; 
6.20773601532; 92740; 0.0; 0.0; -0.0030246; 0.0; 0.0; 0.0; 0.0; 0.0; 0.0; 0.0; 0.0; 0.0; 0.0; 0.0; 0.0; 0.0; 0.0; 8.03; 7.75; 7.9; 7.82; 0.0; 0.0; 0.0; 0; 0; 0.0; 0.0; 1; 0.35596374459; 0.000603993171798; 0.00232775259091; 0; 0; 0; 0; 0.0; 0.0; 0.0; -1.0; 0.0; 0.0; 0.0; 0.0; 0.0; 1.0;0; 0;0; 0; 
6.21897101402; 92745; 0.0; 0.0; -0.0010346; 0.0; 0.0; 0.0; 0.0; 0.0; 0.0; 0.0; 0.0; 0.0; 0.0; 0.0; 0.0; 0.0; 0.0; 8.03; 7.75; 7.9; 7.82; 0.0; 0.0; 0.0; 0; 0; 0.0; 0.0; 1; 0.35596374459; 0.000603993171798; 0.00232775259091; 0; 0; 0; 0; 0.0; 0.0; 0.0; -1.0; 0.0; 0.0; 0.0; 0.0; 0.0; 1.0;0; 0;0; 0; 
6.23008799553; 92750; 0.0; 0.0; 0.00085015; 0.0; 0.0; 0.0; 0.0; 0.0; 0.0; 0.0; 0.0; 0.0; 0.0; 0.0; 0.0; 0.0; 0.0; 8.03; 7.75; 7.9; 7.82; 0.0; 0.0; 0.0; 0; 0; 0.0; 0.0; 1; 0.35596374459; 0.000603993171798; 0.00232775259091; 0; 0; 0; 0; 0.0; 0.0; 0.0; -1.0; 0.0; 0.0; 0.0; 0.0; 0.0; 1.0;0; 0;0; 0; 
6.24187207222; 92755; 0.0; 0.0; 0.0022829; 0.0; 0.0; 0.0; 0.0; 0.0; 0.0; 0.0; 0.0; 0.0; 0.0; 0.0; 0.0; 0.0; 0.0; 8.03; 7.75; 7.9; 7.82; 0.0; 0.0; 0.0; 0; 0; 0.0; 0.0; 1; 0.35596374459; 0.000603993171798; 0.00232775259091; 0; 0; 0; 0; 0.0; 0.0; 0.0; -1.0; 0.0; 0.0; 0.0; 0.0; 0.0; 1.0;0; 0;0; 0; 
6.25337004662; 92760; 0.0; 0.0; 0.0031462; 0.0; 0.0; 0.0; 0.0; 0.0; 0.0; 0.0; 0.0; 0.0; 0.0; 0.0; 0.0; 0.0; 0.0; 8.03; 7.75; 7.9; 7.82; 0.0; 0.0; 0.0; 0; 0; 0.0; 0.0; 1; 0.35596374459; 0.000603993171798; 0.00232775259091; 0; 0; 0; 0; 0.0; 0.0; 0.0; -1.0; 0.0; 0.0; 0.0; 0.0; 0.0; 1.0;0; 0;0; 0; 
6.26418018341; 92765; 0.0; 0.0; 0.0032032; 0.0; 0.0; 0.0; 0.0; 0.0; 0.0; 0.0; 0.0; 0.0; 0.0; 0.0; 0.0; 0.0; 0.0; 8.03; 7.75; 7.9; 7.82; 0.0; 0.0; 0.0; 0; 0; 0.0; 0.0; 1; 0.35596374459; 0.000603993171798; 0.00232775259091; 0; 0; 0; 0; 0.0; 0.0; 0.0; -1.0; 0.0; 0.0; 0.0; 0.0; 0.0; 1.0;0; 0;0; 0; 
6.27553009987; 92770; 0.0; 0.0; 0.0023815; 0.0; 0.0; 0.0; 0.0; 0.0; 0.0; 0.0; 0.0; 0.0; 0.0; 0.0; 0.0; 0.0; 0.0; 8.51; 8.62; 8.53; 8.44; 0.0; 0.0; 0.0; 0; 0; 0.0; 0.0; 1; 0.35596374459; 0.000603993171798; 0.00232775259091; 0; 0; 0; 0; 0.0; 0.0; 0.0; -1.0; 0.0; 0.0; 0.0; 0.0; 0.0; 1.0;0; 0;0; 0; 
6.28633117676; 92775; 0.0; 0.0; 0.00070725; 0.0; 0.0; 0.0; 0.0; 0.0; 0.0; 0.0; 0.0; 0.0; 0.0; 0.0; 0.0; 0.0; 0.0; 8.51; 8.62; 8.53; 8.44; 0.0; 0.0; 0.0; 0; 0; 0.0; 0.0; 1; 0.35596374459; 0.000603993171798; 0.00232775259091; 0; 0; 0; 0; 0.0; 0.0; 0.0; -1.0; 0.0; 0.0; 0.0; 0.0; 0.0; 1.0;0; 0;0; 0; 
6.2975230217; 92780; 0.0; 0.0; -0.0017061; 0.0; 0.0; 0.0; 0.0; 0.0; 0.0; 0.0; 0.0; 0.0; 0.0; 0.0; 0.0; 0.0; 0.0; 8.51; 8.62; 8.53; 8.44; 0.0; 0.0; 0.0; 0; 0; 0.0; 0.0; 1; 0.35596374459; 0.000603993171798; 0.00232775259091; 0; 0; 0; 0; 0.0; 0.0; 0.0; -1.0; 0.0; 0.0; 0.0; 0.0; 0.0; 1.0;0; 0;0; 0; 
6.30934309959; 92785; 0.0; 0.0; -0.0045165; 0.0; 0.0; 0.0; 0.0; 0.0; 0.0; 0.0; 0.0; 0.0; 0.0; 0.0; 0.0; 0.0; 0.0; 8.51; 8.62; 8.53; 8.44; 0.0; 0.0; 0.0; 0; 0; 0.0; 0.0; 1; 0.35596374459; 0.000603993171798; 0.00232775259091; 0; 0; 0; 0; 0.0; 0.0; 0.0; -1.0; 0.0; 0.0; 0.0; 0.0; 0.0; 1.0;0; 0;0; 0; 
6.32157802582; 92790; 0.0; 0.0; -0.0073028; 0.0; 0.0; 0.0; 0.0; 0.0; 0.0; 0.0; 0.0; 0.0; 0.0; 0.0; 0.0; 0.0; 0.0; 8.51; 8.62; 8.53; 8.44; 0.0; 0.0; 0.0; 0; 0; 0.0; 0.0; 1; 0.35596374459; 0.000603993171798; 0.00232775259091; 0; 0; 0; 0; 0.0; 0.0; 0.0; -1.0; 0.0; 0.0; 0.0; 0.0; 0.0; 1.0;0; 0;0; 0; 
6.33291101456; 92796; 0.0; 0.0; -0.0095494; 0.0; 0.0; 0.0; 0.0; 0.0; 0.0; 0.0; 0.0; 0.0; 0.0; 0.0; 0.0; 0.0; 0.0; 8.51; 8.62; 8.53; 8.44; 0.0; 0.0; 0.0; 0; 0; 0.0; 0.0; 1; 0.446817875581; 0.000852808296305; 0.00285592804545; 0; 0; 0; 0; 0.0; 0.0; 0.0; -1.0; 0.0; 0.0; 0.0; 0.0; 0.0; 1.0;0; 0;0; 0; 
6.34387803078; 92801; 0.0; 0.0; -0.010967; 0.0; 0.0; 0.0; 0.0; 0.0; 0.0; 0.0; 0.0; 0.0; 0.0; 0.0; 0.0; 0.0; 0.0; 8.51; 8.62; 8.53; 8.44; 0.0; 0.0; 0.0; 0; 0; 0.0; 0.0; 1; 0.446817875581; 0.000852808296305; 0.00285592804545; 0; 0; 0; 0; 0.0; 0.0; 0.0; -1.0; 0.0; 0.0; 0.0; 0.0; 0.0; 1.0;0; 0;0; 0; 
6.35515713692; 92806; 0.0; 0.0; -0.011478; 0.0; 0.0; 0.0; 0.0; 0.0; 0.0; 0.0; 0.0; 0.0; 0.0; 0.0; 0.0; 0.0; 0.0; 8.51; 8.62; 8.53; 8.44; 0.0; 0.0; 0.0; 0; 0; 0.0; 0.0; 1; 0.446817875581; 0.000852808296305; 0.00285592804545; 0; 0; 0; 0; 0.0; 0.0; 0.0; -1.0; 0.0; 0.0; 0.0; 0.0; 0.0; 1.0;0; 0;0; 0; 
6.36655497551; 92811; 0.0; 0.0; -0.011055; 0.0; 0.0; 0.0; 0.0; 0.0; 0.0; 0.0; 0.0; 0.0; 0.0; 0.0; 0.0; 0.0; 0.0; 8.51; 8.62; 8.53; 8.44; 0.0; 0.0; 0.0; 0; 0; 0.0; 0.0; 1; 0.446817875581; 0.000852808296305; 0.00285592804545; 0; 0; 0; 0; 0.0; 0.0; 0.0; -1.0; 0.0; 0.0; 0.0; 0.0; 0.0; 1.0;0; 0;0; 0; 
6.37744498253; 92816; 0.0; 0.0; -0.0096989; 0.0; 0.0; 0.0; 0.0; 0.0; 0.0; 0.0; 0.0; 0.0; 0.0; 0.0; 0.0; 0.0; 0.0; 8.51; 8.62; 8.53; 8.44; 0.0; 0.0; 0.0; 0; 0; 0.0; 0.0; 1; 0.446817875581; 0.000852808296305; 0.00285592804545; 0; 0; 0; 0; 0.0; 0.0; 0.0; -1.0; 0.0; 0.0; 0.0; 0.0; 0.0; 1.0;0; 0;0; 0; 
6.38835716248; 92821; 0.0; 0.0; -0.0076408; 0.0; 0.0; 0.0; 0.0; 0.0; 0.0; 0.0; 0.0; 0.0; 0.0; 0.0; 0.0; 0.0; 0.0; 8.51; 8.62; 8.53; 8.44; 0.0; 0.0; 0.0; 0; 0; 0.0; 0.0; 1; 0.446817875581; 0.000852808296305; 0.00285592804545; 0; 0; 0; 0; 0.0; 0.0; 0.0; -1.0; 0.0; 0.0; 0.0; 0.0; 0.0; 1.0;0; 0;0; 0; 
6.39928412437; 92826; 0.0; 0.0; -0.005215; 0.0; 0.0; 0.0; 0.0; 0.0; 0.0; 0.0; 0.0; 0.0; 0.0; 0.0; 0.0; 0.0; 0.0; 8.51; 8.62; 8.53; 8.44; 0.0; 0.0; 0.0; 0; 0; 0.0; 0.0; 1; 0.446817875581; 0.000852808296305; 0.00285592804545; 0; 0; 0; 0; 0.0; 0.0; 0.0; -1.0; 0.0; 0.0; 0.0; 0.0; 0.0; 1.0;0; 0;0; 0; 
6.41010117531; 92831; 0.0; 0.0; -0.0027466; 0.0; 0.0; 0.0; 0.0; 0.0; 0.0; 0.0; 0.0; 0.0; 0.0; 0.0; 0.0; 0.0; 0.0; 8.51; 8.62; 8.53; 8.44; 0.0; 0.0; 0.0; 0; 0; 0.0; 0.0; 1; 0.446817875581; 0.000852808296305; 0.00285592804545; 0; 0; 0; 0; 0.0; 0.0; 0.0; -1.0; 0.0; 0.0; 0.0; 0.0; 0.0; 1.0;0; 0;0; 0; 
6.42115902901; 92836; 0.0; 0.0; -0.00043146; 0.0; 0.0; 0.0; 0.0; 0.0; 0.0; 0.0; 0.0; 0.0; 0.0; 0.0; 0.0; 0.0; 0.0; 8.51; 8.62; 8.53; 8.44; 0.0; 0.0; 0.0; 0; 0; 0.0; 0.0; 1; 0.446817875581; 0.000852808296305; 0.00285592804545; 0; 0; 0; 0; 0.0; 0.0; 0.0; -1.0; 0.0; 0.0; 0.0; 0.0; 0.0; 1.0;0; 0;0; 0; 
6.43207907677; 92841; 0.0; 0.0; 0.0014776; 0.0; 0.0; 0.0; 0.0; 0.0; 0.0; 0.0; 0.0; 0.0; 0.0; 0.0; 0.0; 0.0; 0.0; 8.51; 8.62; 8.53; 8.44; 0.0; 0.0; 0.0; 0; 0; 0.0; 0.0; 1; 0.446817875581; 0.000852808296305; 0.00285592804545; 0; 0; 0; 0; 0.0; 0.0; 0.0; -1.0; 0.0; 0.0; 0.0; 0.0; 0.0; 1.0;0; 0;0; 0; 
6.44325518608; 92846; 0.0; 0.0; 0.002748; 0.0; 0.0; 0.0; 0.0; 0.0; 0.0; 0.0; 0.0; 0.0; 0.0; 0.0; 0.0; 0.0; 0.0; 8.51; 8.62; 8.53; 8.44; 0.0; 0.0; 0.0; 0; 0; 0.0; 0.0; 1; 0.446817875581; 0.000852808296305; 0.00285592804545; 0; 0; 0; 0; 0.0; 0.0; 0.0; -1.0; 0.0; 0.0; 0.0; 0.0; 0.0; 1.0;0; 0;0; 0; 
6.45440602303; 92851; 0.0; 0.0; 0.0032571; 0.0; 0.0; 0.0; 0.0; 0.0; 0.0; 0.0; 0.0; 0.0; 0.0; 0.0; 0.0; 0.0; 0.0; 8.51; 8.62; 8.53; 8.44; 0.0; 0.0; 0.0; 0; 0; 0.0; 0.0; 1; 0.446817875581; 0.000852808296305; 0.00285592804545; 0; 0; 0; 0; 0.0; 0.0; 0.0; -1.0; 0.0; 0.0; 0.0; 0.0; 0.0; 1.0;0; 0;0; 0; 
6.46515011787; 92856; 0.0; 0.0; 0.0030885; 0.0; 0.0; 0.0; 0.0; 0.0; 0.0; 0.0; 0.0; 0.0; 0.0; 0.0; 0.0; 0.0; 0.0; 8.51; 8.62; 8.53; 8.44; 0.0; 0.0; 0.0; 0; 0; 0.0; 0.0; 1; 0.446817875581; 0.000852808296305; 0.00285592804545; 0; 0; 0; 0; 0.0; 0.0; 0.0; -1.0; 0.0; 0.0; 0.0; 0.0; 0.0; 1.0;0; 0;0; 0; 
6.47598314285; 92861; 0.0; 0.0; 0.0024037; 0.0; 0.0; 0.0; 0.0; 0.0; 0.0; 0.0; 0.0; 0.0; 0.0; 0.0; 0.0; 0.0; 0.0; 8.51; 8.62; 8.53; 8.44; 0.0; 0.0; 0.0; 0; 0; 0.0; 0.0; 1; 0.446817875581; 0.000852808296305; 0.00285592804545; 0; 0; 0; 0; 0.0; 0.0; 0.0; -1.0; 0.0; 0.0; 0.0; 0.0; 0.0; 1.0;0; 0;0; 0; 
6.48702406883; 92866; 0.0; 0.0; 0.0014998; 0.0; 0.0; 0.0; 0.0; 0.0; 0.0; 0.0; 0.0; 0.0; 0.0; 0.0; 0.0; 0.0; 0.0; 8.51; 8.62; 8.53; 8.44; 0.0; 0.0; 0.0; 0; 0; 0.0; 0.0; 1; 0.446817875581; 0.000852808296305; 0.00285592804545; 0; 0; 0; 0; 0.0; 0.0; 0.0; -1.0; 0.0; 0.0; 0.0; 0.0; 0.0; 1.0;0; 0;0; 0; 
6.49789309502; 92871; 0.0; 0.0; 0.00060369; 0.0; 0.0; 0.0; 0.0; 0.0; 0.0; 0.0; 0.0; 0.0; 0.0; 0.0; 0.0; 0.0; 0.0; 9.15; 9.4; 9.48; 9.19; 0.0; 0.0; 0.0; 0; 0; 0.0; 0.0; 1; 0.446817875581; 0.000852808296305; 0.00285592804545; 0; 0; 0; 0; 0.0; 0.0; 0.0; -1.0; 0.0; 0.0; 0.0; 0.0; 0.0; 1.0;0; 0;0; 0; 
6.50900411606; 92876; 0.0; 0.0; -0.00012423; 0.0; 0.0; 0.0; 0.0; 0.0; 0.0; 0.0; 0.0; 0.0; 0.0; 0.0; 0.0; 0.0; 0.0; 9.15; 9.4; 9.48; 9.19; 0.0; 0.0; 0.0; 0; 0; 0.0; 0.0; 1; 0.446817875581; 0.000852808296305; 0.00285592804545; 0; 0; 0; 0; 0.0; 0.0; 0.0; -1.0; 0.0; 0.0; 0.0; 0.0; 0.0; 1.0;0; 0;0; 0; 
6.51982617378; 92881; 0.0; 0.0; -0.00059571; 0.0; 0.0; 0.0; 0.0; 0.0; 0.0; 0.0; 0.0; 0.0; 0.0; 0.0; 0.0; 0.0; 0.0; 9.15; 9.4; 9.48; 9.19; 0.0; 0.0; 0.0; 0; 0; 0.0; 0.0; 1; 0.446817875581; 0.000852808296305; 0.00285592804545; 0; 0; 0; 0; 0.0; 0.0; 0.0; -1.0; 0.0; 0.0; 0.0; 0.0; 0.0; 1.0;0; 0;0; 0; 
6.53076720238; 92886; 0.0; 0.0; -0.00080836; 0.0; 0.0; 0.0; 0.0; 0.0; 0.0; 0.0; 0.0; 0.0; 0.0; 0.0; 0.0; 0.0; 0.0; 9.15; 9.4; 9.48; 9.19; 0.0; 0.0; 0.0; 0; 0; 0.0; 0.0; 1; 0.446817875581; 0.000852808296305; 0.00285592804545; 0; 0; 0; 0; 0.0; 0.0; 0.0; -1.0; 0.0; 0.0; 0.0; 0.0; 0.0; 1.0;0; 0;0; 0; 
6.54175615311; 92891; 0.0; 0.0; -0.00079954; 0.0; 0.0; 0.0; 0.0; 0.0; 0.0; 0.0; 0.0; 0.0; 0.0; 0.0; 0.0; 0.0; 0.0; 9.15; 9.4; 9.48; 9.19; 0.0; 0.0; 0.0; 0; 0; 0.0; 0.0; 1; 0.446817875581; 0.000852808296305; 0.00285592804545; 0; 0; 0; 0; 0.0; 0.0; 0.0; -1.0; 0.0; 0.0; 0.0; 0.0; 0.0; 1.0;0; 0;0; 0; 
6.55273413658; 92896; 0.0; 0.0; -0.00068944; 0.0; 0.0; 0.0; 0.0; 0.0; 0.0; 0.0; 0.0; 0.0; 0.0; 0.0; 0.0; 0.0; 0.0; 9.15; 9.4; 9.48; 9.19; 0.0; 0.0; 0.0; 0; 0; 0.0; 0.0; 1; 0.545790218608; 0.00116036880741; 0.00314681636364; 0; 0; 0; 0; 0.0; 0.0; 0.0; -1.0; 0.0; 0.0; 0.0; 0.0; 0.0; 1.0;0; 0;0; 0; 
6.56416296959; 92901; 0.0; 0.0; -0.00055777; 0.0; 0.0; 0.0; 0.0; 0.0; 0.0; 0.0; 0.0; 0.0; 0.0; 0.0; 0.0; 0.0; 0.0; 9.15; 9.4; 9.48; 9.19; 0.0; 0.0; 0.0; 0; 0; 0.0; 0.0; 1; 0.545790218608; 0.00116036880741; 0.00314681636364; 0; 0; 0; 0; 0.0; 0.0; 0.0; -1.0; 0.0; 0.0; 0.0; 0.0; 0.0; 1.0;0; 0;0; 0; 
6.57599496841; 92906; 0.0; 0.0; -0.00043414; 0.0; 0.0; 0.0; 0.0; 0.0; 0.0; 0.0; 0.0; 0.0; 0.0; 0.0; 0.0; 0.0; 0.0; 9.15; 9.4; 9.48; 9.19; 0.0; 0.0; 0.0; 0; 0; 0.0; 0.0; 1; 0.545790218608; 0.00116036880741; 0.00314681636364; 0; 0; 0; 0; 0.0; 0.0; 0.0; -1.0; 0.0; 0.0; 0.0; 0.0; 0.0; 1.0;0; 0;0; 0; 
6.58752298355; 92911; 0.0; 0.0; -0.00024568; 0.0; 0.0; 0.0; 0.0; 0.0; 0.0; 0.0; 0.0; 0.0; 0.0; 0.0; 0.0; 0.0; 0.0; 9.15; 9.4; 9.48; 9.19; 0.0; 0.0; 0.0; 0; 0; 0.0; 0.0; 1; 0.545790218608; 0.00116036880741; 0.00314681636364; 0; 0; 0; 0; 0.0; 0.0; 0.0; -1.0; 0.0; 0.0; 0.0; 0.0; 0.0; 1.0;0; 0;0; 0; 
6.59845399857; 92916; 0.0; 0.0; 1.6504e-05; 0.0; 0.0; 0.0; 0.0; 0.0; 0.0; 0.0; 0.0; 0.0; 0.0; 0.0; 0.0; 0.0; 0.0; 9.15; 9.4; 9.48; 9.19; 0.0; 0.0; 0.0; 0; 0; 0.0; 0.0; 1; 0.545790218608; 0.00116036880741; 0.00314681636364; 0; 0; 0; 0; 0.0; 0.0; 0.0; -1.0; 0.0; 0.0; 0.0; 0.0; 0.0; 1.0;0; 0;0; 0; 
6.60942697525; 92921; 0.0; 0.0; 0.00039062; 0.0; 0.0; 0.0; 0.0; 0.0; 0.0; 0.0; 0.0; 0.0; 0.0; 0.0; 0.0; 0.0; 0.0; 9.15; 9.4; 9.48; 9.19; 0.0; 0.0; 0.0; 0; 0; 0.0; 0.0; 1; 0.545790218608; 0.00116036880741; 0.00314681636364; 0; 0; 0; 0; 0.0; 0.0; 0.0; -1.0; 0.0; 0.0; 0.0; 0.0; 0.0; 1.0;0; 0;0; 0; 
6.62112617493; 92926; 0.0; 0.0; 0.00084828; 0.0; 0.0; 0.0; 0.0; 0.0; 0.0; 0.0; 0.0; 0.0; 0.0; 0.0; 0.0; 0.0; 0.0; 9.15; 9.4; 9.48; 9.19; 0.0; 0.0; 0.0; 0; 0; 0.0; 0.0; 1; 0.545790218608; 0.00116036880741; 0.00314681636364; 0; 0; 0; 0; 0.0; 0.0; 0.0; -1.0; 0.0; 0.0; 0.0; 0.0; 0.0; 1.0;0; 0;0; 0; 
6.63246512413; 92931; 0.0; 0.0; 0.0012608; 0.0; 0.0; 0.0; 0.0; 0.0; 0.0; 0.0; 0.0; 0.0; 0.0; 0.0; 0.0; 0.0; 0.0; 9.15; 9.4; 9.48; 9.19; 0.0; 0.0; 0.0; 0; 0; 0.0; 0.0; 1; 0.545790218608; 0.00116036880741; 0.00314681636364; 0; 0; 0; 0; 0.0; 0.0; 0.0; -1.0; 0.0; 0.0; 0.0; 0.0; 0.0; 1.0;0; 0;0; 0; 
6.64360117912; 92936; 0.0; 0.0; 0.0015508; 0.0; 0.0; 0.0; 0.0; 0.0; 0.0; 0.0; 0.0; 0.0; 0.0; 0.0; 0.0; 0.0; 0.0; 9.15; 9.4; 9.48; 9.19; 0.0; 0.0; 0.0; 0; 0; 0.0; 0.0; 1; 0.545790218608; 0.00116036880741; 0.00314681636364; 0; 0; 0; 0; 0.0; 0.0; 0.0; -1.0; 0.0; 0.0; 0.0; 0.0; 0.0; 1.0;0; 0;0; 0; 
6.6556801796; 92941; 0.0; 0.0; 0.0015382; 0.0; 0.0; 0.0; 0.0; 0.0; 0.0; 0.0; 0.0; 0.0; 0.0; 0.0; 0.0; 0.0; 0.0; 9.15; 9.4; 9.48; 9.19; 0.0; 0.0; 0.0; 0; 0; 0.0; 0.0; 1; 0.545790218608; 0.00116036880741; 0.00314681636364; 0; 0; 0; 0; 0.0; 0.0; 0.0; -1.0; 0.0; 0.0; 0.0; 0.0; 0.0; 1.0;0; 0;0; 0; 
6.66739010811; 92946; 0.0; 0.0; 0.0011778; 0.0; 0.0; 0.0; 0.0; 0.0; 0.0; 0.0; 0.0; 0.0; 0.0; 0.0; 0.0; 0.0; 0.0; 9.15; 9.4; 9.48; 9.19; 0.0; 0.0; 0.0; 0; 0; 0.0; 0.0; 1; 0.545790218608; 0.00116036880741; 0.00314681636364; 0; 0; 0; 0; 0.0; 0.0; 0.0; -1.0; 0.0; 0.0; 0.0; 0.0; 0.0; 1.0;0; 0;0; 0; 
6.67941403389; 92951; 0.0; 0.0; 0.00040599; 0.0; 0.0; 0.0; 0.0; 0.0; 0.0; 0.0; 0.0; 0.0; 0.0; 0.0; 0.0; 0.0; 0.0; 9.15; 9.4; 9.48; 9.19; 0.0; 0.0; 0.0; 0; 0; 0.0; 0.0; 1; 0.545790218608; 0.00116036880741; 0.00314681636364; 0; 0; 0; 0; 0.0; 0.0; 0.0; -1.0; 0.0; 0.0; 0.0; 0.0; 0.0; 1.0;0; 0;0; 0; 
6.69166302681; 92956; 0.0; 0.0; -0.00085526; 0.0; 0.0; 0.0; 0.0; 0.0; 0.0; 0.0; 0.0; 0.0; 0.0; 0.0; 0.0; 0.0; 0.0; 9.15; 9.4; 9.48; 9.19; 0.0; 0.0; 0.0; 0; 0; 0.0; 0.0; 1; 0.545790218608; 0.00116036880741; 0.00314681636364; 0; 0; 0; 0; 0.0; 0.0; 0.0; -1.0; 0.0; 0.0; 0.0; 0.0; 0.0; 1.0;0; 0;0; 0; 
6.70306396484; 92961; 0.0; 0.0; -0.0025384; 0.0; 0.0; 0.0; 0.0; 0.0; 0.0; 0.0; 0.0; 0.0; 0.0; 0.0; 0.0; 0.0; 0.0; 9.15; 9.4; 9.48; 9.19; 0.0; 0.0; 0.0; 0; 0; 0.0; 0.0; 1; 0.545790218608; 0.00116036880741; 0.00314681636364; 0; 0; 0; 0; 0.0; 0.0; 0.0; -1.0; 0.0; 0.0; 0.0; 0.0; 0.0; 1.0;0; 0;0; 0; 
6.71461510658; 92966; 0.0; 0.0; -0.0045625; 0.0; 0.0; 0.0; 0.0; 0.0; 0.0; 0.0; 0.0; 0.0; 0.0; 0.0; 0.0; 0.0; 0.0; 9.15; 9.4; 9.48; 9.19; 0.0; 0.0; 0.0; 0; 0; 0.0; 0.0; 1; 0.545790218608; 0.00116036880741; 0.00314681636364; 0; 0; 0; 0; 0.0; 0.0; 0.0; -1.0; 0.0; 0.0; 0.0; 0.0; 0.0; 1.0;0; 0;0; 0; 
6.72667717934; 92971; 0.0; 0.0; -0.0066715; 0.0; 0.0; 0.0; 0.0; 0.0; 0.0; 0.0; 0.0; 0.0; 0.0; 0.0; 0.0; 0.0; 0.0; 9.72; 9.99; 9.92; 9.71; 0.0; 0.0; 0.0; 0; 0; 0.0; 0.0; 1; 0.545790218608; 0.00116036880741; 0.00314681636364; 0; 0; 0; 0; 0.0; 0.0; 0.0; -1.0; 0.0; 0.0; 0.0; 0.0; 0.0; 1.0;0; 0;0; 0; 
6.73874211311; 92976; 0.0; 0.0; -0.008637; 0.0; 0.0; 0.0; 0.0; 0.0; 0.0; 0.0; 0.0; 0.0; 0.0; 0.0; 0.0; 0.0; 0.0; 9.72; 9.99; 9.92; 9.71; 0.0; 0.0; 0.0; 0; 0; 0.0; 0.0; 1; 0.545790218608; 0.00116036880741; 0.00314681636364; 0; 0; 0; 0; 0.0; 0.0; 0.0; -1.0; 0.0; 0.0; 0.0; 0.0; 0.0; 1.0;0; 0;0; 0; 
6.75049304962; 92981; 0.0; 0.0; -0.010306; 0.0; 0.0; 0.0; 0.0; 0.0; 0.0; 0.0; 0.0; 0.0; 0.0; 0.0; 0.0; 0.0; 0.0; 9.72; 9.99; 9.92; 9.71; 0.0; 0.0; 0.0; 0; 0; 0.0; 0.0; 1; 0.545790218608; 0.00116036880741; 0.00314681636364; 0; 0; 0; 0; 0.0; 0.0; 0.0; -1.0; 0.0; 0.0; 0.0; 0.0; 0.0; 1.0;0; 0;0; 0; 
6.76269102097; 92986; 0.0; 0.0; -0.011544; 0.0; 0.0; 0.0; 0.0; 0.0; 0.0; 0.0; 0.0; 0.0; 0.0; 0.0; 0.0; 0.0; 0.0; 9.72; 9.99; 9.92; 9.71; 0.0; 0.0; 0.0; 0; 0; 0.0; 0.0; 1; 0.545790218608; 0.00116036880741; 0.00314681636364; 0; 0; 0; 0; 0.0; 0.0; 0.0; -1.0; 0.0; 0.0; 0.0; 0.0; 0.0; 1.0;0; 0;0; 0; 
6.7750442028; 92991; 0.0; 0.0; -0.012245; 0.0; 0.0; 0.0; 0.0; 0.0; 0.0; 0.0; 0.0; 0.0; 0.0; 0.0; 0.0; 0.0; 0.0; 9.72; 9.99; 9.92; 9.71; 0.0; 0.0; 0.0; 0; 0; 0.0; 0.0; 1; 0.545790218608; 0.00116036880741; 0.00314681636364; 0; 0; 0; 0; 0.0; 0.0; 0.0; -1.0; 0.0; 0.0; 0.0; 0.0; 0.0; 1.0;0; 0;0; 0; 
6.78705120087; 92996; 0.0; 0.0; -0.01234; 0.0; 0.0; 0.0; 0.0; 0.0; 0.0; 0.0; 0.0; 0.0; 0.0; 0.0; 0.0; 0.0; 0.0; 9.72; 9.99; 9.92; 9.71; 0.0; 0.0; 0.0; 0; 0; 0.0; 0.0; 1; 0.652030803957; 0.00149618517164; 0.00333159925455; 0; 0; 0; 0; 0.0; 0.0; 0.0; -1.0; 0.0; 0.0; 0.0; 0.0; 0.0; 1.0;0; 0;0; 0; 
6.79900503159; 93001; 0.0; 0.0; -0.011928; 0.0; 0.0; 0.0; 0.0; 0.0; 0.0; 0.0; 0.0; 0.0; 0.0; 0.0; 0.0; 0.0; 0.0; 9.72; 9.99; 9.92; 9.71; 0.0; 0.0; 0.0; 0; 0; 0.0; 0.0; 1; 0.652030803957; 0.00149618517164; 0.00333159925455; 0; 0; 0; 0; 0.0; 0.0; 0.0; -1.0; 0.0; 0.0; 0.0; 0.0; 0.0; 1.0;0; 0;0; 0; 
6.81071615219; 93006; 0.0; 0.0; -0.011137; 0.0; 0.0; 0.0; 0.0; 0.0; 0.0; 0.0; 0.0; 0.0; 0.0; 0.0; 0.0; 0.0; 0.0; 9.72; 9.99; 9.92; 9.71; 0.0; 0.0; 0.0; 0; 0; 0.0; 0.0; 1; 0.652030803957; 0.00149618517164; 0.00333159925455; 0; 0; 0; 0; 0.0; 0.0; 0.0; -1.0; 0.0; 0.0; 0.0; 0.0; 0.0; 1.0;0; 0;0; 0; 
6.82266497612; 93011; 0.0; 0.0; -0.010163; 0.0; 0.0; 0.0; 0.0; 0.0; 0.0; 0.0; 0.0; 0.0; 0.0; 0.0; 0.0; 0.0; 0.0; 9.72; 9.99; 9.92; 9.71; 0.0; 0.0; 0.0; 0; 0; 0.0; 0.0; 1; 0.652030803957; 0.00149618517164; 0.00333159925455; 0; 0; 0; 0; 0.0; 0.0; 0.0; -1.0; 0.0; 0.0; 0.0; 0.0; 0.0; 1.0;0; 0;0; 0; 
6.83477020264; 93016; 0.0; 0.0; -0.0090764; 0.0; 0.0; 0.0; 0.0; 0.0; 0.0; 0.0; 0.0; 0.0; 0.0; 0.0; 0.0; 0.0; 0.0; 9.72; 9.99; 9.92; 9.71; 0.0; 0.0; 0.0; 0; 0; 0.0; 0.0; 1; 0.652030803957; 0.00149618517164; 0.00333159925455; 0; 0; 0; 0; 0.0; 0.0; 0.0; -1.0; 0.0; 0.0; 0.0; 0.0; 0.0; 1.0;0; 0;0; 0; 
6.84716200829; 93021; 0.0; 0.0; -0.0077796; 0.0; 0.0; 0.0; 0.0; 0.0; 0.0; 0.0; 0.0; 0.0; 0.0; 0.0; 0.0; 0.0; 0.0; 9.72; 9.99; 9.92; 9.71; 0.0; 0.0; 0.0; 0; 0; 0.0; 0.0; 1; 0.652030803957; 0.00149618517164; 0.00333159925455; 0; 0; 0; 0; 0.0; 0.0; 0.0; -1.0; 0.0; 0.0; 0.0; 0.0; 0.0; 1.0;0; 0;0; 0; 
6.85961103439; 93026; 0.0; 0.0; -0.0063174; 0.0; 0.0; 0.0; 0.0; 0.0; 0.0; 0.0; 0.0; 0.0; 0.0; 0.0; 0.0; 0.0; 0.0; 9.72; 9.99; 9.92; 9.71; 0.0; 0.0; 0.0; 0; 0; 0.0; 0.0; 1; 0.652030803957; 0.00149618517164; 0.00333159925455; 0; 0; 0; 0; 0.0; 0.0; 0.0; -1.0; 0.0; 0.0; 0.0; 0.0; 0.0; 1.0;0; 0;0; 0; 
6.86918902397; 93031; 0.0; 0.0; -0.0045879; 0.0; 0.0; 0.0; 0.0; 0.0; 0.0; 0.0; 0.0; 0.0; 0.0; 0.0; 0.0; 0.0; 0.0; 9.72; 9.99; 9.92; 9.71; 0.0; 0.0; 0.0; 0; 0; 0.0; 0.0; 1; 0.652030803957; 0.00149618517164; 0.00333159925455; 0; 0; 0; 0; 0.0; 0.0; 0.0; -1.0; 0.0; 0.0; 0.0; 0.0; 0.0; 1.0;0; 0;0; 0; 
6.88123106956; 93036; 0.0; 0.0; -0.0026709; 0.0; 0.0; 0.0; 0.0; 0.0; 0.0; 0.0; 0.0; 0.0; 0.0; 0.0; 0.0; 0.0; 0.0; 9.72; 9.99; 9.92; 9.71; 0.0; 0.0; 0.0; 0; 0; 0.0; 0.0; 1; 0.652030803957; 0.00149618517164; 0.00333159925455; 0; 0; 0; 0; 0.0; 0.0; 0.0; -1.0; 0.0; 0.0; 0.0; 0.0; 0.0; 1.0;0; 0;0; 0; 
6.89318013191; 93041; 0.0; 0.0; -0.00069063; 0.0; 0.0; 0.0; 0.0; 0.0; 0.0; 0.0; 0.0; 0.0; 0.0; 0.0; 0.0; 0.0; 0.0; 9.72; 9.99; 9.92; 9.71; 0.0; 0.0; 0.0; 0; 0; 0.0; 0.0; 1; 0.652030803957; 0.00149618517164; 0.00333159925455; 0; 0; 0; 0; 0.0; 0.0; 0.0; -1.0; 0.0; 0.0; 0.0; 0.0; 0.0; 1.0;0; 0;0; 0; 
6.90412712097; 93046; 0.0; 0.0; 0.0011428; 0.0; 0.0; 0.0; 0.0; 0.0; 0.0; 0.0; 0.0; 0.0; 0.0; 0.0; 0.0; 0.0; 0.0; 9.72; 9.99; 9.92; 9.71; 0.0; 0.0; 0.0; 0; 0; 0.0; 0.0; 1; 0.652030803957; 0.00149618517164; 0.00333159925455; 0; 0; 0; 0; 0.0; 0.0; 0.0; -1.0; 0.0; 0.0; 0.0; 0.0; 0.0; 1.0;0; 0;0; 0; 
6.91564798355; 93051; 0.0; 0.0; 0.0025009; 0.0; 0.0; 0.0; 0.0; 0.0; 0.0; 0.0; 0.0; 0.0; 0.0; 0.0; 0.0; 0.0; 0.0; 9.72; 9.99; 9.92; 9.71; 0.0; 0.0; 0.0; 0; 0; 0.0; 0.0; 1; 0.652030803957; 0.00149618517164; 0.00333159925455; 0; 0; 0; 0; 0.0; 0.0; 0.0; -1.0; 0.0; 0.0; 0.0; 0.0; 0.0; 1.0;0; 0;0; 0; 
6.92702007294; 93056; 0.0; 0.0; 0.0031245; 0.0; 0.0; 0.0; 0.0; 0.0; 0.0; 0.0; 0.0; 0.0; 0.0; 0.0; 0.0; 0.0; 0.0; 9.72; 9.99; 9.92; 9.71; 0.0; 0.0; 0.0; 0; 0; 0.0; 0.0; 1; 0.652030803957; 0.00149618517164; 0.00333159925455; 0; 0; 0; 0; 0.0; 0.0; 0.0; -1.0; 0.0; 0.0; 0.0; 0.0; 0.0; 1.0;0; 0;0; 0; 
6.93851208687; 93061; 0.0; 0.0; 0.0028555; 0.0; 0.0; 0.0; 0.0; 0.0; 0.0; 0.0; 0.0; 0.0; 0.0; 0.0; 0.0; 0.0; 0.0; 9.72; 9.99; 9.92; 9.71; 0.0; 0.0; 0.0; 0; 0; 0.0; 0.0; 1; 0.652030803957; 0.00149618517164; 0.00333159925455; 0; 0; 0; 0; 0.0; 0.0; 0.0; -1.0; 0.0; 0.0; 0.0; 0.0; 0.0; 1.0;0; 0;0; 0; 
6.95056319237; 93066; 0.0; 0.0; 0.0017178; 0.0; 0.0; 0.0; 0.0; 0.0; 0.0; 0.0; 0.0; 0.0; 0.0; 0.0; 0.0; 0.0; 0.0; 10.04; 10.4; 10.3; 10.16; 0.0; 0.0; 0.0; 0; 0; 0.0; 0.0; 1; 0.652030803957; 0.00149618517164; 0.00333159925455; 0; 0; 0; 0; 0.0; 0.0; 0.0; -1.0; 0.0; 0.0; 0.0; 0.0; 0.0; 1.0;0; 0;0; 0; 
6.96189212799; 93071; 0.0; 0.0; -7.8161e-05; 0.0; 0.0; 0.0; 0.0; 0.0; 0.0; 0.0; 0.0; 0.0; 0.0; 0.0; 0.0; 0.0; 0.0; 10.04; 10.4; 10.3; 10.16; 0.0; 0.0; 0.0; 0; 0; 0.0; 0.0; 1; 0.652030803957; 0.00149618517164; 0.00333159925455; 0; 0; 0; 0; 0.0; 0.0; 0.0; -1.0; 0.0; 0.0; 0.0; 0.0; 0.0; 1.0;0; 0;0; 0; 
6.9729821682; 93076; 0.0; 0.0; -0.0021485; 0.0; 0.0; 0.0; 0.0; 0.0; 0.0; 0.0; 0.0; 0.0; 0.0; 0.0; 0.0; 0.0; 0.0; 10.04; 10.4; 10.3; 10.16; 0.0; 0.0; 0.0; 0; 0; 0.0; 0.0; 1; 0.652030803957; 0.00149618517164; 0.00333159925455; 0; 0; 0; 0; 0.0; 0.0; 0.0; -1.0; 0.0; 0.0; 0.0; 0.0; 0.0; 1.0;0; 0;0; 0; 
6.98562502861; 93081; 0.0; 0.0; -0.0040278; 0.0; 0.0; 0.0; 0.0; 0.0; 0.0; 0.0; 0.0; 0.0; 0.0; 0.0; 0.0; 0.0; 0.0; 10.04; 10.4; 10.3; 10.16; 0.0; 0.0; 0.0; 0; 0; 0.0; 0.0; 1; 0.652030803957; 0.00149618517164; 0.00333159925455; 0; 0; 0; 0; 0.0; 0.0; 0.0; -1.0; 0.0; 0.0; 0.0; 0.0; 0.0; 1.0;0; 0;0; 0; 
6.99788999557; 93086; 0.0; 0.0; -0.0054587; 0.0; 0.0; 0.0; 0.0; 0.0; 0.0; 0.0; 0.0; 0.0; 0.0; 0.0; 0.0; 0.0; 0.0; 10.04; 10.4; 10.3; 10.16; 0.0; 0.0; 0.0; 0; 0; 0.0; 0.0; 1; 0.652030803957; 0.00149618517164; 0.00333159925455; 0; 0; 0; 0; 0.0; 0.0; 0.0; -1.0; 0.0; 0.0; 0.0; 0.0; 0.0; 1.0;0; 0;0; 0; 
7.00959205627; 93091; 0.0; 0.0; -0.0062486; 0.0; 0.0; 0.0; 0.0; 0.0; 0.0; 0.0; 0.0; 0.0; 0.0; 0.0; 0.0; 0.0; 0.0; 10.04; 10.4; 10.3; 10.16; 0.0; 0.0; 0.0; 0; 0; 0.0; 0.0; 1; 0.652030803957; 0.00149618517164; 0.00333159925455; 0; 0; 0; 0; 0.0; 0.0; 0.0; -1.0; 0.0; 0.0; 0.0; 0.0; 0.0; 1.0;0; 0;0; 0; 
7.02101111412; 93096; 0.0; 0.0; -0.0063076; 0.0; 0.0; 0.0; 0.0; 0.0; 0.0; 0.0; 0.0; 0.0; 0.0; 0.0; 0.0; 0.0; 0.0; 10.04; 10.4; 10.3; 10.16; 0.0; 0.0; 0.0; 0; 0; 0.0; 0.0; 1; 0.766209637202; 0.00191098066418; 0.00373754239545; 0; 0; 0; 0; 0.0; 0.0; 0.0; -1.0; 0.0; 0.0; 0.0; 0.0; 0.0; 1.0;0; 0;0; 0; 
7.03274703026; 93101; 0.0; 0.0; -0.0057088; 0.0; 0.0; 0.0; 0.0; 0.0; 0.0; 0.0; 0.0; 0.0; 0.0; 0.0; 0.0; 0.0; 0.0; 10.04; 10.4; 10.3; 10.16; 0.0; 0.0; 0.0; 0; 0; 0.0; 0.0; 1; 0.766209637202; 0.00191098066418; 0.00373754239545; 0; 0; 0; 0; 0.0; 0.0; 0.0; -1.0; 0.0; 0.0; 0.0; 0.0; 0.0; 1.0;0; 0;0; 0; 
7.04550504684; 93106; 0.0; 0.0; -0.0045285; 0.0; 0.0; 0.0; 0.0; 0.0; 0.0; 0.0; 0.0; 0.0; 0.0; 0.0; 0.0; 0.0; 0.0; 10.04; 10.4; 10.3; 10.16; 0.0; 0.0; 0.0; 0; 0; 0.0; 0.0; 1; 0.766209637202; 0.00191098066418; 0.00373754239545; 0; 0; 0; 0; 0.0; 0.0; 0.0; -1.0; 0.0; 0.0; 0.0; 0.0; 0.0; 1.0;0; 0;0; 0; 
7.05826997757; 93111; 0.0; 0.0; -0.0029466; 0.0; 0.0; 0.0; 0.0; 0.0; 0.0; 0.0; 0.0; 0.0; 0.0; 0.0; 0.0; 0.0; 0.0; 10.04; 10.4; 10.3; 10.16; 0.0; 0.0; 0.0; 0; 0; 0.0; 0.0; 1; 0.766209637202; 0.00191098066418; 0.00373754239545; 0; 0; 0; 0; 0.0; 0.0; 0.0; -1.0; 0.0; 0.0; 0.0; 0.0; 0.0; 1.0;0; 0;0; 0; 
7.07140016556; 93116; 0.0; 0.0; -0.0010566; 0.0; 0.0; 0.0; 0.0; 0.0; 0.0; 0.0; 0.0; 0.0; 0.0; 0.0; 0.0; 0.0; 0.0; 10.04; 10.4; 10.3; 10.16; 0.0; 0.0; 0.0; 0; 0; 0.0; 0.0; 1; 0.766209637202; 0.00191098066418; 0.00373754239545; 0; 0; 0; 0; 0.0; 0.0; 0.0; -1.0; 0.0; 0.0; 0.0; 0.0; 0.0; 1.0;0; 0;0; 0; 
7.08458805084; 93121; 0.0; 0.0; 0.0010247; 0.0; 0.0; 0.0; 0.0; 0.0; 0.0; 0.0; 0.0; 0.0; 0.0; 0.0; 0.0; 0.0; 0.0; 10.04; 10.4; 10.3; 10.16; 0.0; 0.0; 0.0; 0; 0; 0.0; 0.0; 1; 0.766209637202; 0.00191098066418; 0.00373754239545; 0; 0; 0; 0; 0.0; 0.0; 0.0; -1.0; 0.0; 0.0; 0.0; 0.0; 0.0; 1.0;0; 0;0; 0; 
7.09765005112; 93126; 0.0; 0.0; 0.0031623; 0.0; 0.0; 0.0; 0.0; 0.0; 0.0; 0.0; 0.0; 0.0; 0.0; 0.0; 0.0; 0.0; 0.0; 10.04; 10.4; 10.3; 10.16; 0.0; 0.0; 0.0; 0; 0; 0.0; 0.0; 1; 0.766209637202; 0.00191098066418; 0.00373754239545; 0; 0; 0; 0; 0.0; 0.0; 0.0; -1.0; 0.0; 0.0; 0.0; 0.0; 0.0; 1.0;0; 0;0; 0; 
7.11032700539; 93131; 0.0; 0.0; 0.0051672; 0.0; 0.0; 0.0; 0.0; 0.0; 0.0; 0.0; 0.0; 0.0; 0.0; 0.0; 0.0; 0.0; 0.0; 10.04; 10.4; 10.3; 10.16; 0.0; 0.0; 0.0; 0; 0; 0.0; 0.0; 1; 0.766209637202; 0.00191098066418; 0.00373754239545; 0; 0; 0; 0; 0.0; 0.0; 0.0; -1.0; 0.0; 0.0; 0.0; 0.0; 0.0; 1.0;0; 0;0; 0; 
7.12265515327; 93136; 0.0; 0.0; 0.0069347; 0.0; 0.0; 0.0; 0.0; 0.0; 0.0; 0.0; 0.0; 0.0; 0.0; 0.0; 0.0; 0.0; 0.0; 10.04; 10.4; 10.3; 10.16; 0.0; 0.0; 0.0; 0; 0; 0.0; 0.0; 1; 0.766209637202; 0.00191098066418; 0.00373754239545; 0; 0; 0; 0; 0.0; 0.0; 0.0; -1.0; 0.0; 0.0; 0.0; 0.0; 0.0; 1.0;0; 0;0; 0; 
7.13489198685; 93141; 0.0; 0.0; 0.0084698; 0.0; 0.0; 0.0; 0.0; 0.0; 0.0; 0.0; 0.0; 0.0; 0.0; 0.0; 0.0; 0.0; 0.0; 10.04; 10.4; 10.3; 10.16; 0.0; 0.0; 0.0; 0; 0; 0.0; 0.0; 1; 0.766209637202; 0.00191098066418; 0.00373754239545; 0; 0; 0; 0; 0.0; 0.0; 0.0; -1.0; 0.0; 0.0; 0.0; 0.0; 0.0; 1.0;0; 0;0; 0; 
7.14837098122; 93146; 0.0; 0.0; 0.0097161; 0.0; 0.0; 0.0; 0.0; 0.0; 0.0; 0.0; 0.0; 0.0; 0.0; 0.0; 0.0; 0.0; 0.0; 10.04; 10.4; 10.3; 10.16; 0.0; 0.0; 0.0; 0; 0; 0.0; 0.0; 1; 0.766209637202; 0.00191098066418; 0.00373754239545; 0; 0; 0; 0; 0.0; 0.0; 0.0; -1.0; 0.0; 0.0; 0.0; 0.0; 0.0; 1.0;0; 0;0; 0; 
7.16135811806; 93151; 0.0; 0.0; 0.010637; 0.0; 0.0; 0.0; 0.0; 0.0; 0.0; 0.0; 0.0; 0.0; 0.0; 0.0; 0.0; 0.0; 0.0; 10.04; 10.4; 10.3; 10.16; 0.0; 0.0; 0.0; 0; 0; 0.0; 0.0; 1; 0.766209637202; 0.00191098066418; 0.00373754239545; 0; 0; 0; 0; 0.0; 0.0; 0.0; -1.0; 0.0; 0.0; 0.0; 0.0; 0.0; 1.0;0; 0;0; 0; 
7.17364597321; 93156; 0.0; 0.0; 0.011147; 0.0; 0.0; 0.0; 0.0; 0.0; 0.0; 0.0; 0.0; 0.0; 0.0; 0.0; 0.0; 0.0; 0.0; 10.04; 10.4; 10.3; 10.16; 0.0; 0.0; 0.0; 0; 0; 0.0; 0.0; 1; 0.766209637202; 0.00191098066418; 0.00373754239545; 0; 0; 0; 0; 0.0; 0.0; 0.0; -1.0; 0.0; 0.0; 0.0; 0.0; 0.0; 1.0;0; 0;0; 0; 
7.18579411507; 93161; 0.0; 0.0; 0.011274; 0.0; 0.0; 0.0; 0.0; 0.0; 0.0; 0.0; 0.0; 0.0; 0.0; 0.0; 0.0; 0.0; 0.0; 10.04; 10.4; 10.3; 10.16; 0.0; 0.0; 0.0; 0; 0; 0.0; 0.0; 1; 0.766209637202; 0.00191098066418; 0.00373754239545; 0; 0; 0; 0; 0.0; 0.0; 0.0; -1.0; 0.0; 0.0; 0.0; 0.0; 0.0; 1.0;0; 0;0; 0; 
7.19871997833; 93166; 0.0; 0.0; 0.011113; 0.0; 0.0; 0.0; 0.0; 0.0; 0.0; 0.0; 0.0; 0.0; 0.0; 0.0; 0.0; 0.0; 0.0; 10.04; 10.4; 10.3; 10.16; 0.0; 0.0; 0.0; 0; 0; 0.0; 0.0; 1; 0.766209637202; 0.00191098066418; 0.00373754239545; 0; 0; 0; 0; 0.0; 0.0; 0.0; -1.0; 0.0; 0.0; 0.0; 0.0; 0.0; 1.0;0; 0;0; 0; 
7.21196007729; 93171; 0.0; 0.0; 0.010461; 0.0; 0.0; 0.0; 0.0; 0.0; 0.0; 0.0; 0.0; 0.0; 0.0; 0.0; 0.0; 0.0; 0.0; 10.04; 10.4; 10.3; 10.16; 0.0; 0.0; 0.0; 0; 0; 0.0; 0.0; 1; 0.766209637202; 0.00191098066418; 0.00373754239545; 0; 0; 0; 0; 0.0; 0.0; 0.0; -1.0; 0.0; 0.0; 0.0; 0.0; 0.0; 1.0;0; 0;0; 0; 
7.22422504425; 93176; 0.0; 0.0; 0.0091577; 0.0; 0.0; 0.0; 0.0; 0.0; 0.0; 0.0; 0.0; 0.0; 0.0; 0.0; 0.0; 0.0; 0.0; 10.04; 10.4; 10.3; 10.16; 0.0; 0.0; 0.0; 0; 0; 0.0; 0.0; 1; 0.766209637202; 0.00191098066418; 0.00373754239545; 0; 0; 0; 0; 0.0; 0.0; 0.0; -1.0; 0.0; 0.0; 0.0; 0.0; 0.0; 1.0;0; 0;0; 0; 
7.23668909073; 93181; 0.0; 0.0; 0.0073204; 0.0; 0.0; 0.0; 0.0; 0.0; 0.0; 0.0; 0.0; 0.0; 0.0; 0.0; 0.0; 0.0; 0.0; 10.04; 10.4; 10.3; 10.16; 0.0; 0.0; 0.0; 0; 0; 0.0; 0.0; 1; 0.766209637202; 0.00191098066418; 0.00373754239545; 0; 0; 0; 0; 0.0; 0.0; 0.0; -1.0; 0.0; 0.0; 0.0; 0.0; 0.0; 1.0;0; 0;0; 0; 
7.24783706665; 93186; 0.0; 0.0; 0.0051633; 0.0; 0.0; 0.0; 0.0; 0.0; 0.0; 0.0; 0.0; 0.0; 0.0; 0.0; 0.0; 0.0; 0.0; 10.04; 10.4; 10.3; 10.16; 0.0; 0.0; 0.0; 0; 0; 0.0; 0.0; 1; 0.766209637202; 0.00191098066418; 0.00373754239545; 0; 0; 0; 0; 0.0; 0.0; 0.0; -1.0; 0.0; 0.0; 0.0; 0.0; 0.0; 1.0;0; 0;0; 0; 
7.25911712646; 93191; 0.0; 0.0; 0.0030257; 0.0; 0.0; 0.0; 0.0; 0.0; 0.0; 0.0; 0.0; 0.0; 0.0; 0.0; 0.0; 0.0; 0.0; 10.04; 10.4; 10.3; 10.16; 0.0; 0.0; 0.0; 0; 0; 0.0; 0.0; 1; 0.766209637202; 0.00191098066418; 0.00373754239545; 0; 0; 0; 0; 0.0; 0.0; 0.0; -1.0; 0.0; 0.0; 0.0; 0.0; 0.0; 1.0;0; 0;0; 0; 
7.27002716064; 93196; 0.0; 0.0; 0.0010103; 0.0; 0.0; 0.0; 0.0; 0.0; 0.0; 0.0; 0.0; 0.0; 0.0; 0.0; 0.0; 0.0; 0.0; 10.04; 10.4; 10.3; 10.16; 0.0; 0.0; 0.0; 0; 0; 0.0; 0.0; 1; 0.887132619337; 0.00235807339059; 0.00335594466818; 0; 0; 0; 0; 0.0; 0.0; 0.0; -1.0; 0.0; 0.0; 0.0; 0.0; 0.0; 1.0;0; 0;0; 0; 
7.28113913536; 93201; 0.0; 0.0; -0.00079902; 0.0; 0.0; 0.0; 0.0; 0.0; 0.0; 0.0; 0.0; 0.0; 0.0; 0.0; 0.0; 0.0; 0.0; 10.04; 10.4; 10.3; 10.16; 0.0; 0.0; 0.0; 0; 0; 0.0; 0.0; 1; 0.887132619337; 0.00235807339059; 0.00335594466818; 0; 0; 0; 0; 0.0; 0.0; 0.0; -1.0; 0.0; 0.0; 0.0; 0.0; 0.0; 1.0;0; 0;0; 0; 
7.29199719429; 93206; 0.0; 0.0; -0.0021665; 0.0; 0.0; 0.0; 0.0; 0.0; 0.0; 0.0; 0.0; 0.0; 0.0; 0.0; 0.0; 0.0; 0.0; 10.04; 10.4; 10.3; 10.16; 0.0; 0.0; 0.0; 0; 0; 0.0; 0.0; 1; 0.887132619337; 0.00235807339059; 0.00335594466818; 0; 0; 0; 0; 0.0; 0.0; 0.0; -1.0; 0.0; 0.0; 0.0; 0.0; 0.0; 1.0;0; 0;0; 0; 
7.30358600616; 93211; 0.0; 0.0; -0.0030871; 0.0; 0.0; 0.0; 0.0; 0.0; 0.0; 0.0; 0.0; 0.0; 0.0; 0.0; 0.0; 0.0; 0.0; 10.04; 10.4; 10.3; 10.16; 0.0; 0.0; 0.0; 0; 0; 0.0; 0.0; 1; 0.887132619337; 0.00235807339059; 0.00335594466818; 0; 0; 0; 0; 0.0; 0.0; 0.0; -1.0; 0.0; 0.0; 0.0; 0.0; 0.0; 1.0;0; 0;0; 0; 
7.31509399414; 93216; 0.0; 0.0; -0.0037573; 0.0; 0.0; 0.0; 0.0; 0.0; 0.0; 0.0; 0.0; 0.0; 0.0; 0.0; 0.0; 0.0; 0.0; 10.04; 10.4; 10.3; 10.16; 0.0; 0.0; 0.0; 0; 0; 0.0; 0.0; 1; 0.887132619337; 0.00235807339059; 0.00335594466818; 0; 0; 0; 0; 0.0; 0.0; 0.0; -1.0; 0.0; 0.0; 0.0; 0.0; 0.0; 1.0;0; 0;0; 0; 
7.32681107521; 93221; 0.0; 0.0; -0.004333; 0.0; 0.0; 0.0; 0.0; 0.0; 0.0; 0.0; 0.0; 0.0; 0.0; 0.0; 0.0; 0.0; 0.0; 10.04; 10.4; 10.3; 10.16; 0.0; 0.0; 0.0; 0; 0; 0.0; 0.0; 1; 0.887132619337; 0.00235807339059; 0.00335594466818; 0; 0; 0; 0; 0.0; 0.0; 0.0; -1.0; 0.0; 0.0; 0.0; 0.0; 0.0; 1.0;0; 0;0; 0; 
7.33839511871; 93226; 0.0; 0.0; -0.0049934; 0.0; 0.0; 0.0; 0.0; 0.0; 0.0; 0.0; 0.0; 0.0; 0.0; 0.0; 0.0; 0.0; 0.0; 10.04; 10.4; 10.3; 10.16; 0.0; 0.0; 0.0; 0; 0; 0.0; 0.0; 1; 0.887132619337; 0.00235807339059; 0.00335594466818; 0; 0; 0; 0; 0.0; 0.0; 0.0; -1.0; 0.0; 0.0; 0.0; 0.0; 0.0; 1.0;0; 0;0; 0; 
7.3493771553; 93231; 0.0; 0.0; -0.0057027; 0.0; 0.0; 0.0; 0.0; 0.0; 0.0; 0.0; 0.0; 0.0; 0.0; 0.0; 0.0; 0.0; 0.0; 10.04; 10.4; 10.3; 10.16; 0.0; 0.0; 0.0; 0; 0; 0.0; 0.0; 1; 0.887132619337; 0.00235807339059; 0.00335594466818; 0; 0; 0; 0; 0.0; 0.0; 0.0; -1.0; 0.0; 0.0; 0.0; 0.0; 0.0; 1.0;0; 0;0; 0; 
7.36063504219; 93236; 0.0; 0.0; -0.0063747; 0.0; 0.0; 0.0; 0.0; 0.0; 0.0; 0.0; 0.0; 0.0; 0.0; 0.0; 0.0; 0.0; 0.0; 10.04; 10.4; 10.3; 10.16; 0.0; 0.0; 0.0; 0; 0; 0.0; 0.0; 1; 0.887132619337; 0.00235807339059; 0.00335594466818; 0; 0; 0; 0; 0.0; 0.0; 0.0; -1.0; 0.0; 0.0; 0.0; 0.0; 0.0; 1.0;0; 0;0; 0; 
7.37156510353; 93241; 0.0; 0.0; -0.0070084; 0.0; 0.0; 0.0; 0.0; 0.0; 0.0; 0.0; 0.0; 0.0; 0.0; 0.0; 0.0; 0.0; 0.0; 10.04; 10.4; 10.3; 10.16; 0.0; 0.0; 0.0; 0; 0; 0.0; 0.0; 1; 0.887132619337; 0.00235807339059; 0.00335594466818; 0; 0; 0; 0; 0.0; 0.0; 0.0; -1.0; 0.0; 0.0; 0.0; 0.0; 0.0; 1.0;0; 0;0; 0; 
7.38321304321; 93246; 0.0; 0.0; -0.0074404; 0.0; 0.0; 0.0; 0.0; 0.0; 0.0; 0.0; 0.0; 0.0; 0.0; 0.0; 0.0; 0.0; 0.0; 10.04; 10.4; 10.3; 10.16; 0.0; 0.0; 0.0; 0; 0; 0.0; 0.0; 1; 0.887132619337; 0.00235807339059; 0.00335594466818; 0; 0; 0; 0; 0.0; 0.0; 0.0; -1.0; 0.0; 0.0; 0.0; 0.0; 0.0; 1.0;0; 0;0; 0; 
7.39473700523; 93251; 0.0; 0.0; -0.0075259; 0.0; 0.0; 0.0; 0.0; 0.0; 0.0; 0.0; 0.0; 0.0; 0.0; 0.0; 0.0; 0.0; 0.0; 10.04; 10.4; 10.3; 10.16; 0.0; 0.0; 0.0; 0; 0; 0.0; 0.0; 1; 0.887132619337; 0.00235807339059; 0.00335594466818; 0; 0; 0; 0; 0.0; 0.0; 0.0; -1.0; 0.0; 0.0; 0.0; 0.0; 0.0; 1.0;0; 0;0; 0; 
7.40629816055; 93256; 0.0; 0.0; -0.0071004; 0.0; 0.0; 0.0; 0.0; 0.0; 0.0; 0.0; 0.0; 0.0; 0.0; 0.0; 0.0; 0.0; 0.0; 10.04; 10.4; 10.3; 10.16; 0.0; 0.0; 0.0; 0; 0; 0.0; 0.0; 1; 0.887132619337; 0.00235807339059; 0.00335594466818; 0; 0; 0; 0; 0.0; 0.0; 0.0; -1.0; 0.0; 0.0; 0.0; 0.0; 0.0; 1.0;0; 0;0; 0; 
7.41849303246; 93261; 0.0; 0.0; -0.0059662; 0.0; 0.0; 0.0; 0.0; 0.0; 0.0; 0.0; 0.0; 0.0; 0.0; 0.0; 0.0; 0.0; 0.0; 10.04; 10.4; 10.3; 10.16; 0.0; 0.0; 0.0; 0; 0; 0.0; 0.0; 1; 0.887132619337; 0.00235807339059; 0.00335594466818; 0; 0; 0; 0; 0.0; 0.0; 0.0; -1.0; 0.0; 0.0; 0.0; 0.0; 0.0; 1.0;0; 0;0; 0; 
7.43012499809; 93266; 0.0; 0.0; -0.0041277; 0.0; 0.0; 0.0; 0.0; 0.0; 0.0; 0.0; 0.0; 0.0; 0.0; 0.0; 0.0; 0.0; 0.0; 10.04; 10.4; 10.3; 10.16; 0.0; 0.0; 0.0; 0; 0; 0.0; 0.0; 1; 0.887132619337; 0.00235807339059; 0.00335594466818; 0; 0; 0; 0; 0.0; 0.0; 0.0; -1.0; 0.0; 0.0; 0.0; 0.0; 0.0; 1.0;0; 0;0; 0; 
7.4413330555; 93271; 0.0; 0.0; -0.0015872; 0.0; 0.0; 0.0; 0.0; 0.0; 0.0; 0.0; 0.0; 0.0; 0.0; 0.0; 0.0; 0.0; 0.0; 10.2; 10.55; 10.45; 10.35; 0.0; 0.0; 0.0; 0; 0; 0.0; 0.0; 1; 0.887132619337; 0.00235807339059; 0.00335594466818; 0; 0; 0; 0; 0.0; 0.0; 0.0; -1.0; 0.0; 0.0; 0.0; 0.0; 0.0; 1.0;0; 0;0; 0; 
7.45228910446; 93276; 0.0; 0.0; 0.0015747; 0.0; 0.0; 0.0; 0.0; 0.0; 0.0; 0.0; 0.0; 0.0; 0.0; 0.0; 0.0; 0.0; 0.0; 10.2; 10.55; 10.45; 10.35; 0.0; 0.0; 0.0; 0; 0; 0.0; 0.0; 1; 0.887132619337; 0.00235807339059; 0.00335594466818; 0; 0; 0; 0; 0.0; 0.0; 0.0; -1.0; 0.0; 0.0; 0.0; 0.0; 0.0; 1.0;0; 0;0; 0; 
7.4633641243; 93281; 0.0; 0.0; 0.0049921; 0.0; 0.0; 0.0; 0.0; 0.0; 0.0; 0.0; 0.0; 0.0; 0.0; 0.0; 0.0; 0.0; 0.0; 10.2; 10.55; 10.45; 10.35; 0.0; 0.0; 0.0; 0; 0; 0.0; 0.0; 1; 0.887132619337; 0.00235807339059; 0.00335594466818; 0; 0; 0; 0; 0.0; 0.0; 0.0; -1.0; 0.0; 0.0; 0.0; 0.0; 0.0; 1.0;0; 0;0; 0; 
7.47424197197; 93286; 0.0; 0.0; 0.0083321; 0.0; 0.0; 0.0; 0.0; 0.0; 0.0; 0.0; 0.0; 0.0; 0.0; 0.0; 0.0; 0.0; 0.0; 10.2; 10.55; 10.45; 10.35; 0.0; 0.0; 0.0; 0; 0; 0.0; 0.0; 1; 0.887132619337; 0.00235807339059; 0.00335594466818; 0; 0; 0; 0; 0.0; 0.0; 0.0; -1.0; 0.0; 0.0; 0.0; 0.0; 0.0; 1.0;0; 0;0; 0; 
7.48501515388; 93291; 0.0; 0.0; 0.011094; 0.0; 0.0; 0.0; 0.0; 0.0; 0.0; 0.0; 0.0; 0.0; 0.0; 0.0; 0.0; 0.0; 0.0; 10.2; 10.55; 10.45; 10.35; 0.0; 0.0; 0.0; 0; 0; 0.0; 0.0; 1; 0.887132619337; 0.00235807339059; 0.00335594466818; 0; 0; 0; 0; 0.0; 0.0; 0.0; -1.0; 0.0; 0.0; 0.0; 0.0; 0.0; 1.0;0; 0;0; 0; 
7.49697113037; 93296; 0.0; 0.0; 0.012728; 0.0; 0.0; 0.0; 0.0; 0.0; 0.0; 0.0; 0.0; 0.0; 0.0; 0.0; 0.0; 0.0; 0.0; 10.2; 10.55; 10.45; 10.35; 0.0; 0.0; 0.0; 0; 0; 0.0; 0.0; 1; 1.0121808618; 0.00279417648333; 0.00359701294091; 0; 0; 0; 0; 0.0; 0.0; 0.0; -1.0; 0.0; 0.0; 0.0; 0.0; 0.0; 1.0;0; 0;0; 0; 
7.50776720047; 93301; 0.0; 0.0; 0.012922; 0.0; 0.0; 0.0; 0.0; 0.0; 0.0; 0.0; 0.0; 0.0; 0.0; 0.0; 0.0; 0.0; 0.0; 10.2; 10.55; 10.45; 10.35; 0.0; 0.0; 0.0; 0; 0; 0.0; 0.0; 1; 1.0121808618; 0.00279417648333; 0.00359701294091; 0; 0; 0; 0; 0.0; 0.0; 0.0; -1.0; 0.0; 0.0; 0.0; 0.0; 0.0; 1.0;0; 0;0; 0; 
7.51991796494; 93306; 0.0; 0.0; 0.011457; 0.0; 0.0; 0.0; 0.0; 0.0; 0.0; 0.0; 0.0; 0.0; 0.0; 0.0; 0.0; 0.0; 0.0; 10.2; 10.55; 10.45; 10.35; 0.0; 0.0; 0.0; 0; 0; 0.0; 0.0; 1; 1.0121808618; 0.00279417648333; 0.00359701294091; 0; 0; 0; 0; 0.0; 0.0; 0.0; -1.0; 0.0; 0.0; 0.0; 0.0; 0.0; 1.0;0; 0;0; 0; 
7.53138303757; 93311; 0.0; 0.0; 0.0084496; 0.0; 0.0; 0.0; 0.0; 0.0; 0.0; 0.0; 0.0; 0.0; 0.0; 0.0; 0.0; 0.0; 0.0; 10.2; 10.55; 10.45; 10.35; 0.0; 0.0; 0.0; 0; 0; 0.0; 0.0; 1; 1.0121808618; 0.00279417648333; 0.00359701294091; 0; 0; 0; 0; 0.0; 0.0; 0.0; -1.0; 0.0; 0.0; 0.0; 0.0; 0.0; 1.0;0; 0;0; 0; 
7.54287910461; 93316; 0.0; 0.0; 0.0043659; 0.0; 0.0; 0.0; 0.0; 0.0; 0.0; 0.0; 0.0; 0.0; 0.0; 0.0; 0.0; 0.0; 0.0; 10.2; 10.55; 10.45; 10.35; 0.0; 0.0; 0.0; 0; 0; 0.0; 0.0; 1; 1.0121808618; 0.00279417648333; 0.00359701294091; 0; 0; 0; 0; 0.0; 0.0; 0.0; -1.0; 0.0; 0.0; 0.0; 0.0; 0.0; 1.0;0; 0;0; 0; 
7.55379319191; 93321; 0.0; 0.0; -0.00047639; 0.0; 0.0; 0.0; 0.0; 0.0; 0.0; 0.0; 0.0; 0.0; 0.0; 0.0; 0.0; 0.0; 0.0; 10.2; 10.55; 10.45; 10.35; 0.0; 0.0; 0.0; 0; 0; 0.0; 0.0; 1; 1.0121808618; 0.00279417648333; 0.00359701294091; 0; 0; 0; 0; 0.0; 0.0; 0.0; -1.0; 0.0; 0.0; 0.0; 0.0; 0.0; 1.0;0; 0;0; 0; 
7.56567502022; 93326; 0.0; 0.0; -0.0053748; 0.0; 0.0; 0.0; 0.0; 0.0; 0.0; 0.0; 0.0; 0.0; 0.0; 0.0; 0.0; 0.0; 0.0; 10.2; 10.55; 10.45; 10.35; 0.0; 0.0; 0.0; 0; 0; 0.0; 0.0; 1; 1.0121808618; 0.00279417648333; 0.00359701294091; 0; 0; 0; 0; 0.0; 0.0; 0.0; -1.0; 0.0; 0.0; 0.0; 0.0; 0.0; 1.0;0; 0;0; 0; 
7.57678699493; 93331; 0.0; 0.0; -0.0097768; 0.0; 0.0; 0.0; 0.0; 0.0; 0.0; 0.0; 0.0; 0.0; 0.0; 0.0; 0.0; 0.0; 0.0; 10.2; 10.55; 10.45; 10.35; 0.0; 0.0; 0.0; 0; 0; 0.0; 0.0; 1; 1.0121808618; 0.00279417648333; 0.00359701294091; 0; 0; 0; 0; 0.0; 0.0; 0.0; -1.0; 0.0; 0.0; 0.0; 0.0; 0.0; 1.0;0; 0;0; 0; 
7.58772706985; 93336; 0.0; 0.0; -0.013367; 0.0; 0.0; 0.0; 0.0; 0.0; 0.0; 0.0; 0.0; 0.0; 0.0; 0.0; 0.0; 0.0; 0.0; 10.2; 10.55; 10.45; 10.35; 0.0; 0.0; 0.0; 0; 0; 0.0; 0.0; 1; 1.0121808618; 0.00279417648333; 0.00359701294091; 0; 0; 0; 0; 0.0; 0.0; 0.0; -1.0; 0.0; 0.0; 0.0; 0.0; 0.0; 1.0;0; 0;0; 0; 
7.59851312637; 93341; 0.0; 0.0; -0.015838; 0.0; 0.0; 0.0; 0.0; 0.0; 0.0; 0.0; 0.0; 0.0; 0.0; 0.0; 0.0; 0.0; 0.0; 10.2; 10.55; 10.45; 10.35; 0.0; 0.0; 0.0; 0; 0; 0.0; 0.0; 1; 1.0121808618; 0.00279417648333; 0.00359701294091; 0; 0; 0; 0; 0.0; 0.0; 0.0; -1.0; 0.0; 0.0; 0.0; 0.0; 0.0; 1.0;0; 0;0; 0; 
7.60955715179; 93346; 0.0; 0.0; -0.017297; 0.0; 0.0; 0.0; 0.0; 0.0; 0.0; 0.0; 0.0; 0.0; 0.0; 0.0; 0.0; 0.0; 0.0; 10.2; 10.55; 10.45; 10.35; 0.0; 0.0; 0.0; 0; 0; 0.0; 0.0; 1; 1.0121808618; 0.00279417648333; 0.00359701294091; 0; 0; 0; 0; 0.0; 0.0; 0.0; -1.0; 0.0; 0.0; 0.0; 0.0; 0.0; 1.0;0; 0;0; 0; 
7.62166810036; 93351; 0.0; 0.0; -0.017921; 0.0; 0.0; 0.0; 0.0; 0.0; 0.0; 0.0; 0.0; 0.0; 0.0; 0.0; 0.0; 0.0; 0.0; 10.2; 10.55; 10.45; 10.35; 0.0; 0.0; 0.0; 0; 0; 0.0; 0.0; 1; 1.0121808618; 0.00279417648333; 0.00359701294091; 0; 0; 0; 0; 0.0; 0.0; 0.0; -1.0; 0.0; 0.0; 0.0; 0.0; 0.0; 1.0;0; 0;0; 0; 
7.63260102272; 93356; 0.0; 0.0; -0.017794; 0.0; 0.0; 0.0; 0.0; 0.0; 0.0; 0.0; 0.0; 0.0; 0.0; 0.0; 0.0; 0.0; 0.0; 10.2; 10.55; 10.45; 10.35; 0.0; 0.0; 0.0; 0; 0; 0.0; 0.0; 1; 1.0121808618; 0.00279417648333; 0.00359701294091; 0; 0; 0; 0; 0.0; 0.0; 0.0; -1.0; 0.0; 0.0; 0.0; 0.0; 0.0; 1.0;0; 0;0; 0; 
7.64368200302; 93361; 0.0; 0.0; -0.017236; 0.0; 0.0; 0.0; 0.0; 0.0; 0.0; 0.0; 0.0; 0.0; 0.0; 0.0; 0.0; 0.0; 0.0; 10.2; 10.55; 10.45; 10.35; 0.0; 0.0; 0.0; 0; 0; 0.0; 0.0; 1; 1.0121808618; 0.00279417648333; 0.00359701294091; 0; 0; 0; 0; 0.0; 0.0; 0.0; -1.0; 0.0; 0.0; 0.0; 0.0; 0.0; 1.0;0; 0;0; 0; 
7.65526413918; 93366; 0.0; 0.0; -0.016351; 0.0; 0.0; 0.0; 0.0; 0.0; 0.0; 0.0; 0.0; 0.0; 0.0; 0.0; 0.0; 0.0; 0.0; 10.2; 10.55; 10.45; 10.35; 0.0; 0.0; 0.0; 0; 0; 0.0; 0.0; 1; 1.0121808618; 0.00279417648333; 0.00359701294091; 0; 0; 0; 0; 0.0; 0.0; 0.0; -1.0; 0.0; 0.0; 0.0; 0.0; 0.0; 1.0;0; 0;0; 0; 
7.66676902771; 93371; 0.0; 0.0; -0.015397; 0.0; 0.0; 0.0; 0.0; 0.0; 0.0; 0.0; 0.0; 0.0; 0.0; 0.0; 0.0; 0.0; 0.0; 10.54; 10.82; 10.81; 10.4; 0.0; 0.0; 0.0; 0; 0; 0.0; 0.0; 1; 1.0121808618; 0.00279417648333; 0.00359701294091; 0; 0; 0; 0; 0.0; 0.0; 0.0; -1.0; 0.0; 0.0; 0.0; 0.0; 0.0; 1.0;0; 0;0; 0; 
7.67860817909; 93376; 0.0; 0.0; -0.014594; 0.0; 0.0; 0.0; 0.0; 0.0; 0.0; 0.0; 0.0; 0.0; 0.0; 0.0; 0.0; 0.0; 0.0; 10.54; 10.82; 10.81; 10.4; 0.0; 0.0; 0.0; 0; 0; 0.0; 0.0; 1; 1.0121808618; 0.00279417648333; 0.00359701294091; 0; 0; 0; 0; 0.0; 0.0; 0.0; -1.0; 0.0; 0.0; 0.0; 0.0; 0.0; 1.0;0; 0;0; 0; 
7.69087409973; 93381; 0.0; 0.0; -0.013874; 0.0; 0.0; 0.0; 0.0; 0.0; 0.0; 0.0; 0.0; 0.0; 0.0; 0.0; 0.0; 0.0; 0.0; 10.54; 10.82; 10.81; 10.4; 0.0; 0.0; 0.0; 0; 0; 0.0; 0.0; 1; 1.0121808618; 0.00279417648333; 0.00359701294091; 0; 0; 0; 0; 0.0; 0.0; 0.0; -1.0; 0.0; 0.0; 0.0; 0.0; 0.0; 1.0;0; 0;0; 0; 
7.70161509514; 93386; 0.0; 0.0; -0.013301; 0.0; 0.0; 0.0; 0.0; 0.0; 0.0; 0.0; 0.0; 0.0; 0.0; 0.0; 0.0; 0.0; 0.0; 10.54; 10.82; 10.81; 10.4; 0.0; 0.0; 0.0; 0; 0; 0.0; 0.0; 1; 1.0121808618; 0.00279417648333; 0.00359701294091; 0; 0; 0; 0; 0.0; 0.0; 0.0; -1.0; 0.0; 0.0; 0.0; 0.0; 0.0; 1.0;0; 0;0; 0; 
7.71296405792; 93391; 0.0; 0.0; -0.012728; 0.0; 0.0; 0.0; 0.0; 0.0; 0.0; 0.0; 0.0; 0.0; 0.0; 0.0; 0.0; 0.0; 0.0; 10.54; 10.82; 10.81; 10.4; 0.0; 0.0; 0.0; 0; 0; 0.0; 0.0; 1; 1.0121808618; 0.00279417648333; 0.00359701294091; 0; 0; 0; 0; 0.0; 0.0; 0.0; -1.0; 0.0; 0.0; 0.0; 0.0; 0.0; 1.0;0; 0;0; 0; 
7.7243771553; 93396; 0.0; 0.0; -0.011946; 0.0; 0.0; 0.0; 0.0; 0.0; 0.0; 0.0; 0.0; 0.0; 0.0; 0.0; 0.0; 0.0; 0.0; 10.54; 10.82; 10.81; 10.4; 0.0; 0.0; 0.0; 0; 0; 0.0; 0.0; 1; 1.14013117548; 0.00325558761079; 0.00417692880455; 0; 0; 0; 0; 0.0; 0.0; 0.0; -1.0; 0.0; 0.0; 0.0; 0.0; 0.0; 1.0;0; 0;0; 0; 
7.73636412621; 93401; 0.0; 0.0; -0.010863; 0.0; 0.0; 0.0; 0.0; 0.0; 0.0; 0.0; 0.0; 0.0; 0.0; 0.0; 0.0; 0.0; 0.0; 10.54; 10.82; 10.81; 10.4; 0.0; 0.0; 0.0; 0; 0; 0.0; 0.0; 1; 1.14013117548; 0.00325558761079; 0.00417692880455; 0; 0; 0; 0; 0.0; 0.0; 0.0; -1.0; 0.0; 0.0; 0.0; 0.0; 0.0; 1.0;0; 0;0; 0; 
7.74726915359; 93406; 0.0; 0.0; -0.0092836; 0.0; 0.0; 0.0; 0.0; 0.0; 0.0; 0.0; 0.0; 0.0; 0.0; 0.0; 0.0; 0.0; 0.0; 10.54; 10.82; 10.81; 10.4; 0.0; 0.0; 0.0; 0; 0; 0.0; 0.0; 1; 1.14013117548; 0.00325558761079; 0.00417692880455; 0; 0; 0; 0; 0.0; 0.0; 0.0; -1.0; 0.0; 0.0; 0.0; 0.0; 0.0; 1.0;0; 0;0; 0; 
7.75962018967; 93411; 0.0; 0.0; -0.0073946; 0.0; 0.0; 0.0; 0.0; 0.0; 0.0; 0.0; 0.0; 0.0; 0.0; 0.0; 0.0; 0.0; 0.0; 10.54; 10.82; 10.81; 10.4; 0.0; 0.0; 0.0; 0; 0; 0.0; 0.0; 1; 1.14013117548; 0.00325558761079; 0.00417692880455; 0; 0; 0; 0; 0.0; 0.0; 0.0; -1.0; 0.0; 0.0; 0.0; 0.0; 0.0; 1.0;0; 0;0; 0; 
7.76999115944; 93416; 0.0; 0.0; -0.0054426; 0.0; 0.0; 0.0; 0.0; 0.0; 0.0; 0.0; 0.0; 0.0; 0.0; 0.0; 0.0; 0.0; 0.0; 10.54; 10.82; 10.81; 10.4; 0.0; 0.0; 0.0; 0; 0; 0.0; 0.0; 1; 1.14013117548; 0.00325558761079; 0.00417692880455; 0; 0; 0; 0; 0.0; 0.0; 0.0; -1.0; 0.0; 0.0; 0.0; 0.0; 0.0; 1.0;0; 0;0; 0; 
7.78075814247; 93421; 0.0; 0.0; -0.0036223; 0.0; 0.0; 0.0; 0.0; 0.0; 0.0; 0.0; 0.0; 0.0; 0.0; 0.0; 0.0; 0.0; 0.0; 10.54; 10.82; 10.81; 10.4; 0.0; 0.0; 0.0; 0; 0; 0.0; 0.0; 1; 1.14013117548; 0.00325558761079; 0.00417692880455; 0; 0; 0; 0; 0.0; 0.0; 0.0; -1.0; 0.0; 0.0; 0.0; 0.0; 0.0; 1.0;0; 0;0; 0; 
7.79289698601; 93426; 0.0; 0.0; -0.0023766; 0.0; 0.0; 0.0; 0.0; 0.0; 0.0; 0.0; 0.0; 0.0; 0.0; 0.0; 0.0; 0.0; 0.0; 10.54; 10.82; 10.81; 10.4; 0.0; 0.0; 0.0; 0; 0; 0.0; 0.0; 1; 1.14013117548; 0.00325558761079; 0.00417692880455; 0; 0; 0; 0; 0.0; 0.0; 0.0; -1.0; 0.0; 0.0; 0.0; 0.0; 0.0; 1.0;0; 0;0; 0; 
7.80501413345; 93431; 0.0; 0.0; -0.001816; 0.0; 0.0; 0.0; 0.0; 0.0; 0.0; 0.0; 0.0; 0.0; 0.0; 0.0; 0.0; 0.0; 0.0; 10.54; 10.82; 10.81; 10.4; 0.0; 0.0; 0.0; 0; 0; 0.0; 0.0; 1; 1.14013117548; 0.00325558761079; 0.00417692880455; 0; 0; 0; 0; 0.0; 0.0; 0.0; -1.0; 0.0; 0.0; 0.0; 0.0; 0.0; 1.0;0; 0;0; 0; 
7.81651306152; 93436; 0.0; 0.0; -0.0020457; 0.0; 0.0; 0.0; 0.0; 0.0; 0.0; 0.0; 0.0; 0.0; 0.0; 0.0; 0.0; 0.0; 0.0; 10.54; 10.82; 10.81; 10.4; 0.0; 0.0; 0.0; 0; 0; 0.0; 0.0; 1; 1.14013117548; 0.00325558761079; 0.00417692880455; 0; 0; 0; 0; 0.0; 0.0; 0.0; -1.0; 0.0; 0.0; 0.0; 0.0; 0.0; 1.0;0; 0;0; 0; 
7.82794499397; 93441; 0.0; 0.0; -0.0028663; 0.0; 0.0; 0.0; 0.0; 0.0; 0.0; 0.0; 0.0; 0.0; 0.0; 0.0; 0.0; 0.0; 0.0; 10.54; 10.82; 10.81; 10.4; 0.0; 0.0; 0.0; 0; 0; 0.0; 0.0; 1; 1.14013117548; 0.00325558761079; 0.00417692880455; 0; 0; 0; 0; 0.0; 0.0; 0.0; -1.0; 0.0; 0.0; 0.0; 0.0; 0.0; 1.0;0; 0;0; 0; 
7.83919715881; 93446; 0.0; 0.0; -0.0039674; 0.0; 0.0; 0.0; 0.0; 0.0; 0.0; 0.0; 0.0; 0.0; 0.0; 0.0; 0.0; 0.0; 0.0; 10.54; 10.82; 10.81; 10.4; 0.0; 0.0; 0.0; 0; 0; 0.0; 0.0; 1; 1.14013117548; 0.00325558761079; 0.00417692880455; 0; 0; 0; 0; 0.0; 0.0; 0.0; -1.0; 0.0; 0.0; 0.0; 0.0; 0.0; 1.0;0; 0;0; 0; 
7.85131001472; 93451; 0.0; 0.0; -0.0051798; 0.0; 0.0; 0.0; 0.0; 0.0; 0.0; 0.0; 0.0; 0.0; 0.0; 0.0; 0.0; 0.0; 0.0; 10.54; 10.82; 10.81; 10.4; 0.0; 0.0; 0.0; 0; 0; 0.0; 0.0; 1; 1.14013117548; 0.00325558761079; 0.00417692880455; 0; 0; 0; 0; 0.0; 0.0; 0.0; -1.0; 0.0; 0.0; 0.0; 0.0; 0.0; 1.0;0; 0;0; 0; 
7.86325716972; 93456; 0.0; 0.0; -0.0063906; 0.0; 0.0; 0.0; 0.0; 0.0; 0.0; 0.0; 0.0; 0.0; 0.0; 0.0; 0.0; 0.0; 0.0; 10.54; 10.82; 10.81; 10.4; 0.0; 0.0; 0.0; 0; 0; 0.0; 0.0; 1; 1.14013117548; 0.00325558761079; 0.00417692880455; 0; 0; 0; 0; 0.0; 0.0; 0.0; -1.0; 0.0; 0.0; 0.0; 0.0; 0.0; 1.0;0; 0;0; 0; 
7.87440919876; 93461; 0.0; 0.0; -0.0075403; 0.0; 0.0; 0.0; 0.0; 0.0; 0.0; 0.0; 0.0; 0.0; 0.0; 0.0; 0.0; 0.0; 0.0; 10.54; 10.82; 10.81; 10.4; 0.0; 0.0; 0.0; 0; 0; 0.0; 0.0; 1; 1.14013117548; 0.00325558761079; 0.00417692880455; 0; 0; 0; 0; 0.0; 0.0; 0.0; -1.0; 0.0; 0.0; 0.0; 0.0; 0.0; 1.0;0; 0;0; 0; 
7.88532805443; 93466; 0.0; 0.0; -0.0086751; 0.0; 0.0; 0.0; 0.0; 0.0; 0.0; 0.0; 0.0; 0.0; 0.0; 0.0; 0.0; 0.0; 0.0; 10.83; 11.07; 11.05; 10.73; 0.0; 0.0; 0.0; 0; 0; 0.0; 0.0; 1; 1.14013117548; 0.00325558761079; 0.00417692880455; 0; 0; 0; 0; 0.0; 0.0; 0.0; -1.0; 0.0; 0.0; 0.0; 0.0; 0.0; 1.0;0; 0;0; 0; 
7.89641404152; 93471; 0.0; 0.0; -0.0098174; 0.0; 0.0; 0.0; 0.0; 0.0; 0.0; 0.0; 0.0; 0.0; 0.0; 0.0; 0.0; 0.0; 0.0; 10.83; 11.07; 11.05; 10.73; 0.0; 0.0; 0.0; 0; 0; 0.0; 0.0; 1; 1.14013117548; 0.00325558761079; 0.00417692880455; 0; 0; 0; 0; 0.0; 0.0; 0.0; -1.0; 0.0; 0.0; 0.0; 0.0; 0.0; 1.0;0; 0;0; 0; 
7.90703701973; 93476; 0.0; 0.0; -0.011052; 0.0; 0.0; 0.0; 0.0; 0.0; 0.0; 0.0; 0.0; 0.0; 0.0; 0.0; 0.0; 0.0; 0.0; 10.83; 11.07; 11.05; 10.73; 0.0; 0.0; 0.0; 0; 0; 0.0; 0.0; 1; 1.14013117548; 0.00325558761079; 0.00417692880455; 0; 0; 0; 0; 0.0; 0.0; 0.0; -1.0; 0.0; 0.0; 0.0; 0.0; 0.0; 1.0;0; 0;0; 0; 
7.91790318489; 93481; 0.0; 0.0; -0.012353; 0.0; 0.0; 0.0; 0.0; 0.0; 0.0; 0.0; 0.0; 0.0; 0.0; 0.0; 0.0; 0.0; 0.0; 10.83; 11.07; 11.05; 10.73; 0.0; 0.0; 0.0; 0; 0; 0.0; 0.0; 1; 1.14013117548; 0.00325558761079; 0.00417692880455; 0; 0; 0; 0; 0.0; 0.0; 0.0; -1.0; 0.0; 0.0; 0.0; 0.0; 0.0; 1.0;0; 0;0; 0; 
7.9302520752; 93486; 0.0; 0.0; -0.013595; 0.0; 0.0; 0.0; 0.0; 0.0; 0.0; 0.0; 0.0; 0.0; 0.0; 0.0; 0.0; 0.0; 0.0; 10.83; 11.07; 11.05; 10.73; 0.0; 0.0; 0.0; 0; 0; 0.0; 0.0; 1; 1.14013117548; 0.00325558761079; 0.00417692880455; 0; 0; 0; 0; 0.0; 0.0; 0.0; -1.0; 0.0; 0.0; 0.0; 0.0; 0.0; 1.0;0; 0;0; 0; 
7.94118905067; 93491; 0.0; 0.0; -0.014613; 0.0; 0.0; 0.0; 0.0; 0.0; 0.0; 0.0; 0.0; 0.0; 0.0; 0.0; 0.0; 0.0; 0.0; 10.83; 11.07; 11.05; 10.73; 0.0; 0.0; 0.0; 0; 0; 0.0; 0.0; 1; 1.14013117548; 0.00325558761079; 0.00417692880455; 0; 0; 0; 0; 0.0; 0.0; 0.0; -1.0; 0.0; 0.0; 0.0; 0.0; 0.0; 1.0;0; 0;0; 0; 
7.95189714432; 93496; 0.0; 0.0; -0.015256; 0.0; 0.0; 0.0; 0.0; 0.0; 0.0; 0.0; 0.0; 0.0; 0.0; 0.0; 0.0; 0.0; 0.0; 10.83; 11.07; 11.05; 10.73; 0.0; 0.0; 0.0; 0; 0; 0.0; 0.0; 1; 1.27100394668; 0.00384286471457; 0.00485399835; 0; 0; 0; 0; 0.0; 0.0; 0.0; -1.0; 0.0; 0.0; 0.0; 0.0; 0.0; 1.0;0; 0;0; 0; 
7.96327400208; 93501; 0.0; 0.0; -0.015451; 0.0; 0.0; 0.0; 0.0; 0.0; 0.0; 0.0; 0.0; 0.0; 0.0; 0.0; 0.0; 0.0; 0.0; 10.83; 11.07; 11.05; 10.73; 0.0; 0.0; 0.0; 0; 0; 0.0; 0.0; 1; 1.27100394668; 0.00384286471457; 0.00485399835; 0; 0; 0; 0; 0.0; 0.0; 0.0; -1.0; 0.0; 0.0; 0.0; 0.0; 0.0; 1.0;0; 0;0; 0; 
7.97520303726; 93506; 0.0; 0.0; -0.015117; 0.0; 0.0; 0.0; 0.0; 0.0; 0.0; 0.0; 0.0; 0.0; 0.0; 0.0; 0.0; 0.0; 0.0; 10.83; 11.07; 11.05; 10.73; 0.0; 0.0; 0.0; 0; 0; 0.0; 0.0; 1; 1.27100394668; 0.00384286471457; 0.00485399835; 0; 0; 0; 0; 0.0; 0.0; 0.0; -1.0; 0.0; 0.0; 0.0; 0.0; 0.0; 1.0;0; 0;0; 0; 
7.99015402794; 93511; 0.0; 0.0; -0.014276; 0.0; 0.0; 0.0; 0.0; 0.0; 0.0; 0.0; 0.0; 0.0; 0.0; 0.0; 0.0; 0.0; 0.0; 10.83; 11.07; 11.05; 10.73; 0.0; 0.0; 0.0; 0; 0; 0.0; 0.0; 1; 1.27100394668; 0.00384286471457; 0.00485399835; 0; 0; 0; 0; 0.0; 0.0; 0.0; -1.0; 0.0; 0.0; 0.0; 0.0; 0.0; 1.0;0; 0;0; 0; 
8.00128912926; 93516; 0.0; 0.0; -0.012996; 0.0; 0.0; 0.0; 0.0; 0.0; 0.0; 0.0; 0.0; 0.0; 0.0; 0.0; 0.0; 0.0; 0.0; 10.83; 11.07; 11.05; 10.73; 0.0; 0.0; 0.0; 0; 0; 0.0; 0.0; 1; 1.27100394668; 0.00384286471457; 0.00485399835; 0; 0; 0; 0; 0.0; 0.0; 0.0; -1.0; 0.0; 0.0; 0.0; 0.0; 0.0; 1.0;0; 0;0; 0; 
8.01281714439; 93521; 0.0; 0.0; -0.011435; 0.0; 0.0; 0.0; 0.0; 0.0; 0.0; 0.0; 0.0; 0.0; 0.0; 0.0; 0.0; 0.0; 0.0; 10.83; 11.07; 11.05; 10.73; 0.0; 0.0; 0.0; 0; 0; 0.0; 0.0; 1; 1.27100394668; 0.00384286471457; 0.00485399835; 0; 0; 0; 0; 0.0; 0.0; 0.0; -1.0; 0.0; 0.0; 0.0; 0.0; 0.0; 1.0;0; 0;0; 0; 
8.02351117134; 93526; 0.0; 0.0; -0.0097746; 0.0; 0.0; 0.0; 0.0; 0.0; 0.0; 0.0; 0.0; 0.0; 0.0; 0.0; 0.0; 0.0; 0.0; 10.83; 11.07; 11.05; 10.73; 0.0; 0.0; 0.0; 0; 0; 0.0; 0.0; 1; 1.27100394668; 0.00384286471457; 0.00485399835; 0; 0; 0; 0; 0.0; 0.0; 0.0; -1.0; 0.0; 0.0; 0.0; 0.0; 0.0; 1.0;0; 0;0; 0; 
8.03585100174; 93531; 0.0; 0.0; -0.0081469; 0.0; 0.0; 0.0; 0.0; 0.0; 0.0; 0.0; 0.0; 0.0; 0.0; 0.0; 0.0; 0.0; 0.0; 10.83; 11.07; 11.05; 10.73; 0.0; 0.0; 0.0; 0; 0; 0.0; 0.0; 1; 1.27100394668; 0.00384286471457; 0.00485399835; 0; 0; 0; 0; 0.0; 0.0; 0.0; -1.0; 0.0; 0.0; 0.0; 0.0; 0.0; 1.0;0; 0;0; 0; 
8.04704904556; 93536; 0.0; 0.0; -0.0066378; 0.0; 0.0; 0.0; 0.0; 0.0; 0.0; 0.0; 0.0; 0.0; 0.0; 0.0; 0.0; 0.0; 0.0; 10.83; 11.07; 11.05; 10.73; 0.0; 0.0; 0.0; 0; 0; 0.0; 0.0; 1; 1.27100394668; 0.00384286471457; 0.00485399835; 0; 0; 0; 0; 0.0; 0.0; 0.0; -1.0; 0.0; 0.0; 0.0; 0.0; 0.0; 1.0;0; 0;0; 0; 
8.05808711052; 93541; 0.0; 0.0; -0.005441; 0.0; 0.0; 0.0; 0.0; 0.0; 0.0; 0.0; 0.0; 0.0; 0.0; 0.0; 0.0; 0.0; 0.0; 10.83; 11.07; 11.05; 10.73; 0.0; 0.0; 0.0; 0; 0; 0.0; 0.0; 1; 1.27100394668; 0.00384286471457; 0.00485399835; 0; 0; 0; 0; 0.0; 0.0; 0.0; -1.0; 0.0; 0.0; 0.0; 0.0; 0.0; 1.0;0; 0;0; 0; 
8.06932115555; 93546; 0.0; 0.0; -0.0046011; 0.0; 0.0; 0.0; 0.0; 0.0; 0.0; 0.0; 0.0; 0.0; 0.0; 0.0; 0.0; 0.0; 0.0; 10.83; 11.07; 11.05; 10.73; 0.0; 0.0; 0.0; 0; 0; 0.0; 0.0; 1; 1.27100394668; 0.00384286471457; 0.00485399835; 0; 0; 0; 0; 0.0; 0.0; 0.0; -1.0; 0.0; 0.0; 0.0; 0.0; 0.0; 1.0;0; 0;0; 0; 
8.08025813103; 93551; 0.0; 0.0; -0.0042675; 0.0; 0.0; 0.0; 0.0; 0.0; 0.0; 0.0; 0.0; 0.0; 0.0; 0.0; 0.0; 0.0; 0.0; 10.83; 11.07; 11.05; 10.73; 0.0; 0.0; 0.0; 0; 0; 0.0; 0.0; 1; 1.27100394668; 0.00384286471457; 0.00485399835; 0; 0; 0; 0; 0.0; 0.0; 0.0; -1.0; 0.0; 0.0; 0.0; 0.0; 0.0; 1.0;0; 0;0; 0; 
8.09136819839; 93556; 0.0; 0.0; -0.0044172; 0.0; 0.0; 0.0; 0.0; 0.0; 0.0; 0.0; 0.0; 0.0; 0.0; 0.0; 0.0; 0.0; 0.0; 10.83; 11.07; 11.05; 10.73; 0.0; 0.0; 0.0; 0; 0; 0.0; 0.0; 1; 1.27100394668; 0.00384286471457; 0.00485399835; 0; 0; 0; 0; 0.0; 0.0; 0.0; -1.0; 0.0; 0.0; 0.0; 0.0; 0.0; 1.0;0; 0;0; 0; 
8.10275197029; 93561; 0.0; 0.0; -0.0051457; 0.0; 0.0; 0.0; 0.0; 0.0; 0.0; 0.0; 0.0; 0.0; 0.0; 0.0; 0.0; 0.0; 0.0; 10.98; 11.29; 11.23; 10.86; 0.0; 0.0; 0.0; 0; 0; 0.0; 0.0; 1; 1.27100394668; 0.00384286471457; 0.00485399835; 0; 0; 0; 0; 0.0; 0.0; 0.0; -1.0; 0.0; 0.0; 0.0; 0.0; 0.0; 1.0;0; 0;0; 0; 
8.11375617981; 93566; 0.0; 0.0; -0.0063978; 0.0; 0.0; 0.0; 0.0; 0.0; 0.0; 0.0; 0.0; 0.0; 0.0; 0.0; 0.0; 0.0; 0.0; 10.98; 11.29; 11.23; 10.86; 0.0; 0.0; 0.0; 0; 0; 0.0; 0.0; 1; 1.27100394668; 0.00384286471457; 0.00485399835; 0; 0; 0; 0; 0.0; 0.0; 0.0; -1.0; 0.0; 0.0; 0.0; 0.0; 0.0; 1.0;0; 0;0; 0; 
8.12429904938; 93571; 0.0; 0.0; -0.0081909; 0.0; 0.0; 0.0; 0.0; 0.0; 0.0; 0.0; 0.0; 0.0; 0.0; 0.0; 0.0; 0.0; 0.0; 10.98; 11.29; 11.23; 10.86; 0.0; 0.0; 0.0; 0; 0; 0.0; 0.0; 1; 1.27100394668; 0.00384286471457; 0.00485399835; 0; 0; 0; 0; 0.0; 0.0; 0.0; -1.0; 0.0; 0.0; 0.0; 0.0; 0.0; 1.0;0; 0;0; 0; 
8.13782119751; 93576; 0.0; 0.0; -0.010382; 0.0; 0.0; 0.0; 0.0; 0.0; 0.0; 0.0; 0.0; 0.0; 0.0; 0.0; 0.0; 0.0; 0.0; 10.98; 11.29; 11.23; 10.86; 0.0; 0.0; 0.0; 0; 0; 0.0; 0.0; 1; 1.27100394668; 0.00384286471457; 0.00485399835; 0; 0; 0; 0; 0.0; 0.0; 0.0; -1.0; 0.0; 0.0; 0.0; 0.0; 0.0; 1.0;0; 0;0; 0; 
8.14963507652; 93581; 0.0; 0.0; -0.012746; 0.0; 0.0; 0.0; 0.0; 0.0; 0.0; 0.0; 0.0; 0.0; 0.0; 0.0; 0.0; 0.0; 0.0; 10.98; 11.29; 11.23; 10.86; 0.0; 0.0; 0.0; 0; 0; 0.0; 0.0; 1; 1.27100394668; 0.00384286471457; 0.00485399835; 0; 0; 0; 0; 0.0; 0.0; 0.0; -1.0; 0.0; 0.0; 0.0; 0.0; 0.0; 1.0;0; 0;0; 0; 
8.16135406494; 93586; 0.0; 0.0; -0.015; 0.0; 0.0; 0.0; 0.0; 0.0; 0.0; 0.0; 0.0; 0.0; 0.0; 0.0; 0.0; 0.0; 0.0; 10.98; 11.29; 11.23; 10.86; 0.0; 0.0; 0.0; 0; 0; 0.0; 0.0; 1; 1.27100394668; 0.00384286471457; 0.00485399835; 0; 0; 0; 0; 0.0; 0.0; 0.0; -1.0; 0.0; 0.0; 0.0; 0.0; 0.0; 1.0;0; 0;0; 0; 
8.17288398743; 93591; 0.0; 0.0; -0.016928; 0.0; 0.0; 0.0; 0.0; 0.0; 0.0; 0.0; 0.0; 0.0; 0.0; 0.0; 0.0; 0.0; 0.0; 10.98; 11.29; 11.23; 10.86; 0.0; 0.0; 0.0; 0; 0; 0.0; 0.0; 1; 1.27100394668; 0.00384286471457; 0.00485399835; 0; 0; 0; 0; 0.0; 0.0; 0.0; -1.0; 0.0; 0.0; 0.0; 0.0; 0.0; 1.0;0; 0;0; 0; 
8.1841480732; 93596; 0.0; 0.0; -0.018565; 0.0; 0.0; 0.0; 0.0; 0.0; 0.0; 0.0; 0.0; 0.0; 0.0; 0.0; 0.0; 0.0; 0.0; 10.98; 11.29; 11.23; 10.86; 0.0; 0.0; 0.0; 0; 0; 0.0; 0.0; 1; 1.40504277136; 0.00455847482432; 0.00576441880455; 0; 0; 0; 0; 0.0; 0.0; 0.0; -1.0; 0.0; 0.0; 0.0; 0.0; 0.0; 1.0;0; 0;0; 0; 
8.1961619854; 93601; 0.0; 0.0; -0.019946; 0.0; 0.0; 0.0; 0.0; 0.0; 0.0; 0.0; 0.0; 0.0; 0.0; 0.0; 0.0; 0.0; 0.0; 10.98; 11.29; 11.23; 10.86; 0.0; 0.0; 0.0; 0; 0; 0.0; 0.0; 1; 1.40504277136; 0.00455847482432; 0.00576441880455; 0; 0; 0; 0; 0.0; 0.0; 0.0; -1.0; 0.0; 0.0; 0.0; 0.0; 0.0; 1.0;0; 0;0; 0; 
8.20784401894; 93606; 0.0; 0.0; -0.0209; 0.0; 0.0; 0.0; 0.0; 0.0; 0.0; 0.0; 0.0; 0.0; 0.0; 0.0; 0.0; 0.0; 0.0; 10.98; 11.29; 11.23; 10.86; 0.0; 0.0; 0.0; 0; 0; 0.0; 0.0; 1; 1.40504277136; 0.00455847482432; 0.00576441880455; 0; 0; 0; 0; 0.0; 0.0; 0.0; -1.0; 0.0; 0.0; 0.0; 0.0; 0.0; 1.0;0; 0;0; 0; 
8.2192440033; 93611; 0.0; 0.0; -0.021433; 0.0; 0.0; 0.0; 0.0; 0.0; 0.0; 0.0; 0.0; 0.0; 0.0; 0.0; 0.0; 0.0; 0.0; 10.98; 11.29; 11.23; 10.86; 0.0; 0.0; 0.0; 0; 0; 0.0; 0.0; 1; 1.40504277136; 0.00455847482432; 0.00576441880455; 0; 0; 0; 0; 0.0; 0.0; 0.0; -1.0; 0.0; 0.0; 0.0; 0.0; 0.0; 1.0;0; 0;0; 0; 
8.23044204712; 93616; 0.0; 0.0; -0.021595; 0.0; 0.0; 0.0; 0.0; 0.0; 0.0; 0.0; 0.0; 0.0; 0.0; 0.0; 0.0; 0.0; 0.0; 10.98; 11.29; 11.23; 10.86; 0.0; 0.0; 0.0; 0; 0; 0.0; 0.0; 1; 1.40504277136; 0.00455847482432; 0.00576441880455; 0; 0; 0; 0; 0.0; 0.0; 0.0; -1.0; 0.0; 0.0; 0.0; 0.0; 0.0; 1.0;0; 0;0; 0; 
8.24323415756; 93621; 0.0; 0.0; -0.02138; 0.0; 0.0; 0.0; 0.0; 0.0; 0.0; 0.0; 0.0; 0.0; 0.0; 0.0; 0.0; 0.0; 0.0; 10.98; 11.29; 11.23; 10.86; 0.0; 0.0; 0.0; 0; 0; 0.0; 0.0; 1; 1.40504277136; 0.00455847482432; 0.00576441880455; 0; 0; 0; 0; 0.0; 0.0; 0.0; -1.0; 0.0; 0.0; 0.0; 0.0; 0.0; 1.0;0; 0;0; 0; 
8.25449109077; 93626; 0.0; 0.0; -0.020693; 0.0; 0.0; 0.0; 0.0; 0.0; 0.0; 0.0; 0.0; 0.0; 0.0; 0.0; 0.0; 0.0; 0.0; 10.98; 11.29; 11.23; 10.86; 0.0; 0.0; 0.0; 0; 0; 0.0; 0.0; 1; 1.40504277136; 0.00455847482432; 0.00576441880455; 0; 0; 0; 0; 0.0; 0.0; 0.0; -1.0; 0.0; 0.0; 0.0; 0.0; 0.0; 1.0;0; 0;0; 0; 
8.26630711555; 93631; 0.0; 0.0; -0.019228; 0.0; 0.0; 0.0; 0.0; 0.0; 0.0; 0.0; 0.0; 0.0; 0.0; 0.0; 0.0; 0.0; 0.0; 10.98; 11.29; 11.23; 10.86; 0.0; 0.0; 0.0; 0; 0; 0.0; 0.0; 1; 1.40504277136; 0.00455847482432; 0.00576441880455; 0; 0; 0; 0; 0.0; 0.0; 0.0; -1.0; 0.0; 0.0; 0.0; 0.0; 0.0; 1.0;0; 0;0; 0; 
8.27705597878; 93636; 0.0; 0.0; -0.017181; 0.0; 0.0; 0.0; 0.0; 0.0; 0.0; 0.0; 0.0; 0.0; 0.0; 0.0; 0.0; 0.0; 0.0; 10.98; 11.29; 11.23; 10.86; 0.0; 0.0; 0.0; 0; 0; 0.0; 0.0; 1; 1.40504277136; 0.00455847482432; 0.00576441880455; 0; 0; 0; 0; 0.0; 0.0; 0.0; -1.0; 0.0; 0.0; 0.0; 0.0; 0.0; 1.0;0; 0;0; 0; 
8.28895902634; 93641; 0.0; 0.0; -0.014878; 0.0; 0.0; 0.0; 0.0; 0.0; 0.0; 0.0; 0.0; 0.0; 0.0; 0.0; 0.0; 0.0; 0.0; 10.98; 11.29; 11.23; 10.86; 0.0; 0.0; 0.0; 0; 0; 0.0; 0.0; 1; 1.40504277136; 0.00455847482432; 0.00576441880455; 0; 0; 0; 0; 0.0; 0.0; 0.0; -1.0; 0.0; 0.0; 0.0; 0.0; 0.0; 1.0;0; 0;0; 0; 
8.30092406273; 93646; 0.0; 0.0; -0.012616; 0.0; 0.0; 0.0; 0.0; 0.0; 0.0; 0.0; 0.0; 0.0; 0.0; 0.0; 0.0; 0.0; 0.0; 10.98; 11.29; 11.23; 10.86; 0.0; 0.0; 0.0; 0; 0; 0.0; 0.0; 1; 1.40504277136; 0.00455847482432; 0.00576441880455; 0; 0; 0; 0; 0.0; 0.0; 0.0; -1.0; 0.0; 0.0; 0.0; 0.0; 0.0; 1.0;0; 0;0; 0; 
8.31261301041; 93651; 0.0; 0.0; -0.010547; 0.0; 0.0; 0.0; 0.0; 0.0; 0.0; 0.0; 0.0; 0.0; 0.0; 0.0; 0.0; 0.0; 0.0; 10.98; 11.29; 11.23; 10.86; 0.0; 0.0; 0.0; 0; 0; 0.0; 0.0; 1; 1.40504277136; 0.00455847482432; 0.00576441880455; 0; 0; 0; 0; 0.0; 0.0; 0.0; -1.0; 0.0; 0.0; 0.0; 0.0; 0.0; 1.0;0; 0;0; 0; 
8.3238940239; 93656; 0.0; 0.0; -0.0088047; 0.0; 0.0; 0.0; 0.0; 0.0; 0.0; 0.0; 0.0; 0.0; 0.0; 0.0; 0.0; 0.0; 0.0; 10.98; 11.29; 11.23; 10.86; 0.0; 0.0; 0.0; 0; 0; 0.0; 0.0; 1; 1.40504277136; 0.00455847482432; 0.00576441880455; 0; 0; 0; 0; 0.0; 0.0; 0.0; -1.0; 0.0; 0.0; 0.0; 0.0; 0.0; 1.0;0; 0;0; 0; 
8.33548808098; 93661; 0.0; 0.0; -0.0074717; 0.0; 0.0; 0.0; 0.0; 0.0; 0.0; 0.0; 0.0; 0.0; 0.0; 0.0; 0.0; 0.0; 0.0; 10.98; 11.29; 11.23; 10.86; 0.0; 0.0; 0.0; 0; 0; 0.0; 0.0; 1; 1.40504277136; 0.00455847482432; 0.00576441880455; 0; 0; 0; 0; 0.0; 0.0; 0.0; -1.0; 0.0; 0.0; 0.0; 0.0; 0.0; 1.0;0; 0;0; 0; 
8.34746599197; 93666; 0.0; 0.0; -0.0064999; 0.0; 0.0; 0.0; 0.0; 0.0; 0.0; 0.0; 0.0; 0.0; 0.0; 0.0; 0.0; 0.0; 0.0; 10.9; 11.28; 11.33; 11.29; 0.0; 0.0; 0.0; 0; 0; 0.0; 0.0; 1; 1.40504277136; 0.00455847482432; 0.00576441880455; 0; 0; 0; 0; 0.0; 0.0; 0.0; -1.0; 0.0; 0.0; 0.0; 0.0; 0.0; 1.0;0; 0;0; 0; 
8.35898113251; 93671; 0.0; 0.0; -0.0055492; 0.0; 0.0; 0.0; 0.0; 0.0; 0.0; 0.0; 0.0; 0.0; 0.0; 0.0; 0.0; 0.0; 0.0; 10.9; 11.28; 11.33; 11.29; 0.0; 0.0; 0.0; 0; 0; 0.0; 0.0; 1; 1.40504277136; 0.00455847482432; 0.00576441880455; 0; 0; 0; 0; 0.0; 0.0; 0.0; -1.0; 0.0; 0.0; 0.0; 0.0; 0.0; 1.0;0; 0;0; 0; 
8.37076711655; 93676; 0.0; 0.0; -0.0043649; 0.0; 0.0; 0.0; 0.0; 0.0; 0.0; 0.0; 0.0; 0.0; 0.0; 0.0; 0.0; 0.0; 0.0; 10.9; 11.28; 11.33; 11.29; 0.0; 0.0; 0.0; 0; 0; 0.0; 0.0; 1; 1.40504277136; 0.00455847482432; 0.00576441880455; 0; 0; 0; 0; 0.0; 0.0; 0.0; -1.0; 0.0; 0.0; 0.0; 0.0; 0.0; 1.0;0; 0;0; 0; 
8.38253116608; 93681; 0.0; 0.0; -0.0028993; 0.0; 0.0; 0.0; 0.0; 0.0; 0.0; 0.0; 0.0; 0.0; 0.0; 0.0; 0.0; 0.0; 0.0; 10.9; 11.28; 11.33; 11.29; 0.0; 0.0; 0.0; 0; 0; 0.0; 0.0; 1; 1.40504277136; 0.00455847482432; 0.00576441880455; 0; 0; 0; 0; 0.0; 0.0; 0.0; -1.0; 0.0; 0.0; 0.0; 0.0; 0.0; 1.0;0; 0;0; 0; 
8.39437508583; 93686; 0.0; 0.0; -0.0013467; 0.0; 0.0; 0.0; 0.0; 0.0; 0.0; 0.0; 0.0; 0.0; 0.0; 0.0; 0.0; 0.0; 0.0; 10.9; 11.28; 11.33; 11.29; 0.0; 0.0; 0.0; 0; 0; 0.0; 0.0; 1; 1.40504277136; 0.00455847482432; 0.00576441880455; 0; 0; 0; 0; 0.0; 0.0; 0.0; -1.0; 0.0; 0.0; 0.0; 0.0; 0.0; 1.0;0; 0;0; 0; 
8.40568614006; 93691; 0.0; 0.0; 0.00014167; 0.0; 0.0; 0.0; 0.0; 0.0; 0.0; 0.0; 0.0; 0.0; 0.0; 0.0; 0.0; 0.0; 0.0; 10.9; 11.28; 11.33; 11.29; 0.0; 0.0; 0.0; 0; 0; 0.0; 0.0; 1; 1.40504277136; 0.00455847482432; 0.00576441880455; 0; 0; 0; 0; 0.0; 0.0; 0.0; -1.0; 0.0; 0.0; 0.0; 0.0; 0.0; 1.0;0; 0;0; 0; 
8.41672515869; 93696; 0.0; 0.0; 0.0014794; 0.0; 0.0; 0.0; 0.0; 0.0; 0.0; 0.0; 0.0; 0.0; 0.0; 0.0; 0.0; 0.0; 0.0; 10.9; 11.28; 11.33; 11.29; 0.0; 0.0; 0.0; 0; 0; 0.0; 0.0; 1; 1.54193900247; 0.00545106042114; 0.00700453880455; 0; 0; 0; 0; 0.0; 0.0; 0.0; -1.0; 0.0; 0.0; 0.0; 0.0; 0.0; 1.0;0; 0;0; 0; 
8.4275431633; 93701; 0.0; 0.0; 0.0025371; 0.0; 0.0; 0.0; 0.0; 0.0; 0.0; 0.0; 0.0; 0.0; 0.0; 0.0; 0.0; 0.0; 0.0; 10.9; 11.28; 11.33; 11.29; 0.0; 0.0; 0.0; 0; 0; 0.0; 0.0; 1; 1.54193900247; 0.00545106042114; 0.00700453880455; 0; 0; 0; 0; 0.0; 0.0; 0.0; -1.0; 0.0; 0.0; 0.0; 0.0; 0.0; 1.0;0; 0;0; 0; 
8.43910908699; 93706; 0.0; 0.0; 0.0032937; 0.0; 0.0; 0.0; 0.0; 0.0; 0.0; 0.0; 0.0; 0.0; 0.0; 0.0; 0.0; 0.0; 0.0; 10.9; 11.28; 11.33; 11.29; 0.0; 0.0; 0.0; 0; 0; 0.0; 0.0; 1; 1.54193900247; 0.00545106042114; 0.00700453880455; 0; 0; 0; 0; 0.0; 0.0; 0.0; -1.0; 0.0; 0.0; 0.0; 0.0; 0.0; 1.0;0; 0;0; 0; 
8.45085811615; 93711; 0.0; 0.0; 0.0037285; 0.0; 0.0; 0.0; 0.0; 0.0; 0.0; 0.0; 0.0; 0.0; 0.0; 0.0; 0.0; 0.0; 0.0; 10.9; 11.28; 11.33; 11.29; 0.0; 0.0; 0.0; 0; 0; 0.0; 0.0; 1; 1.54193900247; 0.00545106042114; 0.00700453880455; 0; 0; 0; 0; 0.0; 0.0; 0.0; -1.0; 0.0; 0.0; 0.0; 0.0; 0.0; 1.0;0; 0;0; 0; 
8.46267199516; 93716; 0.0; 0.0; 0.0039729; 0.0; 0.0; 0.0; 0.0; 0.0; 0.0; 0.0; 0.0; 0.0; 0.0; 0.0; 0.0; 0.0; 0.0; 10.9; 11.28; 11.33; 11.29; 0.0; 0.0; 0.0; 0; 0; 0.0; 0.0; 1; 1.54193900247; 0.00545106042114; 0.00700453880455; 0; 0; 0; 0; 0.0; 0.0; 0.0; -1.0; 0.0; 0.0; 0.0; 0.0; 0.0; 1.0;0; 0;0; 0; 
8.47407007217; 93721; 0.0; 0.0; 0.003959; 0.0; 0.0; 0.0; 0.0; 0.0; 0.0; 0.0; 0.0; 0.0; 0.0; 0.0; 0.0; 0.0; 0.0; 10.9; 11.28; 11.33; 11.29; 0.0; 0.0; 0.0; 0; 0; 0.0; 0.0; 1; 1.54193900247; 0.00545106042114; 0.00700453880455; 0; 0; 0; 0; 0.0; 0.0; 0.0; -1.0; 0.0; 0.0; 0.0; 0.0; 0.0; 1.0;0; 0;0; 0; 
8.48531103134; 93726; 0.0; 0.0; 0.003393; 0.0; 0.0; 0.0; 0.0; 0.0; 0.0; 0.0; 0.0; 0.0; 0.0; 0.0; 0.0; 0.0; 0.0; 10.9; 11.28; 11.33; 11.29; 0.0; 0.0; 0.0; 0; 0; 0.0; 0.0; 1; 1.54193900247; 0.00545106042114; 0.00700453880455; 0; 0; 0; 0; 0.0; 0.0; 0.0; -1.0; 0.0; 0.0; 0.0; 0.0; 0.0; 1.0;0; 0;0; 0; 
8.49722313881; 93731; 0.0; 0.0; 0.0019644; 0.0; 0.0; 0.0; 0.0; 0.0; 0.0; 0.0; 0.0; 0.0; 0.0; 0.0; 0.0; 0.0; 0.0; 10.9; 11.28; 11.33; 11.29; 0.0; 0.0; 0.0; 0; 0; 0.0; 0.0; 1; 1.54193900247; 0.00545106042114; 0.00700453880455; 0; 0; 0; 0; 0.0; 0.0; 0.0; -1.0; 0.0; 0.0; 0.0; 0.0; 0.0; 1.0;0; 0;0; 0; 
8.50900697708; 93736; 0.0; 0.0; -0.00055492; 0.0; 0.0; 0.0; 0.0; 0.0; 0.0; 0.0; 0.0; 0.0; 0.0; 0.0; 0.0; 0.0; 0.0; 10.9; 11.28; 11.33; 11.29; 0.0; 0.0; 0.0; 0; 0; 0.0; 0.0; 1; 1.54193900247; 0.00545106042114; 0.00700453880455; 0; 0; 0; 0; 0.0; 0.0; 0.0; -1.0; 0.0; 0.0; 0.0; 0.0; 0.0; 1.0;0; 0;0; 0; 
8.5204641819; 93741; 0.0; 0.0; -0.0041132; 0.0; 0.0; 0.0; 0.0; 0.0; 0.0; 0.0; 0.0; 0.0; 0.0; 0.0; 0.0; 0.0; 0.0; 10.9; 11.28; 11.33; 11.29; 0.0; 0.0; 0.0; 0; 0; 0.0; 0.0; 1; 1.54193900247; 0.00545106042114; 0.00700453880455; 0; 0; 0; 0; 0.0; 0.0; 0.0; -1.0; 0.0; 0.0; 0.0; 0.0; 0.0; 1.0;0; 0;0; 0; 
8.53198409081; 93746; 0.0; 0.0; -0.0084732; 0.0; 0.0; 0.0; 0.0; 0.0; 0.0; 0.0; 0.0; 0.0; 0.0; 0.0; 0.0; 0.0; 0.0; 10.9; 11.28; 11.33; 11.29; 0.0; 0.0; 0.0; 0; 0; 0.0; 0.0; 1; 1.54193900247; 0.00545106042114; 0.00700453880455; 0; 0; 0; 0; 0.0; 0.0; 0.0; -1.0; 0.0; 0.0; 0.0; 0.0; 0.0; 1.0;0; 0;0; 0; 
8.54353618622; 93751; 0.0; 0.0; -0.013099; 0.0; 0.0; 0.0; 0.0; 0.0; 0.0; 0.0; 0.0; 0.0; 0.0; 0.0; 0.0; 0.0; 0.0; 10.9; 11.28; 11.33; 11.29; 0.0; 0.0; 0.0; 0; 0; 0.0; 0.0; 1; 1.54193900247; 0.00545106042114; 0.00700453880455; 0; 0; 0; 0; 0.0; 0.0; 0.0; -1.0; 0.0; 0.0; 0.0; 0.0; 0.0; 1.0;0; 0;0; 0; 
8.55611419678; 93756; 0.0; 0.0; -0.017311; 0.0; 0.0; 0.0; 0.0; 0.0; 0.0; 0.0; 0.0; 0.0; 0.0; 0.0; 0.0; 0.0; 0.0; 10.9; 11.28; 11.33; 11.29; 0.0; 0.0; 0.0; 0; 0; 0.0; 0.0; 1; 1.54193900247; 0.00545106042114; 0.00700453880455; 0; 0; 0; 0; 0.0; 0.0; 0.0; -1.0; 0.0; 0.0; 0.0; 0.0; 0.0; 1.0;0; 0;0; 0; 
8.56817007065; 93761; 0.0; 0.0; -0.020426; 0.0; 0.0; 0.0; 0.0; 0.0; 0.0; 0.0; 0.0; 0.0; 0.0; 0.0; 0.0; 0.0; 0.0; 10.9; 11.28; 11.33; 11.29; 0.0; 0.0; 0.0; 0; 0; 0.0; 0.0; 1; 1.54193900247; 0.00545106042114; 0.00700453880455; 0; 0; 0; 0; 0.0; 0.0; 0.0; -1.0; 0.0; 0.0; 0.0; 0.0; 0.0; 1.0;0; 0;0; 0; 
8.5806620121; 93766; 0.0; 0.0; -0.022154; 0.0; 0.0; 0.0; 0.0; 0.0; 0.0; 0.0; 0.0; 0.0; 0.0; 0.0; 0.0; 0.0; 0.0; 10.9; 11.28; 11.33; 11.29; 0.0; 0.0; 0.0; 0; 0; 0.0; 0.0; 1; 1.54193900247; 0.00545106042114; 0.00700453880455; 0; 0; 0; 0; 0.0; 0.0; 0.0; -1.0; 0.0; 0.0; 0.0; 0.0; 0.0; 1.0;0; 0;0; 0; 
8.5927631855; 93771; 0.0; 0.0; -0.022489; 0.0; 0.0; 0.0; 0.0; 0.0; 0.0; 0.0; 0.0; 0.0; 0.0; 0.0; 0.0; 0.0; 0.0; 10.9; 11.28; 11.33; 11.29; 0.0; 0.0; 0.0; 0; 0; 0.0; 0.0; 1; 1.54193900247; 0.00545106042114; 0.00700453880455; 0; 0; 0; 0; 0.0; 0.0; 0.0; -1.0; 0.0; 0.0; 0.0; 0.0; 0.0; 1.0;0; 0;0; 0; 
8.60409808159; 93776; 0.0; 0.0; -0.021788; 0.0; 0.0; 0.0; 0.0; 0.0; 0.0; 0.0; 0.0; 0.0; 0.0; 0.0; 0.0; 0.0; 0.0; 10.9; 11.28; 11.33; 11.29; 0.0; 0.0; 0.0; 0; 0; 0.0; 0.0; 1; 1.54193900247; 0.00545106042114; 0.00700453880455; 0; 0; 0; 0; 0.0; 0.0; 0.0; -1.0; 0.0; 0.0; 0.0; 0.0; 0.0; 1.0;0; 0;0; 0; 
8.61620306969; 93781; 0.0; 0.0; -0.020548; 0.0; 0.0; 0.0; 0.0; 0.0; 0.0; 0.0; 0.0; 0.0; 0.0; 0.0; 0.0; 0.0; 0.0; 10.9; 11.28; 11.33; 11.29; 0.0; 0.0; 0.0; 0; 0; 0.0; 0.0; 1; 1.54193900247; 0.00545106042114; 0.00700453880455; 0; 0; 0; 0; 0.0; 0.0; 0.0; -1.0; 0.0; 0.0; 0.0; 0.0; 0.0; 1.0;0; 0;0; 0; 
8.62771916389; 93786; 0.0; 0.0; -0.019115; 0.0; 0.0; 0.0; 0.0; 0.0; 0.0; 0.0; 0.0; 0.0; 0.0; 0.0; 0.0; 0.0; 0.0; 10.9; 11.28; 11.33; 11.29; 0.0; 0.0; 0.0; 0; 0; 0.0; 0.0; 1; 1.54193900247; 0.00545106042114; 0.00700453880455; 0; 0; 0; 0; 0.0; 0.0; 0.0; -1.0; 0.0; 0.0; 0.0; 0.0; 0.0; 1.0;0; 0;0; 0; 
8.63868999481; 93791; 0.0; 0.0; -0.018066; 0.0; 0.0; 0.0; 0.0; 0.0; 0.0; 0.0; 0.0; 0.0; 0.0; 0.0; 0.0; 0.0; 0.0; 10.9; 11.28; 11.33; 11.29; 0.0; 0.0; 0.0; 0; 0; 0.0; 0.0; 1; 1.54193900247; 0.00545106042114; 0.00700453880455; 0; 0; 0; 0; 0.0; 0.0; 0.0; -1.0; 0.0; 0.0; 0.0; 0.0; 0.0; 1.0;0; 0;0; 0; 
8.65276312828; 93796; 0.0; 0.0; -0.017605; 0.0; 0.0; 0.0; 0.0; 0.0; 0.0; 0.0; 0.0; 0.0; 0.0; 0.0; 0.0; 0.0; 0.0; 10.9; 11.28; 11.33; 11.29; 0.0; 0.0; 0.0; 0; 0; 0.0; 0.0; 1; 1.68103260577; 0.00643421049215; 0.00766636448636; 0; 0; 0; 0; 0.0; 0.0; 0.0; -1.0; 0.0; 0.0; 0.0; 0.0; 0.0; 1.0;0; 0;0; 0; 
8.66509318352; 93801; 0.0; 0.0; -0.017696; 0.0; 0.0; 0.0; 0.0; 0.0; 0.0; 0.0; 0.0; 0.0; 0.0; 0.0; 0.0; 0.0; 0.0; 10.9; 11.28; 11.33; 11.29; 0.0; 0.0; 0.0; 0; 0; 0.0; 0.0; 1; 1.68103260577; 0.00643421049215; 0.00766636448636; 0; 0; 0; 0; 0.0; 0.0; 0.0; -1.0; 0.0; 0.0; 0.0; 0.0; 0.0; 1.0;0; 0;0; 0; 
8.6764550209; 93806; 0.0; 0.0; -0.018326; 0.0; 0.0; 0.0; 0.0; 0.0; 0.0; 0.0; 0.0; 0.0; 0.0; 0.0; 0.0; 0.0; 0.0; 10.9; 11.28; 11.33; 11.29; 0.0; 0.0; 0.0; 0; 0; 0.0; 0.0; 1; 1.68103260577; 0.00643421049215; 0.00766636448636; 0; 0; 0; 0; 0.0; 0.0; 0.0; -1.0; 0.0; 0.0; 0.0; 0.0; 0.0; 1.0;0; 0;0; 0; 
8.68798899651; 93811; 0.0; 0.0; -0.019154; 0.0; 0.0; 0.0; 0.0; 0.0; 0.0; 0.0; 0.0; 0.0; 0.0; 0.0; 0.0; 0.0; 0.0; 10.9; 11.28; 11.33; 11.29; 0.0; 0.0; 0.0; 0; 0; 0.0; 0.0; 1; 1.68103260577; 0.00643421049215; 0.00766636448636; 0; 0; 0; 0; 0.0; 0.0; 0.0; -1.0; 0.0; 0.0; 0.0; 0.0; 0.0; 1.0;0; 0;0; 0; 
8.6991751194; 93816; 0.0; 0.0; -0.020199; 0.0; 0.0; 0.0; 0.0; 0.0; 0.0; 0.0; 0.0; 0.0; 0.0; 0.0; 0.0; 0.0; 0.0; 10.9; 11.28; 11.33; 11.29; 0.0; 0.0; 0.0; 0; 0; 0.0; 0.0; 1; 1.68103260577; 0.00643421049215; 0.00766636448636; 0; 0; 0; 0; 0.0; 0.0; 0.0; -1.0; 0.0; 0.0; 0.0; 0.0; 0.0; 1.0;0; 0;0; 0; 
8.71140599251; 93822; 0.0; 0.0; -0.021344; 0.0; 0.0; 0.0; 0.0; 0.0; 0.0; 0.0; 0.0; 0.0; 0.0; 0.0; 0.0; 0.0; 0.0; 10.9; 11.28; 11.33; 11.29; 0.0; 0.0; 0.0; 0; 0; 0.0; 0.0; 1; 1.68103260577; 0.00643421049215; 0.00766636448636; 0; 0; 0; 0; 0.0; 0.0; 0.0; -1.0; 0.0; 0.0; 0.0; 0.0; 0.0; 1.0;0; 0;0; 0; 
8.72345805168; 93827; 0.0; 0.0; -0.022089; 0.0; 0.0; 0.0; 0.0; 0.0; 0.0; 0.0; 0.0; 0.0; 0.0; 0.0; 0.0; 0.0; 0.0; 10.9; 11.28; 11.33; 11.29; 0.0; 0.0; 0.0; 0; 0; 0.0; 0.0; 1; 1.68103260577; 0.00643421049215; 0.00766636448636; 0; 0; 0; 0; 0.0; 0.0; 0.0; -1.0; 0.0; 0.0; 0.0; 0.0; 0.0; 1.0;0; 0;0; 0; 
8.73588418961; 93832; 0.0; 0.0; -0.022189; 0.0; 0.0; 0.0; 0.0; 0.0; 0.0; 0.0; 0.0; 0.0; 0.0; 0.0; 0.0; 0.0; 0.0; 10.9; 11.28; 11.33; 11.29; 0.0; 0.0; 0.0; 0; 0; 0.0; 0.0; 1; 1.68103260577; 0.00643421049215; 0.00766636448636; 0; 0; 0; 0; 0.0; 0.0; 0.0; -1.0; 0.0; 0.0; 0.0; 0.0; 0.0; 1.0;0; 0;0; 0; 
8.74711918831; 93837; 0.0; 0.0; -0.021279; 0.0; 0.0; 0.0; 0.0; 0.0; 0.0; 0.0; 0.0; 0.0; 0.0; 0.0; 0.0; 0.0; 0.0; 10.9; 11.28; 11.33; 11.29; 0.0; 0.0; 0.0; 0; 0; 0.0; 0.0; 1; 1.68103260577; 0.00643421049215; 0.00766636448636; 0; 0; 0; 0; 0.0; 0.0; 0.0; -1.0; 0.0; 0.0; 0.0; 0.0; 0.0; 1.0;0; 0;0; 0; 
8.75941109657; 93842; 0.0; 0.0; -0.019329; 0.0; 0.0; 0.0; 0.0; 0.0; 0.0; 0.0; 0.0; 0.0; 0.0; 0.0; 0.0; 0.0; 0.0; 10.9; 11.28; 11.33; 11.29; 0.0; 0.0; 0.0; 0; 0; 0.0; 0.0; 1; 1.68103260577; 0.00643421049215; 0.00766636448636; 0; 0; 0; 0; 0.0; 0.0; 0.0; -1.0; 0.0; 0.0; 0.0; 0.0; 0.0; 1.0;0; 0;0; 0; 
8.77227306366; 93847; 0.0; 0.0; -0.016594; 0.0; 0.0; 0.0; 0.0; 0.0; 0.0; 0.0; 0.0; 0.0; 0.0; 0.0; 0.0; 0.0; 0.0; 10.9; 11.28; 11.33; 11.29; 0.0; 0.0; 0.0; 0; 0; 0.0; 0.0; 1; 1.68103260577; 0.00643421049215; 0.00766636448636; 0; 0; 0; 0; 0.0; 0.0; 0.0; -1.0; 0.0; 0.0; 0.0; 0.0; 0.0; 1.0;0; 0;0; 0; 
8.78349399567; 93852; 0.0; 0.0; -0.013183; 0.0; 0.0; 0.0; 0.0; 0.0; 0.0; 0.0; 0.0; 0.0; 0.0; 0.0; 0.0; 0.0; 0.0; 10.9; 11.28; 11.33; 11.29; 0.0; 0.0; 0.0; 0; 0; 0.0; 0.0; 1; 1.68103260577; 0.00643421049215; 0.00766636448636; 0; 0; 0; 0; 0.0; 0.0; 0.0; -1.0; 0.0; 0.0; 0.0; 0.0; 0.0; 1.0;0; 0;0; 0; 
8.79490017891; 93857; 0.0; 0.0; -0.0096235; 0.0; 0.0; 0.0; 0.0; 0.0; 0.0; 0.0; 0.0; 0.0; 0.0; 0.0; 0.0; 0.0; 0.0; 10.9; 11.28; 11.33; 11.29; 0.0; 0.0; 0.0; 0; 0; 0.0; 0.0; 1; 1.68103260577; 0.00643421049215; 0.00766636448636; 0; 0; 0; 0; 0.0; 0.0; 0.0; -1.0; 0.0; 0.0; 0.0; 0.0; 0.0; 1.0;0; 0;0; 0; 
8.80594611168; 93862; 0.0; 0.0; -0.0065708; 0.0; 0.0; 0.0; 0.0; 0.0; 0.0; 0.0; 0.0; 0.0; 0.0; 0.0; 0.0; 0.0; 0.0; 10.9; 11.28; 11.33; 11.29; 0.0; 0.0; 0.0; 0; 0; 0.0; 0.0; 1; 1.68103260577; 0.00643421049215; 0.00766636448636; 0; 0; 0; 0; 0.0; 0.0; 0.0; -1.0; 0.0; 0.0; 0.0; 0.0; 0.0; 1.0;0; 0;0; 0; 
8.81761312485; 93867; 0.0; 0.0; -0.0046075; 0.0; 0.0; 0.0; 0.0; 0.0; 0.0; 0.0; 0.0; 0.0; 0.0; 0.0; 0.0; 0.0; 0.0; 10.88; 11.14; 11.11; 10.83; 0.0; 0.0; 0.0; 0; 0; 0.0; 0.0; 1; 1.68103260577; 0.00643421049215; 0.00766636448636; 0; 0; 0; 0; 0.0; 0.0; 0.0; -1.0; 0.0; 0.0; 0.0; 0.0; 0.0; 1.0;0; 0;0; 0; 
8.82995510101; 93872; 0.0; 0.0; -0.0040529; 0.0; 0.0; 0.0; 0.0; 0.0; 0.0; 0.0; 0.0; 0.0; 0.0; 0.0; 0.0; 0.0; 0.0; 10.88; 11.14; 11.11; 10.83; 0.0; 0.0; 0.0; 0; 0; 0.0; 0.0; 1; 1.68103260577; 0.00643421049215; 0.00766636448636; 0; 0; 0; 0; 0.0; 0.0; 0.0; -1.0; 0.0; 0.0; 0.0; 0.0; 0.0; 1.0;0; 0;0; 0; 
8.84133696556; 93877; 0.0; 0.0; -0.0048216; 0.0; 0.0; 0.0; 0.0; 0.0; 0.0; 0.0; 0.0; 0.0; 0.0; 0.0; 0.0; 0.0; 0.0; 10.88; 11.14; 11.11; 10.83; 0.0; 0.0; 0.0; 0; 0; 0.0; 0.0; 1; 1.68103260577; 0.00643421049215; 0.00766636448636; 0; 0; 0; 0; 0.0; 0.0; 0.0; -1.0; 0.0; 0.0; 0.0; 0.0; 0.0; 1.0;0; 0;0; 0; 
8.85277915001; 93882; 0.0; 0.0; -0.0068212; 0.0; 0.0; 0.0; 0.0; 0.0; 0.0; 0.0; 0.0; 0.0; 0.0; 0.0; 0.0; 0.0; 0.0; 10.88; 11.14; 11.11; 10.83; 0.0; 0.0; 0.0; 0; 0; 0.0; 0.0; 1; 1.68103260577; 0.00643421049215; 0.00766636448636; 0; 0; 0; 0; 0.0; 0.0; 0.0; -1.0; 0.0; 0.0; 0.0; 0.0; 0.0; 1.0;0; 0;0; 0; 
8.86430215836; 93887; 0.0; 0.0; -0.0098379; 0.0; 0.0; 0.0; 0.0; 0.0; 0.0; 0.0; 0.0; 0.0; 0.0; 0.0; 0.0; 0.0; 0.0; 10.88; 11.14; 11.11; 10.83; 0.0; 0.0; 0.0; 0; 0; 0.0; 0.0; 1; 1.68103260577; 0.00643421049215; 0.00766636448636; 0; 0; 0; 0; 0.0; 0.0; 0.0; -1.0; 0.0; 0.0; 0.0; 0.0; 0.0; 1.0;0; 0;0; 0; 
8.87704014778; 93892; 0.0; 0.0; -0.013555; 0.0; 0.0; 0.0; 0.0; 0.0; 0.0; 0.0; 0.0; 0.0; 0.0; 0.0; 0.0; 0.0; 0.0; 10.88; 11.14; 11.11; 10.83; 0.0; 0.0; 0.0; 0; 0; 0.0; 0.0; 1; 1.68103260577; 0.00643421049215; 0.00766636448636; 0; 0; 0; 0; 0.0; 0.0; 0.0; -1.0; 0.0; 0.0; 0.0; 0.0; 0.0; 1.0;0; 0;0; 0; 
8.8888771534; 93897; 0.0; 0.0; -0.017516; 0.0; 0.0; 0.0; 0.0; 0.0; 0.0; 0.0; 0.0; 0.0; 0.0; 0.0; 0.0; 0.0; 0.0; 10.88; 11.14; 11.11; 10.83; 0.0; 0.0; 0.0; 0; 0; 0.0; 0.0; 1; 1.82274675407; 0.00763029317621; 0.00901831085; 0; 0; 0; 0; 0.0; 0.0; 0.0; -1.0; 0.0; 0.0; 0.0; 0.0; 0.0; 1.0;0; 0;0; 0; 
8.9013299942; 93902; 0.0; 0.0; -0.021395; 0.0; 0.0; 0.0; 0.0; 0.0; 0.0; 0.0; 0.0; 0.0; 0.0; 0.0; 0.0; 0.0; 0.0; 10.88; 11.14; 11.11; 10.83; 0.0; 0.0; 0.0; 0; 0; 0.0; 0.0; 1; 1.82274675407; 0.00763029317621; 0.00901831085; 0; 0; 0; 0; 0.0; 0.0; 0.0; -1.0; 0.0; 0.0; 0.0; 0.0; 0.0; 1.0;0; 0;0; 0; 
8.912940979; 93907; 0.0; 0.0; -0.024991; 0.0; 0.0; 0.0; 0.0; 0.0; 0.0; 0.0; 0.0; 0.0; 0.0; 0.0; 0.0; 0.0; 0.0; 10.88; 11.14; 11.11; 10.83; 0.0; 0.0; 0.0; 0; 0; 0.0; 0.0; 1; 1.82274675407; 0.00763029317621; 0.00901831085; 0; 0; 0; 0; 0.0; 0.0; 0.0; -1.0; 0.0; 0.0; 0.0; 0.0; 0.0; 1.0;0; 0;0; 0; 
8.92353105545; 93912; 0.0; 0.0; -0.027939; 0.0; 0.0; 0.0; 0.0; 0.0; 0.0; 0.0; 0.0; 0.0; 0.0; 0.0; 0.0; 0.0; 0.0; 10.88; 11.14; 11.11; 10.83; 0.0; 0.0; 0.0; 0; 0; 0.0; 0.0; 1; 1.82274675407; 0.00763029317621; 0.00901831085; 0; 0; 0; 0; 0.0; 0.0; 0.0; -1.0; 0.0; 0.0; 0.0; 0.0; 0.0; 1.0;0; 0;0; 0; 
8.93508219719; 93917; 0.0; 0.0; -0.030034; 0.0; 0.0; 0.0; 0.0; 0.0; 0.0; 0.0; 0.0; 0.0; 0.0; 0.0; 0.0; 0.0; 0.0; 10.88; 11.14; 11.11; 10.83; 0.0; 0.0; 0.0; 0; 0; 0.0; 0.0; 1; 1.82274675407; 0.00763029317621; 0.00901831085; 0; 0; 0; 0; 0.0; 0.0; 0.0; -1.0; 0.0; 0.0; 0.0; 0.0; 0.0; 1.0;0; 0;0; 0; 
8.94566297531; 93922; 0.0; 0.0; -0.031084; 0.0; 0.0; 0.0; 0.0; 0.0; 0.0; 0.0; 0.0; 0.0; 0.0; 0.0; 0.0; 0.0; 0.0; 10.88; 11.14; 11.11; 10.83; 0.0; 0.0; 0.0; 0; 0; 0.0; 0.0; 1; 1.82274675407; 0.00763029317621; 0.00901831085; 0; 0; 0; 0; 0.0; 0.0; 0.0; -1.0; 0.0; 0.0; 0.0; 0.0; 0.0; 1.0;0; 0;0; 0; 
8.95718598366; 93927; 0.0; 0.0; -0.031287; 0.0; 0.0; 0.0; 0.0; 0.0; 0.0; 0.0; 0.0; 0.0; 0.0; 0.0; 0.0; 0.0; 0.0; 10.88; 11.14; 11.11; 10.83; 0.0; 0.0; 0.0; 0; 0; 0.0; 0.0; 1; 1.82274675407; 0.00763029317621; 0.00901831085; 0; 0; 0; 0; 0.0; 0.0; 0.0; -1.0; 0.0; 0.0; 0.0; 0.0; 0.0; 1.0;0; 0;0; 0; 
8.96844696999; 93932; 0.0; 0.0; -0.030879; 0.0; 0.0; 0.0; 0.0; 0.0; 0.0; 0.0; 0.0; 0.0; 0.0; 0.0; 0.0; 0.0; 0.0; 10.88; 11.14; 11.11; 10.83; 0.0; 0.0; 0.0; 0; 0; 0.0; 0.0; 1; 1.82274675407; 0.00763029317621; 0.00901831085; 0; 0; 0; 0; 0.0; 0.0; 0.0; -1.0; 0.0; 0.0; 0.0; 0.0; 0.0; 1.0;0; 0;0; 0; 
8.97930908203; 93937; 0.0; 0.0; -0.029949; 0.0; 0.0; 0.0; 0.0; 0.0; 0.0; 0.0; 0.0; 0.0; 0.0; 0.0; 0.0; 0.0; 0.0; 10.88; 11.14; 11.11; 10.83; 0.0; 0.0; 0.0; 0; 0; 0.0; 0.0; 1; 1.82274675407; 0.00763029317621; 0.00901831085; 0; 0; 0; 0; 0.0; 0.0; 0.0; -1.0; 0.0; 0.0; 0.0; 0.0; 0.0; 1.0;0; 0;0; 0; 
8.99012899399; 93942; 0.0; 0.0; -0.028877; 0.0; 0.0; 0.0; 0.0; 0.0; 0.0; 0.0; 0.0; 0.0; 0.0; 0.0; 0.0; 0.0; 0.0; 10.88; 11.14; 11.11; 10.83; 0.0; 0.0; 0.0; 0; 0; 0.0; 0.0; 1; 1.82274675407; 0.00763029317621; 0.00901831085; 0; 0; 0; 0; 0.0; 0.0; 0.0; -1.0; 0.0; 0.0; 0.0; 0.0; 0.0; 1.0;0; 0;0; 0; 
9.00097799301; 93947; 0.0; 0.0; -0.027972; 0.0; 0.0; 0.0; 0.0; 0.0; 0.0; 0.0; 0.0; 0.0; 0.0; 0.0; 0.0; 0.0; 0.0; 10.88; 11.14; 11.11; 10.83; 0.0; 0.0; 0.0; 0; 0; 0.0; 0.0; 1; 1.82274675407; 0.00763029317621; 0.00901831085; 0; 0; 0; 0; 0.0; 0.0; 0.0; -1.0; 0.0; 0.0; 0.0; 0.0; 0.0; 1.0;0; 0;0; 0; 
9.0134871006; 93952; 0.0; 0.0; -0.027504; 0.0; 0.0; 0.0; 0.0; 0.0; 0.0; 0.0; 0.0; 0.0; 0.0; 0.0; 0.0; 0.0; 0.0; 10.88; 11.14; 11.11; 10.83; 0.0; 0.0; 0.0; 0; 0; 0.0; 0.0; 1; 1.82274675407; 0.00763029317621; 0.00901831085; 0; 0; 0; 0; 0.0; 0.0; 0.0; -1.0; 0.0; 0.0; 0.0; 0.0; 0.0; 1.0;0; 0;0; 0; 
9.02806901932; 93957; 0.0; 0.0; -0.027465; 0.0; 0.0; 0.0; 0.0; 0.0; 0.0; 0.0; 0.0; 0.0; 0.0; 0.0; 0.0; 0.0; 0.0; 10.88; 11.14; 11.11; 10.83; 0.0; 0.0; 0.0; 0; 0; 0.0; 0.0; 1; 1.82274675407; 0.00763029317621; 0.00901831085; 0; 0; 0; 0; 0.0; 0.0; 0.0; -1.0; 0.0; 0.0; 0.0; 0.0; 0.0; 1.0;0; 0;0; 0; 
9.04102611542; 93962; 0.0; 0.0; -0.027658; 0.0; 0.0; 0.0; 0.0; 0.0; 0.0; 0.0; 0.0; 0.0; 0.0; 0.0; 0.0; 0.0; 0.0; 10.88; 11.14; 11.11; 10.83; 0.0; 0.0; 0.0; 0; 0; 0.0; 0.0; 1; 1.82274675407; 0.00763029317621; 0.00901831085; 0; 0; 0; 0; 0.0; 0.0; 0.0; -1.0; 0.0; 0.0; 0.0; 0.0; 0.0; 1.0;0; 0;0; 0; 
9.05276608467; 93967; 0.0; 0.0; -0.028031; 0.0; 0.0; 0.0; 0.0; 0.0; 0.0; 0.0; 0.0; 0.0; 0.0; 0.0; 0.0; 0.0; 0.0; 10.68; 10.88; 10.94; 10.59; 0.0; 0.0; 0.0; 0; 0; 0.0; 0.0; 1; 1.82274675407; 0.00763029317621; 0.00901831085; 0; 0; 0; 0; 0.0; 0.0; 0.0; -1.0; 0.0; 0.0; 0.0; 0.0; 0.0; 1.0;0; 0;0; 0; 
9.06362104416; 93972; 0.0; 0.0; -0.028289; 0.0; 0.0; 0.0; 0.0; 0.0; 0.0; 0.0; 0.0; 0.0; 0.0; 0.0; 0.0; 0.0; 0.0; 10.68; 10.88; 10.94; 10.59; 0.0; 0.0; 0.0; 0; 0; 0.0; 0.0; 1; 1.82274675407; 0.00763029317621; 0.00901831085; 0; 0; 0; 0; 0.0; 0.0; 0.0; -1.0; 0.0; 0.0; 0.0; 0.0; 0.0; 1.0;0; 0;0; 0; 
9.07542109489; 93977; 0.0; 0.0; -0.028132; 0.0; 0.0; 0.0; 0.0; 0.0; 0.0; 0.0; 0.0; 0.0; 0.0; 0.0; 0.0; 0.0; 0.0; 10.68; 10.88; 10.94; 10.59; 0.0; 0.0; 0.0; 0; 0; 0.0; 0.0; 1; 1.82274675407; 0.00763029317621; 0.00901831085; 0; 0; 0; 0; 0.0; 0.0; 0.0; -1.0; 0.0; 0.0; 0.0; 0.0; 0.0; 1.0;0; 0;0; 0; 
9.08607316017; 93982; 0.0; 0.0; -0.027262; 0.0; 0.0; 0.0; 0.0; 0.0; 0.0; 0.0; 0.0; 0.0; 0.0; 0.0; 0.0; 0.0; 0.0; 10.68; 10.88; 10.94; 10.59; 0.0; 0.0; 0.0; 0; 0; 0.0; 0.0; 1; 1.82274675407; 0.00763029317621; 0.00901831085; 0; 0; 0; 0; 0.0; 0.0; 0.0; -1.0; 0.0; 0.0; 0.0; 0.0; 0.0; 1.0;0; 0;0; 0; 
9.09645414352; 93987; 0.0; 0.0; -0.025484; 0.0; 0.0; 0.0; 0.0; 0.0; 0.0; 0.0; 0.0; 0.0; 0.0; 0.0; 0.0; 0.0; 0.0; 10.68; 10.88; 10.94; 10.59; 0.0; 0.0; 0.0; 0; 0; 0.0; 0.0; 1; 1.82274675407; 0.00763029317621; 0.00901831085; 0; 0; 0; 0; 0.0; 0.0; 0.0; -1.0; 0.0; 0.0; 0.0; 0.0; 0.0; 1.0;0; 0;0; 0; 
9.10803508759; 93992; 0.0; 0.0; -0.023096; 0.0; 0.0; 0.0; 0.0; 0.0; 0.0; 0.0; 0.0; 0.0; 0.0; 0.0; 0.0; 0.0; 0.0; 10.68; 10.88; 10.94; 10.59; 0.0; 0.0; 0.0; 0; 0; 0.0; 0.0; 1; 1.82274675407; 0.00763029317621; 0.00901831085; 0; 0; 0; 0; 0.0; 0.0; 0.0; -1.0; 0.0; 0.0; 0.0; 0.0; 0.0; 1.0;0; 0;0; 0; 
9.11850714684; 93997; 0.0; 0.0; -0.020303; 0.0; 0.0; 0.0; 0.0; 0.0; 0.0; 0.0; 0.0; 0.0; 0.0; 0.0; 0.0; 0.0; 0.0; 10.68; 10.88; 10.94; 10.59; 0.0; 0.0; 0.0; 0; 0; 0.0; 0.0; 1; 1.9626840441; 0.00904653680378; 0.0114515063045; 0; 0; 0; 0; 0.0; 0.0; 0.0; -1.0; 0.0; 0.0; 0.0; 0.0; 0.0; 1.0;0; 0;0; 0; 
9.12936806679; 94002; 0.0; 0.0; -0.017573; 0.0; 0.0; 0.0; 0.0; 0.0; 0.0; 0.0; 0.0; 0.0; 0.0; 0.0; 0.0; 0.0; 0.0; 10.68; 10.88; 10.94; 10.59; 0.0; 0.0; 0.0; 0; 0; 0.0; 0.0; 1; 1.9626840441; 0.00904653680378; 0.0114515063045; 0; 0; 0; 0; 0.0; 0.0; 0.0; -1.0; 0.0; 0.0; 0.0; 0.0; 0.0; 1.0;0; 0;0; 0; 
9.1404800415; 94007; 0.0; 0.0; -0.015379; 0.0; 0.0; 0.0; 0.0; 0.0; 0.0; 0.0; 0.0; 0.0; 0.0; 0.0; 0.0; 0.0; 0.0; 10.68; 10.88; 10.94; 10.59; 0.0; 0.0; 0.0; 0; 0; 0.0; 0.0; 1; 1.9626840441; 0.00904653680378; 0.0114515063045; 0; 0; 0; 0; 0.0; 0.0; 0.0; -1.0; 0.0; 0.0; 0.0; 0.0; 0.0; 1.0;0; 0;0; 0; 
9.15152812004; 94012; 0.0; 0.0; -0.014067; 0.0; 0.0; 0.0; 0.0; 0.0; 0.0; 0.0; 0.0; 0.0; 0.0; 0.0; 0.0; 0.0; 0.0; 10.68; 10.88; 10.94; 10.59; 0.0; 0.0; 0.0; 0; 0; 0.0; 0.0; 1; 1.9626840441; 0.00904653680378; 0.0114515063045; 0; 0; 0; 0; 0.0; 0.0; 0.0; -1.0; 0.0; 0.0; 0.0; 0.0; 0.0; 1.0;0; 0;0; 0; 
9.16268014908; 94017; 0.0; 0.0; -0.014173; 0.0; 0.0; 0.0; 0.0; 0.0; 0.0; 0.0; 0.0; 0.0; 0.0; 0.0; 0.0; 0.0; 0.0; 10.68; 10.88; 10.94; 10.59; 0.0; 0.0; 0.0; 0; 0; 0.0; 0.0; 1; 1.9626840441; 0.00904653680378; 0.0114515063045; 0; 0; 0; 0; 0.0; 0.0; 0.0; -1.0; 0.0; 0.0; 0.0; 0.0; 0.0; 1.0;0; 0;0; 0; 
9.17372512817; 94022; 0.0; 0.0; -0.015551; 0.0; 0.0; 0.0; 0.0; 0.0; 0.0; 0.0; 0.0; 0.0; 0.0; 0.0; 0.0; 0.0; 0.0; 10.68; 10.88; 10.94; 10.59; 0.0; 0.0; 0.0; 0; 0; 0.0; 0.0; 1; 1.9626840441; 0.00904653680378; 0.0114515063045; 0; 0; 0; 0; 0.0; 0.0; 0.0; -1.0; 0.0; 0.0; 0.0; 0.0; 0.0; 1.0;0; 0;0; 0; 
9.18451905251; 94027; 0.0; 0.0; -0.017987; 0.0; 0.0; 0.0; 0.0; 0.0; 0.0; 0.0; 0.0; 0.0; 0.0; 0.0; 0.0; 0.0; 0.0; 10.68; 10.88; 10.94; 10.59; 0.0; 0.0; 0.0; 0; 0; 0.0; 0.0; 1; 1.9626840441; 0.00904653680378; 0.0114515063045; 0; 0; 0; 0; 0.0; 0.0; 0.0; -1.0; 0.0; 0.0; 0.0; 0.0; 0.0; 1.0;0; 0;0; 0; 
9.1956641674; 94032; 0.0; 0.0; -0.021342; 0.0; 0.0; 0.0; 0.0; 0.0; 0.0; 0.0; 0.0; 0.0; 0.0; 0.0; 0.0; 0.0; 0.0; 10.68; 10.88; 10.94; 10.59; 0.0; 0.0; 0.0; 0; 0; 0.0; 0.0; 1; 1.9626840441; 0.00904653680378; 0.0114515063045; 0; 0; 0; 0; 0.0; 0.0; 0.0; -1.0; 0.0; 0.0; 0.0; 0.0; 0.0; 1.0;0; 0;0; 0; 
9.207914114; 94037; 0.0; 0.0; -0.025263; 0.0; 0.0; 0.0; 0.0; 0.0; 0.0; 0.0; 0.0; 0.0; 0.0; 0.0; 0.0; 0.0; 0.0; 10.68; 10.88; 10.94; 10.59; 0.0; 0.0; 0.0; 0; 0; 0.0; 0.0; 1; 1.9626840441; 0.00904653680378; 0.0114515063045; 0; 0; 0; 0; 0.0; 0.0; 0.0; -1.0; 0.0; 0.0; 0.0; 0.0; 0.0; 1.0;0; 0;0; 0; 
9.21978902817; 94042; 0.0; 0.0; -0.029668; 0.0; 0.0; 0.0; 0.0; 0.0; 0.0; 0.0; 0.0; 0.0; 0.0; 0.0; 0.0; 0.0; 0.0; 10.68; 10.88; 10.94; 10.59; 0.0; 0.0; 0.0; 0; 0; 0.0; 0.0; 1; 1.9626840441; 0.00904653680378; 0.0114515063045; 0; 0; 0; 0; 0.0; 0.0; 0.0; -1.0; 0.0; 0.0; 0.0; 0.0; 0.0; 1.0;0; 0;0; 0; 
9.23203611374; 94047; 0.0; 0.0; -0.034107; 0.0; 0.0; 0.0; 0.0; 0.0; 0.0; 0.0; 0.0; 0.0; 0.0; 0.0; 0.0; 0.0; 0.0; 10.68; 10.88; 10.94; 10.59; 0.0; 0.0; 0.0; 0; 0; 0.0; 0.0; 1; 1.9626840441; 0.00904653680378; 0.0114515063045; 0; 0; 0; 0; 0.0; 0.0; 0.0; -1.0; 0.0; 0.0; 0.0; 0.0; 0.0; 1.0;0; 0;0; 0; 
9.24355912209; 94052; 0.0; 0.0; -0.038188; 0.0; 0.0; 0.0; 0.0; 0.0; 0.0; 0.0; 0.0; 0.0; 0.0; 0.0; 0.0; 0.0; 0.0; 10.68; 10.88; 10.94; 10.59; 0.0; 0.0; 0.0; 0; 0; 0.0; 0.0; 1; 1.9626840441; 0.00904653680378; 0.0114515063045; 0; 0; 0; 0; 0.0; 0.0; 0.0; -1.0; 0.0; 0.0; 0.0; 0.0; 0.0; 1.0;0; 0;0; 0; 
9.25568604469; 94057; 0.0; 0.0; -0.041711; 0.0; 0.0; 0.0; 0.0; 0.0; 0.0; 0.0; 0.0; 0.0; 0.0; 0.0; 0.0; 0.0; 0.0; 10.59; 10.78; 10.85; 10.37; 0.0; 0.0; 0.0; 0; 0; 0.0; 0.0; 1; 1.9626840441; 0.00904653680378; 0.0114515063045; 0; 0; 0; 0; 0.0; 0.0; 0.0; -1.0; 0.0; 0.0; 0.0; 0.0; 0.0; 1.0;0; 0;0; 0; 
9.2665541172; 94062; 0.0; 0.0; -0.044277; 0.0; 0.0; 0.0; 0.0; 0.0; 0.0; 0.0; 0.0; 0.0; 0.0; 0.0; 0.0; 0.0; 0.0; 10.59; 10.78; 10.85; 10.37; 0.0; 0.0; 0.0; 0; 0; 0.0; 0.0; 1; 1.9626840441; 0.00904653680378; 0.0114515063045; 0; 0; 0; 0; 0.0; 0.0; 0.0; -1.0; 0.0; 0.0; 0.0; 0.0; 0.0; 1.0;0; 0;0; 0; 
9.27718019485; 94067; 0.0; 0.0; -0.045515; 0.0; 0.0; 0.0; 0.0; 0.0; 0.0; 0.0; 0.0; 0.0; 0.0; 0.0; 0.0; 0.0; 0.0; 10.59; 10.78; 10.85; 10.37; 0.0; 0.0; 0.0; 0; 0; 0.0; 0.0; 1; 1.9626840441; 0.00904653680378; 0.0114515063045; 0; 0; 0; 0; 0.0; 0.0; 0.0; -1.0; 0.0; 0.0; 0.0; 0.0; 0.0; 1.0;0; 0;0; 0; 
9.28942704201; 94072; 0.0; 0.0; -0.045195; 0.0; 0.0; 0.0; 0.0; 0.0; 0.0; 0.0; 0.0; 0.0; 0.0; 0.0; 0.0; 0.0; 0.0; 10.59; 10.78; 10.85; 10.37; 0.0; 0.0; 0.0; 0; 0; 0.0; 0.0; 1; 1.9626840441; 0.00904653680378; 0.0114515063045; 0; 0; 0; 0; 0.0; 0.0; 0.0; -1.0; 0.0; 0.0; 0.0; 0.0; 0.0; 1.0;0; 0;0; 0; 
9.30052804947; 94077; 0.0; 0.0; -0.043213; 0.0; 0.0; 0.0; 0.0; 0.0; 0.0; 0.0; 0.0; 0.0; 0.0; 0.0; 0.0; 0.0; 0.0; 10.59; 10.78; 10.85; 10.37; 0.0; 0.0; 0.0; 0; 0; 0.0; 0.0; 1; 1.9626840441; 0.00904653680378; 0.0114515063045; 0; 0; 0; 0; 0.0; 0.0; 0.0; -1.0; 0.0; 0.0; 0.0; 0.0; 0.0; 1.0;0; 0;0; 0; 
9.31140899658; 94082; 0.0; 0.0; -0.039754; 0.0; 0.0; 0.0; 0.0; 0.0; 0.0; 0.0; 0.0; 0.0; 0.0; 0.0; 0.0; 0.0; 0.0; 10.59; 10.78; 10.85; 10.37; 0.0; 0.0; 0.0; 0; 0; 0.0; 0.0; 1; 1.9626840441; 0.00904653680378; 0.0114515063045; 0; 0; 0; 0; 0.0; 0.0; 0.0; -1.0; 0.0; 0.0; 0.0; 0.0; 0.0; 1.0;0; 0;0; 0; 
9.32342720032; 94087; 0.0; 0.0; -0.035189; 0.0; 0.0; 0.0; 0.0; 0.0; 0.0; 0.0; 0.0; 0.0; 0.0; 0.0; 0.0; 0.0; 0.0; 10.59; 10.78; 10.85; 10.37; 0.0; 0.0; 0.0; 0; 0; 0.0; 0.0; 1; 1.9626840441; 0.00904653680378; 0.0114515063045; 0; 0; 0; 0; 0.0; 0.0; 0.0; -1.0; 0.0; 0.0; 0.0; 0.0; 0.0; 1.0;0; 0;0; 0; 
9.3346850872; 94092; 0.0; 0.0; -0.029862; 0.0; 0.0; 0.0; 0.0; 0.0; 0.0; 0.0; 0.0; 0.0; 0.0; 0.0; 0.0; 0.0; 0.0; 10.59; 10.78; 10.85; 10.37; 0.0; 0.0; 0.0; 0; 0; 0.0; 0.0; 1; 1.9626840441; 0.00904653680378; 0.0114515063045; 0; 0; 0; 0; 0.0; 0.0; 0.0; -1.0; 0.0; 0.0; 0.0; 0.0; 0.0; 1.0;0; 0;0; 0; 
9.34711098671; 94097; 0.0; 0.0; -0.024343; 0.0; 0.0; 0.0; 0.0; 0.0; 0.0; 0.0; 0.0; 0.0; 0.0; 0.0; 0.0; 0.0; 0.0; 10.59; 10.78; 10.85; 10.37; 0.0; 0.0; 0.0; 0; 0; 0.0; 0.0; 1; 2.10112328335; 0.0107696299326; 0.0140949199409; 0; 0; 0; 0; 0.0; 0.0; 0.0; -1.0; 0.0; 0.0; 0.0; 0.0; 0.0; 1.0;0; 0;0; 0; 
9.35920715332; 94102; 0.0; 0.0; -0.019078; 0.0; 0.0; 0.0; 0.0; 0.0; 0.0; 0.0; 0.0; 0.0; 0.0; 0.0; 0.0; 0.0; 0.0; 10.59; 10.78; 10.85; 10.37; 0.0; 0.0; 0.0; 0; 0; 0.0; 0.0; 1; 2.10112328335; 0.0107696299326; 0.0140949199409; 0; 0; 0; 0; 0.0; 0.0; 0.0; -1.0; 0.0; 0.0; 0.0; 0.0; 0.0; 1.0;0; 0;0; 0; 
9.37026119232; 94107; 0.0; 0.0; -0.014508; 0.0; 0.0; 0.0; 0.0; 0.0; 0.0; 0.0; 0.0; 0.0; 0.0; 0.0; 0.0; 0.0; 0.0; 10.59; 10.78; 10.85; 10.37; 0.0; 0.0; 0.0; 0; 0; 0.0; 0.0; 1; 2.10112328335; 0.0107696299326; 0.0140949199409; 0; 0; 0; 0; 0.0; 0.0; 0.0; -1.0; 0.0; 0.0; 0.0; 0.0; 0.0; 1.0;0; 0;0; 0; 
9.38120603561; 94112; 0.0; 0.0; -0.011042; 0.0; 0.0; 0.0; 0.0; 0.0; 0.0; 0.0; 0.0; 0.0; 0.0; 0.0; 0.0; 0.0; 0.0; 10.59; 10.78; 10.85; 10.37; 0.0; 0.0; 0.0; 0; 0; 0.0; 0.0; 1; 2.10112328335; 0.0107696299326; 0.0140949199409; 0; 0; 0; 0; 0.0; 0.0; 0.0; -1.0; 0.0; 0.0; 0.0; 0.0; 0.0; 1.0;0; 0;0; 0; 
9.39280104637; 94117; 0.0; 0.0; -0.0087404; 0.0; 0.0; 0.0; 0.0; 0.0; 0.0; 0.0; 0.0; 0.0; 0.0; 0.0; 0.0; 0.0; 0.0; 10.59; 10.78; 10.85; 10.37; 0.0; 0.0; 0.0; 0; 0; 0.0; 0.0; 1; 2.10112328335; 0.0107696299326; 0.0140949199409; 0; 0; 0; 0; 0.0; 0.0; 0.0; -1.0; 0.0; 0.0; 0.0; 0.0; 0.0; 1.0;0; 0;0; 0; 
9.40383815765; 94122; 0.0; 0.0; -0.0077259; 0.0; 0.0; 0.0; 0.0; 0.0; 0.0; 0.0; 0.0; 0.0; 0.0; 0.0; 0.0; 0.0; 0.0; 10.59; 10.78; 10.85; 10.37; 0.0; 0.0; 0.0; 0; 0; 0.0; 0.0; 1; 2.10112328335; 0.0107696299326; 0.0140949199409; 0; 0; 0; 0; 0.0; 0.0; 0.0; -1.0; 0.0; 0.0; 0.0; 0.0; 0.0; 1.0;0; 0;0; 0; 
9.41586518288; 94127; 0.0; 0.0; -0.0079699; 0.0; 0.0; 0.0; 0.0; 0.0; 0.0; 0.0; 0.0; 0.0; 0.0; 0.0; 0.0; 0.0; 0.0; 10.59; 10.78; 10.85; 10.37; 0.0; 0.0; 0.0; 0; 0; 0.0; 0.0; 1; 2.10112328335; 0.0107696299326; 0.0140949199409; 0; 0; 0; 0; 0.0; 0.0; 0.0; -1.0; 0.0; 0.0; 0.0; 0.0; 0.0; 1.0;0; 0;0; 0; 
9.42710399628; 94132; 0.0; 0.0; -0.0093529; 0.0; 0.0; 0.0; 0.0; 0.0; 0.0; 0.0; 0.0; 0.0; 0.0; 0.0; 0.0; 0.0; 0.0; 10.59; 10.78; 10.85; 10.37; 0.0; 0.0; 0.0; 0; 0; 0.0; 0.0; 1; 2.10112328335; 0.0107696299326; 0.0140949199409; 0; 0; 0; 0; 0.0; 0.0; 0.0; -1.0; 0.0; 0.0; 0.0; 0.0; 0.0; 1.0;0; 0;0; 0; 
9.43967199326; 94137; 0.0; 0.0; -0.011697; 0.0; 0.0; 0.0; 0.0; 0.0; 0.0; 0.0; 0.0; 0.0; 0.0; 0.0; 0.0; 0.0; 0.0; 10.59; 10.78; 10.85; 10.37; 0.0; 0.0; 0.0; 0; 0; 0.0; 0.0; 1; 2.10112328335; 0.0107696299326; 0.0140949199409; 0; 0; 0; 0; 0.0; 0.0; 0.0; -1.0; 0.0; 0.0; 0.0; 0.0; 0.0; 1.0;0; 0;0; 0; 
9.45138716698; 94142; 0.0; 0.0; -0.01458; 0.0; 0.0; 0.0; 0.0; 0.0; 0.0; 0.0; 0.0; 0.0; 0.0; 0.0; 0.0; 0.0; 0.0; 10.59; 10.78; 10.85; 10.37; 0.0; 0.0; 0.0; 0; 0; 0.0; 0.0; 1; 2.10112328335; 0.0107696299326; 0.0140949199409; 0; 0; 0; 0; 0.0; 0.0; 0.0; -1.0; 0.0; 0.0; 0.0; 0.0; 0.0; 1.0;0; 0;0; 0; 
9.46221518517; 94147; 0.0; 0.0; -0.017699; 0.0; 0.0; 0.0; 0.0; 0.0; 0.0; 0.0; 0.0; 0.0; 0.0; 0.0; 0.0; 0.0; 0.0; 10.59; 10.78; 10.85; 10.37; 0.0; 0.0; 0.0; 0; 0; 0.0; 0.0; 1; 2.10112328335; 0.0107696299326; 0.0140949199409; 0; 0; 0; 0; 0.0; 0.0; 0.0; -1.0; 0.0; 0.0; 0.0; 0.0; 0.0; 1.0;0; 0;0; 0; 
9.47372698784; 94152; 0.0; 0.0; -0.020795; 0.0; 0.0; 0.0; 0.0; 0.0; 0.0; 0.0; 0.0; 0.0; 0.0; 0.0; 0.0; 0.0; 0.0; 10.59; 10.78; 10.85; 10.37; 0.0; 0.0; 0.0; 0; 0; 0.0; 0.0; 1; 2.10112328335; 0.0107696299326; 0.0140949199409; 0; 0; 0; 0; 0.0; 0.0; 0.0; -1.0; 0.0; 0.0; 0.0; 0.0; 0.0; 1.0;0; 0;0; 0; 
9.48610711098; 94157; 0.0; 0.0; -0.023594; 0.0; 0.0; 0.0; 0.0; 0.0; 0.0; 0.0; 0.0; 0.0; 0.0; 0.0; 0.0; 0.0; 0.0; 10.59; 10.78; 10.85; 10.37; 0.0; 0.0; 0.0; 0; 0; 0.0; 0.0; 1; 2.10112328335; 0.0107696299326; 0.0140949199409; 0; 0; 0; 0; 0.0; 0.0; 0.0; -1.0; 0.0; 0.0; 0.0; 0.0; 0.0; 1.0;0; 0;0; 0; 
9.4987180233; 94162; 0.0; 0.0; -0.025949; 0.0; 0.0; 0.0; 0.0; 0.0; 0.0; 0.0; 0.0; 0.0; 0.0; 0.0; 0.0; 0.0; 0.0; 10.26; 10.57; 10.7; 9.94; 0.0; 0.0; 0.0; 0; 0; 0.0; 0.0; 1; 2.10112328335; 0.0107696299326; 0.0140949199409; 0; 0; 0; 0; 0.0; 0.0; 0.0; -1.0; 0.0; 0.0; 0.0; 0.0; 0.0; 1.0;0; 0;0; 0; 
9.50989508629; 94167; 0.0; 0.0; -0.027672; 0.0; 0.0; 0.0; 0.0; 0.0; 0.0; 0.0; 0.0; 0.0; 0.0; 0.0; 0.0; 0.0; 0.0; 10.26; 10.57; 10.7; 9.94; 0.0; 0.0; 0.0; 0; 0; 0.0; 0.0; 1; 2.10112328335; 0.0107696299326; 0.0140949199409; 0; 0; 0; 0; 0.0; 0.0; 0.0; -1.0; 0.0; 0.0; 0.0; 0.0; 0.0; 1.0;0; 0;0; 0; 
9.52200317383; 94172; 0.0; 0.0; -0.028847; 0.0; 0.0; 0.0; 0.0; 0.0; 0.0; 0.0; 0.0; 0.0; 0.0; 0.0; 0.0; 0.0; 0.0; 10.26; 10.57; 10.7; 9.94; 0.0; 0.0; 0.0; 0; 0; 0.0; 0.0; 1; 2.10112328335; 0.0107696299326; 0.0140949199409; 0; 0; 0; 0; 0.0; 0.0; 0.0; -1.0; 0.0; 0.0; 0.0; 0.0; 0.0; 1.0;0; 0;0; 0; 
9.53480505943; 94177; 0.0; 0.0; -0.029607; 0.0; 0.0; 0.0; 0.0; 0.0; 0.0; 0.0; 0.0; 0.0; 0.0; 0.0; 0.0; 0.0; 0.0; 10.26; 10.57; 10.7; 9.94; 0.0; 0.0; 0.0; 0; 0; 0.0; 0.0; 1; 2.10112328335; 0.0107696299326; 0.0140949199409; 0; 0; 0; 0; 0.0; 0.0; 0.0; -1.0; 0.0; 0.0; 0.0; 0.0; 0.0; 1.0;0; 0;0; 0; 
9.5467941761; 94182; 0.0; 0.0; -0.030129; 0.0; 0.0; 0.0; 0.0; 0.0; 0.0; 0.0; 0.0; 0.0; 0.0; 0.0; 0.0; 0.0; 0.0; 10.26; 10.57; 10.7; 9.94; 0.0; 0.0; 0.0; 0; 0; 0.0; 0.0; 1; 2.10112328335; 0.0107696299326; 0.0140949199409; 0; 0; 0; 0; 0.0; 0.0; 0.0; -1.0; 0.0; 0.0; 0.0; 0.0; 0.0; 1.0;0; 0;0; 0; 
9.55775213242; 94187; 0.0; 0.0; -0.030535; 0.0; 0.0; 0.0; 0.0; 0.0; 0.0; 0.0; 0.0; 0.0; 0.0; 0.0; 0.0; 0.0; 0.0; 10.26; 10.57; 10.7; 9.94; 0.0; 0.0; 0.0; 0; 0; 0.0; 0.0; 1; 2.10112328335; 0.0107696299326; 0.0140949199409; 0; 0; 0; 0; 0.0; 0.0; 0.0; -1.0; 0.0; 0.0; 0.0; 0.0; 0.0; 1.0;0; 0;0; 0; 
9.56780409813; 94192; 0.0; 0.0; -0.030877; 0.0; 0.0; 0.0; 0.0; 0.0; 0.0; 0.0; 0.0; 0.0; 0.0; 0.0; 0.0; 0.0; 0.0; 10.26; 10.57; 10.7; 9.94; 0.0; 0.0; 0.0; 0; 0; 0.0; 0.0; 1; 2.10112328335; 0.0107696299326; 0.0140949199409; 0; 0; 0; 0; 0.0; 0.0; 0.0; -1.0; 0.0; 0.0; 0.0; 0.0; 0.0; 1.0;0; 0;0; 0; 
9.57905602455; 94197; 0.0; 0.0; -0.0313; 0.0; 0.0; 0.0; 0.0; 0.0; 0.0; 0.0; 0.0; 0.0; 0.0; 0.0; 0.0; 0.0; 0.0; 10.26; 10.57; 10.7; 9.94; 0.0; 0.0; 0.0; 0; 0; 0.0; 0.0; 1; 2.23781105431; 0.0127968543027; 0.0158845840318; 0; 0; 0; 0; 0.0; 0.0; 0.0; -1.0; 0.0; 0.0; 0.0; 0.0; 0.0; 1.0;0; 0;0; 0; 
9.58986902237; 94202; 0.0; 0.0; -0.031856; 0.0; 0.0; 0.0; 0.0; 0.0; 0.0; 0.0; 0.0; 0.0; 0.0; 0.0; 0.0; 0.0; 0.0; 10.26; 10.57; 10.7; 9.94; 0.0; 0.0; 0.0; 0; 0; 0.0; 0.0; 1; 2.23781105431; 0.0127968543027; 0.0158845840318; 0; 0; 0; 0; 0.0; 0.0; 0.0; -1.0; 0.0; 0.0; 0.0; 0.0; 0.0; 1.0;0; 0;0; 0; 
9.60147619247; 94207; 0.0; 0.0; -0.032338; 0.0; 0.0; 0.0; 0.0; 0.0; 0.0; 0.0; 0.0; 0.0; 0.0; 0.0; 0.0; 0.0; 0.0; 10.26; 10.57; 10.7; 9.94; 0.0; 0.0; 0.0; 0; 0; 0.0; 0.0; 1; 2.23781105431; 0.0127968543027; 0.0158845840318; 0; 0; 0; 0; 0.0; 0.0; 0.0; -1.0; 0.0; 0.0; 0.0; 0.0; 0.0; 1.0;0; 0;0; 0; 
9.6126730442; 94212; 0.0; 0.0; -0.03265; 0.0; 0.0; 0.0; 0.0; 0.0; 0.0; 0.0; 0.0; 0.0; 0.0; 0.0; 0.0; 0.0; 0.0; 10.26; 10.57; 10.7; 9.94; 0.0; 0.0; 0.0; 0; 0; 0.0; 0.0; 1; 2.23781105431; 0.0127968543027; 0.0158845840318; 0; 0; 0; 0; 0.0; 0.0; 0.0; -1.0; 0.0; 0.0; 0.0; 0.0; 0.0; 1.0;0; 0;0; 0; 
9.62492203712; 94217; 0.0; 0.0; -0.032749; 0.0; 0.0; 0.0; 0.0; 0.0; 0.0; 0.0; 0.0; 0.0; 0.0; 0.0; 0.0; 0.0; 0.0; 10.26; 10.57; 10.7; 9.94; 0.0; 0.0; 0.0; 0; 0; 0.0; 0.0; 1; 2.23781105431; 0.0127968543027; 0.0158845840318; 0; 0; 0; 0; 0.0; 0.0; 0.0; -1.0; 0.0; 0.0; 0.0; 0.0; 0.0; 1.0;0; 0;0; 0; 
9.63645219803; 94222; 0.0; 0.0; -0.032728; 0.0; 0.0; 0.0; 0.0; 0.0; 0.0; 0.0; 0.0; 0.0; 0.0; 0.0; 0.0; 0.0; 0.0; 10.26; 10.57; 10.7; 9.94; 0.0; 0.0; 0.0; 0; 0; 0.0; 0.0; 1; 2.23781105431; 0.0127968543027; 0.0158845840318; 0; 0; 0; 0; 0.0; 0.0; 0.0; -1.0; 0.0; 0.0; 0.0; 0.0; 0.0; 1.0;0; 0;0; 0; 
9.64765405655; 94227; 0.0; 0.0; -0.03242; 0.0; 0.0; 0.0; 0.0; 0.0; 0.0; 0.0; 0.0; 0.0; 0.0; 0.0; 0.0; 0.0; 0.0; 10.26; 10.57; 10.7; 9.94; 0.0; 0.0; 0.0; 0; 0; 0.0; 0.0; 1; 2.23781105431; 0.0127968543027; 0.0158845840318; 0; 0; 0; 0; 0.0; 0.0; 0.0; -1.0; 0.0; 0.0; 0.0; 0.0; 0.0; 1.0;0; 0;0; 0; 
9.6593670845; 94232; 0.0; 0.0; -0.031734; 0.0; 0.0; 0.0; 0.0; 0.0; 0.0; 0.0; 0.0; 0.0; 0.0; 0.0; 0.0; 0.0; 0.0; 10.26; 10.57; 10.7; 9.94; 0.0; 0.0; 0.0; 0; 0; 0.0; 0.0; 1; 2.23781105431; 0.0127968543027; 0.0158845840318; 0; 0; 0; 0; 0.0; 0.0; 0.0; -1.0; 0.0; 0.0; 0.0; 0.0; 0.0; 1.0;0; 0;0; 0; 
9.67071318626; 94237; 0.0; 0.0; -0.030865; 0.0; 0.0; 0.0; 0.0; 0.0; 0.0; 0.0; 0.0; 0.0; 0.0; 0.0; 0.0; 0.0; 0.0; 10.26; 10.57; 10.7; 9.94; 0.0; 0.0; 0.0; 0; 0; 0.0; 0.0; 1; 2.23781105431; 0.0127968543027; 0.0158845840318; 0; 0; 0; 0; 0.0; 0.0; 0.0; -1.0; 0.0; 0.0; 0.0; 0.0; 0.0; 1.0;0; 0;0; 0; 
9.68390798569; 94242; 0.0; 0.0; -0.030092; 0.0; 0.0; 0.0; 0.0; 0.0; 0.0; 0.0; 0.0; 0.0; 0.0; 0.0; 0.0; 0.0; 0.0; 10.26; 10.57; 10.7; 9.94; 0.0; 0.0; 0.0; 0; 0; 0.0; 0.0; 1; 2.23781105431; 0.0127968543027; 0.0158845840318; 0; 0; 0; 0; 0.0; 0.0; 0.0; -1.0; 0.0; 0.0; 0.0; 0.0; 0.0; 1.0;0; 0;0; 0; 
9.69457006454; 94247; 0.0; 0.0; -0.029456; 0.0; 0.0; 0.0; 0.0; 0.0; 0.0; 0.0; 0.0; 0.0; 0.0; 0.0; 0.0; 0.0; 0.0; 10.26; 10.57; 10.7; 9.94; 0.0; 0.0; 0.0; 0; 0; 0.0; 0.0; 1; 2.23781105431; 0.0127968543027; 0.0158845840318; 0; 0; 0; 0; 0.0; 0.0; 0.0; -1.0; 0.0; 0.0; 0.0; 0.0; 0.0; 1.0;0; 0;0; 0; 
9.70569014549; 94252; 0.0; 0.0; -0.028786; 0.0; 0.0; 0.0; 0.0; 0.0; 0.0; 0.0; 0.0; 0.0; 0.0; 0.0; 0.0; 0.0; 0.0; 10.26; 10.57; 10.7; 9.94; 0.0; 0.0; 0.0; 0; 0; 0.0; 0.0; 1; 2.23781105431; 0.0127968543027; 0.0158845840318; 0; 0; 0; 0; 0.0; 0.0; 0.0; -1.0; 0.0; 0.0; 0.0; 0.0; 0.0; 1.0;0; 0;0; 0; 
9.71742415428; 94257; 0.0; 0.0; -0.028152; 0.0; 0.0; 0.0; 0.0; 0.0; 0.0; 0.0; 0.0; 0.0; 0.0; 0.0; 0.0; 0.0; 0.0; 9.95; 10.2; 10.28; 10.1; 0.0; 0.0; 0.0; 0; 0; 0.0; 0.0; 1; 2.23781105431; 0.0127968543027; 0.0158845840318; 0; 0; 0; 0; 0.0; 0.0; 0.0; -1.0; 0.0; 0.0; 0.0; 0.0; 0.0; 1.0;0; 0;0; 0; 
9.72910308838; 94262; 0.0; 0.0; -0.027667; 0.0; 0.0; 0.0; 0.0; 0.0; 0.0; 0.0; 0.0; 0.0; 0.0; 0.0; 0.0; 0.0; 0.0; 9.95; 10.2; 10.28; 10.1; 0.0; 0.0; 0.0; 0; 0; 0.0; 0.0; 1; 2.23781105431; 0.0127968543027; 0.0158845840318; 0; 0; 0; 0; 0.0; 0.0; 0.0; -1.0; 0.0; 0.0; 0.0; 0.0; 0.0; 1.0;0; 0;0; 0; 
9.73884701729; 94267; 0.0; 0.0; -0.027377; 0.0; 0.0; 0.0; 0.0; 0.0; 0.0; 0.0; 0.0; 0.0; 0.0; 0.0; 0.0; 0.0; 0.0; 9.95; 10.2; 10.28; 10.1; 0.0; 0.0; 0.0; 0; 0; 0.0; 0.0; 1; 2.23781105431; 0.0127968543027; 0.0158845840318; 0; 0; 0; 0; 0.0; 0.0; 0.0; -1.0; 0.0; 0.0; 0.0; 0.0; 0.0; 1.0;0; 0;0; 0; 
9.74988102913; 94272; 0.0; 0.0; -0.027039; 0.0; 0.0; 0.0; 0.0; 0.0; 0.0; 0.0; 0.0; 0.0; 0.0; 0.0; 0.0; 0.0; 0.0; 9.95; 10.2; 10.28; 10.1; 0.0; 0.0; 0.0; 0; 0; 0.0; 0.0; 1; 2.23781105431; 0.0127968543027; 0.0158845840318; 0; 0; 0; 0; 0.0; 0.0; 0.0; -1.0; 0.0; 0.0; 0.0; 0.0; 0.0; 1.0;0; 0;0; 0; 
9.76091909409; 94277; 0.0; 0.0; -0.026531; 0.0; 0.0; 0.0; 0.0; 0.0; 0.0; 0.0; 0.0; 0.0; 0.0; 0.0; 0.0; 0.0; 0.0; 9.95; 10.2; 10.28; 10.1; 0.0; 0.0; 0.0; 0; 0; 0.0; 0.0; 1; 2.23781105431; 0.0127968543027; 0.0158845840318; 0; 0; 0; 0; 0.0; 0.0; 0.0; -1.0; 0.0; 0.0; 0.0; 0.0; 0.0; 1.0;0; 0;0; 0; 
9.77240109444; 94282; 0.0; 0.0; -0.025915; 0.0; 0.0; 0.0; 0.0; 0.0; 0.0; 0.0; 0.0; 0.0; 0.0; 0.0; 0.0; 0.0; 0.0; 9.95; 10.2; 10.28; 10.1; 0.0; 0.0; 0.0; 0; 0; 0.0; 0.0; 1; 2.23781105431; 0.0127968543027; 0.0158845840318; 0; 0; 0; 0; 0.0; 0.0; 0.0; -1.0; 0.0; 0.0; 0.0; 0.0; 0.0; 1.0;0; 0;0; 0; 
9.78352713585; 94287; 0.0; 0.0; -0.02535; 0.0; 0.0; 0.0; 0.0; 0.0; 0.0; 0.0; 0.0; 0.0; 0.0; 0.0; 0.0; 0.0; 0.0; 9.95; 10.2; 10.28; 10.1; 0.0; 0.0; 0.0; 0; 0; 0.0; 0.0; 1; 2.23781105431; 0.0127968543027; 0.0158845840318; 0; 0; 0; 0; 0.0; 0.0; 0.0; -1.0; 0.0; 0.0; 0.0; 0.0; 0.0; 1.0;0; 0;0; 0; 
9.7950360775; 94292; 0.0; 0.0; -0.024716; 0.0; 0.0; 0.0; 0.0; 0.0; 0.0; 0.0; 0.0; 0.0; 0.0; 0.0; 0.0; 0.0; 0.0; 9.95; 10.2; 10.28; 10.1; 0.0; 0.0; 0.0; 0; 0; 0.0; 0.0; 1; 2.23781105431; 0.0127968543027; 0.0158845840318; 0; 0; 0; 0; 0.0; 0.0; 0.0; -1.0; 0.0; 0.0; 0.0; 0.0; 0.0; 1.0;0; 0;0; 0; 
9.80689501762; 94297; 0.0; 0.0; -0.023945; 0.0; 0.0; 0.0; 0.0; 0.0; 0.0; 0.0; 0.0; 0.0; 0.0; 0.0; 0.0; 0.0; 0.0; 9.95; 10.2; 10.28; 10.1; 0.0; 0.0; 0.0; 0; 0; 0.0; 0.0; 1; 2.37207501234; 0.0151097071422; 0.0185931385773; 0; 0; 0; 0; 0.0; 0.0; 0.0; -1.0; 0.0; 0.0; 0.0; 0.0; 0.0; 1.0;0; 0;0; 0; 
9.81826305389; 94302; 0.0; 0.0; -0.02308; 0.0; 0.0; 0.0; 0.0; 0.0; 0.0; 0.0; 0.0; 0.0; 0.0; 0.0; 0.0; 0.0; 0.0; 9.95; 10.2; 10.28; 10.1; 0.0; 0.0; 0.0; 0; 0; 0.0; 0.0; 1; 2.37207501234; 0.0151097071422; 0.0185931385773; 0; 0; 0; 0; 0.0; 0.0; 0.0; -1.0; 0.0; 0.0; 0.0; 0.0; 0.0; 1.0;0; 0;0; 0; 
9.82979798317; 94307; 0.0; 0.0; -0.022391; 0.0; 0.0; 0.0; 0.0; 0.0; 0.0; 0.0; 0.0; 0.0; 0.0; 0.0; 0.0; 0.0; 0.0; 9.95; 10.2; 10.28; 10.1; 0.0; 0.0; 0.0; 0; 0; 0.0; 0.0; 1; 2.37207501234; 0.0151097071422; 0.0185931385773; 0; 0; 0; 0; 0.0; 0.0; 0.0; -1.0; 0.0; 0.0; 0.0; 0.0; 0.0; 1.0;0; 0;0; 0; 
9.84081196785; 94312; 0.0; 0.0; -0.02187; 0.0; 0.0; 0.0; 0.0; 0.0; 0.0; 0.0; 0.0; 0.0; 0.0; 0.0; 0.0; 0.0; 0.0; 9.95; 10.2; 10.28; 10.1; 0.0; 0.0; 0.0; 0; 0; 0.0; 0.0; 1; 2.37207501234; 0.0151097071422; 0.0185931385773; 0; 0; 0; 0; 0.0; 0.0; 0.0; -1.0; 0.0; 0.0; 0.0; 0.0; 0.0; 1.0;0; 0;0; 0; 
9.85146617889; 94317; 0.0; 0.0; -0.021385; 0.0; 0.0; 0.0; 0.0; 0.0; 0.0; 0.0; 0.0; 0.0; 0.0; 0.0; 0.0; 0.0; 0.0; 9.95; 10.2; 10.28; 10.1; 0.0; 0.0; 0.0; 0; 0; 0.0; 0.0; 1; 2.37207501234; 0.0151097071422; 0.0185931385773; 0; 0; 0; 0; 0.0; 0.0; 0.0; -1.0; 0.0; 0.0; 0.0; 0.0; 0.0; 1.0;0; 0;0; 0; 
9.86268210411; 94322; 0.0; 0.0; -0.021102; 0.0; 0.0; 0.0; 0.0; 0.0; 0.0; 0.0; 0.0; 0.0; 0.0; 0.0; 0.0; 0.0; 0.0; 9.95; 10.2; 10.28; 10.1; 0.0; 0.0; 0.0; 0; 0; 0.0; 0.0; 1; 2.37207501234; 0.0151097071422; 0.0185931385773; 0; 0; 0; 0; 0.0; 0.0; 0.0; -1.0; 0.0; 0.0; 0.0; 0.0; 0.0; 1.0;0; 0;0; 0; 
9.87365818024; 94327; 0.0; 0.0; -0.021219; 0.0; 0.0; 0.0; 0.0; 0.0; 0.0; 0.0; 0.0; 0.0; 0.0; 0.0; 0.0; 0.0; 0.0; 9.95; 10.2; 10.28; 10.1; 0.0; 0.0; 0.0; 0; 0; 0.0; 0.0; 1; 2.37207501234; 0.0151097071422; 0.0185931385773; 0; 0; 0; 0; 0.0; 0.0; 0.0; -1.0; 0.0; 0.0; 0.0; 0.0; 0.0; 1.0;0; 0;0; 0; 
9.8844909668; 94332; 0.0; 0.0; -0.02171; 0.0; 0.0; 0.0; 0.0; 0.0; 0.0; 0.0; 0.0; 0.0; 0.0; 0.0; 0.0; 0.0; 0.0; 9.95; 10.2; 10.28; 10.1; 0.0; 0.0; 0.0; 0; 0; 0.0; 0.0; 1; 2.37207501234; 0.0151097071422; 0.0185931385773; 0; 0; 0; 0; 0.0; 0.0; 0.0; -1.0; 0.0; 0.0; 0.0; 0.0; 0.0; 1.0;0; 0;0; 0; 
9.89546203613; 94337; 0.0; 0.0; -0.022408; 0.0; 0.0; 0.0; 0.0; 0.0; 0.0; 0.0; 0.0; 0.0; 0.0; 0.0; 0.0; 0.0; 0.0; 9.95; 10.2; 10.28; 10.1; 0.0; 0.0; 0.0; 0; 0; 0.0; 0.0; 1; 2.37207501234; 0.0151097071422; 0.0185931385773; 0; 0; 0; 0; 0.0; 0.0; 0.0; -1.0; 0.0; 0.0; 0.0; 0.0; 0.0; 1.0;0; 0;0; 0; 
9.90684604645; 94342; 0.0; 0.0; -0.023264; 0.0; 0.0; 0.0; 0.0; 0.0; 0.0; 0.0; 0.0; 0.0; 0.0; 0.0; 0.0; 0.0; 0.0; 9.95; 10.2; 10.28; 10.1; 0.0; 0.0; 0.0; 0; 0; 0.0; 0.0; 1; 2.37207501234; 0.0151097071422; 0.0185931385773; 0; 0; 0; 0; 0.0; 0.0; 0.0; -1.0; 0.0; 0.0; 0.0; 0.0; 0.0; 1.0;0; 0;0; 0; 
9.91784715652; 94347; 0.0; 0.0; -0.024482; 0.0; 0.0; 0.0; 0.0; 0.0; 0.0; 0.0; 0.0; 0.0; 0.0; 0.0; 0.0; 0.0; 0.0; 9.95; 10.2; 10.28; 10.1; 0.0; 0.0; 0.0; 0; 0; 0.0; 0.0; 1; 2.37207501234; 0.0151097071422; 0.0185931385773; 0; 0; 0; 0; 0.0; 0.0; 0.0; -1.0; 0.0; 0.0; 0.0; 0.0; 0.0; 1.0;0; 0;0; 0; 
9.92974305153; 94352; 0.0; 0.0; -0.025924; 0.0; 0.0; 0.0; 0.0; 0.0; 0.0; 0.0; 0.0; 0.0; 0.0; 0.0; 0.0; 0.0; 0.0; 9.95; 10.2; 10.28; 10.1; 0.0; 0.0; 0.0; 0; 0; 0.0; 0.0; 1; 2.37207501234; 0.0151097071422; 0.0185931385773; 0; 0; 0; 0; 0.0; 0.0; 0.0; -1.0; 0.0; 0.0; 0.0; 0.0; 0.0; 1.0;0; 0;0; 0; 
9.94113707542; 94357; 0.0; 0.0; -0.027201; 0.0; 0.0; 0.0; 0.0; 0.0; 0.0; 0.0; 0.0; 0.0; 0.0; 0.0; 0.0; 0.0; 0.0; 9.95; 10.2; 10.28; 10.1; 0.0; 0.0; 0.0; 0; 0; 0.0; 0.0; 1; 2.37207501234; 0.0151097071422; 0.0185931385773; 0; 0; 0; 0; 0.0; 0.0; 0.0; -1.0; 0.0; 0.0; 0.0; 0.0; 0.0; 1.0;0; 0;0; 0; 
9.95205903053; 94362; 0.0; 0.0; -0.028226; 0.0; 0.0; 0.0; 0.0; 0.0; 0.0; 0.0; 0.0; 0.0; 0.0; 0.0; 0.0; 0.0; 0.0; 9.95; 10.2; 10.28; 10.1; 0.0; 0.0; 0.0; 0; 0; 0.0; 0.0; 1; 2.37207501234; 0.0151097071422; 0.0185931385773; 0; 0; 0; 0; 0.0; 0.0; 0.0; -1.0; 0.0; 0.0; 0.0; 0.0; 0.0; 1.0;0; 0;0; 0; 
9.96346616745; 94367; 0.0; 0.0; -0.029063; 0.0; 0.0; 0.0; 0.0; 0.0; 0.0; 0.0; 0.0; 0.0; 0.0; 0.0; 0.0; 0.0; 0.0; 9.95; 10.2; 10.28; 10.1; 0.0; 0.0; 0.0; 0; 0; 0.0; 0.0; 1; 2.37207501234; 0.0151097071422; 0.0185931385773; 0; 0; 0; 0; 0.0; 0.0; 0.0; -1.0; 0.0; 0.0; 0.0; 0.0; 0.0; 1.0;0; 0;0; 0; 
9.97438597679; 94372; 0.0; 0.0; -0.02965; 0.0; 0.0; 0.0; 0.0; 0.0; 0.0; 0.0; 0.0; 0.0; 0.0; 0.0; 0.0; 0.0; 0.0; 9.95; 10.2; 10.28; 10.1; 0.0; 0.0; 0.0; 0; 0; 0.0; 0.0; 1; 2.37207501234; 0.0151097071422; 0.0185931385773; 0; 0; 0; 0; 0.0; 0.0; 0.0; -1.0; 0.0; 0.0; 0.0; 0.0; 0.0; 1.0;0; 0;0; 0; 
9.98581314087; 94377; 0.0; 0.0; -0.029853; 0.0; 0.0; 0.0; 0.0; 0.0; 0.0; 0.0; 0.0; 0.0; 0.0; 0.0; 0.0; 0.0; 0.0; 9.95; 10.2; 10.28; 10.1; 0.0; 0.0; 0.0; 0; 0; 0.0; 0.0; 1; 2.37207501234; 0.0151097071422; 0.0185931385773; 0; 0; 0; 0; 0.0; 0.0; 0.0; -1.0; 0.0; 0.0; 0.0; 0.0; 0.0; 1.0;0; 0;0; 0; 
9.99668717384; 94382; 0.0; 0.0; -0.029619; 0.0; 0.0; 0.0; 0.0; 0.0; 0.0; 0.0; 0.0; 0.0; 0.0; 0.0; 0.0; 0.0; 0.0; 9.95; 10.2; 10.28; 10.1; 0.0; 0.0; 0.0; 0; 0; 0.0; 0.0; 1; 2.37207501234; 0.0151097071422; 0.0185931385773; 0; 0; 0; 0; 0.0; 0.0; 0.0; -1.0; 0.0; 0.0; 0.0; 0.0; 0.0; 1.0;0; 0;0; 0; 
10.0075161457; 94387; 0.0; 0.0; -0.029204; 0.0; 0.0; 0.0; 0.0; 0.0; 0.0; 0.0; 0.0; 0.0; 0.0; 0.0; 0.0; 0.0; 0.0; 9.95; 10.2; 10.28; 10.1; 0.0; 0.0; 0.0; 0; 0; 0.0; 0.0; 1; 2.37207501234; 0.0151097071422; 0.0185931385773; 0; 0; 0; 0; 0.0; 0.0; 0.0; -1.0; 0.0; 0.0; 0.0; 0.0; 0.0; 1.0;0; 0;0; 0; 
10.0193550587; 94392; 0.0; 0.0; -0.028775; 0.0; 0.0; 0.0; 0.0; 0.0; 0.0; 0.0; 0.0; 0.0; 0.0; 0.0; 0.0; 0.0; 0.0; 9.95; 10.2; 10.28; 10.1; 0.0; 0.0; 0.0; 0; 0; 0.0; 0.0; 1; 2.37207501234; 0.0151097071422; 0.0185931385773; 0; 0; 0; 0; 0.0; 0.0; 0.0; -1.0; 0.0; 0.0; 0.0; 0.0; 0.0; 1.0;0; 0;0; 0; 
10.0306460857; 94397; 0.0; 0.0; -0.028235; 0.0; 0.0; 0.0; 0.0; 0.0; 0.0; 0.0; 0.0; 0.0; 0.0; 0.0; 0.0; 0.0; 0.0; 9.95; 10.2; 10.28; 10.1; 0.0; 0.0; 0.0; 0; 0; 0.0; 0.0; 1; 2.50369579249; 0.0176901775279; 0.0208672840318; 0; 0; 0; 0; 0.0; 0.0; 0.0; -1.0; 0.0; 0.0; 0.0; 0.0; 0.0; 1.0;0; 0;0; 0; 
10.0419850349; 94402; 0.0; 0.0; -0.027622; 0.0; 0.0; 0.0; 0.0; 0.0; 0.0; 0.0; 0.0; 0.0; 0.0; 0.0; 0.0; 0.0; 0.0; 9.95; 10.2; 10.28; 10.1; 0.0; 0.0; 0.0; 0; 0; 0.0; 0.0; 1; 2.50369579249; 0.0176901775279; 0.0208672840318; 0; 0; 0; 0; 0.0; 0.0; 0.0; -1.0; 0.0; 0.0; 0.0; 0.0; 0.0; 1.0;0; 0;0; 0; 
10.0533950329; 94407; 0.0; 0.0; -0.026959; 0.0; 0.0; 0.0; 0.0; 0.0; 0.0; 0.0; 0.0; 0.0; 0.0; 0.0; 0.0; 0.0; 0.0; 9.95; 10.2; 10.28; 10.1; 0.0; 0.0; 0.0; 0; 0; 0.0; 0.0; 1; 2.50369579249; 0.0176901775279; 0.0208672840318; 0; 0; 0; 0; 0.0; 0.0; 0.0; -1.0; 0.0; 0.0; 0.0; 0.0; 0.0; 1.0;0; 0;0; 0; 
10.0649571419; 94412; 0.0; 0.0; -0.026169; 0.0; 0.0; 0.0; 0.0; 0.0; 0.0; 0.0; 0.0; 0.0; 0.0; 0.0; 0.0; 0.0; 0.0; 9.95; 10.2; 10.28; 10.1; 0.0; 0.0; 0.0; 0; 0; 0.0; 0.0; 1; 2.50369579249; 0.0176901775279; 0.0208672840318; 0; 0; 0; 0; 0.0; 0.0; 0.0; -1.0; 0.0; 0.0; 0.0; 0.0; 0.0; 1.0;0; 0;0; 0; 
10.0755820274; 94417; 0.0; 0.0; -0.025118; 0.0; 0.0; 0.0; 0.0; 0.0; 0.0; 0.0; 0.0; 0.0; 0.0; 0.0; 0.0; 0.0; 0.0; 9.95; 10.2; 10.28; 10.1; 0.0; 0.0; 0.0; 0; 0; 0.0; 0.0; 1; 2.50369579249; 0.0176901775279; 0.0208672840318; 0; 0; 0; 0; 0.0; 0.0; 0.0; -1.0; 0.0; 0.0; 0.0; 0.0; 0.0; 1.0;0; 0;0; 0; 
10.0898931026; 94422; 0.0; 0.0; -0.023667; 0.0; 0.0; 0.0; 0.0; 0.0; 0.0; 0.0; 0.0; 0.0; 0.0; 0.0; 0.0; 0.0; 0.0; 9.95; 10.2; 10.28; 10.1; 0.0; 0.0; 0.0; 0; 0; 0.0; 0.0; 1; 2.50369579249; 0.0176901775279; 0.0208672840318; 0; 0; 0; 0; 0.0; 0.0; 0.0; -1.0; 0.0; 0.0; 0.0; 0.0; 0.0; 1.0;0; 0;0; 0; 
10.1013221741; 94427; 0.0; 0.0; -0.022019; 0.0; 0.0; 0.0; 0.0; 0.0; 0.0; 0.0; 0.0; 0.0; 0.0; 0.0; 0.0; 0.0; 0.0; 9.95; 10.2; 10.28; 10.1; 0.0; 0.0; 0.0; 0; 0; 0.0; 0.0; 1; 2.50369579249; 0.0176901775279; 0.0208672840318; 0; 0; 0; 0; 0.0; 0.0; 0.0; -1.0; 0.0; 0.0; 0.0; 0.0; 0.0; 1.0;0; 0;0; 0; 
10.113227129; 94432; 0.0; 0.0; -0.020321; 0.0; 0.0; 0.0; 0.0; 0.0; 0.0; 0.0; 0.0; 0.0; 0.0; 0.0; 0.0; 0.0; 0.0; 9.95; 10.2; 10.28; 10.1; 0.0; 0.0; 0.0; 0; 0; 0.0; 0.0; 1; 2.50369579249; 0.0176901775279; 0.0208672840318; 0; 0; 0; 0; 0.0; 0.0; 0.0; -1.0; 0.0; 0.0; 0.0; 0.0; 0.0; 1.0;0; 0;0; 0; 
10.1244590282; 94437; 0.0; 0.0; -0.018731; 0.0; 0.0; 0.0; 0.0; 0.0; 0.0; 0.0; 0.0; 0.0; 0.0; 0.0; 0.0; 0.0; 0.0; 9.95; 10.2; 10.28; 10.1; 0.0; 0.0; 0.0; 0; 0; 0.0; 0.0; 1; 2.50369579249; 0.0176901775279; 0.0208672840318; 0; 0; 0; 0; 0.0; 0.0; 0.0; -1.0; 0.0; 0.0; 0.0; 0.0; 0.0; 1.0;0; 0;0; 0; 
10.1359140873; 94442; 0.0; 0.0; -0.017557; 0.0; 0.0; 0.0; 0.0; 0.0; 0.0; 0.0; 0.0; 0.0; 0.0; 0.0; 0.0; 0.0; 0.0; 9.95; 10.2; 10.28; 10.1; 0.0; 0.0; 0.0; 0; 0; 0.0; 0.0; 1; 2.50369579249; 0.0176901775279; 0.0208672840318; 0; 0; 0; 0; 0.0; 0.0; 0.0; -1.0; 0.0; 0.0; 0.0; 0.0; 0.0; 1.0;0; 0;0; 0; 
10.1476709843; 94447; 0.0; 0.0; -0.017035; 0.0; 0.0; 0.0; 0.0; 0.0; 0.0; 0.0; 0.0; 0.0; 0.0; 0.0; 0.0; 0.0; 0.0; 9.95; 10.2; 10.28; 10.1; 0.0; 0.0; 0.0; 0; 0; 0.0; 0.0; 1; 2.50369579249; 0.0176901775279; 0.0208672840318; 0; 0; 0; 0; 0.0; 0.0; 0.0; -1.0; 0.0; 0.0; 0.0; 0.0; 0.0; 1.0;0; 0;0; 0; 
10.1598551273; 94452; 0.0; 0.0; -0.017482; 0.0; 0.0; 0.0; 0.0; 0.0; 0.0; 0.0; 0.0; 0.0; 0.0; 0.0; 0.0; 0.0; 0.0; 9.95; 10.2; 10.28; 10.1; 0.0; 0.0; 0.0; 0; 0; 0.0; 0.0; 1; 2.50369579249; 0.0176901775279; 0.0208672840318; 0; 0; 0; 0; 0.0; 0.0; 0.0; -1.0; 0.0; 0.0; 0.0; 0.0; 0.0; 1.0;0; 0;0; 0; 
10.1718430519; 94457; 0.0; 0.0; -0.018882; 0.0; 0.0; 0.0; 0.0; 0.0; 0.0; 0.0; 0.0; 0.0; 0.0; 0.0; 0.0; 0.0; 0.0; 9.55; 9.85; 9.89; 9.38; 0.0; 0.0; 0.0; 0; 0; 0.0; 0.0; 1; 2.50369579249; 0.0176901775279; 0.0208672840318; 0; 0; 0; 0; 0.0; 0.0; 0.0; -1.0; 0.0; 0.0; 0.0; 0.0; 0.0; 1.0;0; 0;0; 0; 
10.1836130619; 94462; 0.0; 0.0; -0.021071; 0.0; 0.0; 0.0; 0.0; 0.0; 0.0; 0.0; 0.0; 0.0; 0.0; 0.0; 0.0; 0.0; 0.0; 9.55; 9.85; 9.89; 9.38; 0.0; 0.0; 0.0; 0; 0; 0.0; 0.0; 1; 2.50369579249; 0.0176901775279; 0.0208672840318; 0; 0; 0; 0; 0.0; 0.0; 0.0; -1.0; 0.0; 0.0; 0.0; 0.0; 0.0; 1.0;0; 0;0; 0; 
10.1949570179; 94467; 0.0; 0.0; -0.02371; 0.0; 0.0; 0.0; 0.0; 0.0; 0.0; 0.0; 0.0; 0.0; 0.0; 0.0; 0.0; 0.0; 0.0; 9.55; 9.85; 9.89; 9.38; 0.0; 0.0; 0.0; 0; 0; 0.0; 0.0; 1; 2.50369579249; 0.0176901775279; 0.0208672840318; 0; 0; 0; 0; 0.0; 0.0; 0.0; -1.0; 0.0; 0.0; 0.0; 0.0; 0.0; 1.0;0; 0;0; 0; 
10.206715107; 94472; 0.0; 0.0; -0.026485; 0.0; 0.0; 0.0; 0.0; 0.0; 0.0; 0.0; 0.0; 0.0; 0.0; 0.0; 0.0; 0.0; 0.0; 9.55; 9.85; 9.89; 9.38; 0.0; 0.0; 0.0; 0; 0; 0.0; 0.0; 1; 2.50369579249; 0.0176901775279; 0.0208672840318; 0; 0; 0; 0; 0.0; 0.0; 0.0; -1.0; 0.0; 0.0; 0.0; 0.0; 0.0; 1.0;0; 0;0; 0; 
10.2180280685; 94477; 0.0; 0.0; -0.029168; 0.0; 0.0; 0.0; 0.0; 0.0; 0.0; 0.0; 0.0; 0.0; 0.0; 0.0; 0.0; 0.0; 0.0; 9.55; 9.85; 9.89; 9.38; 0.0; 0.0; 0.0; 0; 0; 0.0; 0.0; 1; 2.50369579249; 0.0176901775279; 0.0208672840318; 0; 0; 0; 0; 0.0; 0.0; 0.0; -1.0; 0.0; 0.0; 0.0; 0.0; 0.0; 1.0;0; 0;0; 0; 
10.2289540768; 94482; 0.0; 0.0; -0.031434; 0.0; 0.0; 0.0; 0.0; 0.0; 0.0; 0.0; 0.0; 0.0; 0.0; 0.0; 0.0; 0.0; 0.0; 9.55; 9.85; 9.89; 9.38; 0.0; 0.0; 0.0; 0; 0; 0.0; 0.0; 1; 2.50369579249; 0.0176901775279; 0.0208672840318; 0; 0; 0; 0; 0.0; 0.0; 0.0; -1.0; 0.0; 0.0; 0.0; 0.0; 0.0; 1.0;0; 0;0; 0; 
10.2414610386; 94487; 0.0; 0.0; -0.033024; 0.0; 0.0; 0.0; 0.0; 0.0; 0.0; 0.0; 0.0; 0.0; 0.0; 0.0; 0.0; 0.0; 0.0; 9.55; 9.85; 9.89; 9.38; 0.0; 0.0; 0.0; 0; 0; 0.0; 0.0; 1; 2.50369579249; 0.0176901775279; 0.0208672840318; 0; 0; 0; 0; 0.0; 0.0; 0.0; -1.0; 0.0; 0.0; 0.0; 0.0; 0.0; 1.0;0; 0;0; 0; 
10.2526011467; 94492; 0.0; 0.0; -0.033704; 0.0; 0.0; 0.0; 0.0; 0.0; 0.0; 0.0; 0.0; 0.0; 0.0; 0.0; 0.0; 0.0; 0.0; 9.55; 9.85; 9.89; 9.38; 0.0; 0.0; 0.0; 0; 0; 0.0; 0.0; 1; 2.50369579249; 0.0176901775279; 0.0208672840318; 0; 0; 0; 0; 0.0; 0.0; 0.0; -1.0; 0.0; 0.0; 0.0; 0.0; 0.0; 1.0;0; 0;0; 0; 
10.264206171; 94497; 0.0; 0.0; -0.033695; 0.0; 0.0; 0.0; 0.0; 0.0; 0.0; 0.0; 0.0; 0.0; 0.0; 0.0; 0.0; 0.0; 0.0; 9.55; 9.85; 9.89; 9.38; 0.0; 0.0; 0.0; 0; 0; 0.0; 0.0; 1; 2.63342116118; 0.0205323620699; 0.0230648476682; 0; 0; 0; 0; 0.0; 0.0; 0.0; -1.0; 0.0; 0.0; 0.0; 0.0; 0.0; 1.0;0; 0;0; 0; 
10.2756471634; 94502; 0.0; 0.0; -0.0332; 0.0; 0.0; 0.0; 0.0; 0.0; 0.0; 0.0; 0.0; 0.0; 0.0; 0.0; 0.0; 0.0; 0.0; 9.55; 9.85; 9.89; 9.38; 0.0; 0.0; 0.0; 0; 0; 0.0; 0.0; 1; 2.63342116118; 0.0205323620699; 0.0230648476682; 0; 0; 0; 0; 0.0; 0.0; 0.0; -1.0; 0.0; 0.0; 0.0; 0.0; 0.0; 1.0;0; 0;0; 0; 
10.2874059677; 94507; 0.0; 0.0; -0.032191; 0.0; 0.0; 0.0; 0.0; 0.0; 0.0; 0.0; 0.0; 0.0; 0.0; 0.0; 0.0; 0.0; 0.0; 9.55; 9.85; 9.89; 9.38; 0.0; 0.0; 0.0; 0; 0; 0.0; 0.0; 1; 2.63342116118; 0.0205323620699; 0.0230648476682; 0; 0; 0; 0; 0.0; 0.0; 0.0; -1.0; 0.0; 0.0; 0.0; 0.0; 0.0; 1.0;0; 0;0; 0; 
10.2993721962; 94512; 0.0; 0.0; -0.030965; 0.0; 0.0; 0.0; 0.0; 0.0; 0.0; 0.0; 0.0; 0.0; 0.0; 0.0; 0.0; 0.0; 0.0; 9.55; 9.85; 9.89; 9.38; 0.0; 0.0; 0.0; 0; 0; 0.0; 0.0; 1; 2.63342116118; 0.0205323620699; 0.0230648476682; 0; 0; 0; 0; 0.0; 0.0; 0.0; -1.0; 0.0; 0.0; 0.0; 0.0; 0.0; 1.0;0; 0;0; 0; 
10.3114101887; 94517; 0.0; 0.0; -0.029536; 0.0; 0.0; 0.0; 0.0; 0.0; 0.0; 0.0; 0.0; 0.0; 0.0; 0.0; 0.0; 0.0; 0.0; 9.55; 9.85; 9.89; 9.38; 0.0; 0.0; 0.0; 0; 0; 0.0; 0.0; 1; 2.63342116118; 0.0205323620699; 0.0230648476682; 0; 0; 0; 0; 0.0; 0.0; 0.0; -1.0; 0.0; 0.0; 0.0; 0.0; 0.0; 1.0;0; 0;0; 0; 
10.3228740692; 94522; 0.0; 0.0; -0.02831; 0.0; 0.0; 0.0; 0.0; 0.0; 0.0; 0.0; 0.0; 0.0; 0.0; 0.0; 0.0; 0.0; 0.0; 9.55; 9.85; 9.89; 9.38; 0.0; 0.0; 0.0; 0; 0; 0.0; 0.0; 1; 2.63342116118; 0.0205323620699; 0.0230648476682; 0; 0; 0; 0; 0.0; 0.0; 0.0; -1.0; 0.0; 0.0; 0.0; 0.0; 0.0; 1.0;0; 0;0; 0; 
10.3365240097; 94527; 0.0; 0.0; -0.027453; 0.0; 0.0; 0.0; 0.0; 0.0; 0.0; 0.0; 0.0; 0.0; 0.0; 0.0; 0.0; 0.0; 0.0; 9.55; 9.85; 9.89; 9.38; 0.0; 0.0; 0.0; 0; 0; 0.0; 0.0; 1; 2.63342116118; 0.0205323620699; 0.0230648476682; 0; 0; 0; 0; 0.0; 0.0; 0.0; -1.0; 0.0; 0.0; 0.0; 0.0; 0.0; 1.0;0; 0;0; 0; 
10.348236084; 94532; 0.0; 0.0; -0.026842; 0.0; 0.0; 0.0; 0.0; 0.0; 0.0; 0.0; 0.0; 0.0; 0.0; 0.0; 0.0; 0.0; 0.0; 9.55; 9.85; 9.89; 9.38; 0.0; 0.0; 0.0; 0; 0; 0.0; 0.0; 1; 2.63342116118; 0.0205323620699; 0.0230648476682; 0; 0; 0; 0; 0.0; 0.0; 0.0; -1.0; 0.0; 0.0; 0.0; 0.0; 0.0; 1.0;0; 0;0; 0; 
10.3600990772; 94537; 0.0; 0.0; -0.026533; 0.0; 0.0; 0.0; 0.0; 0.0; 0.0; 0.0; 0.0; 0.0; 0.0; 0.0; 0.0; 0.0; 0.0; 9.55; 9.85; 9.89; 9.38; 0.0; 0.0; 0.0; 0; 0; 0.0; 0.0; 1; 2.63342116118; 0.0205323620699; 0.0230648476682; 0; 0; 0; 0; 0.0; 0.0; 0.0; -1.0; 0.0; 0.0; 0.0; 0.0; 0.0; 1.0;0; 0;0; 0; 
10.3730950356; 94542; 0.0; 0.0; -0.026366; 0.0; 0.0; 0.0; 0.0; 0.0; 0.0; 0.0; 0.0; 0.0; 0.0; 0.0; 0.0; 0.0; 0.0; 9.55; 9.85; 9.89; 9.38; 0.0; 0.0; 0.0; 0; 0; 0.0; 0.0; 1; 2.63342116118; 0.0205323620699; 0.0230648476682; 0; 0; 0; 0; 0.0; 0.0; 0.0; -1.0; 0.0; 0.0; 0.0; 0.0; 0.0; 1.0;0; 0;0; 0; 
10.3867561817; 94547; 0.0; 0.0; -0.026273; 0.0; 0.0; 0.0; 0.0; 0.0; 0.0; 0.0; 0.0; 0.0; 0.0; 0.0; 0.0; 0.0; 0.0; 9.55; 9.85; 9.89; 9.38; 0.0; 0.0; 0.0; 0; 0; 0.0; 0.0; 1; 2.63342116118; 0.0205323620699; 0.0230648476682; 0; 0; 0; 0; 0.0; 0.0; 0.0; -1.0; 0.0; 0.0; 0.0; 0.0; 0.0; 1.0;0; 0;0; 0; 
10.4001941681; 94552; 0.0; 0.0; -0.026166; 0.0; 0.0; 0.0; 0.0; 0.0; 0.0; 0.0; 0.0; 0.0; 0.0; 0.0; 0.0; 0.0; 0.0; 9.55; 9.85; 9.89; 9.38; 0.0; 0.0; 0.0; 0; 0; 0.0; 0.0; 1; 2.63342116118; 0.0205323620699; 0.0230648476682; 0; 0; 0; 0; 0.0; 0.0; 0.0; -1.0; 0.0; 0.0; 0.0; 0.0; 0.0; 1.0;0; 0;0; 0; 
10.4113891125; 94557; 0.0; 0.0; -0.025753; 0.0; 0.0; 0.0; 0.0; 0.0; 0.0; 0.0; 0.0; 0.0; 0.0; 0.0; 0.0; 0.0; 0.0; 9.55; 9.85; 9.89; 9.38; 0.0; 0.0; 0.0; 0; 0; 0.0; 0.0; 1; 2.63342116118; 0.0205323620699; 0.0230648476682; 0; 0; 0; 0; 0.0; 0.0; 0.0; -1.0; 0.0; 0.0; 0.0; 0.0; 0.0; 1.0;0; 0;0; 0; 
10.4234271049; 94562; 0.0; 0.0; -0.02494; 0.0; 0.0; 0.0; 0.0; 0.0; 0.0; 0.0; 0.0; 0.0; 0.0; 0.0; 0.0; 0.0; 0.0; 9.55; 9.85; 9.89; 9.38; 0.0; 0.0; 0.0; 0; 0; 0.0; 0.0; 1; 2.63342116118; 0.0205323620699; 0.0230648476682; 0; 0; 0; 0; 0.0; 0.0; 0.0; -1.0; 0.0; 0.0; 0.0; 0.0; 0.0; 1.0;0; 0;0; 0; 
10.4353911877; 94567; 0.0; 0.0; -0.023687; 0.0; 0.0; 0.0; 0.0; 0.0; 0.0; 0.0; 0.0; 0.0; 0.0; 0.0; 0.0; 0.0; 0.0; 9.55; 9.85; 9.89; 9.38; 0.0; 0.0; 0.0; 0; 0; 0.0; 0.0; 1; 2.63342116118; 0.0205323620699; 0.0230648476682; 0; 0; 0; 0; 0.0; 0.0; 0.0; -1.0; 0.0; 0.0; 0.0; 0.0; 0.0; 1.0;0; 0;0; 0; 
10.4467899799; 94572; 0.0; 0.0; -0.021892; 0.0; 0.0; 0.0; 0.0; 0.0; 0.0; 0.0; 0.0; 0.0; 0.0; 0.0; 0.0; 0.0; 0.0; 9.55; 9.85; 9.89; 9.38; 0.0; 0.0; 0.0; 0; 0; 0.0; 0.0; 1; 2.63342116118; 0.0205323620699; 0.0230648476682; 0; 0; 0; 0; 0.0; 0.0; 0.0; -1.0; 0.0; 0.0; 0.0; 0.0; 0.0; 1.0;0; 0;0; 0; 
10.4589390755; 94577; 0.0; 0.0; -0.019754; 0.0; 0.0; 0.0; 0.0; 0.0; 0.0; 0.0; 0.0; 0.0; 0.0; 0.0; 0.0; 0.0; 0.0; 9.55; 9.85; 9.89; 9.38; 0.0; 0.0; 0.0; 0; 0; 0.0; 0.0; 1; 2.63342116118; 0.0205323620699; 0.0230648476682; 0; 0; 0; 0; 0.0; 0.0; 0.0; -1.0; 0.0; 0.0; 0.0; 0.0; 0.0; 1.0;0; 0;0; 0; 
10.4706151485; 94582; 0.0; 0.0; -0.017357; 0.0; 0.0; 0.0; 0.0; 0.0; 0.0; 0.0; 0.0; 0.0; 0.0; 0.0; 0.0; 0.0; 0.0; 9.55; 9.85; 9.89; 9.38; 0.0; 0.0; 0.0; 0; 0; 0.0; 0.0; 1; 2.63342116118; 0.0205323620699; 0.0230648476682; 0; 0; 0; 0; 0.0; 0.0; 0.0; -1.0; 0.0; 0.0; 0.0; 0.0; 0.0; 1.0;0; 0;0; 0; 
10.4827179909; 94587; 0.0; 0.0; -0.014901; 0.0; 0.0; 0.0; 0.0; 0.0; 0.0; 0.0; 0.0; 0.0; 0.0; 0.0; 0.0; 0.0; 0.0; 9.32; 9.48; 9.55; 9.1; 0.0; 0.0; 0.0; 0; 0; 0.0; 0.0; 1; 2.63342116118; 0.0205323620699; 0.0230648476682; 0; 0; 0; 0; 0.0; 0.0; 0.0; -1.0; 0.0; 0.0; 0.0; 0.0; 0.0; 1.0;0; 0;0; 0; 
10.4940581322; 94592; 0.0; 0.0; -0.012708; 0.0; 0.0; 0.0; 0.0; 0.0; 0.0; 0.0; 0.0; 0.0; 0.0; 0.0; 0.0; 0.0; 0.0; 9.32; 9.48; 9.55; 9.1; 0.0; 0.0; 0.0; 0; 0; 0.0; 0.0; 1; 2.63342116118; 0.0205323620699; 0.0230648476682; 0; 0; 0; 0; 0.0; 0.0; 0.0; -1.0; 0.0; 0.0; 0.0; 0.0; 0.0; 1.0;0; 0;0; 0; 
10.5062720776; 94597; 0.0; 0.0; -0.011069; 0.0; 0.0; 0.0; 0.0; 0.0; 0.0; 0.0; 0.0; 0.0; 0.0; 0.0; 0.0; 0.0; 0.0; 9.32; 9.48; 9.55; 9.1; 0.0; 0.0; 0.0; 0; 0; 0.0; 0.0; 1; 2.76002581933; 0.0236133430151; 0.0254717476682; 0; 0; 0; 0; 0.0; 0.0; 0.0; -1.0; 0.0; 0.0; 0.0; 0.0; 0.0; 1.0;0; 0;0; 0; 
10.5186200142; 94602; 0.0; 0.0; -0.010224; 0.0; 0.0; 0.0; 0.0; 0.0; 0.0; 0.0; 0.0; 0.0; 0.0; 0.0; 0.0; 0.0; 0.0; 9.32; 9.48; 9.55; 9.1; 0.0; 0.0; 0.0; 0; 0; 0.0; 0.0; 1; 2.76002581933; 0.0236133430151; 0.0254717476682; 0; 0; 0; 0; 0.0; 0.0; 0.0; -1.0; 0.0; 0.0; 0.0; 0.0; 0.0; 1.0;0; 0;0; 0; 
10.531414032; 94607; 0.0; 0.0; -0.010166; 0.0; 0.0; 0.0; 0.0; 0.0; 0.0; 0.0; 0.0; 0.0; 0.0; 0.0; 0.0; 0.0; 0.0; 9.32; 9.48; 9.55; 9.1; 0.0; 0.0; 0.0; 0; 0; 0.0; 0.0; 1; 2.76002581933; 0.0236133430151; 0.0254717476682; 0; 0; 0; 0; 0.0; 0.0; 0.0; -1.0; 0.0; 0.0; 0.0; 0.0; 0.0; 1.0;0; 0;0; 0; 
10.5437979698; 94612; 0.0; 0.0; -0.010853; 0.0; 0.0; 0.0; 0.0; 0.0; 0.0; 0.0; 0.0; 0.0; 0.0; 0.0; 0.0; 0.0; 0.0; 9.32; 9.48; 9.55; 9.1; 0.0; 0.0; 0.0; 0; 0; 0.0; 0.0; 1; 2.76002581933; 0.0236133430151; 0.0254717476682; 0; 0; 0; 0; 0.0; 0.0; 0.0; -1.0; 0.0; 0.0; 0.0; 0.0; 0.0; 1.0;0; 0;0; 0; 
10.5569760799; 94617; 0.0; 0.0; -0.012294; 0.0; 0.0; 0.0; 0.0; 0.0; 0.0; 0.0; 0.0; 0.0; 0.0; 0.0; 0.0; 0.0; 0.0; 9.32; 9.48; 9.55; 9.1; 0.0; 0.0; 0.0; 0; 0; 0.0; 0.0; 1; 2.76002581933; 0.0236133430151; 0.0254717476682; 0; 0; 0; 0; 0.0; 0.0; 0.0; -1.0; 0.0; 0.0; 0.0; 0.0; 0.0; 1.0;0; 0;0; 0; 
10.5706071854; 94622; 0.0; 0.0; -0.014339; 0.0; 0.0; 0.0; 0.0; 0.0; 0.0; 0.0; 0.0; 0.0; 0.0; 0.0; 0.0; 0.0; 0.0; 9.32; 9.48; 9.55; 9.1; 0.0; 0.0; 0.0; 0; 0; 0.0; 0.0; 1; 2.76002581933; 0.0236133430151; 0.0254717476682; 0; 0; 0; 0; 0.0; 0.0; 0.0; -1.0; 0.0; 0.0; 0.0; 0.0; 0.0; 1.0;0; 0;0; 0; 
10.5833861828; 94627; 0.0; 0.0; -0.01674; 0.0; 0.0; 0.0; 0.0; 0.0; 0.0; 0.0; 0.0; 0.0; 0.0; 0.0; 0.0; 0.0; 0.0; 9.32; 9.48; 9.55; 9.1; 0.0; 0.0; 0.0; 0; 0; 0.0; 0.0; 1; 2.76002581933; 0.0236133430151; 0.0254717476682; 0; 0; 0; 0; 0.0; 0.0; 0.0; -1.0; 0.0; 0.0; 0.0; 0.0; 0.0; 1.0;0; 0;0; 0; 
10.596309185; 94632; 0.0; 0.0; -0.019304; 0.0; 0.0; 0.0; 0.0; 0.0; 0.0; 0.0; 0.0; 0.0; 0.0; 0.0; 0.0; 0.0; 0.0; 9.32; 9.48; 9.55; 9.1; 0.0; 0.0; 0.0; 0; 0; 0.0; 0.0; 1; 2.76002581933; 0.0236133430151; 0.0254717476682; 0; 0; 0; 0; 0.0; 0.0; 0.0; -1.0; 0.0; 0.0; 0.0; 0.0; 0.0; 1.0;0; 0;0; 0; 
10.6087610722; 94637; 0.0; 0.0; -0.022021; 0.0; 0.0; 0.0; 0.0; 0.0; 0.0; 0.0; 0.0; 0.0; 0.0; 0.0; 0.0; 0.0; 0.0; 9.32; 9.48; 9.55; 9.1; 0.0; 0.0; 0.0; 0; 0; 0.0; 0.0; 1; 2.76002581933; 0.0236133430151; 0.0254717476682; 0; 0; 0; 0; 0.0; 0.0; 0.0; -1.0; 0.0; 0.0; 0.0; 0.0; 0.0; 1.0;0; 0;0; 0; 
10.6221101284; 94642; 0.0; 0.0; -0.024832; 0.0; 0.0; 0.0; 0.0; 0.0; 0.0; 0.0; 0.0; 0.0; 0.0; 0.0; 0.0; 0.0; 0.0; 9.32; 9.48; 9.55; 9.1; 0.0; 0.0; 0.0; 0; 0; 0.0; 0.0; 1; 2.76002581933; 0.0236133430151; 0.0254717476682; 0; 0; 0; 0; 0.0; 0.0; 0.0; -1.0; 0.0; 0.0; 0.0; 0.0; 0.0; 1.0;0; 0;0; 0; 
10.6332800388; 94647; 0.0; 0.0; -0.02747; 0.0; 0.0; 0.0; 0.0; 0.0; 0.0; 0.0; 0.0; 0.0; 0.0; 0.0; 0.0; 0.0; 0.0; 9.32; 9.48; 9.55; 9.1; 0.0; 0.0; 0.0; 0; 0; 0.0; 0.0; 1; 2.76002581933; 0.0236133430151; 0.0254717476682; 0; 0; 0; 0; 0.0; 0.0; 0.0; -1.0; 0.0; 0.0; 0.0; 0.0; 0.0; 1.0;0; 0;0; 0; 
10.6460881233; 94652; 0.0; 0.0; -0.02977; 0.0; 0.0; 0.0; 0.0; 0.0; 0.0; 0.0; 0.0; 0.0; 0.0; 0.0; 0.0; 0.0; 0.0; 9.32; 9.48; 9.55; 9.1; 0.0; 0.0; 0.0; 0; 0; 0.0; 0.0; 1; 2.76002581933; 0.0236133430151; 0.0254717476682; 0; 0; 0; 0; 0.0; 0.0; 0.0; -1.0; 0.0; 0.0; 0.0; 0.0; 0.0; 1.0;0; 0;0; 0; 
10.6576240063; 94657; 0.0; 0.0; -0.031532; 0.0; 0.0; 0.0; 0.0; 0.0; 0.0; 0.0; 0.0; 0.0; 0.0; 0.0; 0.0; 0.0; 0.0; 9.32; 9.48; 9.55; 9.1; 0.0; 0.0; 0.0; 0; 0; 0.0; 0.0; 1; 2.76002581933; 0.0236133430151; 0.0254717476682; 0; 0; 0; 0; 0.0; 0.0; 0.0; -1.0; 0.0; 0.0; 0.0; 0.0; 0.0; 1.0;0; 0;0; 0; 
10.6701669693; 94662; 0.0; 0.0; -0.032684; 0.0; 0.0; 0.0; 0.0; 0.0; 0.0; 0.0; 0.0; 0.0; 0.0; 0.0; 0.0; 0.0; 0.0; 9.32; 9.48; 9.55; 9.1; 0.0; 0.0; 0.0; 0; 0; 0.0; 0.0; 1; 2.76002581933; 0.0236133430151; 0.0254717476682; 0; 0; 0; 0; 0.0; 0.0; 0.0; -1.0; 0.0; 0.0; 0.0; 0.0; 0.0; 1.0;0; 0;0; 0; 
10.6823880672; 94667; 0.0; 0.0; -0.033273; 0.0; 0.0; 0.0; 0.0; 0.0; 0.0; 0.0; 0.0; 0.0; 0.0; 0.0; 0.0; 0.0; 0.0; 9.32; 9.48; 9.55; 9.1; 0.0; 0.0; 0.0; 0; 0; 0.0; 0.0; 1; 2.76002581933; 0.0236133430151; 0.0254717476682; 0; 0; 0; 0; 0.0; 0.0; 0.0; -1.0; 0.0; 0.0; 0.0; 0.0; 0.0; 1.0;0; 0;0; 0; 
10.6937241554; 94672; 0.0; 0.0; -0.033126; 0.0; 0.0; 0.0; 0.0; 0.0; 0.0; 0.0; 0.0; 0.0; 0.0; 0.0; 0.0; 0.0; 0.0; 9.32; 9.48; 9.55; 9.1; 0.0; 0.0; 0.0; 0; 0; 0.0; 0.0; 1; 2.76002581933; 0.0236133430151; 0.0254717476682; 0; 0; 0; 0; 0.0; 0.0; 0.0; -1.0; 0.0; 0.0; 0.0; 0.0; 0.0; 1.0;0; 0;0; 0; 
10.7051789761; 94677; 0.0; 0.0; -0.032378; 0.0; 0.0; 0.0; 0.0; 0.0; 0.0; 0.0; 0.0; 0.0; 0.0; 0.0; 0.0; 0.0; 0.0; 9.32; 9.48; 9.55; 9.1; 0.0; 0.0; 0.0; 0; 0; 0.0; 0.0; 1; 2.76002581933; 0.0236133430151; 0.0254717476682; 0; 0; 0; 0; 0.0; 0.0; 0.0; -1.0; 0.0; 0.0; 0.0; 0.0; 0.0; 1.0;0; 0;0; 0; 
10.7179780006; 94682; 0.0; 0.0; -0.031122; 0.0; 0.0; 0.0; 0.0; 0.0; 0.0; 0.0; 0.0; 0.0; 0.0; 0.0; 0.0; 0.0; 0.0; 9.32; 9.48; 9.55; 9.1; 0.0; 0.0; 0.0; 0; 0; 0.0; 0.0; 1; 2.76002581933; 0.0236133430151; 0.0254717476682; 0; 0; 0; 0; 0.0; 0.0; 0.0; -1.0; 0.0; 0.0; 0.0; 0.0; 0.0; 1.0;0; 0;0; 0; 
10.730615139; 94687; 0.0; 0.0; -0.029551; 0.0; 0.0; 0.0; 0.0; 0.0; 0.0; 0.0; 0.0; 0.0; 0.0; 0.0; 0.0; 0.0; 0.0; 8.84; 9.18; 9.19; 8.76; 0.0; 0.0; 0.0; 0; 0; 0.0; 0.0; 1; 2.76002581933; 0.0236133430151; 0.0254717476682; 0; 0; 0; 0; 0.0; 0.0; 0.0; -1.0; 0.0; 0.0; 0.0; 0.0; 0.0; 1.0;0; 0;0; 0; 
10.7430081367; 94692; 0.0; 0.0; -0.027857; 0.0; 0.0; 0.0; 0.0; 0.0; 0.0; 0.0; 0.0; 0.0; 0.0; 0.0; 0.0; 0.0; 0.0; 8.84; 9.18; 9.19; 8.76; 0.0; 0.0; 0.0; 0; 0; 0.0; 0.0; 1; 2.76002581933; 0.0236133430151; 0.0254717476682; 0; 0; 0; 0; 0.0; 0.0; 0.0; -1.0; 0.0; 0.0; 0.0; 0.0; 0.0; 1.0;0; 0;0; 0; 
10.7552011013; 94697; 0.0; 0.0; -0.026062; 0.0; 0.0; 0.0; 0.0; 0.0; 0.0; 0.0; 0.0; 0.0; 0.0; 0.0; 0.0; 0.0; 0.0; 8.84; 9.18; 9.19; 8.76; 0.0; 0.0; 0.0; 0; 0; 0.0; 0.0; 1; 2.88348215002; 0.0268497987678; 0.0274965476682; 0; 0; 0; 0; 0.0; 0.0; 0.0; -1.0; 0.0; 0.0; 0.0; 0.0; 0.0; 1.0;0; 0;0; 0; 
10.7665371895; 94702; 0.0; 0.0; -0.024269; 0.0; 0.0; 0.0; 0.0; 0.0; 0.0; 0.0; 0.0; 0.0; 0.0; 0.0; 0.0; 0.0; 0.0; 8.84; 9.18; 9.19; 8.76; 0.0; 0.0; 0.0; 0; 0; 0.0; 0.0; 1; 2.88348215002; 0.0268497987678; 0.0274965476682; 0; 0; 0; 0; 0.0; 0.0; 0.0; -1.0; 0.0; 0.0; 0.0; 0.0; 0.0; 1.0;0; 0;0; 0; 
10.778042078; 94707; 0.0; 0.0; -0.022564; 0.0; 0.0; 0.0; 0.0; 0.0; 0.0; 0.0; 0.0; 0.0; 0.0; 0.0; 0.0; 0.0; 0.0; 8.84; 9.18; 9.19; 8.76; 0.0; 0.0; 0.0; 0; 0; 0.0; 0.0; 1; 2.88348215002; 0.0268497987678; 0.0274965476682; 0; 0; 0; 0; 0.0; 0.0; 0.0; -1.0; 0.0; 0.0; 0.0; 0.0; 0.0; 1.0;0; 0;0; 0; 
10.7896420956; 94712; 0.0; 0.0; -0.020865; 0.0; 0.0; 0.0; 0.0; 0.0; 0.0; 0.0; 0.0; 0.0; 0.0; 0.0; 0.0; 0.0; 0.0; 8.84; 9.18; 9.19; 8.76; 0.0; 0.0; 0.0; 0; 0; 0.0; 0.0; 1; 2.88348215002; 0.0268497987678; 0.0274965476682; 0; 0; 0; 0; 0.0; 0.0; 0.0; -1.0; 0.0; 0.0; 0.0; 0.0; 0.0; 1.0;0; 0;0; 0; 
10.80154109; 94717; 0.0; 0.0; -0.019304; 0.0; 0.0; 0.0; 0.0; 0.0; 0.0; 0.0; 0.0; 0.0; 0.0; 0.0; 0.0; 0.0; 0.0; 8.84; 9.18; 9.19; 8.76; 0.0; 0.0; 0.0; 0; 0; 0.0; 0.0; 1; 2.88348215002; 0.0268497987678; 0.0274965476682; 0; 0; 0; 0; 0.0; 0.0; 0.0; -1.0; 0.0; 0.0; 0.0; 0.0; 0.0; 1.0;0; 0;0; 0; 
10.8137550354; 94722; 0.0; 0.0; -0.017896; 0.0; 0.0; 0.0; 0.0; 0.0; 0.0; 0.0; 0.0; 0.0; 0.0; 0.0; 0.0; 0.0; 0.0; 8.84; 9.18; 9.19; 8.76; 0.0; 0.0; 0.0; 0; 0; 0.0; 0.0; 1; 2.88348215002; 0.0268497987678; 0.0274965476682; 0; 0; 0; 0; 0.0; 0.0; 0.0; -1.0; 0.0; 0.0; 0.0; 0.0; 0.0; 1.0;0; 0;0; 0; 
10.8254430294; 94727; 0.0; 0.0; -0.016657; 0.0; 0.0; 0.0; 0.0; 0.0; 0.0; 0.0; 0.0; 0.0; 0.0; 0.0; 0.0; 0.0; 0.0; 8.84; 9.18; 9.19; 8.76; 0.0; 0.0; 0.0; 0; 0; 0.0; 0.0; 1; 2.88348215002; 0.0268497987678; 0.0274965476682; 0; 0; 0; 0; 0.0; 0.0; 0.0; -1.0; 0.0; 0.0; 0.0; 0.0; 0.0; 1.0;0; 0;0; 0; 
10.8370599747; 94732; 0.0; 0.0; -0.015501; 0.0; 0.0; 0.0; 0.0; 0.0; 0.0; 0.0; 0.0; 0.0; 0.0; 0.0; 0.0; 0.0; 0.0; 8.84; 9.18; 9.19; 8.76; 0.0; 0.0; 0.0; 0; 0; 0.0; 0.0; 1; 2.88348215002; 0.0268497987678; 0.0274965476682; 0; 0; 0; 0; 0.0; 0.0; 0.0; -1.0; 0.0; 0.0; 0.0; 0.0; 0.0; 1.0;0; 0;0; 0; 
10.8491551876; 94737; 0.0; 0.0; -0.014379; 0.0; 0.0; 0.0; 0.0; 0.0; 0.0; 0.0; 0.0; 0.0; 0.0; 0.0; 0.0; 0.0; 0.0; 8.84; 9.18; 9.19; 8.76; 0.0; 0.0; 0.0; 0; 0; 0.0; 0.0; 1; 2.88348215002; 0.0268497987678; 0.0274965476682; 0; 0; 0; 0; 0.0; 0.0; 0.0; -1.0; 0.0; 0.0; 0.0; 0.0; 0.0; 1.0;0; 0;0; 0; 
10.8606750965; 94742; 0.0; 0.0; -0.013569; 0.0; 0.0; 0.0; 0.0; 0.0; 0.0; 0.0; 0.0; 0.0; 0.0; 0.0; 0.0; 0.0; 0.0; 8.84; 9.18; 9.19; 8.76; 0.0; 0.0; 0.0; 0; 0; 0.0; 0.0; 1; 2.88348215002; 0.0268497987678; 0.0274965476682; 0; 0; 0; 0; 0.0; 0.0; 0.0; -1.0; 0.0; 0.0; 0.0; 0.0; 0.0; 1.0;0; 0;0; 0; 
10.8724660873; 94747; 0.0; 0.0; -0.013202; 0.0; 0.0; 0.0; 0.0; 0.0; 0.0; 0.0; 0.0; 0.0; 0.0; 0.0; 0.0; 0.0; 0.0; 8.84; 9.18; 9.19; 8.76; 0.0; 0.0; 0.0; 0; 0; 0.0; 0.0; 1; 2.88348215002; 0.0268497987678; 0.0274965476682; 0; 0; 0; 0; 0.0; 0.0; 0.0; -1.0; 0.0; 0.0; 0.0; 0.0; 0.0; 1.0;0; 0;0; 0; 
10.8841791153; 94752; 0.0; 0.0; -0.013285; 0.0; 0.0; 0.0; 0.0; 0.0; 0.0; 0.0; 0.0; 0.0; 0.0; 0.0; 0.0; 0.0; 0.0; 8.84; 9.18; 9.19; 8.76; 0.0; 0.0; 0.0; 0; 0; 0.0; 0.0; 1; 2.88348215002; 0.0268497987678; 0.0274965476682; 0; 0; 0; 0; 0.0; 0.0; 0.0; -1.0; 0.0; 0.0; 0.0; 0.0; 0.0; 1.0;0; 0;0; 0; 
10.8970661163; 94757; 0.0; 0.0; -0.01379; 0.0; 0.0; 0.0; 0.0; 0.0; 0.0; 0.0; 0.0; 0.0; 0.0; 0.0; 0.0; 0.0; 0.0; 8.84; 9.18; 9.19; 8.76; 0.0; 0.0; 0.0; 0; 0; 0.0; 0.0; 1; 2.88348215002; 0.0268497987678; 0.0274965476682; 0; 0; 0; 0; 0.0; 0.0; 0.0; -1.0; 0.0; 0.0; 0.0; 0.0; 0.0; 1.0;0; 0;0; 0; 
10.9093091488; 94762; 0.0; 0.0; -0.014675; 0.0; 0.0; 0.0; 0.0; 0.0; 0.0; 0.0; 0.0; 0.0; 0.0; 0.0; 0.0; 0.0; 0.0; 8.84; 9.18; 9.19; 8.76; 0.0; 0.0; 0.0; 0; 0; 0.0; 0.0; 1; 2.88348215002; 0.0268497987678; 0.0274965476682; 0; 0; 0; 0; 0.0; 0.0; 0.0; -1.0; 0.0; 0.0; 0.0; 0.0; 0.0; 1.0;0; 0;0; 0; 
10.9205400944; 94767; 0.0; 0.0; -0.016074; 0.0; 0.0; 0.0; 0.0; 0.0; 0.0; 0.0; 0.0; 0.0; 0.0; 0.0; 0.0; 0.0; 0.0; 8.84; 9.18; 9.19; 8.76; 0.0; 0.0; 0.0; 0; 0; 0.0; 0.0; 1; 2.88348215002; 0.0268497987678; 0.0274965476682; 0; 0; 0; 0; 0.0; 0.0; 0.0; -1.0; 0.0; 0.0; 0.0; 0.0; 0.0; 1.0;0; 0;0; 0; 
10.9322221279; 94772; 0.0; 0.0; -0.017918; 0.0; 0.0; 0.0; 0.0; 0.0; 0.0; 0.0; 0.0; 0.0; 0.0; 0.0; 0.0; 0.0; 0.0; 8.84; 9.18; 9.19; 8.76; 0.0; 0.0; 0.0; 0; 0; 0.0; 0.0; 1; 2.88348215002; 0.0268497987678; 0.0274965476682; 0; 0; 0; 0; 0.0; 0.0; 0.0; -1.0; 0.0; 0.0; 0.0; 0.0; 0.0; 1.0;0; 0;0; 0; 
10.9451260567; 94777; 0.0; 0.0; -0.019923; 0.0; 0.0; 0.0; 0.0; 0.0; 0.0; 0.0; 0.0; 0.0; 0.0; 0.0; 0.0; 0.0; 0.0; 8.84; 9.18; 9.19; 8.76; 0.0; 0.0; 0.0; 0; 0; 0.0; 0.0; 1; 2.88348215002; 0.0268497987678; 0.0274965476682; 0; 0; 0; 0; 0.0; 0.0; 0.0; -1.0; 0.0; 0.0; 0.0; 0.0; 0.0; 1.0;0; 0;0; 0; 
10.958160162; 94782; 0.0; 0.0; -0.021858; 0.0; 0.0; 0.0; 0.0; 0.0; 0.0; 0.0; 0.0; 0.0; 0.0; 0.0; 0.0; 0.0; 0.0; 8.55; 8.72; 8.69; 8.38; 0.0; 0.0; 0.0; 0; 0; 0.0; 0.0; 1; 2.88348215002; 0.0268497987678; 0.0274965476682; 0; 0; 0; 0; 0.0; 0.0; 0.0; -1.0; 0.0; 0.0; 0.0; 0.0; 0.0; 1.0;0; 0;0; 0; 
10.968930006; 94787; 0.0; 0.0; -0.023491; 0.0; 0.0; 0.0; 0.0; 0.0; 0.0; 0.0; 0.0; 0.0; 0.0; 0.0; 0.0; 0.0; 0.0; 8.55; 8.72; 8.69; 8.38; 0.0; 0.0; 0.0; 0; 0; 0.0; 0.0; 1; 2.88348215002; 0.0268497987678; 0.0274965476682; 0; 0; 0; 0; 0.0; 0.0; 0.0; -1.0; 0.0; 0.0; 0.0; 0.0; 0.0; 1.0;0; 0;0; 0; 
10.980861187; 94792; 0.0; 0.0; -0.024861; 0.0; 0.0; 0.0; 0.0; 0.0; 0.0; 0.0; 0.0; 0.0; 0.0; 0.0; 0.0; 0.0; 0.0; 8.55; 8.72; 8.69; 8.38; 0.0; 0.0; 0.0; 0; 0; 0.0; 0.0; 1; 2.88348215002; 0.0268497987678; 0.0274965476682; 0; 0; 0; 0; 0.0; 0.0; 0.0; -1.0; 0.0; 0.0; 0.0; 0.0; 0.0; 1.0;0; 0;0; 0; 
10.9932990074; 94797; 0.0; 0.0; -0.025995; 0.0; 0.0; 0.0; 0.0; 0.0; 0.0; 0.0; 0.0; 0.0; 0.0; 0.0; 0.0; 0.0; 0.0; 8.55; 8.72; 8.69; 8.38; 0.0; 0.0; 0.0; 0; 0; 0.0; 0.0; 1; 3.00320352988; 0.0302443925948; 0.0291926340318; 0; 0; 0; 0; 0.0; 0.0; 0.0; -1.0; 0.0; 0.0; 0.0; 0.0; 0.0; 1.0;0; 0;0; 0; 
11.0058920383; 94802; 0.0; 0.0; -0.026903; 0.0; 0.0; 0.0; 0.0; 0.0; 0.0; 0.0; 0.0; 0.0; 0.0; 0.0; 0.0; 0.0; 0.0; 8.55; 8.72; 8.69; 8.38; 0.0; 0.0; 0.0; 0; 0; 0.0; 0.0; 1; 3.00320352988; 0.0302443925948; 0.0291926340318; 0; 0; 0; 0; 0.0; 0.0; 0.0; -1.0; 0.0; 0.0; 0.0; 0.0; 0.0; 1.0;0; 0;0; 0; 
11.0185890198; 94807; 0.0; 0.0; -0.027579; 0.0; 0.0; 0.0; 0.0; 0.0; 0.0; 0.0; 0.0; 0.0; 0.0; 0.0; 0.0; 0.0; 0.0; 8.55; 8.72; 8.69; 8.38; 0.0; 0.0; 0.0; 0; 0; 0.0; 0.0; 1; 3.00320352988; 0.0302443925948; 0.0291926340318; 0; 0; 0; 0; 0.0; 0.0; 0.0; -1.0; 0.0; 0.0; 0.0; 0.0; 0.0; 1.0;0; 0;0; 0; 
11.030244112; 94812; 0.0; 0.0; -0.027965; 0.0; 0.0; 0.0; 0.0; 0.0; 0.0; 0.0; 0.0; 0.0; 0.0; 0.0; 0.0; 0.0; 0.0; 8.55; 8.72; 8.69; 8.38; 0.0; 0.0; 0.0; 0; 0; 0.0; 0.0; 1; 3.00320352988; 0.0302443925948; 0.0291926340318; 0; 0; 0; 0; 0.0; 0.0; 0.0; -1.0; 0.0; 0.0; 0.0; 0.0; 0.0; 1.0;0; 0;0; 0; 
11.0421621799; 94817; 0.0; 0.0; -0.028061; 0.0; 0.0; 0.0; 0.0; 0.0; 0.0; 0.0; 0.0; 0.0; 0.0; 0.0; 0.0; 0.0; 0.0; 8.55; 8.72; 8.69; 8.38; 0.0; 0.0; 0.0; 0; 0; 0.0; 0.0; 1; 3.00320352988; 0.0302443925948; 0.0291926340318; 0; 0; 0; 0; 0.0; 0.0; 0.0; -1.0; 0.0; 0.0; 0.0; 0.0; 0.0; 1.0;0; 0;0; 0; 
11.0536761284; 94822; 0.0; 0.0; -0.027917; 0.0; 0.0; 0.0; 0.0; 0.0; 0.0; 0.0; 0.0; 0.0; 0.0; 0.0; 0.0; 0.0; 0.0; 8.55; 8.72; 8.69; 8.38; 0.0; 0.0; 0.0; 0; 0; 0.0; 0.0; 1; 3.00320352988; 0.0302443925948; 0.0291926340318; 0; 0; 0; 0; 0.0; 0.0; 0.0; -1.0; 0.0; 0.0; 0.0; 0.0; 0.0; 1.0;0; 0;0; 0; 
11.0651080608; 94827; 0.0; 0.0; -0.027548; 0.0; 0.0; 0.0; 0.0; 0.0; 0.0; 0.0; 0.0; 0.0; 0.0; 0.0; 0.0; 0.0; 0.0; 8.55; 8.72; 8.69; 8.38; 0.0; 0.0; 0.0; 0; 0; 0.0; 0.0; 1; 3.00320352988; 0.0302443925948; 0.0291926340318; 0; 0; 0; 0; 0.0; 0.0; 0.0; -1.0; 0.0; 0.0; 0.0; 0.0; 0.0; 1.0;0; 0;0; 0; 
11.0767831802; 94832; 0.0; 0.0; -0.026915; 0.0; 0.0; 0.0; 0.0; 0.0; 0.0; 0.0; 0.0; 0.0; 0.0; 0.0; 0.0; 0.0; 0.0; 8.55; 8.72; 8.69; 8.38; 0.0; 0.0; 0.0; 0; 0; 0.0; 0.0; 1; 3.00320352988; 0.0302443925948; 0.0291926340318; 0; 0; 0; 0; 0.0; 0.0; 0.0; -1.0; 0.0; 0.0; 0.0; 0.0; 0.0; 1.0;0; 0;0; 0; 
11.0880651474; 94837; 0.0; 0.0; -0.026055; 0.0; 0.0; 0.0; 0.0; 0.0; 0.0; 0.0; 0.0; 0.0; 0.0; 0.0; 0.0; 0.0; 0.0; 8.55; 8.72; 8.69; 8.38; 0.0; 0.0; 0.0; 0; 0; 0.0; 0.0; 1; 3.00320352988; 0.0302443925948; 0.0291926340318; 0; 0; 0; 0; 0.0; 0.0; 0.0; -1.0; 0.0; 0.0; 0.0; 0.0; 0.0; 1.0;0; 0;0; 0; 
11.0993900299; 94842; 0.0; 0.0; -0.025117; 0.0; 0.0; 0.0; 0.0; 0.0; 0.0; 0.0; 0.0; 0.0; 0.0; 0.0; 0.0; 0.0; 0.0; 8.55; 8.72; 8.69; 8.38; 0.0; 0.0; 0.0; 0; 0; 0.0; 0.0; 1; 3.00320352988; 0.0302443925948; 0.0291926340318; 0; 0; 0; 0; 0.0; 0.0; 0.0; -1.0; 0.0; 0.0; 0.0; 0.0; 0.0; 1.0;0; 0;0; 0; 
11.1112270355; 94848; 0.0; 0.0; -0.024328; 0.0; 0.0; 0.0; 0.0; 0.0; 0.0; 0.0; 0.0; 0.0; 0.0; 0.0; 0.0; 0.0; 0.0; 8.55; 8.72; 8.69; 8.38; 0.0; 0.0; 0.0; 0; 0; 0.0; 0.0; 1; 3.00320352988; 0.0302443925948; 0.0291926340318; 0; 0; 0; 0; 0.0; 0.0; 0.0; -1.0; 0.0; 0.0; 0.0; 0.0; 0.0; 1.0;0; 0;0; 0; 
11.1233010292; 94853; 0.0; 0.0; -0.023779; 0.0; 0.0; 0.0; 0.0; 0.0; 0.0; 0.0; 0.0; 0.0; 0.0; 0.0; 0.0; 0.0; 0.0; 8.55; 8.72; 8.69; 8.38; 0.0; 0.0; 0.0; 0; 0; 0.0; 0.0; 1; 3.00320352988; 0.0302443925948; 0.0291926340318; 0; 0; 0; 0; 0.0; 0.0; 0.0; -1.0; 0.0; 0.0; 0.0; 0.0; 0.0; 1.0;0; 0;0; 0; 
11.1348161697; 94858; 0.0; 0.0; -0.023402; 0.0; 0.0; 0.0; 0.0; 0.0; 0.0; 0.0; 0.0; 0.0; 0.0; 0.0; 0.0; 0.0; 0.0; 8.55; 8.72; 8.69; 8.38; 0.0; 0.0; 0.0; 0; 0; 0.0; 0.0; 1; 3.00320352988; 0.0302443925948; 0.0291926340318; 0; 0; 0; 0; 0.0; 0.0; 0.0; -1.0; 0.0; 0.0; 0.0; 0.0; 0.0; 1.0;0; 0;0; 0; 
11.1459710598; 94863; 0.0; 0.0; -0.023099; 0.0; 0.0; 0.0; 0.0; 0.0; 0.0; 0.0; 0.0; 0.0; 0.0; 0.0; 0.0; 0.0; 0.0; 8.55; 8.72; 8.69; 8.38; 0.0; 0.0; 0.0; 0; 0; 0.0; 0.0; 1; 3.00320352988; 0.0302443925948; 0.0291926340318; 0; 0; 0; 0; 0.0; 0.0; 0.0; -1.0; 0.0; 0.0; 0.0; 0.0; 0.0; 1.0;0; 0;0; 0; 
11.1572639942; 94868; 0.0; 0.0; -0.022794; 0.0; 0.0; 0.0; 0.0; 0.0; 0.0; 0.0; 0.0; 0.0; 0.0; 0.0; 0.0; 0.0; 0.0; 8.55; 8.72; 8.69; 8.38; 0.0; 0.0; 0.0; 0; 0; 0.0; 0.0; 1; 3.00320352988; 0.0302443925948; 0.0291926340318; 0; 0; 0; 0; 0.0; 0.0; 0.0; -1.0; 0.0; 0.0; 0.0; 0.0; 0.0; 1.0;0; 0;0; 0; 
11.1678881645; 94873; 0.0; 0.0; -0.022359; 0.0; 0.0; 0.0; 0.0; 0.0; 0.0; 0.0; 0.0; 0.0; 0.0; 0.0; 0.0; 0.0; 0.0; 8.55; 8.72; 8.69; 8.38; 0.0; 0.0; 0.0; 0; 0; 0.0; 0.0; 1; 3.00320352988; 0.0302443925948; 0.0291926340318; 0; 0; 0; 0; 0.0; 0.0; 0.0; -1.0; 0.0; 0.0; 0.0; 0.0; 0.0; 1.0;0; 0;0; 0; 
11.1800911427; 94878; 0.0; 0.0; -0.021817; 0.0; 0.0; 0.0; 0.0; 0.0; 0.0; 0.0; 0.0; 0.0; 0.0; 0.0; 0.0; 0.0; 0.0; 8.55; 8.72; 8.69; 8.38; 0.0; 0.0; 0.0; 0; 0; 0.0; 0.0; 1; 3.00320352988; 0.0302443925948; 0.0291926340318; 0; 0; 0; 0; 0.0; 0.0; 0.0; -1.0; 0.0; 0.0; 0.0; 0.0; 0.0; 1.0;0; 0;0; 0; 
11.1923141479; 94883; 0.0; 0.0; -0.021177; 0.0; 0.0; 0.0; 0.0; 0.0; 0.0; 0.0; 0.0; 0.0; 0.0; 0.0; 0.0; 0.0; 0.0; 8.17; 8.52; 8.49; 8.1; 0.0; 0.0; 0.0; 0; 0; 0.0; 0.0; 1; 3.00320352988; 0.0302443925948; 0.0291926340318; 0; 0; 0; 0; 0.0; 0.0; 0.0; -1.0; 0.0; 0.0; 0.0; 0.0; 0.0; 1.0;0; 0;0; 0; 
11.204102993; 94888; 0.0; 0.0; -0.020476; 0.0; 0.0; 0.0; 0.0; 0.0; 0.0; 0.0; 0.0; 0.0; 0.0; 0.0; 0.0; 0.0; 0.0; 8.17; 8.52; 8.49; 8.1; 0.0; 0.0; 0.0; 0; 0; 0.0; 0.0; 1; 3.00320352988; 0.0302443925948; 0.0291926340318; 0; 0; 0; 0; 0.0; 0.0; 0.0; -1.0; 0.0; 0.0; 0.0; 0.0; 0.0; 1.0;0; 0;0; 0; 
11.2180380821; 94893; 0.0; 0.0; -0.01975; 0.0; 0.0; 0.0; 0.0; 0.0; 0.0; 0.0; 0.0; 0.0; 0.0; 0.0; 0.0; 0.0; 0.0; 8.17; 8.52; 8.49; 8.1; 0.0; 0.0; 0.0; 0; 0; 0.0; 0.0; 1; 3.00320352988; 0.0302443925948; 0.0291926340318; 0; 0; 0; 0; 0.0; 0.0; 0.0; -1.0; 0.0; 0.0; 0.0; 0.0; 0.0; 1.0;0; 0;0; 0; 
11.2277610302; 94898; 0.0; 0.0; -0.018942; 0.0; 0.0; 0.0; 0.0; 0.0; 0.0; 0.0; 0.0; 0.0; 0.0; 0.0; 0.0; 0.0; 0.0; 8.17; 8.52; 8.49; 8.1; 0.0; 0.0; 0.0; 0; 0; 0.0; 0.0; 1; 3.11963742053; 0.0337763730353; 0.0314797722136; 0; 0; 0; 0; 0.0; 0.0; 0.0; -1.0; 0.0; 0.0; 0.0; 0.0; 0.0; 1.0;0; 0;0; 0; 
11.2396490574; 94903; 0.0; 0.0; -0.017975; 0.0; 0.0; 0.0; 0.0; 0.0; 0.0; 0.0; 0.0; 0.0; 0.0; 0.0; 0.0; 0.0; 0.0; 8.17; 8.52; 8.49; 8.1; 0.0; 0.0; 0.0; 0; 0; 0.0; 0.0; 1; 3.11963742053; 0.0337763730353; 0.0314797722136; 0; 0; 0; 0; 0.0; 0.0; 0.0; -1.0; 0.0; 0.0; 0.0; 0.0; 0.0; 1.0;0; 0;0; 0; 
11.2509009838; 94908; 0.0; 0.0; -0.016737; 0.0; 0.0; 0.0; 0.0; 0.0; 0.0; 0.0; 0.0; 0.0; 0.0; 0.0; 0.0; 0.0; 0.0; 8.17; 8.52; 8.49; 8.1; 0.0; 0.0; 0.0; 0; 0; 0.0; 0.0; 1; 3.11963742053; 0.0337763730353; 0.0314797722136; 0; 0; 0; 0; 0.0; 0.0; 0.0; -1.0; 0.0; 0.0; 0.0; 0.0; 0.0; 1.0;0; 0;0; 0; 
11.2624690533; 94913; 0.0; 0.0; -0.01511; 0.0; 0.0; 0.0; 0.0; 0.0; 0.0; 0.0; 0.0; 0.0; 0.0; 0.0; 0.0; 0.0; 0.0; 8.17; 8.52; 8.49; 8.1; 0.0; 0.0; 0.0; 0; 0; 0.0; 0.0; 1; 3.11963742053; 0.0337763730353; 0.0314797722136; 0; 0; 0; 0; 0.0; 0.0; 0.0; -1.0; 0.0; 0.0; 0.0; 0.0; 0.0; 1.0;0; 0;0; 0; 
11.2739720345; 94918; 0.0; 0.0; -0.013117; 0.0; 0.0; 0.0; 0.0; 0.0; 0.0; 0.0; 0.0; 0.0; 0.0; 0.0; 0.0; 0.0; 0.0; 8.17; 8.52; 8.49; 8.1; 0.0; 0.0; 0.0; 0; 0; 0.0; 0.0; 1; 3.11963742053; 0.0337763730353; 0.0314797722136; 0; 0; 0; 0; 0.0; 0.0; 0.0; -1.0; 0.0; 0.0; 0.0; 0.0; 0.0; 1.0;0; 0;0; 0; 
11.2851831913; 94923; 0.0; 0.0; -0.010828; 0.0; 0.0; 0.0; 0.0; 0.0; 0.0; 0.0; 0.0; 0.0; 0.0; 0.0; 0.0; 0.0; 0.0; 8.17; 8.52; 8.49; 8.1; 0.0; 0.0; 0.0; 0; 0; 0.0; 0.0; 1; 3.11963742053; 0.0337763730353; 0.0314797722136; 0; 0; 0; 0; 0.0; 0.0; 0.0; -1.0; 0.0; 0.0; 0.0; 0.0; 0.0; 1.0;0; 0;0; 0; 
11.2971661091; 94928; 0.0; 0.0; -0.0084305; 0.0; 0.0; 0.0; 0.0; 0.0; 0.0; 0.0; 0.0; 0.0; 0.0; 0.0; 0.0; 0.0; 0.0; 8.17; 8.52; 8.49; 8.1; 0.0; 0.0; 0.0; 0; 0; 0.0; 0.0; 1; 3.11963742053; 0.0337763730353; 0.0314797722136; 0; 0; 0; 0; 0.0; 0.0; 0.0; -1.0; 0.0; 0.0; 0.0; 0.0; 0.0; 1.0;0; 0;0; 0; 
11.3088681698; 94933; 0.0; 0.0; -0.006289; 0.0; 0.0; 0.0; 0.0; 0.0; 0.0; 0.0; 0.0; 0.0; 0.0; 0.0; 0.0; 0.0; 0.0; 8.17; 8.52; 8.49; 8.1; 0.0; 0.0; 0.0; 0; 0; 0.0; 0.0; 1; 3.11963742053; 0.0337763730353; 0.0314797722136; 0; 0; 0; 0; 0.0; 0.0; 0.0; -1.0; 0.0; 0.0; 0.0; 0.0; 0.0; 1.0;0; 0;0; 0; 
11.3200471401; 94938; 0.0; 0.0; -0.0047576; 0.0; 0.0; 0.0; 0.0; 0.0; 0.0; 0.0; 0.0; 0.0; 0.0; 0.0; 0.0; 0.0; 0.0; 8.17; 8.52; 8.49; 8.1; 0.0; 0.0; 0.0; 0; 0; 0.0; 0.0; 1; 3.11963742053; 0.0337763730353; 0.0314797722136; 0; 0; 0; 0; 0.0; 0.0; 0.0; -1.0; 0.0; 0.0; 0.0; 0.0; 0.0; 1.0;0; 0;0; 0; 
11.3311131001; 94943; 0.0; 0.0; -0.0040375; 0.0; 0.0; 0.0; 0.0; 0.0; 0.0; 0.0; 0.0; 0.0; 0.0; 0.0; 0.0; 0.0; 0.0; 8.17; 8.52; 8.49; 8.1; 0.0; 0.0; 0.0; 0; 0; 0.0; 0.0; 1; 3.11963742053; 0.0337763730353; 0.0314797722136; 0; 0; 0; 0; 0.0; 0.0; 0.0; -1.0; 0.0; 0.0; 0.0; 0.0; 0.0; 1.0;0; 0;0; 0; 
11.3435530663; 94948; 0.0; 0.0; -0.0041895; 0.0; 0.0; 0.0; 0.0; 0.0; 0.0; 0.0; 0.0; 0.0; 0.0; 0.0; 0.0; 0.0; 0.0; 8.17; 8.52; 8.49; 8.1; 0.0; 0.0; 0.0; 0; 0; 0.0; 0.0; 1; 3.11963742053; 0.0337763730353; 0.0314797722136; 0; 0; 0; 0; 0.0; 0.0; 0.0; -1.0; 0.0; 0.0; 0.0; 0.0; 0.0; 1.0;0; 0;0; 0; 
11.3548140526; 94953; 0.0; 0.0; -0.0051028; 0.0; 0.0; 0.0; 0.0; 0.0; 0.0; 0.0; 0.0; 0.0; 0.0; 0.0; 0.0; 0.0; 0.0; 8.17; 8.52; 8.49; 8.1; 0.0; 0.0; 0.0; 0; 0; 0.0; 0.0; 1; 3.11963742053; 0.0337763730353; 0.0314797722136; 0; 0; 0; 0; 0.0; 0.0; 0.0; -1.0; 0.0; 0.0; 0.0; 0.0; 0.0; 1.0;0; 0;0; 0; 
11.3658511639; 94958; 0.0; 0.0; -0.0066873; 0.0; 0.0; 0.0; 0.0; 0.0; 0.0; 0.0; 0.0; 0.0; 0.0; 0.0; 0.0; 0.0; 0.0; 8.17; 8.52; 8.49; 8.1; 0.0; 0.0; 0.0; 0; 0; 0.0; 0.0; 1; 3.11963742053; 0.0337763730353; 0.0314797722136; 0; 0; 0; 0; 0.0; 0.0; 0.0; -1.0; 0.0; 0.0; 0.0; 0.0; 0.0; 1.0;0; 0;0; 0; 
11.3771190643; 94963; 0.0; 0.0; -0.0086884; 0.0; 0.0; 0.0; 0.0; 0.0; 0.0; 0.0; 0.0; 0.0; 0.0; 0.0; 0.0; 0.0; 0.0; 8.17; 8.52; 8.49; 8.1; 0.0; 0.0; 0.0; 0; 0; 0.0; 0.0; 1; 3.11963742053; 0.0337763730353; 0.0314797722136; 0; 0; 0; 0; 0.0; 0.0; 0.0; -1.0; 0.0; 0.0; 0.0; 0.0; 0.0; 1.0;0; 0;0; 0; 
11.3883531094; 94968; 0.0; 0.0; -0.010776; 0.0; 0.0; 0.0; 0.0; 0.0; 0.0; 0.0; 0.0; 0.0; 0.0; 0.0; 0.0; 0.0; 0.0; 8.17; 8.52; 8.49; 8.1; 0.0; 0.0; 0.0; 0; 0; 0.0; 0.0; 1; 3.11963742053; 0.0337763730353; 0.0314797722136; 0; 0; 0; 0; 0.0; 0.0; 0.0; -1.0; 0.0; 0.0; 0.0; 0.0; 0.0; 1.0;0; 0;0; 0; 
11.3994851112; 94973; 0.0; 0.0; -0.012799; 0.0; 0.0; 0.0; 0.0; 0.0; 0.0; 0.0; 0.0; 0.0; 0.0; 0.0; 0.0; 0.0; 0.0; 8.17; 8.52; 8.49; 8.1; 0.0; 0.0; 0.0; 0; 0; 0.0; 0.0; 1; 3.11963742053; 0.0337763730353; 0.0314797722136; 0; 0; 0; 0; 0.0; 0.0; 0.0; -1.0; 0.0; 0.0; 0.0; 0.0; 0.0; 1.0;0; 0;0; 0; 
11.4115140438; 94978; 0.0; 0.0; -0.014695; 0.0; 0.0; 0.0; 0.0; 0.0; 0.0; 0.0; 0.0; 0.0; 0.0; 0.0; 0.0; 0.0; 0.0; 8.17; 8.52; 8.49; 8.1; 0.0; 0.0; 0.0; 0; 0; 0.0; 0.0; 1; 3.11963742053; 0.0337763730353; 0.0314797722136; 0; 0; 0; 0; 0.0; 0.0; 0.0; -1.0; 0.0; 0.0; 0.0; 0.0; 0.0; 1.0;0; 0;0; 0; 
11.4232180119; 94983; 0.0; 0.0; -0.016464; 0.0; 0.0; 0.0; 0.0; 0.0; 0.0; 0.0; 0.0; 0.0; 0.0; 0.0; 0.0; 0.0; 0.0; 7.74; 7.95; 7.97; 7.6; 0.0; 0.0; 0.0; 0; 0; 0.0; 0.0; 1; 3.11963742053; 0.0337763730353; 0.0314797722136; 0; 0; 0; 0; 0.0; 0.0; 0.0; -1.0; 0.0; 0.0; 0.0; 0.0; 0.0; 1.0;0; 0;0; 0; 
11.4347500801; 94988; 0.0; 0.0; -0.018057; 0.0; 0.0; 0.0; 0.0; 0.0; 0.0; 0.0; 0.0; 0.0; 0.0; 0.0; 0.0; 0.0; 0.0; 7.74; 7.95; 7.97; 7.6; 0.0; 0.0; 0.0; 0; 0; 0.0; 0.0; 1; 3.11963742053; 0.0337763730353; 0.0314797722136; 0; 0; 0; 0; 0.0; 0.0; 0.0; -1.0; 0.0; 0.0; 0.0; 0.0; 0.0; 1.0;0; 0;0; 0; 
11.4467082024; 94993; 0.0; 0.0; -0.019519; 0.0; 0.0; 0.0; 0.0; 0.0; 0.0; 0.0; 0.0; 0.0; 0.0; 0.0; 0.0; 0.0; 0.0; 7.74; 7.95; 7.97; 7.6; 0.0; 0.0; 0.0; 0; 0; 0.0; 0.0; 1; 3.11963742053; 0.0337763730353; 0.0314797722136; 0; 0; 0; 0; 0.0; 0.0; 0.0; -1.0; 0.0; 0.0; 0.0; 0.0; 0.0; 1.0;0; 0;0; 0; 
11.4581520557; 94998; 0.0; 0.0; -0.020969; 0.0; 0.0; 0.0; 0.0; 0.0; 0.0; 0.0; 0.0; 0.0; 0.0; 0.0; 0.0; 0.0; 0.0; 7.74; 7.95; 7.97; 7.6; 0.0; 0.0; 0.0; 0; 0; 0.0; 0.0; 1; 3.23067613949; 0.0373327144773; 0.0325408294864; 0; 0; 0; 0; 0.0; 0.0; 0.0; -1.0; 0.0; 0.0; 0.0; 0.0; 0.0; 1.0;0; 0;0; 0; 
11.4689490795; 95003; 0.0; 0.0; -0.022501; 0.0; 0.0; 0.0; 0.0; 0.0; 0.0; 0.0; 0.0; 0.0; 0.0; 0.0; 0.0; 0.0; 0.0; 7.74; 7.95; 7.97; 7.6; 0.0; 0.0; 0.0; 0; 0; 0.0; 0.0; 1; 3.23067613949; 0.0373327144773; 0.0325408294864; 0; 0; 0; 0; 0.0; 0.0; 0.0; -1.0; 0.0; 0.0; 0.0; 0.0; 0.0; 1.0;0; 0;0; 0; 
11.480230093; 95008; 0.0; 0.0; -0.024079; 0.0; 0.0; 0.0; 0.0; 0.0; 0.0; 0.0; 0.0; 0.0; 0.0; 0.0; 0.0; 0.0; 0.0; 7.74; 7.95; 7.97; 7.6; 0.0; 0.0; 0.0; 0; 0; 0.0; 0.0; 1; 3.23067613949; 0.0373327144773; 0.0325408294864; 0; 0; 0; 0; 0.0; 0.0; 0.0; -1.0; 0.0; 0.0; 0.0; 0.0; 0.0; 1.0;0; 0;0; 0; 
11.4918000698; 95013; 0.0; 0.0; -0.025677; 0.0; 0.0; 0.0; 0.0; 0.0; 0.0; 0.0; 0.0; 0.0; 0.0; 0.0; 0.0; 0.0; 0.0; 7.74; 7.95; 7.97; 7.6; 0.0; 0.0; 0.0; 0; 0; 0.0; 0.0; 1; 3.23067613949; 0.0373327144773; 0.0325408294864; 0; 0; 0; 0; 0.0; 0.0; 0.0; -1.0; 0.0; 0.0; 0.0; 0.0; 0.0; 1.0;0; 0;0; 0; 
11.5033240318; 95018; 0.0; 0.0; -0.027294; 0.0; 0.0; 0.0; 0.0; 0.0; 0.0; 0.0; 0.0; 0.0; 0.0; 0.0; 0.0; 0.0; 0.0; 7.74; 7.95; 7.97; 7.6; 0.0; 0.0; 0.0; 0; 0; 0.0; 0.0; 1; 3.23067613949; 0.0373327144773; 0.0325408294864; 0; 0; 0; 0; 0.0; 0.0; 0.0; -1.0; 0.0; 0.0; 0.0; 0.0; 0.0; 1.0;0; 0;0; 0; 
11.5147411823; 95023; 0.0; 0.0; -0.028896; 0.0; 0.0; 0.0; 0.0; 0.0; 0.0; 0.0; 0.0; 0.0; 0.0; 0.0; 0.0; 0.0; 0.0; 7.74; 7.95; 7.97; 7.6; 0.0; 0.0; 0.0; 0; 0; 0.0; 0.0; 1; 3.23067613949; 0.0373327144773; 0.0325408294864; 0; 0; 0; 0; 0.0; 0.0; 0.0; -1.0; 0.0; 0.0; 0.0; 0.0; 0.0; 1.0;0; 0;0; 0; 
11.5261449814; 95028; 0.0; 0.0; -0.03022; 0.0; 0.0; 0.0; 0.0; 0.0; 0.0; 0.0; 0.0; 0.0; 0.0; 0.0; 0.0; 0.0; 0.0; 7.74; 7.95; 7.97; 7.6; 0.0; 0.0; 0.0; 0; 0; 0.0; 0.0; 1; 3.23067613949; 0.0373327144773; 0.0325408294864; 0; 0; 0; 0; 0.0; 0.0; 0.0; -1.0; 0.0; 0.0; 0.0; 0.0; 0.0; 1.0;0; 0;0; 0; 
11.5378830433; 95033; 0.0; 0.0; -0.030973; 0.0; 0.0; 0.0; 0.0; 0.0; 0.0; 0.0; 0.0; 0.0; 0.0; 0.0; 0.0; 0.0; 0.0; 7.74; 7.95; 7.97; 7.6; 0.0; 0.0; 0.0; 0; 0; 0.0; 0.0; 1; 3.23067613949; 0.0373327144773; 0.0325408294864; 0; 0; 0; 0; 0.0; 0.0; 0.0; -1.0; 0.0; 0.0; 0.0; 0.0; 0.0; 1.0;0; 0;0; 0; 
11.5491621494; 95038; 0.0; 0.0; -0.03103; 0.0; 0.0; 0.0; 0.0; 0.0; 0.0; 0.0; 0.0; 0.0; 0.0; 0.0; 0.0; 0.0; 0.0; 7.74; 7.95; 7.97; 7.6; 0.0; 0.0; 0.0; 0; 0; 0.0; 0.0; 1; 3.23067613949; 0.0373327144773; 0.0325408294864; 0; 0; 0; 0; 0.0; 0.0; 0.0; -1.0; 0.0; 0.0; 0.0; 0.0; 0.0; 1.0;0; 0;0; 0; 
11.5612261295; 95043; 0.0; 0.0; -0.030231; 0.0; 0.0; 0.0; 0.0; 0.0; 0.0; 0.0; 0.0; 0.0; 0.0; 0.0; 0.0; 0.0; 0.0; 7.74; 7.95; 7.97; 7.6; 0.0; 0.0; 0.0; 0; 0; 0.0; 0.0; 1; 3.23067613949; 0.0373327144773; 0.0325408294864; 0; 0; 0; 0; 0.0; 0.0; 0.0; -1.0; 0.0; 0.0; 0.0; 0.0; 0.0; 1.0;0; 0;0; 0; 
11.5741131306; 95048; 0.0; 0.0; -0.028565; 0.0; 0.0; 0.0; 0.0; 0.0; 0.0; 0.0; 0.0; 0.0; 0.0; 0.0; 0.0; 0.0; 0.0; 7.74; 7.95; 7.97; 7.6; 0.0; 0.0; 0.0; 0; 0; 0.0; 0.0; 1; 3.23067613949; 0.0373327144773; 0.0325408294864; 0; 0; 0; 0; 0.0; 0.0; 0.0; -1.0; 0.0; 0.0; 0.0; 0.0; 0.0; 1.0;0; 0;0; 0; 
11.586700201; 95053; 0.0; 0.0; -0.026208; 0.0; 0.0; 0.0; 0.0; 0.0; 0.0; 0.0; 0.0; 0.0; 0.0; 0.0; 0.0; 0.0; 0.0; 7.74; 7.95; 7.97; 7.6; 0.0; 0.0; 0.0; 0; 0; 0.0; 0.0; 1; 3.23067613949; 0.0373327144773; 0.0325408294864; 0; 0; 0; 0; 0.0; 0.0; 0.0; -1.0; 0.0; 0.0; 0.0; 0.0; 0.0; 1.0;0; 0;0; 0; 
11.5985159874; 95058; 0.0; 0.0; -0.023509; 0.0; 0.0; 0.0; 0.0; 0.0; 0.0; 0.0; 0.0; 0.0; 0.0; 0.0; 0.0; 0.0; 0.0; 7.74; 7.95; 7.97; 7.6; 0.0; 0.0; 0.0; 0; 0; 0.0; 0.0; 1; 3.23067613949; 0.0373327144773; 0.0325408294864; 0; 0; 0; 0; 0.0; 0.0; 0.0; -1.0; 0.0; 0.0; 0.0; 0.0; 0.0; 1.0;0; 0;0; 0; 
11.6110770702; 95063; 0.0; 0.0; -0.021014; 0.0; 0.0; 0.0; 0.0; 0.0; 0.0; 0.0; 0.0; 0.0; 0.0; 0.0; 0.0; 0.0; 0.0; 7.74; 7.95; 7.97; 7.6; 0.0; 0.0; 0.0; 0; 0; 0.0; 0.0; 1; 3.23067613949; 0.0373327144773; 0.0325408294864; 0; 0; 0; 0; 0.0; 0.0; 0.0; -1.0; 0.0; 0.0; 0.0; 0.0; 0.0; 1.0;0; 0;0; 0; 
11.6228041649; 95068; 0.0; 0.0; -0.019005; 0.0; 0.0; 0.0; 0.0; 0.0; 0.0; 0.0; 0.0; 0.0; 0.0; 0.0; 0.0; 0.0; 0.0; 7.74; 7.95; 7.97; 7.6; 0.0; 0.0; 0.0; 0; 0; 0.0; 0.0; 1; 3.23067613949; 0.0373327144773; 0.0325408294864; 0; 0; 0; 0; 0.0; 0.0; 0.0; -1.0; 0.0; 0.0; 0.0; 0.0; 0.0; 1.0;0; 0;0; 0; 
11.6348869801; 95073; 0.0; 0.0; -0.017743; 0.0; 0.0; 0.0; 0.0; 0.0; 0.0; 0.0; 0.0; 0.0; 0.0; 0.0; 0.0; 0.0; 0.0; 7.74; 7.95; 7.97; 7.6; 0.0; 0.0; 0.0; 0; 0; 0.0; 0.0; 1; 3.23067613949; 0.0373327144773; 0.0325408294864; 0; 0; 0; 0; 0.0; 0.0; 0.0; -1.0; 0.0; 0.0; 0.0; 0.0; 0.0; 1.0;0; 0;0; 0; 
11.6469230652; 95078; 0.0; 0.0; -0.017419; 0.0; 0.0; 0.0; 0.0; 0.0; 0.0; 0.0; 0.0; 0.0; 0.0; 0.0; 0.0; 0.0; 0.0; 7.74; 7.95; 7.97; 7.6; 0.0; 0.0; 0.0; 0; 0; 0.0; 0.0; 1; 3.23067613949; 0.0373327144773; 0.0325408294864; 0; 0; 0; 0; 0.0; 0.0; 0.0; -1.0; 0.0; 0.0; 0.0; 0.0; 0.0; 1.0;0; 0;0; 0; 
11.6577050686; 95083; 0.0; 0.0; -0.018038; 0.0; 0.0; 0.0; 0.0; 0.0; 0.0; 0.0; 0.0; 0.0; 0.0; 0.0; 0.0; 0.0; 0.0; 7.74; 7.95; 7.97; 7.6; 0.0; 0.0; 0.0; 0; 0; 0.0; 0.0; 1; 3.23067613949; 0.0373327144773; 0.0325408294864; 0; 0; 0; 0; 0.0; 0.0; 0.0; -1.0; 0.0; 0.0; 0.0; 0.0; 0.0; 1.0;0; 0;0; 0; 
11.669216156; 95088; 0.0; 0.0; -0.019368; 0.0; 0.0; 0.0; 0.0; 0.0; 0.0; 0.0; 0.0; 0.0; 0.0; 0.0; 0.0; 0.0; 0.0; 7.74; 7.95; 7.97; 7.6; 0.0; 0.0; 0.0; 0; 0; 0.0; 0.0; 1; 3.23067613949; 0.0373327144773; 0.0325408294864; 0; 0; 0; 0; 0.0; 0.0; 0.0; -1.0; 0.0; 0.0; 0.0; 0.0; 0.0; 1.0;0; 0;0; 0; 
11.6801040173; 95093; 0.0; 0.0; -0.021054; 0.0; 0.0; 0.0; 0.0; 0.0; 0.0; 0.0; 0.0; 0.0; 0.0; 0.0; 0.0; 0.0; 0.0; 7.74; 7.95; 7.97; 7.6; 0.0; 0.0; 0.0; 0; 0; 0.0; 0.0; 1; 3.23067613949; 0.0373327144773; 0.0325408294864; 0; 0; 0; 0; 0.0; 0.0; 0.0; -1.0; 0.0; 0.0; 0.0; 0.0; 0.0; 1.0;0; 0;0; 0; 
11.6910021305; 95098; 0.0; 0.0; -0.022801; 0.0; 0.0; 0.0; 0.0; 0.0; 0.0; 0.0; 0.0; 0.0; 0.0; 0.0; 0.0; 0.0; 0.0; 7.74; 7.95; 7.97; 7.6; 0.0; 0.0; 0.0; 0; 0; 0.0; 0.0; 1; 3.33698830146; 0.0409082071511; 0.0347329113045; 0; 0; 0; 0; 0.0; 0.0; 0.0; -1.0; 0.0; 0.0; 0.0; 0.0; 0.0; 1.0;0; 0;0; 0; 
11.7032470703; 95103; 0.0; 0.0; -0.024449; 0.0; 0.0; 0.0; 0.0; 0.0; 0.0; 0.0; 0.0; 0.0; 0.0; 0.0; 0.0; 0.0; 0.0; 7.74; 7.95; 7.97; 7.6; 0.0; 0.0; 0.0; 0; 0; 0.0; 0.0; 1; 3.33698830146; 0.0409082071511; 0.0347329113045; 0; 0; 0; 0; 0.0; 0.0; 0.0; -1.0; 0.0; 0.0; 0.0; 0.0; 0.0; 1.0;0; 0;0; 0; 
11.7144050598; 95108; 0.0; 0.0; -0.025687; 0.0; 0.0; 0.0; 0.0; 0.0; 0.0; 0.0; 0.0; 0.0; 0.0; 0.0; 0.0; 0.0; 0.0; 7.74; 7.95; 7.97; 7.6; 0.0; 0.0; 0.0; 0; 0; 0.0; 0.0; 1; 3.33698830146; 0.0409082071511; 0.0347329113045; 0; 0; 0; 0; 0.0; 0.0; 0.0; -1.0; 0.0; 0.0; 0.0; 0.0; 0.0; 1.0;0; 0;0; 0; 
11.7251160145; 95113; 0.0; 0.0; -0.026132; 0.0; 0.0; 0.0; 0.0; 0.0; 0.0; 0.0; 0.0; 0.0; 0.0; 0.0; 0.0; 0.0; 0.0; 7.74; 7.95; 7.97; 7.6; 0.0; 0.0; 0.0; 0; 0; 0.0; 0.0; 1; 3.33698830146; 0.0409082071511; 0.0347329113045; 0; 0; 0; 0; 0.0; 0.0; 0.0; -1.0; 0.0; 0.0; 0.0; 0.0; 0.0; 1.0;0; 0;0; 0; 
11.7374341488; 95118; 0.0; 0.0; -0.025673; 0.0; 0.0; 0.0; 0.0; 0.0; 0.0; 0.0; 0.0; 0.0; 0.0; 0.0; 0.0; 0.0; 0.0; 7.74; 7.95; 7.97; 7.6; 0.0; 0.0; 0.0; 0; 0; 0.0; 0.0; 1; 3.33698830146; 0.0409082071511; 0.0347329113045; 0; 0; 0; 0; 0.0; 0.0; 0.0; -1.0; 0.0; 0.0; 0.0; 0.0; 0.0; 1.0;0; 0;0; 0; 
11.7496562004; 95123; 0.0; 0.0; -0.024251; 0.0; 0.0; 0.0; 0.0; 0.0; 0.0; 0.0; 0.0; 0.0; 0.0; 0.0; 0.0; 0.0; 0.0; 7.74; 7.95; 7.97; 7.6; 0.0; 0.0; 0.0; 0; 0; 0.0; 0.0; 1; 3.33698830146; 0.0409082071511; 0.0347329113045; 0; 0; 0; 0; 0.0; 0.0; 0.0; -1.0; 0.0; 0.0; 0.0; 0.0; 0.0; 1.0;0; 0;0; 0; 
11.7620019913; 95128; 0.0; 0.0; -0.022016; 0.0; 0.0; 0.0; 0.0; 0.0; 0.0; 0.0; 0.0; 0.0; 0.0; 0.0; 0.0; 0.0; 0.0; 7.74; 7.95; 7.97; 7.6; 0.0; 0.0; 0.0; 0; 0; 0.0; 0.0; 1; 3.33698830146; 0.0409082071511; 0.0347329113045; 0; 0; 0; 0; 0.0; 0.0; 0.0; -1.0; 0.0; 0.0; 0.0; 0.0; 0.0; 1.0;0; 0;0; 0; 
11.7738170624; 95133; 0.0; 0.0; -0.018951; 0.0; 0.0; 0.0; 0.0; 0.0; 0.0; 0.0; 0.0; 0.0; 0.0; 0.0; 0.0; 0.0; 0.0; 7.74; 7.95; 7.97; 7.6; 0.0; 0.0; 0.0; 0; 0; 0.0; 0.0; 1; 3.33698830146; 0.0409082071511; 0.0347329113045; 0; 0; 0; 0; 0.0; 0.0; 0.0; -1.0; 0.0; 0.0; 0.0; 0.0; 0.0; 1.0;0; 0;0; 0; 
11.7861909866; 95138; 0.0; 0.0; -0.015456; 0.0; 0.0; 0.0; 0.0; 0.0; 0.0; 0.0; 0.0; 0.0; 0.0; 0.0; 0.0; 0.0; 0.0; 7.74; 7.95; 7.97; 7.6; 0.0; 0.0; 0.0; 0; 0; 0.0; 0.0; 1; 3.33698830146; 0.0409082071511; 0.0347329113045; 0; 0; 0; 0; 0.0; 0.0; 0.0; -1.0; 0.0; 0.0; 0.0; 0.0; 0.0; 1.0;0; 0;0; 0; 
11.7979230881; 95143; 0.0; 0.0; -0.012066; 0.0; 0.0; 0.0; 0.0; 0.0; 0.0; 0.0; 0.0; 0.0; 0.0; 0.0; 0.0; 0.0; 0.0; 7.74; 7.95; 7.97; 7.6; 0.0; 0.0; 0.0; 0; 0; 0.0; 0.0; 1; 3.33698830146; 0.0409082071511; 0.0347329113045; 0; 0; 0; 0; 0.0; 0.0; 0.0; -1.0; 0.0; 0.0; 0.0; 0.0; 0.0; 1.0;0; 0;0; 0; 
11.8088259697; 95148; 0.0; 0.0; -0.0092995; 0.0; 0.0; 0.0; 0.0; 0.0; 0.0; 0.0; 0.0; 0.0; 0.0; 0.0; 0.0; 0.0; 0.0; 7.74; 7.95; 7.97; 7.6; 0.0; 0.0; 0.0; 0; 0; 0.0; 0.0; 1; 3.33698830146; 0.0409082071511; 0.0347329113045; 0; 0; 0; 0; 0.0; 0.0; 0.0; -1.0; 0.0; 0.0; 0.0; 0.0; 0.0; 1.0;0; 0;0; 0; 
11.8197829723; 95153; 0.0; 0.0; -0.0075816; 0.0; 0.0; 0.0; 0.0; 0.0; 0.0; 0.0; 0.0; 0.0; 0.0; 0.0; 0.0; 0.0; 0.0; 7.74; 7.95; 7.97; 7.6; 0.0; 0.0; 0.0; 0; 0; 0.0; 0.0; 1; 3.33698830146; 0.0409082071511; 0.0347329113045; 0; 0; 0; 0; 0.0; 0.0; 0.0; -1.0; 0.0; 0.0; 0.0; 0.0; 0.0; 1.0;0; 0;0; 0; 
11.8311359882; 95158; 0.0; 0.0; -0.0071219; 0.0; 0.0; 0.0; 0.0; 0.0; 0.0; 0.0; 0.0; 0.0; 0.0; 0.0; 0.0; 0.0; 0.0; 7.74; 7.95; 7.97; 7.6; 0.0; 0.0; 0.0; 0; 0; 0.0; 0.0; 1; 3.33698830146; 0.0409082071511; 0.0347329113045; 0; 0; 0; 0; 0.0; 0.0; 0.0; -1.0; 0.0; 0.0; 0.0; 0.0; 0.0; 1.0;0; 0;0; 0; 
11.842425108; 95163; 0.0; 0.0; -0.0080231; 0.0; 0.0; 0.0; 0.0; 0.0; 0.0; 0.0; 0.0; 0.0; 0.0; 0.0; 0.0; 0.0; 0.0; 7.74; 7.95; 7.97; 7.6; 0.0; 0.0; 0.0; 0; 0; 0.0; 0.0; 1; 3.33698830146; 0.0409082071511; 0.0347329113045; 0; 0; 0; 0; 0.0; 0.0; 0.0; -1.0; 0.0; 0.0; 0.0; 0.0; 0.0; 1.0;0; 0;0; 0; 
11.8534920216; 95168; 0.0; 0.0; -0.010096; 0.0; 0.0; 0.0; 0.0; 0.0; 0.0; 0.0; 0.0; 0.0; 0.0; 0.0; 0.0; 0.0; 0.0; 7.74; 7.95; 7.97; 7.6; 0.0; 0.0; 0.0; 0; 0; 0.0; 0.0; 1; 3.33698830146; 0.0409082071511; 0.0347329113045; 0; 0; 0; 0; 0.0; 0.0; 0.0; -1.0; 0.0; 0.0; 0.0; 0.0; 0.0; 1.0;0; 0;0; 0; 
11.8646411896; 95173; 0.0; 0.0; -0.012993; 0.0; 0.0; 0.0; 0.0; 0.0; 0.0; 0.0; 0.0; 0.0; 0.0; 0.0; 0.0; 0.0; 0.0; 7.74; 7.95; 7.97; 7.6; 0.0; 0.0; 0.0; 0; 0; 0.0; 0.0; 1; 3.33698830146; 0.0409082071511; 0.0347329113045; 0; 0; 0; 0; 0.0; 0.0; 0.0; -1.0; 0.0; 0.0; 0.0; 0.0; 0.0; 1.0;0; 0;0; 0; 
11.8757281303; 95178; 0.0; 0.0; -0.016114; 0.0; 0.0; 0.0; 0.0; 0.0; 0.0; 0.0; 0.0; 0.0; 0.0; 0.0; 0.0; 0.0; 0.0; 7.74; 7.95; 7.97; 7.6; 0.0; 0.0; 0.0; 0; 0; 0.0; 0.0; 1; 3.33698830146; 0.0409082071511; 0.0347329113045; 0; 0; 0; 0; 0.0; 0.0; 0.0; -1.0; 0.0; 0.0; 0.0; 0.0; 0.0; 1.0;0; 0;0; 0; 
11.8867580891; 95183; 0.0; 0.0; -0.018889; 0.0; 0.0; 0.0; 0.0; 0.0; 0.0; 0.0; 0.0; 0.0; 0.0; 0.0; 0.0; 0.0; 0.0; 7.34; 7.61; 7.55; 7.35; 0.0; 0.0; 0.0; 0; 0; 0.0; 0.0; 1; 3.33698830146; 0.0409082071511; 0.0347329113045; 0; 0; 0; 0; 0.0; 0.0; 0.0; -1.0; 0.0; 0.0; 0.0; 0.0; 0.0; 1.0;0; 0;0; 0; 
11.8975811005; 95188; 0.0; 0.0; -0.020991; 0.0; 0.0; 0.0; 0.0; 0.0; 0.0; 0.0; 0.0; 0.0; 0.0; 0.0; 0.0; 0.0; 0.0; 7.34; 7.61; 7.55; 7.35; 0.0; 0.0; 0.0; 0; 0; 0.0; 0.0; 1; 3.33698830146; 0.0409082071511; 0.0347329113045; 0; 0; 0; 0; 0.0; 0.0; 0.0; -1.0; 0.0; 0.0; 0.0; 0.0; 0.0; 1.0;0; 0;0; 0; 
11.9082829952; 95193; 0.0; 0.0; -0.022373; 0.0; 0.0; 0.0; 0.0; 0.0; 0.0; 0.0; 0.0; 0.0; 0.0; 0.0; 0.0; 0.0; 0.0; 7.34; 7.61; 7.55; 7.35; 0.0; 0.0; 0.0; 0; 0; 0.0; 0.0; 1; 3.33698830146; 0.0409082071511; 0.0347329113045; 0; 0; 0; 0; 0.0; 0.0; 0.0; -1.0; 0.0; 0.0; 0.0; 0.0; 0.0; 1.0;0; 0;0; 0; 
11.9200980663; 95198; 0.0; 0.0; -0.023317; 0.0; 0.0; 0.0; 0.0; 0.0; 0.0; 0.0; 0.0; 0.0; 0.0; 0.0; 0.0; 0.0; 0.0; 7.34; 7.61; 7.55; 7.35; 0.0; 0.0; 0.0; 0; 0; 0.0; 0.0; 1; 3.43970018592; 0.0445651524191; 0.0363222072136; 0; 0; 0; 0; 0.0; 0.0; 0.0; -1.0; 0.0; 0.0; 0.0; 0.0; 0.0; 1.0;0; 0;0; 0; 
11.93126297; 95203; 0.0; 0.0; -0.023898; 0.0; 0.0; 0.0; 0.0; 0.0; 0.0; 0.0; 0.0; 0.0; 0.0; 0.0; 0.0; 0.0; 0.0; 7.34; 7.61; 7.55; 7.35; 0.0; 0.0; 0.0; 0; 0; 0.0; 0.0; 1; 3.43970018592; 0.0445651524191; 0.0363222072136; 0; 0; 0; 0; 0.0; 0.0; 0.0; -1.0; 0.0; 0.0; 0.0; 0.0; 0.0; 1.0;0; 0;0; 0; 
11.9421110153; 95208; 0.0; 0.0; -0.024517; 0.0; 0.0; 0.0; 0.0; 0.0; 0.0; 0.0; 0.0; 0.0; 0.0; 0.0; 0.0; 0.0; 0.0; 7.34; 7.61; 7.55; 7.35; 0.0; 0.0; 0.0; 0; 0; 0.0; 0.0; 1; 3.43970018592; 0.0445651524191; 0.0363222072136; 0; 0; 0; 0; 0.0; 0.0; 0.0; -1.0; 0.0; 0.0; 0.0; 0.0; 0.0; 1.0;0; 0;0; 0; 
11.9539351463; 95213; 0.0; 0.0; -0.025513; 0.0; 0.0; 0.0; 0.0; 0.0; 0.0; 0.0; 0.0; 0.0; 0.0; 0.0; 0.0; 0.0; 0.0; 7.34; 7.61; 7.55; 7.35; 0.0; 0.0; 0.0; 0; 0; 0.0; 0.0; 1; 3.43970018592; 0.0445651524191; 0.0363222072136; 0; 0; 0; 0; 0.0; 0.0; 0.0; -1.0; 0.0; 0.0; 0.0; 0.0; 0.0; 1.0;0; 0;0; 0; 
11.9649960995; 95218; 0.0; 0.0; -0.027006; 0.0; 0.0; 0.0; 0.0; 0.0; 0.0; 0.0; 0.0; 0.0; 0.0; 0.0; 0.0; 0.0; 0.0; 7.34; 7.61; 7.55; 7.35; 0.0; 0.0; 0.0; 0; 0; 0.0; 0.0; 1; 3.43970018592; 0.0445651524191; 0.0363222072136; 0; 0; 0; 0; 0.0; 0.0; 0.0; -1.0; 0.0; 0.0; 0.0; 0.0; 0.0; 1.0;0; 0;0; 0; 
11.9770441055; 95223; 0.0; 0.0; -0.028823; 0.0; 0.0; 0.0; 0.0; 0.0; 0.0; 0.0; 0.0; 0.0; 0.0; 0.0; 0.0; 0.0; 0.0; 7.34; 7.61; 7.55; 7.35; 0.0; 0.0; 0.0; 0; 0; 0.0; 0.0; 1; 3.43970018592; 0.0445651524191; 0.0363222072136; 0; 0; 0; 0; 0.0; 0.0; 0.0; -1.0; 0.0; 0.0; 0.0; 0.0; 0.0; 1.0;0; 0;0; 0; 
11.988147974; 95228; 0.0; 0.0; -0.030517; 0.0; 0.0; 0.0; 0.0; 0.0; 0.0; 0.0; 0.0; 0.0; 0.0; 0.0; 0.0; 0.0; 0.0; 7.34; 7.61; 7.55; 7.35; 0.0; 0.0; 0.0; 0; 0; 0.0; 0.0; 1; 3.43970018592; 0.0445651524191; 0.0363222072136; 0; 0; 0; 0; 0.0; 0.0; 0.0; -1.0; 0.0; 0.0; 0.0; 0.0; 0.0; 1.0;0; 0;0; 0; 
11.9992489815; 95233; 0.0; 0.0; -0.031802; 0.0; 0.0; 0.0; 0.0; 0.0; 0.0; 0.0; 0.0; 0.0; 0.0; 0.0; 0.0; 0.0; 0.0; 7.34; 7.61; 7.55; 7.35; 0.0; 0.0; 0.0; 0; 0; 0.0; 0.0; 1; 3.43970018592; 0.0445651524191; 0.0363222072136; 0; 0; 0; 0; 0.0; 0.0; 0.0; -1.0; 0.0; 0.0; 0.0; 0.0; 0.0; 1.0;0; 0;0; 0; 
12.0107569695; 95238; 0.0; 0.0; -0.032428; 0.0; 0.0; 0.0; 0.0; 0.0; 0.0; 0.0; 0.0; 0.0; 0.0; 0.0; 0.0; 0.0; 0.0; 7.34; 7.61; 7.55; 7.35; 0.0; 0.0; 0.0; 0; 0; 0.0; 0.0; 1; 3.43970018592; 0.0445651524191; 0.0363222072136; 0; 0; 0; 0; 0.0; 0.0; 0.0; -1.0; 0.0; 0.0; 0.0; 0.0; 0.0; 1.0;0; 0;0; 0; 
12.0221500397; 95243; 0.0; 0.0; -0.03211; 0.0; 0.0; 0.0; 0.0; 0.0; 0.0; 0.0; 0.0; 0.0; 0.0; 0.0; 0.0; 0.0; 0.0; 7.34; 7.61; 7.55; 7.35; 0.0; 0.0; 0.0; 0; 0; 0.0; 0.0; 1; 3.43970018592; 0.0445651524191; 0.0363222072136; 0; 0; 0; 0; 0.0; 0.0; 0.0; -1.0; 0.0; 0.0; 0.0; 0.0; 0.0; 1.0;0; 0;0; 0; 
12.0339820385; 95248; 0.0; 0.0; -0.030888; 0.0; 0.0; 0.0; 0.0; 0.0; 0.0; 0.0; 0.0; 0.0; 0.0; 0.0; 0.0; 0.0; 0.0; 7.34; 7.61; 7.55; 7.35; 0.0; 0.0; 0.0; 0; 0; 0.0; 0.0; 1; 3.43970018592; 0.0445651524191; 0.0363222072136; 0; 0; 0; 0; 0.0; 0.0; 0.0; -1.0; 0.0; 0.0; 0.0; 0.0; 0.0; 1.0;0; 0;0; 0; 
12.0450530052; 95253; 0.0; 0.0; -0.02898; 0.0; 0.0; 0.0; 0.0; 0.0; 0.0; 0.0; 0.0; 0.0; 0.0; 0.0; 0.0; 0.0; 0.0; 7.34; 7.61; 7.55; 7.35; 0.0; 0.0; 0.0; 0; 0; 0.0; 0.0; 1; 3.43970018592; 0.0445651524191; 0.0363222072136; 0; 0; 0; 0; 0.0; 0.0; 0.0; -1.0; 0.0; 0.0; 0.0; 0.0; 0.0; 1.0;0; 0;0; 0; 
12.0561981201; 95258; 0.0; 0.0; -0.026765; 0.0; 0.0; 0.0; 0.0; 0.0; 0.0; 0.0; 0.0; 0.0; 0.0; 0.0; 0.0; 0.0; 0.0; 7.34; 7.61; 7.55; 7.35; 0.0; 0.0; 0.0; 0; 0; 0.0; 0.0; 1; 3.43970018592; 0.0445651524191; 0.0363222072136; 0; 0; 0; 0; 0.0; 0.0; 0.0; -1.0; 0.0; 0.0; 0.0; 0.0; 0.0; 1.0;0; 0;0; 0; 
12.0674080849; 95263; 0.0; 0.0; -0.024538; 0.0; 0.0; 0.0; 0.0; 0.0; 0.0; 0.0; 0.0; 0.0; 0.0; 0.0; 0.0; 0.0; 0.0; 7.34; 7.61; 7.55; 7.35; 0.0; 0.0; 0.0; 0; 0; 0.0; 0.0; 1; 3.43970018592; 0.0445651524191; 0.0363222072136; 0; 0; 0; 0; 0.0; 0.0; 0.0; -1.0; 0.0; 0.0; 0.0; 0.0; 0.0; 1.0;0; 0;0; 0; 
12.0782990456; 95268; 0.0; 0.0; -0.022518; 0.0; 0.0; 0.0; 0.0; 0.0; 0.0; 0.0; 0.0; 0.0; 0.0; 0.0; 0.0; 0.0; 0.0; 7.34; 7.61; 7.55; 7.35; 0.0; 0.0; 0.0; 0; 0; 0.0; 0.0; 1; 3.43970018592; 0.0445651524191; 0.0363222072136; 0; 0; 0; 0; 0.0; 0.0; 0.0; -1.0; 0.0; 0.0; 0.0; 0.0; 0.0; 1.0;0; 0;0; 0; 
12.0896670818; 95273; 0.0; 0.0; -0.020928; 0.0; 0.0; 0.0; 0.0; 0.0; 0.0; 0.0; 0.0; 0.0; 0.0; 0.0; 0.0; 0.0; 0.0; 7.34; 7.61; 7.55; 7.35; 0.0; 0.0; 0.0; 0; 0; 0.0; 0.0; 1; 3.43970018592; 0.0445651524191; 0.0363222072136; 0; 0; 0; 0; 0.0; 0.0; 0.0; -1.0; 0.0; 0.0; 0.0; 0.0; 0.0; 1.0;0; 0;0; 0; 
12.1009690762; 95278; 0.0; 0.0; -0.019813; 0.0; 0.0; 0.0; 0.0; 0.0; 0.0; 0.0; 0.0; 0.0; 0.0; 0.0; 0.0; 0.0; 0.0; 7.04; 7.14; 7.33; 6.77; 0.0; 0.0; 0.0; 0; 0; 0.0; 0.0; 1; 3.43970018592; 0.0445651524191; 0.0363222072136; 0; 0; 0; 0; 0.0; 0.0; 0.0; -1.0; 0.0; 0.0; 0.0; 0.0; 0.0; 1.0;0; 0;0; 0; 
12.1121959686; 95283; 0.0; 0.0; -0.019173; 0.0; 0.0; 0.0; 0.0; 0.0; 0.0; 0.0; 0.0; 0.0; 0.0; 0.0; 0.0; 0.0; 0.0; 7.04; 7.14; 7.33; 6.77; 0.0; 0.0; 0.0; 0; 0; 0.0; 0.0; 1; 3.43970018592; 0.0445651524191; 0.0363222072136; 0; 0; 0; 0; 0.0; 0.0; 0.0; -1.0; 0.0; 0.0; 0.0; 0.0; 0.0; 1.0;0; 0;0; 0; 
12.1240160465; 95288; 0.0; 0.0; -0.01876; 0.0; 0.0; 0.0; 0.0; 0.0; 0.0; 0.0; 0.0; 0.0; 0.0; 0.0; 0.0; 0.0; 0.0; 7.04; 7.14; 7.33; 6.77; 0.0; 0.0; 0.0; 0; 0; 0.0; 0.0; 1; 3.43970018592; 0.0445651524191; 0.0363222072136; 0; 0; 0; 0; 0.0; 0.0; 0.0; -1.0; 0.0; 0.0; 0.0; 0.0; 0.0; 1.0;0; 0;0; 0; 
12.1354670525; 95293; 0.0; 0.0; -0.018461; 0.0; 0.0; 0.0; 0.0; 0.0; 0.0; 0.0; 0.0; 0.0; 0.0; 0.0; 0.0; 0.0; 0.0; 7.04; 7.14; 7.33; 6.77; 0.0; 0.0; 0.0; 0; 0; 0.0; 0.0; 1; 3.43970018592; 0.0445651524191; 0.0363222072136; 0; 0; 0; 0; 0.0; 0.0; 0.0; -1.0; 0.0; 0.0; 0.0; 0.0; 0.0; 1.0;0; 0;0; 0; 
12.1474850178; 95298; 0.0; 0.0; -0.018276; 0.0; 0.0; 0.0; 0.0; 0.0; 0.0; 0.0; 0.0; 0.0; 0.0; 0.0; 0.0; 0.0; 0.0; 7.04; 7.14; 7.33; 6.77; 0.0; 0.0; 0.0; 0; 0; 0.0; 0.0; 1; 3.53917043702; 0.0482933871596; 0.0386616026682; 0; 0; 0; 0; 0.0; 0.0; 0.0; -1.0; 0.0; 0.0; 0.0; 0.0; 0.0; 1.0;0; 0;0; 0; 
12.1597001553; 95303; 0.0; 0.0; -0.018127; 0.0; 0.0; 0.0; 0.0; 0.0; 0.0; 0.0; 0.0; 0.0; 0.0; 0.0; 0.0; 0.0; 0.0; 7.04; 7.14; 7.33; 6.77; 0.0; 0.0; 0.0; 0; 0; 0.0; 0.0; 1; 3.53917043702; 0.0482933871596; 0.0386616026682; 0; 0; 0; 0; 0.0; 0.0; 0.0; -1.0; 0.0; 0.0; 0.0; 0.0; 0.0; 1.0;0; 0;0; 0; 
12.1717071533; 95308; 0.0; 0.0; -0.017951; 0.0; 0.0; 0.0; 0.0; 0.0; 0.0; 0.0; 0.0; 0.0; 0.0; 0.0; 0.0; 0.0; 0.0; 7.04; 7.14; 7.33; 6.77; 0.0; 0.0; 0.0; 0; 0; 0.0; 0.0; 1; 3.53917043702; 0.0482933871596; 0.0386616026682; 0; 0; 0; 0; 0.0; 0.0; 0.0; -1.0; 0.0; 0.0; 0.0; 0.0; 0.0; 1.0;0; 0;0; 0; 
12.183437109; 95313; 0.0; 0.0; -0.017557; 0.0; 0.0; 0.0; 0.0; 0.0; 0.0; 0.0; 0.0; 0.0; 0.0; 0.0; 0.0; 0.0; 0.0; 7.04; 7.14; 7.33; 6.77; 0.0; 0.0; 0.0; 0; 0; 0.0; 0.0; 1; 3.53917043702; 0.0482933871596; 0.0386616026682; 0; 0; 0; 0; 0.0; 0.0; 0.0; -1.0; 0.0; 0.0; 0.0; 0.0; 0.0; 1.0;0; 0;0; 0; 
12.1954331398; 95318; 0.0; 0.0; -0.016926; 0.0; 0.0; 0.0; 0.0; 0.0; 0.0; 0.0; 0.0; 0.0; 0.0; 0.0; 0.0; 0.0; 0.0; 7.04; 7.14; 7.33; 6.77; 0.0; 0.0; 0.0; 0; 0; 0.0; 0.0; 1; 3.53917043702; 0.0482933871596; 0.0386616026682; 0; 0; 0; 0; 0.0; 0.0; 0.0; -1.0; 0.0; 0.0; 0.0; 0.0; 0.0; 1.0;0; 0;0; 0; 
12.2084560394; 95323; 0.0; 0.0; -0.016214; 0.0; 0.0; 0.0; 0.0; 0.0; 0.0; 0.0; 0.0; 0.0; 0.0; 0.0; 0.0; 0.0; 0.0; 7.04; 7.14; 7.33; 6.77; 0.0; 0.0; 0.0; 0; 0; 0.0; 0.0; 1; 3.53917043702; 0.0482933871596; 0.0386616026682; 0; 0; 0; 0; 0.0; 0.0; 0.0; -1.0; 0.0; 0.0; 0.0; 0.0; 0.0; 1.0;0; 0;0; 0; 
12.221214056; 95328; 0.0; 0.0; -0.015417; 0.0; 0.0; 0.0; 0.0; 0.0; 0.0; 0.0; 0.0; 0.0; 0.0; 0.0; 0.0; 0.0; 0.0; 7.04; 7.14; 7.33; 6.77; 0.0; 0.0; 0.0; 0; 0; 0.0; 0.0; 1; 3.53917043702; 0.0482933871596; 0.0386616026682; 0; 0; 0; 0; 0.0; 0.0; 0.0; -1.0; 0.0; 0.0; 0.0; 0.0; 0.0; 1.0;0; 0;0; 0; 
12.2328059673; 95333; 0.0; 0.0; -0.014646; 0.0; 0.0; 0.0; 0.0; 0.0; 0.0; 0.0; 0.0; 0.0; 0.0; 0.0; 0.0; 0.0; 0.0; 7.04; 7.14; 7.33; 6.77; 0.0; 0.0; 0.0; 0; 0; 0.0; 0.0; 1; 3.53917043702; 0.0482933871596; 0.0386616026682; 0; 0; 0; 0; 0.0; 0.0; 0.0; -1.0; 0.0; 0.0; 0.0; 0.0; 0.0; 1.0;0; 0;0; 0; 
12.2443721294; 95338; 0.0; 0.0; -0.014011; 0.0; 0.0; 0.0; 0.0; 0.0; 0.0; 0.0; 0.0; 0.0; 0.0; 0.0; 0.0; 0.0; 0.0; 7.04; 7.14; 7.33; 6.77; 0.0; 0.0; 0.0; 0; 0; 0.0; 0.0; 1; 3.53917043702; 0.0482933871596; 0.0386616026682; 0; 0; 0; 0; 0.0; 0.0; 0.0; -1.0; 0.0; 0.0; 0.0; 0.0; 0.0; 1.0;0; 0;0; 0; 
12.2569541931; 95343; 0.0; 0.0; -0.013652; 0.0; 0.0; 0.0; 0.0; 0.0; 0.0; 0.0; 0.0; 0.0; 0.0; 0.0; 0.0; 0.0; 0.0; 7.04; 7.14; 7.33; 6.77; 0.0; 0.0; 0.0; 0; 0; 0.0; 0.0; 1; 3.53917043702; 0.0482933871596; 0.0386616026682; 0; 0; 0; 0; 0.0; 0.0; 0.0; -1.0; 0.0; 0.0; 0.0; 0.0; 0.0; 1.0;0; 0;0; 0; 
12.2694790363; 95348; 0.0; 0.0; -0.013591; 0.0; 0.0; 0.0; 0.0; 0.0; 0.0; 0.0; 0.0; 0.0; 0.0; 0.0; 0.0; 0.0; 0.0; 7.04; 7.14; 7.33; 6.77; 0.0; 0.0; 0.0; 0; 0; 0.0; 0.0; 1; 3.53917043702; 0.0482933871596; 0.0386616026682; 0; 0; 0; 0; 0.0; 0.0; 0.0; -1.0; 0.0; 0.0; 0.0; 0.0; 0.0; 1.0;0; 0;0; 0; 
12.281181097; 95353; 0.0; 0.0; -0.013718; 0.0; 0.0; 0.0; 0.0; 0.0; 0.0; 0.0; 0.0; 0.0; 0.0; 0.0; 0.0; 0.0; 0.0; 7.04; 7.14; 7.33; 6.77; 0.0; 0.0; 0.0; 0; 0; 0.0; 0.0; 1; 3.53917043702; 0.0482933871596; 0.0386616026682; 0; 0; 0; 0; 0.0; 0.0; 0.0; -1.0; 0.0; 0.0; 0.0; 0.0; 0.0; 1.0;0; 0;0; 0; 
12.2933540344; 95358; 0.0; 0.0; -0.013967; 0.0; 0.0; 0.0; 0.0; 0.0; 0.0; 0.0; 0.0; 0.0; 0.0; 0.0; 0.0; 0.0; 0.0; 7.04; 7.14; 7.33; 6.77; 0.0; 0.0; 0.0; 0; 0; 0.0; 0.0; 1; 3.53917043702; 0.0482933871596; 0.0386616026682; 0; 0; 0; 0; 0.0; 0.0; 0.0; -1.0; 0.0; 0.0; 0.0; 0.0; 0.0; 1.0;0; 0;0; 0; 
12.305781126; 95363; 0.0; 0.0; -0.014327; 0.0; 0.0; 0.0; 0.0; 0.0; 0.0; 0.0; 0.0; 0.0; 0.0; 0.0; 0.0; 0.0; 0.0; 7.04; 7.14; 7.33; 6.77; 0.0; 0.0; 0.0; 0; 0; 0.0; 0.0; 1; 3.53917043702; 0.0482933871596; 0.0386616026682; 0; 0; 0; 0; 0.0; 0.0; 0.0; -1.0; 0.0; 0.0; 0.0; 0.0; 0.0; 1.0;0; 0;0; 0; 
12.3176250458; 95368; 0.0; 0.0; -0.01486; 0.0; 0.0; 0.0; 0.0; 0.0; 0.0; 0.0; 0.0; 0.0; 0.0; 0.0; 0.0; 0.0; 0.0; 7.04; 7.14; 7.33; 6.77; 0.0; 0.0; 0.0; 0; 0; 0.0; 0.0; 1; 3.53917043702; 0.0482933871596; 0.0386616026682; 0; 0; 0; 0; 0.0; 0.0; 0.0; -1.0; 0.0; 0.0; 0.0; 0.0; 0.0; 1.0;0; 0;0; 0; 
12.3292140961; 95373; 0.0; 0.0; -0.015528; 0.0; 0.0; 0.0; 0.0; 0.0; 0.0; 0.0; 0.0; 0.0; 0.0; 0.0; 0.0; 0.0; 0.0; 7.04; 7.14; 7.33; 6.77; 0.0; 0.0; 0.0; 0; 0; 0.0; 0.0; 1; 3.53917043702; 0.0482933871596; 0.0386616026682; 0; 0; 0; 0; 0.0; 0.0; 0.0; -1.0; 0.0; 0.0; 0.0; 0.0; 0.0; 1.0;0; 0;0; 0; 
12.3408710957; 95378; 0.0; 0.0; -0.016295; 0.0; 0.0; 0.0; 0.0; 0.0; 0.0; 0.0; 0.0; 0.0; 0.0; 0.0; 0.0; 0.0; 0.0; 6.6; 6.85; 6.84; 6.52; 0.0; 0.0; 0.0; 0; 0; 0.0; 0.0; 1; 3.53917043702; 0.0482933871596; 0.0386616026682; 0; 0; 0; 0; 0.0; 0.0; 0.0; -1.0; 0.0; 0.0; 0.0; 0.0; 0.0; 1.0;0; 0;0; 0; 
12.3529820442; 95383; 0.0; 0.0; -0.01706; 0.0; 0.0; 0.0; 0.0; 0.0; 0.0; 0.0; 0.0; 0.0; 0.0; 0.0; 0.0; 0.0; 0.0; 6.6; 6.85; 6.84; 6.52; 0.0; 0.0; 0.0; 0; 0; 0.0; 0.0; 1; 3.53917043702; 0.0482933871596; 0.0386616026682; 0; 0; 0; 0; 0.0; 0.0; 0.0; -1.0; 0.0; 0.0; 0.0; 0.0; 0.0; 1.0;0; 0;0; 0; 
12.3654751778; 95388; 0.0; 0.0; -0.017797; 0.0; 0.0; 0.0; 0.0; 0.0; 0.0; 0.0; 0.0; 0.0; 0.0; 0.0; 0.0; 0.0; 0.0; 6.6; 6.85; 6.84; 6.52; 0.0; 0.0; 0.0; 0; 0; 0.0; 0.0; 1; 3.53917043702; 0.0482933871596; 0.0386616026682; 0; 0; 0; 0; 0.0; 0.0; 0.0; -1.0; 0.0; 0.0; 0.0; 0.0; 0.0; 1.0;0; 0;0; 0; 
12.3778281212; 95393; 0.0; 0.0; -0.018362; 0.0; 0.0; 0.0; 0.0; 0.0; 0.0; 0.0; 0.0; 0.0; 0.0; 0.0; 0.0; 0.0; 0.0; 6.6; 6.85; 6.84; 6.52; 0.0; 0.0; 0.0; 0; 0; 0.0; 0.0; 1; 3.53917043702; 0.0482933871596; 0.0386616026682; 0; 0; 0; 0; 0.0; 0.0; 0.0; -1.0; 0.0; 0.0; 0.0; 0.0; 0.0; 1.0;0; 0;0; 0; 
12.3900899887; 95398; 0.0; 0.0; -0.018633; 0.0; 0.0; 0.0; 0.0; 0.0; 0.0; 0.0; 0.0; 0.0; 0.0; 0.0; 0.0; 0.0; 0.0; 6.6; 6.85; 6.84; 6.52; 0.0; 0.0; 0.0; 0; 0; 0.0; 0.0; 1; 3.63455531346; 0.052050034484; 0.0401087890318; 0; 0; 0; 0; 0.0; 0.0; 0.0; -1.0; 0.0; 0.0; 0.0; 0.0; 0.0; 1.0;0; 0;0; 0; 
12.4032840729; 95403; 0.0; 0.0; -0.01876; 0.0; 0.0; 0.0; 0.0; 0.0; 0.0; 0.0; 0.0; 0.0; 0.0; 0.0; 0.0; 0.0; 0.0; 6.6; 6.85; 6.84; 6.52; 0.0; 0.0; 0.0; 0; 0; 0.0; 0.0; 1; 3.63455531346; 0.052050034484; 0.0401087890318; 0; 0; 0; 0; 0.0; 0.0; 0.0; -1.0; 0.0; 0.0; 0.0; 0.0; 0.0; 1.0;0; 0;0; 0; 
12.4140629768; 95408; 0.0; 0.0; -0.018925; 0.0; 0.0; 0.0; 0.0; 0.0; 0.0; 0.0; 0.0; 0.0; 0.0; 0.0; 0.0; 0.0; 0.0; 6.6; 6.85; 6.84; 6.52; 0.0; 0.0; 0.0; 0; 0; 0.0; 0.0; 1; 3.63455531346; 0.052050034484; 0.0401087890318; 0; 0; 0; 0; 0.0; 0.0; 0.0; -1.0; 0.0; 0.0; 0.0; 0.0; 0.0; 1.0;0; 0;0; 0; 
12.4249341488; 95413; 0.0; 0.0; -0.01941; 0.0; 0.0; 0.0; 0.0; 0.0; 0.0; 0.0; 0.0; 0.0; 0.0; 0.0; 0.0; 0.0; 0.0; 6.6; 6.85; 6.84; 6.52; 0.0; 0.0; 0.0; 0; 0; 0.0; 0.0; 1; 3.63455531346; 0.052050034484; 0.0401087890318; 0; 0; 0; 0; 0.0; 0.0; 0.0; -1.0; 0.0; 0.0; 0.0; 0.0; 0.0; 1.0;0; 0;0; 0; 
12.4364850521; 95418; 0.0; 0.0; -0.020246; 0.0; 0.0; 0.0; 0.0; 0.0; 0.0; 0.0; 0.0; 0.0; 0.0; 0.0; 0.0; 0.0; 0.0; 6.6; 6.85; 6.84; 6.52; 0.0; 0.0; 0.0; 0; 0; 0.0; 0.0; 1; 3.63455531346; 0.052050034484; 0.0401087890318; 0; 0; 0; 0; 0.0; 0.0; 0.0; -1.0; 0.0; 0.0; 0.0; 0.0; 0.0; 1.0;0; 0;0; 0; 
12.4484400749; 95423; 0.0; 0.0; -0.021382; 0.0; 0.0; 0.0; 0.0; 0.0; 0.0; 0.0; 0.0; 0.0; 0.0; 0.0; 0.0; 0.0; 0.0; 6.6; 6.85; 6.84; 6.52; 0.0; 0.0; 0.0; 0; 0; 0.0; 0.0; 1; 3.63455531346; 0.052050034484; 0.0401087890318; 0; 0; 0; 0; 0.0; 0.0; 0.0; -1.0; 0.0; 0.0; 0.0; 0.0; 0.0; 1.0;0; 0;0; 0; 
12.4603111744; 95428; 0.0; 0.0; -0.022951; 0.0; 0.0; 0.0; 0.0; 0.0; 0.0; 0.0; 0.0; 0.0; 0.0; 0.0; 0.0; 0.0; 0.0; 6.6; 6.85; 6.84; 6.52; 0.0; 0.0; 0.0; 0; 0; 0.0; 0.0; 1; 3.63455531346; 0.052050034484; 0.0401087890318; 0; 0; 0; 0; 0.0; 0.0; 0.0; -1.0; 0.0; 0.0; 0.0; 0.0; 0.0; 1.0;0; 0;0; 0; 
12.472561121; 95433; 0.0; 0.0; -0.024644; 0.0; 0.0; 0.0; 0.0; 0.0; 0.0; 0.0; 0.0; 0.0; 0.0; 0.0; 0.0; 0.0; 0.0; 6.6; 6.85; 6.84; 6.52; 0.0; 0.0; 0.0; 0; 0; 0.0; 0.0; 1; 3.63455531346; 0.052050034484; 0.0401087890318; 0; 0; 0; 0; 0.0; 0.0; 0.0; -1.0; 0.0; 0.0; 0.0; 0.0; 0.0; 1.0;0; 0;0; 0; 
12.483631134; 95438; 0.0; 0.0; -0.026487; 0.0; 0.0; 0.0; 0.0; 0.0; 0.0; 0.0; 0.0; 0.0; 0.0; 0.0; 0.0; 0.0; 0.0; 6.6; 6.85; 6.84; 6.52; 0.0; 0.0; 0.0; 0; 0; 0.0; 0.0; 1; 3.63455531346; 0.052050034484; 0.0401087890318; 0; 0; 0; 0; 0.0; 0.0; 0.0; -1.0; 0.0; 0.0; 0.0; 0.0; 0.0; 1.0;0; 0;0; 0; 
12.4958221912; 95443; 0.0; 0.0; -0.028306; 0.0; 0.0; 0.0; 0.0; 0.0; 0.0; 0.0; 0.0; 0.0; 0.0; 0.0; 0.0; 0.0; 0.0; 6.6; 6.85; 6.84; 6.52; 0.0; 0.0; 0.0; 0; 0; 0.0; 0.0; 1; 3.63455531346; 0.052050034484; 0.0401087890318; 0; 0; 0; 0; 0.0; 0.0; 0.0; -1.0; 0.0; 0.0; 0.0; 0.0; 0.0; 1.0;0; 0;0; 0; 
12.5081300735; 95448; 0.0; 0.0; -0.02989; 0.0; 0.0; 0.0; 0.0; 0.0; 0.0; 0.0; 0.0; 0.0; 0.0; 0.0; 0.0; 0.0; 0.0; 6.6; 6.85; 6.84; 6.52; 0.0; 0.0; 0.0; 0; 0; 0.0; 0.0; 1; 3.63455531346; 0.052050034484; 0.0401087890318; 0; 0; 0; 0; 0.0; 0.0; 0.0; -1.0; 0.0; 0.0; 0.0; 0.0; 0.0; 1.0;0; 0;0; 0; 
12.5203089714; 95453; 0.0; 0.0; -0.031405; 0.0; 0.0; 0.0; 0.0; 0.0; 0.0; 0.0; 0.0; 0.0; 0.0; 0.0; 0.0; 0.0; 0.0; 6.6; 6.85; 6.84; 6.52; 0.0; 0.0; 0.0; 0; 0; 0.0; 0.0; 1; 3.63455531346; 0.052050034484; 0.0401087890318; 0; 0; 0; 0; 0.0; 0.0; 0.0; -1.0; 0.0; 0.0; 0.0; 0.0; 0.0; 1.0;0; 0;0; 0; 
12.5322489738; 95458; 0.0; 0.0; -0.032577; 0.0; 0.0; 0.0; 0.0; 0.0; 0.0; 0.0; 0.0; 0.0; 0.0; 0.0; 0.0; 0.0; 0.0; 6.6; 6.85; 6.84; 6.52; 0.0; 0.0; 0.0; 0; 0; 0.0; 0.0; 1; 3.63455531346; 0.052050034484; 0.0401087890318; 0; 0; 0; 0; 0.0; 0.0; 0.0; -1.0; 0.0; 0.0; 0.0; 0.0; 0.0; 1.0;0; 0;0; 0; 
12.5452911854; 95463; 0.0; 0.0; -0.033307; 0.0; 0.0; 0.0; 0.0; 0.0; 0.0; 0.0; 0.0; 0.0; 0.0; 0.0; 0.0; 0.0; 0.0; 6.6; 6.85; 6.84; 6.52; 0.0; 0.0; 0.0; 0; 0; 0.0; 0.0; 1; 3.63455531346; 0.052050034484; 0.0401087890318; 0; 0; 0; 0; 0.0; 0.0; 0.0; -1.0; 0.0; 0.0; 0.0; 0.0; 0.0; 1.0;0; 0;0; 0; 
12.5574131012; 95468; 0.0; 0.0; -0.033385; 0.0; 0.0; 0.0; 0.0; 0.0; 0.0; 0.0; 0.0; 0.0; 0.0; 0.0; 0.0; 0.0; 0.0; 6.6; 6.85; 6.84; 6.52; 0.0; 0.0; 0.0; 0; 0; 0.0; 0.0; 1; 3.63455531346; 0.052050034484; 0.0401087890318; 0; 0; 0; 0; 0.0; 0.0; 0.0; -1.0; 0.0; 0.0; 0.0; 0.0; 0.0; 1.0;0; 0;0; 0; 
12.5697062016; 95473; 0.0; 0.0; -0.032621; 0.0; 0.0; 0.0; 0.0; 0.0; 0.0; 0.0; 0.0; 0.0; 0.0; 0.0; 0.0; 0.0; 0.0; 6.6; 6.85; 6.84; 6.52; 0.0; 0.0; 0.0; 0; 0; 0.0; 0.0; 1; 3.63455531346; 0.052050034484; 0.0401087890318; 0; 0; 0; 0; 0.0; 0.0; 0.0; -1.0; 0.0; 0.0; 0.0; 0.0; 0.0; 1.0;0; 0;0; 0; 
12.5829319954; 95478; 0.0; 0.0; -0.031239; 0.0; 0.0; 0.0; 0.0; 0.0; 0.0; 0.0; 0.0; 0.0; 0.0; 0.0; 0.0; 0.0; 0.0; 6.25; 6.44; 6.54; 6.13; 0.0; 0.0; 0.0; 0; 0; 0.0; 0.0; 1; 3.63455531346; 0.052050034484; 0.0401087890318; 0; 0; 0; 0; 0.0; 0.0; 0.0; -1.0; 0.0; 0.0; 0.0; 0.0; 0.0; 1.0;0; 0;0; 0; 
12.5955150127; 95483; 0.0; 0.0; -0.029238; 0.0; 0.0; 0.0; 0.0; 0.0; 0.0; 0.0; 0.0; 0.0; 0.0; 0.0; 0.0; 0.0; 0.0; 6.25; 6.44; 6.54; 6.13; 0.0; 0.0; 0.0; 0; 0; 0.0; 0.0; 1; 3.63455531346; 0.052050034484; 0.0401087890318; 0; 0; 0; 0; 0.0; 0.0; 0.0; -1.0; 0.0; 0.0; 0.0; 0.0; 0.0; 1.0;0; 0;0; 0; 
12.6087360382; 95488; 0.0; 0.0; -0.02667; 0.0; 0.0; 0.0; 0.0; 0.0; 0.0; 0.0; 0.0; 0.0; 0.0; 0.0; 0.0; 0.0; 0.0; 6.25; 6.44; 6.54; 6.13; 0.0; 0.0; 0.0; 0; 0; 0.0; 0.0; 1; 3.63455531346; 0.052050034484; 0.0401087890318; 0; 0; 0; 0; 0.0; 0.0; 0.0; -1.0; 0.0; 0.0; 0.0; 0.0; 0.0; 1.0;0; 0;0; 0; 
12.6214020252; 95493; 0.0; 0.0; -0.023746; 0.0; 0.0; 0.0; 0.0; 0.0; 0.0; 0.0; 0.0; 0.0; 0.0; 0.0; 0.0; 0.0; 0.0; 6.25; 6.44; 6.54; 6.13; 0.0; 0.0; 0.0; 0; 0; 0.0; 0.0; 1; 3.63455531346; 0.052050034484; 0.0401087890318; 0; 0; 0; 0; 0.0; 0.0; 0.0; -1.0; 0.0; 0.0; 0.0; 0.0; 0.0; 1.0;0; 0;0; 0; 
12.6318130493; 95498; 0.0; 0.0; -0.020656; 0.0; 0.0; 0.0; 0.0; 0.0; 0.0; 0.0; 0.0; 0.0; 0.0; 0.0; 0.0; 0.0; 0.0; 6.25; 6.44; 6.54; 6.13; 0.0; 0.0; 0.0; 0; 0; 0.0; 0.0; 1; 3.72553209592; 0.0557906138344; 0.0424653253955; 0; 0; 0; 0; 0.0; 0.0; 0.0; -1.0; 0.0; 0.0; 0.0; 0.0; 0.0; 1.0;0; 0;0; 0; 
12.6435391903; 95503; 0.0; 0.0; -0.017682; 0.0; 0.0; 0.0; 0.0; 0.0; 0.0; 0.0; 0.0; 0.0; 0.0; 0.0; 0.0; 0.0; 0.0; 6.25; 6.44; 6.54; 6.13; 0.0; 0.0; 0.0; 0; 0; 0.0; 0.0; 1; 3.72553209592; 0.0557906138344; 0.0424653253955; 0; 0; 0; 0; 0.0; 0.0; 0.0; -1.0; 0.0; 0.0; 0.0; 0.0; 0.0; 1.0;0; 0;0; 0; 
12.657127142; 95508; 0.0; 0.0; -0.014957; 0.0; 0.0; 0.0; 0.0; 0.0; 0.0; 0.0; 0.0; 0.0; 0.0; 0.0; 0.0; 0.0; 0.0; 6.25; 6.44; 6.54; 6.13; 0.0; 0.0; 0.0; 0; 0; 0.0; 0.0; 1; 3.72553209592; 0.0557906138344; 0.0424653253955; 0; 0; 0; 0; 0.0; 0.0; 0.0; -1.0; 0.0; 0.0; 0.0; 0.0; 0.0; 1.0;0; 0;0; 0; 
12.6698970795; 95513; 0.0; 0.0; -0.012638; 0.0; 0.0; 0.0; 0.0; 0.0; 0.0; 0.0; 0.0; 0.0; 0.0; 0.0; 0.0; 0.0; 0.0; 6.25; 6.44; 6.54; 6.13; 0.0; 0.0; 0.0; 0; 0; 0.0; 0.0; 1; 3.72553209592; 0.0557906138344; 0.0424653253955; 0; 0; 0; 0; 0.0; 0.0; 0.0; -1.0; 0.0; 0.0; 0.0; 0.0; 0.0; 1.0;0; 0;0; 0; 
12.6837580204; 95518; 0.0; 0.0; -0.010898; 0.0; 0.0; 0.0; 0.0; 0.0; 0.0; 0.0; 0.0; 0.0; 0.0; 0.0; 0.0; 0.0; 0.0; 6.25; 6.44; 6.54; 6.13; 0.0; 0.0; 0.0; 0; 0; 0.0; 0.0; 1; 3.72553209592; 0.0557906138344; 0.0424653253955; 0; 0; 0; 0; 0.0; 0.0; 0.0; -1.0; 0.0; 0.0; 0.0; 0.0; 0.0; 1.0;0; 0;0; 0; 
12.6965630054; 95523; 0.0; 0.0; -0.0097746; 0.0; 0.0; 0.0; 0.0; 0.0; 0.0; 0.0; 0.0; 0.0; 0.0; 0.0; 0.0; 0.0; 0.0; 6.25; 6.44; 6.54; 6.13; 0.0; 0.0; 0.0; 0; 0; 0.0; 0.0; 1; 3.72553209592; 0.0557906138344; 0.0424653253955; 0; 0; 0; 0; 0.0; 0.0; 0.0; -1.0; 0.0; 0.0; 0.0; 0.0; 0.0; 1.0;0; 0;0; 0; 
12.7078070641; 95528; 0.0; 0.0; -0.009187; 0.0; 0.0; 0.0; 0.0; 0.0; 0.0; 0.0; 0.0; 0.0; 0.0; 0.0; 0.0; 0.0; 0.0; 6.25; 6.44; 6.54; 6.13; 0.0; 0.0; 0.0; 0; 0; 0.0; 0.0; 1; 3.72553209592; 0.0557906138344; 0.0424653253955; 0; 0; 0; 0; 0.0; 0.0; 0.0; -1.0; 0.0; 0.0; 0.0; 0.0; 0.0; 1.0;0; 0;0; 0; 
12.7191631794; 95533; 0.0; 0.0; -0.0089312; 0.0; 0.0; 0.0; 0.0; 0.0; 0.0; 0.0; 0.0; 0.0; 0.0; 0.0; 0.0; 0.0; 0.0; 6.25; 6.44; 6.54; 6.13; 0.0; 0.0; 0.0; 0; 0; 0.0; 0.0; 1; 3.72553209592; 0.0557906138344; 0.0424653253955; 0; 0; 0; 0; 0.0; 0.0; 0.0; -1.0; 0.0; 0.0; 0.0; 0.0; 0.0; 1.0;0; 0;0; 0; 
12.7304170132; 95538; 0.0; 0.0; -0.0088298; 0.0; 0.0; 0.0; 0.0; 0.0; 0.0; 0.0; 0.0; 0.0; 0.0; 0.0; 0.0; 0.0; 0.0; 6.25; 6.44; 6.54; 6.13; 0.0; 0.0; 0.0; 0; 0; 0.0; 0.0; 1; 3.72553209592; 0.0557906138344; 0.0424653253955; 0; 0; 0; 0; 0.0; 0.0; 0.0; -1.0; 0.0; 0.0; 0.0; 0.0; 0.0; 1.0;0; 0;0; 0; 
12.7411751747; 95543; 0.0; 0.0; -0.0088429; 0.0; 0.0; 0.0; 0.0; 0.0; 0.0; 0.0; 0.0; 0.0; 0.0; 0.0; 0.0; 0.0; 0.0; 6.25; 6.44; 6.54; 6.13; 0.0; 0.0; 0.0; 0; 0; 0.0; 0.0; 1; 3.72553209592; 0.0557906138344; 0.0424653253955; 0; 0; 0; 0; 0.0; 0.0; 0.0; -1.0; 0.0; 0.0; 0.0; 0.0; 0.0; 1.0;0; 0;0; 0; 
12.7532410622; 95548; 0.0; 0.0; -0.0088801; 0.0; 0.0; 0.0; 0.0; 0.0; 0.0; 0.0; 0.0; 0.0; 0.0; 0.0; 0.0; 0.0; 0.0; 6.25; 6.44; 6.54; 6.13; 0.0; 0.0; 0.0; 0; 0; 0.0; 0.0; 1; 3.72553209592; 0.0557906138344; 0.0424653253955; 0; 0; 0; 0; 0.0; 0.0; 0.0; -1.0; 0.0; 0.0; 0.0; 0.0; 0.0; 1.0;0; 0;0; 0; 
12.7642240524; 95553; 0.0; 0.0; -0.0089559; 0.0; 0.0; 0.0; 0.0; 0.0; 0.0; 0.0; 0.0; 0.0; 0.0; 0.0; 0.0; 0.0; 0.0; 6.25; 6.44; 6.54; 6.13; 0.0; 0.0; 0.0; 0; 0; 0.0; 0.0; 1; 3.72553209592; 0.0557906138344; 0.0424653253955; 0; 0; 0; 0; 0.0; 0.0; 0.0; -1.0; 0.0; 0.0; 0.0; 0.0; 0.0; 1.0;0; 0;0; 0; 
12.7754311562; 95558; 0.0; 0.0; -0.0090437; 0.0; 0.0; 0.0; 0.0; 0.0; 0.0; 0.0; 0.0; 0.0; 0.0; 0.0; 0.0; 0.0; 0.0; 6.25; 6.44; 6.54; 6.13; 0.0; 0.0; 0.0; 0; 0; 0.0; 0.0; 1; 3.72553209592; 0.0557906138344; 0.0424653253955; 0; 0; 0; 0; 0.0; 0.0; 0.0; -1.0; 0.0; 0.0; 0.0; 0.0; 0.0; 1.0;0; 0;0; 0; 
12.7865970135; 95563; 0.0; 0.0; -0.009312; 0.0; 0.0; 0.0; 0.0; 0.0; 0.0; 0.0; 0.0; 0.0; 0.0; 0.0; 0.0; 0.0; 0.0; 6.25; 6.44; 6.54; 6.13; 0.0; 0.0; 0.0; 0; 0; 0.0; 0.0; 1; 3.72553209592; 0.0557906138344; 0.0424653253955; 0; 0; 0; 0; 0.0; 0.0; 0.0; -1.0; 0.0; 0.0; 0.0; 0.0; 0.0; 1.0;0; 0;0; 0; 
12.7975401878; 95568; 0.0; 0.0; -0.0098766; 0.0; 0.0; 0.0; 0.0; 0.0; 0.0; 0.0; 0.0; 0.0; 0.0; 0.0; 0.0; 0.0; 0.0; 6.25; 6.44; 6.54; 6.13; 0.0; 0.0; 0.0; 0; 0; 0.0; 0.0; 1; 3.72553209592; 0.0557906138344; 0.0424653253955; 0; 0; 0; 0; 0.0; 0.0; 0.0; -1.0; 0.0; 0.0; 0.0; 0.0; 0.0; 1.0;0; 0;0; 0; 
12.8093822002; 95573; 0.0; 0.0; -0.010633; 0.0; 0.0; 0.0; 0.0; 0.0; 0.0; 0.0; 0.0; 0.0; 0.0; 0.0; 0.0; 0.0; 0.0; 6.25; 6.44; 6.54; 6.13; 0.0; 0.0; 0.0; 0; 0; 0.0; 0.0; 1; 3.72553209592; 0.0557906138344; 0.0424653253955; 0; 0; 0; 0; 0.0; 0.0; 0.0; -1.0; 0.0; 0.0; 0.0; 0.0; 0.0; 1.0;0; 0;0; 0; 
12.8204259872; 95578; 0.0; 0.0; -0.011541; 0.0; 0.0; 0.0; 0.0; 0.0; 0.0; 0.0; 0.0; 0.0; 0.0; 0.0; 0.0; 0.0; 0.0; 5.87; 5.98; 6.13; 5.77; 0.0; 0.0; 0.0; 0; 0; 0.0; 0.0; 1; 3.72553209592; 0.0557906138344; 0.0424653253955; 0; 0; 0; 0; 0.0; 0.0; 0.0; -1.0; 0.0; 0.0; 0.0; 0.0; 0.0; 1.0;0; 0;0; 0; 
12.8317120075; 95583; 0.0; 0.0; -0.012616; 0.0; 0.0; 0.0; 0.0; 0.0; 0.0; 0.0; 0.0; 0.0; 0.0; 0.0; 0.0; 0.0; 0.0; 5.87; 5.98; 6.13; 5.77; 0.0; 0.0; 0.0; 0; 0; 0.0; 0.0; 1; 3.72553209592; 0.0557906138344; 0.0424653253955; 0; 0; 0; 0; 0.0; 0.0; 0.0; -1.0; 0.0; 0.0; 0.0; 0.0; 0.0; 1.0;0; 0;0; 0; 
12.8431839943; 95588; 0.0; 0.0; -0.013939; 0.0; 0.0; 0.0; 0.0; 0.0; 0.0; 0.0; 0.0; 0.0; 0.0; 0.0; 0.0; 0.0; 0.0; 5.87; 5.98; 6.13; 5.77; 0.0; 0.0; 0.0; 0; 0; 0.0; 0.0; 1; 3.72553209592; 0.0557906138344; 0.0424653253955; 0; 0; 0; 0; 0.0; 0.0; 0.0; -1.0; 0.0; 0.0; 0.0; 0.0; 0.0; 1.0;0; 0;0; 0; 
12.8544661999; 95593; 0.0; 0.0; -0.015513; 0.0; 0.0; 0.0; 0.0; 0.0; 0.0; 0.0; 0.0; 0.0; 0.0; 0.0; 0.0; 0.0; 0.0; 5.87; 5.98; 6.13; 5.77; 0.0; 0.0; 0.0; 0; 0; 0.0; 0.0; 1; 3.72553209592; 0.0557906138344; 0.0424653253955; 0; 0; 0; 0; 0.0; 0.0; 0.0; -1.0; 0.0; 0.0; 0.0; 0.0; 0.0; 1.0;0; 0;0; 0; 
12.86591506; 95598; 0.0; 0.0; -0.017154; 0.0; 0.0; 0.0; 0.0; 0.0; 0.0; 0.0; 0.0; 0.0; 0.0; 0.0; 0.0; 0.0; 0.0; 5.87; 5.98; 6.13; 5.77; 0.0; 0.0; 0.0; 0; 0; 0.0; 0.0; 1; 3.81199961558; 0.0595145505462; 0.0435605063045; 0; 0; 0; 0; 0.0; 0.0; 0.0; -1.0; 0.0; 0.0; 0.0; 0.0; 0.0; 1.0;0; 0;0; 0; 
12.8773159981; 95603; 0.0; 0.0; -0.018716; 0.0; 0.0; 0.0; 0.0; 0.0; 0.0; 0.0; 0.0; 0.0; 0.0; 0.0; 0.0; 0.0; 0.0; 5.87; 5.98; 6.13; 5.77; 0.0; 0.0; 0.0; 0; 0; 0.0; 0.0; 1; 3.81199961558; 0.0595145505462; 0.0435605063045; 0; 0; 0; 0; 0.0; 0.0; 0.0; -1.0; 0.0; 0.0; 0.0; 0.0; 0.0; 1.0;0; 0;0; 0; 
12.8884589672; 95608; 0.0; 0.0; -0.020093; 0.0; 0.0; 0.0; 0.0; 0.0; 0.0; 0.0; 0.0; 0.0; 0.0; 0.0; 0.0; 0.0; 0.0; 5.87; 5.98; 6.13; 5.77; 0.0; 0.0; 0.0; 0; 0; 0.0; 0.0; 1; 3.81199961558; 0.0595145505462; 0.0435605063045; 0; 0; 0; 0; 0.0; 0.0; 0.0; -1.0; 0.0; 0.0; 0.0; 0.0; 0.0; 1.0;0; 0;0; 0; 
12.8994650841; 95613; 0.0; 0.0; -0.021171; 0.0; 0.0; 0.0; 0.0; 0.0; 0.0; 0.0; 0.0; 0.0; 0.0; 0.0; 0.0; 0.0; 0.0; 5.87; 5.98; 6.13; 5.77; 0.0; 0.0; 0.0; 0; 0; 0.0; 0.0; 1; 3.81199961558; 0.0595145505462; 0.0435605063045; 0; 0; 0; 0; 0.0; 0.0; 0.0; -1.0; 0.0; 0.0; 0.0; 0.0; 0.0; 1.0;0; 0;0; 0; 
12.9108171463; 95618; 0.0; 0.0; -0.021929; 0.0; 0.0; 0.0; 0.0; 0.0; 0.0; 0.0; 0.0; 0.0; 0.0; 0.0; 0.0; 0.0; 0.0; 5.87; 5.98; 6.13; 5.77; 0.0; 0.0; 0.0; 0; 0; 0.0; 0.0; 1; 3.81199961558; 0.0595145505462; 0.0435605063045; 0; 0; 0; 0; 0.0; 0.0; 0.0; -1.0; 0.0; 0.0; 0.0; 0.0; 0.0; 1.0;0; 0;0; 0; 
12.9224121571; 95623; 0.0; 0.0; -0.022356; 0.0; 0.0; 0.0; 0.0; 0.0; 0.0; 0.0; 0.0; 0.0; 0.0; 0.0; 0.0; 0.0; 0.0; 5.87; 5.98; 6.13; 5.77; 0.0; 0.0; 0.0; 0; 0; 0.0; 0.0; 1; 3.81199961558; 0.0595145505462; 0.0435605063045; 0; 0; 0; 0; 0.0; 0.0; 0.0; -1.0; 0.0; 0.0; 0.0; 0.0; 0.0; 1.0;0; 0;0; 0; 
12.933809042; 95628; 0.0; 0.0; -0.022478; 0.0; 0.0; 0.0; 0.0; 0.0; 0.0; 0.0; 0.0; 0.0; 0.0; 0.0; 0.0; 0.0; 0.0; 5.87; 5.98; 6.13; 5.77; 0.0; 0.0; 0.0; 0; 0; 0.0; 0.0; 1; 3.81199961558; 0.0595145505462; 0.0435605063045; 0; 0; 0; 0; 0.0; 0.0; 0.0; -1.0; 0.0; 0.0; 0.0; 0.0; 0.0; 1.0;0; 0;0; 0; 
12.9461979866; 95633; 0.0; 0.0; -0.022419; 0.0; 0.0; 0.0; 0.0; 0.0; 0.0; 0.0; 0.0; 0.0; 0.0; 0.0; 0.0; 0.0; 0.0; 5.87; 5.98; 6.13; 5.77; 0.0; 0.0; 0.0; 0; 0; 0.0; 0.0; 1; 3.81199961558; 0.0595145505462; 0.0435605063045; 0; 0; 0; 0; 0.0; 0.0; 0.0; -1.0; 0.0; 0.0; 0.0; 0.0; 0.0; 1.0;0; 0;0; 0; 
12.9575572014; 95638; 0.0; 0.0; -0.02219; 0.0; 0.0; 0.0; 0.0; 0.0; 0.0; 0.0; 0.0; 0.0; 0.0; 0.0; 0.0; 0.0; 0.0; 5.87; 5.98; 6.13; 5.77; 0.0; 0.0; 0.0; 0; 0; 0.0; 0.0; 1; 3.81199961558; 0.0595145505462; 0.0435605063045; 0; 0; 0; 0; 0.0; 0.0; 0.0; -1.0; 0.0; 0.0; 0.0; 0.0; 0.0; 1.0;0; 0;0; 0; 
12.9682190418; 95643; 0.0; 0.0; -0.021802; 0.0; 0.0; 0.0; 0.0; 0.0; 0.0; 0.0; 0.0; 0.0; 0.0; 0.0; 0.0; 0.0; 0.0; 5.87; 5.98; 6.13; 5.77; 0.0; 0.0; 0.0; 0; 0; 0.0; 0.0; 1; 3.81199961558; 0.0595145505462; 0.0435605063045; 0; 0; 0; 0; 0.0; 0.0; 0.0; -1.0; 0.0; 0.0; 0.0; 0.0; 0.0; 1.0;0; 0;0; 0; 
12.9789521694; 95648; 0.0; 0.0; -0.021226; 0.0; 0.0; 0.0; 0.0; 0.0; 0.0; 0.0; 0.0; 0.0; 0.0; 0.0; 0.0; 0.0; 0.0; 5.87; 5.98; 6.13; 5.77; 0.0; 0.0; 0.0; 0; 0; 0.0; 0.0; 1; 3.81199961558; 0.0595145505462; 0.0435605063045; 0; 0; 0; 0; 0.0; 0.0; 0.0; -1.0; 0.0; 0.0; 0.0; 0.0; 0.0; 1.0;0; 0;0; 0; 
12.9899811745; 95653; 0.0; 0.0; -0.020442; 0.0; 0.0; 0.0; 0.0; 0.0; 0.0; 0.0; 0.0; 0.0; 0.0; 0.0; 0.0; 0.0; 0.0; 5.87; 5.98; 6.13; 5.77; 0.0; 0.0; 0.0; 0; 0; 0.0; 0.0; 1; 3.81199961558; 0.0595145505462; 0.0435605063045; 0; 0; 0; 0; 0.0; 0.0; 0.0; -1.0; 0.0; 0.0; 0.0; 0.0; 0.0; 1.0;0; 0;0; 0; 
13.0015749931; 95658; 0.0; 0.0; -0.019565; 0.0; 0.0; 0.0; 0.0; 0.0; 0.0; 0.0; 0.0; 0.0; 0.0; 0.0; 0.0; 0.0; 0.0; 5.87; 5.98; 6.13; 5.77; 0.0; 0.0; 0.0; 0; 0; 0.0; 0.0; 1; 3.81199961558; 0.0595145505462; 0.0435605063045; 0; 0; 0; 0; 0.0; 0.0; 0.0; -1.0; 0.0; 0.0; 0.0; 0.0; 0.0; 1.0;0; 0;0; 0; 
13.0131599903; 95663; 0.0; 0.0; -0.018669; 0.0; 0.0; 0.0; 0.0; 0.0; 0.0; 0.0; 0.0; 0.0; 0.0; 0.0; 0.0; 0.0; 0.0; 5.87; 5.98; 6.13; 5.77; 0.0; 0.0; 0.0; 0; 0; 0.0; 0.0; 1; 3.81199961558; 0.0595145505462; 0.0435605063045; 0; 0; 0; 0; 0.0; 0.0; 0.0; -1.0; 0.0; 0.0; 0.0; 0.0; 0.0; 1.0;0; 0;0; 0; 
13.0253500938; 95668; 0.0; 0.0; -0.017882; 0.0; 0.0; 0.0; 0.0; 0.0; 0.0; 0.0; 0.0; 0.0; 0.0; 0.0; 0.0; 0.0; 0.0; 5.87; 5.98; 6.13; 5.77; 0.0; 0.0; 0.0; 0; 0; 0.0; 0.0; 1; 3.81199961558; 0.0595145505462; 0.0435605063045; 0; 0; 0; 0; 0.0; 0.0; 0.0; -1.0; 0.0; 0.0; 0.0; 0.0; 0.0; 1.0;0; 0;0; 0; 
13.0375471115; 95673; 0.0; 0.0; -0.01732; 0.0; 0.0; 0.0; 0.0; 0.0; 0.0; 0.0; 0.0; 0.0; 0.0; 0.0; 0.0; 0.0; 0.0; 5.87; 5.98; 6.13; 5.77; 0.0; 0.0; 0.0; 0; 0; 0.0; 0.0; 1; 3.81199961558; 0.0595145505462; 0.0435605063045; 0; 0; 0; 0; 0.0; 0.0; 0.0; -1.0; 0.0; 0.0; 0.0; 0.0; 0.0; 1.0;0; 0;0; 0; 
13.0496749878; 95678; 0.0; 0.0; -0.016946; 0.0; 0.0; 0.0; 0.0; 0.0; 0.0; 0.0; 0.0; 0.0; 0.0; 0.0; 0.0; 0.0; 0.0; 5.61; 5.74; 5.78; 5.44; 0.0; 0.0; 0.0; 0; 0; 0.0; 0.0; 1; 3.81199961558; 0.0595145505462; 0.0435605063045; 0; 0; 0; 0; 0.0; 0.0; 0.0; -1.0; 0.0; 0.0; 0.0; 0.0; 0.0; 1.0;0; 0;0; 0; 
13.062002182; 95683; 0.0; 0.0; -0.016649; 0.0; 0.0; 0.0; 0.0; 0.0; 0.0; 0.0; 0.0; 0.0; 0.0; 0.0; 0.0; 0.0; 0.0; 5.61; 5.74; 5.78; 5.44; 0.0; 0.0; 0.0; 0; 0; 0.0; 0.0; 1; 3.81199961558; 0.0595145505462; 0.0435605063045; 0; 0; 0; 0; 0.0; 0.0; 0.0; -1.0; 0.0; 0.0; 0.0; 0.0; 0.0; 1.0;0; 0;0; 0; 
13.0728421211; 95688; 0.0; 0.0; -0.016301; 0.0; 0.0; 0.0; 0.0; 0.0; 0.0; 0.0; 0.0; 0.0; 0.0; 0.0; 0.0; 0.0; 0.0; 5.61; 5.74; 5.78; 5.44; 0.0; 0.0; 0.0; 0; 0; 0.0; 0.0; 1; 3.81199961558; 0.0595145505462; 0.0435605063045; 0; 0; 0; 0; 0.0; 0.0; 0.0; -1.0; 0.0; 0.0; 0.0; 0.0; 0.0; 1.0;0; 0;0; 0; 
13.0840520859; 95693; 0.0; 0.0; -0.015808; 0.0; 0.0; 0.0; 0.0; 0.0; 0.0; 0.0; 0.0; 0.0; 0.0; 0.0; 0.0; 0.0; 0.0; 5.61; 5.74; 5.78; 5.44; 0.0; 0.0; 0.0; 0; 0; 0.0; 0.0; 1; 3.81199961558; 0.0595145505462; 0.0435605063045; 0; 0; 0; 0; 0.0; 0.0; 0.0; -1.0; 0.0; 0.0; 0.0; 0.0; 0.0; 1.0;0; 0;0; 0; 
13.0962481499; 95698; 0.0; 0.0; -0.015156; 0.0; 0.0; 0.0; 0.0; 0.0; 0.0; 0.0; 0.0; 0.0; 0.0; 0.0; 0.0; 0.0; 0.0; 5.61; 5.74; 5.78; 5.44; 0.0; 0.0; 0.0; 0; 0; 0.0; 0.0; 1; 3.89376401147; 0.063148383193; 0.0453369653955; 0; 0; 0; 0; 0.0; 0.0; 0.0; -1.0; 0.0; 0.0; 0.0; 0.0; 0.0; 1.0;0; 0;0; 0; 
13.1074440479; 95703; 0.0; 0.0; -0.014397; 0.0; 0.0; 0.0; 0.0; 0.0; 0.0; 0.0; 0.0; 0.0; 0.0; 0.0; 0.0; 0.0; 0.0; 5.61; 5.74; 5.78; 5.44; 0.0; 0.0; 0.0; 0; 0; 0.0; 0.0; 1; 3.89376401147; 0.063148383193; 0.0453369653955; 0; 0; 0; 0; 0.0; 0.0; 0.0; -1.0; 0.0; 0.0; 0.0; 0.0; 0.0; 1.0;0; 0;0; 0; 
13.1213200092; 95708; 0.0; 0.0; -0.013713; 0.0; 0.0; 0.0; 0.0; 0.0; 0.0; 0.0; 0.0; 0.0; 0.0; 0.0; 0.0; 0.0; 0.0; 5.61; 5.74; 5.78; 5.44; 0.0; 0.0; 0.0; 0; 0; 0.0; 0.0; 1; 3.89376401147; 0.063148383193; 0.0453369653955; 0; 0; 0; 0; 0.0; 0.0; 0.0; -1.0; 0.0; 0.0; 0.0; 0.0; 0.0; 1.0;0; 0;0; 0; 
13.133409977; 95713; 0.0; 0.0; -0.013286; 0.0; 0.0; 0.0; 0.0; 0.0; 0.0; 0.0; 0.0; 0.0; 0.0; 0.0; 0.0; 0.0; 0.0; 5.61; 5.74; 5.78; 5.44; 0.0; 0.0; 0.0; 0; 0; 0.0; 0.0; 1; 3.89376401147; 0.063148383193; 0.0453369653955; 0; 0; 0; 0; 0.0; 0.0; 0.0; -1.0; 0.0; 0.0; 0.0; 0.0; 0.0; 1.0;0; 0;0; 0; 
13.1452770233; 95718; 0.0; 0.0; -0.013209; 0.0; 0.0; 0.0; 0.0; 0.0; 0.0; 0.0; 0.0; 0.0; 0.0; 0.0; 0.0; 0.0; 0.0; 5.61; 5.74; 5.78; 5.44; 0.0; 0.0; 0.0; 0; 0; 0.0; 0.0; 1; 3.89376401147; 0.063148383193; 0.0453369653955; 0; 0; 0; 0; 0.0; 0.0; 0.0; -1.0; 0.0; 0.0; 0.0; 0.0; 0.0; 1.0;0; 0;0; 0; 
13.1567020416; 95723; 0.0; 0.0; -0.013476; 0.0; 0.0; 0.0; 0.0; 0.0; 0.0; 0.0; 0.0; 0.0; 0.0; 0.0; 0.0; 0.0; 0.0; 5.61; 5.74; 5.78; 5.44; 0.0; 0.0; 0.0; 0; 0; 0.0; 0.0; 1; 3.89376401147; 0.063148383193; 0.0453369653955; 0; 0; 0; 0; 0.0; 0.0; 0.0; -1.0; 0.0; 0.0; 0.0; 0.0; 0.0; 1.0;0; 0;0; 0; 
13.1684510708; 95728; 0.0; 0.0; -0.014166; 0.0; 0.0; 0.0; 0.0; 0.0; 0.0; 0.0; 0.0; 0.0; 0.0; 0.0; 0.0; 0.0; 0.0; 5.61; 5.74; 5.78; 5.44; 0.0; 0.0; 0.0; 0; 0; 0.0; 0.0; 1; 3.89376401147; 0.063148383193; 0.0453369653955; 0; 0; 0; 0; 0.0; 0.0; 0.0; -1.0; 0.0; 0.0; 0.0; 0.0; 0.0; 1.0;0; 0;0; 0; 
13.1807460785; 95733; 0.0; 0.0; -0.015275; 0.0; 0.0; 0.0; 0.0; 0.0; 0.0; 0.0; 0.0; 0.0; 0.0; 0.0; 0.0; 0.0; 0.0; 5.61; 5.74; 5.78; 5.44; 0.0; 0.0; 0.0; 0; 0; 0.0; 0.0; 1; 3.89376401147; 0.063148383193; 0.0453369653955; 0; 0; 0; 0; 0.0; 0.0; 0.0; -1.0; 0.0; 0.0; 0.0; 0.0; 0.0; 1.0;0; 0;0; 0; 
13.1930000782; 95738; 0.0; 0.0; -0.016645; 0.0; 0.0; 0.0; 0.0; 0.0; 0.0; 0.0; 0.0; 0.0; 0.0; 0.0; 0.0; 0.0; 0.0; 5.61; 5.74; 5.78; 5.44; 0.0; 0.0; 0.0; 0; 0; 0.0; 0.0; 1; 3.89376401147; 0.063148383193; 0.0453369653955; 0; 0; 0; 0; 0.0; 0.0; 0.0; -1.0; 0.0; 0.0; 0.0; 0.0; 0.0; 1.0;0; 0;0; 0; 
13.2045140266; 95743; 0.0; 0.0; -0.018195; 0.0; 0.0; 0.0; 0.0; 0.0; 0.0; 0.0; 0.0; 0.0; 0.0; 0.0; 0.0; 0.0; 0.0; 5.61; 5.74; 5.78; 5.44; 0.0; 0.0; 0.0; 0; 0; 0.0; 0.0; 1; 3.89376401147; 0.063148383193; 0.0453369653955; 0; 0; 0; 0; 0.0; 0.0; 0.0; -1.0; 0.0; 0.0; 0.0; 0.0; 0.0; 1.0;0; 0;0; 0; 
13.2162411213; 95748; 0.0; 0.0; -0.019924; 0.0; 0.0; 0.0; 0.0; 0.0; 0.0; 0.0; 0.0; 0.0; 0.0; 0.0; 0.0; 0.0; 0.0; 5.61; 5.74; 5.78; 5.44; 0.0; 0.0; 0.0; 0; 0; 0.0; 0.0; 1; 3.89376401147; 0.063148383193; 0.0453369653955; 0; 0; 0; 0; 0.0; 0.0; 0.0; -1.0; 0.0; 0.0; 0.0; 0.0; 0.0; 1.0;0; 0;0; 0; 
13.2283651829; 95753; 0.0; 0.0; -0.02186; 0.0; 0.0; 0.0; 0.0; 0.0; 0.0; 0.0; 0.0; 0.0; 0.0; 0.0; 0.0; 0.0; 0.0; 5.61; 5.74; 5.78; 5.44; 0.0; 0.0; 0.0; 0; 0; 0.0; 0.0; 1; 3.89376401147; 0.063148383193; 0.0453369653955; 0; 0; 0; 0; 0.0; 0.0; 0.0; -1.0; 0.0; 0.0; 0.0; 0.0; 0.0; 1.0;0; 0;0; 0; 
13.2406010628; 95758; 0.0; 0.0; -0.023878; 0.0; 0.0; 0.0; 0.0; 0.0; 0.0; 0.0; 0.0; 0.0; 0.0; 0.0; 0.0; 0.0; 0.0; 5.61; 5.74; 5.78; 5.44; 0.0; 0.0; 0.0; 0; 0; 0.0; 0.0; 1; 3.89376401147; 0.063148383193; 0.0453369653955; 0; 0; 0; 0; 0.0; 0.0; 0.0; -1.0; 0.0; 0.0; 0.0; 0.0; 0.0; 1.0;0; 0;0; 0; 
13.2528870106; 95763; 0.0; 0.0; -0.025706; 0.0; 0.0; 0.0; 0.0; 0.0; 0.0; 0.0; 0.0; 0.0; 0.0; 0.0; 0.0; 0.0; 0.0; 5.61; 5.74; 5.78; 5.44; 0.0; 0.0; 0.0; 0; 0; 0.0; 0.0; 1; 3.89376401147; 0.063148383193; 0.0453369653955; 0; 0; 0; 0; 0.0; 0.0; 0.0; -1.0; 0.0; 0.0; 0.0; 0.0; 0.0; 1.0;0; 0;0; 0; 
13.2654261589; 95768; 0.0; 0.0; -0.02722; 0.0; 0.0; 0.0; 0.0; 0.0; 0.0; 0.0; 0.0; 0.0; 0.0; 0.0; 0.0; 0.0; 0.0; 5.61; 5.74; 5.78; 5.44; 0.0; 0.0; 0.0; 0; 0; 0.0; 0.0; 1; 3.89376401147; 0.063148383193; 0.0453369653955; 0; 0; 0; 0; 0.0; 0.0; 0.0; -1.0; 0.0; 0.0; 0.0; 0.0; 0.0; 1.0;0; 0;0; 0; 
13.2778329849; 95773; 0.0; 0.0; -0.028313; 0.0; 0.0; 0.0; 0.0; 0.0; 0.0; 0.0; 0.0; 0.0; 0.0; 0.0; 0.0; 0.0; 0.0; 5.61; 5.74; 5.78; 5.44; 0.0; 0.0; 0.0; 0; 0; 0.0; 0.0; 1; 3.89376401147; 0.063148383193; 0.0453369653955; 0; 0; 0; 0; 0.0; 0.0; 0.0; -1.0; 0.0; 0.0; 0.0; 0.0; 0.0; 1.0;0; 0;0; 0; 
13.289550066; 95778; 0.0; 0.0; -0.028824; 0.0; 0.0; 0.0; 0.0; 0.0; 0.0; 0.0; 0.0; 0.0; 0.0; 0.0; 0.0; 0.0; 0.0; 5.61; 5.74; 5.78; 5.44; 0.0; 0.0; 0.0; 0; 0; 0.0; 0.0; 1; 3.89376401147; 0.063148383193; 0.0453369653955; 0; 0; 0; 0; 0.0; 0.0; 0.0; -1.0; 0.0; 0.0; 0.0; 0.0; 0.0; 1.0;0; 0;0; 0; 
13.3019580841; 95783; 0.0; 0.0; -0.028631; 0.0; 0.0; 0.0; 0.0; 0.0; 0.0; 0.0; 0.0; 0.0; 0.0; 0.0; 0.0; 0.0; 0.0; 5.61; 5.74; 5.78; 5.44; 0.0; 0.0; 0.0; 0; 0; 0.0; 0.0; 1; 3.89376401147; 0.063148383193; 0.0453369653955; 0; 0; 0; 0; 0.0; 0.0; 0.0; -1.0; 0.0; 0.0; 0.0; 0.0; 0.0; 1.0;0; 0;0; 0; 
13.3130230904; 95788; 0.0; 0.0; -0.027719; 0.0; 0.0; 0.0; 0.0; 0.0; 0.0; 0.0; 0.0; 0.0; 0.0; 0.0; 0.0; 0.0; 0.0; 5.61; 5.74; 5.78; 5.44; 0.0; 0.0; 0.0; 0; 0; 0.0; 0.0; 1; 3.89376401147; 0.063148383193; 0.0453369653955; 0; 0; 0; 0; 0.0; 0.0; 0.0; -1.0; 0.0; 0.0; 0.0; 0.0; 0.0; 1.0;0; 0;0; 0; 
13.3238420486; 95793; 0.0; 0.0; -0.02622; 0.0; 0.0; 0.0; 0.0; 0.0; 0.0; 0.0; 0.0; 0.0; 0.0; 0.0; 0.0; 0.0; 0.0; 5.61; 5.74; 5.78; 5.44; 0.0; 0.0; 0.0; 0; 0; 0.0; 0.0; 1; 3.89376401147; 0.063148383193; 0.0453369653955; 0; 0; 0; 0; 0.0; 0.0; 0.0; -1.0; 0.0; 0.0; 0.0; 0.0; 0.0; 1.0;0; 0;0; 0; 
13.3358261585; 95798; 0.0; 0.0; -0.024385; 0.0; 0.0; 0.0; 0.0; 0.0; 0.0; 0.0; 0.0; 0.0; 0.0; 0.0; 0.0; 0.0; 0.0; 5.61; 5.74; 5.78; 5.44; 0.0; 0.0; 0.0; 0; 0; 0.0; 0.0; 1; 3.97109686594; 0.0667113951815; 0.0471342426682; 0; 0; 0; 0; 0.0; 0.0; 0.0; -1.0; 0.0; 0.0; 0.0; 0.0; 0.0; 1.0;0; 0;0; 0; 
13.3469350338; 95803; 0.0; 0.0; -0.022298; 0.0; 0.0; 0.0; 0.0; 0.0; 0.0; 0.0; 0.0; 0.0; 0.0; 0.0; 0.0; 0.0; 0.0; 5.61; 5.74; 5.78; 5.44; 0.0; 0.0; 0.0; 0; 0; 0.0; 0.0; 1; 3.97109686594; 0.0667113951815; 0.0471342426682; 0; 0; 0; 0; 0.0; 0.0; 0.0; -1.0; 0.0; 0.0; 0.0; 0.0; 0.0; 1.0;0; 0;0; 0; 
13.3586001396; 95808; 0.0; 0.0; -0.020179; 0.0; 0.0; 0.0; 0.0; 0.0; 0.0; 0.0; 0.0; 0.0; 0.0; 0.0; 0.0; 0.0; 0.0; 5.61; 5.74; 5.78; 5.44; 0.0; 0.0; 0.0; 0; 0; 0.0; 0.0; 1; 3.97109686594; 0.0667113951815; 0.0471342426682; 0; 0; 0; 0; 0.0; 0.0; 0.0; -1.0; 0.0; 0.0; 0.0; 0.0; 0.0; 1.0;0; 0;0; 0; 
13.3703169823; 95813; 0.0; 0.0; -0.018252; 0.0; 0.0; 0.0; 0.0; 0.0; 0.0; 0.0; 0.0; 0.0; 0.0; 0.0; 0.0; 0.0; 0.0; 5.61; 5.74; 5.78; 5.44; 0.0; 0.0; 0.0; 0; 0; 0.0; 0.0; 1; 3.97109686594; 0.0667113951815; 0.0471342426682; 0; 0; 0; 0; 0.0; 0.0; 0.0; -1.0; 0.0; 0.0; 0.0; 0.0; 0.0; 1.0;0; 0;0; 0; 
13.3814401627; 95818; 0.0; 0.0; -0.016778; 0.0; 0.0; 0.0; 0.0; 0.0; 0.0; 0.0; 0.0; 0.0; 0.0; 0.0; 0.0; 0.0; 0.0; 5.61; 5.74; 5.78; 5.44; 0.0; 0.0; 0.0; 0; 0; 0.0; 0.0; 1; 3.97109686594; 0.0667113951815; 0.0471342426682; 0; 0; 0; 0; 0.0; 0.0; 0.0; -1.0; 0.0; 0.0; 0.0; 0.0; 0.0; 1.0;0; 0;0; 0; 
13.3940160275; 95823; 0.0; 0.0; -0.015978; 0.0; 0.0; 0.0; 0.0; 0.0; 0.0; 0.0; 0.0; 0.0; 0.0; 0.0; 0.0; 0.0; 0.0; 5.61; 5.74; 5.78; 5.44; 0.0; 0.0; 0.0; 0; 0; 0.0; 0.0; 1; 3.97109686594; 0.0667113951815; 0.0471342426682; 0; 0; 0; 0; 0.0; 0.0; 0.0; -1.0; 0.0; 0.0; 0.0; 0.0; 0.0; 1.0;0; 0;0; 0; 
13.4063720703; 95828; 0.0; 0.0; -0.015852; 0.0; 0.0; 0.0; 0.0; 0.0; 0.0; 0.0; 0.0; 0.0; 0.0; 0.0; 0.0; 0.0; 0.0; 5.61; 5.74; 5.78; 5.44; 0.0; 0.0; 0.0; 0; 0; 0.0; 0.0; 1; 3.97109686594; 0.0667113951815; 0.0471342426682; 0; 0; 0; 0; 0.0; 0.0; 0.0; -1.0; 0.0; 0.0; 0.0; 0.0; 0.0; 1.0;0; 0;0; 0; 
13.419713974; 95833; 0.0; 0.0; -0.016413; 0.0; 0.0; 0.0; 0.0; 0.0; 0.0; 0.0; 0.0; 0.0; 0.0; 0.0; 0.0; 0.0; 0.0; 5.61; 5.74; 5.78; 5.44; 0.0; 0.0; 0.0; 0; 0; 0.0; 0.0; 1; 3.97109686594; 0.0667113951815; 0.0471342426682; 0; 0; 0; 0; 0.0; 0.0; 0.0; -1.0; 0.0; 0.0; 0.0; 0.0; 0.0; 1.0;0; 0;0; 0; 
13.4319310188; 95838; 0.0; 0.0; -0.017648; 0.0; 0.0; 0.0; 0.0; 0.0; 0.0; 0.0; 0.0; 0.0; 0.0; 0.0; 0.0; 0.0; 0.0; 5.61; 5.74; 5.78; 5.44; 0.0; 0.0; 0.0; 0; 0; 0.0; 0.0; 1; 3.97109686594; 0.0667113951815; 0.0471342426682; 0; 0; 0; 0; 0.0; 0.0; 0.0; -1.0; 0.0; 0.0; 0.0; 0.0; 0.0; 1.0;0; 0;0; 0; 
13.4429249763; 95843; 0.0; 0.0; -0.019369; 0.0; 0.0; 0.0; 0.0; 0.0; 0.0; 0.0; 0.0; 0.0; 0.0; 0.0; 0.0; 0.0; 0.0; 5.61; 5.74; 5.78; 5.44; 0.0; 0.0; 0.0; 0; 0; 0.0; 0.0; 1; 3.97109686594; 0.0667113951815; 0.0471342426682; 0; 0; 0; 0; 0.0; 0.0; 0.0; -1.0; 0.0; 0.0; 0.0; 0.0; 0.0; 1.0;0; 0;0; 0; 
13.4538221359; 95848; 0.0; 0.0; -0.021237; 0.0; 0.0; 0.0; 0.0; 0.0; 0.0; 0.0; 0.0; 0.0; 0.0; 0.0; 0.0; 0.0; 0.0; 5.61; 5.74; 5.78; 5.44; 0.0; 0.0; 0.0; 0; 0; 0.0; 0.0; 1; 3.97109686594; 0.0667113951815; 0.0471342426682; 0; 0; 0; 0; 0.0; 0.0; 0.0; -1.0; 0.0; 0.0; 0.0; 0.0; 0.0; 1.0;0; 0;0; 0; 
13.4661669731; 95853; 0.0; 0.0; -0.022867; 0.0; 0.0; 0.0; 0.0; 0.0; 0.0; 0.0; 0.0; 0.0; 0.0; 0.0; 0.0; 0.0; 0.0; 5.61; 5.74; 5.78; 5.44; 0.0; 0.0; 0.0; 0; 0; 0.0; 0.0; 1; 3.97109686594; 0.0667113951815; 0.0471342426682; 0; 0; 0; 0; 0.0; 0.0; 0.0; -1.0; 0.0; 0.0; 0.0; 0.0; 0.0; 1.0;0; 0;0; 0; 
13.4757289886; 95858; 0.0; 0.0; -0.024; 0.0; 0.0; 0.0; 0.0; 0.0; 0.0; 0.0; 0.0; 0.0; 0.0; 0.0; 0.0; 0.0; 0.0; 5.61; 5.74; 5.78; 5.44; 0.0; 0.0; 0.0; 0; 0; 0.0; 0.0; 1; 3.97109686594; 0.0667113951815; 0.0471342426682; 0; 0; 0; 0; 0.0; 0.0; 0.0; -1.0; 0.0; 0.0; 0.0; 0.0; 0.0; 1.0;0; 0;0; 0; 
13.4866662025; 95863; 0.0; 0.0; -0.024523; 0.0; 0.0; 0.0; 0.0; 0.0; 0.0; 0.0; 0.0; 0.0; 0.0; 0.0; 0.0; 0.0; 0.0; 5.61; 5.74; 5.78; 5.44; 0.0; 0.0; 0.0; 0; 0; 0.0; 0.0; 1; 3.97109686594; 0.0667113951815; 0.0471342426682; 0; 0; 0; 0; 0.0; 0.0; 0.0; -1.0; 0.0; 0.0; 0.0; 0.0; 0.0; 1.0;0; 0;0; 0; 
13.498718977; 95869; 0.0; 0.0; -0.024321; 0.0; 0.0; 0.0; 0.0; 0.0; 0.0; 0.0; 0.0; 0.0; 0.0; 0.0; 0.0; 0.0; 0.0; 5.61; 5.74; 5.78; 5.44; 0.0; 0.0; 0.0; 0; 0; 0.0; 0.0; 1; 3.97109686594; 0.0667113951815; 0.0471342426682; 0; 0; 0; 0; 0.0; 0.0; 0.0; -1.0; 0.0; 0.0; 0.0; 0.0; 0.0; 1.0;0; 0;0; 0; 
13.5090711117; 95874; 0.0; 0.0; -0.02329; 0.0; 0.0; 0.0; 0.0; 0.0; 0.0; 0.0; 0.0; 0.0; 0.0; 0.0; 0.0; 0.0; 0.0; 5.61; 5.74; 5.78; 5.44; 0.0; 0.0; 0.0; 0; 0; 0.0; 0.0; 1; 3.97109686594; 0.0667113951815; 0.0471342426682; 0; 0; 0; 0; 0.0; 0.0; 0.0; -1.0; 0.0; 0.0; 0.0; 0.0; 0.0; 1.0;0; 0;0; 0; 
13.5196871758; 95879; 0.0; 0.0; -0.021605; 0.0; 0.0; 0.0; 0.0; 0.0; 0.0; 0.0; 0.0; 0.0; 0.0; 0.0; 0.0; 0.0; 0.0; 5.32; 5.46; 5.58; 5.15; 0.0; 0.0; 0.0; 0; 0; 0.0; 0.0; 1; 3.97109686594; 0.0667113951815; 0.0471342426682; 0; 0; 0; 0; 0.0; 0.0; 0.0; -1.0; 0.0; 0.0; 0.0; 0.0; 0.0; 1.0;0; 0;0; 0; 
13.5301890373; 95884; 0.0; 0.0; -0.019498; 0.0; 0.0; 0.0; 0.0; 0.0; 0.0; 0.0; 0.0; 0.0; 0.0; 0.0; 0.0; 0.0; 0.0; 5.32; 5.46; 5.58; 5.15; 0.0; 0.0; 0.0; 0; 0; 0.0; 0.0; 1; 3.97109686594; 0.0667113951815; 0.0471342426682; 0; 0; 0; 0; 0.0; 0.0; 0.0; -1.0; 0.0; 0.0; 0.0; 0.0; 0.0; 1.0;0; 0;0; 0; 
13.5413930416; 95889; 0.0; 0.0; -0.017186; 0.0; 0.0; 0.0; 0.0; 0.0; 0.0; 0.0; 0.0; 0.0; 0.0; 0.0; 0.0; 0.0; 0.0; 5.32; 5.46; 5.58; 5.15; 0.0; 0.0; 0.0; 0; 0; 0.0; 0.0; 1; 3.97109686594; 0.0667113951815; 0.0471342426682; 0; 0; 0; 0; 0.0; 0.0; 0.0; -1.0; 0.0; 0.0; 0.0; 0.0; 0.0; 1.0;0; 0;0; 0; 
13.5533289909; 95894; 0.0; 0.0; -0.014804; 0.0; 0.0; 0.0; 0.0; 0.0; 0.0; 0.0; 0.0; 0.0; 0.0; 0.0; 0.0; 0.0; 0.0; 5.32; 5.46; 5.58; 5.15; 0.0; 0.0; 0.0; 0; 0; 0.0; 0.0; 1; 3.97109686594; 0.0667113951815; 0.0471342426682; 0; 0; 0; 0; 0.0; 0.0; 0.0; -1.0; 0.0; 0.0; 0.0; 0.0; 0.0; 1.0;0; 0;0; 0; 
13.5646159649; 95899; 0.0; 0.0; -0.012294; 0.0; 0.0; 0.0; 0.0; 0.0; 0.0; 0.0; 0.0; 0.0; 0.0; 0.0; 0.0; 0.0; 0.0; 5.32; 5.46; 5.58; 5.15; 0.0; 0.0; 0.0; 0; 0; 0.0; 0.0; 1; 4.04624687174; 0.0703233453962; 0.0490288044864; 0; 0; 0; 0; 0.0; 0.0; 0.0; -1.0; 0.0; 0.0; 0.0; 0.0; 0.0; 1.0;0; 0;0; 0; 
13.5751709938; 95904; 0.0; 0.0; -0.0098836; 0.0; 0.0; 0.0; 0.0; 0.0; 0.0; 0.0; 0.0; 0.0; 0.0; 0.0; 0.0; 0.0; 0.0; 5.32; 5.46; 5.58; 5.15; 0.0; 0.0; 0.0; 0; 0; 0.0; 0.0; 1; 4.04624687174; 0.0703233453962; 0.0490288044864; 0; 0; 0; 0; 0.0; 0.0; 0.0; -1.0; 0.0; 0.0; 0.0; 0.0; 0.0; 1.0;0; 0;0; 0; 
13.5861589909; 95909; 0.0; 0.0; -0.0077369; 0.0; 0.0; 0.0; 0.0; 0.0; 0.0; 0.0; 0.0; 0.0; 0.0; 0.0; 0.0; 0.0; 0.0; 5.32; 5.46; 5.58; 5.15; 0.0; 0.0; 0.0; 0; 0; 0.0; 0.0; 1; 4.04624687174; 0.0703233453962; 0.0490288044864; 0; 0; 0; 0; 0.0; 0.0; 0.0; -1.0; 0.0; 0.0; 0.0; 0.0; 0.0; 1.0;0; 0;0; 0; 
13.5974750519; 95914; 0.0; 0.0; -0.0059833; 0.0; 0.0; 0.0; 0.0; 0.0; 0.0; 0.0; 0.0; 0.0; 0.0; 0.0; 0.0; 0.0; 0.0; 5.32; 5.46; 5.58; 5.15; 0.0; 0.0; 0.0; 0; 0; 0.0; 0.0; 1; 4.04624687174; 0.0703233453962; 0.0490288044864; 0; 0; 0; 0; 0.0; 0.0; 0.0; -1.0; 0.0; 0.0; 0.0; 0.0; 0.0; 1.0;0; 0;0; 0; 
13.6088001728; 95919; 0.0; 0.0; -0.0048085; 0.0; 0.0; 0.0; 0.0; 0.0; 0.0; 0.0; 0.0; 0.0; 0.0; 0.0; 0.0; 0.0; 0.0; 5.32; 5.46; 5.58; 5.15; 0.0; 0.0; 0.0; 0; 0; 0.0; 0.0; 1; 4.04624687174; 0.0703233453962; 0.0490288044864; 0; 0; 0; 0; 0.0; 0.0; 0.0; -1.0; 0.0; 0.0; 0.0; 0.0; 0.0; 1.0;0; 0;0; 0; 
13.6202771664; 95924; 0.0; 0.0; -0.0042932; 0.0; 0.0; 0.0; 0.0; 0.0; 0.0; 0.0; 0.0; 0.0; 0.0; 0.0; 0.0; 0.0; 0.0; 5.32; 5.46; 5.58; 5.15; 0.0; 0.0; 0.0; 0; 0; 0.0; 0.0; 1; 4.04624687174; 0.0703233453962; 0.0490288044864; 0; 0; 0; 0; 0.0; 0.0; 0.0; -1.0; 0.0; 0.0; 0.0; 0.0; 0.0; 1.0;0; 0;0; 0; 
13.6314511299; 95929; 0.0; 0.0; -0.0046602; 0.0; 0.0; 0.0; 0.0; 0.0; 0.0; 0.0; 0.0; 0.0; 0.0; 0.0; 0.0; 0.0; 0.0; 5.32; 5.46; 5.58; 5.15; 0.0; 0.0; 0.0; 0; 0; 0.0; 0.0; 1; 4.04624687174; 0.0703233453962; 0.0490288044864; 0; 0; 0; 0; 0.0; 0.0; 0.0; -1.0; 0.0; 0.0; 0.0; 0.0; 0.0; 1.0;0; 0;0; 0; 
13.6425511837; 95934; 0.0; 0.0; -0.005896; 0.0; 0.0; 0.0; 0.0; 0.0; 0.0; 0.0; 0.0; 0.0; 0.0; 0.0; 0.0; 0.0; 0.0; 5.32; 5.46; 5.58; 5.15; 0.0; 0.0; 0.0; 0; 0; 0.0; 0.0; 1; 4.04624687174; 0.0703233453962; 0.0490288044864; 0; 0; 0; 0; 0.0; 0.0; 0.0; -1.0; 0.0; 0.0; 0.0; 0.0; 0.0; 1.0;0; 0;0; 0; 
13.6538980007; 95939; 0.0; 0.0; -0.007718; 0.0; 0.0; 0.0; 0.0; 0.0; 0.0; 0.0; 0.0; 0.0; 0.0; 0.0; 0.0; 0.0; 0.0; 5.32; 5.46; 5.58; 5.15; 0.0; 0.0; 0.0; 0; 0; 0.0; 0.0; 1; 4.04624687174; 0.0703233453962; 0.0490288044864; 0; 0; 0; 0; 0.0; 0.0; 0.0; -1.0; 0.0; 0.0; 0.0; 0.0; 0.0; 1.0;0; 0;0; 0; 
13.665241003; 95944; 0.0; 0.0; -0.0098973; 0.0; 0.0; 0.0; 0.0; 0.0; 0.0; 0.0; 0.0; 0.0; 0.0; 0.0; 0.0; 0.0; 0.0; 5.32; 5.46; 5.58; 5.15; 0.0; 0.0; 0.0; 0; 0; 0.0; 0.0; 1; 4.04624687174; 0.0703233453962; 0.0490288044864; 0; 0; 0; 0; 0.0; 0.0; 0.0; -1.0; 0.0; 0.0; 0.0; 0.0; 0.0; 1.0;0; 0;0; 0; 
13.6774320602; 95949; 0.0; 0.0; -0.012153; 0.0; 0.0; 0.0; 0.0; 0.0; 0.0; 0.0; 0.0; 0.0; 0.0; 0.0; 0.0; 0.0; 0.0; 5.32; 5.46; 5.58; 5.15; 0.0; 0.0; 0.0; 0; 0; 0.0; 0.0; 1; 4.04624687174; 0.0703233453962; 0.0490288044864; 0; 0; 0; 0; 0.0; 0.0; 0.0; -1.0; 0.0; 0.0; 0.0; 0.0; 0.0; 1.0;0; 0;0; 0; 
13.689150095; 95954; 0.0; 0.0; -0.014262; 0.0; 0.0; 0.0; 0.0; 0.0; 0.0; 0.0; 0.0; 0.0; 0.0; 0.0; 0.0; 0.0; 0.0; 5.32; 5.46; 5.58; 5.15; 0.0; 0.0; 0.0; 0; 0; 0.0; 0.0; 1; 4.04624687174; 0.0703233453962; 0.0490288044864; 0; 0; 0; 0; 0.0; 0.0; 0.0; -1.0; 0.0; 0.0; 0.0; 0.0; 0.0; 1.0;0; 0;0; 0; 
13.7008671761; 95959; 0.0; 0.0; -0.016006; 0.0; 0.0; 0.0; 0.0; 0.0; 0.0; 0.0; 0.0; 0.0; 0.0; 0.0; 0.0; 0.0; 0.0; 5.32; 5.46; 5.58; 5.15; 0.0; 0.0; 0.0; 0; 0; 0.0; 0.0; 1; 4.04624687174; 0.0703233453962; 0.0490288044864; 0; 0; 0; 0; 0.0; 0.0; 0.0; -1.0; 0.0; 0.0; 0.0; 0.0; 0.0; 1.0;0; 0;0; 0; 
13.7124910355; 95964; 0.0; 0.0; -0.017239; 0.0; 0.0; 0.0; 0.0; 0.0; 0.0; 0.0; 0.0; 0.0; 0.0; 0.0; 0.0; 0.0; 0.0; 5.32; 5.46; 5.58; 5.15; 0.0; 0.0; 0.0; 0; 0; 0.0; 0.0; 1; 4.04624687174; 0.0703233453962; 0.0490288044864; 0; 0; 0; 0; 0.0; 0.0; 0.0; -1.0; 0.0; 0.0; 0.0; 0.0; 0.0; 1.0;0; 0;0; 0; 
13.7239131927; 95969; 0.0; 0.0; -0.018047; 0.0; 0.0; 0.0; 0.0; 0.0; 0.0; 0.0; 0.0; 0.0; 0.0; 0.0; 0.0; 0.0; 0.0; 5.32; 5.46; 5.58; 5.15; 0.0; 0.0; 0.0; 0; 0; 0.0; 0.0; 1; 4.04624687174; 0.0703233453962; 0.0490288044864; 0; 0; 0; 0; 0.0; 0.0; 0.0; -1.0; 0.0; 0.0; 0.0; 0.0; 0.0; 1.0;0; 0;0; 0; 
13.7354140282; 95974; 0.0; 0.0; -0.018518; 0.0; 0.0; 0.0; 0.0; 0.0; 0.0; 0.0; 0.0; 0.0; 0.0; 0.0; 0.0; 0.0; 0.0; 4.96; 5.14; 5.17; 4.93; 0.0; 0.0; 0.0; 0; 0; 0.0; 0.0; 1; 4.04624687174; 0.0703233453962; 0.0490288044864; 0; 0; 0; 0; 0.0; 0.0; 0.0; -1.0; 0.0; 0.0; 0.0; 0.0; 0.0; 1.0;0; 0;0; 0; 
13.7469511032; 95979; 0.0; 0.0; -0.018559; 0.0; 0.0; 0.0; 0.0; 0.0; 0.0; 0.0; 0.0; 0.0; 0.0; 0.0; 0.0; 0.0; 0.0; 4.96; 5.14; 5.17; 4.93; 0.0; 0.0; 0.0; 0; 0; 0.0; 0.0; 1; 4.04624687174; 0.0703233453962; 0.0490288044864; 0; 0; 0; 0; 0.0; 0.0; 0.0; -1.0; 0.0; 0.0; 0.0; 0.0; 0.0; 1.0;0; 0;0; 0; 
13.7600371838; 95984; 0.0; 0.0; -0.018091; 0.0; 0.0; 0.0; 0.0; 0.0; 0.0; 0.0; 0.0; 0.0; 0.0; 0.0; 0.0; 0.0; 0.0; 4.96; 5.14; 5.17; 4.93; 0.0; 0.0; 0.0; 0; 0; 0.0; 0.0; 1; 4.04624687174; 0.0703233453962; 0.0490288044864; 0; 0; 0; 0; 0.0; 0.0; 0.0; -1.0; 0.0; 0.0; 0.0; 0.0; 0.0; 1.0;0; 0;0; 0; 
13.7716350555; 95989; 0.0; 0.0; -0.017168; 0.0; 0.0; 0.0; 0.0; 0.0; 0.0; 0.0; 0.0; 0.0; 0.0; 0.0; 0.0; 0.0; 0.0; 4.96; 5.14; 5.17; 4.93; 0.0; 0.0; 0.0; 0; 0; 0.0; 0.0; 1; 4.04624687174; 0.0703233453962; 0.0490288044864; 0; 0; 0; 0; 0.0; 0.0; 0.0; -1.0; 0.0; 0.0; 0.0; 0.0; 0.0; 1.0;0; 0;0; 0; 
13.783686161; 95994; 0.0; 0.0; -0.015936; 0.0; 0.0; 0.0; 0.0; 0.0; 0.0; 0.0; 0.0; 0.0; 0.0; 0.0; 0.0; 0.0; 0.0; 4.96; 5.14; 5.17; 4.93; 0.0; 0.0; 0.0; 0; 0; 0.0; 0.0; 1; 4.04624687174; 0.0703233453962; 0.0490288044864; 0; 0; 0; 0; 0.0; 0.0; 0.0; -1.0; 0.0; 0.0; 0.0; 0.0; 0.0; 1.0;0; 0;0; 0; 
13.7952451706; 95999; 0.0; 0.0; -0.014552; 0.0; 0.0; 0.0; 0.0; 0.0; 0.0; 0.0; 0.0; 0.0; 0.0; 0.0; 0.0; 0.0; 0.0; 4.96; 5.14; 5.17; 4.93; 0.0; 0.0; 0.0; 0; 0; 0.0; 0.0; 1; 4.11798121128; 0.0738733409151; 0.0501107044864; 0; 0; 0; 0; 0.0; 0.0; 0.0; -1.0; 0.0; 0.0; 0.0; 0.0; 0.0; 1.0;0; 0;0; 0; 
13.8081660271; 96004; 0.0; 0.0; -0.013148; 0.0; 0.0; 0.0; 0.0; 0.0; 0.0; 0.0; 0.0; 0.0; 0.0; 0.0; 0.0; 0.0; 0.0; 4.96; 5.14; 5.17; 4.93; 0.0; 0.0; 0.0; 0; 0; 0.0; 0.0; 1; 4.11798121128; 0.0738733409151; 0.0501107044864; 0; 0; 0; 0; 0.0; 0.0; 0.0; -1.0; 0.0; 0.0; 0.0; 0.0; 0.0; 1.0;0; 0;0; 0; 
13.8194031715; 96009; 0.0; 0.0; -0.011929; 0.0; 0.0; 0.0; 0.0; 0.0; 0.0; 0.0; 0.0; 0.0; 0.0; 0.0; 0.0; 0.0; 0.0; 4.96; 5.14; 5.17; 4.93; 0.0; 0.0; 0.0; 0; 0; 0.0; 0.0; 1; 4.11798121128; 0.0738733409151; 0.0501107044864; 0; 0; 0; 0; 0.0; 0.0; 0.0; -1.0; 0.0; 0.0; 0.0; 0.0; 0.0; 1.0;0; 0;0; 0; 
13.8314540386; 96014; 0.0; 0.0; -0.011218; 0.0; 0.0; 0.0; 0.0; 0.0; 0.0; 0.0; 0.0; 0.0; 0.0; 0.0; 0.0; 0.0; 0.0; 4.96; 5.14; 5.17; 4.93; 0.0; 0.0; 0.0; 0; 0; 0.0; 0.0; 1; 4.11798121128; 0.0738733409151; 0.0501107044864; 0; 0; 0; 0; 0.0; 0.0; 0.0; -1.0; 0.0; 0.0; 0.0; 0.0; 0.0; 1.0;0; 0;0; 0; 
13.8436310291; 96019; 0.0; 0.0; -0.01121; 0.0; 0.0; 0.0; 0.0; 0.0; 0.0; 0.0; 0.0; 0.0; 0.0; 0.0; 0.0; 0.0; 0.0; 4.96; 5.14; 5.17; 4.93; 0.0; 0.0; 0.0; 0; 0; 0.0; 0.0; 1; 4.11798121128; 0.0738733409151; 0.0501107044864; 0; 0; 0; 0; 0.0; 0.0; 0.0; -1.0; 0.0; 0.0; 0.0; 0.0; 0.0; 1.0;0; 0;0; 0; 
13.8550851345; 96024; 0.0; 0.0; -0.011927; 0.0; 0.0; 0.0; 0.0; 0.0; 0.0; 0.0; 0.0; 0.0; 0.0; 0.0; 0.0; 0.0; 0.0; 4.96; 5.14; 5.17; 4.93; 0.0; 0.0; 0.0; 0; 0; 0.0; 0.0; 1; 4.11798121128; 0.0738733409151; 0.0501107044864; 0; 0; 0; 0; 0.0; 0.0; 0.0; -1.0; 0.0; 0.0; 0.0; 0.0; 0.0; 1.0;0; 0;0; 0; 
13.8668470383; 96029; 0.0; 0.0; -0.013228; 0.0; 0.0; 0.0; 0.0; 0.0; 0.0; 0.0; 0.0; 0.0; 0.0; 0.0; 0.0; 0.0; 0.0; 4.96; 5.14; 5.17; 4.93; 0.0; 0.0; 0.0; 0; 0; 0.0; 0.0; 1; 4.11798121128; 0.0738733409151; 0.0501107044864; 0; 0; 0; 0; 0.0; 0.0; 0.0; -1.0; 0.0; 0.0; 0.0; 0.0; 0.0; 1.0;0; 0;0; 0; 
13.878770113; 96034; 0.0; 0.0; -0.01487; 0.0; 0.0; 0.0; 0.0; 0.0; 0.0; 0.0; 0.0; 0.0; 0.0; 0.0; 0.0; 0.0; 0.0; 4.96; 5.14; 5.17; 4.93; 0.0; 0.0; 0.0; 0; 0; 0.0; 0.0; 1; 4.11798121128; 0.0738733409151; 0.0501107044864; 0; 0; 0; 0; 0.0; 0.0; 0.0; -1.0; 0.0; 0.0; 0.0; 0.0; 0.0; 1.0;0; 0;0; 0; 
13.8908810616; 96039; 0.0; 0.0; -0.0167; 0.0; 0.0; 0.0; 0.0; 0.0; 0.0; 0.0; 0.0; 0.0; 0.0; 0.0; 0.0; 0.0; 0.0; 4.96; 5.14; 5.17; 4.93; 0.0; 0.0; 0.0; 0; 0; 0.0; 0.0; 1; 4.11798121128; 0.0738733409151; 0.0501107044864; 0; 0; 0; 0; 0.0; 0.0; 0.0; -1.0; 0.0; 0.0; 0.0; 0.0; 0.0; 1.0;0; 0;0; 0; 
13.902556181; 96044; 0.0; 0.0; -0.018429; 0.0; 0.0; 0.0; 0.0; 0.0; 0.0; 0.0; 0.0; 0.0; 0.0; 0.0; 0.0; 0.0; 0.0; 4.96; 5.14; 5.17; 4.93; 0.0; 0.0; 0.0; 0; 0; 0.0; 0.0; 1; 4.11798121128; 0.0738733409151; 0.0501107044864; 0; 0; 0; 0; 0.0; 0.0; 0.0; -1.0; 0.0; 0.0; 0.0; 0.0; 0.0; 1.0;0; 0;0; 0; 
13.9145150185; 96049; 0.0; 0.0; -0.019748; 0.0; 0.0; 0.0; 0.0; 0.0; 0.0; 0.0; 0.0; 0.0; 0.0; 0.0; 0.0; 0.0; 0.0; 4.96; 5.14; 5.17; 4.93; 0.0; 0.0; 0.0; 0; 0; 0.0; 0.0; 1; 4.11798121128; 0.0738733409151; 0.0501107044864; 0; 0; 0; 0; 0.0; 0.0; 0.0; -1.0; 0.0; 0.0; 0.0; 0.0; 0.0; 1.0;0; 0;0; 0; 
13.925976038; 96054; 0.0; 0.0; -0.020407; 0.0; 0.0; 0.0; 0.0; 0.0; 0.0; 0.0; 0.0; 0.0; 0.0; 0.0; 0.0; 0.0; 0.0; 4.96; 5.14; 5.17; 4.93; 0.0; 0.0; 0.0; 0; 0; 0.0; 0.0; 1; 4.11798121128; 0.0738733409151; 0.0501107044864; 0; 0; 0; 0; 0.0; 0.0; 0.0; -1.0; 0.0; 0.0; 0.0; 0.0; 0.0; 1.0;0; 0;0; 0; 
13.9370009899; 96059; 0.0; 0.0; -0.02023; 0.0; 0.0; 0.0; 0.0; 0.0; 0.0; 0.0; 0.0; 0.0; 0.0; 0.0; 0.0; 0.0; 0.0; 4.96; 5.14; 5.17; 4.93; 0.0; 0.0; 0.0; 0; 0; 0.0; 0.0; 1; 4.11798121128; 0.0738733409151; 0.0501107044864; 0; 0; 0; 0; 0.0; 0.0; 0.0; -1.0; 0.0; 0.0; 0.0; 0.0; 0.0; 1.0;0; 0;0; 0; 
13.9491651058; 96064; 0.0; 0.0; -0.019318; 0.0; 0.0; 0.0; 0.0; 0.0; 0.0; 0.0; 0.0; 0.0; 0.0; 0.0; 0.0; 0.0; 0.0; 4.96; 5.14; 5.17; 4.93; 0.0; 0.0; 0.0; 0; 0; 0.0; 0.0; 1; 4.11798121128; 0.0738733409151; 0.0501107044864; 0; 0; 0; 0; 0.0; 0.0; 0.0; -1.0; 0.0; 0.0; 0.0; 0.0; 0.0; 1.0;0; 0;0; 0; 
13.9607191086; 96069; 0.0; 0.0; -0.017746; 0.0; 0.0; 0.0; 0.0; 0.0; 0.0; 0.0; 0.0; 0.0; 0.0; 0.0; 0.0; 0.0; 0.0; 4.96; 5.14; 5.17; 4.93; 0.0; 0.0; 0.0; 0; 0; 0.0; 0.0; 1; 4.11798121128; 0.0738733409151; 0.0501107044864; 0; 0; 0; 0; 0.0; 0.0; 0.0; -1.0; 0.0; 0.0; 0.0; 0.0; 0.0; 1.0;0; 0;0; 0; 
13.9737920761; 96074; 0.0; 0.0; -0.015702; 0.0; 0.0; 0.0; 0.0; 0.0; 0.0; 0.0; 0.0; 0.0; 0.0; 0.0; 0.0; 0.0; 0.0; 4.68; 4.87; 4.97; 4.59; 0.0; 0.0; 0.0; 0; 0; 0.0; 0.0; 1; 4.11798121128; 0.0738733409151; 0.0501107044864; 0; 0; 0; 0; 0.0; 0.0; 0.0; -1.0; 0.0; 0.0; 0.0; 0.0; 0.0; 1.0;0; 0;0; 0; 
13.9858269691; 96079; 0.0; 0.0; -0.013416; 0.0; 0.0; 0.0; 0.0; 0.0; 0.0; 0.0; 0.0; 0.0; 0.0; 0.0; 0.0; 0.0; 0.0; 4.68; 4.87; 4.97; 4.59; 0.0; 0.0; 0.0; 0; 0; 0.0; 0.0; 1; 4.11798121128; 0.0738733409151; 0.0501107044864; 0; 0; 0; 0; 0.0; 0.0; 0.0; -1.0; 0.0; 0.0; 0.0; 0.0; 0.0; 1.0;0; 0;0; 0; 
13.9975731373; 96084; 0.0; 0.0; -0.011093; 0.0; 0.0; 0.0; 0.0; 0.0; 0.0; 0.0; 0.0; 0.0; 0.0; 0.0; 0.0; 0.0; 0.0; 4.68; 4.87; 4.97; 4.59; 0.0; 0.0; 0.0; 0; 0; 0.0; 0.0; 1; 4.11798121128; 0.0738733409151; 0.0501107044864; 0; 0; 0; 0; 0.0; 0.0; 0.0; -1.0; 0.0; 0.0; 0.0; 0.0; 0.0; 1.0;0; 0;0; 0; 
14.0097751617; 96089; 0.0; 0.0; -0.0090205; 0.0; 0.0; 0.0; 0.0; 0.0; 0.0; 0.0; 0.0; 0.0; 0.0; 0.0; 0.0; 0.0; 0.0; 4.68; 4.87; 4.97; 4.59; 0.0; 0.0; 0.0; 0; 0; 0.0; 0.0; 1; 4.11798121128; 0.0738733409151; 0.0501107044864; 0; 0; 0; 0; 0.0; 0.0; 0.0; -1.0; 0.0; 0.0; 0.0; 0.0; 0.0; 1.0;0; 0;0; 0; 
14.0219230652; 96094; 0.0; 0.0; -0.0073797; 0.0; 0.0; 0.0; 0.0; 0.0; 0.0; 0.0; 0.0; 0.0; 0.0; 0.0; 0.0; 0.0; 0.0; 4.68; 4.87; 4.97; 4.59; 0.0; 0.0; 0.0; 0; 0; 0.0; 0.0; 1; 4.11798121128; 0.0738733409151; 0.0501107044864; 0; 0; 0; 0; 0.0; 0.0; 0.0; -1.0; 0.0; 0.0; 0.0; 0.0; 0.0; 1.0;0; 0;0; 0; 
14.0328559875; 96099; 0.0; 0.0; -0.0062519; 0.0; 0.0; 0.0; 0.0; 0.0; 0.0; 0.0; 0.0; 0.0; 0.0; 0.0; 0.0; 0.0; 0.0; 4.68; 4.87; 4.97; 4.59; 0.0; 0.0; 0.0; 0; 0; 0.0; 0.0; 1; 4.18644907332; 0.0773503213946; 0.0514735567591; 0; 0; 0; 0; 0.0; 0.0; 0.0; -1.0; 0.0; 0.0; 0.0; 0.0; 0.0; 1.0;0; 0;0; 0; 
14.0450491905; 96104; 0.0; 0.0; -0.0057183; 0.0; 0.0; 0.0; 0.0; 0.0; 0.0; 0.0; 0.0; 0.0; 0.0; 0.0; 0.0; 0.0; 0.0; 4.68; 4.87; 4.97; 4.59; 0.0; 0.0; 0.0; 0; 0; 0.0; 0.0; 1; 4.18644907332; 0.0773503213946; 0.0514735567591; 0; 0; 0; 0; 0.0; 0.0; 0.0; -1.0; 0.0; 0.0; 0.0; 0.0; 0.0; 1.0;0; 0;0; 0; 
14.0560650826; 96109; 0.0; 0.0; -0.0058253; 0.0; 0.0; 0.0; 0.0; 0.0; 0.0; 0.0; 0.0; 0.0; 0.0; 0.0; 0.0; 0.0; 0.0; 4.68; 4.87; 4.97; 4.59; 0.0; 0.0; 0.0; 0; 0; 0.0; 0.0; 1; 4.18644907332; 0.0773503213946; 0.0514735567591; 0; 0; 0; 0; 0.0; 0.0; 0.0; -1.0; 0.0; 0.0; 0.0; 0.0; 0.0; 1.0;0; 0;0; 0; 
14.0671219826; 96114; 0.0; 0.0; -0.0065542; 0.0; 0.0; 0.0; 0.0; 0.0; 0.0; 0.0; 0.0; 0.0; 0.0; 0.0; 0.0; 0.0; 0.0; 4.68; 4.87; 4.97; 4.59; 0.0; 0.0; 0.0; 0; 0; 0.0; 0.0; 1; 4.18644907332; 0.0773503213946; 0.0514735567591; 0; 0; 0; 0; 0.0; 0.0; 0.0; -1.0; 0.0; 0.0; 0.0; 0.0; 0.0; 1.0;0; 0;0; 0; 
14.0787501335; 96119; 0.0; 0.0; -0.007836; 0.0; 0.0; 0.0; 0.0; 0.0; 0.0; 0.0; 0.0; 0.0; 0.0; 0.0; 0.0; 0.0; 0.0; 4.68; 4.87; 4.97; 4.59; 0.0; 0.0; 0.0; 0; 0; 0.0; 0.0; 1; 4.18644907332; 0.0773503213946; 0.0514735567591; 0; 0; 0; 0; 0.0; 0.0; 0.0; -1.0; 0.0; 0.0; 0.0; 0.0; 0.0; 1.0;0; 0;0; 0; 
14.089892149; 96124; 0.0; 0.0; -0.0095101; 0.0; 0.0; 0.0; 0.0; 0.0; 0.0; 0.0; 0.0; 0.0; 0.0; 0.0; 0.0; 0.0; 0.0; 4.68; 4.87; 4.97; 4.59; 0.0; 0.0; 0.0; 0; 0; 0.0; 0.0; 1; 4.18644907332; 0.0773503213946; 0.0514735567591; 0; 0; 0; 0; 0.0; 0.0; 0.0; -1.0; 0.0; 0.0; 0.0; 0.0; 0.0; 1.0;0; 0;0; 0; 
14.1019961834; 96129; 0.0; 0.0; -0.011403; 0.0; 0.0; 0.0; 0.0; 0.0; 0.0; 0.0; 0.0; 0.0; 0.0; 0.0; 0.0; 0.0; 0.0; 4.68; 4.87; 4.97; 4.59; 0.0; 0.0; 0.0; 0; 0; 0.0; 0.0; 1; 4.18644907332; 0.0773503213946; 0.0514735567591; 0; 0; 0; 0; 0.0; 0.0; 0.0; -1.0; 0.0; 0.0; 0.0; 0.0; 0.0; 1.0;0; 0;0; 0; 
14.1131420135; 96134; 0.0; 0.0; -0.013291; 0.0; 0.0; 0.0; 0.0; 0.0; 0.0; 0.0; 0.0; 0.0; 0.0; 0.0; 0.0; 0.0; 0.0; 4.68; 4.87; 4.97; 4.59; 0.0; 0.0; 0.0; 0; 0; 0.0; 0.0; 1; 4.18644907332; 0.0773503213946; 0.0514735567591; 0; 0; 0; 0; 0.0; 0.0; 0.0; -1.0; 0.0; 0.0; 0.0; 0.0; 0.0; 1.0;0; 0;0; 0; 
14.1254310608; 96139; 0.0; 0.0; -0.01493; 0.0; 0.0; 0.0; 0.0; 0.0; 0.0; 0.0; 0.0; 0.0; 0.0; 0.0; 0.0; 0.0; 0.0; 4.68; 4.87; 4.97; 4.59; 0.0; 0.0; 0.0; 0; 0; 0.0; 0.0; 1; 4.18644907332; 0.0773503213946; 0.0514735567591; 0; 0; 0; 0; 0.0; 0.0; 0.0; -1.0; 0.0; 0.0; 0.0; 0.0; 0.0; 1.0;0; 0;0; 0; 
14.1376020908; 96144; 0.0; 0.0; -0.016094; 0.0; 0.0; 0.0; 0.0; 0.0; 0.0; 0.0; 0.0; 0.0; 0.0; 0.0; 0.0; 0.0; 0.0; 4.68; 4.87; 4.97; 4.59; 0.0; 0.0; 0.0; 0; 0; 0.0; 0.0; 1; 4.18644907332; 0.0773503213946; 0.0514735567591; 0; 0; 0; 0; 0.0; 0.0; 0.0; -1.0; 0.0; 0.0; 0.0; 0.0; 0.0; 1.0;0; 0;0; 0; 
14.1496150494; 96149; 0.0; 0.0; -0.016665; 0.0; 0.0; 0.0; 0.0; 0.0; 0.0; 0.0; 0.0; 0.0; 0.0; 0.0; 0.0; 0.0; 0.0; 4.68; 4.87; 4.97; 4.59; 0.0; 0.0; 0.0; 0; 0; 0.0; 0.0; 1; 4.18644907332; 0.0773503213946; 0.0514735567591; 0; 0; 0; 0; 0.0; 0.0; 0.0; -1.0; 0.0; 0.0; 0.0; 0.0; 0.0; 1.0;0; 0;0; 0; 
14.161960125; 96154; 0.0; 0.0; -0.016592; 0.0; 0.0; 0.0; 0.0; 0.0; 0.0; 0.0; 0.0; 0.0; 0.0; 0.0; 0.0; 0.0; 0.0; 4.68; 4.87; 4.97; 4.59; 0.0; 0.0; 0.0; 0; 0; 0.0; 0.0; 1; 4.18644907332; 0.0773503213946; 0.0514735567591; 0; 0; 0; 0; 0.0; 0.0; 0.0; -1.0; 0.0; 0.0; 0.0; 0.0; 0.0; 1.0;0; 0;0; 0; 
14.1737442017; 96159; 0.0; 0.0; -0.015938; 0.0; 0.0; 0.0; 0.0; 0.0; 0.0; 0.0; 0.0; 0.0; 0.0; 0.0; 0.0; 0.0; 0.0; 4.68; 4.87; 4.97; 4.59; 0.0; 0.0; 0.0; 0; 0; 0.0; 0.0; 1; 4.18644907332; 0.0773503213946; 0.0514735567591; 0; 0; 0; 0; 0.0; 0.0; 0.0; -1.0; 0.0; 0.0; 0.0; 0.0; 0.0; 1.0;0; 0;0; 0; 
14.1858270168; 96164; 0.0; 0.0; -0.014868; 0.0; 0.0; 0.0; 0.0; 0.0; 0.0; 0.0; 0.0; 0.0; 0.0; 0.0; 0.0; 0.0; 0.0; 4.68; 4.87; 4.97; 4.59; 0.0; 0.0; 0.0; 0; 0; 0.0; 0.0; 1; 4.18644907332; 0.0773503213946; 0.0514735567591; 0; 0; 0; 0; 0.0; 0.0; 0.0; -1.0; 0.0; 0.0; 0.0; 0.0; 0.0; 1.0;0; 0;0; 0; 
14.1980390549; 96169; 0.0; 0.0; -0.013555; 0.0; 0.0; 0.0; 0.0; 0.0; 0.0; 0.0; 0.0; 0.0; 0.0; 0.0; 0.0; 0.0; 0.0; 4.68; 4.87; 4.97; 4.59; 0.0; 0.0; 0.0; 0; 0; 0.0; 0.0; 1; 4.18644907332; 0.0773503213946; 0.0514735567591; 0; 0; 0; 0; 0.0; 0.0; 0.0; -1.0; 0.0; 0.0; 0.0; 0.0; 0.0; 1.0;0; 0;0; 0; 
14.2093691826; 96174; 0.0; 0.0; -0.012283; 0.0; 0.0; 0.0; 0.0; 0.0; 0.0; 0.0; 0.0; 0.0; 0.0; 0.0; 0.0; 0.0; 0.0; 4.44; 4.57; 4.57; 4.41; 0.0; 0.0; 0.0; 0; 0; 0.0; 0.0; 1; 4.18644907332; 0.0773503213946; 0.0514735567591; 0; 0; 0; 0; 0.0; 0.0; 0.0; -1.0; 0.0; 0.0; 0.0; 0.0; 0.0; 1.0;0; 0;0; 0; 
14.2209990025; 96179; 0.0; 0.0; -0.011296; 0.0; 0.0; 0.0; 0.0; 0.0; 0.0; 0.0; 0.0; 0.0; 0.0; 0.0; 0.0; 0.0; 0.0; 4.44; 4.57; 4.57; 4.41; 0.0; 0.0; 0.0; 0; 0; 0.0; 0.0; 1; 4.18644907332; 0.0773503213946; 0.0514735567591; 0; 0; 0; 0; 0.0; 0.0; 0.0; -1.0; 0.0; 0.0; 0.0; 0.0; 0.0; 1.0;0; 0;0; 0; 
14.2325100899; 96184; 0.0; 0.0; -0.010769; 0.0; 0.0; 0.0; 0.0; 0.0; 0.0; 0.0; 0.0; 0.0; 0.0; 0.0; 0.0; 0.0; 0.0; 4.44; 4.57; 4.57; 4.41; 0.0; 0.0; 0.0; 0; 0; 0.0; 0.0; 1; 4.18644907332; 0.0773503213946; 0.0514735567591; 0; 0; 0; 0; 0.0; 0.0; 0.0; -1.0; 0.0; 0.0; 0.0; 0.0; 0.0; 1.0;0; 0;0; 0; 
14.2444450855; 96189; 0.0; 0.0; -0.010764; 0.0; 0.0; 0.0; 0.0; 0.0; 0.0; 0.0; 0.0; 0.0; 0.0; 0.0; 0.0; 0.0; 0.0; 4.44; 4.57; 4.57; 4.41; 0.0; 0.0; 0.0; 0; 0; 0.0; 0.0; 1; 4.18644907332; 0.0773503213946; 0.0514735567591; 0; 0; 0; 0; 0.0; 0.0; 0.0; -1.0; 0.0; 0.0; 0.0; 0.0; 0.0; 1.0;0; 0;0; 0; 
14.2558860779; 96194; 0.0; 0.0; -0.0112; 0.0; 0.0; 0.0; 0.0; 0.0; 0.0; 0.0; 0.0; 0.0; 0.0; 0.0; 0.0; 0.0; 0.0; 4.44; 4.57; 4.57; 4.41; 0.0; 0.0; 0.0; 0; 0; 0.0; 0.0; 1; 4.18644907332; 0.0773503213946; 0.0514735567591; 0; 0; 0; 0; 0.0; 0.0; 0.0; -1.0; 0.0; 0.0; 0.0; 0.0; 0.0; 1.0;0; 0;0; 0; 
14.2694330215; 96199; 0.0; 0.0; -0.012024; 0.0; 0.0; 0.0; 0.0; 0.0; 0.0; 0.0; 0.0; 0.0; 0.0; 0.0; 0.0; 0.0; 0.0; 4.44; 4.57; 4.57; 4.41; 0.0; 0.0; 0.0; 0; 0; 0.0; 0.0; 1; 4.25146638976; 0.0807277460639; 0.0525077544864; 0; 0; 0; 0; 0.0; 0.0; 0.0; -1.0; 0.0; 0.0; 0.0; 0.0; 0.0; 1.0;0; 0;0; 0; 
14.2796201706; 96204; 0.0; 0.0; -0.013082; 0.0; 0.0; 0.0; 0.0; 0.0; 0.0; 0.0; 0.0; 0.0; 0.0; 0.0; 0.0; 0.0; 0.0; 4.44; 4.57; 4.57; 4.41; 0.0; 0.0; 0.0; 0; 0; 0.0; 0.0; 1; 4.25146638976; 0.0807277460639; 0.0525077544864; 0; 0; 0; 0; 0.0; 0.0; 0.0; -1.0; 0.0; 0.0; 0.0; 0.0; 0.0; 1.0;0; 0;0; 0; 
14.2918460369; 96209; 0.0; 0.0; -0.014195; 0.0; 0.0; 0.0; 0.0; 0.0; 0.0; 0.0; 0.0; 0.0; 0.0; 0.0; 0.0; 0.0; 0.0; 4.44; 4.57; 4.57; 4.41; 0.0; 0.0; 0.0; 0; 0; 0.0; 0.0; 1; 4.25146638976; 0.0807277460639; 0.0525077544864; 0; 0; 0; 0; 0.0; 0.0; 0.0; -1.0; 0.0; 0.0; 0.0; 0.0; 0.0; 1.0;0; 0;0; 0; 
14.3033549786; 96214; 0.0; 0.0; -0.015231; 0.0; 0.0; 0.0; 0.0; 0.0; 0.0; 0.0; 0.0; 0.0; 0.0; 0.0; 0.0; 0.0; 0.0; 4.44; 4.57; 4.57; 4.41; 0.0; 0.0; 0.0; 0; 0; 0.0; 0.0; 1; 4.25146638976; 0.0807277460639; 0.0525077544864; 0; 0; 0; 0; 0.0; 0.0; 0.0; -1.0; 0.0; 0.0; 0.0; 0.0; 0.0; 1.0;0; 0;0; 0; 
14.315002203; 96219; 0.0; 0.0; -0.016118; 0.0; 0.0; 0.0; 0.0; 0.0; 0.0; 0.0; 0.0; 0.0; 0.0; 0.0; 0.0; 0.0; 0.0; 4.44; 4.57; 4.57; 4.41; 0.0; 0.0; 0.0; 0; 0; 0.0; 0.0; 1; 4.25146638976; 0.0807277460639; 0.0525077544864; 0; 0; 0; 0; 0.0; 0.0; 0.0; -1.0; 0.0; 0.0; 0.0; 0.0; 0.0; 1.0;0; 0;0; 0; 
14.3265120983; 96224; 0.0; 0.0; -0.01686; 0.0; 0.0; 0.0; 0.0; 0.0; 0.0; 0.0; 0.0; 0.0; 0.0; 0.0; 0.0; 0.0; 0.0; 4.44; 4.57; 4.57; 4.41; 0.0; 0.0; 0.0; 0; 0; 0.0; 0.0; 1; 4.25146638976; 0.0807277460639; 0.0525077544864; 0; 0; 0; 0; 0.0; 0.0; 0.0; -1.0; 0.0; 0.0; 0.0; 0.0; 0.0; 1.0;0; 0;0; 0; 
14.3375971317; 96229; 0.0; 0.0; -0.017444; 0.0; 0.0; 0.0; 0.0; 0.0; 0.0; 0.0; 0.0; 0.0; 0.0; 0.0; 0.0; 0.0; 0.0; 4.44; 4.57; 4.57; 4.41; 0.0; 0.0; 0.0; 0; 0; 0.0; 0.0; 1; 4.25146638976; 0.0807277460639; 0.0525077544864; 0; 0; 0; 0; 0.0; 0.0; 0.0; -1.0; 0.0; 0.0; 0.0; 0.0; 0.0; 1.0;0; 0;0; 0; 
14.3494770527; 96234; 0.0; 0.0; -0.017913; 0.0; 0.0; 0.0; 0.0; 0.0; 0.0; 0.0; 0.0; 0.0; 0.0; 0.0; 0.0; 0.0; 0.0; 4.44; 4.57; 4.57; 4.41; 0.0; 0.0; 0.0; 0; 0; 0.0; 0.0; 1; 4.25146638976; 0.0807277460639; 0.0525077544864; 0; 0; 0; 0; 0.0; 0.0; 0.0; -1.0; 0.0; 0.0; 0.0; 0.0; 0.0; 1.0;0; 0;0; 0; 
14.3610930443; 96239; 0.0; 0.0; -0.01829; 0.0; 0.0; 0.0; 0.0; 0.0; 0.0; 0.0; 0.0; 0.0; 0.0; 0.0; 0.0; 0.0; 0.0; 4.44; 4.57; 4.57; 4.41; 0.0; 0.0; 0.0; 0; 0; 0.0; 0.0; 1; 4.25146638976; 0.0807277460639; 0.0525077544864; 0; 0; 0; 0; 0.0; 0.0; 0.0; -1.0; 0.0; 0.0; 0.0; 0.0; 0.0; 1.0;0; 0;0; 0; 
14.3731441498; 96244; 0.0; 0.0; -0.018567; 0.0; 0.0; 0.0; 0.0; 0.0; 0.0; 0.0; 0.0; 0.0; 0.0; 0.0; 0.0; 0.0; 0.0; 4.44; 4.57; 4.57; 4.41; 0.0; 0.0; 0.0; 0; 0; 0.0; 0.0; 1; 4.25146638976; 0.0807277460639; 0.0525077544864; 0; 0; 0; 0; 0.0; 0.0; 0.0; -1.0; 0.0; 0.0; 0.0; 0.0; 0.0; 1.0;0; 0;0; 0; 
14.3854651451; 96249; 0.0; 0.0; -0.018753; 0.0; 0.0; 0.0; 0.0; 0.0; 0.0; 0.0; 0.0; 0.0; 0.0; 0.0; 0.0; 0.0; 0.0; 4.44; 4.57; 4.57; 4.41; 0.0; 0.0; 0.0; 0; 0; 0.0; 0.0; 1; 4.25146638976; 0.0807277460639; 0.0525077544864; 0; 0; 0; 0; 0.0; 0.0; 0.0; -1.0; 0.0; 0.0; 0.0; 0.0; 0.0; 1.0;0; 0;0; 0; 
14.398168087; 96254; 0.0; 0.0; -0.018816; 0.0; 0.0; 0.0; 0.0; 0.0; 0.0; 0.0; 0.0; 0.0; 0.0; 0.0; 0.0; 0.0; 0.0; 4.44; 4.57; 4.57; 4.41; 0.0; 0.0; 0.0; 0; 0; 0.0; 0.0; 1; 4.25146638976; 0.0807277460639; 0.0525077544864; 0; 0; 0; 0; 0.0; 0.0; 0.0; -1.0; 0.0; 0.0; 0.0; 0.0; 0.0; 1.0;0; 0;0; 0; 
14.4102110863; 96259; 0.0; 0.0; -0.018781; 0.0; 0.0; 0.0; 0.0; 0.0; 0.0; 0.0; 0.0; 0.0; 0.0; 0.0; 0.0; 0.0; 0.0; 4.44; 4.57; 4.57; 4.41; 0.0; 0.0; 0.0; 0; 0; 0.0; 0.0; 1; 4.25146638976; 0.0807277460639; 0.0525077544864; 0; 0; 0; 0; 0.0; 0.0; 0.0; -1.0; 0.0; 0.0; 0.0; 0.0; 0.0; 1.0;0; 0;0; 0; 
14.4216520786; 96264; 0.0; 0.0; -0.01868; 0.0; 0.0; 0.0; 0.0; 0.0; 0.0; 0.0; 0.0; 0.0; 0.0; 0.0; 0.0; 0.0; 0.0; 4.44; 4.57; 4.57; 4.41; 0.0; 0.0; 0.0; 0; 0; 0.0; 0.0; 1; 4.25146638976; 0.0807277460639; 0.0525077544864; 0; 0; 0; 0; 0.0; 0.0; 0.0; -1.0; 0.0; 0.0; 0.0; 0.0; 0.0; 1.0;0; 0;0; 0; 
14.4341261387; 96269; 0.0; 0.0; -0.018573; 0.0; 0.0; 0.0; 0.0; 0.0; 0.0; 0.0; 0.0; 0.0; 0.0; 0.0; 0.0; 0.0; 0.0; 4.44; 4.57; 4.57; 4.41; 0.0; 0.0; 0.0; 0; 0; 0.0; 0.0; 1; 4.25146638976; 0.0807277460639; 0.0525077544864; 0; 0; 0; 0; 0.0; 0.0; 0.0; -1.0; 0.0; 0.0; 0.0; 0.0; 0.0; 1.0;0; 0;0; 0; 
14.4466431141; 96274; 0.0; 0.0; -0.018565; 0.0; 0.0; 0.0; 0.0; 0.0; 0.0; 0.0; 0.0; 0.0; 0.0; 0.0; 0.0; 0.0; 0.0; 4.3; 4.36; 4.42; 4.16; 0.0; 0.0; 0.0; 0; 0; 0.0; 0.0; 1; 4.25146638976; 0.0807277460639; 0.0525077544864; 0; 0; 0; 0; 0.0; 0.0; 0.0; -1.0; 0.0; 0.0; 0.0; 0.0; 0.0; 1.0;0; 0;0; 0; 
14.4583001137; 96279; 0.0; 0.0; -0.018716; 0.0; 0.0; 0.0; 0.0; 0.0; 0.0; 0.0; 0.0; 0.0; 0.0; 0.0; 0.0; 0.0; 0.0; 4.3; 4.36; 4.42; 4.16; 0.0; 0.0; 0.0; 0; 0; 0.0; 0.0; 1; 4.25146638976; 0.0807277460639; 0.0525077544864; 0; 0; 0; 0; 0.0; 0.0; 0.0; -1.0; 0.0; 0.0; 0.0; 0.0; 0.0; 1.0;0; 0;0; 0; 
14.4707140923; 96284; 0.0; 0.0; -0.01907; 0.0; 0.0; 0.0; 0.0; 0.0; 0.0; 0.0; 0.0; 0.0; 0.0; 0.0; 0.0; 0.0; 0.0; 4.3; 4.36; 4.42; 4.16; 0.0; 0.0; 0.0; 0; 0; 0.0; 0.0; 1; 4.25146638976; 0.0807277460639; 0.0525077544864; 0; 0; 0; 0; 0.0; 0.0; 0.0; -1.0; 0.0; 0.0; 0.0; 0.0; 0.0; 1.0;0; 0;0; 0; 
14.4822380543; 96289; 0.0; 0.0; -0.019685; 0.0; 0.0; 0.0; 0.0; 0.0; 0.0; 0.0; 0.0; 0.0; 0.0; 0.0; 0.0; 0.0; 0.0; 4.3; 4.36; 4.42; 4.16; 0.0; 0.0; 0.0; 0; 0; 0.0; 0.0; 1; 4.25146638976; 0.0807277460639; 0.0525077544864; 0; 0; 0; 0; 0.0; 0.0; 0.0; -1.0; 0.0; 0.0; 0.0; 0.0; 0.0; 1.0;0; 0;0; 0; 
14.4943320751; 96294; 0.0; 0.0; -0.020501; 0.0; 0.0; 0.0; 0.0; 0.0; 0.0; 0.0; 0.0; 0.0; 0.0; 0.0; 0.0; 0.0; 0.0; 4.3; 4.36; 4.42; 4.16; 0.0; 0.0; 0.0; 0; 0; 0.0; 0.0; 1; 4.25146638976; 0.0807277460639; 0.0525077544864; 0; 0; 0; 0; 0.0; 0.0; 0.0; -1.0; 0.0; 0.0; 0.0; 0.0; 0.0; 1.0;0; 0;0; 0; 
14.5086359978; 96299; 0.0; 0.0; -0.021365; 0.0; 0.0; 0.0; 0.0; 0.0; 0.0; 0.0; 0.0; 0.0; 0.0; 0.0; 0.0; 0.0; 0.0; 4.3; 4.36; 4.42; 4.16; 0.0; 0.0; 0.0; 0; 0; 0.0; 0.0; 1; 4.31301335372; 0.0840038318782; 0.0540557681227; 0; 0; 0; 0; 0.0; 0.0; 0.0; -1.0; 0.0; 0.0; 0.0; 0.0; 0.0; 1.0;0; 0;0; 0; 
14.5196731091; 96304; 0.0; 0.0; -0.022064; 0.0; 0.0; 0.0; 0.0; 0.0; 0.0; 0.0; 0.0; 0.0; 0.0; 0.0; 0.0; 0.0; 0.0; 4.3; 4.36; 4.42; 4.16; 0.0; 0.0; 0.0; 0; 0; 0.0; 0.0; 1; 4.31301335372; 0.0840038318782; 0.0540557681227; 0; 0; 0; 0; 0.0; 0.0; 0.0; -1.0; 0.0; 0.0; 0.0; 0.0; 0.0; 1.0;0; 0;0; 0; 
14.5315680504; 96309; 0.0; 0.0; -0.022424; 0.0; 0.0; 0.0; 0.0; 0.0; 0.0; 0.0; 0.0; 0.0; 0.0; 0.0; 0.0; 0.0; 0.0; 4.3; 4.36; 4.42; 4.16; 0.0; 0.0; 0.0; 0; 0; 0.0; 0.0; 1; 4.31301335372; 0.0840038318782; 0.0540557681227; 0; 0; 0; 0; 0.0; 0.0; 0.0; -1.0; 0.0; 0.0; 0.0; 0.0; 0.0; 1.0;0; 0;0; 0; 
14.5436069965; 96314; 0.0; 0.0; -0.022337; 0.0; 0.0; 0.0; 0.0; 0.0; 0.0; 0.0; 0.0; 0.0; 0.0; 0.0; 0.0; 0.0; 0.0; 4.3; 4.36; 4.42; 4.16; 0.0; 0.0; 0.0; 0; 0; 0.0; 0.0; 1; 4.31301335372; 0.0840038318782; 0.0540557681227; 0; 0; 0; 0; 0.0; 0.0; 0.0; -1.0; 0.0; 0.0; 0.0; 0.0; 0.0; 1.0;0; 0;0; 0; 
14.5553081036; 96319; 0.0; 0.0; -0.021707; 0.0; 0.0; 0.0; 0.0; 0.0; 0.0; 0.0; 0.0; 0.0; 0.0; 0.0; 0.0; 0.0; 0.0; 4.3; 4.36; 4.42; 4.16; 0.0; 0.0; 0.0; 0; 0; 0.0; 0.0; 1; 4.31301335372; 0.0840038318782; 0.0540557681227; 0; 0; 0; 0; 0.0; 0.0; 0.0; -1.0; 0.0; 0.0; 0.0; 0.0; 0.0; 1.0;0; 0;0; 0; 
14.567759037; 96324; 0.0; 0.0; -0.020571; 0.0; 0.0; 0.0; 0.0; 0.0; 0.0; 0.0; 0.0; 0.0; 0.0; 0.0; 0.0; 0.0; 0.0; 4.3; 4.36; 4.42; 4.16; 0.0; 0.0; 0.0; 0; 0; 0.0; 0.0; 1; 4.31301335372; 0.0840038318782; 0.0540557681227; 0; 0; 0; 0; 0.0; 0.0; 0.0; -1.0; 0.0; 0.0; 0.0; 0.0; 0.0; 1.0;0; 0;0; 0; 
14.5799710751; 96329; 0.0; 0.0; -0.019079; 0.0; 0.0; 0.0; 0.0; 0.0; 0.0; 0.0; 0.0; 0.0; 0.0; 0.0; 0.0; 0.0; 0.0; 4.3; 4.36; 4.42; 4.16; 0.0; 0.0; 0.0; 0; 0; 0.0; 0.0; 1; 4.31301335372; 0.0840038318782; 0.0540557681227; 0; 0; 0; 0; 0.0; 0.0; 0.0; -1.0; 0.0; 0.0; 0.0; 0.0; 0.0; 1.0;0; 0;0; 0; 
14.5921931267; 96334; 0.0; 0.0; -0.017489; 0.0; 0.0; 0.0; 0.0; 0.0; 0.0; 0.0; 0.0; 0.0; 0.0; 0.0; 0.0; 0.0; 0.0; 4.3; 4.36; 4.42; 4.16; 0.0; 0.0; 0.0; 0; 0; 0.0; 0.0; 1; 4.31301335372; 0.0840038318782; 0.0540557681227; 0; 0; 0; 0; 0.0; 0.0; 0.0; -1.0; 0.0; 0.0; 0.0; 0.0; 0.0; 1.0;0; 0;0; 0; 
14.6038131714; 96339; 0.0; 0.0; -0.015973; 0.0; 0.0; 0.0; 0.0; 0.0; 0.0; 0.0; 0.0; 0.0; 0.0; 0.0; 0.0; 0.0; 0.0; 4.3; 4.36; 4.42; 4.16; 0.0; 0.0; 0.0; 0; 0; 0.0; 0.0; 1; 4.31301335372; 0.0840038318782; 0.0540557681227; 0; 0; 0; 0; 0.0; 0.0; 0.0; -1.0; 0.0; 0.0; 0.0; 0.0; 0.0; 1.0;0; 0;0; 0; 
14.6160759926; 96344; 0.0; 0.0; -0.01465; 0.0; 0.0; 0.0; 0.0; 0.0; 0.0; 0.0; 0.0; 0.0; 0.0; 0.0; 0.0; 0.0; 0.0; 4.3; 4.36; 4.42; 4.16; 0.0; 0.0; 0.0; 0; 0; 0.0; 0.0; 1; 4.31301335372; 0.0840038318782; 0.0540557681227; 0; 0; 0; 0; 0.0; 0.0; 0.0; -1.0; 0.0; 0.0; 0.0; 0.0; 0.0; 1.0;0; 0;0; 0; 
14.6290411949; 96349; 0.0; 0.0; -0.013668; 0.0; 0.0; 0.0; 0.0; 0.0; 0.0; 0.0; 0.0; 0.0; 0.0; 0.0; 0.0; 0.0; 0.0; 4.3; 4.36; 4.42; 4.16; 0.0; 0.0; 0.0; 0; 0; 0.0; 0.0; 1; 4.31301335372; 0.0840038318782; 0.0540557681227; 0; 0; 0; 0; 0.0; 0.0; 0.0; -1.0; 0.0; 0.0; 0.0; 0.0; 0.0; 1.0;0; 0;0; 0; 
14.6399531364; 96354; 0.0; 0.0; -0.013041; 0.0; 0.0; 0.0; 0.0; 0.0; 0.0; 0.0; 0.0; 0.0; 0.0; 0.0; 0.0; 0.0; 0.0; 4.3; 4.36; 4.42; 4.16; 0.0; 0.0; 0.0; 0; 0; 0.0; 0.0; 1; 4.31301335372; 0.0840038318782; 0.0540557681227; 0; 0; 0; 0; 0.0; 0.0; 0.0; -1.0; 0.0; 0.0; 0.0; 0.0; 0.0; 1.0;0; 0;0; 0; 
14.652130127; 96359; 0.0; 0.0; -0.012635; 0.0; 0.0; 0.0; 0.0; 0.0; 0.0; 0.0; 0.0; 0.0; 0.0; 0.0; 0.0; 0.0; 0.0; 4.3; 4.36; 4.42; 4.16; 0.0; 0.0; 0.0; 0; 0; 0.0; 0.0; 1; 4.31301335372; 0.0840038318782; 0.0540557681227; 0; 0; 0; 0; 0.0; 0.0; 0.0; -1.0; 0.0; 0.0; 0.0; 0.0; 0.0; 1.0;0; 0;0; 0; 
14.6631691456; 96364; 0.0; 0.0; -0.012337; 0.0; 0.0; 0.0; 0.0; 0.0; 0.0; 0.0; 0.0; 0.0; 0.0; 0.0; 0.0; 0.0; 0.0; 4.3; 4.36; 4.42; 4.16; 0.0; 0.0; 0.0; 0; 0; 0.0; 0.0; 1; 4.31301335372; 0.0840038318782; 0.0540557681227; 0; 0; 0; 0; 0.0; 0.0; 0.0; -1.0; 0.0; 0.0; 0.0; 0.0; 0.0; 1.0;0; 0;0; 0; 
14.6748809814; 96369; 0.0; 0.0; -0.012032; 0.0; 0.0; 0.0; 0.0; 0.0; 0.0; 0.0; 0.0; 0.0; 0.0; 0.0; 0.0; 0.0; 0.0; 4.07; 4.12; 4.13; 3.94; 0.0; 0.0; 0.0; 0; 0; 0.0; 0.0; 1; 4.31301335372; 0.0840038318782; 0.0540557681227; 0; 0; 0; 0; 0.0; 0.0; 0.0; -1.0; 0.0; 0.0; 0.0; 0.0; 0.0; 1.0;0; 0;0; 0; 
14.6867320538; 96374; 0.0; 0.0; -0.011653; 0.0; 0.0; 0.0; 0.0; 0.0; 0.0; 0.0; 0.0; 0.0; 0.0; 0.0; 0.0; 0.0; 0.0; 4.07; 4.12; 4.13; 3.94; 0.0; 0.0; 0.0; 0; 0; 0.0; 0.0; 1; 4.31301335372; 0.0840038318782; 0.0540557681227; 0; 0; 0; 0; 0.0; 0.0; 0.0; -1.0; 0.0; 0.0; 0.0; 0.0; 0.0; 1.0;0; 0;0; 0; 
14.6982781887; 96379; 0.0; 0.0; -0.011168; 0.0; 0.0; 0.0; 0.0; 0.0; 0.0; 0.0; 0.0; 0.0; 0.0; 0.0; 0.0; 0.0; 0.0; 4.07; 4.12; 4.13; 3.94; 0.0; 0.0; 0.0; 0; 0; 0.0; 0.0; 1; 4.31301335372; 0.0840038318782; 0.0540557681227; 0; 0; 0; 0; 0.0; 0.0; 0.0; -1.0; 0.0; 0.0; 0.0; 0.0; 0.0; 1.0;0; 0;0; 0; 
14.7104730606; 96384; 0.0; 0.0; -0.010553; 0.0; 0.0; 0.0; 0.0; 0.0; 0.0; 0.0; 0.0; 0.0; 0.0; 0.0; 0.0; 0.0; 0.0; 4.07; 4.12; 4.13; 3.94; 0.0; 0.0; 0.0; 0; 0; 0.0; 0.0; 1; 4.31301335372; 0.0840038318782; 0.0540557681227; 0; 0; 0; 0; 0.0; 0.0; 0.0; -1.0; 0.0; 0.0; 0.0; 0.0; 0.0; 1.0;0; 0;0; 0; 
14.7236890793; 96389; 0.0; 0.0; -0.0099387; 0.0; 0.0; 0.0; 0.0; 0.0; 0.0; 0.0; 0.0; 0.0; 0.0; 0.0; 0.0; 0.0; 0.0; 4.07; 4.12; 4.13; 3.94; 0.0; 0.0; 0.0; 0; 0; 0.0; 0.0; 1; 4.31301335372; 0.0840038318782; 0.0540557681227; 0; 0; 0; 0; 0.0; 0.0; 0.0; -1.0; 0.0; 0.0; 0.0; 0.0; 0.0; 1.0;0; 0;0; 0; 
14.7361111641; 96394; 0.0; 0.0; -0.0093888; 0.0; 0.0; 0.0; 0.0; 0.0; 0.0; 0.0; 0.0; 0.0; 0.0; 0.0; 0.0; 0.0; 0.0; 4.07; 4.12; 4.13; 3.94; 0.0; 0.0; 0.0; 0; 0; 0.0; 0.0; 1; 4.31301335372; 0.0840038318782; 0.0540557681227; 0; 0; 0; 0; 0.0; 0.0; 0.0; -1.0; 0.0; 0.0; 0.0; 0.0; 0.0; 1.0;0; 0;0; 0; 
14.7480311394; 96399; 0.0; 0.0; -0.0089974; 0.0; 0.0; 0.0; 0.0; 0.0; 0.0; 0.0; 0.0; 0.0; 0.0; 0.0; 0.0; 0.0; 0.0; 4.07; 4.12; 4.13; 3.94; 0.0; 0.0; 0.0; 0; 0; 0.0; 0.0; 1; 4.37142839818; 0.0872119077989; 0.0555338849409; 0; 0; 0; 0; 0.0; 0.0; 0.0; -1.0; 0.0; 0.0; 0.0; 0.0; 0.0; 1.0;0; 0;0; 0; 
14.7596950531; 96404; 0.0; 0.0; -0.0089067; 0.0; 0.0; 0.0; 0.0; 0.0; 0.0; 0.0; 0.0; 0.0; 0.0; 0.0; 0.0; 0.0; 0.0; 4.07; 4.12; 4.13; 3.94; 0.0; 0.0; 0.0; 0; 0; 0.0; 0.0; 1; 4.37142839818; 0.0872119077989; 0.0555338849409; 0; 0; 0; 0; 0.0; 0.0; 0.0; -1.0; 0.0; 0.0; 0.0; 0.0; 0.0; 1.0;0; 0;0; 0; 
14.7724070549; 96409; 0.0; 0.0; -0.0091177; 0.0; 0.0; 0.0; 0.0; 0.0; 0.0; 0.0; 0.0; 0.0; 0.0; 0.0; 0.0; 0.0; 0.0; 4.07; 4.12; 4.13; 3.94; 0.0; 0.0; 0.0; 0; 0; 0.0; 0.0; 1; 4.37142839818; 0.0872119077989; 0.0555338849409; 0; 0; 0; 0; 0.0; 0.0; 0.0; -1.0; 0.0; 0.0; 0.0; 0.0; 0.0; 1.0;0; 0;0; 0; 
14.7842080593; 96414; 0.0; 0.0; -0.0096009; 0.0; 0.0; 0.0; 0.0; 0.0; 0.0; 0.0; 0.0; 0.0; 0.0; 0.0; 0.0; 0.0; 0.0; 4.07; 4.12; 4.13; 3.94; 0.0; 0.0; 0.0; 0; 0; 0.0; 0.0; 1; 4.37142839818; 0.0872119077989; 0.0555338849409; 0; 0; 0; 0; 0.0; 0.0; 0.0; -1.0; 0.0; 0.0; 0.0; 0.0; 0.0; 1.0;0; 0;0; 0; 
14.7962310314; 96419; 0.0; 0.0; -0.010271; 0.0; 0.0; 0.0; 0.0; 0.0; 0.0; 0.0; 0.0; 0.0; 0.0; 0.0; 0.0; 0.0; 0.0; 4.07; 4.12; 4.13; 3.94; 0.0; 0.0; 0.0; 0; 0; 0.0; 0.0; 1; 4.37142839818; 0.0872119077989; 0.0555338849409; 0; 0; 0; 0; 0.0; 0.0; 0.0; -1.0; 0.0; 0.0; 0.0; 0.0; 0.0; 1.0;0; 0;0; 0; 
14.8088831902; 96424; 0.0; 0.0; -0.011082; 0.0; 0.0; 0.0; 0.0; 0.0; 0.0; 0.0; 0.0; 0.0; 0.0; 0.0; 0.0; 0.0; 0.0; 4.07; 4.12; 4.13; 3.94; 0.0; 0.0; 0.0; 0; 0; 0.0; 0.0; 1; 4.37142839818; 0.0872119077989; 0.0555338849409; 0; 0; 0; 0; 0.0; 0.0; 0.0; -1.0; 0.0; 0.0; 0.0; 0.0; 0.0; 1.0;0; 0;0; 0; 
14.8210151196; 96429; 0.0; 0.0; -0.011914; 0.0; 0.0; 0.0; 0.0; 0.0; 0.0; 0.0; 0.0; 0.0; 0.0; 0.0; 0.0; 0.0; 0.0; 4.07; 4.12; 4.13; 3.94; 0.0; 0.0; 0.0; 0; 0; 0.0; 0.0; 1; 4.37142839818; 0.0872119077989; 0.0555338849409; 0; 0; 0; 0; 0.0; 0.0; 0.0; -1.0; 0.0; 0.0; 0.0; 0.0; 0.0; 1.0;0; 0;0; 0; 
14.8325140476; 96434; 0.0; 0.0; -0.01262; 0.0; 0.0; 0.0; 0.0; 0.0; 0.0; 0.0; 0.0; 0.0; 0.0; 0.0; 0.0; 0.0; 0.0; 4.07; 4.12; 4.13; 3.94; 0.0; 0.0; 0.0; 0; 0; 0.0; 0.0; 1; 4.37142839818; 0.0872119077989; 0.0555338849409; 0; 0; 0; 0; 0.0; 0.0; 0.0; -1.0; 0.0; 0.0; 0.0; 0.0; 0.0; 1.0;0; 0;0; 0; 
14.8451449871; 96439; 0.0; 0.0; -0.013156; 0.0; 0.0; 0.0; 0.0; 0.0; 0.0; 0.0; 0.0; 0.0; 0.0; 0.0; 0.0; 0.0; 0.0; 4.07; 4.12; 4.13; 3.94; 0.0; 0.0; 0.0; 0; 0; 0.0; 0.0; 1; 4.37142839818; 0.0872119077989; 0.0555338849409; 0; 0; 0; 0; 0.0; 0.0; 0.0; -1.0; 0.0; 0.0; 0.0; 0.0; 0.0; 1.0;0; 0;0; 0; 
14.8584570885; 96444; 0.0; 0.0; -0.01352; 0.0; 0.0; 0.0; 0.0; 0.0; 0.0; 0.0; 0.0; 0.0; 0.0; 0.0; 0.0; 0.0; 0.0; 4.07; 4.12; 4.13; 3.94; 0.0; 0.0; 0.0; 0; 0; 0.0; 0.0; 1; 4.37142839818; 0.0872119077989; 0.0555338849409; 0; 0; 0; 0; 0.0; 0.0; 0.0; -1.0; 0.0; 0.0; 0.0; 0.0; 0.0; 1.0;0; 0;0; 0; 
14.8690390587; 96449; 0.0; 0.0; -0.013724; 0.0; 0.0; 0.0; 0.0; 0.0; 0.0; 0.0; 0.0; 0.0; 0.0; 0.0; 0.0; 0.0; 0.0; 4.07; 4.12; 4.13; 3.94; 0.0; 0.0; 0.0; 0; 0; 0.0; 0.0; 1; 4.37142839818; 0.0872119077989; 0.0555338849409; 0; 0; 0; 0; 0.0; 0.0; 0.0; -1.0; 0.0; 0.0; 0.0; 0.0; 0.0; 1.0;0; 0;0; 0; 
14.8805351257; 96454; 0.0; 0.0; -0.013737; 0.0; 0.0; 0.0; 0.0; 0.0; 0.0; 0.0; 0.0; 0.0; 0.0; 0.0; 0.0; 0.0; 0.0; 4.07; 4.12; 4.13; 3.94; 0.0; 0.0; 0.0; 0; 0; 0.0; 0.0; 1; 4.37142839818; 0.0872119077989; 0.0555338849409; 0; 0; 0; 0; 0.0; 0.0; 0.0; -1.0; 0.0; 0.0; 0.0; 0.0; 0.0; 1.0;0; 0;0; 0; 
14.8925549984; 96459; 0.0; 0.0; -0.013586; 0.0; 0.0; 0.0; 0.0; 0.0; 0.0; 0.0; 0.0; 0.0; 0.0; 0.0; 0.0; 0.0; 0.0; 4.07; 4.12; 4.13; 3.94; 0.0; 0.0; 0.0; 0; 0; 0.0; 0.0; 1; 4.37142839818; 0.0872119077989; 0.0555338849409; 0; 0; 0; 0; 0.0; 0.0; 0.0; -1.0; 0.0; 0.0; 0.0; 0.0; 0.0; 1.0;0; 0;0; 0; 
14.9041190147; 96464; 0.0; 0.0; -0.01334; 0.0; 0.0; 0.0; 0.0; 0.0; 0.0; 0.0; 0.0; 0.0; 0.0; 0.0; 0.0; 0.0; 0.0; 4.07; 4.12; 4.13; 3.94; 0.0; 0.0; 0.0; 0; 0; 0.0; 0.0; 1; 4.37142839818; 0.0872119077989; 0.0555338849409; 0; 0; 0; 0; 0.0; 0.0; 0.0; -1.0; 0.0; 0.0; 0.0; 0.0; 0.0; 1.0;0; 0;0; 0; 
14.9163990021; 96469; 0.0; 0.0; -0.012965; 0.0; 0.0; 0.0; 0.0; 0.0; 0.0; 0.0; 0.0; 0.0; 0.0; 0.0; 0.0; 0.0; 0.0; 3.83; 3.94; 3.96; 3.77; 0.0; 0.0; 0.0; 0; 0; 0.0; 0.0; 1; 4.37142839818; 0.0872119077989; 0.0555338849409; 0; 0; 0; 0; 0.0; 0.0; 0.0; -1.0; 0.0; 0.0; 0.0; 0.0; 0.0; 1.0;0; 0;0; 0; 
14.928550005; 96474; 0.0; 0.0; -0.012473; 0.0; 0.0; 0.0; 0.0; 0.0; 0.0; 0.0; 0.0; 0.0; 0.0; 0.0; 0.0; 0.0; 0.0; 3.83; 3.94; 3.96; 3.77; 0.0; 0.0; 0.0; 0; 0; 0.0; 0.0; 1; 4.37142839818; 0.0872119077989; 0.0555338849409; 0; 0; 0; 0; 0.0; 0.0; 0.0; -1.0; 0.0; 0.0; 0.0; 0.0; 0.0; 1.0;0; 0;0; 0; 
14.940500021; 96479; 0.0; 0.0; -0.01187; 0.0; 0.0; 0.0; 0.0; 0.0; 0.0; 0.0; 0.0; 0.0; 0.0; 0.0; 0.0; 0.0; 0.0; 3.83; 3.94; 3.96; 3.77; 0.0; 0.0; 0.0; 0; 0; 0.0; 0.0; 1; 4.37142839818; 0.0872119077989; 0.0555338849409; 0; 0; 0; 0; 0.0; 0.0; 0.0; -1.0; 0.0; 0.0; 0.0; 0.0; 0.0; 1.0;0; 0;0; 0; 
14.9523611069; 96484; 0.0; 0.0; -0.011223; 0.0; 0.0; 0.0; 0.0; 0.0; 0.0; 0.0; 0.0; 0.0; 0.0; 0.0; 0.0; 0.0; 0.0; 3.83; 3.94; 3.96; 3.77; 0.0; 0.0; 0.0; 0; 0; 0.0; 0.0; 1; 4.37142839818; 0.0872119077989; 0.0555338849409; 0; 0; 0; 0; 0.0; 0.0; 0.0; -1.0; 0.0; 0.0; 0.0; 0.0; 0.0; 1.0;0; 0;0; 0; 
14.9637520313; 96489; 0.0; 0.0; -0.010607; 0.0; 0.0; 0.0; 0.0; 0.0; 0.0; 0.0; 0.0; 0.0; 0.0; 0.0; 0.0; 0.0; 0.0; 3.83; 3.94; 3.96; 3.77; 0.0; 0.0; 0.0; 0; 0; 0.0; 0.0; 1; 4.37142839818; 0.0872119077989; 0.0555338849409; 0; 0; 0; 0; 0.0; 0.0; 0.0; -1.0; 0.0; 0.0; 0.0; 0.0; 0.0; 1.0;0; 0;0; 0; 
14.9753801823; 96494; 0.0; 0.0; -0.010108; 0.0; 0.0; 0.0; 0.0; 0.0; 0.0; 0.0; 0.0; 0.0; 0.0; 0.0; 0.0; 0.0; 0.0; 3.83; 3.94; 3.96; 3.77; 0.0; 0.0; 0.0; 0; 0; 0.0; 0.0; 1; 4.37142839818; 0.0872119077989; 0.0555338849409; 0; 0; 0; 0; 0.0; 0.0; 0.0; -1.0; 0.0; 0.0; 0.0; 0.0; 0.0; 1.0;0; 0;0; 0; 
14.9906411171; 96499; 0.0; 0.0; -0.0097971; 0.0; 0.0; 0.0; 0.0; 0.0; 0.0; 0.0; 0.0; 0.0; 0.0; 0.0; 0.0; 0.0; 0.0; 3.83; 3.94; 3.96; 3.77; 0.0; 0.0; 0.0; 0; 0; 0.0; 0.0; 1; 4.42678464566; 0.090315249932; 0.0565888826682; 0; 0; 0; 0; 0.0; 0.0; 0.0; -1.0; 0.0; 0.0; 0.0; 0.0; 0.0; 1.0;0; 0;0; 0; 
14.9998831749; 96504; 0.0; 0.0; -0.00968; 0.0; 0.0; 0.0; 0.0; 0.0; 0.0; 0.0; 0.0; 0.0; 0.0; 0.0; 0.0; 0.0; 0.0; 3.83; 3.94; 3.96; 3.77; 0.0; 0.0; 0.0; 0; 0; 0.0; 0.0; 1; 4.42678464566; 0.090315249932; 0.0565888826682; 0; 0; 0; 0; 0.0; 0.0; 0.0; -1.0; 0.0; 0.0; 0.0; 0.0; 0.0; 1.0;0; 0;0; 0; 
15.011909008; 96509; 0.0; 0.0; -0.0097473; 0.0; 0.0; 0.0; 0.0; 0.0; 0.0; 0.0; 0.0; 0.0; 0.0; 0.0; 0.0; 0.0; 0.0; 3.83; 3.94; 3.96; 3.77; 0.0; 0.0; 0.0; 0; 0; 0.0; 0.0; 1; 4.42678464566; 0.090315249932; 0.0565888826682; 0; 0; 0; 0; 0.0; 0.0; 0.0; -1.0; 0.0; 0.0; 0.0; 0.0; 0.0; 1.0;0; 0;0; 0; 
15.0233631134; 96514; 0.0; 0.0; -0.010041; 0.0; 0.0; 0.0; 0.0; 0.0; 0.0; 0.0; 0.0; 0.0; 0.0; 0.0; 0.0; 0.0; 0.0; 3.83; 3.94; 3.96; 3.77; 0.0; 0.0; 0.0; 0; 0; 0.0; 0.0; 1; 4.42678464566; 0.090315249932; 0.0565888826682; 0; 0; 0; 0; 0.0; 0.0; 0.0; -1.0; 0.0; 0.0; 0.0; 0.0; 0.0; 1.0;0; 0;0; 0; 
15.0351641178; 96519; 0.0; 0.0; -0.010466; 0.0; 0.0; 0.0; 0.0; 0.0; 0.0; 0.0; 0.0; 0.0; 0.0; 0.0; 0.0; 0.0; 0.0; 3.83; 3.94; 3.96; 3.77; 0.0; 0.0; 0.0; 0; 0; 0.0; 0.0; 1; 4.42678464566; 0.090315249932; 0.0565888826682; 0; 0; 0; 0; 0.0; 0.0; 0.0; -1.0; 0.0; 0.0; 0.0; 0.0; 0.0; 1.0;0; 0;0; 0; 
15.0464990139; 96524; 0.0; 0.0; -0.01094; 0.0; 0.0; 0.0; 0.0; 0.0; 0.0; 0.0; 0.0; 0.0; 0.0; 0.0; 0.0; 0.0; 0.0; 3.83; 3.94; 3.96; 3.77; 0.0; 0.0; 0.0; 0; 0; 0.0; 0.0; 1; 4.42678464566; 0.090315249932; 0.0565888826682; 0; 0; 0; 0; 0.0; 0.0; 0.0; -1.0; 0.0; 0.0; 0.0; 0.0; 0.0; 1.0;0; 0;0; 0; 
15.0583040714; 96529; 0.0; 0.0; -0.011392; 0.0; 0.0; 0.0; 0.0; 0.0; 0.0; 0.0; 0.0; 0.0; 0.0; 0.0; 0.0; 0.0; 0.0; 3.83; 3.94; 3.96; 3.77; 0.0; 0.0; 0.0; 0; 0; 0.0; 0.0; 1; 4.42678464566; 0.090315249932; 0.0565888826682; 0; 0; 0; 0; 0.0; 0.0; 0.0; -1.0; 0.0; 0.0; 0.0; 0.0; 0.0; 1.0;0; 0;0; 0; 
15.0707139969; 96534; 0.0; 0.0; -0.011791; 0.0; 0.0; 0.0; 0.0; 0.0; 0.0; 0.0; 0.0; 0.0; 0.0; 0.0; 0.0; 0.0; 0.0; 3.83; 3.94; 3.96; 3.77; 0.0; 0.0; 0.0; 0; 0; 0.0; 0.0; 1; 4.42678464566; 0.090315249932; 0.0565888826682; 0; 0; 0; 0; 0.0; 0.0; 0.0; -1.0; 0.0; 0.0; 0.0; 0.0; 0.0; 1.0;0; 0;0; 0; 
15.0835311413; 96539; 0.0; 0.0; -0.012166; 0.0; 0.0; 0.0; 0.0; 0.0; 0.0; 0.0; 0.0; 0.0; 0.0; 0.0; 0.0; 0.0; 0.0; 3.83; 3.94; 3.96; 3.77; 0.0; 0.0; 0.0; 0; 0; 0.0; 0.0; 1; 4.42678464566; 0.090315249932; 0.0565888826682; 0; 0; 0; 0; 0.0; 0.0; 0.0; -1.0; 0.0; 0.0; 0.0; 0.0; 0.0; 1.0;0; 0;0; 0; 
15.0949571133; 96544; 0.0; 0.0; -0.012455; 0.0; 0.0; 0.0; 0.0; 0.0; 0.0; 0.0; 0.0; 0.0; 0.0; 0.0; 0.0; 0.0; 0.0; 3.83; 3.94; 3.96; 3.77; 0.0; 0.0; 0.0; 0; 0; 0.0; 0.0; 1; 4.42678464566; 0.090315249932; 0.0565888826682; 0; 0; 0; 0; 0.0; 0.0; 0.0; -1.0; 0.0; 0.0; 0.0; 0.0; 0.0; 1.0;0; 0;0; 0; 
15.1065421104; 96549; 0.0; 0.0; -0.012662; 0.0; 0.0; 0.0; 0.0; 0.0; 0.0; 0.0; 0.0; 0.0; 0.0; 0.0; 0.0; 0.0; 0.0; 3.83; 3.94; 3.96; 3.77; 0.0; 0.0; 0.0; 0; 0; 0.0; 0.0; 1; 4.42678464566; 0.090315249932; 0.0565888826682; 0; 0; 0; 0; 0.0; 0.0; 0.0; -1.0; 0.0; 0.0; 0.0; 0.0; 0.0; 1.0;0; 0;0; 0; 
15.1192800999; 96554; 0.0; 0.0; -0.012841; 0.0; 0.0; 0.0; 0.0; 0.0; 0.0; 0.0; 0.0; 0.0; 0.0; 0.0; 0.0; 0.0; 0.0; 3.83; 3.94; 3.96; 3.77; 0.0; 0.0; 0.0; 0; 0; 0.0; 0.0; 1; 4.42678464566; 0.090315249932; 0.0565888826682; 0; 0; 0; 0; 0.0; 0.0; 0.0; -1.0; 0.0; 0.0; 0.0; 0.0; 0.0; 1.0;0; 0;0; 0; 
15.1308951378; 96559; 0.0; 0.0; -0.013024; 0.0; 0.0; 0.0; 0.0; 0.0; 0.0; 0.0; 0.0; 0.0; 0.0; 0.0; 0.0; 0.0; 0.0; 3.83; 3.94; 3.96; 3.77; 0.0; 0.0; 0.0; 0; 0; 0.0; 0.0; 1; 4.42678464566; 0.090315249932; 0.0565888826682; 0; 0; 0; 0; 0.0; 0.0; 0.0; -1.0; 0.0; 0.0; 0.0; 0.0; 0.0; 1.0;0; 0;0; 0; 
15.143404007; 96564; 0.0; 0.0; -0.013242; 0.0; 0.0; 0.0; 0.0; 0.0; 0.0; 0.0; 0.0; 0.0; 0.0; 0.0; 0.0; 0.0; 0.0; 3.83; 3.94; 3.96; 3.77; 0.0; 0.0; 0.0; 0; 0; 0.0; 0.0; 1; 4.42678464566; 0.090315249932; 0.0565888826682; 0; 0; 0; 0; 0.0; 0.0; 0.0; -1.0; 0.0; 0.0; 0.0; 0.0; 0.0; 1.0;0; 0;0; 0; 
15.1557281017; 96569; 0.0; 0.0; -0.013482; 0.0; 0.0; 0.0; 0.0; 0.0; 0.0; 0.0; 0.0; 0.0; 0.0; 0.0; 0.0; 0.0; 0.0; 3.83; 3.94; 3.96; 3.77; 0.0; 0.0; 0.0; 0; 0; 0.0; 0.0; 1; 4.42678464566; 0.090315249932; 0.0565888826682; 0; 0; 0; 0; 0.0; 0.0; 0.0; -1.0; 0.0; 0.0; 0.0; 0.0; 0.0; 1.0;0; 0;0; 0; 
15.1672410965; 96574; 0.0; 0.0; -0.01373; 0.0; 0.0; 0.0; 0.0; 0.0; 0.0; 0.0; 0.0; 0.0; 0.0; 0.0; 0.0; 0.0; 0.0; 3.83; 3.94; 3.96; 3.77; 0.0; 0.0; 0.0; 0; 0; 0.0; 0.0; 1; 4.42678464566; 0.090315249932; 0.0565888826682; 0; 0; 0; 0; 0.0; 0.0; 0.0; -1.0; 0.0; 0.0; 0.0; 0.0; 0.0; 1.0;0; 0;0; 0; 
15.1786379814; 96579; 0.0; 0.0; -0.013954; 0.0; 0.0; 0.0; 0.0; 0.0; 0.0; 0.0; 0.0; 0.0; 0.0; 0.0; 0.0; 0.0; 0.0; 3.83; 3.94; 3.96; 3.77; 0.0; 0.0; 0.0; 0; 0; 0.0; 0.0; 1; 4.42678464566; 0.090315249932; 0.0565888826682; 0; 0; 0; 0; 0.0; 0.0; 0.0; -1.0; 0.0; 0.0; 0.0; 0.0; 0.0; 1.0;0; 0;0; 0; 
15.1900820732; 96584; 0.0; 0.0; -0.014094; 0.0; 0.0; 0.0; 0.0; 0.0; 0.0; 0.0; 0.0; 0.0; 0.0; 0.0; 0.0; 0.0; 0.0; 3.83; 3.94; 3.96; 3.77; 0.0; 0.0; 0.0; 0; 0; 0.0; 0.0; 1; 4.42678464566; 0.090315249932; 0.0565888826682; 0; 0; 0; 0; 0.0; 0.0; 0.0; -1.0; 0.0; 0.0; 0.0; 0.0; 0.0; 1.0;0; 0;0; 0; 
15.2015900612; 96589; 0.0; 0.0; -0.014147; 0.0; 0.0; 0.0; 0.0; 0.0; 0.0; 0.0; 0.0; 0.0; 0.0; 0.0; 0.0; 0.0; 0.0; 3.83; 3.94; 3.96; 3.77; 0.0; 0.0; 0.0; 0; 0; 0.0; 0.0; 1; 4.42678464566; 0.090315249932; 0.0565888826682; 0; 0; 0; 0; 0.0; 0.0; 0.0; -1.0; 0.0; 0.0; 0.0; 0.0; 0.0; 1.0;0; 0;0; 0; 
15.2133800983; 96594; 0.0; 0.0; -0.014051; 0.0; 0.0; 0.0; 0.0; 0.0; 0.0; 0.0; 0.0; 0.0; 0.0; 0.0; 0.0; 0.0; 0.0; 3.83; 3.94; 3.96; 3.77; 0.0; 0.0; 0.0; 0; 0; 0.0; 0.0; 1; 4.42678464566; 0.090315249932; 0.0565888826682; 0; 0; 0; 0; 0.0; 0.0; 0.0; -1.0; 0.0; 0.0; 0.0; 0.0; 0.0; 1.0;0; 0;0; 0; 
15.224545002; 96599; 0.0; 0.0; -0.013816; 0.0; 0.0; 0.0; 0.0; 0.0; 0.0; 0.0; 0.0; 0.0; 0.0; 0.0; 0.0; 0.0; 0.0; 3.83; 3.94; 3.96; 3.77; 0.0; 0.0; 0.0; 0; 0; 0.0; 0.0; 1; 4.47935347494; 0.0933182144574; 0.0576786981227; 0; 0; 0; 0; 0.0; 0.0; 0.0; -1.0; 0.0; 0.0; 0.0; 0.0; 0.0; 1.0;0; 0;0; 0; 
15.2361080647; 96604; 0.0; 0.0; -0.013507; 0.0; 0.0; 0.0; 0.0; 0.0; 0.0; 0.0; 0.0; 0.0; 0.0; 0.0; 0.0; 0.0; 0.0; 3.83; 3.94; 3.96; 3.77; 0.0; 0.0; 0.0; 0; 0; 0.0; 0.0; 1; 4.47935347494; 0.0933182144574; 0.0576786981227; 0; 0; 0; 0; 0.0; 0.0; 0.0; -1.0; 0.0; 0.0; 0.0; 0.0; 0.0; 1.0;0; 0;0; 0; 
15.2470970154; 96609; 0.0; 0.0; -0.013197; 0.0; 0.0; 0.0; 0.0; 0.0; 0.0; 0.0; 0.0; 0.0; 0.0; 0.0; 0.0; 0.0; 0.0; 3.83; 3.94; 3.96; 3.77; 0.0; 0.0; 0.0; 0; 0; 0.0; 0.0; 1; 4.47935347494; 0.0933182144574; 0.0576786981227; 0; 0; 0; 0; 0.0; 0.0; 0.0; -1.0; 0.0; 0.0; 0.0; 0.0; 0.0; 1.0;0; 0;0; 0; 
15.2590720654; 96614; 0.0; 0.0; -0.012983; 0.0; 0.0; 0.0; 0.0; 0.0; 0.0; 0.0; 0.0; 0.0; 0.0; 0.0; 0.0; 0.0; 0.0; 3.83; 3.94; 3.96; 3.77; 0.0; 0.0; 0.0; 0; 0; 0.0; 0.0; 1; 4.47935347494; 0.0933182144574; 0.0576786981227; 0; 0; 0; 0; 0.0; 0.0; 0.0; -1.0; 0.0; 0.0; 0.0; 0.0; 0.0; 1.0;0; 0;0; 0; 
15.271020174; 96619; 0.0; 0.0; -0.012863; 0.0; 0.0; 0.0; 0.0; 0.0; 0.0; 0.0; 0.0; 0.0; 0.0; 0.0; 0.0; 0.0; 0.0; 3.83; 3.94; 3.96; 3.77; 0.0; 0.0; 0.0; 0; 0; 0.0; 0.0; 1; 4.47935347494; 0.0933182144574; 0.0576786981227; 0; 0; 0; 0; 0.0; 0.0; 0.0; -1.0; 0.0; 0.0; 0.0; 0.0; 0.0; 1.0;0; 0;0; 0; 
15.2829060555; 96624; 0.0; 0.0; -0.012865; 0.0; 0.0; 0.0; 0.0; 0.0; 0.0; 0.0; 0.0; 0.0; 0.0; 0.0; 0.0; 0.0; 0.0; 3.83; 3.94; 3.96; 3.77; 0.0; 0.0; 0.0; 0; 0; 0.0; 0.0; 1; 4.47935347494; 0.0933182144574; 0.0576786981227; 0; 0; 0; 0; 0.0; 0.0; 0.0; -1.0; 0.0; 0.0; 0.0; 0.0; 0.0; 1.0;0; 0;0; 0; 
15.2939300537; 96629; 0.0; 0.0; -0.012945; 0.0; 0.0; 0.0; 0.0; 0.0; 0.0; 0.0; 0.0; 0.0; 0.0; 0.0; 0.0; 0.0; 0.0; 3.83; 3.94; 3.96; 3.77; 0.0; 0.0; 0.0; 0; 0; 0.0; 0.0; 1; 4.47935347494; 0.0933182144574; 0.0576786981227; 0; 0; 0; 0; 0.0; 0.0; 0.0; -1.0; 0.0; 0.0; 0.0; 0.0; 0.0; 1.0;0; 0;0; 0; 
15.3047790527; 96634; 0.0; 0.0; -0.013038; 0.0; 0.0; 0.0; 0.0; 0.0; 0.0; 0.0; 0.0; 0.0; 0.0; 0.0; 0.0; 0.0; 0.0; 3.83; 3.94; 3.96; 3.77; 0.0; 0.0; 0.0; 0; 0; 0.0; 0.0; 1; 4.47935347494; 0.0933182144574; 0.0576786981227; 0; 0; 0; 0; 0.0; 0.0; 0.0; -1.0; 0.0; 0.0; 0.0; 0.0; 0.0; 1.0;0; 0;0; 0; 
15.3161530495; 96639; 0.0; 0.0; -0.013053; 0.0; 0.0; 0.0; 0.0; 0.0; 0.0; 0.0; 0.0; 0.0; 0.0; 0.0; 0.0; 0.0; 0.0; 3.83; 3.94; 3.96; 3.77; 0.0; 0.0; 0.0; 0; 0; 0.0; 0.0; 1; 4.47935347494; 0.0933182144574; 0.0576786981227; 0; 0; 0; 0; 0.0; 0.0; 0.0; -1.0; 0.0; 0.0; 0.0; 0.0; 0.0; 1.0;0; 0;0; 0; 
15.3279361725; 96644; 0.0; 0.0; -0.012926; 0.0; 0.0; 0.0; 0.0; 0.0; 0.0; 0.0; 0.0; 0.0; 0.0; 0.0; 0.0; 0.0; 0.0; 3.83; 3.94; 3.96; 3.77; 0.0; 0.0; 0.0; 0; 0; 0.0; 0.0; 1; 4.47935347494; 0.0933182144574; 0.0576786981227; 0; 0; 0; 0; 0.0; 0.0; 0.0; -1.0; 0.0; 0.0; 0.0; 0.0; 0.0; 1.0;0; 0;0; 0; 
15.3405640125; 96649; 0.0; 0.0; -0.012616; 0.0; 0.0; 0.0; 0.0; 0.0; 0.0; 0.0; 0.0; 0.0; 0.0; 0.0; 0.0; 0.0; 0.0; 3.83; 3.94; 3.96; 3.77; 0.0; 0.0; 0.0; 0; 0; 0.0; 0.0; 1; 4.47935347494; 0.0933182144574; 0.0576786981227; 0; 0; 0; 0; 0.0; 0.0; 0.0; -1.0; 0.0; 0.0; 0.0; 0.0; 0.0; 1.0;0; 0;0; 0; 
15.3534801006; 96654; 0.0; 0.0; -0.01215; 0.0; 0.0; 0.0; 0.0; 0.0; 0.0; 0.0; 0.0; 0.0; 0.0; 0.0; 0.0; 0.0; 0.0; 3.83; 3.94; 3.96; 3.77; 0.0; 0.0; 0.0; 0; 0; 0.0; 0.0; 1; 4.47935347494; 0.0933182144574; 0.0576786981227; 0; 0; 0; 0; 0.0; 0.0; 0.0; -1.0; 0.0; 0.0; 0.0; 0.0; 0.0; 1.0;0; 0;0; 0; 
15.3657040596; 96659; 0.0; 0.0; -0.011583; 0.0; 0.0; 0.0; 0.0; 0.0; 0.0; 0.0; 0.0; 0.0; 0.0; 0.0; 0.0; 0.0; 0.0; 3.83; 3.94; 3.96; 3.77; 0.0; 0.0; 0.0; 0; 0; 0.0; 0.0; 1; 4.47935347494; 0.0933182144574; 0.0576786981227; 0; 0; 0; 0; 0.0; 0.0; 0.0; -1.0; 0.0; 0.0; 0.0; 0.0; 0.0; 1.0;0; 0;0; 0; 
15.3782069683; 96664; 0.0; 0.0; -0.011027; 0.0; 0.0; 0.0; 0.0; 0.0; 0.0; 0.0; 0.0; 0.0; 0.0; 0.0; 0.0; 0.0; 0.0; 3.83; 3.94; 3.96; 3.77; 0.0; 0.0; 0.0; 0; 0; 0.0; 0.0; 1; 4.47935347494; 0.0933182144574; 0.0576786981227; 0; 0; 0; 0; 0.0; 0.0; 0.0; -1.0; 0.0; 0.0; 0.0; 0.0; 0.0; 1.0;0; 0;0; 0; 
15.3879590034; 96669; 0.0; 0.0; -0.010545; 0.0; 0.0; 0.0; 0.0; 0.0; 0.0; 0.0; 0.0; 0.0; 0.0; 0.0; 0.0; 0.0; 0.0; 3.83; 3.94; 3.96; 3.77; 0.0; 0.0; 0.0; 0; 0; 0.0; 0.0; 1; 4.47935347494; 0.0933182144574; 0.0576786981227; 0; 0; 0; 0; 0.0; 0.0; 0.0; -1.0; 0.0; 0.0; 0.0; 0.0; 0.0; 1.0;0; 0;0; 0; 
15.3995599747; 96674; 0.0; 0.0; -0.010222; 0.0; 0.0; 0.0; 0.0; 0.0; 0.0; 0.0; 0.0; 0.0; 0.0; 0.0; 0.0; 0.0; 0.0; 3.83; 3.94; 3.96; 3.77; 0.0; 0.0; 0.0; 0; 0; 0.0; 0.0; 1; 4.47935347494; 0.0933182144574; 0.0576786981227; 0; 0; 0; 0; 0.0; 0.0; 0.0; -1.0; 0.0; 0.0; 0.0; 0.0; 0.0; 1.0;0; 0;0; 0; 
15.4115190506; 96679; 0.0; 0.0; -0.010103; 0.0; 0.0; 0.0; 0.0; 0.0; 0.0; 0.0; 0.0; 0.0; 0.0; 0.0; 0.0; 0.0; 0.0; 3.83; 3.94; 3.96; 3.77; 0.0; 0.0; 0.0; 0; 0; 0.0; 0.0; 1; 4.47935347494; 0.0933182144574; 0.0576786981227; 0; 0; 0; 0; 0.0; 0.0; 0.0; -1.0; 0.0; 0.0; 0.0; 0.0; 0.0; 1.0;0; 0;0; 0; 
15.4224281311; 96684; 0.0; 0.0; -0.010204; 0.0; 0.0; 0.0; 0.0; 0.0; 0.0; 0.0; 0.0; 0.0; 0.0; 0.0; 0.0; 0.0; 0.0; 3.83; 3.94; 3.96; 3.77; 0.0; 0.0; 0.0; 0; 0; 0.0; 0.0; 1; 4.47935347494; 0.0933182144574; 0.0576786981227; 0; 0; 0; 0; 0.0; 0.0; 0.0; -1.0; 0.0; 0.0; 0.0; 0.0; 0.0; 1.0;0; 0;0; 0; 
15.4340641499; 96689; 0.0; 0.0; -0.0105; 0.0; 0.0; 0.0; 0.0; 0.0; 0.0; 0.0; 0.0; 0.0; 0.0; 0.0; 0.0; 0.0; 0.0; 3.83; 3.94; 3.96; 3.77; 0.0; 0.0; 0.0; 0; 0; 0.0; 0.0; 1; 4.47935347494; 0.0933182144574; 0.0576786981227; 0; 0; 0; 0; 0.0; 0.0; 0.0; -1.0; 0.0; 0.0; 0.0; 0.0; 0.0; 1.0;0; 0;0; 0; 
15.4441599846; 96694; 0.0; 0.0; -0.010908; 0.0; 0.0; 0.0; 0.0; 0.0; 0.0; 0.0; 0.0; 0.0; 0.0; 0.0; 0.0; 0.0; 0.0; 3.83; 3.94; 3.96; 3.77; 0.0; 0.0; 0.0; 0; 0; 0.0; 0.0; 1; 4.47935347494; 0.0933182144574; 0.0576786981227; 0; 0; 0; 0; 0.0; 0.0; 0.0; -1.0; 0.0; 0.0; 0.0; 0.0; 0.0; 1.0;0; 0;0; 0; 
15.4564421177; 96699; 0.0; 0.0; -0.011402; 0.0; 0.0; 0.0; 0.0; 0.0; 0.0; 0.0; 0.0; 0.0; 0.0; 0.0; 0.0; 0.0; 0.0; 3.64; 3.73; 3.74; 3.55; 0.0; 0.0; 0.0; 0; 0; 0.0; 0.0; 1; 4.5301863272; 0.0962818205312; 0.05878867085; 0; 0; 0; 0; 0.0; 0.0; 0.0; -1.0; 0.0; 0.0; 0.0; 0.0; 0.0; 1.0;0; 0;0; 0; 
15.4686532021; 96704; 0.0; 0.0; -0.011918; 0.0; 0.0; 0.0; 0.0; 0.0; 0.0; 0.0; 0.0; 0.0; 0.0; 0.0; 0.0; 0.0; 0.0; 3.64; 3.73; 3.74; 3.55; 0.0; 0.0; 0.0; 0; 0; 0.0; 0.0; 1; 4.5301863272; 0.0962818205312; 0.05878867085; 0; 0; 0; 0; 0.0; 0.0; 0.0; -1.0; 0.0; 0.0; 0.0; 0.0; 0.0; 1.0;0; 0;0; 0; 
15.4797999859; 96709; 0.0; 0.0; -0.012356; 0.0; 0.0; 0.0; 0.0; 0.0; 0.0; 0.0; 0.0; 0.0; 0.0; 0.0; 0.0; 0.0; 0.0; 3.64; 3.73; 3.74; 3.55; 0.0; 0.0; 0.0; 0; 0; 0.0; 0.0; 1; 4.5301863272; 0.0962818205312; 0.05878867085; 0; 0; 0; 0; 0.0; 0.0; 0.0; -1.0; 0.0; 0.0; 0.0; 0.0; 0.0; 1.0;0; 0;0; 0; 
15.491505146; 96714; 0.0; 0.0; -0.012698; 0.0; 0.0; 0.0; 0.0; 0.0; 0.0; 0.0; 0.0; 0.0; 0.0; 0.0; 0.0; 0.0; 0.0; 3.64; 3.73; 3.74; 3.55; 0.0; 0.0; 0.0; 0; 0; 0.0; 0.0; 1; 4.5301863272; 0.0962818205312; 0.05878867085; 0; 0; 0; 0; 0.0; 0.0; 0.0; -1.0; 0.0; 0.0; 0.0; 0.0; 0.0; 1.0;0; 0;0; 0; 
15.5022339821; 96719; 0.0; 0.0; -0.012926; 0.0; 0.0; 0.0; 0.0; 0.0; 0.0; 0.0; 0.0; 0.0; 0.0; 0.0; 0.0; 0.0; 0.0; 3.64; 3.73; 3.74; 3.55; 0.0; 0.0; 0.0; 0; 0; 0.0; 0.0; 1; 4.5301863272; 0.0962818205312; 0.05878867085; 0; 0; 0; 0; 0.0; 0.0; 0.0; -1.0; 0.0; 0.0; 0.0; 0.0; 0.0; 1.0;0; 0;0; 0; 
15.5138411522; 96724; 0.0; 0.0; -0.013116; 0.0; 0.0; 0.0; 0.0; 0.0; 0.0; 0.0; 0.0; 0.0; 0.0; 0.0; 0.0; 0.0; 0.0; 3.64; 3.73; 3.74; 3.55; 0.0; 0.0; 0.0; 0; 0; 0.0; 0.0; 1; 4.5301863272; 0.0962818205312; 0.05878867085; 0; 0; 0; 0; 0.0; 0.0; 0.0; -1.0; 0.0; 0.0; 0.0; 0.0; 0.0; 1.0;0; 0;0; 0; 
15.5248010159; 96729; 0.0; 0.0; -0.013217; 0.0; 0.0; 0.0; 0.0; 0.0; 0.0; 0.0; 0.0; 0.0; 0.0; 0.0; 0.0; 0.0; 0.0; 3.64; 3.73; 3.74; 3.55; 0.0; 0.0; 0.0; 0; 0; 0.0; 0.0; 1; 4.5301863272; 0.0962818205312; 0.05878867085; 0; 0; 0; 0; 0.0; 0.0; 0.0; -1.0; 0.0; 0.0; 0.0; 0.0; 0.0; 1.0;0; 0;0; 0; 
15.53678298; 96734; 0.0; 0.0; -0.013255; 0.0; 0.0; 0.0; 0.0; 0.0; 0.0; 0.0; 0.0; 0.0; 0.0; 0.0; 0.0; 0.0; 0.0; 3.64; 3.73; 3.74; 3.55; 0.0; 0.0; 0.0; 0; 0; 0.0; 0.0; 1; 4.5301863272; 0.0962818205312; 0.05878867085; 0; 0; 0; 0; 0.0; 0.0; 0.0; -1.0; 0.0; 0.0; 0.0; 0.0; 0.0; 1.0;0; 0;0; 0; 
15.5484111309; 96739; 0.0; 0.0; -0.013297; 0.0; 0.0; 0.0; 0.0; 0.0; 0.0; 0.0; 0.0; 0.0; 0.0; 0.0; 0.0; 0.0; 0.0; 3.64; 3.73; 3.74; 3.55; 0.0; 0.0; 0.0; 0; 0; 0.0; 0.0; 1; 4.5301863272; 0.0962818205312; 0.05878867085; 0; 0; 0; 0; 0.0; 0.0; 0.0; -1.0; 0.0; 0.0; 0.0; 0.0; 0.0; 1.0;0; 0;0; 0; 
15.5597190857; 96744; 0.0; 0.0; -0.013358; 0.0; 0.0; 0.0; 0.0; 0.0; 0.0; 0.0; 0.0; 0.0; 0.0; 0.0; 0.0; 0.0; 0.0; 3.64; 3.73; 3.74; 3.55; 0.0; 0.0; 0.0; 0; 0; 0.0; 0.0; 1; 4.5301863272; 0.0962818205312; 0.05878867085; 0; 0; 0; 0; 0.0; 0.0; 0.0; -1.0; 0.0; 0.0; 0.0; 0.0; 0.0; 1.0;0; 0;0; 0; 
15.5720260143; 96749; 0.0; 0.0; -0.013409; 0.0; 0.0; 0.0; 0.0; 0.0; 0.0; 0.0; 0.0; 0.0; 0.0; 0.0; 0.0; 0.0; 0.0; 3.64; 3.73; 3.74; 3.55; 0.0; 0.0; 0.0; 0; 0; 0.0; 0.0; 1; 4.5301863272; 0.0962818205312; 0.05878867085; 0; 0; 0; 0; 0.0; 0.0; 0.0; -1.0; 0.0; 0.0; 0.0; 0.0; 0.0; 1.0;0; 0;0; 0; 
15.5838811398; 96754; 0.0; 0.0; -0.013425; 0.0; 0.0; 0.0; 0.0; 0.0; 0.0; 0.0; 0.0; 0.0; 0.0; 0.0; 0.0; 0.0; 0.0; 3.64; 3.73; 3.74; 3.55; 0.0; 0.0; 0.0; 0; 0; 0.0; 0.0; 1; 4.5301863272; 0.0962818205312; 0.05878867085; 0; 0; 0; 0; 0.0; 0.0; 0.0; -1.0; 0.0; 0.0; 0.0; 0.0; 0.0; 1.0;0; 0;0; 0; 
15.594604969; 96759; 0.0; 0.0; -0.0134; 0.0; 0.0; 0.0; 0.0; 0.0; 0.0; 0.0; 0.0; 0.0; 0.0; 0.0; 0.0; 0.0; 0.0; 3.64; 3.73; 3.74; 3.55; 0.0; 0.0; 0.0; 0; 0; 0.0; 0.0; 1; 4.5301863272; 0.0962818205312; 0.05878867085; 0; 0; 0; 0; 0.0; 0.0; 0.0; -1.0; 0.0; 0.0; 0.0; 0.0; 0.0; 1.0;0; 0;0; 0; 
15.6065371037; 96764; 0.0; 0.0; -0.013358; 0.0; 0.0; 0.0; 0.0; 0.0; 0.0; 0.0; 0.0; 0.0; 0.0; 0.0; 0.0; 0.0; 0.0; 3.64; 3.73; 3.74; 3.55; 0.0; 0.0; 0.0; 0; 0; 0.0; 0.0; 1; 4.5301863272; 0.0962818205312; 0.05878867085; 0; 0; 0; 0; 0.0; 0.0; 0.0; -1.0; 0.0; 0.0; 0.0; 0.0; 0.0; 1.0;0; 0;0; 0; 
15.6178500652; 96769; 0.0; 0.0; -0.01327; 0.0; 0.0; 0.0; 0.0; 0.0; 0.0; 0.0; 0.0; 0.0; 0.0; 0.0; 0.0; 0.0; 0.0; 3.64; 3.73; 3.74; 3.55; 0.0; 0.0; 0.0; 0; 0; 0.0; 0.0; 1; 4.5301863272; 0.0962818205312; 0.05878867085; 0; 0; 0; 0; 0.0; 0.0; 0.0; -1.0; 0.0; 0.0; 0.0; 0.0; 0.0; 1.0;0; 0;0; 0; 
15.6300091743; 96774; 0.0; 0.0; -0.013127; 0.0; 0.0; 0.0; 0.0; 0.0; 0.0; 0.0; 0.0; 0.0; 0.0; 0.0; 0.0; 0.0; 0.0; 3.64; 3.73; 3.74; 3.55; 0.0; 0.0; 0.0; 0; 0; 0.0; 0.0; 1; 4.5301863272; 0.0962818205312; 0.05878867085; 0; 0; 0; 0; 0.0; 0.0; 0.0; -1.0; 0.0; 0.0; 0.0; 0.0; 0.0; 1.0;0; 0;0; 0; 
15.6414511204; 96779; 0.0; 0.0; -0.012977; 0.0; 0.0; 0.0; 0.0; 0.0; 0.0; 0.0; 0.0; 0.0; 0.0; 0.0; 0.0; 0.0; 0.0; 3.64; 3.73; 3.74; 3.55; 0.0; 0.0; 0.0; 0; 0; 0.0; 0.0; 1; 4.5301863272; 0.0962818205312; 0.05878867085; 0; 0; 0; 0; 0.0; 0.0; 0.0; -1.0; 0.0; 0.0; 0.0; 0.0; 0.0; 1.0;0; 0;0; 0; 
15.6527500153; 96784; 0.0; 0.0; -0.012819; 0.0; 0.0; 0.0; 0.0; 0.0; 0.0; 0.0; 0.0; 0.0; 0.0; 0.0; 0.0; 0.0; 0.0; 3.64; 3.73; 3.74; 3.55; 0.0; 0.0; 0.0; 0; 0; 0.0; 0.0; 1; 4.5301863272; 0.0962818205312; 0.05878867085; 0; 0; 0; 0; 0.0; 0.0; 0.0; -1.0; 0.0; 0.0; 0.0; 0.0; 0.0; 1.0;0; 0;0; 0; 
15.665225029; 96789; 0.0; 0.0; -0.01269; 0.0; 0.0; 0.0; 0.0; 0.0; 0.0; 0.0; 0.0; 0.0; 0.0; 0.0; 0.0; 0.0; 0.0; 3.64; 3.73; 3.74; 3.55; 0.0; 0.0; 0.0; 0; 0; 0.0; 0.0; 1; 4.5301863272; 0.0962818205312; 0.05878867085; 0; 0; 0; 0; 0.0; 0.0; 0.0; -1.0; 0.0; 0.0; 0.0; 0.0; 0.0; 1.0;0; 0;0; 0; 
15.6768250465; 96794; 0.0; 0.0; -0.012582; 0.0; 0.0; 0.0; 0.0; 0.0; 0.0; 0.0; 0.0; 0.0; 0.0; 0.0; 0.0; 0.0; 0.0; 3.64; 3.73; 3.74; 3.55; 0.0; 0.0; 0.0; 0; 0; 0.0; 0.0; 1; 4.5301863272; 0.0962818205312; 0.05878867085; 0; 0; 0; 0; 0.0; 0.0; 0.0; -1.0; 0.0; 0.0; 0.0; 0.0; 0.0; 1.0;0; 0;0; 0; 
15.6879019737; 96799; 0.0; 0.0; -0.012492; 0.0; 0.0; 0.0; 0.0; 0.0; 0.0; 0.0; 0.0; 0.0; 0.0; 0.0; 0.0; 0.0; 0.0; 3.48; 3.55; 3.59; 3.39; 0.0; 0.0; 0.0; 0; 0; 0.0; 0.0; 1; 4.57949616969; 0.0992107339927; 0.0599565163046; 0; 0; 0; 0; 0.0; 0.0; 0.0; -1.0; 0.0; 0.0; 0.0; 0.0; 0.0; 1.0;0; 0;0; 0; 
15.6999661922; 96804; 0.0; 0.0; -0.01245; 0.0; 0.0; 0.0; 0.0; 0.0; 0.0; 0.0; 0.0; 0.0; 0.0; 0.0; 0.0; 0.0; 0.0; 3.48; 3.55; 3.59; 3.39; 0.0; 0.0; 0.0; 0; 0; 0.0; 0.0; 1; 4.57949616969; 0.0992107339927; 0.0599565163046; 0; 0; 0; 0; 0.0; 0.0; 0.0; -1.0; 0.0; 0.0; 0.0; 0.0; 0.0; 1.0;0; 0;0; 0; 
15.7117440701; 96809; 0.0; 0.0; -0.012451; 0.0; 0.0; 0.0; 0.0; 0.0; 0.0; 0.0; 0.0; 0.0; 0.0; 0.0; 0.0; 0.0; 0.0; 3.48; 3.55; 3.59; 3.39; 0.0; 0.0; 0.0; 0; 0; 0.0; 0.0; 1; 4.57949616969; 0.0992107339927; 0.0599565163046; 0; 0; 0; 0; 0.0; 0.0; 0.0; -1.0; 0.0; 0.0; 0.0; 0.0; 0.0; 1.0;0; 0;0; 0; 
15.7228181362; 96814; 0.0; 0.0; -0.012515; 0.0; 0.0; 0.0; 0.0; 0.0; 0.0; 0.0; 0.0; 0.0; 0.0; 0.0; 0.0; 0.0; 0.0; 3.48; 3.55; 3.59; 3.39; 0.0; 0.0; 0.0; 0; 0; 0.0; 0.0; 1; 4.57949616969; 0.0992107339927; 0.0599565163046; 0; 0; 0; 0; 0.0; 0.0; 0.0; -1.0; 0.0; 0.0; 0.0; 0.0; 0.0; 1.0;0; 0;0; 0; 
15.7343251705; 96819; 0.0; 0.0; -0.012648; 0.0; 0.0; 0.0; 0.0; 0.0; 0.0; 0.0; 0.0; 0.0; 0.0; 0.0; 0.0; 0.0; 0.0; 3.48; 3.55; 3.59; 3.39; 0.0; 0.0; 0.0; 0; 0; 0.0; 0.0; 1; 4.57949616969; 0.0992107339927; 0.0599565163046; 0; 0; 0; 0; 0.0; 0.0; 0.0; -1.0; 0.0; 0.0; 0.0; 0.0; 0.0; 1.0;0; 0;0; 0; 
15.7455689907; 96824; 0.0; 0.0; -0.012836; 0.0; 0.0; 0.0; 0.0; 0.0; 0.0; 0.0; 0.0; 0.0; 0.0; 0.0; 0.0; 0.0; 0.0; 3.48; 3.55; 3.59; 3.39; 0.0; 0.0; 0.0; 0; 0; 0.0; 0.0; 1; 4.57949616969; 0.0992107339927; 0.0599565163046; 0; 0; 0; 0; 0.0; 0.0; 0.0; -1.0; 0.0; 0.0; 0.0; 0.0; 0.0; 1.0;0; 0;0; 0; 
15.7576141357; 96829; 0.0; 0.0; -0.013153; 0.0; 0.0; 0.0; 0.0; 0.0; 0.0; 0.0; 0.0; 0.0; 0.0; 0.0; 0.0; 0.0; 0.0; 3.48; 3.55; 3.59; 3.39; 0.0; 0.0; 0.0; 0; 0; 0.0; 0.0; 1; 4.57949616969; 0.0992107339927; 0.0599565163046; 0; 0; 0; 0; 0.0; 0.0; 0.0; -1.0; 0.0; 0.0; 0.0; 0.0; 0.0; 1.0;0; 0;0; 0; 
15.7687129974; 96834; 0.0; 0.0; -0.013543; 0.0; 0.0; 0.0; 0.0; 0.0; 0.0; 0.0; 0.0; 0.0; 0.0; 0.0; 0.0; 0.0; 0.0; 3.48; 3.55; 3.59; 3.39; 0.0; 0.0; 0.0; 0; 0; 0.0; 0.0; 1; 4.57949616969; 0.0992107339927; 0.0599565163046; 0; 0; 0; 0; 0.0; 0.0; 0.0; -1.0; 0.0; 0.0; 0.0; 0.0; 0.0; 1.0;0; 0;0; 0; 
15.7803041935; 96839; 0.0; 0.0; -0.013968; 0.0; 0.0; 0.0; 0.0; 0.0; 0.0; 0.0; 0.0; 0.0; 0.0; 0.0; 0.0; 0.0; 0.0; 3.48; 3.55; 3.59; 3.39; 0.0; 0.0; 0.0; 0; 0; 0.0; 0.0; 1; 4.57949616969; 0.0992107339927; 0.0599565163046; 0; 0; 0; 0; 0.0; 0.0; 0.0; -1.0; 0.0; 0.0; 0.0; 0.0; 0.0; 1.0;0; 0;0; 0; 
15.7917981148; 96844; 0.0; 0.0; -0.014392; 0.0; 0.0; 0.0; 0.0; 0.0; 0.0; 0.0; 0.0; 0.0; 0.0; 0.0; 0.0; 0.0; 0.0; 3.48; 3.55; 3.59; 3.39; 0.0; 0.0; 0.0; 0; 0; 0.0; 0.0; 1; 4.57949616969; 0.0992107339927; 0.0599565163046; 0; 0; 0; 0; 0.0; 0.0; 0.0; -1.0; 0.0; 0.0; 0.0; 0.0; 0.0; 1.0;0; 0;0; 0; 
15.8030040264; 96849; 0.0; 0.0; -0.014772; 0.0; 0.0; 0.0; 0.0; 0.0; 0.0; 0.0; 0.0; 0.0; 0.0; 0.0; 0.0; 0.0; 0.0; 3.48; 3.55; 3.59; 3.39; 0.0; 0.0; 0.0; 0; 0; 0.0; 0.0; 1; 4.57949616969; 0.0992107339927; 0.0599565163046; 0; 0; 0; 0; 0.0; 0.0; 0.0; -1.0; 0.0; 0.0; 0.0; 0.0; 0.0; 1.0;0; 0;0; 0; 
15.8139631748; 96854; 0.0; 0.0; -0.015082; 0.0; 0.0; 0.0; 0.0; 0.0; 0.0; 0.0; 0.0; 0.0; 0.0; 0.0; 0.0; 0.0; 0.0; 3.48; 3.55; 3.59; 3.39; 0.0; 0.0; 0.0; 0; 0; 0.0; 0.0; 1; 4.57949616969; 0.0992107339927; 0.0599565163046; 0; 0; 0; 0; 0.0; 0.0; 0.0; -1.0; 0.0; 0.0; 0.0; 0.0; 0.0; 1.0;0; 0;0; 0; 
15.8252971172; 96859; 0.0; 0.0; -0.015253; 0.0; 0.0; 0.0; 0.0; 0.0; 0.0; 0.0; 0.0; 0.0; 0.0; 0.0; 0.0; 0.0; 0.0; 3.48; 3.55; 3.59; 3.39; 0.0; 0.0; 0.0; 0; 0; 0.0; 0.0; 1; 4.57949616969; 0.0992107339927; 0.0599565163046; 0; 0; 0; 0; 0.0; 0.0; 0.0; -1.0; 0.0; 0.0; 0.0; 0.0; 0.0; 1.0;0; 0;0; 0; 
15.8370611668; 96864; 0.0; 0.0; -0.015294; 0.0; 0.0; 0.0; 0.0; 0.0; 0.0; 0.0; 0.0; 0.0; 0.0; 0.0; 0.0; 0.0; 0.0; 3.48; 3.55; 3.59; 3.39; 0.0; 0.0; 0.0; 0; 0; 0.0; 0.0; 1; 4.57949616969; 0.0992107339927; 0.0599565163046; 0; 0; 0; 0; 0.0; 0.0; 0.0; -1.0; 0.0; 0.0; 0.0; 0.0; 0.0; 1.0;0; 0;0; 0; 
15.8478679657; 96869; 0.0; 0.0; -0.015275; 0.0; 0.0; 0.0; 0.0; 0.0; 0.0; 0.0; 0.0; 0.0; 0.0; 0.0; 0.0; 0.0; 0.0; 3.48; 3.55; 3.59; 3.39; 0.0; 0.0; 0.0; 0; 0; 0.0; 0.0; 1; 4.57949616969; 0.0992107339927; 0.0599565163046; 0; 0; 0; 0; 0.0; 0.0; 0.0; -1.0; 0.0; 0.0; 0.0; 0.0; 0.0; 1.0;0; 0;0; 0; 
15.8591210842; 96874; 0.0; 0.0; -0.015204; 0.0; 0.0; 0.0; 0.0; 0.0; 0.0; 0.0; 0.0; 0.0; 0.0; 0.0; 0.0; 0.0; 0.0; 3.48; 3.55; 3.59; 3.39; 0.0; 0.0; 0.0; 0; 0; 0.0; 0.0; 1; 4.57949616969; 0.0992107339927; 0.0599565163046; 0; 0; 0; 0; 0.0; 0.0; 0.0; -1.0; 0.0; 0.0; 0.0; 0.0; 0.0; 1.0;0; 0;0; 0; 
15.8703069687; 96879; 0.0; 0.0; -0.015104; 0.0; 0.0; 0.0; 0.0; 0.0; 0.0; 0.0; 0.0; 0.0; 0.0; 0.0; 0.0; 0.0; 0.0; 3.48; 3.55; 3.59; 3.39; 0.0; 0.0; 0.0; 0; 0; 0.0; 0.0; 1; 4.57949616969; 0.0992107339927; 0.0599565163046; 0; 0; 0; 0; 0.0; 0.0; 0.0; -1.0; 0.0; 0.0; 0.0; 0.0; 0.0; 1.0;0; 0;0; 0; 
15.8820791245; 96884; 0.0; 0.0; -0.014972; 0.0; 0.0; 0.0; 0.0; 0.0; 0.0; 0.0; 0.0; 0.0; 0.0; 0.0; 0.0; 0.0; 0.0; 3.48; 3.55; 3.59; 3.39; 0.0; 0.0; 0.0; 0; 0; 0.0; 0.0; 1; 4.57949616969; 0.0992107339927; 0.0599565163046; 0; 0; 0; 0; 0.0; 0.0; 0.0; -1.0; 0.0; 0.0; 0.0; 0.0; 0.0; 1.0;0; 0;0; 0; 
15.8936011791; 96889; 0.0; 0.0; -0.014813; 0.0; 0.0; 0.0; 0.0; 0.0; 0.0; 0.0; 0.0; 0.0; 0.0; 0.0; 0.0; 0.0; 0.0; 3.48; 3.55; 3.59; 3.39; 0.0; 0.0; 0.0; 0; 0; 0.0; 0.0; 1; 4.57949616969; 0.0992107339927; 0.0599565163046; 0; 0; 0; 0; 0.0; 0.0; 0.0; -1.0; 0.0; 0.0; 0.0; 0.0; 0.0; 1.0;0; 0;0; 0; 
15.9050221443; 96895; 0.0; 0.0; -0.014603; 0.0; 0.0; 0.0; 0.0; 0.0; 0.0; 0.0; 0.0; 0.0; 0.0; 0.0; 0.0; 0.0; 0.0; 3.48; 3.55; 3.59; 3.39; 0.0; 0.0; 0.0; 0; 0; 0.0; 0.0; 1; 4.57949616969; 0.0992107339927; 0.0599565163046; 0; 0; 0; 0; 0.0; 0.0; 0.0; -1.0; 0.0; 0.0; 0.0; 0.0; 0.0; 1.0;0; 0;0; 0; 
15.9161491394; 96900; 0.0; 0.0; -0.01436; 0.0; 0.0; 0.0; 0.0; 0.0; 0.0; 0.0; 0.0; 0.0; 0.0; 0.0; 0.0; 0.0; 0.0; 3.21; 3.28; 3.35; 3.14; 0.0; 0.0; 0.0; 0; 0; 0.0; 0.0; 1; 4.62734487196; 0.102110667536; 0.06123725085; 0; 0; 0; 0; 0.0; 0.0; 0.0; -1.0; 0.0; 0.0; 0.0; 0.0; 0.0; 1.0;0; 0;0; 0; 
15.9277551174; 96905; 0.0; 0.0; -0.014083; 0.0; 0.0; 0.0; 0.0; 0.0; 0.0; 0.0; 0.0; 0.0; 0.0; 0.0; 0.0; 0.0; 0.0; 3.21; 3.28; 3.35; 3.14; 0.0; 0.0; 0.0; 0; 0; 0.0; 0.0; 1; 4.62734487196; 0.102110667536; 0.06123725085; 0; 0; 0; 0; 0.0; 0.0; 0.0; -1.0; 0.0; 0.0; 0.0; 0.0; 0.0; 1.0;0; 0;0; 0; 
15.9395370483; 96910; 0.0; 0.0; -0.013751; 0.0; 0.0; 0.0; 0.0; 0.0; 0.0; 0.0; 0.0; 0.0; 0.0; 0.0; 0.0; 0.0; 0.0; 3.21; 3.28; 3.35; 3.14; 0.0; 0.0; 0.0; 0; 0; 0.0; 0.0; 1; 4.62734487196; 0.102110667536; 0.06123725085; 0; 0; 0; 0; 0.0; 0.0; 0.0; -1.0; 0.0; 0.0; 0.0; 0.0; 0.0; 1.0;0; 0;0; 0; 
15.9512321949; 96915; 0.0; 0.0; -0.013442; 0.0; 0.0; 0.0; 0.0; 0.0; 0.0; 0.0; 0.0; 0.0; 0.0; 0.0; 0.0; 0.0; 0.0; 3.21; 3.28; 3.35; 3.14; 0.0; 0.0; 0.0; 0; 0; 0.0; 0.0; 1; 4.62734487196; 0.102110667536; 0.06123725085; 0; 0; 0; 0; 0.0; 0.0; 0.0; -1.0; 0.0; 0.0; 0.0; 0.0; 0.0; 1.0;0; 0;0; 0; 
15.9624991417; 96920; 0.0; 0.0; -0.013154; 0.0; 0.0; 0.0; 0.0; 0.0; 0.0; 0.0; 0.0; 0.0; 0.0; 0.0; 0.0; 0.0; 0.0; 3.21; 3.28; 3.35; 3.14; 0.0; 0.0; 0.0; 0; 0; 0.0; 0.0; 1; 4.62734487196; 0.102110667536; 0.06123725085; 0; 0; 0; 0; 0.0; 0.0; 0.0; -1.0; 0.0; 0.0; 0.0; 0.0; 0.0; 1.0;0; 0;0; 0; 
15.9738199711; 96925; 0.0; 0.0; -0.012914; 0.0; 0.0; 0.0; 0.0; 0.0; 0.0; 0.0; 0.0; 0.0; 0.0; 0.0; 0.0; 0.0; 0.0; 3.21; 3.28; 3.35; 3.14; 0.0; 0.0; 0.0; 0; 0; 0.0; 0.0; 1; 4.62734487196; 0.102110667536; 0.06123725085; 0; 0; 0; 0; 0.0; 0.0; 0.0; -1.0; 0.0; 0.0; 0.0; 0.0; 0.0; 1.0;0; 0;0; 0; 
15.9857010841; 96930; 0.0; 0.0; -0.01273; 0.0; 0.0; 0.0; 0.0; 0.0; 0.0; 0.0; 0.0; 0.0; 0.0; 0.0; 0.0; 0.0; 0.0; 3.21; 3.28; 3.35; 3.14; 0.0; 0.0; 0.0; 0; 0; 0.0; 0.0; 1; 4.62734487196; 0.102110667536; 0.06123725085; 0; 0; 0; 0; 0.0; 0.0; 0.0; -1.0; 0.0; 0.0; 0.0; 0.0; 0.0; 1.0;0; 0;0; 0; 
15.9973580837; 96935; 0.0; 0.0; -0.012596; 0.0; 0.0; 0.0; 0.0; 0.0; 0.0; 0.0; 0.0; 0.0; 0.0; 0.0; 0.0; 0.0; 0.0; 3.21; 3.28; 3.35; 3.14; 0.0; 0.0; 0.0; 0; 0; 0.0; 0.0; 1; 4.62734487196; 0.102110667536; 0.06123725085; 0; 0; 0; 0; 0.0; 0.0; 0.0; -1.0; 0.0; 0.0; 0.0; 0.0; 0.0; 1.0;0; 0;0; 0; 
16.0084781647; 96940; 0.0; 0.0; -0.012576; 0.0; 0.0; 0.0; 0.0; 0.0; 0.0; 0.0; 0.0; 0.0; 0.0; 0.0; 0.0; 0.0; 0.0; 3.21; 3.28; 3.35; 3.14; 0.0; 0.0; 0.0; 0; 0; 0.0; 0.0; 1; 4.62734487196; 0.102110667536; 0.06123725085; 0; 0; 0; 0; 0.0; 0.0; 0.0; -1.0; 0.0; 0.0; 0.0; 0.0; 0.0; 1.0;0; 0;0; 0; 
16.0198149681; 96945; 0.0; 0.0; -0.012652; 0.0; 0.0; 0.0; 0.0; 0.0; 0.0; 0.0; 0.0; 0.0; 0.0; 0.0; 0.0; 0.0; 0.0; 3.21; 3.28; 3.35; 3.14; 0.0; 0.0; 0.0; 0; 0; 0.0; 0.0; 1; 4.62734487196; 0.102110667536; 0.06123725085; 0; 0; 0; 0; 0.0; 0.0; 0.0; -1.0; 0.0; 0.0; 0.0; 0.0; 0.0; 1.0;0; 0;0; 0; 
16.0320770741; 96950; 0.0; 0.0; -0.01279; 0.0; 0.0; 0.0; 0.0; 0.0; 0.0; 0.0; 0.0; 0.0; 0.0; 0.0; 0.0; 0.0; 0.0; 3.21; 3.28; 3.35; 3.14; 0.0; 0.0; 0.0; 0; 0; 0.0; 0.0; 1; 4.62734487196; 0.102110667536; 0.06123725085; 0; 0; 0; 0; 0.0; 0.0; 0.0; -1.0; 0.0; 0.0; 0.0; 0.0; 0.0; 1.0;0; 0;0; 0; 
16.0435891151; 96955; 0.0; 0.0; -0.013; 0.0; 0.0; 0.0; 0.0; 0.0; 0.0; 0.0; 0.0; 0.0; 0.0; 0.0; 0.0; 0.0; 0.0; 3.21; 3.28; 3.35; 3.14; 0.0; 0.0; 0.0; 0; 0; 0.0; 0.0; 1; 4.62734487196; 0.102110667536; 0.06123725085; 0; 0; 0; 0; 0.0; 0.0; 0.0; -1.0; 0.0; 0.0; 0.0; 0.0; 0.0; 1.0;0; 0;0; 0; 
16.0550560951; 96960; 0.0; 0.0; -0.013253; 0.0; 0.0; 0.0; 0.0; 0.0; 0.0; 0.0; 0.0; 0.0; 0.0; 0.0; 0.0; 0.0; 0.0; 3.21; 3.28; 3.35; 3.14; 0.0; 0.0; 0.0; 0; 0; 0.0; 0.0; 1; 4.62734487196; 0.102110667536; 0.06123725085; 0; 0; 0; 0; 0.0; 0.0; 0.0; -1.0; 0.0; 0.0; 0.0; 0.0; 0.0; 1.0;0; 0;0; 0; 
16.0668241978; 96965; 0.0; 0.0; -0.013516; 0.0; 0.0; 0.0; 0.0; 0.0; 0.0; 0.0; 0.0; 0.0; 0.0; 0.0; 0.0; 0.0; 0.0; 3.21; 3.28; 3.35; 3.14; 0.0; 0.0; 0.0; 0; 0; 0.0; 0.0; 1; 4.62734487196; 0.102110667536; 0.06123725085; 0; 0; 0; 0; 0.0; 0.0; 0.0; -1.0; 0.0; 0.0; 0.0; 0.0; 0.0; 1.0;0; 0;0; 0; 
16.0784749985; 96970; 0.0; 0.0; -0.013745; 0.0; 0.0; 0.0; 0.0; 0.0; 0.0; 0.0; 0.0; 0.0; 0.0; 0.0; 0.0; 0.0; 0.0; 3.21; 3.28; 3.35; 3.14; 0.0; 0.0; 0.0; 0; 0; 0.0; 0.0; 1; 4.62734487196; 0.102110667536; 0.06123725085; 0; 0; 0; 0; 0.0; 0.0; 0.0; -1.0; 0.0; 0.0; 0.0; 0.0; 0.0; 1.0;0; 0;0; 0; 
16.0902781487; 96975; 0.0; 0.0; -0.013918; 0.0; 0.0; 0.0; 0.0; 0.0; 0.0; 0.0; 0.0; 0.0; 0.0; 0.0; 0.0; 0.0; 0.0; 3.21; 3.28; 3.35; 3.14; 0.0; 0.0; 0.0; 0; 0; 0.0; 0.0; 1; 4.62734487196; 0.102110667536; 0.06123725085; 0; 0; 0; 0; 0.0; 0.0; 0.0; -1.0; 0.0; 0.0; 0.0; 0.0; 0.0; 1.0;0; 0;0; 0; 
16.1019799709; 96980; 0.0; 0.0; -0.014044; 0.0; 0.0; 0.0; 0.0; 0.0; 0.0; 0.0; 0.0; 0.0; 0.0; 0.0; 0.0; 0.0; 0.0; 3.21; 3.28; 3.35; 3.14; 0.0; 0.0; 0.0; 0; 0; 0.0; 0.0; 1; 4.62734487196; 0.102110667536; 0.06123725085; 0; 0; 0; 0; 0.0; 0.0; 0.0; -1.0; 0.0; 0.0; 0.0; 0.0; 0.0; 1.0;0; 0;0; 0; 
16.1131241322; 96985; 0.0; 0.0; -0.014133; 0.0; 0.0; 0.0; 0.0; 0.0; 0.0; 0.0; 0.0; 0.0; 0.0; 0.0; 0.0; 0.0; 0.0; 3.21; 3.28; 3.35; 3.14; 0.0; 0.0; 0.0; 0; 0; 0.0; 0.0; 1; 4.62734487196; 0.102110667536; 0.06123725085; 0; 0; 0; 0; 0.0; 0.0; 0.0; -1.0; 0.0; 0.0; 0.0; 0.0; 0.0; 1.0;0; 0;0; 0; 
16.1240620613; 96990; 0.0; 0.0; -0.014162; 0.0; 0.0; 0.0; 0.0; 0.0; 0.0; 0.0; 0.0; 0.0; 0.0; 0.0; 0.0; 0.0; 0.0; 3.21; 3.28; 3.35; 3.14; 0.0; 0.0; 0.0; 0; 0; 0.0; 0.0; 1; 4.62734487196; 0.102110667536; 0.06123725085; 0; 0; 0; 0; 0.0; 0.0; 0.0; -1.0; 0.0; 0.0; 0.0; 0.0; 0.0; 1.0;0; 0;0; 0; 
16.1351561546; 96995; 0.0; 0.0; -0.014133; 0.0; 0.0; 0.0; 0.0; 0.0; 0.0; 0.0; 0.0; 0.0; 0.0; 0.0; 0.0; 0.0; 0.0; 3.21; 3.28; 3.35; 3.14; 0.0; 0.0; 0.0; 0; 0; 0.0; 0.0; 1; 4.62734487196; 0.102110667536; 0.06123725085; 0; 0; 0; 0; 0.0; 0.0; 0.0; -1.0; 0.0; 0.0; 0.0; 0.0; 0.0; 1.0;0; 0;0; 0; 
16.1461901665; 97000; 0.0; 0.0; -0.014053; 0.0; 0.0; 0.0; 0.0; 0.0; 0.0; 0.0; 0.0; 0.0; 0.0; 0.0; 0.0; 0.0; 0.0; 2.77; 2.99; 2.88; 2.81; 0.0; 0.0; 0.0; 0; 0; 0.0; 0.0; 1; 4.6724581084; 0.104902810926; 0.0624618963046; 0; 0; 0; 0; 0.0; 0.0; 0.0; -1.0; 0.0; 0.0; 0.0; 0.0; 0.0; 1.0;0; 0;0; 0; 
16.1582520008; 97005; 0.0; 0.0; -0.013872; 0.0; 0.0; 0.0; 0.0; 0.0; 0.0; 0.0; 0.0; 0.0; 0.0; 0.0; 0.0; 0.0; 0.0; 2.77; 2.99; 2.88; 2.81; 0.0; 0.0; 0.0; 0; 0; 0.0; 0.0; 1; 4.6724581084; 0.104902810926; 0.0624618963046; 0; 0; 0; 0; 0.0; 0.0; 0.0; -1.0; 0.0; 0.0; 0.0; 0.0; 0.0; 1.0;0; 0;0; 0; 
16.169973135; 97010; 0.0; 0.0; -0.013625; 0.0; 0.0; 0.0; 0.0; 0.0; 0.0; 0.0; 0.0; 0.0; 0.0; 0.0; 0.0; 0.0; 0.0; 2.77; 2.99; 2.88; 2.81; 0.0; 0.0; 0.0; 0; 0; 0.0; 0.0; 1; 4.6724581084; 0.104902810926; 0.0624618963046; 0; 0; 0; 0; 0.0; 0.0; 0.0; -1.0; 0.0; 0.0; 0.0; 0.0; 0.0; 1.0;0; 0;0; 0; 
16.1813240051; 97015; 0.0; 0.0; -0.013294; 0.0; 0.0; 0.0; 0.0; 0.0; 0.0; 0.0; 0.0; 0.0; 0.0; 0.0; 0.0; 0.0; 0.0; 2.77; 2.99; 2.88; 2.81; 0.0; 0.0; 0.0; 0; 0; 0.0; 0.0; 1; 4.6724581084; 0.104902810926; 0.0624618963046; 0; 0; 0; 0; 0.0; 0.0; 0.0; -1.0; 0.0; 0.0; 0.0; 0.0; 0.0; 1.0;0; 0;0; 0; 
16.1933012009; 97020; 0.0; 0.0; -0.012925; 0.0; 0.0; 0.0; 0.0; 0.0; 0.0; 0.0; 0.0; 0.0; 0.0; 0.0; 0.0; 0.0; 0.0; 2.77; 2.99; 2.88; 2.81; 0.0; 0.0; 0.0; 0; 0; 0.0; 0.0; 1; 4.6724581084; 0.104902810926; 0.0624618963046; 0; 0; 0; 0; 0.0; 0.0; 0.0; -1.0; 0.0; 0.0; 0.0; 0.0; 0.0; 1.0;0; 0;0; 0; 
16.2052931786; 97025; 0.0; 0.0; -0.012563; 0.0; 0.0; 0.0; 0.0; 0.0; 0.0; 0.0; 0.0; 0.0; 0.0; 0.0; 0.0; 0.0; 0.0; 2.77; 2.99; 2.88; 2.81; 0.0; 0.0; 0.0; 0; 0; 0.0; 0.0; 1; 4.6724581084; 0.104902810926; 0.0624618963046; 0; 0; 0; 0; 0.0; 0.0; 0.0; -1.0; 0.0; 0.0; 0.0; 0.0; 0.0; 1.0;0; 0;0; 0; 
16.2167131901; 97030; 0.0; 0.0; -0.012181; 0.0; 0.0; 0.0; 0.0; 0.0; 0.0; 0.0; 0.0; 0.0; 0.0; 0.0; 0.0; 0.0; 0.0; 2.77; 2.99; 2.88; 2.81; 0.0; 0.0; 0.0; 0; 0; 0.0; 0.0; 1; 4.6724581084; 0.104902810926; 0.0624618963046; 0; 0; 0; 0; 0.0; 0.0; 0.0; -1.0; 0.0; 0.0; 0.0; 0.0; 0.0; 1.0;0; 0;0; 0; 
16.2277951241; 97035; 0.0; 0.0; -0.011815; 0.0; 0.0; 0.0; 0.0; 0.0; 0.0; 0.0; 0.0; 0.0; 0.0; 0.0; 0.0; 0.0; 0.0; 2.77; 2.99; 2.88; 2.81; 0.0; 0.0; 0.0; 0; 0; 0.0; 0.0; 1; 4.6724581084; 0.104902810926; 0.0624618963046; 0; 0; 0; 0; 0.0; 0.0; 0.0; -1.0; 0.0; 0.0; 0.0; 0.0; 0.0; 1.0;0; 0;0; 0; 
16.2407410145; 97040; 0.0; 0.0; -0.011414; 0.0; 0.0; 0.0; 0.0; 0.0; 0.0; 0.0; 0.0; 0.0; 0.0; 0.0; 0.0; 0.0; 0.0; 2.77; 2.99; 2.88; 2.81; 0.0; 0.0; 0.0; 0; 0; 0.0; 0.0; 1; 4.6724581084; 0.104902810926; 0.0624618963046; 0; 0; 0; 0; 0.0; 0.0; 0.0; -1.0; 0.0; 0.0; 0.0; 0.0; 0.0; 1.0;0; 0;0; 0; 
16.2517030239; 97045; 0.0; 0.0; -0.010996; 0.0; 0.0; 0.0; 0.0; 0.0; 0.0; 0.0; 0.0; 0.0; 0.0; 0.0; 0.0; 0.0; 0.0; 2.77; 2.99; 2.88; 2.81; 0.0; 0.0; 0.0; 0; 0; 0.0; 0.0; 1; 4.6724581084; 0.104902810926; 0.0624618963046; 0; 0; 0; 0; 0.0; 0.0; 0.0; -1.0; 0.0; 0.0; 0.0; 0.0; 0.0; 1.0;0; 0;0; 0; 
16.2629930973; 97050; 0.0; 0.0; -0.010589; 0.0; 0.0; 0.0; 0.0; 0.0; 0.0; 0.0; 0.0; 0.0; 0.0; 0.0; 0.0; 0.0; 0.0; 2.77; 2.99; 2.88; 2.81; 0.0; 0.0; 0.0; 0; 0; 0.0; 0.0; 1; 4.6724581084; 0.104902810926; 0.0624618963046; 0; 0; 0; 0; 0.0; 0.0; 0.0; -1.0; 0.0; 0.0; 0.0; 0.0; 0.0; 1.0;0; 0;0; 0; 
16.2743310928; 97055; 0.0; 0.0; -0.010209; 0.0; 0.0; 0.0; 0.0; 0.0; 0.0; 0.0; 0.0; 0.0; 0.0; 0.0; 0.0; 0.0; 0.0; 2.77; 2.99; 2.88; 2.81; 0.0; 0.0; 0.0; 0; 0; 0.0; 0.0; 1; 4.6724581084; 0.104902810926; 0.0624618963046; 0; 0; 0; 0; 0.0; 0.0; 0.0; -1.0; 0.0; 0.0; 0.0; 0.0; 0.0; 1.0;0; 0;0; 0; 
16.2856390476; 97060; 0.0; 0.0; -0.0099281; 0.0; 0.0; 0.0; 0.0; 0.0; 0.0; 0.0; 0.0; 0.0; 0.0; 0.0; 0.0; 0.0; 0.0; 2.77; 2.99; 2.88; 2.81; 0.0; 0.0; 0.0; 0; 0; 0.0; 0.0; 1; 4.6724581084; 0.104902810926; 0.0624618963046; 0; 0; 0; 0; 0.0; 0.0; 0.0; -1.0; 0.0; 0.0; 0.0; 0.0; 0.0; 1.0;0; 0;0; 0; 
16.2973740101; 97065; 0.0; 0.0; -0.0098115; 0.0; 0.0; 0.0; 0.0; 0.0; 0.0; 0.0; 0.0; 0.0; 0.0; 0.0; 0.0; 0.0; 0.0; 2.77; 2.99; 2.88; 2.81; 0.0; 0.0; 0.0; 0; 0; 0.0; 0.0; 1; 4.6724581084; 0.104902810926; 0.0624618963046; 0; 0; 0; 0; 0.0; 0.0; 0.0; -1.0; 0.0; 0.0; 0.0; 0.0; 0.0; 1.0;0; 0;0; 0; 
16.3085741997; 97070; 0.0; 0.0; -0.0099212; 0.0; 0.0; 0.0; 0.0; 0.0; 0.0; 0.0; 0.0; 0.0; 0.0; 0.0; 0.0; 0.0; 0.0; 2.77; 2.99; 2.88; 2.81; 0.0; 0.0; 0.0; 0; 0; 0.0; 0.0; 1; 4.6724581084; 0.104902810926; 0.0624618963046; 0; 0; 0; 0; 0.0; 0.0; 0.0; -1.0; 0.0; 0.0; 0.0; 0.0; 0.0; 1.0;0; 0;0; 0; 
16.3196811676; 97075; 0.0; 0.0; -0.010285; 0.0; 0.0; 0.0; 0.0; 0.0; 0.0; 0.0; 0.0; 0.0; 0.0; 0.0; 0.0; 0.0; 0.0; 2.77; 2.99; 2.88; 2.81; 0.0; 0.0; 0.0; 0; 0; 0.0; 0.0; 1; 4.6724581084; 0.104902810926; 0.0624618963046; 0; 0; 0; 0; 0.0; 0.0; 0.0; -1.0; 0.0; 0.0; 0.0; 0.0; 0.0; 1.0;0; 0;0; 0; 
16.3316349983; 97080; 0.0; 0.0; -0.010858; 0.0; 0.0; 0.0; 0.0; 0.0; 0.0; 0.0; 0.0; 0.0; 0.0; 0.0; 0.0; 0.0; 0.0; 2.77; 2.99; 2.88; 2.81; 0.0; 0.0; 0.0; 0; 0; 0.0; 0.0; 1; 4.6724581084; 0.104902810926; 0.0624618963046; 0; 0; 0; 0; 0.0; 0.0; 0.0; -1.0; 0.0; 0.0; 0.0; 0.0; 0.0; 1.0;0; 0;0; 0; 
16.3433511257; 97085; 0.0; 0.0; -0.011574; 0.0; 0.0; 0.0; 0.0; 0.0; 0.0; 0.0; 0.0; 0.0; 0.0; 0.0; 0.0; 0.0; 0.0; 2.77; 2.99; 2.88; 2.81; 0.0; 0.0; 0.0; 0; 0; 0.0; 0.0; 1; 4.6724581084; 0.104902810926; 0.0624618963046; 0; 0; 0; 0; 0.0; 0.0; 0.0; -1.0; 0.0; 0.0; 0.0; 0.0; 0.0; 1.0;0; 0;0; 0; 
16.3545429707; 97090; 0.0; 0.0; -0.012294; 0.0; 0.0; 0.0; 0.0; 0.0; 0.0; 0.0; 0.0; 0.0; 0.0; 0.0; 0.0; 0.0; 0.0; 2.77; 2.99; 2.88; 2.81; 0.0; 0.0; 0.0; 0; 0; 0.0; 0.0; 1; 4.6724581084; 0.104902810926; 0.0624618963046; 0; 0; 0; 0; 0.0; 0.0; 0.0; -1.0; 0.0; 0.0; 0.0; 0.0; 0.0; 1.0;0; 0;0; 0; 
16.365912199; 97095; 0.0; 0.0; -0.012927; 0.0; 0.0; 0.0; 0.0; 0.0; 0.0; 0.0; 0.0; 0.0; 0.0; 0.0; 0.0; 0.0; 0.0; 2.77; 2.99; 2.88; 2.81; 0.0; 0.0; 0.0; 0; 0; 0.0; 0.0; 1; 4.6724581084; 0.104902810926; 0.0624618963046; 0; 0; 0; 0; 0.0; 0.0; 0.0; -1.0; 0.0; 0.0; 0.0; 0.0; 0.0; 1.0;0; 0;0; 0; 
16.3767781258; 97100; 0.0; 0.0; -0.013435; 0.0; 0.0; 0.0; 0.0; 0.0; 0.0; 0.0; 0.0; 0.0; 0.0; 0.0; 0.0; 0.0; 0.0; 2.61; 2.69; 2.59; 2.48; 0.0; 0.0; 0.0; 0; 0; 0.0; 0.0; 1; 4.71445811179; 0.107552072253; 0.0635361726682; 0; 0; 0; 0; 0.0; 0.0; 0.0; -1.0; 0.0; 0.0; 0.0; 0.0; 0.0; 1.0;0; 0;0; 0; 
16.3893380165; 97105; 0.0; 0.0; -0.013784; 0.0; 0.0; 0.0; 0.0; 0.0; 0.0; 0.0; 0.0; 0.0; 0.0; 0.0; 0.0; 0.0; 0.0; 2.61; 2.69; 2.59; 2.48; 0.0; 0.0; 0.0; 0; 0; 0.0; 0.0; 1; 4.71445811179; 0.107552072253; 0.0635361726682; 0; 0; 0; 0; 0.0; 0.0; 0.0; -1.0; 0.0; 0.0; 0.0; 0.0; 0.0; 1.0;0; 0;0; 0; 
16.40082407; 97110; 0.0; 0.0; -0.013942; 0.0; 0.0; 0.0; 0.0; 0.0; 0.0; 0.0; 0.0; 0.0; 0.0; 0.0; 0.0; 0.0; 0.0; 2.61; 2.69; 2.59; 2.48; 0.0; 0.0; 0.0; 0; 0; 0.0; 0.0; 1; 4.71445811179; 0.107552072253; 0.0635361726682; 0; 0; 0; 0; 0.0; 0.0; 0.0; -1.0; 0.0; 0.0; 0.0; 0.0; 0.0; 1.0;0; 0;0; 0; 
16.4120290279; 97115; 0.0; 0.0; -0.013897; 0.0; 0.0; 0.0; 0.0; 0.0; 0.0; 0.0; 0.0; 0.0; 0.0; 0.0; 0.0; 0.0; 0.0; 2.61; 2.69; 2.59; 2.48; 0.0; 0.0; 0.0; 0; 0; 0.0; 0.0; 1; 4.71445811179; 0.107552072253; 0.0635361726682; 0; 0; 0; 0; 0.0; 0.0; 0.0; -1.0; 0.0; 0.0; 0.0; 0.0; 0.0; 1.0;0; 0;0; 0; 
16.4230401516; 97120; 0.0; 0.0; -0.01374; 0.0; 0.0; 0.0; 0.0; 0.0; 0.0; 0.0; 0.0; 0.0; 0.0; 0.0; 0.0; 0.0; 0.0; 2.61; 2.69; 2.59; 2.48; 0.0; 0.0; 0.0; 0; 0; 0.0; 0.0; 1; 4.71445811179; 0.107552072253; 0.0635361726682; 0; 0; 0; 0; 0.0; 0.0; 0.0; -1.0; 0.0; 0.0; 0.0; 0.0; 0.0; 1.0;0; 0;0; 0; 
16.4341051579; 97125; 0.0; 0.0; -0.013608; 0.0; 0.0; 0.0; 0.0; 0.0; 0.0; 0.0; 0.0; 0.0; 0.0; 0.0; 0.0; 0.0; 0.0; 2.61; 2.69; 2.59; 2.48; 0.0; 0.0; 0.0; 0; 0; 0.0; 0.0; 1; 4.71445811179; 0.107552072253; 0.0635361726682; 0; 0; 0; 0; 0.0; 0.0; 0.0; -1.0; 0.0; 0.0; 0.0; 0.0; 0.0; 1.0;0; 0;0; 0; 
16.4454400539; 97130; 0.0; 0.0; -0.013527; 0.0; 0.0; 0.0; 0.0; 0.0; 0.0; 0.0; 0.0; 0.0; 0.0; 0.0; 0.0; 0.0; 0.0; 2.61; 2.69; 2.59; 2.48; 0.0; 0.0; 0.0; 0; 0; 0.0; 0.0; 1; 4.71445811179; 0.107552072253; 0.0635361726682; 0; 0; 0; 0; 0.0; 0.0; 0.0; -1.0; 0.0; 0.0; 0.0; 0.0; 0.0; 1.0;0; 0;0; 0; 
16.4567680359; 97135; 0.0; 0.0; -0.013518; 0.0; 0.0; 0.0; 0.0; 0.0; 0.0; 0.0; 0.0; 0.0; 0.0; 0.0; 0.0; 0.0; 0.0; 2.61; 2.69; 2.59; 2.48; 0.0; 0.0; 0.0; 0; 0; 0.0; 0.0; 1; 4.71445811179; 0.107552072253; 0.0635361726682; 0; 0; 0; 0; 0.0; 0.0; 0.0; -1.0; 0.0; 0.0; 0.0; 0.0; 0.0; 1.0;0; 0;0; 0; 
16.4676361084; 97140; 0.0; 0.0; -0.013628; 0.0; 0.0; 0.0; 0.0; 0.0; 0.0; 0.0; 0.0; 0.0; 0.0; 0.0; 0.0; 0.0; 0.0; 2.61; 2.69; 2.59; 2.48; 0.0; 0.0; 0.0; 0; 0; 0.0; 0.0; 1; 4.71445811179; 0.107552072253; 0.0635361726682; 0; 0; 0; 0; 0.0; 0.0; 0.0; -1.0; 0.0; 0.0; 0.0; 0.0; 0.0; 1.0;0; 0;0; 0; 
16.4787590504; 97145; 0.0; 0.0; -0.013927; 0.0; 0.0; 0.0; 0.0; 0.0; 0.0; 0.0; 0.0; 0.0; 0.0; 0.0; 0.0; 0.0; 0.0; 2.61; 2.69; 2.59; 2.48; 0.0; 0.0; 0.0; 0; 0; 0.0; 0.0; 1; 4.71445811179; 0.107552072253; 0.0635361726682; 0; 0; 0; 0; 0.0; 0.0; 0.0; -1.0; 0.0; 0.0; 0.0; 0.0; 0.0; 1.0;0; 0;0; 0; 
16.489729166; 97150; 0.0; 0.0; -0.014377; 0.0; 0.0; 0.0; 0.0; 0.0; 0.0; 0.0; 0.0; 0.0; 0.0; 0.0; 0.0; 0.0; 0.0; 2.61; 2.69; 2.59; 2.48; 0.0; 0.0; 0.0; 0; 0; 0.0; 0.0; 1; 4.71445811179; 0.107552072253; 0.0635361726682; 0; 0; 0; 0; 0.0; 0.0; 0.0; -1.0; 0.0; 0.0; 0.0; 0.0; 0.0; 1.0;0; 0;0; 0; 
16.5011060238; 97155; 0.0; 0.0; -0.014838; 0.0; 0.0; 0.0; 0.0; 0.0; 0.0; 0.0; 0.0; 0.0; 0.0; 0.0; 0.0; 0.0; 0.0; 2.61; 2.69; 2.59; 2.48; 0.0; 0.0; 0.0; 0; 0; 0.0; 0.0; 1; 4.71445811179; 0.107552072253; 0.0635361726682; 0; 0; 0; 0; 0.0; 0.0; 0.0; -1.0; 0.0; 0.0; 0.0; 0.0; 0.0; 1.0;0; 0;0; 0; 
16.5124759674; 97160; 0.0; 0.0; -0.015214; 0.0; 0.0; 0.0; 0.0; 0.0; 0.0; 0.0; 0.0; 0.0; 0.0; 0.0; 0.0; 0.0; 0.0; 2.61; 2.69; 2.59; 2.48; 0.0; 0.0; 0.0; 0; 0; 0.0; 0.0; 1; 4.71445811179; 0.107552072253; 0.0635361726682; 0; 0; 0; 0; 0.0; 0.0; 0.0; -1.0; 0.0; 0.0; 0.0; 0.0; 0.0; 1.0;0; 0;0; 0; 
16.5236830711; 97165; 0.0; 0.0; -0.015486; 0.0; 0.0; 0.0; 0.0; 0.0; 0.0; 0.0; 0.0; 0.0; 0.0; 0.0; 0.0; 0.0; 0.0; 2.61; 2.69; 2.59; 2.48; 0.0; 0.0; 0.0; 0; 0; 0.0; 0.0; 1; 4.71445811179; 0.107552072253; 0.0635361726682; 0; 0; 0; 0; 0.0; 0.0; 0.0; -1.0; 0.0; 0.0; 0.0; 0.0; 0.0; 1.0;0; 0;0; 0; 
16.5343120098; 97170; 0.0; 0.0; -0.015597; 0.0; 0.0; 0.0; 0.0; 0.0; 0.0; 0.0; 0.0; 0.0; 0.0; 0.0; 0.0; 0.0; 0.0; 2.61; 2.69; 2.59; 2.48; 0.0; 0.0; 0.0; 0; 0; 0.0; 0.0; 1; 4.71445811179; 0.107552072253; 0.0635361726682; 0; 0; 0; 0; 0.0; 0.0; 0.0; -1.0; 0.0; 0.0; 0.0; 0.0; 0.0; 1.0;0; 0;0; 0; 
16.5453021526; 97175; 0.0; 0.0; -0.015497; 0.0; 0.0; 0.0; 0.0; 0.0; 0.0; 0.0; 0.0; 0.0; 0.0; 0.0; 0.0; 0.0; 0.0; 2.61; 2.69; 2.59; 2.48; 0.0; 0.0; 0.0; 0; 0; 0.0; 0.0; 1; 4.71445811179; 0.107552072253; 0.0635361726682; 0; 0; 0; 0; 0.0; 0.0; 0.0; -1.0; 0.0; 0.0; 0.0; 0.0; 0.0; 1.0;0; 0;0; 0; 
16.5564000607; 97180; 0.0; 0.0; -0.015159; 0.0; 0.0; 0.0; 0.0; 0.0; 0.0; 0.0; 0.0; 0.0; 0.0; 0.0; 0.0; 0.0; 0.0; 2.61; 2.69; 2.59; 2.48; 0.0; 0.0; 0.0; 0; 0; 0.0; 0.0; 1; 4.71445811179; 0.107552072253; 0.0635361726682; 0; 0; 0; 0; 0.0; 0.0; 0.0; -1.0; 0.0; 0.0; 0.0; 0.0; 0.0; 1.0;0; 0;0; 0; 
16.5668430328; 97185; 0.0; 0.0; -0.014638; 0.0; 0.0; 0.0; 0.0; 0.0; 0.0; 0.0; 0.0; 0.0; 0.0; 0.0; 0.0; 0.0; 0.0; 2.61; 2.69; 2.59; 2.48; 0.0; 0.0; 0.0; 0; 0; 0.0; 0.0; 1; 4.71445811179; 0.107552072253; 0.0635361726682; 0; 0; 0; 0; 0.0; 0.0; 0.0; -1.0; 0.0; 0.0; 0.0; 0.0; 0.0; 1.0;0; 0;0; 0; 
16.578179121; 97190; 0.0; 0.0; -0.014005; 0.0; 0.0; 0.0; 0.0; 0.0; 0.0; 0.0; 0.0; 0.0; 0.0; 0.0; 0.0; 0.0; 0.0; 2.61; 2.69; 2.59; 2.48; 0.0; 0.0; 0.0; 0; 0; 0.0; 0.0; 1; 4.71445811179; 0.107552072253; 0.0635361726682; 0; 0; 0; 0; 0.0; 0.0; 0.0; -1.0; 0.0; 0.0; 0.0; 0.0; 0.0; 1.0;0; 0;0; 0; 
16.5893540382; 97195; 0.0; 0.0; -0.013256; 0.0; 0.0; 0.0; 0.0; 0.0; 0.0; 0.0; 0.0; 0.0; 0.0; 0.0; 0.0; 0.0; 0.0; 2.61; 2.69; 2.59; 2.48; 0.0; 0.0; 0.0; 0; 0; 0.0; 0.0; 1; 4.71445811179; 0.107552072253; 0.0635361726682; 0; 0; 0; 0; 0.0; 0.0; 0.0; -1.0; 0.0; 0.0; 0.0; 0.0; 0.0; 1.0;0; 0;0; 0; 
16.6001770496; 97200; 0.0; 0.0; -0.012394; 0.0; 0.0; 0.0; 0.0; 0.0; 0.0; 0.0; 0.0; 0.0; 0.0; 0.0; 0.0; 0.0; 0.0; 2.61; 2.69; 2.59; 2.48; 0.0; 0.0; 0.0; 0; 0; 0.0; 0.0; 1; 4.75285058595; 0.110017377446; 0.0648304635773; 0; 0; 0; 0; 0.0; 0.0; 0.0; -1.0; 0.0; 0.0; 0.0; 0.0; 0.0; 1.0;0; 0;0; 0; 
16.6112251282; 97205; 0.0; 0.0; -0.011475; 0.0; 0.0; 0.0; 0.0; 0.0; 0.0; 0.0; 0.0; 0.0; 0.0; 0.0; 0.0; 0.0; 0.0; 2.61; 2.69; 2.59; 2.48; 0.0; 0.0; 0.0; 0; 0; 0.0; 0.0; 1; 4.75285058595; 0.110017377446; 0.0648304635773; 0; 0; 0; 0; 0.0; 0.0; 0.0; -1.0; 0.0; 0.0; 0.0; 0.0; 0.0; 1.0;0; 0;0; 0; 
16.6221160889; 97210; 0.0; 0.0; -0.010531; 0.0; 0.0; 0.0; 0.0; 0.0; 0.0; 0.0; 0.0; 0.0; 0.0; 0.0; 0.0; 0.0; 0.0; 2.61; 2.69; 2.59; 2.48; 0.0; 0.0; 0.0; 0; 0; 0.0; 0.0; 1; 4.75285058595; 0.110017377446; 0.0648304635773; 0; 0; 0; 0; 0.0; 0.0; 0.0; -1.0; 0.0; 0.0; 0.0; 0.0; 0.0; 1.0;0; 0;0; 0; 
16.6325640678; 97215; 0.0; 0.0; -0.0096237; 0.0; 0.0; 0.0; 0.0; 0.0; 0.0; 0.0; 0.0; 0.0; 0.0; 0.0; 0.0; 0.0; 0.0; 2.61; 2.69; 2.59; 2.48; 0.0; 0.0; 0.0; 0; 0; 0.0; 0.0; 1; 4.75285058595; 0.110017377446; 0.0648304635773; 0; 0; 0; 0; 0.0; 0.0; 0.0; -1.0; 0.0; 0.0; 0.0; 0.0; 0.0; 1.0;0; 0;0; 0; 
16.6433420181; 97220; 0.0; 0.0; -0.0088085; 0.0; 0.0; 0.0; 0.0; 0.0; 0.0; 0.0; 0.0; 0.0; 0.0; 0.0; 0.0; 0.0; 0.0; 2.61; 2.69; 2.59; 2.48; 0.0; 0.0; 0.0; 0; 0; 0.0; 0.0; 1; 4.75285058595; 0.110017377446; 0.0648304635773; 0; 0; 0; 0; 0.0; 0.0; 0.0; -1.0; 0.0; 0.0; 0.0; 0.0; 0.0; 1.0;0; 0;0; 0; 
16.6543540955; 97225; 0.0; 0.0; -0.0081751; 0.0; 0.0; 0.0; 0.0; 0.0; 0.0; 0.0; 0.0; 0.0; 0.0; 0.0; 0.0; 0.0; 0.0; 2.61; 2.69; 2.59; 2.48; 0.0; 0.0; 0.0; 0; 0; 0.0; 0.0; 1; 4.75285058595; 0.110017377446; 0.0648304635773; 0; 0; 0; 0; 0.0; 0.0; 0.0; -1.0; 0.0; 0.0; 0.0; 0.0; 0.0; 1.0;0; 0;0; 0; 
16.6656301022; 97230; 0.0; 0.0; -0.0077848; 0.0; 0.0; 0.0; 0.0; 0.0; 0.0; 0.0; 0.0; 0.0; 0.0; 0.0; 0.0; 0.0; 0.0; 2.61; 2.69; 2.59; 2.48; 0.0; 0.0; 0.0; 0; 0; 0.0; 0.0; 1; 4.75285058595; 0.110017377446; 0.0648304635773; 0; 0; 0; 0; 0.0; 0.0; 0.0; -1.0; 0.0; 0.0; 0.0; 0.0; 0.0; 1.0;0; 0;0; 0; 
16.6763691902; 97235; 0.0; 0.0; -0.0076462; 0.0; 0.0; 0.0; 0.0; 0.0; 0.0; 0.0; 0.0; 0.0; 0.0; 0.0; 0.0; 0.0; 0.0; 2.61; 2.69; 2.59; 2.48; 0.0; 0.0; 0.0; 0; 0; 0.0; 0.0; 1; 4.75285058595; 0.110017377446; 0.0648304635773; 0; 0; 0; 0; 0.0; 0.0; 0.0; -1.0; 0.0; 0.0; 0.0; 0.0; 0.0; 1.0;0; 0;0; 0; 
16.6884410381; 97240; 0.0; 0.0; -0.0077898; 0.0; 0.0; 0.0; 0.0; 0.0; 0.0; 0.0; 0.0; 0.0; 0.0; 0.0; 0.0; 0.0; 0.0; 2.61; 2.69; 2.59; 2.48; 0.0; 0.0; 0.0; 0; 0; 0.0; 0.0; 1; 4.75285058595; 0.110017377446; 0.0648304635773; 0; 0; 0; 0; 0.0; 0.0; 0.0; -1.0; 0.0; 0.0; 0.0; 0.0; 0.0; 1.0;0; 0;0; 0; 
16.6999680996; 97245; 0.0; 0.0; -0.0081681; 0.0; 0.0; 0.0; 0.0; 0.0; 0.0; 0.0; 0.0; 0.0; 0.0; 0.0; 0.0; 0.0; 0.0; 2.61; 2.69; 2.59; 2.48; 0.0; 0.0; 0.0; 0; 0; 0.0; 0.0; 1; 4.75285058595; 0.110017377446; 0.0648304635773; 0; 0; 0; 0; 0.0; 0.0; 0.0; -1.0; 0.0; 0.0; 0.0; 0.0; 0.0; 1.0;0; 0;0; 0; 
16.71175313; 97250; 0.0; 0.0; -0.0086821; 0.0; 0.0; 0.0; 0.0; 0.0; 0.0; 0.0; 0.0; 0.0; 0.0; 0.0; 0.0; 0.0; 0.0; 2.61; 2.69; 2.59; 2.48; 0.0; 0.0; 0.0; 0; 0; 0.0; 0.0; 1; 4.75285058595; 0.110017377446; 0.0648304635773; 0; 0; 0; 0; 0.0; 0.0; 0.0; -1.0; 0.0; 0.0; 0.0; 0.0; 0.0; 1.0;0; 0;0; 0; 
16.7231180668; 97255; 0.0; 0.0; -0.0092483; 0.0; 0.0; 0.0; 0.0; 0.0; 0.0; 0.0; 0.0; 0.0; 0.0; 0.0; 0.0; 0.0; 0.0; 2.61; 2.69; 2.59; 2.48; 0.0; 0.0; 0.0; 0; 0; 0.0; 0.0; 1; 4.75285058595; 0.110017377446; 0.0648304635773; 0; 0; 0; 0; 0.0; 0.0; 0.0; -1.0; 0.0; 0.0; 0.0; 0.0; 0.0; 1.0;0; 0;0; 0; 
16.7342250347; 97260; 0.0; 0.0; -0.009769; 0.0; 0.0; 0.0; 0.0; 0.0; 0.0; 0.0; 0.0; 0.0; 0.0; 0.0; 0.0; 0.0; 0.0; 2.61; 2.69; 2.59; 2.48; 0.0; 0.0; 0.0; 0; 0; 0.0; 0.0; 1; 4.75285058595; 0.110017377446; 0.0648304635773; 0; 0; 0; 0; 0.0; 0.0; 0.0; -1.0; 0.0; 0.0; 0.0; 0.0; 0.0; 1.0;0; 0;0; 0; 
16.7450790405; 97265; 0.0; 0.0; -0.010191; 0.0; 0.0; 0.0; 0.0; 0.0; 0.0; 0.0; 0.0; 0.0; 0.0; 0.0; 0.0; 0.0; 0.0; 2.61; 2.69; 2.59; 2.48; 0.0; 0.0; 0.0; 0; 0; 0.0; 0.0; 1; 4.75285058595; 0.110017377446; 0.0648304635773; 0; 0; 0; 0; 0.0; 0.0; 0.0; -1.0; 0.0; 0.0; 0.0; 0.0; 0.0; 1.0;0; 0;0; 0; 
16.7564241886; 97270; 0.0; 0.0; -0.010461; 0.0; 0.0; 0.0; 0.0; 0.0; 0.0; 0.0; 0.0; 0.0; 0.0; 0.0; 0.0; 0.0; 0.0; 2.61; 2.69; 2.59; 2.48; 0.0; 0.0; 0.0; 0; 0; 0.0; 0.0; 1; 4.75285058595; 0.110017377446; 0.0648304635773; 0; 0; 0; 0; 0.0; 0.0; 0.0; -1.0; 0.0; 0.0; 0.0; 0.0; 0.0; 1.0;0; 0;0; 0; 
16.7675800323; 97275; 0.0; 0.0; -0.010564; 0.0; 0.0; 0.0; 0.0; 0.0; 0.0; 0.0; 0.0; 0.0; 0.0; 0.0; 0.0; 0.0; 0.0; 2.61; 2.69; 2.59; 2.48; 0.0; 0.0; 0.0; 0; 0; 0.0; 0.0; 1; 4.75285058595; 0.110017377446; 0.0648304635773; 0; 0; 0; 0; 0.0; 0.0; 0.0; -1.0; 0.0; 0.0; 0.0; 0.0; 0.0; 1.0;0; 0;0; 0; 
16.7790751457; 97280; 0.0; 0.0; -0.010582; 0.0; 0.0; 0.0; 0.0; 0.0; 0.0; 0.0; 0.0; 0.0; 0.0; 0.0; 0.0; 0.0; 0.0; 2.61; 2.69; 2.59; 2.48; 0.0; 0.0; 0.0; 0; 0; 0.0; 0.0; 1; 4.75285058595; 0.110017377446; 0.0648304635773; 0; 0; 0; 0; 0.0; 0.0; 0.0; -1.0; 0.0; 0.0; 0.0; 0.0; 0.0; 1.0;0; 0;0; 0; 
16.7901070118; 97285; 0.0; 0.0; -0.010513; 0.0; 0.0; 0.0; 0.0; 0.0; 0.0; 0.0; 0.0; 0.0; 0.0; 0.0; 0.0; 0.0; 0.0; 2.61; 2.69; 2.59; 2.48; 0.0; 0.0; 0.0; 0; 0; 0.0; 0.0; 1; 4.75285058595; 0.110017377446; 0.0648304635773; 0; 0; 0; 0; 0.0; 0.0; 0.0; -1.0; 0.0; 0.0; 0.0; 0.0; 0.0; 1.0;0; 0;0; 0; 
16.8010191917; 97290; 0.0; 0.0; -0.010394; 0.0; 0.0; 0.0; 0.0; 0.0; 0.0; 0.0; 0.0; 0.0; 0.0; 0.0; 0.0; 0.0; 0.0; 2.61; 2.69; 2.59; 2.48; 0.0; 0.0; 0.0; 0; 0; 0.0; 0.0; 1; 4.75285058595; 0.110017377446; 0.0648304635773; 0; 0; 0; 0; 0.0; 0.0; 0.0; -1.0; 0.0; 0.0; 0.0; 0.0; 0.0; 1.0;0; 0;0; 0; 
16.8128781319; 97295; 0.0; 0.0; -0.010336; 0.0; 0.0; 0.0; 0.0; 0.0; 0.0; 0.0; 0.0; 0.0; 0.0; 0.0; 0.0; 0.0; 0.0; 2.29; 2.35; 2.41; 2.32; 0.0; 0.0; 0.0; 0; 0; 0.0; 0.0; 1; 4.75285058595; 0.110017377446; 0.0648304635773; 0; 0; 0; 0; 0.0; 0.0; 0.0; -1.0; 0.0; 0.0; 0.0; 0.0; 0.0; 1.0;0; 0;0; 0; 
16.8234891891; 97300; 0.0; 0.0; -0.010364; 0.0; 0.0; 0.0; 0.0; 0.0; 0.0; 0.0; 0.0; 0.0; 0.0; 0.0; 0.0; 0.0; 0.0; 2.29; 2.35; 2.41; 2.32; 0.0; 0.0; 0.0; 0; 0; 0.0; 0.0; 1; 4.78852645265; 0.112348764666; 0.0657216299409; 0; 0; 0; 0; 0.0; 0.0; 0.0; -1.0; 0.0; 0.0; 0.0; 0.0; 0.0; 1.0;0; 0;0; 0; 
16.8344299793; 97305; 0.0; 0.0; -0.010525; 0.0; 0.0; 0.0; 0.0; 0.0; 0.0; 0.0; 0.0; 0.0; 0.0; 0.0; 0.0; 0.0; 0.0; 2.29; 2.35; 2.41; 2.32; 0.0; 0.0; 0.0; 0; 0; 0.0; 0.0; 1; 4.78852645265; 0.112348764666; 0.0657216299409; 0; 0; 0; 0; 0.0; 0.0; 0.0; -1.0; 0.0; 0.0; 0.0; 0.0; 0.0; 1.0;0; 0;0; 0; 
16.8459320068; 97310; 0.0; 0.0; -0.010824; 0.0; 0.0; 0.0; 0.0; 0.0; 0.0; 0.0; 0.0; 0.0; 0.0; 0.0; 0.0; 0.0; 0.0; 2.29; 2.35; 2.41; 2.32; 0.0; 0.0; 0.0; 0; 0; 0.0; 0.0; 1; 4.78852645265; 0.112348764666; 0.0657216299409; 0; 0; 0; 0; 0.0; 0.0; 0.0; -1.0; 0.0; 0.0; 0.0; 0.0; 0.0; 1.0;0; 0;0; 0; 
16.856719017; 97315; 0.0; 0.0; -0.011229; 0.0; 0.0; 0.0; 0.0; 0.0; 0.0; 0.0; 0.0; 0.0; 0.0; 0.0; 0.0; 0.0; 0.0; 2.29; 2.35; 2.41; 2.32; 0.0; 0.0; 0.0; 0; 0; 0.0; 0.0; 1; 4.78852645265; 0.112348764666; 0.0657216299409; 0; 0; 0; 0; 0.0; 0.0; 0.0; -1.0; 0.0; 0.0; 0.0; 0.0; 0.0; 1.0;0; 0;0; 0; 
16.8676819801; 97320; 0.0; 0.0; -0.01179; 0.0; 0.0; 0.0; 0.0; 0.0; 0.0; 0.0; 0.0; 0.0; 0.0; 0.0; 0.0; 0.0; 0.0; 2.29; 2.35; 2.41; 2.32; 0.0; 0.0; 0.0; 0; 0; 0.0; 0.0; 1; 4.78852645265; 0.112348764666; 0.0657216299409; 0; 0; 0; 0; 0.0; 0.0; 0.0; -1.0; 0.0; 0.0; 0.0; 0.0; 0.0; 1.0;0; 0;0; 0; 
16.8788189888; 97325; 0.0; 0.0; -0.012447; 0.0; 0.0; 0.0; 0.0; 0.0; 0.0; 0.0; 0.0; 0.0; 0.0; 0.0; 0.0; 0.0; 0.0; 2.29; 2.35; 2.41; 2.32; 0.0; 0.0; 0.0; 0; 0; 0.0; 0.0; 1; 4.78852645265; 0.112348764666; 0.0657216299409; 0; 0; 0; 0; 0.0; 0.0; 0.0; -1.0; 0.0; 0.0; 0.0; 0.0; 0.0; 1.0;0; 0;0; 0; 
16.889425993; 97330; 0.0; 0.0; -0.013115; 0.0; 0.0; 0.0; 0.0; 0.0; 0.0; 0.0; 0.0; 0.0; 0.0; 0.0; 0.0; 0.0; 0.0; 2.29; 2.35; 2.41; 2.32; 0.0; 0.0; 0.0; 0; 0; 0.0; 0.0; 1; 4.78852645265; 0.112348764666; 0.0657216299409; 0; 0; 0; 0; 0.0; 0.0; 0.0; -1.0; 0.0; 0.0; 0.0; 0.0; 0.0; 1.0;0; 0;0; 0; 
16.9003081322; 97335; 0.0; 0.0; -0.013723; 0.0; 0.0; 0.0; 0.0; 0.0; 0.0; 0.0; 0.0; 0.0; 0.0; 0.0; 0.0; 0.0; 0.0; 2.29; 2.35; 2.41; 2.32; 0.0; 0.0; 0.0; 0; 0; 0.0; 0.0; 1; 4.78852645265; 0.112348764666; 0.0657216299409; 0; 0; 0; 0; 0.0; 0.0; 0.0; -1.0; 0.0; 0.0; 0.0; 0.0; 0.0; 1.0;0; 0;0; 0; 
16.9112679958; 97340; 0.0; 0.0; -0.014218; 0.0; 0.0; 0.0; 0.0; 0.0; 0.0; 0.0; 0.0; 0.0; 0.0; 0.0; 0.0; 0.0; 0.0; 2.29; 2.35; 2.41; 2.32; 0.0; 0.0; 0.0; 0; 0; 0.0; 0.0; 1; 4.78852645265; 0.112348764666; 0.0657216299409; 0; 0; 0; 0; 0.0; 0.0; 0.0; -1.0; 0.0; 0.0; 0.0; 0.0; 0.0; 1.0;0; 0;0; 0; 
16.9232861996; 97345; 0.0; 0.0; -0.01458; 0.0; 0.0; 0.0; 0.0; 0.0; 0.0; 0.0; 0.0; 0.0; 0.0; 0.0; 0.0; 0.0; 0.0; 2.29; 2.35; 2.41; 2.32; 0.0; 0.0; 0.0; 0; 0; 0.0; 0.0; 1; 4.78852645265; 0.112348764666; 0.0657216299409; 0; 0; 0; 0; 0.0; 0.0; 0.0; -1.0; 0.0; 0.0; 0.0; 0.0; 0.0; 1.0;0; 0;0; 0; 
16.9350399971; 97350; 0.0; 0.0; -0.01477; 0.0; 0.0; 0.0; 0.0; 0.0; 0.0; 0.0; 0.0; 0.0; 0.0; 0.0; 0.0; 0.0; 0.0; 2.29; 2.35; 2.41; 2.32; 0.0; 0.0; 0.0; 0; 0; 0.0; 0.0; 1; 4.78852645265; 0.112348764666; 0.0657216299409; 0; 0; 0; 0; 0.0; 0.0; 0.0; -1.0; 0.0; 0.0; 0.0; 0.0; 0.0; 1.0;0; 0;0; 0; 
16.9461112022; 97355; 0.0; 0.0; -0.014797; 0.0; 0.0; 0.0; 0.0; 0.0; 0.0; 0.0; 0.0; 0.0; 0.0; 0.0; 0.0; 0.0; 0.0; 2.29; 2.35; 2.41; 2.32; 0.0; 0.0; 0.0; 0; 0; 0.0; 0.0; 1; 4.78852645265; 0.112348764666; 0.0657216299409; 0; 0; 0; 0; 0.0; 0.0; 0.0; -1.0; 0.0; 0.0; 0.0; 0.0; 0.0; 1.0;0; 0;0; 0; 
16.9571511745; 97360; 0.0; 0.0; -0.014657; 0.0; 0.0; 0.0; 0.0; 0.0; 0.0; 0.0; 0.0; 0.0; 0.0; 0.0; 0.0; 0.0; 0.0; 2.29; 2.35; 2.41; 2.32; 0.0; 0.0; 0.0; 0; 0; 0.0; 0.0; 1; 4.78852645265; 0.112348764666; 0.0657216299409; 0; 0; 0; 0; 0.0; 0.0; 0.0; -1.0; 0.0; 0.0; 0.0; 0.0; 0.0; 1.0;0; 0;0; 0; 
16.968569994; 97365; 0.0; 0.0; -0.014341; 0.0; 0.0; 0.0; 0.0; 0.0; 0.0; 0.0; 0.0; 0.0; 0.0; 0.0; 0.0; 0.0; 0.0; 2.29; 2.35; 2.41; 2.32; 0.0; 0.0; 0.0; 0; 0; 0.0; 0.0; 1; 4.78852645265; 0.112348764666; 0.0657216299409; 0; 0; 0; 0; 0.0; 0.0; 0.0; -1.0; 0.0; 0.0; 0.0; 0.0; 0.0; 1.0;0; 0;0; 0; 
16.979981184; 97370; 0.0; 0.0; -0.013935; 0.0; 0.0; 0.0; 0.0; 0.0; 0.0; 0.0; 0.0; 0.0; 0.0; 0.0; 0.0; 0.0; 0.0; 2.29; 2.35; 2.41; 2.32; 0.0; 0.0; 0.0; 0; 0; 0.0; 0.0; 1; 4.78852645265; 0.112348764666; 0.0657216299409; 0; 0; 0; 0; 0.0; 0.0; 0.0; -1.0; 0.0; 0.0; 0.0; 0.0; 0.0; 1.0;0; 0;0; 0; 
16.9915351868; 97375; 0.0; 0.0; -0.013452; 0.0; 0.0; 0.0; 0.0; 0.0; 0.0; 0.0; 0.0; 0.0; 0.0; 0.0; 0.0; 0.0; 0.0; 2.29; 2.35; 2.41; 2.32; 0.0; 0.0; 0.0; 0; 0; 0.0; 0.0; 1; 4.78852645265; 0.112348764666; 0.0657216299409; 0; 0; 0; 0; 0.0; 0.0; 0.0; -1.0; 0.0; 0.0; 0.0; 0.0; 0.0; 1.0;0; 0;0; 0; 
17.0025420189; 97380; 0.0; 0.0; -0.012913; 0.0; 0.0; 0.0; 0.0; 0.0; 0.0; 0.0; 0.0; 0.0; 0.0; 0.0; 0.0; 0.0; 0.0; 2.29; 2.35; 2.41; 2.32; 0.0; 0.0; 0.0; 0; 0; 0.0; 0.0; 1; 4.78852645265; 0.112348764666; 0.0657216299409; 0; 0; 0; 0; 0.0; 0.0; 0.0; -1.0; 0.0; 0.0; 0.0; 0.0; 0.0; 1.0;0; 0;0; 0; 
17.0137600899; 97385; 0.0; 0.0; -0.012347; 0.0; 0.0; 0.0; 0.0; 0.0; 0.0; 0.0; 0.0; 0.0; 0.0; 0.0; 0.0; 0.0; 0.0; 2.29; 2.35; 2.41; 2.32; 0.0; 0.0; 0.0; 0; 0; 0.0; 0.0; 1; 4.78852645265; 0.112348764666; 0.0657216299409; 0; 0; 0; 0; 0.0; 0.0; 0.0; -1.0; 0.0; 0.0; 0.0; 0.0; 0.0; 1.0;0; 0;0; 0; 
17.0263571739; 97390; 0.0; 0.0; -0.011802; 0.0; 0.0; 0.0; 0.0; 0.0; 0.0; 0.0; 0.0; 0.0; 0.0; 0.0; 0.0; 0.0; 0.0; 2.29; 2.35; 2.41; 2.32; 0.0; 0.0; 0.0; 0; 0; 0.0; 0.0; 1; 4.78852645265; 0.112348764666; 0.0657216299409; 0; 0; 0; 0; 0.0; 0.0; 0.0; -1.0; 0.0; 0.0; 0.0; 0.0; 0.0; 1.0;0; 0;0; 0; 
17.0375540257; 97395; 0.0; 0.0; -0.011324; 0.0; 0.0; 0.0; 0.0; 0.0; 0.0; 0.0; 0.0; 0.0; 0.0; 0.0; 0.0; 0.0; 0.0; 2.11; 2.16; 2.18; 2.12; 0.0; 0.0; 0.0; 0; 0; 0.0; 0.0; 1; 4.78852645265; 0.112348764666; 0.0657216299409; 0; 0; 0; 0; 0.0; 0.0; 0.0; -1.0; 0.0; 0.0; 0.0; 0.0; 0.0; 1.0;0; 0;0; 0; 
17.0511419773; 97400; 0.0; 0.0; -0.010866; 0.0; 0.0; 0.0; 0.0; 0.0; 0.0; 0.0; 0.0; 0.0; 0.0; 0.0; 0.0; 0.0; 0.0; 2.11; 2.16; 2.18; 2.12; 0.0; 0.0; 0.0; 0; 0; 0.0; 0.0; 1; 4.8219771197; 0.114567889608; 0.0668860163046; 0; 0; 0; 0; 0.0; 0.0; 0.0; -1.0; 0.0; 0.0; 0.0; 0.0; 0.0; 1.0;0; 0;0; 0; 
17.0622260571; 97405; 0.0; 0.0; -0.010424; 0.0; 0.0; 0.0; 0.0; 0.0; 0.0; 0.0; 0.0; 0.0; 0.0; 0.0; 0.0; 0.0; 0.0; 2.11; 2.16; 2.18; 2.12; 0.0; 0.0; 0.0; 0; 0; 0.0; 0.0; 1; 4.8219771197; 0.114567889608; 0.0668860163046; 0; 0; 0; 0; 0.0; 0.0; 0.0; -1.0; 0.0; 0.0; 0.0; 0.0; 0.0; 1.0;0; 0;0; 0; 
17.0748779774; 97410; 0.0; 0.0; -0.010018; 0.0; 0.0; 0.0; 0.0; 0.0; 0.0; 0.0; 0.0; 0.0; 0.0; 0.0; 0.0; 0.0; 0.0; 2.11; 2.16; 2.18; 2.12; 0.0; 0.0; 0.0; 0; 0; 0.0; 0.0; 1; 4.8219771197; 0.114567889608; 0.0668860163046; 0; 0; 0; 0; 0.0; 0.0; 0.0; -1.0; 0.0; 0.0; 0.0; 0.0; 0.0; 1.0;0; 0;0; 0; 
17.0876560211; 97415; 0.0; 0.0; -0.0096573; 0.0; 0.0; 0.0; 0.0; 0.0; 0.0; 0.0; 0.0; 0.0; 0.0; 0.0; 0.0; 0.0; 0.0; 2.11; 2.16; 2.18; 2.12; 0.0; 0.0; 0.0; 0; 0; 0.0; 0.0; 1; 4.8219771197; 0.114567889608; 0.0668860163046; 0; 0; 0; 0; 0.0; 0.0; 0.0; -1.0; 0.0; 0.0; 0.0; 0.0; 0.0; 1.0;0; 0;0; 0; 
17.1005051136; 97420; 0.0; 0.0; -0.0093242; 0.0; 0.0; 0.0; 0.0; 0.0; 0.0; 0.0; 0.0; 0.0; 0.0; 0.0; 0.0; 0.0; 0.0; 2.11; 2.16; 2.18; 2.12; 0.0; 0.0; 0.0; 0; 0; 0.0; 0.0; 1; 4.8219771197; 0.114567889608; 0.0668860163046; 0; 0; 0; 0; 0.0; 0.0; 0.0; -1.0; 0.0; 0.0; 0.0; 0.0; 0.0; 1.0;0; 0;0; 0; 
17.1132180691; 97425; 0.0; 0.0; -0.0090307; 0.0; 0.0; 0.0; 0.0; 0.0; 0.0; 0.0; 0.0; 0.0; 0.0; 0.0; 0.0; 0.0; 0.0; 2.11; 2.16; 2.18; 2.12; 0.0; 0.0; 0.0; 0; 0; 0.0; 0.0; 1; 4.8219771197; 0.114567889608; 0.0668860163046; 0; 0; 0; 0; 0.0; 0.0; 0.0; -1.0; 0.0; 0.0; 0.0; 0.0; 0.0; 1.0;0; 0;0; 0; 
17.1259791851; 97430; 0.0; 0.0; -0.0088508; 0.0; 0.0; 0.0; 0.0; 0.0; 0.0; 0.0; 0.0; 0.0; 0.0; 0.0; 0.0; 0.0; 0.0; 2.11; 2.16; 2.18; 2.12; 0.0; 0.0; 0.0; 0; 0; 0.0; 0.0; 1; 4.8219771197; 0.114567889608; 0.0668860163046; 0; 0; 0; 0; 0.0; 0.0; 0.0; -1.0; 0.0; 0.0; 0.0; 0.0; 0.0; 1.0;0; 0;0; 0; 
17.1396381855; 97435; 0.0; 0.0; -0.008811; 0.0; 0.0; 0.0; 0.0; 0.0; 0.0; 0.0; 0.0; 0.0; 0.0; 0.0; 0.0; 0.0; 0.0; 2.11; 2.16; 2.18; 2.12; 0.0; 0.0; 0.0; 0; 0; 0.0; 0.0; 1; 4.8219771197; 0.114567889608; 0.0668860163046; 0; 0; 0; 0; 0.0; 0.0; 0.0; -1.0; 0.0; 0.0; 0.0; 0.0; 0.0; 1.0;0; 0;0; 0; 
17.1520571709; 97440; 0.0; 0.0; -0.0089137; 0.0; 0.0; 0.0; 0.0; 0.0; 0.0; 0.0; 0.0; 0.0; 0.0; 0.0; 0.0; 0.0; 0.0; 2.11; 2.16; 2.18; 2.12; 0.0; 0.0; 0.0; 0; 0; 0.0; 0.0; 1; 4.8219771197; 0.114567889608; 0.0668860163046; 0; 0; 0; 0; 0.0; 0.0; 0.0; -1.0; 0.0; 0.0; 0.0; 0.0; 0.0; 1.0;0; 0;0; 0; 
17.1653001308; 97445; 0.0; 0.0; -0.0091264; 0.0; 0.0; 0.0; 0.0; 0.0; 0.0; 0.0; 0.0; 0.0; 0.0; 0.0; 0.0; 0.0; 0.0; 2.11; 2.16; 2.18; 2.12; 0.0; 0.0; 0.0; 0; 0; 0.0; 0.0; 1; 4.8219771197; 0.114567889608; 0.0668860163046; 0; 0; 0; 0; 0.0; 0.0; 0.0; -1.0; 0.0; 0.0; 0.0; 0.0; 0.0; 1.0;0; 0;0; 0; 
17.1779639721; 97450; 0.0; 0.0; -0.0094598; 0.0; 0.0; 0.0; 0.0; 0.0; 0.0; 0.0; 0.0; 0.0; 0.0; 0.0; 0.0; 0.0; 0.0; 2.11; 2.16; 2.18; 2.12; 0.0; 0.0; 0.0; 0; 0; 0.0; 0.0; 1; 4.8219771197; 0.114567889608; 0.0668860163046; 0; 0; 0; 0; 0.0; 0.0; 0.0; -1.0; 0.0; 0.0; 0.0; 0.0; 0.0; 1.0;0; 0;0; 0; 
17.1900670528; 97455; 0.0; 0.0; -0.0098979; 0.0; 0.0; 0.0; 0.0; 0.0; 0.0; 0.0; 0.0; 0.0; 0.0; 0.0; 0.0; 0.0; 0.0; 2.11; 2.16; 2.18; 2.12; 0.0; 0.0; 0.0; 0; 0; 0.0; 0.0; 1; 4.8219771197; 0.114567889608; 0.0668860163046; 0; 0; 0; 0; 0.0; 0.0; 0.0; -1.0; 0.0; 0.0; 0.0; 0.0; 0.0; 1.0;0; 0;0; 0; 
17.2016050816; 97460; 0.0; 0.0; -0.010381; 0.0; 0.0; 0.0; 0.0; 0.0; 0.0; 0.0; 0.0; 0.0; 0.0; 0.0; 0.0; 0.0; 0.0; 2.11; 2.16; 2.18; 2.12; 0.0; 0.0; 0.0; 0; 0; 0.0; 0.0; 1; 4.8219771197; 0.114567889608; 0.0668860163046; 0; 0; 0; 0; 0.0; 0.0; 0.0; -1.0; 0.0; 0.0; 0.0; 0.0; 0.0; 1.0;0; 0;0; 0; 
17.2128901482; 97465; 0.0; 0.0; -0.010911; 0.0; 0.0; 0.0; 0.0; 0.0; 0.0; 0.0; 0.0; 0.0; 0.0; 0.0; 0.0; 0.0; 0.0; 2.11; 2.16; 2.18; 2.12; 0.0; 0.0; 0.0; 0; 0; 0.0; 0.0; 1; 4.8219771197; 0.114567889608; 0.0668860163046; 0; 0; 0; 0; 0.0; 0.0; 0.0; -1.0; 0.0; 0.0; 0.0; 0.0; 0.0; 1.0;0; 0;0; 0; 
17.2246930599; 97470; 0.0; 0.0; -0.011485; 0.0; 0.0; 0.0; 0.0; 0.0; 0.0; 0.0; 0.0; 0.0; 0.0; 0.0; 0.0; 0.0; 0.0; 2.11; 2.16; 2.18; 2.12; 0.0; 0.0; 0.0; 0; 0; 0.0; 0.0; 1; 4.8219771197; 0.114567889608; 0.0668860163046; 0; 0; 0; 0; 0.0; 0.0; 0.0; -1.0; 0.0; 0.0; 0.0; 0.0; 0.0; 1.0;0; 0;0; 0; 
17.2368531227; 97475; 0.0; 0.0; -0.012015; 0.0; 0.0; 0.0; 0.0; 0.0; 0.0; 0.0; 0.0; 0.0; 0.0; 0.0; 0.0; 0.0; 0.0; 2.11; 2.16; 2.18; 2.12; 0.0; 0.0; 0.0; 0; 0; 0.0; 0.0; 1; 4.8219771197; 0.114567889608; 0.0668860163046; 0; 0; 0; 0; 0.0; 0.0; 0.0; -1.0; 0.0; 0.0; 0.0; 0.0; 0.0; 1.0;0; 0;0; 0; 
17.2489581108; 97480; 0.0; 0.0; -0.01245; 0.0; 0.0; 0.0; 0.0; 0.0; 0.0; 0.0; 0.0; 0.0; 0.0; 0.0; 0.0; 0.0; 0.0; 2.11; 2.16; 2.18; 2.12; 0.0; 0.0; 0.0; 0; 0; 0.0; 0.0; 1; 4.8219771197; 0.114567889608; 0.0668860163046; 0; 0; 0; 0; 0.0; 0.0; 0.0; -1.0; 0.0; 0.0; 0.0; 0.0; 0.0; 1.0;0; 0;0; 0; 
17.2607321739; 97485; 0.0; 0.0; -0.012751; 0.0; 0.0; 0.0; 0.0; 0.0; 0.0; 0.0; 0.0; 0.0; 0.0; 0.0; 0.0; 0.0; 0.0; 2.11; 2.16; 2.18; 2.12; 0.0; 0.0; 0.0; 0; 0; 0.0; 0.0; 1; 4.8219771197; 0.114567889608; 0.0668860163046; 0; 0; 0; 0; 0.0; 0.0; 0.0; -1.0; 0.0; 0.0; 0.0; 0.0; 0.0; 1.0;0; 0;0; 0; 
17.271916151; 97490; 0.0; 0.0; -0.012883; 0.0; 0.0; 0.0; 0.0; 0.0; 0.0; 0.0; 0.0; 0.0; 0.0; 0.0; 0.0; 0.0; 0.0; 2.11; 2.16; 2.18; 2.12; 0.0; 0.0; 0.0; 0; 0; 0.0; 0.0; 1; 4.8219771197; 0.114567889608; 0.0668860163046; 0; 0; 0; 0; 0.0; 0.0; 0.0; -1.0; 0.0; 0.0; 0.0; 0.0; 0.0; 1.0;0; 0;0; 0; 
17.2836310863; 97495; 0.0; 0.0; -0.012776; 0.0; 0.0; 0.0; 0.0; 0.0; 0.0; 0.0; 0.0; 0.0; 0.0; 0.0; 0.0; 0.0; 0.0; 1.95; 2.0; 2.12; 1.88; 23.0; -23.0; 0.0; 0; 0; 0.0; 0.0; 1; 4.8219771197; 0.114567889608; 0.0668860163046; 0; 0; 0; 0; 0.0; 0.0; 0.0; -1.0; 0.0; 0.0; 0.0; 0.0; 0.0; 1.0;0; 0;0; 0; 
17.294686079; 97500; 0.0; 0.0; -0.012406; 0.0; 0.0; 0.0; 0.0; 0.0; 0.0; 0.0; 0.0; 0.0; 0.0; 0.0; 0.0; 0.0; 0.0; 1.95; 2.0; 2.12; 1.88; 23.0; -23.0; 0.0; 0; 0; 0.0; 0.0; 1; 4.85291541714; 0.116653528982; 0.0678341063046; 0; 0; 0; 0; 0.0; 0.0; 0.0; -1.0; 0.0; 0.0; 0.0; 0.0; 0.0; 1.0;0; 0;0; 0; 
17.3057961464; 97505; 0.0; 0.0; -0.011908; 0.0; 0.0; 0.0; 0.0; 0.0; 0.0; 0.0; 0.0; 0.0; 0.0; 0.0; 0.0; 0.0; 0.0; 1.95; 2.0; 2.12; 1.88; 23.0; -23.0; 0.0; 0; 0; 0.0; 0.0; 1; 4.85291541714; 0.116653528982; 0.0678341063046; 0; 0; 0; 0; 0.0; 0.0; 0.0; -1.0; 0.0; 0.0; 0.0; 0.0; 0.0; 1.0;0; 0;0; 0; 
17.3169190884; 97510; 0.0; 0.0; -0.011331; 0.0; 0.0; 0.0; 0.0; 0.0; 0.0; 0.0; 0.0; 0.0; 0.0; 0.0; 0.0; 0.0; 0.0; 1.95; 2.0; 2.12; 1.88; 23.0; -23.0; 0.0; 0; 0; 0.0; 0.0; 1; 4.85291541714; 0.116653528982; 0.0678341063046; 0; 0; 0; 0; 0.0; 0.0; 0.0; -1.0; 0.0; 0.0; 0.0; 0.0; 0.0; 1.0;0; 0;0; 0; 
17.3280851841; 97515; 0.0; 0.0; -0.010792; 0.0; 0.0; 0.0; 0.0; 0.0; 0.0; 0.0; 0.0; 0.0; 0.0; 0.0; 0.0; 0.0; 0.0; 1.95; 2.0; 2.12; 1.88; 23.0; -23.0; 0.0; 0; 0; 0.0; 0.0; 1; 4.85291541714; 0.116653528982; 0.0678341063046; 0; 0; 0; 0; 0.0; 0.0; 0.0; -1.0; 0.0; 0.0; 0.0; 0.0; 0.0; 1.0;0; 0;0; 0; 
17.3391821384; 97520; 0.0; 0.0; -0.010304; 0.0; 0.0; 0.0; 0.0; 0.0; 0.0; 0.0; 0.0; 0.0; 0.0; 0.0; 0.0; 0.0; 0.0; 1.95; 2.0; 2.12; 1.88; 23.0; -23.0; 0.0; 0; 0; 0.0; 0.0; 1; 4.85291541714; 0.116653528982; 0.0678341063046; 0; 0; 0; 0; 0.0; 0.0; 0.0; -1.0; 0.0; 0.0; 0.0; 0.0; 0.0; 1.0;0; 0;0; 0; 
17.3507041931; 97525; 0.0; 0.0; -0.0099866; 0.0; 0.0; 0.0; 0.0; 0.0; 0.0; 0.0; 0.0; 0.0; 0.0; 0.0; 0.0; 0.0; 0.0; 1.95; 2.0; 2.12; 1.88; 23.0; -23.0; 0.0; 0; 0; 0.0; 0.0; 1; 4.85291541714; 0.116653528982; 0.0678341063046; 0; 0; 0; 0; 0.0; 0.0; 0.0; -1.0; 0.0; 0.0; 0.0; 0.0; 0.0; 1.0;0; 0;0; 0; 
17.3620491028; 97530; 0.0; 0.0; -0.0098517; 0.0; 0.0; 0.0; 0.0; 0.0; 0.0; 0.0; 0.0; 0.0; 0.0; 0.0; 0.0; 0.0; 0.0; 1.95; 2.0; 2.12; 1.88; 23.0; -23.0; 0.0; 0; 0; 0.0; 0.0; 1; 4.85291541714; 0.116653528982; 0.0678341063046; 0; 0; 0; 0; 0.0; 0.0; 0.0; -1.0; 0.0; 0.0; 0.0; 0.0; 0.0; 1.0;0; 0;0; 0; 
17.3736150265; 97535; 0.0; 0.0; -0.0098229; 0.0; 0.0; 0.0; 0.0; 0.0; 0.0; 0.0; 0.0; 0.0; 0.0; 0.0; 0.0; 0.0; 0.0; 1.95; 2.0; 2.12; 1.88; 23.0; -23.0; 0.0; 0; 0; 0.0; 0.0; 1; 4.85291541714; 0.116653528982; 0.0678341063046; 0; 0; 0; 0; 0.0; 0.0; 0.0; -1.0; 0.0; 0.0; 0.0; 0.0; 0.0; 1.0;0; 0;0; 0; 
17.3851761818; 97540; 0.0; 0.0; -0.0098726; 0.0; 0.0; 0.0; 0.0; 0.0; 0.0; 0.0; 0.0; 0.0; 0.0; 0.0; 0.0; 0.0; 0.0; 1.95; 2.0; 2.12; 1.88; 23.0; -23.0; 0.0; 0; 0; 0.0; 0.0; 1; 4.85291541714; 0.116653528982; 0.0678341063046; 0; 0; 0; 0; 0.0; 0.0; 0.0; -1.0; 0.0; 0.0; 0.0; 0.0; 0.0; 1.0;0; 0;0; 0; 
17.397023201; 97545; 0.0; 0.0; -0.010011; 0.0; 0.0; 0.0; 0.0; 0.0; 0.0; 0.0; 0.0; 0.0; 0.0; 0.0; 0.0; 0.0; 0.0; 1.95; 2.0; 2.12; 1.88; 23.0; -23.0; 0.0; 0; 0; 0.0; 0.0; 1; 4.85291541714; 0.116653528982; 0.0678341063046; 0; 0; 0; 0; 0.0; 0.0; 0.0; -1.0; 0.0; 0.0; 0.0; 0.0; 0.0; 1.0;0; 0;0; 0; 
17.4085280895; 97550; 0.0; 0.0; -0.010261; 0.0; 0.0; 0.0; 0.0; 0.0; 0.0; 0.0; 0.0; 0.0; 0.0; 0.0; 0.0; 0.0; 0.0; 1.95; 2.0; 2.12; 1.88; 23.0; -23.0; 0.0; 0; 0; 0.0; 0.0; 1; 4.85291541714; 0.116653528982; 0.0678341063046; 0; 0; 0; 0; 0.0; 0.0; 0.0; -1.0; 0.0; 0.0; 0.0; 0.0; 0.0; 1.0;0; 0;0; 0; 
17.4205219746; 97555; 0.0; 0.0; -0.010722; 0.0; 0.0; 0.0; 0.0; 0.0; 0.0; 0.0; 0.0; 0.0; 0.0; 0.0; 0.0; 0.0; 0.0; 1.95; 2.0; 2.12; 1.88; 23.0; -23.0; 0.0; 0; 0; 0.0; 0.0; 1; 4.85291541714; 0.116653528982; 0.0678341063046; 0; 0; 0; 0; 0.0; 0.0; 0.0; -1.0; 0.0; 0.0; 0.0; 0.0; 0.0; 1.0;0; 0;0; 0; 
17.4319450855; 97560; 0.0; 0.0; -0.011501; 0.0; 0.0; 0.0; 0.0; 0.0; 0.0; 0.0; 0.0; 0.0; 0.0; 0.0; 0.0; 0.0; 0.0; 1.95; 2.0; 2.12; 1.88; 23.0; -23.0; 0.0; 0; 0; 0.0; 0.0; 1; 4.85291541714; 0.116653528982; 0.0678341063046; 0; 0; 0; 0; 0.0; 0.0; 0.0; -1.0; 0.0; 0.0; 0.0; 0.0; 0.0; 1.0;0; 0;0; 0; 
17.4433410168; 97565; 0.0; 0.0; -0.012535; 0.0; 0.0; 0.0; 0.0; 0.0; 0.0; 0.0; 0.0; 0.0; 0.0; 0.0; 0.0; 0.0; 0.0; 1.95; 2.0; 2.12; 1.88; 23.0; -23.0; 0.0; 0; 0; 0.0; 0.0; 1; 4.85291541714; 0.116653528982; 0.0678341063046; 0; 0; 0; 0; 0.0; 0.0; 0.0; -1.0; 0.0; 0.0; 0.0; 0.0; 0.0; 1.0;0; 0;0; 0; 
17.4552190304; 97570; 0.0; 0.0; -0.013814; 0.0; 0.0; 0.0; 0.0; 0.0; 0.0; 0.0; 0.0; 0.0; 0.0; 0.0; 0.0; 0.0; 0.0; 1.95; 2.0; 2.12; 1.88; 23.0; -23.0; 0.0; 0; 0; 0.0; 0.0; 1; 4.85291541714; 0.116653528982; 0.0678341063046; 0; 0; 0; 0; 0.0; 0.0; 0.0; -1.0; 0.0; 0.0; 0.0; 0.0; 0.0; 1.0;0; 0;0; 0; 
17.4669210911; 97575; 0.0; 0.0; -0.015282; 0.0; 0.0; 0.0; 0.0; 0.0; 0.0; 0.0; 0.0; 0.0; 0.0; 0.0; 0.0; 0.0; 0.0; 1.95; 2.0; 2.12; 1.88; 23.0; -23.0; 0.0; 0; 0; 0.0; 0.0; 1; 4.85291541714; 0.116653528982; 0.0678341063046; 0; 0; 0; 0; 0.0; 0.0; 0.0; -1.0; 0.0; 0.0; 0.0; 0.0; 0.0; 1.0;0; 0;0; 0; 
17.4784879684; 97580; 0.0; 0.0; -0.016863; 0.0; 0.0; 0.0; 0.0; 0.0; 0.0; 0.0; 0.0; 0.0; 0.0; 0.0; 0.0; 0.0; 0.0; 1.95; 2.0; 2.12; 1.88; 23.0; -23.0; 0.0; 0; 0; 0.0; 0.0; 1; 4.85291541714; 0.116653528982; 0.0678341063046; 0; 0; 0; 0; 0.0; 0.0; 0.0; -1.0; 0.0; 0.0; 0.0; 0.0; 0.0; 1.0;0; 0;0; 0; 
17.4904780388; 97585; 0.0; 0.0; -0.018458; 0.0; 0.0; 0.0; 0.0; 0.0; 0.0; 0.0; 0.0; 0.0; 0.0; 0.0; 0.0; 0.0; 0.0; 1.95; 2.0; 2.12; 1.88; 23.0; -23.0; 0.0; 0; 0; 0.0; 0.0; 1; 4.85291541714; 0.116653528982; 0.0678341063046; 0; 0; 0; 0; 0.0; 0.0; 0.0; -1.0; 0.0; 0.0; 0.0; 0.0; 0.0; 1.0;0; 0;0; 0; 
17.5028481483; 97590; 0.0; 0.0; -0.019857; 0.0; 0.0; 0.0; 0.0; 0.0; 0.0; 0.0; 0.0; 0.0; 0.0; 0.0; 0.0; 0.0; 0.0; 1.96; 1.69; 2.14; 1.85; 23.0; -23.0; 0.0; 0; 0; 0.0; 0.0; 1; 4.85291541714; 0.116653528982; 0.0678341063046; 0; 0; 0; 0; 0.0; 0.0; 0.0; -1.0; 0.0; 0.0; 0.0; 0.0; 0.0; 1.0;0; 0;0; 0; 
17.5144491196; 97595; 0.0; 0.0; -0.02111; 0.0; 0.0; 0.0; 0.0; 0.0; 0.0; 0.0; 0.0; 0.0; 0.0; 0.0; 0.0; 0.0; 0.0; 1.96; 1.69; 2.14; 1.85; 23.0; -23.0; 0.0; 0; 0; 0.0; 0.0; 1; 4.85291541714; 0.116653528982; 0.0678341063046; 0; 0; 0; 0; 0.0; 0.0; 0.0; -1.0; 0.0; 0.0; 0.0; 0.0; 0.0; 1.0;0; 0;0; 0; 
17.5270621777; 97600; 0.0; 0.0; -0.022374; 0.0; 0.0; 0.0; 0.0; 0.0; 0.0; 0.0; 0.0; 0.0; 0.0; 0.0; 0.0; 0.0; 0.0; 1.96; 1.69; 2.14; 1.85; 23.0; -23.0; 0.0; 0; 0; 0.0; 0.0; 1; 4.88144815362; 0.118641241826; 0.0715686301731; 0; 0; 0; 0; 0.0; 0.0; 0.0; -1.0; 0.0; 0.0; 0.0; 0.0; 0.0; 1.0;0; 0;0; 0; 
17.5396909714; 97605; 0.0; 0.0; -0.023692; 0.0; 0.0; 0.0; 0.0; 0.0; 0.0; 0.0; 0.0; 0.0; 0.0; 0.0; 0.0; 0.0; 0.0; 1.96; 1.69; 2.14; 1.85; 23.0; -23.0; 0.0; 0; 0; 0.0; 0.0; 1; 4.88144815362; 0.118641241826; 0.0715686301731; 0; 0; 0; 0; 0.0; 0.0; 0.0; -1.0; 0.0; 0.0; 0.0; 0.0; 0.0; 1.0;0; 0;0; 0; 
17.5513830185; 97610; 0.0; 0.0; -0.025101; 0.0; 0.0; 0.0; 0.0; 0.0; 0.0; 0.0; 0.0; 0.0; 0.0; 0.0; 0.0; 0.0; 0.0; 1.96; 1.69; 2.14; 1.85; 23.0; -23.0; 0.0; 0; 0; 0.0; 0.0; 1; 4.88144815362; 0.118641241826; 0.0715686301731; 0; 0; 0; 0; 0.0; 0.0; 0.0; -1.0; 0.0; 0.0; 0.0; 0.0; 0.0; 1.0;0; 0;0; 0; 
17.5637540817; 97615; 0.0; 0.0; -0.026677; 0.0; 0.0; 0.0; 0.0; 0.0; 0.0; 0.0; 0.0; 0.0; 0.0; 0.0; 0.0; 0.0; 0.0; 1.96; 1.69; 2.14; 1.85; 23.0; -23.0; 0.0; 0; 0; 0.0; 0.0; 1; 4.88144815362; 0.118641241826; 0.0715686301731; 0; 0; 0; 0; 0.0; 0.0; 0.0; -1.0; 0.0; 0.0; 0.0; 0.0; 0.0; 1.0;0; 0;0; 0; 
17.5754401684; 97620; 0.0; 0.0; -0.028422; 0.0; 0.0; 0.0; 0.0; 0.0; 0.0; 0.0; 0.0; 0.0; 0.0; 0.0; 0.0; 0.0; 0.0; 1.96; 1.69; 2.14; 1.85; 23.0; -23.0; 0.0; 0; 0; 0.0; 0.0; 1; 4.88144815362; 0.118641241826; 0.0715686301731; 0; 0; 0; 0; 0.0; 0.0; 0.0; -1.0; 0.0; 0.0; 0.0; 0.0; 0.0; 1.0;0; 0;0; 0; 
17.5870161057; 97625; 0.0; 0.0; -0.030339; 0.0; 0.0; 0.0; 0.0; 0.0; 0.0; 0.0; 0.0; 0.0; 0.0; 0.0; 0.0; 0.0; 0.0; 1.96; 1.69; 2.14; 1.85; 23.0; -23.0; 0.0; 0; 0; 0.0; 0.0; 1; 4.88144815362; 0.118641241826; 0.0715686301731; 0; 0; 0; 0; 0.0; 0.0; 0.0; -1.0; 0.0; 0.0; 0.0; 0.0; 0.0; 1.0;0; 0;0; 0; 
17.5984179974; 97630; 0.0; 0.0; -0.032288; 0.0; 0.0; 0.0; 0.0; 0.0; 0.0; 0.0; 0.0; 0.0; 0.0; 0.0; 0.0; 0.0; 0.0; 1.96; 1.69; 2.14; 1.85; 23.0; -23.0; 0.0; 0; 0; 0.0; 0.0; 1; 4.88144815362; 0.118641241826; 0.0715686301731; 0; 0; 0; 0; 0.0; 0.0; 0.0; -1.0; 0.0; 0.0; 0.0; 0.0; 0.0; 1.0;0; 0;0; 0; 
17.6100261211; 97635; 0.0; 0.0; -0.034142; 0.0; 0.0; 0.0; 0.0; 0.0; 0.0; 0.0; 0.0; 0.0; 0.0; 0.0; 0.0; 0.0; 0.0; 1.96; 1.69; 2.14; 1.85; 23.0; -23.0; 0.0; 0; 0; 0.0; 0.0; 1; 4.88144815362; 0.118641241826; 0.0715686301731; 0; 0; 0; 0; 0.0; 0.0; 0.0; -1.0; 0.0; 0.0; 0.0; 0.0; 0.0; 1.0;0; 0;0; 0; 
17.6213300228; 97640; 0.0; 0.0; -0.035876; 0.0; 0.0; 0.0; 0.0; 0.0; 0.0; 0.0; 0.0; 0.0; 0.0; 0.0; 0.0; 0.0; 0.0; 1.96; 1.69; 2.14; 1.85; 23.0; -23.0; 0.0; 0; 0; 0.0; 0.0; 1; 4.88144815362; 0.118641241826; 0.0715686301731; 0; 0; 0; 0; 0.0; 0.0; 0.0; -1.0; 0.0; 0.0; 0.0; 0.0; 0.0; 1.0;0; 0;0; 0; 
17.633368969; 97645; 0.0; 0.0; -0.037402; 0.0; 0.0; 0.0; 0.0; 0.0; 0.0; 0.0; 0.0; 0.0; 0.0; 0.0; 0.0; 0.0; 0.0; 1.96; 1.69; 2.14; 1.85; 23.0; -23.0; 0.0; 0; 0; 0.0; 0.0; 1; 4.88144815362; 0.118641241826; 0.0715686301731; 0; 0; 0; 0; 0.0; 0.0; 0.0; -1.0; 0.0; 0.0; 0.0; 0.0; 0.0; 1.0;0; 0;0; 0; 
17.6456730366; 97650; 0.0; 0.0; -0.038715; 0.0; 0.0; 0.0; 0.0; 0.0; 0.0; 0.0; 0.0; 0.0; 0.0; 0.0; 0.0; 0.0; 0.0; 1.96; 1.69; 2.14; 1.85; 23.0; -23.0; 0.0; 0; 0; 0.0; 0.0; 1; 4.88144815362; 0.118641241826; 0.0715686301731; 0; 0; 0; 0; 0.0; 0.0; 0.0; -1.0; 0.0; 0.0; 0.0; 0.0; 0.0; 1.0;0; 0;0; 0; 
17.6570429802; 97655; 0.0; 0.0; -0.039857; 0.0; 0.0; 0.0; 0.0; 0.0; 0.0; 0.0; 0.0; 0.0; 0.0; 0.0; 0.0; 0.0; 0.0; 1.96; 1.69; 2.14; 1.85; 23.0; -23.0; 0.0; 0; 0; 0.0; 0.0; 1; 4.88144815362; 0.118641241826; 0.0715686301731; 0; 0; 0; 0; 0.0; 0.0; 0.0; -1.0; 0.0; 0.0; 0.0; 0.0; 0.0; 1.0;0; 0;0; 0; 
17.6688120365; 97660; 0.0; 0.0; -0.040899; 0.0; 0.0; 0.0; 0.0; 0.0; 0.0; 0.0; 0.0; 0.0; 0.0; 0.0; 0.0; 0.0; 0.0; 1.96; 1.69; 2.14; 1.85; 23.0; -23.0; 0.0; 0; 0; 0.0; 0.0; 1; 4.88144815362; 0.118641241826; 0.0715686301731; 0; 0; 0; 0; 0.0; 0.0; 0.0; -1.0; 0.0; 0.0; 0.0; 0.0; 0.0; 1.0;0; 0;0; 0; 
17.6803650856; 97665; 0.0; 0.0; -0.041829; 0.0; 0.0; 0.0; 0.0; 0.0; 0.0; 0.0; 0.0; 0.0; 0.0; 0.0; 0.0; 0.0; 0.0; 1.96; 1.69; 2.14; 1.85; 23.0; -23.0; 0.0; 0; 0; 0.0; 0.0; 1; 4.88144815362; 0.118641241826; 0.0715686301731; 0; 0; 0; 0; 0.0; 0.0; 0.0; -1.0; 0.0; 0.0; 0.0; 0.0; 0.0; 1.0;0; 0;0; 0; 
17.6928770542; 97670; 0.0; 0.0; -0.042639; 0.0; 0.0; 0.0; 0.0; 0.0; 0.0; 0.0; 0.0; 0.0; 0.0; 0.0; 0.0; 0.0; 0.0; 1.96; 1.69; 2.14; 1.85; 23.0; -23.0; 0.0; 0; 0; 0.0; 0.0; 1; 4.88144815362; 0.118641241826; 0.0715686301731; 0; 0; 0; 0; 0.0; 0.0; 0.0; -1.0; 0.0; 0.0; 0.0; 0.0; 0.0; 1.0;0; 0;0; 0; 
17.7046949863; 97675; 0.0; 0.0; -0.043296; 0.0; 0.0; 0.0; 0.0; 0.0; 0.0; 0.0; 0.0; 0.0; 0.0; 0.0; 0.0; 0.0; 0.0; 1.96; 1.69; 2.14; 1.85; 23.0; -23.0; 0.0; 0; 0; 0.0; 0.0; 1; 4.88144815362; 0.118641241826; 0.0715686301731; 0; 0; 0; 0; 0.0; 0.0; 0.0; -1.0; 0.0; 0.0; 0.0; 0.0; 0.0; 1.0;0; 0;0; 0; 
17.7165331841; 97680; 0.0; 0.0; -0.043826; 0.0; 0.0; 0.0; 0.0; 0.0; 0.0; 0.0; 0.0; 0.0; 0.0; 0.0; 0.0; 0.0; 0.0; 1.96; 1.69; 2.14; 1.85; 23.0; -23.0; 0.0; 0; 0; 0.0; 0.0; 1; 4.88144815362; 0.118641241826; 0.0715686301731; 0; 0; 0; 0; 0.0; 0.0; 0.0; -1.0; 0.0; 0.0; 0.0; 0.0; 0.0; 1.0;0; 0;0; 0; 
17.7279560566; 97685; 0.0; 0.0; -0.044172; 0.0; 0.0; 0.0; 0.0; 0.0; 0.0; 0.0; 0.0; 0.0; 0.0; 0.0; 0.0; 0.0; 0.0; 1.96; 1.69; 2.14; 1.85; 23.0; -23.0; 0.0; 0; 0; 0.0; 0.0; 1; 4.88144815362; 0.118641241826; 0.0715686301731; 0; 0; 0; 0; 0.0; 0.0; 0.0; -1.0; 0.0; 0.0; 0.0; 0.0; 0.0; 1.0;0; 0;0; 0; 
17.739688158; 97690; 0.0; 0.0; -0.044294; 0.0; 0.0; 0.0; 0.0; 0.0; 0.0; 0.0; 0.0; 0.0; 0.0; 0.0; 0.0; 0.0; 0.0; 2.08; 1.69; 1.85; 1.83; 23.0; -23.0; 0.0; 0; 0; 0.0; 0.0; 1; 4.88144815362; 0.118641241826; 0.0715686301731; 0; 0; 0; 0; 0.0; 0.0; 0.0; -1.0; 0.0; 0.0; 0.0; 0.0; 0.0; 1.0;0; 0;0; 0; 
17.7514472008; 97695; 0.0; 0.0; -0.04425; 0.0; 0.0; 0.0; 0.0; 0.0; 0.0; 0.0; 0.0; 0.0; 0.0; 0.0; 0.0; 0.0; 0.0; 2.08; 1.69; 1.85; 1.83; 23.0; -23.0; 0.0; 0; 0; 0.0; 0.0; 1; 4.88144815362; 0.118641241826; 0.0715686301731; 0; 0; 0; 0; 0.0; 0.0; 0.0; -1.0; 0.0; 0.0; 0.0; 0.0; 0.0; 1.0;0; 0;0; 0; 
17.7628359795; 97700; 0.0; 0.0; -0.044221; 0.0; 0.0; 0.0; 0.0; 0.0; 0.0; 0.0; 0.0; 0.0; 0.0; 0.0; 0.0; 0.0; 0.0; 2.08; 1.69; 1.85; 1.83; 23.0; -23.0; 0.0; 0; 0; 0.0; 0.0; 1; 4.90799757073; 0.120609701022; 0.0771618820815; 0; 0; 0; 0; 0.0; 0.0; 0.0; -1.0; 0.0; 0.0; 0.0; 0.0; 0.0; 1.0;0; 0;0; 0; 
17.7747120857; 97705; 0.0; 0.0; -0.044304; 0.0; 0.0; 0.0; 0.0; 0.0; 0.0; 0.0; 0.0; 0.0; 0.0; 0.0; 0.0; 0.0; 0.0; 2.08; 1.69; 1.85; 1.83; 23.0; -23.0; 0.0; 0; 0; 0.0; 0.0; 1; 4.90799757073; 0.120609701022; 0.0771618820815; 0; 0; 0; 0; 0.0; 0.0; 0.0; -1.0; 0.0; 0.0; 0.0; 0.0; 0.0; 1.0;0; 0;0; 0; 
17.7864420414; 97710; 0.0; 0.0; -0.044578; 0.0; 0.0; 0.0; 0.0; 0.0; 0.0; 0.0; 0.0; 0.0; 0.0; 0.0; 0.0; 0.0; 0.0; 2.08; 1.69; 1.85; 1.83; 23.0; -23.0; 0.0; 0; 0; 0.0; 0.0; 1; 4.90799757073; 0.120609701022; 0.0771618820815; 0; 0; 0; 0; 0.0; 0.0; 0.0; -1.0; 0.0; 0.0; 0.0; 0.0; 0.0; 1.0;0; 0;0; 0; 
17.7980070114; 97715; 0.0; 0.0; -0.045132; 0.0; 0.0; 0.0; 0.0; 0.0; 0.0; 0.0; 0.0; 0.0; 0.0; 0.0; 0.0; 0.0; 0.0; 2.08; 1.69; 1.85; 1.83; 23.0; -23.0; 0.0; 0; 0; 0.0; 0.0; 1; 4.90799757073; 0.120609701022; 0.0771618820815; 0; 0; 0; 0; 0.0; 0.0; 0.0; -1.0; 0.0; 0.0; 0.0; 0.0; 0.0; 1.0;0; 0;0; 0; 
17.8097610474; 97720; 0.0; 0.0; -0.045986; 0.0; 0.0; 0.0; 0.0; 0.0; 0.0; 0.0; 0.0; 0.0; 0.0; 0.0; 0.0; 0.0; 0.0; 2.08; 1.69; 1.85; 1.83; 23.0; -23.0; 0.0; 0; 0; 0.0; 0.0; 1; 4.90799757073; 0.120609701022; 0.0771618820815; 0; 0; 0; 0; 0.0; 0.0; 0.0; -1.0; 0.0; 0.0; 0.0; 0.0; 0.0; 1.0;0; 0;0; 0; 
17.8209760189; 97725; 0.0; 0.0; -0.047122; 0.0; 0.0; 0.0; 0.0; 0.0; 0.0; 0.0; 0.0; 0.0; 0.0; 0.0; 0.0; 0.0; 0.0; 2.08; 1.69; 1.85; 1.83; 23.0; -23.0; 0.0; 0; 0; 0.0; 0.0; 1; 4.90799757073; 0.120609701022; 0.0771618820815; 0; 0; 0; 0; 0.0; 0.0; 0.0; -1.0; 0.0; 0.0; 0.0; 0.0; 0.0; 1.0;0; 0;0; 0; 
17.8325200081; 97730; 0.0; 0.0; -0.048511; 0.0; 0.0; 0.0; 0.0; 0.0; 0.0; 0.0; 0.0; 0.0; 0.0; 0.0; 0.0; 0.0; 0.0; 2.08; 1.69; 1.85; 1.83; 23.0; -23.0; 0.0; 0; 0; 0.0; 0.0; 1; 4.90799757073; 0.120609701022; 0.0771618820815; 0; 0; 0; 0; 0.0; 0.0; 0.0; -1.0; 0.0; 0.0; 0.0; 0.0; 0.0; 1.0;0; 0;0; 0; 
17.8449091911; 97735; 0.0; 0.0; -0.050073; 0.0; 0.0; 0.0; 0.0; 0.0; 0.0; 0.0; 0.0; 0.0; 0.0; 0.0; 0.0; 0.0; 0.0; 2.08; 1.69; 1.85; 1.83; 23.0; -23.0; 0.0; 0; 0; 0.0; 0.0; 1; 4.90799757073; 0.120609701022; 0.0771618820815; 0; 0; 0; 0; 0.0; 0.0; 0.0; -1.0; 0.0; 0.0; 0.0; 0.0; 0.0; 1.0;0; 0;0; 0; 
17.8561210632; 97740; 0.0; 0.0; -0.051808; 0.0; 0.0; 0.0; 0.0; 0.0; 0.0; 0.0; 0.0; 0.0; 0.0; 0.0; 0.0; 0.0; 0.0; 2.08; 1.69; 1.85; 1.83; 23.0; -23.0; 0.0; 0; 0; 0.0; 0.0; 1; 4.90799757073; 0.120609701022; 0.0771618820815; 0; 0; 0; 0; 0.0; 0.0; 0.0; -1.0; 0.0; 0.0; 0.0; 0.0; 0.0; 1.0;0; 0;0; 0; 
17.867347002; 97745; 0.0; 0.0; -0.053632; 0.0; 0.0; 0.0; 0.0; 0.0; 0.0; 0.0; 0.0; 0.0; 0.0; 0.0; 0.0; 0.0; 0.0; 2.08; 1.69; 1.85; 1.83; 23.0; -23.0; 0.0; 0; 0; 0.0; 0.0; 1; 4.90799757073; 0.120609701022; 0.0771618820815; 0; 0; 0; 0; 0.0; 0.0; 0.0; -1.0; 0.0; 0.0; 0.0; 0.0; 0.0; 1.0;0; 0;0; 0; 
17.8795030117; 97750; 0.0; 0.0; -0.05551; 0.0; 0.0; 0.0; 0.0; 0.0; 0.0; 0.0; 0.0; 0.0; 0.0; 0.0; 0.0; 0.0; 0.0; 2.08; 1.69; 1.85; 1.83; 23.0; -23.0; 0.0; 0; 0; 0.0; 0.0; 1; 4.90799757073; 0.120609701022; 0.0771618820815; 0; 0; 0; 0; 0.0; 0.0; 0.0; -1.0; 0.0; 0.0; 0.0; 0.0; 0.0; 1.0;0; 0;0; 0; 
17.8913600445; 97755; 0.0; 0.0; -0.057471; 0.0; 0.0; 0.0; 0.0; 0.0; 0.0; 0.0; 0.0; 0.0; 0.0; 0.0; 0.0; 0.0; 0.0; 2.08; 1.69; 1.85; 1.83; 23.0; -23.0; 0.0; 0; 0; 0.0; 0.0; 1; 4.90799757073; 0.120609701022; 0.0771618820815; 0; 0; 0; 0; 0.0; 0.0; 0.0; -1.0; 0.0; 0.0; 0.0; 0.0; 0.0; 1.0;0; 0;0; 0; 
17.9033391476; 97760; 0.0; 0.0; -0.059448; 0.0; 0.0; 0.0; 0.0; 0.0; 0.0; 0.0; 0.0; 0.0; 0.0; 0.0; 0.0; 0.0; 0.0; 2.08; 1.69; 1.85; 1.83; 23.0; -23.0; 0.0; 0; 0; 0.0; 0.0; 1; 4.90799757073; 0.120609701022; 0.0771618820815; 0; 0; 0; 0; 0.0; 0.0; 0.0; -1.0; 0.0; 0.0; 0.0; 0.0; 0.0; 1.0;0; 0;0; 0; 
17.9142830372; 97765; 0.0; 0.0; -0.061397; 0.0; 0.0; 0.0; 0.0; 0.0; 0.0; 0.0; 0.0; 0.0; 0.0; 0.0; 0.0; 0.0; 0.0; 2.08; 1.69; 1.85; 1.83; 23.0; -23.0; 0.0; 0; 0; 0.0; 0.0; 1; 4.90799757073; 0.120609701022; 0.0771618820815; 0; 0; 0; 0; 0.0; 0.0; 0.0; -1.0; 0.0; 0.0; 0.0; 0.0; 0.0; 1.0;0; 0;0; 0; 
17.9263081551; 97770; 0.0; 0.0; -0.063291; 0.0; 0.0; 0.0; 0.0; 0.0; 0.0; 0.0; 0.0; 0.0; 0.0; 0.0; 0.0; 0.0; 0.0; 2.08; 1.69; 1.85; 1.83; 23.0; -23.0; 0.0; 0; 0; 0.0; 0.0; 1; 4.90799757073; 0.120609701022; 0.0771618820815; 0; 0; 0; 0; 0.0; 0.0; 0.0; -1.0; 0.0; 0.0; 0.0; 0.0; 0.0; 1.0;0; 0;0; 0; 
17.9378011227; 97775; 0.0; 0.0; -0.065162; 0.0; 0.0; 0.0; 0.0; 0.0; 0.0; 0.0; 0.0; 0.0; 0.0; 0.0; 0.0; 0.0; 0.0; 2.08; 1.69; 1.85; 1.83; 23.0; -23.0; 0.0; 0; 0; 0.0; 0.0; 1; 4.90799757073; 0.120609701022; 0.0771618820815; 0; 0; 0; 0; 0.0; 0.0; 0.0; -1.0; 0.0; 0.0; 0.0; 0.0; 0.0; 1.0;0; 0;0; 0; 
17.9495711327; 97780; 0.0; 0.0; -0.067016; 0.0; 0.0; 0.0; 0.0; 0.0; 0.0; 0.0; 0.0; 0.0; 0.0; 0.0; 0.0; 0.0; 0.0; 2.08; 1.69; 1.85; 1.83; 23.0; -23.0; 0.0; 0; 0; 0.0; 0.0; 1; 4.90799757073; 0.120609701022; 0.0771618820815; 0; 0; 0; 0; 0.0; 0.0; 0.0; -1.0; 0.0; 0.0; 0.0; 0.0; 0.0; 1.0;0; 0;0; 0; 
17.9603261948; 97785; 0.0; 0.0; -0.068849; 0.0; 0.0; 0.0; 0.0; 0.0; 0.0; 0.0; 0.0; 0.0; 0.0; 0.0; 0.0; 0.0; 0.0; 2.08; 1.69; 1.85; 1.83; 23.0; -23.0; 0.0; 0; 0; 0.0; 0.0; 1; 4.90799757073; 0.120609701022; 0.0771618820815; 0; 0; 0; 0; 0.0; 0.0; 0.0; -1.0; 0.0; 0.0; 0.0; 0.0; 0.0; 1.0;0; 0;0; 0; 
17.9721331596; 97790; 0.0; 0.0; -0.070724; 0.0; 0.0; 0.0; 0.0; 0.0; 0.0; 0.0; 0.0; 0.0; 0.0; 0.0; 0.0; 0.0; 0.0; 2.16; 1.42; 1.96; 1.86; 23.0; -23.0; 0.0; 0; 0; 0.0; 0.0; 1; 4.90799757073; 0.120609701022; 0.0771618820815; 0; 0; 0; 0; 0.0; 0.0; 0.0; -1.0; 0.0; 0.0; 0.0; 0.0; 0.0; 1.0;0; 0;0; 0; 
17.9835650921; 97795; 0.0; 0.0; -0.072681; 0.0; 0.0; 0.0; 0.0; 0.0; 0.0; 0.0; 0.0; 0.0; 0.0; 0.0; 0.0; 0.0; 0.0; 2.16; 1.42; 1.96; 1.86; 23.0; -23.0; 0.0; 0; 0; 0.0; 0.0; 1; 4.90799757073; 0.120609701022; 0.0771618820815; 0; 0; 0; 0; 0.0; 0.0; 0.0; -1.0; 0.0; 0.0; 0.0; 0.0; 0.0; 1.0;0; 0;0; 0; 
17.9944059849; 97800; 0.0; 0.0; -0.074723; 0.0; 0.0; 0.0; 0.0; 0.0; 0.0; 0.0; 0.0; 0.0; 0.0; 0.0; 0.0; 0.0; 0.0; 2.16; 1.42; 1.96; 1.86; 23.0; -23.0; 0.0; 0; 0; 0.0; 0.0; 1; 4.9331532707; 0.122635499149; 0.0844086524585; 0; 0; 0; 0; 0.0; 0.0; 0.0; -1.0; 0.0; 0.0; 0.0; 0.0; 0.0; 1.0;0; 0;0; 0; 
18.0053870678; 97805; 0.0; 0.0; -0.076834; 0.0; 0.0; 0.0; 0.0; 0.0; 0.0; 0.0; 0.0; 0.0; 0.0; 0.0; 0.0; 0.0; 0.0; 2.16; 1.42; 1.96; 1.86; 23.0; -23.0; 0.0; 0; 0; 0.0; 0.0; 1; 4.9331532707; 0.122635499149; 0.0844086524585; 0; 0; 0; 0; 0.0; 0.0; 0.0; -1.0; 0.0; 0.0; 0.0; 0.0; 0.0; 1.0;0; 0;0; 0; 
18.016242981; 97810; 0.0; 0.0; -0.078933; 0.0; 0.0; 0.0; 0.0; 0.0; 0.0; 0.0; 0.0; 0.0; 0.0; 0.0; 0.0; 0.0; 0.0; 2.16; 1.42; 1.96; 1.86; 23.0; -23.0; 0.0; 0; 0; 0.0; 0.0; 1; 4.9331532707; 0.122635499149; 0.0844086524585; 0; 0; 0; 0; 0.0; 0.0; 0.0; -1.0; 0.0; 0.0; 0.0; 0.0; 0.0; 1.0;0; 0;0; 0; 
18.0273780823; 97815; 0.0; 0.0; -0.080985; 0.0; 0.0; 0.0; 0.0; 0.0; 0.0; 0.0; 0.0; 0.0; 0.0; 0.0; 0.0; 0.0; 0.0; 2.16; 1.42; 1.96; 1.86; 23.0; -23.0; 0.0; 0; 0; 0.0; 0.0; 1; 4.9331532707; 0.122635499149; 0.0844086524585; 0; 0; 0; 0; 0.0; 0.0; 0.0; -1.0; 0.0; 0.0; 0.0; 0.0; 0.0; 1.0;0; 0;0; 0; 
18.0385520458; 97820; 0.0; 0.0; -0.082908; 0.0; 0.0; 0.0; 0.0; 0.0; 0.0; 0.0; 0.0; 0.0; 0.0; 0.0; 0.0; 0.0; 0.0; 2.16; 1.42; 1.96; 1.86; 23.0; -23.0; 0.0; 0; 0; 0.0; 0.0; 1; 4.9331532707; 0.122635499149; 0.0844086524585; 0; 0; 0; 0; 0.0; 0.0; 0.0; -1.0; 0.0; 0.0; 0.0; 0.0; 0.0; 1.0;0; 0;0; 0; 
18.0505511761; 97825; 0.0; 0.0; -0.08458; 0.0; 0.0; 0.0; 0.0; 0.0; 0.0; 0.0; 0.0; 0.0; 0.0; 0.0; 0.0; 0.0; 0.0; 2.16; 1.42; 1.96; 1.86; 23.0; -23.0; 0.0; 0; 0; 0.0; 0.0; 1; 4.9331532707; 0.122635499149; 0.0844086524585; 0; 0; 0; 0; 0.0; 0.0; 0.0; -1.0; 0.0; 0.0; 0.0; 0.0; 0.0; 1.0;0; 0;0; 0; 
18.0619950294; 97830; 0.0; 0.0; -0.085962; 0.0; 0.0; 0.0; 0.0; 0.0; 0.0; 0.0; 0.0; 0.0; 0.0; 0.0; 0.0; 0.0; 0.0; 2.16; 1.42; 1.96; 1.86; 23.0; -23.0; 0.0; 0; 0; 0.0; 0.0; 1; 4.9331532707; 0.122635499149; 0.0844086524585; 0; 0; 0; 0; 0.0; 0.0; 0.0; -1.0; 0.0; 0.0; 0.0; 0.0; 0.0; 1.0;0; 0;0; 0; 
18.0726931095; 97835; 0.0; 0.0; -0.08704; 0.0; 0.0; 0.0; 0.0; 0.0; 0.0; 0.0; 0.0; 0.0; 0.0; 0.0; 0.0; 0.0; 0.0; 2.16; 1.42; 1.96; 1.86; 23.0; -23.0; 0.0; 0; 0; 0.0; 0.0; 1; 4.9331532707; 0.122635499149; 0.0844086524585; 0; 0; 0; 0; 0.0; 0.0; 0.0; -1.0; 0.0; 0.0; 0.0; 0.0; 0.0; 1.0;0; 0;0; 0; 
18.0849511623; 97840; 0.0; 0.0; -0.087854; 0.0; 0.0; 0.0; 0.0; 0.0; 0.0; 0.0; 0.0; 0.0; 0.0; 0.0; 0.0; 0.0; 0.0; 2.16; 1.42; 1.96; 1.86; 23.0; -23.0; 0.0; 0; 0; 0.0; 0.0; 1; 4.9331532707; 0.122635499149; 0.0844086524585; 0; 0; 0; 0; 0.0; 0.0; 0.0; -1.0; 0.0; 0.0; 0.0; 0.0; 0.0; 1.0;0; 0;0; 0; 
18.0972011089; 97845; 0.0; 0.0; -0.088463; 0.0; 0.0; 0.0; 0.0; 0.0; 0.0; 0.0; 0.0; 0.0; 0.0; 0.0; 0.0; 0.0; 0.0; 2.16; 1.42; 1.96; 1.86; 23.0; -23.0; 0.0; 0; 0; 0.0; 0.0; 1; 4.9331532707; 0.122635499149; 0.0844086524585; 0; 0; 0; 0; 0.0; 0.0; 0.0; -1.0; 0.0; 0.0; 0.0; 0.0; 0.0; 1.0;0; 0;0; 0; 
18.1094100475; 97850; 0.0; 0.0; -0.08891; 0.0; 0.0; 0.0; 0.0; 0.0; 0.0; 0.0; 0.0; 0.0; 0.0; 0.0; 0.0; 0.0; 0.0; 2.16; 1.42; 1.96; 1.86; 23.0; -23.0; 0.0; 0; 0; 0.0; 0.0; 1; 4.9331532707; 0.122635499149; 0.0844086524585; 0; 0; 0; 0; 0.0; 0.0; 0.0; -1.0; 0.0; 0.0; 0.0; 0.0; 0.0; 1.0;0; 0;0; 0; 
18.1210479736; 97855; 0.0; 0.0; -0.089309; 0.0; 0.0; 0.0; 0.0; 0.0; 0.0; 0.0; 0.0; 0.0; 0.0; 0.0; 0.0; 0.0; 0.0; 2.16; 1.42; 1.96; 1.86; 23.0; -23.0; 0.0; 0; 0; 0.0; 0.0; 1; 4.9331532707; 0.122635499149; 0.0844086524585; 0; 0; 0; 0; 0.0; 0.0; 0.0; -1.0; 0.0; 0.0; 0.0; 0.0; 0.0; 1.0;0; 0;0; 0; 
18.1327970028; 97860; 0.0; 0.0; -0.089729; 0.0; 0.0; 0.0; 0.0; 0.0; 0.0; 0.0; 0.0; 0.0; 0.0; 0.0; 0.0; 0.0; 0.0; 2.16; 1.42; 1.96; 1.86; 23.0; -23.0; 0.0; 0; 0; 0.0; 0.0; 1; 4.9331532707; 0.122635499149; 0.0844086524585; 0; 0; 0; 0; 0.0; 0.0; 0.0; -1.0; 0.0; 0.0; 0.0; 0.0; 0.0; 1.0;0; 0;0; 0; 
18.1445059776; 97865; 0.0; 0.0; -0.090198; 0.0; 0.0; 0.0; 0.0; 0.0; 0.0; 0.0; 0.0; 0.0; 0.0; 0.0; 0.0; 0.0; 0.0; 2.16; 1.42; 1.96; 1.86; 23.0; -23.0; 0.0; 0; 0; 0.0; 0.0; 1; 4.9331532707; 0.122635499149; 0.0844086524585; 0; 0; 0; 0; 0.0; 0.0; 0.0; -1.0; 0.0; 0.0; 0.0; 0.0; 0.0; 1.0;0; 0;0; 0; 
18.1560690403; 97870; 0.0; 0.0; -0.090716; 0.0; 0.0; 0.0; 0.0; 0.0; 0.0; 0.0; 0.0; 0.0; 0.0; 0.0; 0.0; 0.0; 0.0; 2.16; 1.42; 1.96; 1.86; 23.0; -23.0; 0.0; 0; 0; 0.0; 0.0; 1; 4.9331532707; 0.122635499149; 0.0844086524585; 0; 0; 0; 0; 0.0; 0.0; 0.0; -1.0; 0.0; 0.0; 0.0; 0.0; 0.0; 1.0;0; 0;0; 0; 
18.1680049896; 97875; 0.0; 0.0; -0.09124; 0.0; 0.0; 0.0; 0.0; 0.0; 0.0; 0.0; 0.0; 0.0; 0.0; 0.0; 0.0; 0.0; 0.0; 2.16; 1.42; 1.96; 1.86; 23.0; -23.0; 0.0; 0; 0; 0.0; 0.0; 1; 4.9331532707; 0.122635499149; 0.0844086524585; 0; 0; 0; 0; 0.0; 0.0; 0.0; -1.0; 0.0; 0.0; 0.0; 0.0; 0.0; 1.0;0; 0;0; 0; 
18.1795740128; 97880; 0.0; 0.0; -0.091751; 0.0; 0.0; 0.0; 0.0; 0.0; 0.0; 0.0; 0.0; 0.0; 0.0; 0.0; 0.0; 0.0; 0.0; 2.16; 1.42; 1.96; 1.86; 23.0; -23.0; 0.0; 0; 0; 0.0; 0.0; 1; 4.9331532707; 0.122635499149; 0.0844086524585; 0; 0; 0; 0; 0.0; 0.0; 0.0; -1.0; 0.0; 0.0; 0.0; 0.0; 0.0; 1.0;0; 0;0; 0; 
18.1916811466; 97885; 0.0; 0.0; -0.092253; 0.0; 0.0; 0.0; 0.0; 0.0; 0.0; 0.0; 0.0; 0.0; 0.0; 0.0; 0.0; 0.0; 0.0; 2.16; 1.42; 1.96; 1.86; 23.0; -23.0; 0.0; 0; 0; 0.0; 0.0; 1; 4.9331532707; 0.122635499149; 0.0844086524585; 0; 0; 0; 0; 0.0; 0.0; 0.0; -1.0; 0.0; 0.0; 0.0; 0.0; 0.0; 1.0;0; 0;0; 0; 
18.2035181522; 97890; 0.0; 0.0; -0.092757; 0.0; 0.0; 0.0; 0.0; 0.0; 0.0; 0.0; 0.0; 0.0; 0.0; 0.0; 0.0; 0.0; 0.0; 2.13; 1.42; 2.02; 1.88; 23.0; -23.0; 0.0; 0; 0; 0.0; 0.0; 1; 4.9331532707; 0.122635499149; 0.0844086524585; 0; 0; 0; 0; 0.0; 0.0; 0.0; -1.0; 0.0; 0.0; 0.0; 0.0; 0.0; 1.0;0; 0;0; 0; 
18.2150630951; 97895; 0.0; 0.0; -0.093277; 0.0; 0.0; 0.0; 0.0; 0.0; 0.0; 0.0; 0.0; 0.0; 0.0; 0.0; 0.0; 0.0; 0.0; 2.13; 1.42; 2.02; 1.88; 23.0; -23.0; 0.0; 0; 0; 0.0; 0.0; 1; 4.9331532707; 0.122635499149; 0.0844086524585; 0; 0; 0; 0; 0.0; 0.0; 0.0; -1.0; 0.0; 0.0; 0.0; 0.0; 0.0; 1.0;0; 0;0; 0; 
18.2268440723; 97900; 0.0; 0.0; -0.09386; 0.0; 0.0; 0.0; 0.0; 0.0; 0.0; 0.0; 0.0; 0.0; 0.0; 0.0; 0.0; 0.0; 0.0; 2.13; 1.42; 2.02; 1.88; 23.0; -23.0; 0.0; 0; 0; 0.0; 0.0; 1; 4.95741777268; 0.124800935274; 0.0944362460344; 0; 0; 0; 0; 0.0; 0.0; 0.0; -1.0; 0.0; 0.0; 0.0; 0.0; 0.0; 1.0;0; 0;0; 0; 
18.2377221584; 97905; 0.0; 0.0; -0.094586; 0.0; 0.0; 0.0; 0.0; 0.0; 0.0; 0.0; 0.0; 0.0; 0.0; 0.0; 0.0; 0.0; 0.0; 2.13; 1.42; 2.02; 1.88; 23.0; -23.0; 0.0; 0; 0; 0.0; 0.0; 1; 4.95741777268; 0.124800935274; 0.0944362460344; 0; 0; 0; 0; 0.0; 0.0; 0.0; -1.0; 0.0; 0.0; 0.0; 0.0; 0.0; 1.0;0; 0;0; 0; 
18.2490420341; 97910; 0.0; 0.0; -0.095518; 0.0; 0.0; 0.0; 0.0; 0.0; 0.0; 0.0; 0.0; 0.0; 0.0; 0.0; 0.0; 0.0; 0.0; 2.13; 1.42; 2.02; 1.88; 23.0; -23.0; 0.0; 0; 0; 0.0; 0.0; 1; 4.95741777268; 0.124800935274; 0.0944362460344; 0; 0; 0; 0; 0.0; 0.0; 0.0; -1.0; 0.0; 0.0; 0.0; 0.0; 0.0; 1.0;0; 0;0; 0; 
18.2600929737; 97915; 0.0; 0.0; -0.096626; 0.0; 0.0; 0.0; 0.0; 0.0; 0.0; 0.0; 0.0; 0.0; 0.0; 0.0; 0.0; 0.0; 0.0; 2.13; 1.42; 2.02; 1.88; 23.0; -23.0; 0.0; 0; 0; 0.0; 0.0; 1; 4.95741777268; 0.124800935274; 0.0944362460344; 0; 0; 0; 0; 0.0; 0.0; 0.0; -1.0; 0.0; 0.0; 0.0; 0.0; 0.0; 1.0;0; 0;0; 0; 
18.2710130215; 97921; 0.0; 0.0; -0.097879; 0.0; 0.0; 0.0; 0.0; 0.0; 0.0; 0.0; 0.0; 0.0; 0.0; 0.0; 0.0; 0.0; 0.0; 2.13; 1.42; 2.02; 1.88; 23.0; -23.0; 0.0; 0; 0; 0.0; 0.0; 1; 4.95741777268; 0.124800935274; 0.0944362460344; 0; 0; 0; 0; 0.0; 0.0; 0.0; -1.0; 0.0; 0.0; 0.0; 0.0; 0.0; 1.0;0; 0;0; 0; 
18.2821760178; 97926; 0.0; 0.0; -0.099264; 0.0; 0.0; 0.0; 0.0; 0.0; 0.0; 0.0; 0.0; 0.0; 0.0; 0.0; 0.0; 0.0; 0.0; 2.13; 1.42; 2.02; 1.88; 23.0; -23.0; 0.0; 0; 0; 0.0; 0.0; 1; 4.95741777268; 0.124800935274; 0.0944362460344; 0; 0; 0; 0; 0.0; 0.0; 0.0; -1.0; 0.0; 0.0; 0.0; 0.0; 0.0; 1.0;0; 0;0; 0; 
18.2935991287; 97931; 0.0; 0.0; -0.10076; 0.0; 0.0; 0.0; 0.0; 0.0; 0.0; 0.0; 0.0; 0.0; 0.0; 0.0; 0.0; 0.0; 0.0; 2.13; 1.42; 2.02; 1.88; 23.0; -23.0; 0.0; 0; 0; 0.0; 0.0; 1; 4.95741777268; 0.124800935274; 0.0944362460344; 0; 0; 0; 0; 0.0; 0.0; 0.0; -1.0; 0.0; 0.0; 0.0; 0.0; 0.0; 1.0;0; 0;0; 0; 
18.3053460121; 97936; 0.0; 0.0; -0.10227; 0.0; 0.0; 0.0; 0.0; 0.0; 0.0; 0.0; 0.0; 0.0; 0.0; 0.0; 0.0; 0.0; 0.0; 2.13; 1.42; 2.02; 1.88; 23.0; -23.0; 0.0; 0; 0; 0.0; 0.0; 1; 4.95741777268; 0.124800935274; 0.0944362460344; 0; 0; 0; 0; 0.0; 0.0; 0.0; -1.0; 0.0; 0.0; 0.0; 0.0; 0.0; 1.0;0; 0;0; 0; 
18.3166091442; 97941; 0.0; 0.0; -0.10376; 0.0; 0.0; 0.0; 0.0; 0.0; 0.0; 0.0; 0.0; 0.0; 0.0; 0.0; 0.0; 0.0; 0.0; 2.13; 1.42; 2.02; 1.88; 23.0; -23.0; 0.0; 0; 0; 0.0; 0.0; 1; 4.95741777268; 0.124800935274; 0.0944362460344; 0; 0; 0; 0; 0.0; 0.0; 0.0; -1.0; 0.0; 0.0; 0.0; 0.0; 0.0; 1.0;0; 0;0; 0; 
18.3277771473; 97946; 0.0; 0.0; -0.10518; 0.0; 0.0; 0.0; 0.0; 0.0; 0.0; 0.0; 0.0; 0.0; 0.0; 0.0; 0.0; 0.0; 0.0; 2.13; 1.42; 2.02; 1.88; 23.0; -23.0; 0.0; 0; 0; 0.0; 0.0; 1; 4.95741777268; 0.124800935274; 0.0944362460344; 0; 0; 0; 0; 0.0; 0.0; 0.0; -1.0; 0.0; 0.0; 0.0; 0.0; 0.0; 1.0;0; 0;0; 0; 
18.3388421535; 97951; 0.0; 0.0; -0.10653; 0.0; 0.0; 0.0; 0.0; 0.0; 0.0; 0.0; 0.0; 0.0; 0.0; 0.0; 0.0; 0.0; 0.0; 2.13; 1.42; 2.02; 1.88; 23.0; -23.0; 0.0; 0; 0; 0.0; 0.0; 1; 4.95741777268; 0.124800935274; 0.0944362460344; 0; 0; 0; 0; 0.0; 0.0; 0.0; -1.0; 0.0; 0.0; 0.0; 0.0; 0.0; 1.0;0; 0;0; 0; 
18.350028038; 97956; 0.0; 0.0; -0.10776; 0.0; 0.0; 0.0; 0.0; 0.0; 0.0; 0.0; 0.0; 0.0; 0.0; 0.0; 0.0; 0.0; 0.0; 2.13; 1.42; 2.02; 1.88; 23.0; -23.0; 0.0; 0; 0; 0.0; 0.0; 1; 4.95741777268; 0.124800935274; 0.0944362460344; 0; 0; 0; 0; 0.0; 0.0; 0.0; -1.0; 0.0; 0.0; 0.0; 0.0; 0.0; 1.0;0; 0;0; 0; 
18.361148119; 97961; 0.0; 0.0; -0.10883; 0.0; 0.0; 0.0; 0.0; 0.0; 0.0; 0.0; 0.0; 0.0; 0.0; 0.0; 0.0; 0.0; 0.0; 2.13; 1.42; 2.02; 1.88; 23.0; -23.0; 0.0; 0; 0; 0.0; 0.0; 1; 4.95741777268; 0.124800935274; 0.0944362460344; 0; 0; 0; 0; 0.0; 0.0; 0.0; -1.0; 0.0; 0.0; 0.0; 0.0; 0.0; 1.0;0; 0;0; 0; 
18.3727340698; 97966; 0.0; 0.0; -0.10973; 0.0; 0.0; 0.0; 0.0; 0.0; 0.0; 0.0; 0.0; 0.0; 0.0; 0.0; 0.0; 0.0; 0.0; 2.13; 1.42; 2.02; 1.88; 23.0; -23.0; 0.0; 0; 0; 0.0; 0.0; 1; 4.95741777268; 0.124800935274; 0.0944362460344; 0; 0; 0; 0; 0.0; 0.0; 0.0; -1.0; 0.0; 0.0; 0.0; 0.0; 0.0; 1.0;0; 0;0; 0; 
18.3836770058; 97971; 0.0; 0.0; -0.11044; 0.0; 0.0; 0.0; 0.0; 0.0; 0.0; 0.0; 0.0; 0.0; 0.0; 0.0; 0.0; 0.0; 0.0; 2.13; 1.42; 2.02; 1.88; 23.0; -23.0; 0.0; 0; 0; 0.0; 0.0; 1; 4.95741777268; 0.124800935274; 0.0944362460344; 0; 0; 0; 0; 0.0; 0.0; 0.0; -1.0; 0.0; 0.0; 0.0; 0.0; 0.0; 1.0;0; 0;0; 0; 
18.3951120377; 97976; 0.0; 0.0; -0.111; 0.0; 0.0; 0.0; 0.0; 0.0; 0.0; 0.0; 0.0; 0.0; 0.0; 0.0; 0.0; 0.0; 0.0; 2.13; 1.42; 2.02; 1.88; 23.0; -23.0; 0.0; 0; 0; 0.0; 0.0; 1; 4.95741777268; 0.124800935274; 0.0944362460344; 0; 0; 0; 0; 0.0; 0.0; 0.0; -1.0; 0.0; 0.0; 0.0; 0.0; 0.0; 1.0;0; 0;0; 0; 
18.4066410065; 97981; 0.0; 0.0; -0.11144; 0.0; 0.0; 0.0; 0.0; 0.0; 0.0; 0.0; 0.0; 0.0; 0.0; 0.0; 0.0; 0.0; 0.0; 2.13; 1.42; 2.02; 1.88; 23.0; -23.0; 0.0; 0; 0; 0.0; 0.0; 1; 4.95741777268; 0.124800935274; 0.0944362460344; 0; 0; 0; 0; 0.0; 0.0; 0.0; -1.0; 0.0; 0.0; 0.0; 0.0; 0.0; 1.0;0; 0;0; 0; 
18.4177391529; 97986; 0.0; 0.0; -0.11181; 0.0; 0.0; 0.0; 0.0; 0.0; 0.0; 0.0; 0.0; 0.0; 0.0; 0.0; 0.0; 0.0; 0.0; 2.13; 1.42; 2.02; 1.88; 23.0; -23.0; 0.0; 0; 0; 0.0; 0.0; 1; 4.95741777268; 0.124800935274; 0.0944362460344; 0; 0; 0; 0; 0.0; 0.0; 0.0; -1.0; 0.0; 0.0; 0.0; 0.0; 0.0; 1.0;0; 0;0; 0; 
18.4286000729; 97991; 0.0; 0.0; -0.11214; 0.0; 0.0; 0.0; 0.0; 0.0; 0.0; 0.0; 0.0; 0.0; 0.0; 0.0; 0.0; 0.0; 0.0; 2.07; 1.42; 2.02; 1.82; 23.0; -23.0; 0.0; 0; 0; 0.0; 0.0; 1; 4.95741777268; 0.124800935274; 0.0944362460344; 0; 0; 0; 0; 0.0; 0.0; 0.0; -1.0; 0.0; 0.0; 0.0; 0.0; 0.0; 1.0;0; 0;0; 0; 
18.4399490356; 97996; 0.0; 0.0; -0.11248; 0.0; 0.0; 0.0; 0.0; 0.0; 0.0; 0.0; 0.0; 0.0; 0.0; 0.0; 0.0; 0.0; 0.0; 2.07; 1.42; 2.02; 1.82; 23.0; -23.0; 0.0; 0; 0; 0.0; 0.0; 1; 4.95741777268; 0.124800935274; 0.0944362460344; 0; 0; 0; 0; 0.0; 0.0; 0.0; -1.0; 0.0; 0.0; 0.0; 0.0; 0.0; 1.0;0; 0;0; 0; 
18.4512829781; 98001; 0.0; 0.0; -0.11285; 0.0; 0.0; 0.0; 0.0; 0.0; 0.0; 0.0; 0.0; 0.0; 0.0; 0.0; 0.0; 0.0; 0.0; 2.07; 1.42; 2.02; 1.82; 23.0; -23.0; 0.0; 0; 0; 0.0; 0.0; 1; 4.98146176778; 0.127208967523; 0.106146650833; 0; 0; 0; 0; 0.0; 0.0; 0.0; -1.0; 0.0; 0.0; 0.0; 0.0; 0.0; 1.0;0; 0;0; 0; 
18.4620871544; 98006; 0.0; 0.0; -0.11326; 0.0; 0.0; 0.0; 0.0; 0.0; 0.0; 0.0; 0.0; 0.0; 0.0; 0.0; 0.0; 0.0; 0.0; 2.07; 1.42; 2.02; 1.82; 23.0; -23.0; 0.0; 0; 0; 0.0; 0.0; 1; 4.98146176778; 0.127208967523; 0.106146650833; 0; 0; 0; 0; 0.0; 0.0; 0.0; -1.0; 0.0; 0.0; 0.0; 0.0; 0.0; 1.0;0; 0;0; 0; 
18.4742779732; 98011; 0.0; 0.0; -0.11364; 0.0; 0.0; 0.0; 0.0; 0.0; 0.0; 0.0; 0.0; 0.0; 0.0; 0.0; 0.0; 0.0; 0.0; 2.07; 1.42; 2.02; 1.82; 23.0; -23.0; 0.0; 0; 0; 0.0; 0.0; 1; 4.98146176778; 0.127208967523; 0.106146650833; 0; 0; 0; 0; 0.0; 0.0; 0.0; -1.0; 0.0; 0.0; 0.0; 0.0; 0.0; 1.0;0; 0;0; 0; 
18.4855430126; 98016; 0.0; 0.0; -0.11397; 0.0; 0.0; 0.0; 0.0; 0.0; 0.0; 0.0; 0.0; 0.0; 0.0; 0.0; 0.0; 0.0; 0.0; 2.07; 1.42; 2.02; 1.82; 23.0; -23.0; 0.0; 0; 0; 0.0; 0.0; 1; 4.98146176778; 0.127208967523; 0.106146650833; 0; 0; 0; 0; 0.0; 0.0; 0.0; -1.0; 0.0; 0.0; 0.0; 0.0; 0.0; 1.0;0; 0;0; 0; 
18.4974570274; 98021; 0.0; 0.0; -0.11422; 0.0; 0.0; 0.0; 0.0; 0.0; 0.0; 0.0; 0.0; 0.0; 0.0; 0.0; 0.0; 0.0; 0.0; 2.07; 1.42; 2.02; 1.82; 23.0; -23.0; 0.0; 0; 0; 0.0; 0.0; 1; 4.98146176778; 0.127208967523; 0.106146650833; 0; 0; 0; 0; 0.0; 0.0; 0.0; -1.0; 0.0; 0.0; 0.0; 0.0; 0.0; 1.0;0; 0;0; 0; 
18.5094821453; 98026; 0.0; 0.0; -0.1144; 0.0; 0.0; 0.0; 0.0; 0.0; 0.0; 0.0; 0.0; 0.0; 0.0; 0.0; 0.0; 0.0; 0.0; 2.07; 1.42; 2.02; 1.82; 23.0; -23.0; 0.0; 0; 0; 0.0; 0.0; 1; 4.98146176778; 0.127208967523; 0.106146650833; 0; 0; 0; 0; 0.0; 0.0; 0.0; -1.0; 0.0; 0.0; 0.0; 0.0; 0.0; 1.0;0; 0;0; 0; 
18.5206429958; 98031; 0.0; 0.0; -0.1145; 0.0; 0.0; 0.0; 0.0; 0.0; 0.0; 0.0; 0.0; 0.0; 0.0; 0.0; 0.0; 0.0; 0.0; 2.07; 1.42; 2.02; 1.82; 23.0; -23.0; 0.0; 0; 0; 0.0; 0.0; 1; 4.98146176778; 0.127208967523; 0.106146650833; 0; 0; 0; 0; 0.0; 0.0; 0.0; -1.0; 0.0; 0.0; 0.0; 0.0; 0.0; 1.0;0; 0;0; 0; 
18.5326900482; 98036; 0.0; 0.0; -0.11455; 0.0; 0.0; 0.0; 0.0; 0.0; 0.0; 0.0; 0.0; 0.0; 0.0; 0.0; 0.0; 0.0; 0.0; 2.07; 1.42; 2.02; 1.82; 23.0; -23.0; 0.0; 0; 0; 0.0; 0.0; 1; 4.98146176778; 0.127208967523; 0.106146650833; 0; 0; 0; 0; 0.0; 0.0; 0.0; -1.0; 0.0; 0.0; 0.0; 0.0; 0.0; 1.0;0; 0;0; 0; 
18.5446770191; 98041; 0.0; 0.0; -0.11458; 0.0; 0.0; 0.0; 0.0; 0.0; 0.0; 0.0; 0.0; 0.0; 0.0; 0.0; 0.0; 0.0; 0.0; 2.07; 1.42; 2.02; 1.82; 23.0; -23.0; 0.0; 0; 0; 0.0; 0.0; 1; 4.98146176778; 0.127208967523; 0.106146650833; 0; 0; 0; 0; 0.0; 0.0; 0.0; -1.0; 0.0; 0.0; 0.0; 0.0; 0.0; 1.0;0; 0;0; 0; 
18.5557081699; 98046; 0.0; 0.0; -0.11457; 0.0; 0.0; 0.0; 0.0; 0.0; 0.0; 0.0; 0.0; 0.0; 0.0; 0.0; 0.0; 0.0; 0.0; 2.07; 1.42; 2.02; 1.82; 23.0; -23.0; 0.0; 0; 0; 0.0; 0.0; 1; 4.98146176778; 0.127208967523; 0.106146650833; 0; 0; 0; 0; 0.0; 0.0; 0.0; -1.0; 0.0; 0.0; 0.0; 0.0; 0.0; 1.0;0; 0;0; 0; 
18.566598177; 98051; 0.0; 0.0; -0.11456; 0.0; 0.0; 0.0; 0.0; 0.0; 0.0; 0.0; 0.0; 0.0; 0.0; 0.0; 0.0; 0.0; 0.0; 2.07; 1.42; 2.02; 1.82; 23.0; -23.0; 0.0; 0; 0; 0.0; 0.0; 1; 4.98146176778; 0.127208967523; 0.106146650833; 0; 0; 0; 0; 0.0; 0.0; 0.0; -1.0; 0.0; 0.0; 0.0; 0.0; 0.0; 1.0;0; 0;0; 0; 
18.5778131485; 98056; 0.0; 0.0; -0.11453; 0.0; 0.0; 0.0; 0.0; 0.0; 0.0; 0.0; 0.0; 0.0; 0.0; 0.0; 0.0; 0.0; 0.0; 2.07; 1.42; 2.02; 1.82; 23.0; -23.0; 0.0; 0; 0; 0.0; 0.0; 1; 4.98146176778; 0.127208967523; 0.106146650833; 0; 0; 0; 0; 0.0; 0.0; 0.0; -1.0; 0.0; 0.0; 0.0; 0.0; 0.0; 1.0;0; 0;0; 0; 
18.5889780521; 98061; 0.0; 0.0; -0.1145; 0.0; 0.0; 0.0; 0.0; 0.0; 0.0; 0.0; 0.0; 0.0; 0.0; 0.0; 0.0; 0.0; 0.0; 2.07; 1.42; 2.02; 1.82; 23.0; -23.0; 0.0; 0; 0; 0.0; 0.0; 1; 4.98146176778; 0.127208967523; 0.106146650833; 0; 0; 0; 0; 0.0; 0.0; 0.0; -1.0; 0.0; 0.0; 0.0; 0.0; 0.0; 1.0;0; 0;0; 0; 
18.6008770466; 98066; 0.0; 0.0; -0.11444; 0.0; 0.0; 0.0; 0.0; 0.0; 0.0; 0.0; 0.0; 0.0; 0.0; 0.0; 0.0; 0.0; 0.0; 2.07; 1.42; 2.02; 1.82; 23.0; -23.0; 0.0; 0; 0; 0.0; 0.0; 1; 4.98146176778; 0.127208967523; 0.106146650833; 0; 0; 0; 0; 0.0; 0.0; 0.0; -1.0; 0.0; 0.0; 0.0; 0.0; 0.0; 1.0;0; 0;0; 0; 
18.6128602028; 98071; 0.0; 0.0; -0.11435; 0.0; 0.0; 0.0; 0.0; 0.0; 0.0; 0.0; 0.0; 0.0; 0.0; 0.0; 0.0; 0.0; 0.0; 2.07; 1.42; 2.02; 1.82; 23.0; -23.0; 0.0; 0; 0; 0.0; 0.0; 1; 4.98146176778; 0.127208967523; 0.106146650833; 0; 0; 0; 0; 0.0; 0.0; 0.0; -1.0; 0.0; 0.0; 0.0; 0.0; 0.0; 1.0;0; 0;0; 0; 
18.6245620251; 98076; 0.0; 0.0; -0.11431; 0.0; 0.0; 0.0; 0.0; 0.0; 0.0; 0.0; 0.0; 0.0; 0.0; 0.0; 0.0; 0.0; 0.0; 2.07; 1.42; 2.02; 1.82; 23.0; -23.0; 0.0; 0; 0; 0.0; 0.0; 1; 4.98146176778; 0.127208967523; 0.106146650833; 0; 0; 0; 0; 0.0; 0.0; 0.0; -1.0; 0.0; 0.0; 0.0; 0.0; 0.0; 1.0;0; 0;0; 0; 
18.6357131004; 98081; 0.0; 0.0; -0.11441; 0.0; 0.0; 0.0; 0.0; 0.0; 0.0; 0.0; 0.0; 0.0; 0.0; 0.0; 0.0; 0.0; 0.0; 2.07; 1.42; 2.02; 1.82; 23.0; -23.0; 0.0; 0; 0; 0.0; 0.0; 1; 4.98146176778; 0.127208967523; 0.106146650833; 0; 0; 0; 0; 0.0; 0.0; 0.0; -1.0; 0.0; 0.0; 0.0; 0.0; 0.0; 1.0;0; 0;0; 0; 
18.6466290951; 98086; 0.0; 0.0; -0.11469; 0.0; 0.0; 0.0; 0.0; 0.0; 0.0; 0.0; 0.0; 0.0; 0.0; 0.0; 0.0; 0.0; 0.0; 2.07; 1.42; 2.02; 1.82; 23.0; -23.0; 0.0; 0; 0; 0.0; 0.0; 1; 4.98146176778; 0.127208967523; 0.106146650833; 0; 0; 0; 0; 0.0; 0.0; 0.0; -1.0; 0.0; 0.0; 0.0; 0.0; 0.0; 1.0;0; 0;0; 0; 
18.6583302021; 98091; 0.0; 0.0; -0.11518; 0.0; 0.0; 0.0; 0.0; 0.0; 0.0; 0.0; 0.0; 0.0; 0.0; 0.0; 0.0; 0.0; 0.0; 2.0; 1.06; 1.68; 1.71; 23.0; -23.0; 0.0; 0; 0; 0.0; 0.0; 1; 4.98146176778; 0.127208967523; 0.106146650833; 0; 0; 0; 0; 0.0; 0.0; 0.0; -1.0; 0.0; 0.0; 0.0; 0.0; 0.0; 1.0;0; 0;0; 0; 
18.6703901291; 98096; 0.0; 0.0; -0.11592; 0.0; 0.0; 0.0; 0.0; 0.0; 0.0; 0.0; 0.0; 0.0; 0.0; 0.0; 0.0; 0.0; 0.0; 2.0; 1.06; 1.68; 1.71; 23.0; -23.0; 0.0; 0; 0; 0.0; 0.0; 1; 4.98146176778; 0.127208967523; 0.106146650833; 0; 0; 0; 0; 0.0; 0.0; 0.0; -1.0; 0.0; 0.0; 0.0; 0.0; 0.0; 1.0;0; 0;0; 0; 
18.6820831299; 98101; 0.0; 0.0; -0.1169; 0.0; 0.0; 0.0; 0.0; 0.0; 0.0; 0.0; 0.0; 0.0; 0.0; 0.0; 0.0; 0.0; 0.0; 2.0; 1.06; 1.68; 1.71; 23.0; -23.0; 0.0; 0; 0; 0.0; 0.0; 1; 5.00493917598; 0.129851287604; 0.118680735741; 0; 0; 0; 0; 0.0; 0.0; 0.0; -1.0; 0.0; 0.0; 0.0; 0.0; 0.0; 1.0;0; 0;0; 0; 
18.6949231625; 98106; 0.0; 0.0; -0.11807; 0.0; 0.0; 0.0; 0.0; 0.0; 0.0; 0.0; 0.0; 0.0; 0.0; 0.0; 0.0; 0.0; 0.0; 2.0; 1.06; 1.68; 1.71; 23.0; -23.0; 0.0; 0; 0; 0.0; 0.0; 1; 5.00493917598; 0.129851287604; 0.118680735741; 0; 0; 0; 0; 0.0; 0.0; 0.0; -1.0; 0.0; 0.0; 0.0; 0.0; 0.0; 1.0;0; 0;0; 0; 
18.7070140839; 98111; 0.0; 0.0; -0.11937; 0.0; 0.0; 0.0; 0.0; 0.0; 0.0; 0.0; 0.0; 0.0; 0.0; 0.0; 0.0; 0.0; 0.0; 2.0; 1.06; 1.68; 1.71; 23.0; -23.0; 0.0; 0; 0; 0.0; 0.0; 1; 5.00493917598; 0.129851287604; 0.118680735741; 0; 0; 0; 0; 0.0; 0.0; 0.0; -1.0; 0.0; 0.0; 0.0; 0.0; 0.0; 1.0;0; 0;0; 0; 
18.7182340622; 98116; 0.0; 0.0; -0.12067; 0.0; 0.0; 0.0; 0.0; 0.0; 0.0; 0.0; 0.0; 0.0; 0.0; 0.0; 0.0; 0.0; 0.0; 2.0; 1.06; 1.68; 1.71; 23.0; -23.0; 0.0; 0; 0; 0.0; 0.0; 1; 5.00493917598; 0.129851287604; 0.118680735741; 0; 0; 0; 0; 0.0; 0.0; 0.0; -1.0; 0.0; 0.0; 0.0; 0.0; 0.0; 1.0;0; 0;0; 0; 
18.7302081585; 98121; 0.0; 0.0; -0.12178; 0.0; 0.0; 0.0; 0.0; 0.0; 0.0; 0.0; 0.0; 0.0; 0.0; 0.0; 0.0; 0.0; 0.0; 2.0; 1.06; 1.68; 1.71; 23.0; -23.0; 0.0; 0; 0; 0.0; 0.0; 1; 5.00493917598; 0.129851287604; 0.118680735741; 0; 0; 0; 0; 0.0; 0.0; 0.0; -1.0; 0.0; 0.0; 0.0; 0.0; 0.0; 1.0;0; 0;0; 0; 
18.7420401573; 98126; 0.0; 0.0; -0.12257; 0.0; 0.0; 0.0; 0.0; 0.0; 0.0; 0.0; 0.0; 0.0; 0.0; 0.0; 0.0; 0.0; 0.0; 2.0; 1.06; 1.68; 1.71; 23.0; -23.0; 0.0; 0; 0; 0.0; 0.0; 1; 5.00493917598; 0.129851287604; 0.118680735741; 0; 0; 0; 0; 0.0; 0.0; 0.0; -1.0; 0.0; 0.0; 0.0; 0.0; 0.0; 1.0;0; 0;0; 0; 
18.7543640137; 98131; 0.0; 0.0; -0.12288; 0.0; 0.0; 0.0; 0.0; 0.0; 0.0; 0.0; 0.0; 0.0; 0.0; 0.0; 0.0; 0.0; 0.0; 2.0; 1.06; 1.68; 1.71; 23.0; -23.0; 0.0; 0; 0; 0.0; 0.0; 1; 5.00493917598; 0.129851287604; 0.118680735741; 0; 0; 0; 0; 0.0; 0.0; 0.0; -1.0; 0.0; 0.0; 0.0; 0.0; 0.0; 1.0;0; 0;0; 0; 
18.7661571503; 98136; 0.0; 0.0; -0.12261; 0.0; 0.0; 0.0; 0.0; 0.0; 0.0; 0.0; 0.0; 0.0; 0.0; 0.0; 0.0; 0.0; 0.0; 2.0; 1.06; 1.68; 1.71; 23.0; -23.0; 0.0; 0; 0; 0.0; 0.0; 1; 5.00493917598; 0.129851287604; 0.118680735741; 0; 0; 0; 0; 0.0; 0.0; 0.0; -1.0; 0.0; 0.0; 0.0; 0.0; 0.0; 1.0;0; 0;0; 0; 
18.7786071301; 98141; 0.0; 0.0; -0.1216; 0.0; 0.0; 0.0; 0.0; 0.0; 0.0; 0.0; 0.0; 0.0; 0.0; 0.0; 0.0; 0.0; 0.0; 2.0; 1.06; 1.68; 1.71; 23.0; -23.0; 0.0; 0; 0; 0.0; 0.0; 1; 5.00493917598; 0.129851287604; 0.118680735741; 0; 0; 0; 0; 0.0; 0.0; 0.0; -1.0; 0.0; 0.0; 0.0; 0.0; 0.0; 1.0;0; 0;0; 0; 
18.7899360657; 98146; 0.0; 0.0; -0.11982; 0.0; 0.0; 0.0; 0.0; 0.0; 0.0; 0.0; 0.0; 0.0; 0.0; 0.0; 0.0; 0.0; 0.0; 2.0; 1.06; 1.68; 1.71; 23.0; -23.0; 0.0; 0; 0; 0.0; 0.0; 1; 5.00493917598; 0.129851287604; 0.118680735741; 0; 0; 0; 0; 0.0; 0.0; 0.0; -1.0; 0.0; 0.0; 0.0; 0.0; 0.0; 1.0;0; 0;0; 0; 
18.801169157; 98151; 0.0; 0.0; -0.11743; 0.0; 0.0; 0.0; 0.0; 0.0; 0.0; 0.0; 0.0; 0.0; 0.0; 0.0; 0.0; 0.0; 0.0; 2.0; 1.06; 1.68; 1.71; 23.0; -23.0; 0.0; 0; 0; 0.0; 0.0; 1; 5.00493917598; 0.129851287604; 0.118680735741; 0; 0; 0; 0; 0.0; 0.0; 0.0; -1.0; 0.0; 0.0; 0.0; 0.0; 0.0; 1.0;0; 0;0; 0; 
18.8137540817; 98156; 0.0; 0.0; -0.11464; 0.0; 0.0; 0.0; 0.0; 0.0; 0.0; 0.0; 0.0; 0.0; 0.0; 0.0; 0.0; 0.0; 0.0; 2.0; 1.06; 1.68; 1.71; 23.0; -23.0; 0.0; 0; 0; 0.0; 0.0; 1; 5.00493917598; 0.129851287604; 0.118680735741; 0; 0; 0; 0; 0.0; 0.0; 0.0; -1.0; 0.0; 0.0; 0.0; 0.0; 0.0; 1.0;0; 0;0; 0; 
18.8251001835; 98161; 0.0; 0.0; -0.11169; 0.0; 0.0; 0.0; 0.0; 0.0; 0.0; 0.0; 0.0; 0.0; 0.0; 0.0; 0.0; 0.0; 0.0; 2.0; 1.06; 1.68; 1.71; 23.0; -23.0; 0.0; 0; 0; 0.0; 0.0; 1; 5.00493917598; 0.129851287604; 0.118680735741; 0; 0; 0; 0; 0.0; 0.0; 0.0; -1.0; 0.0; 0.0; 0.0; 0.0; 0.0; 1.0;0; 0;0; 0; 
18.8360331059; 98166; 0.0; 0.0; -0.10888; 0.0; 0.0; 0.0; 0.0; 0.0; 0.0; 0.0; 0.0; 0.0; 0.0; 0.0; 0.0; 0.0; 0.0; 2.0; 1.06; 1.68; 1.71; 23.0; -23.0; 0.0; 0; 0; 0.0; 0.0; 1; 5.00493917598; 0.129851287604; 0.118680735741; 0; 0; 0; 0; 0.0; 0.0; 0.0; -1.0; 0.0; 0.0; 0.0; 0.0; 0.0; 1.0;0; 0;0; 0; 
18.8470001221; 98171; 0.0; 0.0; -0.10649; 0.0; 0.0; 0.0; 0.0; 0.0; 0.0; 0.0; 0.0; 0.0; 0.0; 0.0; 0.0; 0.0; 0.0; 2.0; 1.06; 1.68; 1.71; 23.0; -23.0; 0.0; 0; 0; 0.0; 0.0; 1; 5.00493917598; 0.129851287604; 0.118680735741; 0; 0; 0; 0; 0.0; 0.0; 0.0; -1.0; 0.0; 0.0; 0.0; 0.0; 0.0; 1.0;0; 0;0; 0; 
18.8590891361; 98176; 0.0; 0.0; -0.10481; 0.0; 0.0; 0.0; 0.0; 0.0; 0.0; 0.0; 0.0; 0.0; 0.0; 0.0; 0.0; 0.0; 0.0; 2.0; 1.06; 1.68; 1.71; 23.0; -23.0; 0.0; 0; 0; 0.0; 0.0; 1; 5.00493917598; 0.129851287604; 0.118680735741; 0; 0; 0; 0; 0.0; 0.0; 0.0; -1.0; 0.0; 0.0; 0.0; 0.0; 0.0; 1.0;0; 0;0; 0; 
18.8700890541; 98181; 0.0; 0.0; -0.10394; 0.0; 0.0; 0.0; 0.0; 0.0; 0.0; 0.0; 0.0; 0.0; 0.0; 0.0; 0.0; 0.0; 0.0; 2.0; 1.06; 1.68; 1.71; 23.0; -23.0; 0.0; 0; 0; 0.0; 0.0; 1; 5.00493917598; 0.129851287604; 0.118680735741; 0; 0; 0; 0; 0.0; 0.0; 0.0; -1.0; 0.0; 0.0; 0.0; 0.0; 0.0; 1.0;0; 0;0; 0; 
18.8818490505; 98186; 0.0; 0.0; -0.10382; 0.0; 0.0; 0.0; 0.0; 0.0; 0.0; 0.0; 0.0; 0.0; 0.0; 0.0; 0.0; 0.0; 0.0; 1.78; 1.06; 1.36; 1.6; 23.0; -23.0; 0.0; 0; 0; 0.0; 0.0; 1; 5.00493917598; 0.129851287604; 0.118680735741; 0; 0; 0; 0; 0.0; 0.0; 0.0; -1.0; 0.0; 0.0; 0.0; 0.0; 0.0; 1.0;0; 0;0; 0; 
18.8928451538; 98191; 0.0; 0.0; -0.10438; 0.0; 0.0; 0.0; 0.0; 0.0; 0.0; 0.0; 0.0; 0.0; 0.0; 0.0; 0.0; 0.0; 0.0; 1.78; 1.06; 1.36; 1.6; 23.0; -23.0; 0.0; 0; 0; 0.0; 0.0; 1; 5.00493917598; 0.129851287604; 0.118680735741; 0; 0; 0; 0; 0.0; 0.0; 0.0; -1.0; 0.0; 0.0; 0.0; 0.0; 0.0; 1.0;0; 0;0; 0; 
18.90417099; 98196; 0.0; 0.0; -0.10544; 0.0; 0.0; 0.0; 0.0; 0.0; 0.0; 0.0; 0.0; 0.0; 0.0; 0.0; 0.0; 0.0; 0.0; 1.78; 1.06; 1.36; 1.6; 23.0; -23.0; 0.0; 0; 0; 0.0; 0.0; 1; 5.00493917598; 0.129851287604; 0.118680735741; 0; 0; 0; 0; 0.0; 0.0; 0.0; -1.0; 0.0; 0.0; 0.0; 0.0; 0.0; 1.0;0; 0;0; 0; 
18.9165110588; 98201; 0.0; 0.0; -0.10679; 0.0; 0.0; 0.0; 0.0; 0.0; 0.0; 0.0; 0.0; 0.0; 0.0; 0.0; 0.0; 0.0; 0.0; 1.78; 1.06; 1.36; 1.6; 23.0; -23.0; 0.0; 0; 0; 0.0; 0.0; 1; 5.02737371506; 0.132663582675; 0.131187216337; 0; 0; 0; 0; 0.0; 0.0; 0.0; -1.0; 0.0; 0.0; 0.0; 0.0; 0.0; 1.0;0; 0;0; 0; 
18.9281470776; 98206; 0.0; 0.0; -0.10823; 0.0; 0.0; 0.0; 0.0; 0.0; 0.0; 0.0; 0.0; 0.0; 0.0; 0.0; 0.0; 0.0; 0.0; 1.78; 1.06; 1.36; 1.6; 23.0; -23.0; 0.0; 0; 0; 0.0; 0.0; 1; 5.02737371506; 0.132663582675; 0.131187216337; 0; 0; 0; 0; 0.0; 0.0; 0.0; -1.0; 0.0; 0.0; 0.0; 0.0; 0.0; 1.0;0; 0;0; 0; 
18.9397320747; 98211; 0.0; 0.0; -0.10954; 0.0; 0.0; 0.0; 0.0; 0.0; 0.0; 0.0; 0.0; 0.0; 0.0; 0.0; 0.0; 0.0; 0.0; 1.78; 1.06; 1.36; 1.6; 23.0; -23.0; 0.0; 0; 0; 0.0; 0.0; 1; 5.02737371506; 0.132663582675; 0.131187216337; 0; 0; 0; 0; 0.0; 0.0; 0.0; -1.0; 0.0; 0.0; 0.0; 0.0; 0.0; 1.0;0; 0;0; 0; 
18.9512081146; 98216; 0.0; 0.0; -0.11061; 0.0; 0.0; 0.0; 0.0; 0.0; 0.0; 0.0; 0.0; 0.0; 0.0; 0.0; 0.0; 0.0; 0.0; 1.78; 1.06; 1.36; 1.6; 23.0; -23.0; 0.0; 0; 0; 0.0; 0.0; 1; 5.02737371506; 0.132663582675; 0.131187216337; 0; 0; 0; 0; 0.0; 0.0; 0.0; -1.0; 0.0; 0.0; 0.0; 0.0; 0.0; 1.0;0; 0;0; 0; 
18.962444067; 98221; 0.0; 0.0; -0.11131; 0.0; 0.0; 0.0; 0.0; 0.0; 0.0; 0.0; 0.0; 0.0; 0.0; 0.0; 0.0; 0.0; 0.0; 1.78; 1.06; 1.36; 1.6; 23.0; -23.0; 0.0; 0; 0; 0.0; 0.0; 1; 5.02737371506; 0.132663582675; 0.131187216337; 0; 0; 0; 0; 0.0; 0.0; 0.0; -1.0; 0.0; 0.0; 0.0; 0.0; 0.0; 1.0;0; 0;0; 0; 
18.9743351936; 98226; 0.0; 0.0; -0.11161; 0.0; 0.0; 0.0; 0.0; 0.0; 0.0; 0.0; 0.0; 0.0; 0.0; 0.0; 0.0; 0.0; 0.0; 1.78; 1.06; 1.36; 1.6; 23.0; -23.0; 0.0; 0; 0; 0.0; 0.0; 1; 5.02737371506; 0.132663582675; 0.131187216337; 0; 0; 0; 0; 0.0; 0.0; 0.0; -1.0; 0.0; 0.0; 0.0; 0.0; 0.0; 1.0;0; 0;0; 0; 
18.9858241081; 98231; 0.0; 0.0; -0.11156; 0.0; 0.0; 0.0; 0.0; 0.0; 0.0; 0.0; 0.0; 0.0; 0.0; 0.0; 0.0; 0.0; 0.0; 1.78; 1.06; 1.36; 1.6; 23.0; -23.0; 0.0; 0; 0; 0.0; 0.0; 1; 5.02737371506; 0.132663582675; 0.131187216337; 0; 0; 0; 0; 0.0; 0.0; 0.0; -1.0; 0.0; 0.0; 0.0; 0.0; 0.0; 1.0;0; 0;0; 0; 
18.9972481728; 98236; 0.0; 0.0; -0.11121; 0.0; 0.0; 0.0; 0.0; 0.0; 0.0; 0.0; 0.0; 0.0; 0.0; 0.0; 0.0; 0.0; 0.0; 1.78; 1.06; 1.36; 1.6; 23.0; -23.0; 0.0; 0; 0; 0.0; 0.0; 1; 5.02737371506; 0.132663582675; 0.131187216337; 0; 0; 0; 0; 0.0; 0.0; 0.0; -1.0; 0.0; 0.0; 0.0; 0.0; 0.0; 1.0;0; 0;0; 0; 
19.0087690353; 98241; 0.0; 0.0; -0.11063; 0.0; 0.0; 0.0; 0.0; 0.0; 0.0; 0.0; 0.0; 0.0; 0.0; 0.0; 0.0; 0.0; 0.0; 1.78; 1.06; 1.36; 1.6; 23.0; -23.0; 0.0; 0; 0; 0.0; 0.0; 1; 5.02737371506; 0.132663582675; 0.131187216337; 0; 0; 0; 0; 0.0; 0.0; 0.0; -1.0; 0.0; 0.0; 0.0; 0.0; 0.0; 1.0;0; 0;0; 0; 
19.0198700428; 98246; 0.0; 0.0; -0.10989; 0.0; 0.0; 0.0; 0.0; 0.0; 0.0; 0.0; 0.0; 0.0; 0.0; 0.0; 0.0; 0.0; 0.0; 1.78; 1.06; 1.36; 1.6; 23.0; -23.0; 0.0; 0; 0; 0.0; 0.0; 1; 5.02737371506; 0.132663582675; 0.131187216337; 0; 0; 0; 0; 0.0; 0.0; 0.0; -1.0; 0.0; 0.0; 0.0; 0.0; 0.0; 1.0;0; 0;0; 0; 
19.0314331055; 98251; 0.0; 0.0; -0.10902; 0.0; 0.0; 0.0; 0.0; 0.0; 0.0; 0.0; 0.0; 0.0; 0.0; 0.0; 0.0; 0.0; 0.0; 1.78; 1.06; 1.36; 1.6; 23.0; -23.0; 0.0; 0; 0; 0.0; 0.0; 1; 5.02737371506; 0.132663582675; 0.131187216337; 0; 0; 0; 0; 0.0; 0.0; 0.0; -1.0; 0.0; 0.0; 0.0; 0.0; 0.0; 1.0;0; 0;0; 0; 
19.0431520939; 98256; 0.0; 0.0; -0.10802; 0.0; 0.0; 0.0; 0.0; 0.0; 0.0; 0.0; 0.0; 0.0; 0.0; 0.0; 0.0; 0.0; 0.0; 1.78; 1.06; 1.36; 1.6; 23.0; -23.0; 0.0; 0; 0; 0.0; 0.0; 1; 5.02737371506; 0.132663582675; 0.131187216337; 0; 0; 0; 0; 0.0; 0.0; 0.0; -1.0; 0.0; 0.0; 0.0; 0.0; 0.0; 1.0;0; 0;0; 0; 
19.0547761917; 98261; 0.0; 0.0; -0.10682; 0.0; 0.0; 0.0; 0.0; 0.0; 0.0; 0.0; 0.0; 0.0; 0.0; 0.0; 0.0; 0.0; 0.0; 1.78; 1.06; 1.36; 1.6; 23.0; -23.0; 0.0; 0; 0; 0.0; 0.0; 1; 5.02737371506; 0.132663582675; 0.131187216337; 0; 0; 0; 0; 0.0; 0.0; 0.0; -1.0; 0.0; 0.0; 0.0; 0.0; 0.0; 1.0;0; 0;0; 0; 
19.0667080879; 98266; 0.0; 0.0; -0.10526; 0.0; 0.0; 0.0; 0.0; 0.0; 0.0; 0.0; 0.0; 0.0; 0.0; 0.0; 0.0; 0.0; 0.0; 1.78; 1.06; 1.36; 1.6; 23.0; -23.0; 0.0; 0; 0; 0.0; 0.0; 1; 5.02737371506; 0.132663582675; 0.131187216337; 0; 0; 0; 0; 0.0; 0.0; 0.0; -1.0; 0.0; 0.0; 0.0; 0.0; 0.0; 1.0;0; 0;0; 0; 
19.0771930218; 98271; 0.0; 0.0; -0.10327; 0.0; 0.0; 0.0; 0.0; 0.0; 0.0; 0.0; 0.0; 0.0; 0.0; 0.0; 0.0; 0.0; 0.0; 1.78; 1.06; 1.36; 1.6; 23.0; -23.0; 0.0; 0; 0; 0.0; 0.0; 1; 5.02737371506; 0.132663582675; 0.131187216337; 0; 0; 0; 0; 0.0; 0.0; 0.0; -1.0; 0.0; 0.0; 0.0; 0.0; 0.0; 1.0;0; 0;0; 0; 
19.0885381699; 98276; 0.0; 0.0; -0.10088; 0.0; 0.0; 0.0; 0.0; 0.0; 0.0; 0.0; 0.0; 0.0; 0.0; 0.0; 0.0; 0.0; 0.0; 1.78; 1.06; 1.36; 1.6; 23.0; -23.0; 0.0; 0; 0; 0.0; 0.0; 1; 5.02737371506; 0.132663582675; 0.131187216337; 0; 0; 0; 0; 0.0; 0.0; 0.0; -1.0; 0.0; 0.0; 0.0; 0.0; 0.0; 1.0;0; 0;0; 0; 
19.1010730267; 98281; 0.0; 0.0; -0.098283; 0.0; 0.0; 0.0; 0.0; 0.0; 0.0; 0.0; 0.0; 0.0; 0.0; 0.0; 0.0; 0.0; 0.0; 1.78; 1.06; 1.36; 1.6; 23.0; -23.0; 0.0; 0; 0; 0.0; 0.0; 1; 5.02737371506; 0.132663582675; 0.131187216337; 0; 0; 0; 0; 0.0; 0.0; 0.0; -1.0; 0.0; 0.0; 0.0; 0.0; 0.0; 1.0;0; 0;0; 0; 
19.1129209995; 98286; 0.0; 0.0; -0.095779; 0.0; 0.0; 0.0; 0.0; 0.0; 0.0; 0.0; 0.0; 0.0; 0.0; 0.0; 0.0; 0.0; 0.0; 1.78; 1.06; 1.78; 1.6; 25.0; -25.0; 0.0; 0; 0; 0.0; 0.0; 1; 5.02737371506; 0.132663582675; 0.131187216337; 0; 0; 0; 0; 0.0; 0.0; 0.0; -1.0; 0.0; 0.0; 0.0; 0.0; 0.0; 1.0;0; 0;0; 0; 
19.1243619919; 98291; 0.0; 0.0; -0.093777; 0.0; 0.0; 0.0; 0.0; 0.0; 0.0; 0.0; 0.0; 0.0; 0.0; 0.0; 0.0; 0.0; 0.0; 1.78; 1.06; 1.78; 1.6; 25.0; -25.0; 0.0; 0; 0; 0.0; 0.0; 1; 5.02737371506; 0.132663582675; 0.131187216337; 0; 0; 0; 0; 0.0; 0.0; 0.0; -1.0; 0.0; 0.0; 0.0; 0.0; 0.0; 1.0;0; 0;0; 0; 
19.1360800266; 98296; 0.0; 0.0; -0.092781; 0.0; 0.0; 0.0; 0.0; 0.0; 0.0; 0.0; 0.0; 0.0; 0.0; 0.0; 0.0; 0.0; 0.0; 1.78; 1.06; 1.78; 1.6; 25.0; -25.0; 0.0; 0; 0; 0.0; 0.0; 1; 5.02737371506; 0.132663582675; 0.131187216337; 0; 0; 0; 0; 0.0; 0.0; 0.0; -1.0; 0.0; 0.0; 0.0; 0.0; 0.0; 1.0;0; 0;0; 0; 
19.1474161148; 98301; 0.0; 0.0; -0.09315; 0.0; 0.0; 0.0; 0.0; 0.0; 0.0; 0.0; 0.0; 0.0; 0.0; 0.0; 0.0; 0.0; 0.0; 1.78; 1.06; 1.78; 1.6; 25.0; -25.0; 0.0; 0; 0; 0.0; 0.0; 1; 5.04808881176; 0.135513517887; 0.142782724183; 0; 0; 0; 0; 0.0; 0.0; 0.0; -1.0; 0.0; 0.0; 0.0; 0.0; 0.0; 1.0;0; 0;0; 0; 
19.1591131687; 98306; 0.0; 0.0; -0.094984; 0.0; 0.0; 0.0; 0.0; 0.0; 0.0; 0.0; 0.0; 0.0; 0.0; 0.0; 0.0; 0.0; 0.0; 1.78; 1.06; 1.78; 1.6; 25.0; -25.0; 0.0; 0; 0; 0.0; 0.0; 1; 5.04808881176; 0.135513517887; 0.142782724183; 0; 0; 0; 0; 0.0; 0.0; 0.0; -1.0; 0.0; 0.0; 0.0; 0.0; 0.0; 1.0;0; 0;0; 0; 
19.1711061001; 98311; 0.0; 0.0; -0.09807; 0.0; 0.0; 0.0; 0.0; 0.0; 0.0; 0.0; 0.0; 0.0; 0.0; 0.0; 0.0; 0.0; 0.0; 1.78; 1.06; 1.78; 1.6; 25.0; -25.0; 0.0; 0; 0; 0.0; 0.0; 1; 5.04808881176; 0.135513517887; 0.142782724183; 0; 0; 0; 0; 0.0; 0.0; 0.0; -1.0; 0.0; 0.0; 0.0; 0.0; 0.0; 1.0;0; 0;0; 0; 
19.182664156; 98316; 0.0; 0.0; -0.10197; 0.0; 0.0; 0.0; 0.0; 0.0; 0.0; 0.0; 0.0; 0.0; 0.0; 0.0; 0.0; 0.0; 0.0; 1.78; 1.06; 1.78; 1.6; 25.0; -25.0; 0.0; 0; 0; 0.0; 0.0; 1; 5.04808881176; 0.135513517887; 0.142782724183; 0; 0; 0; 0; 0.0; 0.0; 0.0; -1.0; 0.0; 0.0; 0.0; 0.0; 0.0; 1.0;0; 0;0; 0; 
19.1944050789; 98321; 0.0; 0.0; -0.10612; 0.0; 0.0; 0.0; 0.0; 0.0; 0.0; 0.0; 0.0; 0.0; 0.0; 0.0; 0.0; 0.0; 0.0; 1.78; 1.06; 1.78; 1.6; 25.0; -25.0; 0.0; 0; 0; 0.0; 0.0; 1; 5.04808881176; 0.135513517887; 0.142782724183; 0; 0; 0; 0; 0.0; 0.0; 0.0; -1.0; 0.0; 0.0; 0.0; 0.0; 0.0; 1.0;0; 0;0; 0; 
19.2067580223; 98326; 0.0; 0.0; -0.10984; 0.0; 0.0; 0.0; 0.0; 0.0; 0.0; 0.0; 0.0; 0.0; 0.0; 0.0; 0.0; 0.0; 0.0; 1.78; 1.06; 1.78; 1.6; 25.0; -25.0; 0.0; 0; 0; 0.0; 0.0; 1; 5.04808881176; 0.135513517887; 0.142782724183; 0; 0; 0; 0; 0.0; 0.0; 0.0; -1.0; 0.0; 0.0; 0.0; 0.0; 0.0; 1.0;0; 0;0; 0; 
19.2180659771; 98331; 0.0; 0.0; -0.1126; 0.0; 0.0; 0.0; 0.0; 0.0; 0.0; 0.0; 0.0; 0.0; 0.0; 0.0; 0.0; 0.0; 0.0; 1.78; 1.06; 1.78; 1.6; 25.0; -25.0; 0.0; 0; 0; 0.0; 0.0; 1; 5.04808881176; 0.135513517887; 0.142782724183; 0; 0; 0; 0; 0.0; 0.0; 0.0; -1.0; 0.0; 0.0; 0.0; 0.0; 0.0; 1.0;0; 0;0; 0; 
19.2297160625; 98336; 0.0; 0.0; -0.1141; 0.0; 0.0; 0.0; 0.0; 0.0; 0.0; 0.0; 0.0; 0.0; 0.0; 0.0; 0.0; 0.0; 0.0; 1.78; 1.06; 1.78; 1.6; 25.0; -25.0; 0.0; 0; 0; 0.0; 0.0; 1; 5.04808881176; 0.135513517887; 0.142782724183; 0; 0; 0; 0; 0.0; 0.0; 0.0; -1.0; 0.0; 0.0; 0.0; 0.0; 0.0; 1.0;0; 0;0; 0; 
19.2411341667; 98341; 0.0; 0.0; -0.11428; 0.0; 0.0; 0.0; 0.0; 0.0; 0.0; 0.0; 0.0; 0.0; 0.0; 0.0; 0.0; 0.0; 0.0; 1.78; 1.06; 1.78; 1.6; 25.0; -25.0; 0.0; 0; 0; 0.0; 0.0; 1; 5.04808881176; 0.135513517887; 0.142782724183; 0; 0; 0; 0; 0.0; 0.0; 0.0; -1.0; 0.0; 0.0; 0.0; 0.0; 0.0; 1.0;0; 0;0; 0; 
19.2527651787; 98346; 0.0; 0.0; -0.11331; 0.0; 0.0; 0.0; 0.0; 0.0; 0.0; 0.0; 0.0; 0.0; 0.0; 0.0; 0.0; 0.0; 0.0; 1.78; 1.06; 1.78; 1.6; 25.0; -25.0; 0.0; 0; 0; 0.0; 0.0; 1; 5.04808881176; 0.135513517887; 0.142782724183; 0; 0; 0; 0; 0.0; 0.0; 0.0; -1.0; 0.0; 0.0; 0.0; 0.0; 0.0; 1.0;0; 0;0; 0; 
19.2647161484; 98351; 0.0; 0.0; -0.11146; 0.0; 0.0; 0.0; 0.0; 0.0; 0.0; 0.0; 0.0; 0.0; 0.0; 0.0; 0.0; 0.0; 0.0; 1.78; 1.06; 1.78; 1.6; 25.0; -25.0; 0.0; 0; 0; 0.0; 0.0; 1; 5.04808881176; 0.135513517887; 0.142782724183; 0; 0; 0; 0; 0.0; 0.0; 0.0; -1.0; 0.0; 0.0; 0.0; 0.0; 0.0; 1.0;0; 0;0; 0; 
19.2758290768; 98356; 0.0; 0.0; -0.10904; 0.0; 0.0; 0.0; 0.0; 0.0; 0.0; 0.0; 0.0; 0.0; 0.0; 0.0; 0.0; 0.0; 0.0; 1.78; 1.06; 1.78; 1.6; 25.0; -25.0; 0.0; 0; 0; 0.0; 0.0; 1; 5.04808881176; 0.135513517887; 0.142782724183; 0; 0; 0; 0; 0.0; 0.0; 0.0; -1.0; 0.0; 0.0; 0.0; 0.0; 0.0; 1.0;0; 0;0; 0; 
19.2878940105; 98361; 0.0; 0.0; -0.10625; 0.0; 0.0; 0.0; 0.0; 0.0; 0.0; 0.0; 0.0; 0.0; 0.0; 0.0; 0.0; 0.0; 0.0; 1.78; 1.06; 1.78; 1.6; 25.0; -25.0; 0.0; 0; 0; 0.0; 0.0; 1; 5.04808881176; 0.135513517887; 0.142782724183; 0; 0; 0; 0; 0.0; 0.0; 0.0; -1.0; 0.0; 0.0; 0.0; 0.0; 0.0; 1.0;0; 0;0; 0; 
19.2992341518; 98366; 0.0; 0.0; -0.10334; 0.0; 0.0; 0.0; 0.0; 0.0; 0.0; 0.0; 0.0; 0.0; 0.0; 0.0; 0.0; 0.0; 0.0; 1.78; 1.06; 1.78; 1.6; 25.0; -25.0; 0.0; 0; 0; 0.0; 0.0; 1; 5.04808881176; 0.135513517887; 0.142782724183; 0; 0; 0; 0; 0.0; 0.0; 0.0; -1.0; 0.0; 0.0; 0.0; 0.0; 0.0; 1.0;0; 0;0; 0; 
19.311289072; 98371; 0.0; 0.0; -0.10062; 0.0; 0.0; 0.0; 0.0; 0.0; 0.0; 0.0; 0.0; 0.0; 0.0; 0.0; 0.0; 0.0; 0.0; 1.78; 1.06; 1.78; 1.6; 25.0; -25.0; 0.0; 0; 0; 0.0; 0.0; 1; 5.04808881176; 0.135513517887; 0.142782724183; 0; 0; 0; 0; 0.0; 0.0; 0.0; -1.0; 0.0; 0.0; 0.0; 0.0; 0.0; 1.0;0; 0;0; 0; 
19.3237190247; 98376; 0.0; 0.0; -0.098425; 0.0; 0.0; 0.0; 0.0; 0.0; 0.0; 0.0; 0.0; 0.0; 0.0; 0.0; 0.0; 0.0; 0.0; 1.78; 1.06; 1.78; 1.6; 25.0; -25.0; 0.0; 0; 0; 0.0; 0.0; 1; 5.04808881176; 0.135513517887; 0.142782724183; 0; 0; 0; 0; 0.0; 0.0; 0.0; -1.0; 0.0; 0.0; 0.0; 0.0; 0.0; 1.0;0; 0;0; 0; 
19.3363320827; 98381; 0.0; 0.0; -0.097062; 0.0; 0.0; 0.0; 0.0; 0.0; 0.0; 0.0; 0.0; 0.0; 0.0; 0.0; 0.0; 0.0; 0.0; 1.78; 1.06; 1.78; 1.6; 25.0; -25.0; 0.0; 0; 0; 0.0; 0.0; 1; 5.04808881176; 0.135513517887; 0.142782724183; 0; 0; 0; 0; 0.0; 0.0; 0.0; -1.0; 0.0; 0.0; 0.0; 0.0; 0.0; 1.0;0; 0;0; 0; 
19.3475091457; 98386; 0.0; 0.0; -0.096889; 0.0; 0.0; 0.0; 0.0; 0.0; 0.0; 0.0; 0.0; 0.0; 0.0; 0.0; 0.0; 0.0; 0.0; 1.78; 1.06; 1.78; 1.6; 25.0; -25.0; 0.0; 0; 0; 0.0; 0.0; 1; 5.04808881176; 0.135513517887; 0.142782724183; 0; 0; 0; 0; 0.0; 0.0; 0.0; -1.0; 0.0; 0.0; 0.0; 0.0; 0.0; 1.0;0; 0;0; 0; 
19.3600811958; 98391; 0.0; 0.0; -0.098103; 0.0; 0.0; 0.0; 0.0; 0.0; 0.0; 0.0; 0.0; 0.0; 0.0; 0.0; 0.0; 0.0; 0.0; 1.63; 0.0; 1.52; 1.6; 25.0; -25.0; 0.0; 0; 0; 0.0; 0.0; 1; 5.04808881176; 0.135513517887; 0.142782724183; 0; 0; 0; 0; 0.0; 0.0; 0.0; -1.0; 0.0; 0.0; 0.0; 0.0; 0.0; 1.0;0; 0;0; 0; 
19.371874094; 98396; 0.0; 0.0; -0.1009; 0.0; 0.0; 0.0; 0.0; 0.0; 0.0; 0.0; 0.0; 0.0; 0.0; 0.0; 0.0; 0.0; 0.0; 1.63; 0.0; 1.52; 1.6; 25.0; -25.0; 0.0; 0; 0; 0.0; 0.0; 1; 5.04808881176; 0.135513517887; 0.142782724183; 0; 0; 0; 0; 0.0; 0.0; 0.0; -1.0; 0.0; 0.0; 0.0; 0.0; 0.0; 1.0;0; 0;0; 0; 
19.3839039803; 98401; 0.0; 0.0; -0.10522; 0.0; 0.0; 0.0; 0.0; 0.0; 0.0; 0.0; 0.0; 0.0; 0.0; 0.0; 0.0; 0.0; 0.0; 1.63; 0.0; 1.52; 1.6; 25.0; -25.0; 0.0; 0; 0; 0.0; 0.0; 1; 5.06792086982; 0.138474030265; 0.154209458061; 0; 0; 0; 0; 0.0; 0.0; 0.0; -1.0; 0.0; 0.0; 0.0; 0.0; 0.0; 1.0;0; 0;0; 0; 
19.3959081173; 98406; 0.0; 0.0; -0.1107; 0.0; 0.0; 0.0; 0.0; 0.0; 0.0; 0.0; 0.0; 0.0; 0.0; 0.0; 0.0; 0.0; 0.0; 1.63; 0.0; 1.52; 1.6; 25.0; -25.0; 0.0; 0; 0; 0.0; 0.0; 1; 5.06792086982; 0.138474030265; 0.154209458061; 0; 0; 0; 0; 0.0; 0.0; 0.0; -1.0; 0.0; 0.0; 0.0; 0.0; 0.0; 1.0;0; 0;0; 0; 
19.4083330631; 98411; 0.0; 0.0; -0.11702; 0.0; 0.0; 0.0; 0.0; 0.0; 0.0; 0.0; 0.0; 0.0; 0.0; 0.0; 0.0; 0.0; 0.0; 1.63; 0.0; 1.52; 1.6; 25.0; -25.0; 0.0; 0; 0; 0.0; 0.0; 1; 5.06792086982; 0.138474030265; 0.154209458061; 0; 0; 0; 0; 0.0; 0.0; 0.0; -1.0; 0.0; 0.0; 0.0; 0.0; 0.0; 1.0;0; 0;0; 0; 
19.4181849957; 98416; 0.0; 0.0; -0.12366; 0.0; 0.0; 0.0; 0.0; 0.0; 0.0; 0.0; 0.0; 0.0; 0.0; 0.0; 0.0; 0.0; 0.0; 1.63; 0.0; 1.52; 1.6; 25.0; -25.0; 0.0; 0; 0; 0.0; 0.0; 1; 5.06792086982; 0.138474030265; 0.154209458061; 0; 0; 0; 0; 0.0; 0.0; 0.0; -1.0; 0.0; 0.0; 0.0; 0.0; 0.0; 1.0;0; 0;0; 0; 
19.4293251038; 98421; 0.0; 0.0; -0.13027; 0.0; 0.0; 0.0; 0.0; 0.0; 0.0; 0.0; 0.0; 0.0; 0.0; 0.0; 0.0; 0.0; 0.0; 1.63; 0.0; 1.52; 1.6; 25.0; -25.0; 0.0; 0; 0; 0.0; 0.0; 1; 5.06792086982; 0.138474030265; 0.154209458061; 0; 0; 0; 0; 0.0; 0.0; 0.0; -1.0; 0.0; 0.0; 0.0; 0.0; 0.0; 1.0;0; 0;0; 0; 
19.4414510727; 98426; 0.0; 0.0; -0.1366; 0.0; 0.0; 0.0; 0.0; 0.0; 0.0; 0.0; 0.0; 0.0; 0.0; 0.0; 0.0; 0.0; 0.0; 1.63; 0.0; 1.52; 1.6; 25.0; -25.0; 0.0; 0; 0; 0.0; 0.0; 1; 5.06792086982; 0.138474030265; 0.154209458061; 0; 0; 0; 0; 0.0; 0.0; 0.0; -1.0; 0.0; 0.0; 0.0; 0.0; 0.0; 1.0;0; 0;0; 0; 
19.452737093; 98431; 0.0; 0.0; -0.14225; 0.0; 0.0; 0.0; 0.0; 0.0; 0.0; 0.0; 0.0; 0.0; 0.0; 0.0; 0.0; 0.0; 0.0; 1.63; 0.0; 1.52; 1.6; 25.0; -25.0; 0.0; 0; 0; 0.0; 0.0; 1; 5.06792086982; 0.138474030265; 0.154209458061; 0; 0; 0; 0; 0.0; 0.0; 0.0; -1.0; 0.0; 0.0; 0.0; 0.0; 0.0; 1.0;0; 0;0; 0; 
19.464176178; 98436; 0.0; 0.0; -0.14702; 0.0; 0.0; 0.0; 0.0; 0.0; 0.0; 0.0; 0.0; 0.0; 0.0; 0.0; 0.0; 0.0; 0.0; 1.63; 0.0; 1.52; 1.6; 25.0; -25.0; 0.0; 0; 0; 0.0; 0.0; 1; 5.06792086982; 0.138474030265; 0.154209458061; 0; 0; 0; 0; 0.0; 0.0; 0.0; -1.0; 0.0; 0.0; 0.0; 0.0; 0.0; 1.0;0; 0;0; 0; 
19.4760670662; 98441; 0.0; 0.0; -0.15091; 0.0; 0.0; 0.0; 0.0; 0.0; 0.0; 0.0; 0.0; 0.0; 0.0; 0.0; 0.0; 0.0; 0.0; 1.63; 0.0; 1.52; 1.6; 25.0; -25.0; 0.0; 0; 0; 0.0; 0.0; 1; 5.06792086982; 0.138474030265; 0.154209458061; 0; 0; 0; 0; 0.0; 0.0; 0.0; -1.0; 0.0; 0.0; 0.0; 0.0; 0.0; 1.0;0; 0;0; 0; 
19.4874470234; 98446; 0.0; 0.0; -0.15382; 0.0; 0.0; 0.0; 0.0; 0.0; 0.0; 0.0; 0.0; 0.0; 0.0; 0.0; 0.0; 0.0; 0.0; 1.63; 0.0; 1.52; 1.6; 25.0; -25.0; 0.0; 0; 0; 0.0; 0.0; 1; 5.06792086982; 0.138474030265; 0.154209458061; 0; 0; 0; 0; 0.0; 0.0; 0.0; -1.0; 0.0; 0.0; 0.0; 0.0; 0.0; 1.0;0; 0;0; 0; 
19.4993190765; 98451; 0.0; 0.0; -0.15587; 0.0; 0.0; 0.0; 0.0; 0.0; 0.0; 0.0; 0.0; 0.0; 0.0; 0.0; 0.0; 0.0; 0.0; 1.63; 0.0; 1.52; 1.6; 25.0; -25.0; 0.0; 0; 0; 0.0; 0.0; 1; 5.06792086982; 0.138474030265; 0.154209458061; 0; 0; 0; 0; 0.0; 0.0; 0.0; -1.0; 0.0; 0.0; 0.0; 0.0; 0.0; 1.0;0; 0;0; 0; 
19.5118870735; 98456; 0.0; 0.0; -0.15698; 0.0; 0.0; 0.0; 0.0; 0.0; 0.0; 0.0; 0.0; 0.0; 0.0; 0.0; 0.0; 0.0; 0.0; 1.63; 0.0; 1.52; 1.6; 25.0; -25.0; 0.0; 0; 0; 0.0; 0.0; 1; 5.06792086982; 0.138474030265; 0.154209458061; 0; 0; 0; 0; 0.0; 0.0; 0.0; -1.0; 0.0; 0.0; 0.0; 0.0; 0.0; 1.0;0; 0;0; 0; 
19.5235791206; 98461; 0.0; 0.0; -0.15735; 0.0; 0.0; 0.0; 0.0; 0.0; 0.0; 0.0; 0.0; 0.0; 0.0; 0.0; 0.0; 0.0; 0.0; 1.63; 0.0; 1.52; 1.6; 25.0; -25.0; 0.0; 0; 0; 0.0; 0.0; 1; 5.06792086982; 0.138474030265; 0.154209458061; 0; 0; 0; 0; 0.0; 0.0; 0.0; -1.0; 0.0; 0.0; 0.0; 0.0; 0.0; 1.0;0; 0;0; 0; 
19.5355391502; 98466; 0.0; 0.0; -0.15743; 0.0; 0.0; 0.0; 0.0; 0.0; 0.0; 0.0; 0.0; 0.0; 0.0; 0.0; 0.0; 0.0; 0.0; 1.63; 0.0; 1.52; 1.6; 25.0; -25.0; 0.0; 0; 0; 0.0; 0.0; 1; 5.06792086982; 0.138474030265; 0.154209458061; 0; 0; 0; 0; 0.0; 0.0; 0.0; -1.0; 0.0; 0.0; 0.0; 0.0; 0.0; 1.0;0; 0;0; 0; 
19.5472941399; 98471; 0.0; 0.0; -0.15734; 0.0; 0.0; 0.0; 0.0; 0.0; 0.0; 0.0; 0.0; 0.0; 0.0; 0.0; 0.0; 0.0; 0.0; 1.63; 0.0; 1.52; 1.6; 25.0; -25.0; 0.0; 0; 0; 0.0; 0.0; 1; 5.06792086982; 0.138474030265; 0.154209458061; 0; 0; 0; 0; 0.0; 0.0; 0.0; -1.0; 0.0; 0.0; 0.0; 0.0; 0.0; 1.0;0; 0;0; 0; 
19.5596280098; 98476; 0.0; 0.0; -0.15727; 0.0; 0.0; 0.0; 0.0; 0.0; 0.0; 0.0; 0.0; 0.0; 0.0; 0.0; 0.0; 0.0; 0.0; 1.63; 0.0; 1.52; 1.6; 25.0; -25.0; 0.0; 0; 0; 0.0; 0.0; 1; 5.06792086982; 0.138474030265; 0.154209458061; 0; 0; 0; 0; 0.0; 0.0; 0.0; -1.0; 0.0; 0.0; 0.0; 0.0; 0.0; 1.0;0; 0;0; 0; 
19.5710220337; 98481; 0.0; 0.0; -0.15741; 0.0; 0.0; 0.0; 0.0; 0.0; 0.0; 0.0; 0.0; 0.0; 0.0; 0.0; 0.0; 0.0; 0.0; 1.63; 0.0; 1.52; 1.6; 25.0; -25.0; 0.0; 0; 0; 0.0; 0.0; 1; 5.06792086982; 0.138474030265; 0.154209458061; 0; 0; 0; 0; 0.0; 0.0; 0.0; -1.0; 0.0; 0.0; 0.0; 0.0; 0.0; 1.0;0; 0;0; 0; 
19.583327055; 98486; 0.0; 0.0; -0.15793; 0.0; 0.0; 0.0; 0.0; 0.0; 0.0; 0.0; 0.0; 0.0; 0.0; 0.0; 0.0; 0.0; 0.0; 1.55; 0.0; 3.37; 1.35; 25.0; -25.0; 0.0; 0; 0; 0.0; 0.0; 1; 5.06792086982; 0.138474030265; 0.154209458061; 0; 0; 0; 0; 0.0; 0.0; 0.0; -1.0; 0.0; 0.0; 0.0; 0.0; 0.0; 1.0;0; 0;0; 0; 
19.5954470634; 98491; 0.0; 0.0; -0.15907; 0.0; 0.0; 0.0; 0.0; 0.0; 0.0; 0.0; 0.0; 0.0; 0.0; 0.0; 0.0; 0.0; 0.0; 1.55; 0.0; 3.37; 1.35; 25.0; -25.0; 0.0; 0; 0; 0.0; 0.0; 1; 5.06792086982; 0.138474030265; 0.154209458061; 0; 0; 0; 0; 0.0; 0.0; 0.0; -1.0; 0.0; 0.0; 0.0; 0.0; 0.0; 1.0;0; 0;0; 0; 
19.6069741249; 98496; 0.0; 0.0; -0.16089; 0.0; 0.0; 0.0; 0.0; 0.0; 0.0; 0.0; 0.0; 0.0; 0.0; 0.0; 0.0; 0.0; 0.0; 1.55; 0.0; 3.37; 1.35; 25.0; -25.0; 0.0; 0; 0; 0.0; 0.0; 1; 5.06792086982; 0.138474030265; 0.154209458061; 0; 0; 0; 0; 0.0; 0.0; 0.0; -1.0; 0.0; 0.0; 0.0; 0.0; 0.0; 1.0;0; 0;0; 0; 
19.6184000969; 98501; 0.0; 0.0; -0.1633; 0.0; 0.0; 0.0; 0.0; 0.0; 0.0; 0.0; 0.0; 0.0; 0.0; 0.0; 0.0; 0.0; 0.0; 1.55; 0.0; 3.37; 1.35; 25.0; -25.0; 0.0; 0; 0; 0.0; 0.0; 1; 5.08613692842; 0.141425231527; 0.168942730783; 0; 0; 0; 0; 0.0; 0.0; 0.0; -1.0; 0.0; 0.0; 0.0; 0.0; 0.0; 1.0;0; 0;0; 0; 
19.6302781105; 98506; 0.0; 0.0; -0.1664; 0.0; 0.0; 0.0; 0.0; 0.0; 0.0; 0.0; 0.0; 0.0; 0.0; 0.0; 0.0; 0.0; 0.0; 1.55; 0.0; 3.37; 1.35; 25.0; -25.0; 0.0; 0; 0; 0.0; 0.0; 1; 5.08613692842; 0.141425231527; 0.168942730783; 0; 0; 0; 0; 0.0; 0.0; 0.0; -1.0; 0.0; 0.0; 0.0; 0.0; 0.0; 1.0;0; 0;0; 0; 
19.6419661045; 98511; 0.0; 0.0; -0.17009; 0.0; 0.0; 0.0; 0.0; 0.0; 0.0; 0.0; 0.0; 0.0; 0.0; 0.0; 0.0; 0.0; 0.0; 1.55; 0.0; 3.37; 1.35; 25.0; -25.0; 0.0; 0; 0; 0.0; 0.0; 1; 5.08613692842; 0.141425231527; 0.168942730783; 0; 0; 0; 0; 0.0; 0.0; 0.0; -1.0; 0.0; 0.0; 0.0; 0.0; 0.0; 1.0;0; 0;0; 0; 
19.6541161537; 98516; 0.0; 0.0; -0.17422; 0.0; 0.0; 0.0; 0.0; 0.0; 0.0; 0.0; 0.0; 0.0; 0.0; 0.0; 0.0; 0.0; 0.0; 1.55; 0.0; 3.37; 1.35; 25.0; -25.0; 0.0; 0; 0; 0.0; 0.0; 1; 5.08613692842; 0.141425231527; 0.168942730783; 0; 0; 0; 0; 0.0; 0.0; 0.0; -1.0; 0.0; 0.0; 0.0; 0.0; 0.0; 1.0;0; 0;0; 0; 
19.6658229828; 98521; 0.0; 0.0; -0.17857; 0.0; 0.0; 0.0; 0.0; 0.0; 0.0; 0.0; 0.0; 0.0; 0.0; 0.0; 0.0; 0.0; 0.0; 1.55; 0.0; 3.37; 1.35; 25.0; -25.0; 0.0; 0; 0; 0.0; 0.0; 1; 5.08613692842; 0.141425231527; 0.168942730783; 0; 0; 0; 0; 0.0; 0.0; 0.0; -1.0; 0.0; 0.0; 0.0; 0.0; 0.0; 1.0;0; 0;0; 0; 
19.6782829762; 98526; 0.0; 0.0; -0.1828; 0.0; 0.0; 0.0; 0.0; 0.0; 0.0; 0.0; 0.0; 0.0; 0.0; 0.0; 0.0; 0.0; 0.0; 1.55; 0.0; 3.37; 1.35; 25.0; -25.0; 0.0; 0; 0; 0.0; 0.0; 1; 5.08613692842; 0.141425231527; 0.168942730783; 0; 0; 0; 0; 0.0; 0.0; 0.0; -1.0; 0.0; 0.0; 0.0; 0.0; 0.0; 1.0;0; 0;0; 0; 
19.6899311543; 98531; 0.0; 0.0; -0.1867; 0.0; 0.0; 0.0; 0.0; 0.0; 0.0; 0.0; 0.0; 0.0; 0.0; 0.0; 0.0; 0.0; 0.0; 1.55; 0.0; 3.37; 1.35; 25.0; -25.0; 0.0; 0; 0; 0.0; 0.0; 1; 5.08613692842; 0.141425231527; 0.168942730783; 0; 0; 0; 0; 0.0; 0.0; 0.0; -1.0; 0.0; 0.0; 0.0; 0.0; 0.0; 1.0;0; 0;0; 0; 
19.7026360035; 98536; 0.0; 0.0; -0.18999; 0.0; 0.0; 0.0; 0.0; 0.0; 0.0; 0.0; 0.0; 0.0; 0.0; 0.0; 0.0; 0.0; 0.0; 1.55; 0.0; 3.37; 1.35; 25.0; -25.0; 0.0; 0; 0; 0.0; 0.0; 1; 5.08613692842; 0.141425231527; 0.168942730783; 0; 0; 0; 0; 0.0; 0.0; 0.0; -1.0; 0.0; 0.0; 0.0; 0.0; 0.0; 1.0;0; 0;0; 0; 
19.7140541077; 98541; 0.0; 0.0; -0.1924; 0.0; 0.0; 0.0; 0.0; 0.0; 0.0; 0.0; 0.0; 0.0; 0.0; 0.0; 0.0; 0.0; 0.0; 1.55; 0.0; 3.37; 1.35; 25.0; -25.0; 0.0; 0; 0; 0.0; 0.0; 1; 5.08613692842; 0.141425231527; 0.168942730783; 0; 0; 0; 0; 0.0; 0.0; 0.0; -1.0; 0.0; 0.0; 0.0; 0.0; 0.0; 1.0;0; 0;0; 0; 
19.7257611752; 98546; 0.0; 0.0; -0.19392; 0.0; 0.0; 0.0; 0.0; 0.0; 0.0; 0.0; 0.0; 0.0; 0.0; 0.0; 0.0; 0.0; 0.0; 1.55; 0.0; 3.37; 1.35; 25.0; -25.0; 0.0; 0; 0; 0.0; 0.0; 1; 5.08613692842; 0.141425231527; 0.168942730783; 0; 0; 0; 0; 0.0; 0.0; 0.0; -1.0; 0.0; 0.0; 0.0; 0.0; 0.0; 1.0;0; 0;0; 0; 
19.7373540401; 98551; 0.0; 0.0; -0.19455; 0.0; 0.0; 0.0; 0.0; 0.0; 0.0; 0.0; 0.0; 0.0; 0.0; 0.0; 0.0; 0.0; 0.0; 1.55; 0.0; 3.37; 1.35; 25.0; -25.0; 0.0; 0; 0; 0.0; 0.0; 1; 5.08613692842; 0.141425231527; 0.168942730783; 0; 0; 0; 0; 0.0; 0.0; 0.0; -1.0; 0.0; 0.0; 0.0; 0.0; 0.0; 1.0;0; 0;0; 0; 
19.7487430573; 98556; 0.0; 0.0; -0.19439; 0.0; 0.0; 0.0; 0.0; 0.0; 0.0; 0.0; 0.0; 0.0; 0.0; 0.0; 0.0; 0.0; 0.0; 1.55; 0.0; 3.37; 1.35; 25.0; -25.0; 0.0; 0; 0; 0.0; 0.0; 1; 5.08613692842; 0.141425231527; 0.168942730783; 0; 0; 0; 0; 0.0; 0.0; 0.0; -1.0; 0.0; 0.0; 0.0; 0.0; 0.0; 1.0;0; 0;0; 0; 
19.7602610588; 98561; 0.0; 0.0; -0.19353; 0.0; 0.0; 0.0; 0.0; 0.0; 0.0; 0.0; 0.0; 0.0; 0.0; 0.0; 0.0; 0.0; 0.0; 1.55; 0.0; 3.37; 1.35; 25.0; -25.0; 0.0; 0; 0; 0.0; 0.0; 1; 5.08613692842; 0.141425231527; 0.168942730783; 0; 0; 0; 0; 0.0; 0.0; 0.0; -1.0; 0.0; 0.0; 0.0; 0.0; 0.0; 1.0;0; 0;0; 0; 
19.7718009949; 98566; 0.0; 0.0; -0.19212; 0.0; 0.0; 0.0; 0.0; 0.0; 0.0; 0.0; 0.0; 0.0; 0.0; 0.0; 0.0; 0.0; 0.0; 1.55; 0.0; 3.37; 1.35; 25.0; -25.0; 0.0; 0; 0; 0.0; 0.0; 1; 5.08613692842; 0.141425231527; 0.168942730783; 0; 0; 0; 0; 0.0; 0.0; 0.0; -1.0; 0.0; 0.0; 0.0; 0.0; 0.0; 1.0;0; 0;0; 0; 
19.7839651108; 98571; 0.0; 0.0; -0.19045; 0.0; 0.0; 0.0; 0.0; 0.0; 0.0; 0.0; 0.0; 0.0; 0.0; 0.0; 0.0; 0.0; 0.0; 1.55; 0.0; 3.37; 1.35; 25.0; -25.0; 0.0; 0; 0; 0.0; 0.0; 1; 5.08613692842; 0.141425231527; 0.168942730783; 0; 0; 0; 0; 0.0; 0.0; 0.0; -1.0; 0.0; 0.0; 0.0; 0.0; 0.0; 1.0;0; 0;0; 0; 
19.7950570583; 98576; 0.0; 0.0; -0.18875; 0.0; 0.0; 0.0; 0.0; 0.0; 0.0; 0.0; 0.0; 0.0; 0.0; 0.0; 0.0; 0.0; 0.0; 1.55; 0.0; 3.37; 1.35; 25.0; -25.0; 0.0; 0; 0; 0.0; 0.0; 1; 5.08613692842; 0.141425231527; 0.168942730783; 0; 0; 0; 0; 0.0; 0.0; 0.0; -1.0; 0.0; 0.0; 0.0; 0.0; 0.0; 1.0;0; 0;0; 0; 
19.8081810474; 98581; 0.0; 0.0; -0.18718; 0.0; 0.0; 0.0; 0.0; 0.0; 0.0; 0.0; 0.0; 0.0; 0.0; 0.0; 0.0; 0.0; 0.0; 1.55; 0.0; 3.37; 1.35; 25.0; -25.0; 0.0; 0; 0; 0.0; 0.0; 1; 5.08613692842; 0.141425231527; 0.168942730783; 0; 0; 0; 0; 0.0; 0.0; 0.0; -1.0; 0.0; 0.0; 0.0; 0.0; 0.0; 1.0;0; 0;0; 0; 
19.8170440197; 98586; 0.0; 0.0; -0.18586; 0.0; 0.0; 0.0; 0.0; 0.0; 0.0; 0.0; 0.0; 0.0; 0.0; 0.0; 0.0; 0.0; 0.0; 1.55; 0.0; 3.37; 1.35; 25.0; -25.0; 0.0; 0; 0; 0.0; 0.0; 1; 5.08613692842; 0.141425231527; 0.168942730783; 0; 0; 0; 0; 0.0; 0.0; 0.0; -1.0; 0.0; 0.0; 0.0; 0.0; 0.0; 1.0;0; 0;0; 0; 
19.8286800385; 98591; 0.0; 0.0; -0.18492; 0.0; 0.0; 0.0; 0.0; 0.0; 0.0; 0.0; 0.0; 0.0; 0.0; 0.0; 0.0; 0.0; 0.0; 1.55; 0.0; 3.37; 1.35; 25.0; -25.0; 0.0; 0; 0; 0.0; 0.0; 1; 5.08613692842; 0.141425231527; 0.168942730783; 0; 0; 0; 0; 0.0; 0.0; 0.0; -1.0; 0.0; 0.0; 0.0; 0.0; 0.0; 1.0;0; 0;0; 0; 
19.8398060799; 98596; 0.0; 0.0; -0.18447; 0.0; 0.0; 0.0; 0.0; 0.0; 0.0; 0.0; 0.0; 0.0; 0.0; 0.0; 0.0; 0.0; 0.0; 1.55; 0.0; 3.37; 1.35; 25.0; -25.0; 0.0; 0; 0; 0.0; 0.0; 1; 5.08613692842; 0.141425231527; 0.168942730783; 0; 0; 0; 0; 0.0; 0.0; 0.0; -1.0; 0.0; 0.0; 0.0; 0.0; 0.0; 1.0;0; 0;0; 0; 
19.8515951633; 98601; 0.0; 0.0; -0.18447; 0.0; 0.0; 0.0; 0.0; 0.0; 0.0; 0.0; 0.0; 0.0; 0.0; 0.0; 0.0; 0.0; 0.0; 1.55; 0.0; 3.37; 1.35; 25.0; -25.0; 0.0; 0; 0; 0.0; 0.0; 1; 5.10410971984; 0.144651344678; 0.18745668941; 0; 0; 0; 0; 0.0; 0.0; 0.0; -1.0; 0.0; 0.0; 0.0; 0.0; 0.0; 1.0;0; 0;0; 0; 
19.8639230728; 98606; 0.0; 0.0; -0.18484; 0.0; 0.0; 0.0; 0.0; 0.0; 0.0; 0.0; 0.0; 0.0; 0.0; 0.0; 0.0; 0.0; 0.0; 1.55; 0.0; 3.37; 1.35; 25.0; -25.0; 0.0; 0; 0; 0.0; 0.0; 1; 5.10410971984; 0.144651344678; 0.18745668941; 0; 0; 0; 0; 0.0; 0.0; 0.0; -1.0; 0.0; 0.0; 0.0; 0.0; 0.0; 1.0;0; 0;0; 0; 
19.875138998; 98611; 0.0; 0.0; -0.18545; 0.0; 0.0; 0.0; 0.0; 0.0; 0.0; 0.0; 0.0; 0.0; 0.0; 0.0; 0.0; 0.0; 0.0; 1.55; 0.0; 3.37; 1.35; 25.0; -25.0; 0.0; 0; 0; 0.0; 0.0; 1; 5.10410971984; 0.144651344678; 0.18745668941; 0; 0; 0; 0; 0.0; 0.0; 0.0; -1.0; 0.0; 0.0; 0.0; 0.0; 0.0; 1.0;0; 0;0; 0; 
19.8867361546; 98616; 0.0; 0.0; -0.18617; 0.0; 0.0; 0.0; 0.0; 0.0; 0.0; 0.0; 0.0; 0.0; 0.0; 0.0; 0.0; 0.0; 0.0; 1.55; 0.0; 3.37; 1.35; 25.0; -25.0; 0.0; 0; 0; 0.0; 0.0; 1; 5.10410971984; 0.144651344678; 0.18745668941; 0; 0; 0; 0; 0.0; 0.0; 0.0; -1.0; 0.0; 0.0; 0.0; 0.0; 0.0; 1.0;0; 0;0; 0; 
19.8981029987; 98621; 0.0; 0.0; -0.18687; 0.0; 0.0; 0.0; 0.0; 0.0; 0.0; 0.0; 0.0; 0.0; 0.0; 0.0; 0.0; 0.0; 0.0; 1.55; 0.0; 3.37; 1.35; 25.0; -25.0; 0.0; 0; 0; 0.0; 0.0; 1; 5.10410971984; 0.144651344678; 0.18745668941; 0; 0; 0; 0; 0.0; 0.0; 0.0; -1.0; 0.0; 0.0; 0.0; 0.0; 0.0; 1.0;0; 0;0; 0; 
19.9093651772; 98626; 0.0; 0.0; -0.18745; 0.0; 0.0; 0.0; 0.0; 0.0; 0.0; 0.0; 0.0; 0.0; 0.0; 0.0; 0.0; 0.0; 0.0; 1.55; 0.0; 3.37; 1.35; 25.0; -25.0; 0.0; 0; 0; 0.0; 0.0; 1; 5.10410971984; 0.144651344678; 0.18745668941; 0; 0; 0; 0; 0.0; 0.0; 0.0; -1.0; 0.0; 0.0; 0.0; 0.0; 0.0; 1.0;0; 0;0; 0; 
19.920415163; 98631; 0.0; 0.0; -0.18785; 0.0; 0.0; 0.0; 0.0; 0.0; 0.0; 0.0; 0.0; 0.0; 0.0; 0.0; 0.0; 0.0; 0.0; 1.55; 0.0; 3.37; 1.35; 25.0; -25.0; 0.0; 0; 0; 0.0; 0.0; 1; 5.10410971984; 0.144651344678; 0.18745668941; 0; 0; 0; 0; 0.0; 0.0; 0.0; -1.0; 0.0; 0.0; 0.0; 0.0; 0.0; 1.0;0; 0;0; 0; 
19.9315350056; 98636; 0.0; 0.0; -0.188; 0.0; 0.0; 0.0; 0.0; 0.0; 0.0; 0.0; 0.0; 0.0; 0.0; 0.0; 0.0; 0.0; 0.0; 1.55; 0.0; 3.37; 1.35; 25.0; -25.0; 0.0; 0; 0; 0.0; 0.0; 1; 5.10410971984; 0.144651344678; 0.18745668941; 0; 0; 0; 0; 0.0; 0.0; 0.0; -1.0; 0.0; 0.0; 0.0; 0.0; 0.0; 1.0;0; 0;0; 0; 
19.9424500465; 98641; 0.0; 0.0; -0.18793; 0.0; 0.0; 0.0; 0.0; 0.0; 0.0; 0.0; 0.0; 0.0; 0.0; 0.0; 0.0; 0.0; 0.0; 1.55; 0.0; 3.37; 1.35; 25.0; -25.0; 0.0; 0; 0; 0.0; 0.0; 1; 5.10410971984; 0.144651344678; 0.18745668941; 0; 0; 0; 0; 0.0; 0.0; 0.0; -1.0; 0.0; 0.0; 0.0; 0.0; 0.0; 1.0;0; 0;0; 0; 
19.9554891586; 98646; 0.0; 0.0; -0.18762; 0.0; 0.0; 0.0; 0.0; 0.0; 0.0; 0.0; 0.0; 0.0; 0.0; 0.0; 0.0; 0.0; 0.0; 1.55; 0.0; 3.37; 1.35; 25.0; -25.0; 0.0; 0; 0; 0.0; 0.0; 1; 5.10410971984; 0.144651344678; 0.18745668941; 0; 0; 0; 0; 0.0; 0.0; 0.0; -1.0; 0.0; 0.0; 0.0; 0.0; 0.0; 1.0;0; 0;0; 0; 
19.9673941135; 98651; 0.0; 0.0; -0.18712; 0.0; 0.0; 0.0; 0.0; 0.0; 0.0; 0.0; 0.0; 0.0; 0.0; 0.0; 0.0; 0.0; 0.0; 1.55; 0.0; 3.37; 1.35; 25.0; -25.0; 0.0; 0; 0; 0.0; 0.0; 1; 5.10410971984; 0.144651344678; 0.18745668941; 0; 0; 0; 0; 0.0; 0.0; 0.0; -1.0; 0.0; 0.0; 0.0; 0.0; 0.0; 1.0;0; 0;0; 0; 
19.9800860882; 98656; 0.0; 0.0; -0.18645; 0.0; 0.0; 0.0; 0.0; 0.0; 0.0; 0.0; 0.0; 0.0; 0.0; 0.0; 0.0; 0.0; 0.0; 1.55; 0.0; 3.37; 1.35; 25.0; -25.0; 0.0; 0; 0; 0.0; 0.0; 1; 5.10410971984; 0.144651344678; 0.18745668941; 0; 0; 0; 0; 0.0; 0.0; 0.0; -1.0; 0.0; 0.0; 0.0; 0.0; 0.0; 1.0;0; 0;0; 0; 
19.9906830788; 98661; 0.0; 0.0; -0.18562; 0.0; 0.0; 0.0; 0.0; 0.0; 0.0; 0.0; 0.0; 0.0; 0.0; 0.0; 0.0; 0.0; 0.0; 1.55; 0.0; 3.37; 1.35; 25.0; -25.0; 0.0; 0; 0; 0.0; 0.0; 1; 5.10410971984; 0.144651344678; 0.18745668941; 0; 0; 0; 0; 0.0; 0.0; 0.0; -1.0; 0.0; 0.0; 0.0; 0.0; 0.0; 1.0;0; 0;0; 0; 
20.0020470619; 98666; 0.0; 0.0; -0.18475; 0.0; 0.0; 0.0; 0.0; 0.0; 0.0; 0.0; 0.0; 0.0; 0.0; 0.0; 0.0; 0.0; 0.0; 1.55; 0.0; 3.37; 1.35; 25.0; -25.0; 0.0; 0; 0; 0.0; 0.0; 1; 5.10410971984; 0.144651344678; 0.18745668941; 0; 0; 0; 0; 0.0; 0.0; 0.0; -1.0; 0.0; 0.0; 0.0; 0.0; 0.0; 1.0;0; 0;0; 0; 
20.0139961243; 98671; 0.0; 0.0; -0.18386; 0.0; 0.0; 0.0; 0.0; 0.0; 0.0; 0.0; 0.0; 0.0; 0.0; 0.0; 0.0; 0.0; 0.0; 1.55; 0.0; 3.37; 1.35; 25.0; -25.0; 0.0; 0; 0; 0.0; 0.0; 1; 5.10410971984; 0.144651344678; 0.18745668941; 0; 0; 0; 0; 0.0; 0.0; 0.0; -1.0; 0.0; 0.0; 0.0; 0.0; 0.0; 1.0;0; 0;0; 0; 
20.0253779888; 98676; 0.0; 0.0; -0.18299; 0.0; 0.0; 0.0; 0.0; 0.0; 0.0; 0.0; 0.0; 0.0; 0.0; 0.0; 0.0; 0.0; 0.0; 1.55; 0.0; 3.37; 1.35; 25.0; -25.0; 0.0; 0; 0; 0.0; 0.0; 1; 5.10410971984; 0.144651344678; 0.18745668941; 0; 0; 0; 0; 0.0; 0.0; 0.0; -1.0; 0.0; 0.0; 0.0; 0.0; 0.0; 1.0;0; 0;0; 0; 
20.0366110802; 98681; 0.0; 0.0; -0.18224; 0.0; 0.0; 0.0; 0.0; 0.0; 0.0; 0.0; 0.0; 0.0; 0.0; 0.0; 0.0; 0.0; 0.0; 1.55; 0.0; 3.37; 1.35; 25.0; -25.0; 0.0; 0; 0; 0.0; 0.0; 1; 5.10410971984; 0.144651344678; 0.18745668941; 0; 0; 0; 0; 0.0; 0.0; 0.0; -1.0; 0.0; 0.0; 0.0; 0.0; 0.0; 1.0;0; 0;0; 0; 
20.0485200882; 98686; 0.0; 0.0; -0.18162; 0.0; 0.0; 0.0; 0.0; 0.0; 0.0; 0.0; 0.0; 0.0; 0.0; 0.0; 0.0; 0.0; 0.0; 1.47; 0.89; 4.76; 5.29; 25.0; -25.0; 0.0; 0; 0; 0.0; 0.0; 1; 5.10410971984; 0.144651344678; 0.18745668941; 0; 0; 0; 0; 0.0; 0.0; 0.0; -1.0; 0.0; 0.0; 0.0; 0.0; 0.0; 1.0;0; 0;0; 0; 
20.0599951744; 98691; 0.0; 0.0; -0.18125; 0.0; 0.0; 0.0; 0.0; 0.0; 0.0; 0.0; 0.0; 0.0; 0.0; 0.0; 0.0; 0.0; 0.0; 1.47; 0.89; 4.76; 5.29; 25.0; -25.0; 0.0; 0; 0; 0.0; 0.0; 1; 5.10410971984; 0.144651344678; 0.18745668941; 0; 0; 0; 0; 0.0; 0.0; 0.0; -1.0; 0.0; 0.0; 0.0; 0.0; 0.0; 1.0;0; 0;0; 0; 
20.0723810196; 98696; 0.0; 0.0; -0.18114; 0.0; 0.0; 0.0; 0.0; 0.0; 0.0; 0.0; 0.0; 0.0; 0.0; 0.0; 0.0; 0.0; 0.0; 1.47; 0.89; 4.76; 5.29; 25.0; -25.0; 0.0; 0; 0; 0.0; 0.0; 1; 5.10410971984; 0.144651344678; 0.18745668941; 0; 0; 0; 0; 0.0; 0.0; 0.0; -1.0; 0.0; 0.0; 0.0; 0.0; 0.0; 1.0;0; 0;0; 0; 
20.084220171; 98701; 0.0; 0.0; -0.18127; 0.0; 0.0; 0.0; 0.0; 0.0; 0.0; 0.0; 0.0; 0.0; 0.0; 0.0; 0.0; 0.0; 0.0; 1.47; 0.89; 4.76; 5.29; 25.0; -25.0; 0.0; 0; 0; 0.0; 0.0; 1; 5.12286226623; 0.148383963639; 0.206220345665; 0; 0; 0; 0; 0.0; 0.0; 0.0; -1.0; 0.0; 0.0; 0.0; 0.0; 0.0; 1.0;0; 0;0; 0; 
20.0968511105; 98706; 0.0; 0.0; -0.18168; 0.0; 0.0; 0.0; 0.0; 0.0; 0.0; 0.0; 0.0; 0.0; 0.0; 0.0; 0.0; 0.0; 0.0; 1.47; 0.89; 4.76; 5.29; 25.0; -25.0; 0.0; 0; 0; 0.0; 0.0; 1; 5.12286226623; 0.148383963639; 0.206220345665; 0; 0; 0; 0; 0.0; 0.0; 0.0; -1.0; 0.0; 0.0; 0.0; 0.0; 0.0; 1.0;0; 0;0; 0; 
20.1080009937; 98711; 0.0; 0.0; -0.18233; 0.0; 0.0; 0.0; 0.0; 0.0; 0.0; 0.0; 0.0; 0.0; 0.0; 0.0; 0.0; 0.0; 0.0; 1.47; 0.89; 4.76; 5.29; 25.0; -25.0; 0.0; 0; 0; 0.0; 0.0; 1; 5.12286226623; 0.148383963639; 0.206220345665; 0; 0; 0; 0; 0.0; 0.0; 0.0; -1.0; 0.0; 0.0; 0.0; 0.0; 0.0; 1.0;0; 0;0; 0; 
20.1195909977; 98716; 0.0; 0.0; -0.18315; 0.0; 0.0; 0.0; 0.0; 0.0; 0.0; 0.0; 0.0; 0.0; 0.0; 0.0; 0.0; 0.0; 0.0; 1.47; 0.89; 4.76; 5.29; 25.0; -25.0; 0.0; 0; 0; 0.0; 0.0; 1; 5.12286226623; 0.148383963639; 0.206220345665; 0; 0; 0; 0; 0.0; 0.0; 0.0; -1.0; 0.0; 0.0; 0.0; 0.0; 0.0; 1.0;0; 0;0; 0; 
20.1313710213; 98721; 0.0; 0.0; -0.18407; 0.0; 0.0; 0.0; 0.0; 0.0; 0.0; 0.0; 0.0; 0.0; 0.0; 0.0; 0.0; 0.0; 0.0; 1.47; 0.89; 4.76; 5.29; 25.0; -25.0; 0.0; 0; 0; 0.0; 0.0; 1; 5.12286226623; 0.148383963639; 0.206220345665; 0; 0; 0; 0; 0.0; 0.0; 0.0; -1.0; 0.0; 0.0; 0.0; 0.0; 0.0; 1.0;0; 0;0; 0; 
20.1425859928; 98726; 0.0; 0.0; -0.18511; 0.0; 0.0; 0.0; 0.0; 0.0; 0.0; 0.0; 0.0; 0.0; 0.0; 0.0; 0.0; 0.0; 0.0; 1.47; 0.89; 4.76; 5.29; 25.0; -25.0; 0.0; 0; 0; 0.0; 0.0; 1; 5.12286226623; 0.148383963639; 0.206220345665; 0; 0; 0; 0; 0.0; 0.0; 0.0; -1.0; 0.0; 0.0; 0.0; 0.0; 0.0; 1.0;0; 0;0; 0; 
20.1553370953; 98731; 0.0; 0.0; -0.18626; 0.0; 0.0; 0.0; 0.0; 0.0; 0.0; 0.0; 0.0; 0.0; 0.0; 0.0; 0.0; 0.0; 0.0; 1.47; 0.89; 4.76; 5.29; 25.0; -25.0; 0.0; 0; 0; 0.0; 0.0; 1; 5.12286226623; 0.148383963639; 0.206220345665; 0; 0; 0; 0; 0.0; 0.0; 0.0; -1.0; 0.0; 0.0; 0.0; 0.0; 0.0; 1.0;0; 0;0; 0; 
20.1682770252; 98736; 0.0; 0.0; -0.1875; 0.0; 0.0; 0.0; 0.0; 0.0; 0.0; 0.0; 0.0; 0.0; 0.0; 0.0; 0.0; 0.0; 0.0; 1.47; 0.89; 4.76; 5.29; 25.0; -25.0; 0.0; 0; 0; 0.0; 0.0; 1; 5.12286226623; 0.148383963639; 0.206220345665; 0; 0; 0; 0; 0.0; 0.0; 0.0; -1.0; 0.0; 0.0; 0.0; 0.0; 0.0; 1.0;0; 0;0; 0; 
20.1808080673; 98741; 0.0; 0.0; -0.18886; 0.0; 0.0; 0.0; 0.0; 0.0; 0.0; 0.0; 0.0; 0.0; 0.0; 0.0; 0.0; 0.0; 0.0; 1.47; 0.89; 4.76; 5.29; 25.0; -25.0; 0.0; 0; 0; 0.0; 0.0; 1; 5.12286226623; 0.148383963639; 0.206220345665; 0; 0; 0; 0; 0.0; 0.0; 0.0; -1.0; 0.0; 0.0; 0.0; 0.0; 0.0; 1.0;0; 0;0; 0; 
20.1917660236; 98746; 0.0; 0.0; -0.1904; 0.0; 0.0; 0.0; 0.0; 0.0; 0.0; 0.0; 0.0; 0.0; 0.0; 0.0; 0.0; 0.0; 0.0; 1.47; 0.89; 4.76; 5.29; 25.0; -25.0; 0.0; 0; 0; 0.0; 0.0; 1; 5.12286226623; 0.148383963639; 0.206220345665; 0; 0; 0; 0; 0.0; 0.0; 0.0; -1.0; 0.0; 0.0; 0.0; 0.0; 0.0; 1.0;0; 0;0; 0; 
20.2039220333; 98751; 0.0; 0.0; -0.19213; 0.0; 0.0; 0.0; 0.0; 0.0; 0.0; 0.0; 0.0; 0.0; 0.0; 0.0; 0.0; 0.0; 0.0; 1.47; 0.89; 4.76; 5.29; 25.0; -25.0; 0.0; 0; 0; 0.0; 0.0; 1; 5.12286226623; 0.148383963639; 0.206220345665; 0; 0; 0; 0; 0.0; 0.0; 0.0; -1.0; 0.0; 0.0; 0.0; 0.0; 0.0; 1.0;0; 0;0; 0; 
20.2160820961; 98756; 0.0; 0.0; -0.194; 0.0; 0.0; 0.0; 0.0; 0.0; 0.0; 0.0; 0.0; 0.0; 0.0; 0.0; 0.0; 0.0; 0.0; 1.47; 0.89; 4.76; 5.29; 25.0; -25.0; 0.0; 0; 0; 0.0; 0.0; 1; 5.12286226623; 0.148383963639; 0.206220345665; 0; 0; 0; 0; 0.0; 0.0; 0.0; -1.0; 0.0; 0.0; 0.0; 0.0; 0.0; 1.0;0; 0;0; 0; 
20.2271201611; 98761; 0.0; 0.0; -0.19598; 0.0; 0.0; 0.0; 0.0; 0.0; 0.0; 0.0; 0.0; 0.0; 0.0; 0.0; 0.0; 0.0; 0.0; 1.47; 0.89; 4.76; 5.29; 25.0; -25.0; 0.0; 0; 0; 0.0; 0.0; 1; 5.12286226623; 0.148383963639; 0.206220345665; 0; 0; 0; 0; 0.0; 0.0; 0.0; -1.0; 0.0; 0.0; 0.0; 0.0; 0.0; 1.0;0; 0;0; 0; 
20.2387180328; 98766; 0.0; 0.0; -0.19804; 0.0; 0.0; 0.0; 0.0; 0.0; 0.0; 0.0; 0.0; 0.0; 0.0; 0.0; 0.0; 0.0; 0.0; 1.47; 0.89; 4.76; 5.29; 25.0; -25.0; 0.0; 0; 0; 0.0; 0.0; 1; 5.12286226623; 0.148383963639; 0.206220345665; 0; 0; 0; 0; 0.0; 0.0; 0.0; -1.0; 0.0; 0.0; 0.0; 0.0; 0.0; 1.0;0; 0;0; 0; 
20.2503700256; 98771; 0.0; 0.0; -0.2001; 0.0; 0.0; 0.0; 0.0; 0.0; 0.0; 0.0; 0.0; 0.0; 0.0; 0.0; 0.0; 0.0; 0.0; 1.47; 0.89; 4.76; 5.29; 25.0; -25.0; 0.0; 0; 0; 0.0; 0.0; 1; 5.12286226623; 0.148383963639; 0.206220345665; 0; 0; 0; 0; 0.0; 0.0; 0.0; -1.0; 0.0; 0.0; 0.0; 0.0; 0.0; 1.0;0; 0;0; 0; 
20.2613601685; 98776; 0.0; 0.0; -0.20206; 0.0; 0.0; 0.0; 0.0; 0.0; 0.0; 0.0; 0.0; 0.0; 0.0; 0.0; 0.0; 0.0; 0.0; 1.47; 0.89; 4.76; 5.29; 25.0; -25.0; 0.0; 0; 0; 0.0; 0.0; 1; 5.12286226623; 0.148383963639; 0.206220345665; 0; 0; 0; 0; 0.0; 0.0; 0.0; -1.0; 0.0; 0.0; 0.0; 0.0; 0.0; 1.0;0; 0;0; 0; 
20.2734930515; 98781; 0.0; 0.0; -0.20385; 0.0; 0.0; 0.0; 0.0; 0.0; 0.0; 0.0; 0.0; 0.0; 0.0; 0.0; 0.0; 0.0; 0.0; 1.56; 0.89; 4.0; 4.94; 25.0; -25.0; 0.0; 0; 0; 0.0; 0.0; 1; 5.12286226623; 0.148383963639; 0.206220345665; 0; 0; 0; 0; 0.0; 0.0; 0.0; -1.0; 0.0; 0.0; 0.0; 0.0; 0.0; 1.0;0; 0;0; 0; 
20.285670042; 98786; 0.0; 0.0; -0.20537; 0.0; 0.0; 0.0; 0.0; 0.0; 0.0; 0.0; 0.0; 0.0; 0.0; 0.0; 0.0; 0.0; 0.0; 1.56; 0.89; 4.0; 4.94; 25.0; -25.0; 0.0; 0; 0; 0.0; 0.0; 1; 5.12286226623; 0.148383963639; 0.206220345665; 0; 0; 0; 0; 0.0; 0.0; 0.0; -1.0; 0.0; 0.0; 0.0; 0.0; 0.0; 1.0;0; 0;0; 0; 
20.2970051765; 98791; 0.0; 0.0; -0.2066; 0.0; 0.0; 0.0; 0.0; 0.0; 0.0; 0.0; 0.0; 0.0; 0.0; 0.0; 0.0; 0.0; 0.0; 1.56; 0.89; 4.0; 4.94; 25.0; -25.0; 0.0; 0; 0; 0.0; 0.0; 1; 5.12286226623; 0.148383963639; 0.206220345665; 0; 0; 0; 0; 0.0; 0.0; 0.0; -1.0; 0.0; 0.0; 0.0; 0.0; 0.0; 1.0;0; 0;0; 0; 
20.3082301617; 98796; 0.0; 0.0; -0.20747; 0.0; 0.0; 0.0; 0.0; 0.0; 0.0; 0.0; 0.0; 0.0; 0.0; 0.0; 0.0; 0.0; 0.0; 1.56; 0.89; 4.0; 4.94; 25.0; -25.0; 0.0; 0; 0; 0.0; 0.0; 1; 5.12286226623; 0.148383963639; 0.206220345665; 0; 0; 0; 0; 0.0; 0.0; 0.0; -1.0; 0.0; 0.0; 0.0; 0.0; 0.0; 1.0;0; 0;0; 0; 
20.3198230267; 98801; 0.0; 0.0; -0.20806; 0.0; 0.0; 0.0; 0.0; 0.0; 0.0; 0.0; 0.0; 0.0; 0.0; 0.0; 0.0; 0.0; 0.0; 1.56; 0.89; 4.0; 4.94; 25.0; -25.0; 0.0; 0; 0; 0.0; 0.0; 1; 5.14800135262; 0.153899471828; 0.226204737805; 0; 0; 0; 0; 0.0; 0.0; 0.0; -1.0; 0.0; 0.0; 0.0; 0.0; 0.0; 1.0;0; 0;0; 0; 
20.3314590454; 98806; 0.0; 0.0; -0.20837; 0.0; 0.0; 0.0; 0.0; 0.0; 0.0; 0.0; 0.0; 0.0; 0.0; 0.0; 0.0; 0.0; 0.0; 1.56; 0.89; 4.0; 4.94; 25.0; -25.0; 0.0; 0; 0; 0.0; 0.0; 1; 5.14800135262; 0.153899471828; 0.226204737805; 0; 0; 0; 0; 0.0; 0.0; 0.0; -1.0; 0.0; 0.0; 0.0; 0.0; 0.0; 1.0;0; 0;0; 0; 
20.3425881863; 98811; 0.0; 0.0; -0.20841; 0.0; 0.0; 0.0; 0.0; 0.0; 0.0; 0.0; 0.0; 0.0; 0.0; 0.0; 0.0; 0.0; 0.0; 1.56; 0.89; 4.0; 4.94; 25.0; -25.0; 0.0; 0; 0; 0.0; 0.0; 1; 5.14800135262; 0.153899471828; 0.226204737805; 0; 0; 0; 0; 0.0; 0.0; 0.0; -1.0; 0.0; 0.0; 0.0; 0.0; 0.0; 1.0;0; 0;0; 0; 
20.3542141914; 98816; 0.0; 0.0; -0.20824; 0.0; 0.0; 0.0; 0.0; 0.0; 0.0; 0.0; 0.0; 0.0; 0.0; 0.0; 0.0; 0.0; 0.0; 1.56; 0.89; 4.0; 4.94; 25.0; -25.0; 0.0; 0; 0; 0.0; 0.0; 1; 5.14800135262; 0.153899471828; 0.226204737805; 0; 0; 0; 0; 0.0; 0.0; 0.0; -1.0; 0.0; 0.0; 0.0; 0.0; 0.0; 1.0;0; 0;0; 0; 
20.3655581474; 98821; 0.0; 0.0; -0.20786; 0.0; 0.0; 0.0; 0.0; 0.0; 0.0; 0.0; 0.0; 0.0; 0.0; 0.0; 0.0; 0.0; 0.0; 1.56; 0.89; 4.0; 4.94; 25.0; -25.0; 0.0; 0; 0; 0.0; 0.0; 1; 5.14800135262; 0.153899471828; 0.226204737805; 0; 0; 0; 0; 0.0; 0.0; 0.0; -1.0; 0.0; 0.0; 0.0; 0.0; 0.0; 1.0;0; 0;0; 0; 
20.3775761127; 98826; 0.0; 0.0; -0.20717; 0.0; 0.0; 0.0; 0.0; 0.0; 0.0; 0.0; 0.0; 0.0; 0.0; 0.0; 0.0; 0.0; 0.0; 1.56; 0.89; 4.0; 4.94; 25.0; -25.0; 0.0; 0; 0; 0.0; 0.0; 1; 5.14800135262; 0.153899471828; 0.226204737805; 0; 0; 0; 0; 0.0; 0.0; 0.0; -1.0; 0.0; 0.0; 0.0; 0.0; 0.0; 1.0;0; 0;0; 0; 
20.3897089958; 98831; 0.0; 0.0; -0.2062; 0.0; 0.0; 0.0; 0.0; 0.0; 0.0; 0.0; 0.0; 0.0; 0.0; 0.0; 0.0; 0.0; 0.0; 1.56; 0.89; 4.0; 4.94; 25.0; -25.0; 0.0; 0; 0; 0.0; 0.0; 1; 5.14800135262; 0.153899471828; 0.226204737805; 0; 0; 0; 0; 0.0; 0.0; 0.0; -1.0; 0.0; 0.0; 0.0; 0.0; 0.0; 1.0;0; 0;0; 0; 
20.4013140202; 98836; 0.0; 0.0; -0.20487; 0.0; 0.0; 0.0; 0.0; 0.0; 0.0; 0.0; 0.0; 0.0; 0.0; 0.0; 0.0; 0.0; 0.0; 1.56; 0.89; 4.0; 4.94; 25.0; -25.0; 0.0; 0; 0; 0.0; 0.0; 1; 5.14800135262; 0.153899471828; 0.226204737805; 0; 0; 0; 0; 0.0; 0.0; 0.0; -1.0; 0.0; 0.0; 0.0; 0.0; 0.0; 1.0;0; 0;0; 0; 
20.413506031; 98841; 0.0; 0.0; -0.20321; 0.0; 0.0; 0.0; 0.0; 0.0; 0.0; 0.0; 0.0; 0.0; 0.0; 0.0; 0.0; 0.0; 0.0; 1.56; 0.89; 4.0; 4.94; 25.0; -25.0; 0.0; 0; 0; 0.0; 0.0; 1; 5.14800135262; 0.153899471828; 0.226204737805; 0; 0; 0; 0; 0.0; 0.0; 0.0; -1.0; 0.0; 0.0; 0.0; 0.0; 0.0; 1.0;0; 0;0; 0; 
20.4253060818; 98846; 0.0; 0.0; -0.20135; 0.0; 0.0; 0.0; 0.0; 0.0; 0.0; 0.0; 0.0; 0.0; 0.0; 0.0; 0.0; 0.0; 0.0; 1.56; 0.89; 4.0; 4.94; 25.0; -25.0; 0.0; 0; 0; 0.0; 0.0; 1; 5.14800135262; 0.153899471828; 0.226204737805; 0; 0; 0; 0; 0.0; 0.0; 0.0; -1.0; 0.0; 0.0; 0.0; 0.0; 0.0; 1.0;0; 0;0; 0; 
20.4371850491; 98851; 0.0; 0.0; -0.19939; 0.0; 0.0; 0.0; 0.0; 0.0; 0.0; 0.0; 0.0; 0.0; 0.0; 0.0; 0.0; 0.0; 0.0; 1.56; 0.89; 4.0; 4.94; 25.0; -25.0; 0.0; 0; 0; 0.0; 0.0; 1; 5.14800135262; 0.153899471828; 0.226204737805; 0; 0; 0; 0; 0.0; 0.0; 0.0; -1.0; 0.0; 0.0; 0.0; 0.0; 0.0; 1.0;0; 0;0; 0; 
20.4489860535; 98856; 0.0; 0.0; -0.19752; 0.0; 0.0; 0.0; 0.0; 0.0; 0.0; 0.0; 0.0; 0.0; 0.0; 0.0; 0.0; 0.0; 0.0; 1.56; 0.89; 4.0; 4.94; 25.0; -25.0; 0.0; 0; 0; 0.0; 0.0; 1; 5.14800135262; 0.153899471828; 0.226204737805; 0; 0; 0; 0; 0.0; 0.0; 0.0; -1.0; 0.0; 0.0; 0.0; 0.0; 0.0; 1.0;0; 0;0; 0; 
20.4605460167; 98861; 0.0; 0.0; -0.1959; 0.0; 0.0; 0.0; 0.0; 0.0; 0.0; 0.0; 0.0; 0.0; 0.0; 0.0; 0.0; 0.0; 0.0; 1.56; 0.89; 4.0; 4.94; 25.0; -25.0; 0.0; 0; 0; 0.0; 0.0; 1; 5.14800135262; 0.153899471828; 0.226204737805; 0; 0; 0; 0; 0.0; 0.0; 0.0; -1.0; 0.0; 0.0; 0.0; 0.0; 0.0; 1.0;0; 0;0; 0; 
20.472892046; 98866; 0.0; 0.0; -0.19463; 0.0; 0.0; 0.0; 0.0; 0.0; 0.0; 0.0; 0.0; 0.0; 0.0; 0.0; 0.0; 0.0; 0.0; 1.56; 0.89; 4.0; 4.94; 25.0; -25.0; 0.0; 0; 0; 0.0; 0.0; 1; 5.14800135262; 0.153899471828; 0.226204737805; 0; 0; 0; 0; 0.0; 0.0; 0.0; -1.0; 0.0; 0.0; 0.0; 0.0; 0.0; 1.0;0; 0;0; 0; 
20.4842841625; 98871; 0.0; 0.0; -0.19388; 0.0; 0.0; 0.0; 0.0; 0.0; 0.0; 0.0; 0.0; 0.0; 0.0; 0.0; 0.0; 0.0; 0.0; 1.56; 0.89; 4.0; 4.94; 25.0; -25.0; 0.0; 0; 0; 0.0; 0.0; 1; 5.14800135262; 0.153899471828; 0.226204737805; 0; 0; 0; 0; 0.0; 0.0; 0.0; -1.0; 0.0; 0.0; 0.0; 0.0; 0.0; 1.0;0; 0;0; 0; 
20.4964051247; 98876; 0.0; 0.0; -0.19363; 0.0; 0.0; 0.0; 0.0; 0.0; 0.0; 0.0; 0.0; 0.0; 0.0; 0.0; 0.0; 0.0; 0.0; 1.56; 0.89; 4.0; 4.94; 25.0; -25.0; 0.0; 0; 0; 0.0; 0.0; 1; 5.14800135262; 0.153899471828; 0.226204737805; 0; 0; 0; 0; 0.0; 0.0; 0.0; -1.0; 0.0; 0.0; 0.0; 0.0; 0.0; 1.0;0; 0;0; 0; 
20.5076081753; 98881; 0.0; 0.0; -0.19389; 0.0; 0.0; 0.0; 0.0; 0.0; 0.0; 0.0; 0.0; 0.0; 0.0; 0.0; 0.0; 0.0; 0.0; 1.56; 0.89; 4.0; 4.94; 25.0; -25.0; 0.0; 0; 0; 0.0; 0.0; 1; 5.14800135262; 0.153899471828; 0.226204737805; 0; 0; 0; 0; 0.0; 0.0; 0.0; -1.0; 0.0; 0.0; 0.0; 0.0; 0.0; 1.0;0; 0;0; 0; 
20.5202991962; 98886; 0.0; 0.0; -0.19462; 0.0; 0.0; 0.0; 0.0; 0.0; 0.0; 0.0; 0.0; 0.0; 0.0; 0.0; 0.0; 0.0; 0.0; 1.66; 0.0; 3.38; 4.94; 25.0; -25.0; 0.0; 0; 0; 0.0; 0.0; 1; 5.14800135262; 0.153899471828; 0.226204737805; 0; 0; 0; 0; 0.0; 0.0; 0.0; -1.0; 0.0; 0.0; 0.0; 0.0; 0.0; 1.0;0; 0;0; 0; 
20.5315129757; 98891; 0.0; 0.0; -0.1957; 0.0; 0.0; 0.0; 0.0; 0.0; 0.0; 0.0; 0.0; 0.0; 0.0; 0.0; 0.0; 0.0; 0.0; 1.66; 0.0; 3.38; 4.94; 25.0; -25.0; 0.0; 0; 0; 0.0; 0.0; 1; 5.14800135262; 0.153899471828; 0.226204737805; 0; 0; 0; 0; 0.0; 0.0; 0.0; -1.0; 0.0; 0.0; 0.0; 0.0; 0.0; 1.0;0; 0;0; 0; 
20.5427930355; 98896; 0.0; 0.0; -0.19704; 0.0; 0.0; 0.0; 0.0; 0.0; 0.0; 0.0; 0.0; 0.0; 0.0; 0.0; 0.0; 0.0; 0.0; 1.66; 0.0; 3.38; 4.94; 25.0; -25.0; 0.0; 0; 0; 0.0; 0.0; 1; 5.14800135262; 0.153899471828; 0.226204737805; 0; 0; 0; 0; 0.0; 0.0; 0.0; -1.0; 0.0; 0.0; 0.0; 0.0; 0.0; 1.0;0; 0;0; 0; 
20.5548651218; 98901; 0.0; 0.0; -0.19852; 0.0; 0.0; 0.0; 0.0; 0.0; 0.0; 0.0; 0.0; 0.0; 0.0; 0.0; 0.0; 0.0; 0.0; 1.66; 0.0; 3.38; 4.94; 25.0; -25.0; 0.0; 0; 0; 0.0; 0.0; 1; 5.17828774439; 0.161204582904; 0.247642591256; 0; 0; 0; 0; 0.0; 0.0; 0.0; -1.0; 0.0; 0.0; 0.0; 0.0; 0.0; 1.0;0; 0;0; 0; 
20.566478014; 98906; 0.0; 0.0; -0.20001; 0.0; 0.0; 0.0; 0.0; 0.0; 0.0; 0.0; 0.0; 0.0; 0.0; 0.0; 0.0; 0.0; 0.0; 1.66; 0.0; 3.38; 4.94; 25.0; -25.0; 0.0; 0; 0; 0.0; 0.0; 1; 5.17828774439; 0.161204582904; 0.247642591256; 0; 0; 0; 0; 0.0; 0.0; 0.0; -1.0; 0.0; 0.0; 0.0; 0.0; 0.0; 1.0;0; 0;0; 0; 
20.5777261257; 98911; 0.0; 0.0; -0.20139; 0.0; 0.0; 0.0; 0.0; 0.0; 0.0; 0.0; 0.0; 0.0; 0.0; 0.0; 0.0; 0.0; 0.0; 1.66; 0.0; 3.38; 4.94; 25.0; -25.0; 0.0; 0; 0; 0.0; 0.0; 1; 5.17828774439; 0.161204582904; 0.247642591256; 0; 0; 0; 0; 0.0; 0.0; 0.0; -1.0; 0.0; 0.0; 0.0; 0.0; 0.0; 1.0;0; 0;0; 0; 
20.5899670124; 98916; 0.0; 0.0; -0.20258; 0.0; 0.0; 0.0; 0.0; 0.0; 0.0; 0.0; 0.0; 0.0; 0.0; 0.0; 0.0; 0.0; 0.0; 1.66; 0.0; 3.38; 4.94; 25.0; -25.0; 0.0; 0; 0; 0.0; 0.0; 1; 5.17828774439; 0.161204582904; 0.247642591256; 0; 0; 0; 0; 0.0; 0.0; 0.0; -1.0; 0.0; 0.0; 0.0; 0.0; 0.0; 1.0;0; 0;0; 0; 
20.6017889977; 98921; 0.0; 0.0; -0.20356; 0.0; 0.0; 0.0; 0.0; 0.0; 0.0; 0.0; 0.0; 0.0; 0.0; 0.0; 0.0; 0.0; 0.0; 1.66; 0.0; 3.38; 4.94; 25.0; -25.0; 0.0; 0; 0; 0.0; 0.0; 1; 5.17828774439; 0.161204582904; 0.247642591256; 0; 0; 0; 0; 0.0; 0.0; 0.0; -1.0; 0.0; 0.0; 0.0; 0.0; 0.0; 1.0;0; 0;0; 0; 
20.6138901711; 98926; 0.0; 0.0; -0.20423; 0.0; 0.0; 0.0; 0.0; 0.0; 0.0; 0.0; 0.0; 0.0; 0.0; 0.0; 0.0; 0.0; 0.0; 1.66; 0.0; 3.38; 4.94; 25.0; -25.0; 0.0; 0; 0; 0.0; 0.0; 1; 5.17828774439; 0.161204582904; 0.247642591256; 0; 0; 0; 0; 0.0; 0.0; 0.0; -1.0; 0.0; 0.0; 0.0; 0.0; 0.0; 1.0;0; 0;0; 0; 
20.6252741814; 98931; 0.0; 0.0; -0.2046; 0.0; 0.0; 0.0; 0.0; 0.0; 0.0; 0.0; 0.0; 0.0; 0.0; 0.0; 0.0; 0.0; 0.0; 1.66; 0.0; 3.38; 4.94; 25.0; -25.0; 0.0; 0; 0; 0.0; 0.0; 1; 5.17828774439; 0.161204582904; 0.247642591256; 0; 0; 0; 0; 0.0; 0.0; 0.0; -1.0; 0.0; 0.0; 0.0; 0.0; 0.0; 1.0;0; 0;0; 0; 
20.6365270615; 98936; 0.0; 0.0; -0.20471; 0.0; 0.0; 0.0; 0.0; 0.0; 0.0; 0.0; 0.0; 0.0; 0.0; 0.0; 0.0; 0.0; 0.0; 1.66; 0.0; 3.38; 4.94; 25.0; -25.0; 0.0; 0; 0; 0.0; 0.0; 1; 5.17828774439; 0.161204582904; 0.247642591256; 0; 0; 0; 0; 0.0; 0.0; 0.0; -1.0; 0.0; 0.0; 0.0; 0.0; 0.0; 1.0;0; 0;0; 0; 
20.6483089924; 98941; 0.0; 0.0; -0.20459; 0.0; 0.0; 0.0; 0.0; 0.0; 0.0; 0.0; 0.0; 0.0; 0.0; 0.0; 0.0; 0.0; 0.0; 1.66; 0.0; 3.38; 4.94; 25.0; -25.0; 0.0; 0; 0; 0.0; 0.0; 1; 5.17828774439; 0.161204582904; 0.247642591256; 0; 0; 0; 0; 0.0; 0.0; 0.0; -1.0; 0.0; 0.0; 0.0; 0.0; 0.0; 1.0;0; 0;0; 0; 
20.6597399712; 98947; 0.0; 0.0; -0.20429; 0.0; 0.0; 0.0; 0.0; 0.0; 0.0; 0.0; 0.0; 0.0; 0.0; 0.0; 0.0; 0.0; 0.0; 1.66; 0.0; 3.38; 4.94; 25.0; -25.0; 0.0; 0; 0; 0.0; 0.0; 1; 5.17828774439; 0.161204582904; 0.247642591256; 0; 0; 0; 0; 0.0; 0.0; 0.0; -1.0; 0.0; 0.0; 0.0; 0.0; 0.0; 1.0;0; 0;0; 0; 
20.6713480949; 98952; 0.0; 0.0; -0.20386; 0.0; 0.0; 0.0; 0.0; 0.0; 0.0; 0.0; 0.0; 0.0; 0.0; 0.0; 0.0; 0.0; 0.0; 1.66; 0.0; 3.38; 4.94; 25.0; -25.0; 0.0; 0; 0; 0.0; 0.0; 1; 5.17828774439; 0.161204582904; 0.247642591256; 0; 0; 0; 0; 0.0; 0.0; 0.0; -1.0; 0.0; 0.0; 0.0; 0.0; 0.0; 1.0;0; 0;0; 0; 
20.68328619; 98957; 0.0; 0.0; -0.20342; 0.0; 0.0; 0.0; 0.0; 0.0; 0.0; 0.0; 0.0; 0.0; 0.0; 0.0; 0.0; 0.0; 0.0; 1.66; 0.0; 3.38; 4.94; 25.0; -25.0; 0.0; 0; 0; 0.0; 0.0; 1; 5.17828774439; 0.161204582904; 0.247642591256; 0; 0; 0; 0; 0.0; 0.0; 0.0; -1.0; 0.0; 0.0; 0.0; 0.0; 0.0; 1.0;0; 0;0; 0; 
20.694904089; 98962; 0.0; 0.0; -0.20306; 0.0; 0.0; 0.0; 0.0; 0.0; 0.0; 0.0; 0.0; 0.0; 0.0; 0.0; 0.0; 0.0; 0.0; 1.66; 0.0; 3.38; 4.94; 25.0; -25.0; 0.0; 0; 0; 0.0; 0.0; 1; 5.17828774439; 0.161204582904; 0.247642591256; 0; 0; 0; 0; 0.0; 0.0; 0.0; -1.0; 0.0; 0.0; 0.0; 0.0; 0.0; 1.0;0; 0;0; 0; 
20.7074491978; 98967; 0.0; 0.0; -0.2028; 0.0; 0.0; 0.0; 0.0; 0.0; 0.0; 0.0; 0.0; 0.0; 0.0; 0.0; 0.0; 0.0; 0.0; 1.66; 0.0; 3.38; 4.94; 25.0; -25.0; 0.0; 0; 0; 0.0; 0.0; 1; 5.17828774439; 0.161204582904; 0.247642591256; 0; 0; 0; 0; 0.0; 0.0; 0.0; -1.0; 0.0; 0.0; 0.0; 0.0; 0.0; 1.0;0; 0;0; 0; 
20.7196230888; 98972; 0.0; 0.0; -0.20264; 0.0; 0.0; 0.0; 0.0; 0.0; 0.0; 0.0; 0.0; 0.0; 0.0; 0.0; 0.0; 0.0; 0.0; 1.66; 0.0; 3.38; 4.94; 25.0; -25.0; 0.0; 0; 0; 0.0; 0.0; 1; 5.17828774439; 0.161204582904; 0.247642591256; 0; 0; 0; 0; 0.0; 0.0; 0.0; -1.0; 0.0; 0.0; 0.0; 0.0; 0.0; 1.0;0; 0;0; 0; 
20.7313861847; 98977; 0.0; 0.0; -0.20264; 0.0; 0.0; 0.0; 0.0; 0.0; 0.0; 0.0; 0.0; 0.0; 0.0; 0.0; 0.0; 0.0; 0.0; 1.66; 0.0; 3.38; 4.94; 25.0; -25.0; 0.0; 0; 0; 0.0; 0.0; 1; 5.17828774439; 0.161204582904; 0.247642591256; 0; 0; 0; 0; 0.0; 0.0; 0.0; -1.0; 0.0; 0.0; 0.0; 0.0; 0.0; 1.0;0; 0;0; 0; 
20.7432551384; 98982; 0.0; 0.0; -0.2028; 0.0; 0.0; 0.0; 0.0; 0.0; 0.0; 0.0; 0.0; 0.0; 0.0; 0.0; 0.0; 0.0; 0.0; 1.66; 0.0; 3.38; 4.94; 25.0; -25.0; 0.0; 0; 0; 0.0; 0.0; 1; 5.17828774439; 0.161204582904; 0.247642591256; 0; 0; 0; 0; 0.0; 0.0; 0.0; -1.0; 0.0; 0.0; 0.0; 0.0; 0.0; 1.0;0; 0;0; 0; 
20.7546701431; 98987; 0.0; 0.0; -0.20314; 0.0; 0.0; 0.0; 0.0; 0.0; 0.0; 0.0; 0.0; 0.0; 0.0; 0.0; 0.0; 0.0; 0.0; 1.66; 0.0; 3.38; 4.94; 25.0; -25.0; 0.0; 0; 0; 0.0; 0.0; 1; 5.17828774439; 0.161204582904; 0.247642591256; 0; 0; 0; 0; 0.0; 0.0; 0.0; -1.0; 0.0; 0.0; 0.0; 0.0; 0.0; 1.0;0; 0;0; 0; 
20.7663991451; 98992; 0.0; 0.0; -0.20366; 0.0; 0.0; 0.0; 0.0; 0.0; 0.0; 0.0; 0.0; 0.0; 0.0; 0.0; 0.0; 0.0; 0.0; 1.66; 0.0; 3.38; 4.94; 25.0; -25.0; 0.0; 0; 0; 0.0; 0.0; 1; 5.17828774439; 0.161204582904; 0.247642591256; 0; 0; 0; 0; 0.0; 0.0; 0.0; -1.0; 0.0; 0.0; 0.0; 0.0; 0.0; 1.0;0; 0;0; 0; 
20.7783551216; 98997; 0.0; 0.0; -0.20438; 0.0; 0.0; 0.0; 0.0; 0.0; 0.0; 0.0; 0.0; 0.0; 0.0; 0.0; 0.0; 0.0; 0.0; 1.66; 0.0; 3.38; 4.94; 25.0; -25.0; 0.0; 0; 0; 0.0; 0.0; 1; 5.17828774439; 0.161204582904; 0.247642591256; 0; 0; 0; 0; 0.0; 0.0; 0.0; -1.0; 0.0; 0.0; 0.0; 0.0; 0.0; 1.0;0; 0;0; 0; 
20.7899329662; 99002; 0.0; 0.0; -0.2054; 0.0; 0.0; 0.0; 0.0; 0.0; 0.0; 0.0; 0.0; 0.0; 0.0; 0.0; 0.0; 0.0; 0.0; 1.66; 0.0; 3.38; 4.94; 25.0; -25.0; 0.0; 0; 0; 0.0; 0.0; 1; 5.20956746268; 0.169457923056; 0.269491383557; 0; 0; 0; 0; 0.0; 0.0; 0.0; -1.0; 0.0; 0.0; 0.0; 0.0; 0.0; 1.0;0; 0;0; 0; 
20.8017961979; 99007; 0.0; 0.0; -0.20671; 0.0; 0.0; 0.0; 0.0; 0.0; 0.0; 0.0; 0.0; 0.0; 0.0; 0.0; 0.0; 0.0; 0.0; 1.66; 0.0; 3.38; 4.94; 25.0; -25.0; 0.0; 0; 0; 0.0; 0.0; 1; 5.20956746268; 0.169457923056; 0.269491383557; 0; 0; 0; 0; 0.0; 0.0; 0.0; -1.0; 0.0; 0.0; 0.0; 0.0; 0.0; 1.0;0; 0;0; 0; 
20.8137791157; 99012; 0.0; 0.0; -0.20831; 0.0; 0.0; 0.0; 0.0; 0.0; 0.0; 0.0; 0.0; 0.0; 0.0; 0.0; 0.0; 0.0; 0.0; 1.72; 0.79; 3.42; 2.71; 25.0; -25.0; 0.0; 0; 0; 0.0; 0.0; 1; 5.20956746268; 0.169457923056; 0.269491383557; 0; 0; 0; 0; 0.0; 0.0; 0.0; -1.0; 0.0; 0.0; 0.0; 0.0; 0.0; 1.0;0; 0;0; 0; 
20.8252630234; 99017; 0.0; 0.0; -0.21018; 0.0; 0.0; 0.0; 0.0; 0.0; 0.0; 0.0; 0.0; 0.0; 0.0; 0.0; 0.0; 0.0; 0.0; 1.72; 0.79; 3.42; 2.71; 25.0; -25.0; 0.0; 0; 0; 0.0; 0.0; 1; 5.20956746268; 0.169457923056; 0.269491383557; 0; 0; 0; 0; 0.0; 0.0; 0.0; -1.0; 0.0; 0.0; 0.0; 0.0; 0.0; 1.0;0; 0;0; 0; 
20.8365571499; 99022; 0.0; 0.0; -0.21227; 0.0; 0.0; 0.0; 0.0; 0.0; 0.0; 0.0; 0.0; 0.0; 0.0; 0.0; 0.0; 0.0; 0.0; 1.72; 0.79; 3.42; 2.71; 25.0; -25.0; 0.0; 0; 0; 0.0; 0.0; 1; 5.20956746268; 0.169457923056; 0.269491383557; 0; 0; 0; 0; 0.0; 0.0; 0.0; -1.0; 0.0; 0.0; 0.0; 0.0; 0.0; 1.0;0; 0;0; 0; 
20.8478519917; 99027; 0.0; 0.0; -0.21448; 0.0; 0.0; 0.0; 0.0; 0.0; 0.0; 0.0; 0.0; 0.0; 0.0; 0.0; 0.0; 0.0; 0.0; 1.72; 0.79; 3.42; 2.71; 25.0; -25.0; 0.0; 0; 0; 0.0; 0.0; 1; 5.20956746268; 0.169457923056; 0.269491383557; 0; 0; 0; 0; 0.0; 0.0; 0.0; -1.0; 0.0; 0.0; 0.0; 0.0; 0.0; 1.0;0; 0;0; 0; 
20.8601210117; 99032; 0.0; 0.0; -0.21673; 0.0; 0.0; 0.0; 0.0; 0.0; 0.0; 0.0; 0.0; 0.0; 0.0; 0.0; 0.0; 0.0; 0.0; 1.72; 0.79; 3.42; 2.71; 25.0; -25.0; 0.0; 0; 0; 0.0; 0.0; 1; 5.20956746268; 0.169457923056; 0.269491383557; 0; 0; 0; 0; 0.0; 0.0; 0.0; -1.0; 0.0; 0.0; 0.0; 0.0; 0.0; 1.0;0; 0;0; 0; 
20.8727841377; 99037; 0.0; 0.0; -0.21882; 0.0; 0.0; 0.0; 0.0; 0.0; 0.0; 0.0; 0.0; 0.0; 0.0; 0.0; 0.0; 0.0; 0.0; 1.72; 0.79; 3.42; 2.71; 25.0; -25.0; 0.0; 0; 0; 0.0; 0.0; 1; 5.20956746268; 0.169457923056; 0.269491383557; 0; 0; 0; 0; 0.0; 0.0; 0.0; -1.0; 0.0; 0.0; 0.0; 0.0; 0.0; 1.0;0; 0;0; 0; 
20.8841149807; 99042; 0.0; 0.0; -0.22067; 0.0; 0.0; 0.0; 0.0; 0.0; 0.0; 0.0; 0.0; 0.0; 0.0; 0.0; 0.0; 0.0; 0.0; 1.72; 0.79; 3.42; 2.71; 25.0; -25.0; 0.0; 0; 0; 0.0; 0.0; 1; 5.20956746268; 0.169457923056; 0.269491383557; 0; 0; 0; 0; 0.0; 0.0; 0.0; -1.0; 0.0; 0.0; 0.0; 0.0; 0.0; 1.0;0; 0;0; 0; 
20.8953940868; 99047; 0.0; 0.0; -0.22216; 0.0; 0.0; 0.0; 0.0; 0.0; 0.0; 0.0; 0.0; 0.0; 0.0; 0.0; 0.0; 0.0; 0.0; 1.72; 0.79; 3.42; 2.71; 25.0; -25.0; 0.0; 0; 0; 0.0; 0.0; 1; 5.20956746268; 0.169457923056; 0.269491383557; 0; 0; 0; 0; 0.0; 0.0; 0.0; -1.0; 0.0; 0.0; 0.0; 0.0; 0.0; 1.0;0; 0;0; 0; 
20.9081540108; 99052; 0.0; 0.0; -0.22324; 0.0; 0.0; 0.0; 0.0; 0.0; 0.0; 0.0; 0.0; 0.0; 0.0; 0.0; 0.0; 0.0; 0.0; 1.72; 0.79; 3.42; 2.71; 25.0; -25.0; 0.0; 0; 0; 0.0; 0.0; 1; 5.20956746268; 0.169457923056; 0.269491383557; 0; 0; 0; 0; 0.0; 0.0; 0.0; -1.0; 0.0; 0.0; 0.0; 0.0; 0.0; 1.0;0; 0;0; 0; 
20.9201881886; 99057; 0.0; 0.0; -0.22392; 0.0; 0.0; 0.0; 0.0; 0.0; 0.0; 0.0; 0.0; 0.0; 0.0; 0.0; 0.0; 0.0; 0.0; 1.72; 0.79; 3.42; 2.71; 25.0; -25.0; 0.0; 0; 0; 0.0; 0.0; 1; 5.20956746268; 0.169457923056; 0.269491383557; 0; 0; 0; 0; 0.0; 0.0; 0.0; -1.0; 0.0; 0.0; 0.0; 0.0; 0.0; 1.0;0; 0;0; 0; 
20.9315421581; 99062; 0.0; 0.0; -0.22414; 0.0; 0.0; 0.0; 0.0; 0.0; 0.0; 0.0; 0.0; 0.0; 0.0; 0.0; 0.0; 0.0; 0.0; 1.72; 0.79; 3.42; 2.71; 25.0; -25.0; 0.0; 0; 0; 0.0; 0.0; 1; 5.20956746268; 0.169457923056; 0.269491383557; 0; 0; 0; 0; 0.0; 0.0; 0.0; -1.0; 0.0; 0.0; 0.0; 0.0; 0.0; 1.0;0; 0;0; 0; 
20.9427139759; 99067; 0.0; 0.0; -0.22407; 0.0; 0.0; 0.0; 0.0; 0.0; 0.0; 0.0; 0.0; 0.0; 0.0; 0.0; 0.0; 0.0; 0.0; 1.72; 0.79; 3.42; 2.71; 25.0; -25.0; 0.0; 0; 0; 0.0; 0.0; 1; 5.20956746268; 0.169457923056; 0.269491383557; 0; 0; 0; 0; 0.0; 0.0; 0.0; -1.0; 0.0; 0.0; 0.0; 0.0; 0.0; 1.0;0; 0;0; 0; 
20.9548611641; 99072; 0.0; 0.0; -0.22377; 0.0; 0.0; 0.0; 0.0; 0.0; 0.0; 0.0; 0.0; 0.0; 0.0; 0.0; 0.0; 0.0; 0.0; 1.72; 0.79; 3.42; 2.71; 25.0; -25.0; 0.0; 0; 0; 0.0; 0.0; 1; 5.20956746268; 0.169457923056; 0.269491383557; 0; 0; 0; 0; 0.0; 0.0; 0.0; -1.0; 0.0; 0.0; 0.0; 0.0; 0.0; 1.0;0; 0;0; 0; 
20.9669370651; 99077; 0.0; 0.0; -0.2233; 0.0; 0.0; 0.0; 0.0; 0.0; 0.0; 0.0; 0.0; 0.0; 0.0; 0.0; 0.0; 0.0; 0.0; 1.72; 0.79; 3.42; 2.71; 25.0; -25.0; 0.0; 0; 0; 0.0; 0.0; 1; 5.20956746268; 0.169457923056; 0.269491383557; 0; 0; 0; 0; 0.0; 0.0; 0.0; -1.0; 0.0; 0.0; 0.0; 0.0; 0.0; 1.0;0; 0;0; 0; 
20.9793629646; 99082; 0.0; 0.0; -0.22274; 0.0; 0.0; 0.0; 0.0; 0.0; 0.0; 0.0; 0.0; 0.0; 0.0; 0.0; 0.0; 0.0; 0.0; 1.72; 0.79; 3.42; 2.71; 25.0; -25.0; 0.0; 0; 0; 0.0; 0.0; 1; 5.20956746268; 0.169457923056; 0.269491383557; 0; 0; 0; 0; 0.0; 0.0; 0.0; -1.0; 0.0; 0.0; 0.0; 0.0; 0.0; 1.0;0; 0;0; 0; 
20.9907231331; 99087; 0.0; 0.0; -0.22205; 0.0; 0.0; 0.0; 0.0; 0.0; 0.0; 0.0; 0.0; 0.0; 0.0; 0.0; 0.0; 0.0; 0.0; 1.72; 0.79; 3.42; 2.71; 25.0; -25.0; 0.0; 0; 0; 0.0; 0.0; 1; 5.20956746268; 0.169457923056; 0.269491383557; 0; 0; 0; 0; 0.0; 0.0; 0.0; -1.0; 0.0; 0.0; 0.0; 0.0; 0.0; 1.0;0; 0;0; 0; 
21.0030071735; 99092; 0.0; 0.0; -0.22138; 0.0; 0.0; 0.0; 0.0; 0.0; 0.0; 0.0; 0.0; 0.0; 0.0; 0.0; 0.0; 0.0; 0.0; 1.72; 0.79; 3.42; 2.71; 25.0; -25.0; 0.0; 0; 0; 0.0; 0.0; 1; 5.20956746268; 0.169457923056; 0.269491383557; 0; 0; 0; 0; 0.0; 0.0; 0.0; -1.0; 0.0; 0.0; 0.0; 0.0; 0.0; 1.0;0; 0;0; 0; 
21.0148301125; 99097; 0.0; 0.0; -0.22075; 0.0; 0.0; 0.0; 0.0; 0.0; 0.0; 0.0; 0.0; 0.0; 0.0; 0.0; 0.0; 0.0; 0.0; 1.72; 0.79; 3.42; 2.71; 25.0; -25.0; 0.0; 0; 0; 0.0; 0.0; 1; 5.20956746268; 0.169457923056; 0.269491383557; 0; 0; 0; 0; 0.0; 0.0; 0.0; -1.0; 0.0; 0.0; 0.0; 0.0; 0.0; 1.0;0; 0;0; 0; 
21.0270299911; 99102; 0.0; 0.0; -0.22015; 0.0; 0.0; 0.0; 0.0; 0.0; 0.0; 0.0; 0.0; 0.0; 0.0; 0.0; 0.0; 0.0; 0.0; 1.72; 0.79; 3.42; 2.71; 25.0; -25.0; 0.0; 0; 0; 0.0; 0.0; 1; 5.2393397638; 0.17802148523; 0.292358726028; 0; 0; 0; 0; 0.0; 0.0; 0.0; -1.0; 0.0; 0.0; 0.0; 0.0; 0.0; 1.0;0; 0;0; 0; 
21.0386199951; 99107; 0.0; 0.0; -0.21969; 0.0; 0.0; 0.0; 0.0; 0.0; 0.0; 0.0; 0.0; 0.0; 0.0; 0.0; 0.0; 0.0; 0.0; 1.72; 0.79; 3.42; 2.71; 25.0; -25.0; 0.0; 0; 0; 0.0; 0.0; 1; 5.2393397638; 0.17802148523; 0.292358726028; 0; 0; 0; 0; 0.0; 0.0; 0.0; -1.0; 0.0; 0.0; 0.0; 0.0; 0.0; 1.0;0; 0;0; 0; 
21.0495760441; 99112; 0.0; 0.0; -0.2194; 0.0; 0.0; 0.0; 0.0; 0.0; 0.0; 0.0; 0.0; 0.0; 0.0; 0.0; 0.0; 0.0; 0.0; 1.83; 0.76; 3.67; 2.93; 25.0; -25.0; 0.0; 0; 0; 0.0; 0.0; 1; 5.2393397638; 0.17802148523; 0.292358726028; 0; 0; 0; 0; 0.0; 0.0; 0.0; -1.0; 0.0; 0.0; 0.0; 0.0; 0.0; 1.0;0; 0;0; 0; 
21.061289072; 99117; 0.0; 0.0; -0.2194; 0.0; 0.0; 0.0; 0.0; 0.0; 0.0; 0.0; 0.0; 0.0; 0.0; 0.0; 0.0; 0.0; 0.0; 1.83; 0.76; 3.67; 2.93; 25.0; -25.0; 0.0; 0; 0; 0.0; 0.0; 1; 5.2393397638; 0.17802148523; 0.292358726028; 0; 0; 0; 0; 0.0; 0.0; 0.0; -1.0; 0.0; 0.0; 0.0; 0.0; 0.0; 1.0;0; 0;0; 0; 
21.0724241734; 99122; 0.0; 0.0; -0.2197; 0.0; 0.0; 0.0; 0.0; 0.0; 0.0; 0.0; 0.0; 0.0; 0.0; 0.0; 0.0; 0.0; 0.0; 1.83; 0.76; 3.67; 2.93; 25.0; -25.0; 0.0; 0; 0; 0.0; 0.0; 1; 5.2393397638; 0.17802148523; 0.292358726028; 0; 0; 0; 0; 0.0; 0.0; 0.0; -1.0; 0.0; 0.0; 0.0; 0.0; 0.0; 1.0;0; 0;0; 0; 
21.0835189819; 99127; 0.0; 0.0; -0.22027; 0.0; 0.0; 0.0; 0.0; 0.0; 0.0; 0.0; 0.0; 0.0; 0.0; 0.0; 0.0; 0.0; 0.0; 1.83; 0.76; 3.67; 2.93; 25.0; -25.0; 0.0; 0; 0; 0.0; 0.0; 1; 5.2393397638; 0.17802148523; 0.292358726028; 0; 0; 0; 0; 0.0; 0.0; 0.0; -1.0; 0.0; 0.0; 0.0; 0.0; 0.0; 1.0;0; 0;0; 0; 
21.0945689678; 99132; 0.0; 0.0; -0.22113; 0.0; 0.0; 0.0; 0.0; 0.0; 0.0; 0.0; 0.0; 0.0; 0.0; 0.0; 0.0; 0.0; 0.0; 1.83; 0.76; 3.67; 2.93; 25.0; -25.0; 0.0; 0; 0; 0.0; 0.0; 1; 5.2393397638; 0.17802148523; 0.292358726028; 0; 0; 0; 0; 0.0; 0.0; 0.0; -1.0; 0.0; 0.0; 0.0; 0.0; 0.0; 1.0;0; 0;0; 0; 
21.1058440208; 99137; 0.0; 0.0; -0.22225; 0.0; 0.0; 0.0; 0.0; 0.0; 0.0; 0.0; 0.0; 0.0; 0.0; 0.0; 0.0; 0.0; 0.0; 1.83; 0.76; 3.67; 2.93; 25.0; -25.0; 0.0; 0; 0; 0.0; 0.0; 1; 5.2393397638; 0.17802148523; 0.292358726028; 0; 0; 0; 0; 0.0; 0.0; 0.0; -1.0; 0.0; 0.0; 0.0; 0.0; 0.0; 1.0;0; 0;0; 0; 
21.1177999973; 99142; 0.0; 0.0; -0.22359; 0.0; 0.0; 0.0; 0.0; 0.0; 0.0; 0.0; 0.0; 0.0; 0.0; 0.0; 0.0; 0.0; 0.0; 1.83; 0.76; 3.67; 2.93; 25.0; -25.0; 0.0; 0; 0; 0.0; 0.0; 1; 5.2393397638; 0.17802148523; 0.292358726028; 0; 0; 0; 0; 0.0; 0.0; 0.0; -1.0; 0.0; 0.0; 0.0; 0.0; 0.0; 1.0;0; 0;0; 0; 
21.1301641464; 99147; 0.0; 0.0; -0.22508; 0.0; 0.0; 0.0; 0.0; 0.0; 0.0; 0.0; 0.0; 0.0; 0.0; 0.0; 0.0; 0.0; 0.0; 1.83; 0.76; 3.67; 2.93; 25.0; -25.0; 0.0; 0; 0; 0.0; 0.0; 1; 5.2393397638; 0.17802148523; 0.292358726028; 0; 0; 0; 0; 0.0; 0.0; 0.0; -1.0; 0.0; 0.0; 0.0; 0.0; 0.0; 1.0;0; 0;0; 0; 
21.1427311897; 99152; 0.0; 0.0; -0.22664; 0.0; 0.0; 0.0; 0.0; 0.0; 0.0; 0.0; 0.0; 0.0; 0.0; 0.0; 0.0; 0.0; 0.0; 1.83; 0.76; 3.67; 2.93; 25.0; -25.0; 0.0; 0; 0; 0.0; 0.0; 1; 5.2393397638; 0.17802148523; 0.292358726028; 0; 0; 0; 0; 0.0; 0.0; 0.0; -1.0; 0.0; 0.0; 0.0; 0.0; 0.0; 1.0;0; 0;0; 0; 
21.154446125; 99157; 0.0; 0.0; -0.22826; 0.0; 0.0; 0.0; 0.0; 0.0; 0.0; 0.0; 0.0; 0.0; 0.0; 0.0; 0.0; 0.0; 0.0; 1.83; 0.76; 3.67; 2.93; 25.0; -25.0; 0.0; 0; 0; 0.0; 0.0; 1; 5.2393397638; 0.17802148523; 0.292358726028; 0; 0; 0; 0; 0.0; 0.0; 0.0; -1.0; 0.0; 0.0; 0.0; 0.0; 0.0; 1.0;0; 0;0; 0; 
21.1674940586; 99162; 0.0; 0.0; -0.22984; 0.0; 0.0; 0.0; 0.0; 0.0; 0.0; 0.0; 0.0; 0.0; 0.0; 0.0; 0.0; 0.0; 0.0; 1.83; 0.76; 3.67; 2.93; 25.0; -25.0; 0.0; 0; 0; 0.0; 0.0; 1; 5.2393397638; 0.17802148523; 0.292358726028; 0; 0; 0; 0; 0.0; 0.0; 0.0; -1.0; 0.0; 0.0; 0.0; 0.0; 0.0; 1.0;0; 0;0; 0; 
21.1803901196; 99167; 0.0; 0.0; -0.2313; 0.0; 0.0; 0.0; 0.0; 0.0; 0.0; 0.0; 0.0; 0.0; 0.0; 0.0; 0.0; 0.0; 0.0; 1.83; 0.76; 3.67; 2.93; 25.0; -25.0; 0.0; 0; 0; 0.0; 0.0; 1; 5.2393397638; 0.17802148523; 0.292358726028; 0; 0; 0; 0; 0.0; 0.0; 0.0; -1.0; 0.0; 0.0; 0.0; 0.0; 0.0; 1.0;0; 0;0; 0; 
21.1918671131; 99172; 0.0; 0.0; -0.23259; 0.0; 0.0; 0.0; 0.0; 0.0; 0.0; 0.0; 0.0; 0.0; 0.0; 0.0; 0.0; 0.0; 0.0; 1.83; 0.76; 3.67; 2.93; 25.0; -25.0; 0.0; 0; 0; 0.0; 0.0; 1; 5.2393397638; 0.17802148523; 0.292358726028; 0; 0; 0; 0; 0.0; 0.0; 0.0; -1.0; 0.0; 0.0; 0.0; 0.0; 0.0; 1.0;0; 0;0; 0; 
21.2037951946; 99177; 0.0; 0.0; -0.23369; 0.0; 0.0; 0.0; 0.0; 0.0; 0.0; 0.0; 0.0; 0.0; 0.0; 0.0; 0.0; 0.0; 0.0; 1.83; 0.76; 3.67; 2.93; 25.0; -25.0; 0.0; 0; 0; 0.0; 0.0; 1; 5.2393397638; 0.17802148523; 0.292358726028; 0; 0; 0; 0; 0.0; 0.0; 0.0; -1.0; 0.0; 0.0; 0.0; 0.0; 0.0; 1.0;0; 0;0; 0; 
21.2149941921; 99182; 0.0; 0.0; -0.23456; 0.0; 0.0; 0.0; 0.0; 0.0; 0.0; 0.0; 0.0; 0.0; 0.0; 0.0; 0.0; 0.0; 0.0; 1.83; 0.76; 3.67; 2.93; 25.0; -25.0; 0.0; 0; 0; 0.0; 0.0; 1; 5.2393397638; 0.17802148523; 0.292358726028; 0; 0; 0; 0; 0.0; 0.0; 0.0; -1.0; 0.0; 0.0; 0.0; 0.0; 0.0; 1.0;0; 0;0; 0; 
21.2271971703; 99187; 0.0; 0.0; -0.23523; 0.0; 0.0; 0.0; 0.0; 0.0; 0.0; 0.0; 0.0; 0.0; 0.0; 0.0; 0.0; 0.0; 0.0; 1.83; 0.76; 3.67; 2.93; 25.0; -25.0; 0.0; 0; 0; 0.0; 0.0; 1; 5.2393397638; 0.17802148523; 0.292358726028; 0; 0; 0; 0; 0.0; 0.0; 0.0; -1.0; 0.0; 0.0; 0.0; 0.0; 0.0; 1.0;0; 0;0; 0; 
21.2401201725; 99192; 0.0; 0.0; -0.23573; 0.0; 0.0; 0.0; 0.0; 0.0; 0.0; 0.0; 0.0; 0.0; 0.0; 0.0; 0.0; 0.0; 0.0; 1.83; 0.76; 3.67; 2.93; 25.0; -25.0; 0.0; 0; 0; 0.0; 0.0; 1; 5.2393397638; 0.17802148523; 0.292358726028; 0; 0; 0; 0; 0.0; 0.0; 0.0; -1.0; 0.0; 0.0; 0.0; 0.0; 0.0; 1.0;0; 0;0; 0; 
21.252022028; 99197; 0.0; 0.0; -0.23621; 0.0; 0.0; 0.0; 0.0; 0.0; 0.0; 0.0; 0.0; 0.0; 0.0; 0.0; 0.0; 0.0; 0.0; 1.83; 0.76; 3.67; 2.93; 25.0; -25.0; 0.0; 0; 0; 0.0; 0.0; 1; 5.2393397638; 0.17802148523; 0.292358726028; 0; 0; 0; 0; 0.0; 0.0; 0.0; -1.0; 0.0; 0.0; 0.0; 0.0; 0.0; 1.0;0; 0;0; 0; 
21.2639970779; 99202; 0.0; 0.0; -0.23672; 0.0; 0.0; 0.0; 0.0; 0.0; 0.0; 0.0; 0.0; 0.0; 0.0; 0.0; 0.0; 0.0; 0.0; 1.83; 0.76; 3.67; 2.93; 25.0; -25.0; 0.0; 0; 0; 0.0; 0.0; 1; 5.26754872817; 0.186851123725; 0.315859006496; 0; 0; 0; 0; 0.0; 0.0; 0.0; -1.0; 0.0; 0.0; 0.0; 0.0; 0.0; 1.0;0; 0;0; 0; 
21.2763540745; 99207; 0.0; 0.0; -0.23733; 0.0; 0.0; 0.0; 0.0; 0.0; 0.0; 0.0; 0.0; 0.0; 0.0; 0.0; 0.0; 0.0; 0.0; 1.83; 0.76; 3.67; 2.93; 25.0; -25.0; 0.0; 0; 0; 0.0; 0.0; 1; 5.26754872817; 0.186851123725; 0.315859006496; 0; 0; 0; 0; 0.0; 0.0; 0.0; -1.0; 0.0; 0.0; 0.0; 0.0; 0.0; 1.0;0; 0;0; 0; 
21.2881720066; 99212; 0.0; 0.0; -0.23817; 0.0; 0.0; 0.0; 0.0; 0.0; 0.0; 0.0; 0.0; 0.0; 0.0; 0.0; 0.0; 0.0; 0.0; 1.83; 0.76; 3.67; 2.93; 25.0; -25.0; 0.0; 0; 0; 0.0; 0.0; 1; 5.26754872817; 0.186851123725; 0.315859006496; 0; 0; 0; 0; 0.0; 0.0; 0.0; -1.0; 0.0; 0.0; 0.0; 0.0; 0.0; 1.0;0; 0;0; 0; 
21.2992451191; 99217; 0.0; 0.0; -0.23923; 0.0; 0.0; 0.0; 0.0; 0.0; 0.0; 0.0; 0.0; 0.0; 0.0; 0.0; 0.0; 0.0; 0.0; 1.83; 0.76; 3.67; 2.93; 25.0; -25.0; 0.0; 0; 0; 0.0; 0.0; 1; 5.26754872817; 0.186851123725; 0.315859006496; 0; 0; 0; 0; 0.0; 0.0; 0.0; -1.0; 0.0; 0.0; 0.0; 0.0; 0.0; 1.0;0; 0;0; 0; 
21.3107671738; 99222; 0.0; 0.0; -0.24051; 0.0; 0.0; 0.0; 0.0; 0.0; 0.0; 0.0; 0.0; 0.0; 0.0; 0.0; 0.0; 0.0; 0.0; 1.83; 0.76; 3.67; 2.93; 25.0; -25.0; 0.0; 0; 0; 0.0; 0.0; 1; 5.26754872817; 0.186851123725; 0.315859006496; 0; 0; 0; 0; 0.0; 0.0; 0.0; -1.0; 0.0; 0.0; 0.0; 0.0; 0.0; 1.0;0; 0;0; 0; 
21.3230991364; 99227; 0.0; 0.0; -0.24193; 0.0; 0.0; 0.0; 0.0; 0.0; 0.0; 0.0; 0.0; 0.0; 0.0; 0.0; 0.0; 0.0; 0.0; 1.83; 0.76; 3.67; 2.93; 25.0; -25.0; 0.0; 0; 0; 0.0; 0.0; 1; 5.26754872817; 0.186851123725; 0.315859006496; 0; 0; 0; 0; 0.0; 0.0; 0.0; -1.0; 0.0; 0.0; 0.0; 0.0; 0.0; 1.0;0; 0;0; 0; 
21.3366751671; 99232; 0.0; 0.0; -0.24348; 0.0; 0.0; 0.0; 0.0; 0.0; 0.0; 0.0; 0.0; 0.0; 0.0; 0.0; 0.0; 0.0; 0.0; 1.83; 0.76; 3.67; 2.93; 25.0; -25.0; 0.0; 0; 0; 0.0; 0.0; 1; 5.26754872817; 0.186851123725; 0.315859006496; 0; 0; 0; 0; 0.0; 0.0; 0.0; -1.0; 0.0; 0.0; 0.0; 0.0; 0.0; 1.0;0; 0;0; 0; 
21.3502531052; 99237; 0.0; 0.0; -0.24517; 0.0; 0.0; 0.0; 0.0; 0.0; 0.0; 0.0; 0.0; 0.0; 0.0; 0.0; 0.0; 0.0; 0.0; 1.83; 0.76; 3.67; 2.93; 25.0; -25.0; 0.0; 0; 0; 0.0; 0.0; 1; 5.26754872817; 0.186851123725; 0.315859006496; 0; 0; 0; 0; 0.0; 0.0; 0.0; -1.0; 0.0; 0.0; 0.0; 0.0; 0.0; 1.0;0; 0;0; 0; 
21.3628430367; 99242; 0.0; 0.0; -0.24693; 0.0; 0.0; 0.0; 0.0; 0.0; 0.0; 0.0; 0.0; 0.0; 0.0; 0.0; 0.0; 0.0; 0.0; 1.83; 0.76; 3.67; 2.93; 25.0; -25.0; 0.0; 0; 0; 0.0; 0.0; 1; 5.26754872817; 0.186851123725; 0.315859006496; 0; 0; 0; 0; 0.0; 0.0; 0.0; -1.0; 0.0; 0.0; 0.0; 0.0; 0.0; 1.0;0; 0;0; 0; 
21.3755471706; 99247; 0.0; 0.0; -0.2488; 0.0; 0.0; 0.0; 0.0; 0.0; 0.0; 0.0; 0.0; 0.0; 0.0; 0.0; 0.0; 0.0; 0.0; 1.83; 0.76; 3.67; 2.93; 25.0; -25.0; 0.0; 0; 0; 0.0; 0.0; 1; 5.26754872817; 0.186851123725; 0.315859006496; 0; 0; 0; 0; 0.0; 0.0; 0.0; -1.0; 0.0; 0.0; 0.0; 0.0; 0.0; 1.0;0; 0;0; 0; 
21.3886740208; 99252; 0.0; 0.0; -0.25082; 0.0; 0.0; 0.0; 0.0; 0.0; 0.0; 0.0; 0.0; 0.0; 0.0; 0.0; 0.0; 0.0; 0.0; 1.83; 0.76; 3.67; 2.93; 25.0; -25.0; 0.0; 0; 0; 0.0; 0.0; 1; 5.26754872817; 0.186851123725; 0.315859006496; 0; 0; 0; 0; 0.0; 0.0; 0.0; -1.0; 0.0; 0.0; 0.0; 0.0; 0.0; 1.0;0; 0;0; 0; 
21.400906086; 99257; 0.0; 0.0; -0.25302; 0.0; 0.0; 0.0; 0.0; 0.0; 0.0; 0.0; 0.0; 0.0; 0.0; 0.0; 0.0; 0.0; 0.0; 1.83; 0.76; 3.67; 2.93; 25.0; -25.0; 0.0; 0; 0; 0.0; 0.0; 1; 5.26754872817; 0.186851123725; 0.315859006496; 0; 0; 0; 0; 0.0; 0.0; 0.0; -1.0; 0.0; 0.0; 0.0; 0.0; 0.0; 1.0;0; 0;0; 0; 
21.4137341976; 99262; 0.0; 0.0; -0.25541; 0.0; 0.0; 0.0; 0.0; 0.0; 0.0; 0.0; 0.0; 0.0; 0.0; 0.0; 0.0; 0.0; 0.0; 1.83; 0.76; 3.67; 2.93; 25.0; -25.0; 0.0; 0; 0; 0.0; 0.0; 1; 5.26754872817; 0.186851123725; 0.315859006496; 0; 0; 0; 0; 0.0; 0.0; 0.0; -1.0; 0.0; 0.0; 0.0; 0.0; 0.0; 1.0;0; 0;0; 0; 
21.4263920784; 99267; 0.0; 0.0; -0.25793; 0.0; 0.0; 0.0; 0.0; 0.0; 0.0; 0.0; 0.0; 0.0; 0.0; 0.0; 0.0; 0.0; 0.0; 1.83; 0.76; 3.67; 2.93; 25.0; -25.0; 0.0; 0; 0; 0.0; 0.0; 1; 5.26754872817; 0.186851123725; 0.315859006496; 0; 0; 0; 0; 0.0; 0.0; 0.0; -1.0; 0.0; 0.0; 0.0; 0.0; 0.0; 1.0;0; 0;0; 0; 
21.4385931492; 99272; 0.0; 0.0; -0.26049; 0.0; 0.0; 0.0; 0.0; 0.0; 0.0; 0.0; 0.0; 0.0; 0.0; 0.0; 0.0; 0.0; 0.0; 1.83; 0.76; 3.67; 2.93; 25.0; -25.0; 0.0; 0; 0; 0.0; 0.0; 1; 5.26754872817; 0.186851123725; 0.315859006496; 0; 0; 0; 0; 0.0; 0.0; 0.0; -1.0; 0.0; 0.0; 0.0; 0.0; 0.0; 1.0;0; 0;0; 0; 
21.450327158; 99277; 0.0; 0.0; -0.26306; 0.0; 0.0; 0.0; 0.0; 0.0; 0.0; 0.0; 0.0; 0.0; 0.0; 0.0; 0.0; 0.0; 0.0; 1.83; 0.76; 3.67; 2.93; 25.0; -25.0; 0.0; 0; 0; 0.0; 0.0; 1; 5.26754872817; 0.186851123725; 0.315859006496; 0; 0; 0; 0; 0.0; 0.0; 0.0; -1.0; 0.0; 0.0; 0.0; 0.0; 0.0; 1.0;0; 0;0; 0; 
21.4618580341; 99282; 0.0; 0.0; -0.2655; 0.0; 0.0; 0.0; 0.0; 0.0; 0.0; 0.0; 0.0; 0.0; 0.0; 0.0; 0.0; 0.0; 0.0; 1.83; 0.76; 3.67; 2.93; 25.0; -25.0; 0.0; 0; 0; 0.0; 0.0; 1; 5.26754872817; 0.186851123725; 0.315859006496; 0; 0; 0; 0; 0.0; 0.0; 0.0; -1.0; 0.0; 0.0; 0.0; 0.0; 0.0; 1.0;0; 0;0; 0; 
21.4729590416; 99287; 0.0; 0.0; -0.26776; 0.0; 0.0; 0.0; 0.0; 0.0; 0.0; 0.0; 0.0; 0.0; 0.0; 0.0; 0.0; 0.0; 0.0; 1.83; 0.76; 3.67; 2.93; 25.0; -25.0; 0.0; 0; 0; 0.0; 0.0; 1; 5.26754872817; 0.186851123725; 0.315859006496; 0; 0; 0; 0; 0.0; 0.0; 0.0; -1.0; 0.0; 0.0; 0.0; 0.0; 0.0; 1.0;0; 0;0; 0; 
21.4839761257; 99292; 0.0; 0.0; -0.26981; 0.0; 0.0; 0.0; 0.0; 0.0; 0.0; 0.0; 0.0; 0.0; 0.0; 0.0; 0.0; 0.0; 0.0; 1.83; 0.76; 3.67; 2.93; 25.0; -25.0; 0.0; 0; 0; 0.0; 0.0; 1; 5.26754872817; 0.186851123725; 0.315859006496; 0; 0; 0; 0; 0.0; 0.0; 0.0; -1.0; 0.0; 0.0; 0.0; 0.0; 0.0; 1.0;0; 0;0; 0; 
21.4954149723; 99297; 0.0; 0.0; -0.27154; 0.0; 0.0; 0.0; 0.0; 0.0; 0.0; 0.0; 0.0; 0.0; 0.0; 0.0; 0.0; 0.0; 0.0; 1.83; 0.76; 3.67; 2.93; 25.0; -25.0; 0.0; 0; 0; 0.0; 0.0; 1; 5.26754872817; 0.186851123725; 0.315859006496; 0; 0; 0; 0; 0.0; 0.0; 0.0; -1.0; 0.0; 0.0; 0.0; 0.0; 0.0; 1.0;0; 0;0; 0; 
21.5081090927; 99302; 0.0; 0.0; -0.27299; 0.0; 0.0; 0.0; 0.0; 0.0; 0.0; 0.0; 0.0; 0.0; 0.0; 0.0; 0.0; 0.0; 0.0; 1.83; 0.76; 3.67; 2.93; 25.0; -25.0; 0.0; 0; 0; 0.0; 0.0; 1; 5.29529142226; 0.196284096702; 0.341511084952; 0; 0; 0; 0; 0.0; 0.0; 0.0; -1.0; 0.0; 0.0; 0.0; 0.0; 0.0; 1.0;0; 0;0; 0; 
21.5197319984; 99307; 0.0; 0.0; -0.27412; 0.0; 0.0; 0.0; 0.0; 0.0; 0.0; 0.0; 0.0; 0.0; 0.0; 0.0; 0.0; 0.0; 0.0; 1.83; 0.76; 3.67; 2.93; 25.0; -25.0; 0.0; 0; 0; 0.0; 0.0; 1; 5.29529142226; 0.196284096702; 0.341511084952; 0; 0; 0; 0; 0.0; 0.0; 0.0; -1.0; 0.0; 0.0; 0.0; 0.0; 0.0; 1.0;0; 0;0; 0; 
21.531496048; 99312; 0.0; 0.0; -0.27494; 0.0; 0.0; 0.0; 0.0; 0.0; 0.0; 0.0; 0.0; 0.0; 0.0; 0.0; 0.0; 0.0; 0.0; 1.92; 0.76; 3.8; 3.12; 25.0; -25.0; 0.0; 0; 0; 0.0; 0.0; 1; 5.29529142226; 0.196284096702; 0.341511084952; 0; 0; 0; 0; 0.0; 0.0; 0.0; -1.0; 0.0; 0.0; 0.0; 0.0; 0.0; 1.0;0; 0;0; 0; 
21.5427880287; 99317; 0.0; 0.0; -0.2755; 0.0; 0.0; 0.0; 0.0; 0.0; 0.0; 0.0; 0.0; 0.0; 0.0; 0.0; 0.0; 0.0; 0.0; 1.92; 0.76; 3.8; 3.12; 25.0; -25.0; 0.0; 0; 0; 0.0; 0.0; 1; 5.29529142226; 0.196284096702; 0.341511084952; 0; 0; 0; 0; 0.0; 0.0; 0.0; -1.0; 0.0; 0.0; 0.0; 0.0; 0.0; 1.0;0; 0;0; 0; 
21.5539340973; 99322; 0.0; 0.0; -0.27582; 0.0; 0.0; 0.0; 0.0; 0.0; 0.0; 0.0; 0.0; 0.0; 0.0; 0.0; 0.0; 0.0; 0.0; 1.92; 0.76; 3.8; 3.12; 25.0; -25.0; 0.0; 0; 0; 0.0; 0.0; 1; 5.29529142226; 0.196284096702; 0.341511084952; 0; 0; 0; 0; 0.0; 0.0; 0.0; -1.0; 0.0; 0.0; 0.0; 0.0; 0.0; 1.0;0; 0;0; 0; 
21.5656170845; 99327; 0.0; 0.0; -0.27592; 0.0; 0.0; 0.0; 0.0; 0.0; 0.0; 0.0; 0.0; 0.0; 0.0; 0.0; 0.0; 0.0; 0.0; 1.92; 0.76; 3.8; 3.12; 25.0; -25.0; 0.0; 0; 0; 0.0; 0.0; 1; 5.29529142226; 0.196284096702; 0.341511084952; 0; 0; 0; 0; 0.0; 0.0; 0.0; -1.0; 0.0; 0.0; 0.0; 0.0; 0.0; 1.0;0; 0;0; 0; 
21.5769560337; 99332; 0.0; 0.0; -0.27589; 0.0; 0.0; 0.0; 0.0; 0.0; 0.0; 0.0; 0.0; 0.0; 0.0; 0.0; 0.0; 0.0; 0.0; 1.92; 0.76; 3.8; 3.12; 25.0; -25.0; 0.0; 0; 0; 0.0; 0.0; 1; 5.29529142226; 0.196284096702; 0.341511084952; 0; 0; 0; 0; 0.0; 0.0; 0.0; -1.0; 0.0; 0.0; 0.0; 0.0; 0.0; 1.0;0; 0;0; 0; 
21.5890450478; 99337; 0.0; 0.0; -0.27568; 0.0; 0.0; 0.0; 0.0; 0.0; 0.0; 0.0; 0.0; 0.0; 0.0; 0.0; 0.0; 0.0; 0.0; 1.92; 0.76; 3.8; 3.12; 25.0; -25.0; 0.0; 0; 0; 0.0; 0.0; 1; 5.29529142226; 0.196284096702; 0.341511084952; 0; 0; 0; 0; 0.0; 0.0; 0.0; -1.0; 0.0; 0.0; 0.0; 0.0; 0.0; 1.0;0; 0;0; 0; 
21.6007471085; 99342; 0.0; 0.0; -0.27534; 0.0; 0.0; 0.0; 0.0; 0.0; 0.0; 0.0; 0.0; 0.0; 0.0; 0.0; 0.0; 0.0; 0.0; 1.92; 0.76; 3.8; 3.12; 25.0; -25.0; 0.0; 0; 0; 0.0; 0.0; 1; 5.29529142226; 0.196284096702; 0.341511084952; 0; 0; 0; 0; 0.0; 0.0; 0.0; -1.0; 0.0; 0.0; 0.0; 0.0; 0.0; 1.0;0; 0;0; 0; 
21.6129381657; 99347; 0.0; 0.0; -0.27486; 0.0; 0.0; 0.0; 0.0; 0.0; 0.0; 0.0; 0.0; 0.0; 0.0; 0.0; 0.0; 0.0; 0.0; 1.92; 0.76; 3.8; 3.12; 25.0; -25.0; 0.0; 0; 0; 0.0; 0.0; 1; 5.29529142226; 0.196284096702; 0.341511084952; 0; 0; 0; 0; 0.0; 0.0; 0.0; -1.0; 0.0; 0.0; 0.0; 0.0; 0.0; 1.0;0; 0;0; 0; 
21.6253240108; 99352; 0.0; 0.0; -0.27422; 0.0; 0.0; 0.0; 0.0; 0.0; 0.0; 0.0; 0.0; 0.0; 0.0; 0.0; 0.0; 0.0; 0.0; 1.92; 0.76; 3.8; 3.12; 25.0; -25.0; 0.0; 0; 0; 0.0; 0.0; 1; 5.29529142226; 0.196284096702; 0.341511084952; 0; 0; 0; 0; 0.0; 0.0; 0.0; -1.0; 0.0; 0.0; 0.0; 0.0; 0.0; 1.0;0; 0;0; 0; 
21.6375591755; 99357; 0.0; 0.0; -0.27346; 0.0; 0.0; 0.0; 0.0; 0.0; 0.0; 0.0; 0.0; 0.0; 0.0; 0.0; 0.0; 0.0; 0.0; 1.92; 0.76; 3.8; 3.12; 25.0; -25.0; 0.0; 0; 0; 0.0; 0.0; 1; 5.29529142226; 0.196284096702; 0.341511084952; 0; 0; 0; 0; 0.0; 0.0; 0.0; -1.0; 0.0; 0.0; 0.0; 0.0; 0.0; 1.0;0; 0;0; 0; 
21.6495110989; 99362; 0.0; 0.0; -0.27264; 0.0; 0.0; 0.0; 0.0; 0.0; 0.0; 0.0; 0.0; 0.0; 0.0; 0.0; 0.0; 0.0; 0.0; 1.92; 0.76; 3.8; 3.12; 25.0; -25.0; 0.0; 0; 0; 0.0; 0.0; 1; 5.29529142226; 0.196284096702; 0.341511084952; 0; 0; 0; 0; 0.0; 0.0; 0.0; -1.0; 0.0; 0.0; 0.0; 0.0; 0.0; 1.0;0; 0;0; 0; 
21.6612730026; 99367; 0.0; 0.0; -0.27181; 0.0; 0.0; 0.0; 0.0; 0.0; 0.0; 0.0; 0.0; 0.0; 0.0; 0.0; 0.0; 0.0; 0.0; 1.92; 0.76; 3.8; 3.12; 25.0; -25.0; 0.0; 0; 0; 0.0; 0.0; 1; 5.29529142226; 0.196284096702; 0.341511084952; 0; 0; 0; 0; 0.0; 0.0; 0.0; -1.0; 0.0; 0.0; 0.0; 0.0; 0.0; 1.0;0; 0;0; 0; 
21.6732230186; 99372; 0.0; 0.0; -0.27102; 0.0; 0.0; 0.0; 0.0; 0.0; 0.0; 0.0; 0.0; 0.0; 0.0; 0.0; 0.0; 0.0; 0.0; 1.92; 0.76; 3.8; 3.12; 25.0; -25.0; 0.0; 0; 0; 0.0; 0.0; 1; 5.29529142226; 0.196284096702; 0.341511084952; 0; 0; 0; 0; 0.0; 0.0; 0.0; -1.0; 0.0; 0.0; 0.0; 0.0; 0.0; 1.0;0; 0;0; 0; 
21.684992075; 99377; 0.0; 0.0; -0.27032; 0.0; 0.0; 0.0; 0.0; 0.0; 0.0; 0.0; 0.0; 0.0; 0.0; 0.0; 0.0; 0.0; 0.0; 1.92; 0.76; 3.8; 3.12; 25.0; -25.0; 0.0; 0; 0; 0.0; 0.0; 1; 5.29529142226; 0.196284096702; 0.341511084952; 0; 0; 0; 0; 0.0; 0.0; 0.0; -1.0; 0.0; 0.0; 0.0; 0.0; 0.0; 1.0;0; 0;0; 0; 
21.6965630054; 99382; 0.0; 0.0; -0.26974; 0.0; 0.0; 0.0; 0.0; 0.0; 0.0; 0.0; 0.0; 0.0; 0.0; 0.0; 0.0; 0.0; 0.0; 1.92; 0.76; 3.8; 3.12; 25.0; -25.0; 0.0; 0; 0; 0.0; 0.0; 1; 5.29529142226; 0.196284096702; 0.341511084952; 0; 0; 0; 0; 0.0; 0.0; 0.0; -1.0; 0.0; 0.0; 0.0; 0.0; 0.0; 1.0;0; 0;0; 0; 
21.7078909874; 99387; 0.0; 0.0; -0.26932; 0.0; 0.0; 0.0; 0.0; 0.0; 0.0; 0.0; 0.0; 0.0; 0.0; 0.0; 0.0; 0.0; 0.0; 1.92; 0.76; 3.8; 3.12; 25.0; -25.0; 0.0; 0; 0; 0.0; 0.0; 1; 5.29529142226; 0.196284096702; 0.341511084952; 0; 0; 0; 0; 0.0; 0.0; 0.0; -1.0; 0.0; 0.0; 0.0; 0.0; 0.0; 1.0;0; 0;0; 0; 
21.7201721668; 99392; 0.0; 0.0; -0.26902; 0.0; 0.0; 0.0; 0.0; 0.0; 0.0; 0.0; 0.0; 0.0; 0.0; 0.0; 0.0; 0.0; 0.0; 1.92; 0.76; 3.8; 3.12; 25.0; -25.0; 0.0; 0; 0; 0.0; 0.0; 1; 5.29529142226; 0.196284096702; 0.341511084952; 0; 0; 0; 0; 0.0; 0.0; 0.0; -1.0; 0.0; 0.0; 0.0; 0.0; 0.0; 1.0;0; 0;0; 0; 
21.731347084; 99397; 0.0; 0.0; -0.26885; 0.0; 0.0; 0.0; 0.0; 0.0; 0.0; 0.0; 0.0; 0.0; 0.0; 0.0; 0.0; 0.0; 0.0; 1.92; 0.76; 3.8; 3.12; 25.0; -25.0; 0.0; 0; 0; 0.0; 0.0; 1; 5.29529142226; 0.196284096702; 0.341511084952; 0; 0; 0; 0; 0.0; 0.0; 0.0; -1.0; 0.0; 0.0; 0.0; 0.0; 0.0; 1.0;0; 0;0; 0; 
21.7433931828; 99402; 0.0; 0.0; -0.26886; 0.0; 0.0; 0.0; 0.0; 0.0; 0.0; 0.0; 0.0; 0.0; 0.0; 0.0; 0.0; 0.0; 0.0; 1.92; 0.76; 3.8; 3.12; 25.0; -25.0; 0.0; 0; 0; 0.0; 0.0; 1; 5.32288945241; 0.206508147601; 0.369293625162; 0; 0; 0; 0; 0.0; 0.0; 0.0; -1.0; 0.0; 0.0; 0.0; 0.0; 0.0; 1.0;0; 0;0; 0; 
21.7550179958; 99407; 0.0; 0.0; -0.26907; 0.0; 0.0; 0.0; 0.0; 0.0; 0.0; 0.0; 0.0; 0.0; 0.0; 0.0; 0.0; 0.0; 0.0; 1.92; 0.76; 3.8; 3.12; 25.0; -25.0; 0.0; 0; 0; 0.0; 0.0; 1; 5.32288945241; 0.206508147601; 0.369293625162; 0; 0; 0; 0; 0.0; 0.0; 0.0; -1.0; 0.0; 0.0; 0.0; 0.0; 0.0; 1.0;0; 0;0; 0; 
21.7666761875; 99412; 0.0; 0.0; -0.26957; 0.0; 0.0; 0.0; 0.0; 0.0; 0.0; 0.0; 0.0; 0.0; 0.0; 0.0; 0.0; 0.0; 0.0; 2.14; 0.77; 4.33; 2.17; 25.0; -25.0; 0.0; 0; 0; 0.0; 0.0; 1; 5.32288945241; 0.206508147601; 0.369293625162; 0; 0; 0; 0; 0.0; 0.0; 0.0; -1.0; 0.0; 0.0; 0.0; 0.0; 0.0; 1.0;0; 0;0; 0; 
21.7784490585; 99417; 0.0; 0.0; -0.27034; 0.0; 0.0; 0.0; 0.0; 0.0; 0.0; 0.0; 0.0; 0.0; 0.0; 0.0; 0.0; 0.0; 0.0; 2.14; 0.77; 4.33; 2.17; 25.0; -25.0; 0.0; 0; 0; 0.0; 0.0; 1; 5.32288945241; 0.206508147601; 0.369293625162; 0; 0; 0; 0; 0.0; 0.0; 0.0; -1.0; 0.0; 0.0; 0.0; 0.0; 0.0; 1.0;0; 0;0; 0; 
21.7897040844; 99422; 0.0; 0.0; -0.27136; 0.0; 0.0; 0.0; 0.0; 0.0; 0.0; 0.0; 0.0; 0.0; 0.0; 0.0; 0.0; 0.0; 0.0; 2.14; 0.77; 4.33; 2.17; 25.0; -25.0; 0.0; 0; 0; 0.0; 0.0; 1; 5.32288945241; 0.206508147601; 0.369293625162; 0; 0; 0; 0; 0.0; 0.0; 0.0; -1.0; 0.0; 0.0; 0.0; 0.0; 0.0; 1.0;0; 0;0; 0; 
21.801623106; 99427; 0.0; 0.0; -0.27257; 0.0; 0.0; 0.0; 0.0; 0.0; 0.0; 0.0; 0.0; 0.0; 0.0; 0.0; 0.0; 0.0; 0.0; 2.14; 0.77; 4.33; 2.17; 25.0; -25.0; 0.0; 0; 0; 0.0; 0.0; 1; 5.32288945241; 0.206508147601; 0.369293625162; 0; 0; 0; 0; 0.0; 0.0; 0.0; -1.0; 0.0; 0.0; 0.0; 0.0; 0.0; 1.0;0; 0;0; 0; 
21.8137631416; 99432; 0.0; 0.0; -0.27385; 0.0; 0.0; 0.0; 0.0; 0.0; 0.0; 0.0; 0.0; 0.0; 0.0; 0.0; 0.0; 0.0; 0.0; 2.14; 0.77; 4.33; 2.17; 25.0; -25.0; 0.0; 0; 0; 0.0; 0.0; 1; 5.32288945241; 0.206508147601; 0.369293625162; 0; 0; 0; 0; 0.0; 0.0; 0.0; -1.0; 0.0; 0.0; 0.0; 0.0; 0.0; 1.0;0; 0;0; 0; 
21.8254020214; 99437; 0.0; 0.0; -0.27517; 0.0; 0.0; 0.0; 0.0; 0.0; 0.0; 0.0; 0.0; 0.0; 0.0; 0.0; 0.0; 0.0; 0.0; 2.14; 0.77; 4.33; 2.17; 25.0; -25.0; 0.0; 0; 0; 0.0; 0.0; 1; 5.32288945241; 0.206508147601; 0.369293625162; 0; 0; 0; 0; 0.0; 0.0; 0.0; -1.0; 0.0; 0.0; 0.0; 0.0; 0.0; 1.0;0; 0;0; 0; 
21.836879015; 99442; 0.0; 0.0; -0.27638; 0.0; 0.0; 0.0; 0.0; 0.0; 0.0; 0.0; 0.0; 0.0; 0.0; 0.0; 0.0; 0.0; 0.0; 2.14; 0.77; 4.33; 2.17; 25.0; -25.0; 0.0; 0; 0; 0.0; 0.0; 1; 5.32288945241; 0.206508147601; 0.369293625162; 0; 0; 0; 0; 0.0; 0.0; 0.0; -1.0; 0.0; 0.0; 0.0; 0.0; 0.0; 1.0;0; 0;0; 0; 
21.8491141796; 99447; 0.0; 0.0; -0.27747; 0.0; 0.0; 0.0; 0.0; 0.0; 0.0; 0.0; 0.0; 0.0; 0.0; 0.0; 0.0; 0.0; 0.0; 2.14; 0.77; 4.33; 2.17; 25.0; -25.0; 0.0; 0; 0; 0.0; 0.0; 1; 5.32288945241; 0.206508147601; 0.369293625162; 0; 0; 0; 0; 0.0; 0.0; 0.0; -1.0; 0.0; 0.0; 0.0; 0.0; 0.0; 1.0;0; 0;0; 0; 
21.8602731228; 99452; 0.0; 0.0; -0.2784; 0.0; 0.0; 0.0; 0.0; 0.0; 0.0; 0.0; 0.0; 0.0; 0.0; 0.0; 0.0; 0.0; 0.0; 2.14; 0.77; 4.33; 2.17; 25.0; -25.0; 0.0; 0; 0; 0.0; 0.0; 1; 5.32288945241; 0.206508147601; 0.369293625162; 0; 0; 0; 0; 0.0; 0.0; 0.0; -1.0; 0.0; 0.0; 0.0; 0.0; 0.0; 1.0;0; 0;0; 0; 
21.8716230392; 99457; 0.0; 0.0; -0.2792; 0.0; 0.0; 0.0; 0.0; 0.0; 0.0; 0.0; 0.0; 0.0; 0.0; 0.0; 0.0; 0.0; 0.0; 2.14; 0.77; 4.33; 2.17; 25.0; -25.0; 0.0; 0; 0; 0.0; 0.0; 1; 5.32288945241; 0.206508147601; 0.369293625162; 0; 0; 0; 0; 0.0; 0.0; 0.0; -1.0; 0.0; 0.0; 0.0; 0.0; 0.0; 1.0;0; 0;0; 0; 
21.8831419945; 99462; 0.0; 0.0; -0.27995; 0.0; 0.0; 0.0; 0.0; 0.0; 0.0; 0.0; 0.0; 0.0; 0.0; 0.0; 0.0; 0.0; 0.0; 2.14; 0.77; 4.33; 2.17; 25.0; -25.0; 0.0; 0; 0; 0.0; 0.0; 1; 5.32288945241; 0.206508147601; 0.369293625162; 0; 0; 0; 0; 0.0; 0.0; 0.0; -1.0; 0.0; 0.0; 0.0; 0.0; 0.0; 1.0;0; 0;0; 0; 
21.8946211338; 99467; 0.0; 0.0; -0.28062; 0.0; 0.0; 0.0; 0.0; 0.0; 0.0; 0.0; 0.0; 0.0; 0.0; 0.0; 0.0; 0.0; 0.0; 2.14; 0.77; 4.33; 2.17; 25.0; -25.0; 0.0; 0; 0; 0.0; 0.0; 1; 5.32288945241; 0.206508147601; 0.369293625162; 0; 0; 0; 0; 0.0; 0.0; 0.0; -1.0; 0.0; 0.0; 0.0; 0.0; 0.0; 1.0;0; 0;0; 0; 
21.9057791233; 99472; 0.0; 0.0; -0.28127; 0.0; 0.0; 0.0; 0.0; 0.0; 0.0; 0.0; 0.0; 0.0; 0.0; 0.0; 0.0; 0.0; 0.0; 2.14; 0.77; 4.33; 2.17; 25.0; -25.0; 0.0; 0; 0; 0.0; 0.0; 1; 5.32288945241; 0.206508147601; 0.369293625162; 0; 0; 0; 0; 0.0; 0.0; 0.0; -1.0; 0.0; 0.0; 0.0; 0.0; 0.0; 1.0;0; 0;0; 0; 
21.9175000191; 99477; 0.0; 0.0; -0.2819; 0.0; 0.0; 0.0; 0.0; 0.0; 0.0; 0.0; 0.0; 0.0; 0.0; 0.0; 0.0; 0.0; 0.0; 2.14; 0.77; 4.33; 2.17; 25.0; -25.0; 0.0; 0; 0; 0.0; 0.0; 1; 5.32288945241; 0.206508147601; 0.369293625162; 0; 0; 0; 0; 0.0; 0.0; 0.0; -1.0; 0.0; 0.0; 0.0; 0.0; 0.0; 1.0;0; 0;0; 0; 
21.9287211895; 99482; 0.0; 0.0; -0.28247; 0.0; 0.0; 0.0; 0.0; 0.0; 0.0; 0.0; 0.0; 0.0; 0.0; 0.0; 0.0; 0.0; 0.0; 2.14; 0.77; 4.33; 2.17; 25.0; -25.0; 0.0; 0; 0; 0.0; 0.0; 1; 5.32288945241; 0.206508147601; 0.369293625162; 0; 0; 0; 0; 0.0; 0.0; 0.0; -1.0; 0.0; 0.0; 0.0; 0.0; 0.0; 1.0;0; 0;0; 0; 
21.9402451515; 99487; 0.0; 0.0; -0.28303; 0.0; 0.0; 0.0; 0.0; 0.0; 0.0; 0.0; 0.0; 0.0; 0.0; 0.0; 0.0; 0.0; 0.0; 2.14; 0.77; 4.33; 2.17; 25.0; -25.0; 0.0; 0; 0; 0.0; 0.0; 1; 5.32288945241; 0.206508147601; 0.369293625162; 0; 0; 0; 0; 0.0; 0.0; 0.0; -1.0; 0.0; 0.0; 0.0; 0.0; 0.0; 1.0;0; 0;0; 0; 
21.9514791965; 99492; 0.0; 0.0; -0.28361; 0.0; 0.0; 0.0; 0.0; 0.0; 0.0; 0.0; 0.0; 0.0; 0.0; 0.0; 0.0; 0.0; 0.0; 2.14; 0.77; 4.33; 2.17; 25.0; -25.0; 0.0; 0; 0; 0.0; 0.0; 1; 5.32288945241; 0.206508147601; 0.369293625162; 0; 0; 0; 0; 0.0; 0.0; 0.0; -1.0; 0.0; 0.0; 0.0; 0.0; 0.0; 1.0;0; 0;0; 0; 
21.9627490044; 99497; 0.0; 0.0; -0.28422; 0.0; 0.0; 0.0; 0.0; 0.0; 0.0; 0.0; 0.0; 0.0; 0.0; 0.0; 0.0; 0.0; 0.0; 2.14; 0.77; 4.33; 2.17; 25.0; -25.0; 0.0; 0; 0; 0.0; 0.0; 1; 5.32288945241; 0.206508147601; 0.369293625162; 0; 0; 0; 0; 0.0; 0.0; 0.0; -1.0; 0.0; 0.0; 0.0; 0.0; 0.0; 1.0;0; 0;0; 0; 
21.9740071297; 99502; 0.0; 0.0; -0.28487; 0.0; 0.0; 0.0; 0.0; 0.0; 0.0; 0.0; 0.0; 0.0; 0.0; 0.0; 0.0; 0.0; 0.0; 2.14; 0.77; 4.33; 2.17; 25.0; -25.0; 0.0; 0; 0; 0.0; 0.0; 1; 5.35049405411; 0.217613978999; 0.397380357166; 0; 0; 0; 0; 0.0; 0.0; 0.0; -1.0; 0.0; 0.0; 0.0; 0.0; 0.0; 1.0;0; 0;0; 0; 
21.9864110947; 99507; 0.0; 0.0; -0.28553; 0.0; 0.0; 0.0; 0.0; 0.0; 0.0; 0.0; 0.0; 0.0; 0.0; 0.0; 0.0; 0.0; 0.0; 2.39; 0.87; 4.62; 2.41; 25.0; -25.0; 0.0; 0; 0; 0.0; 0.0; 1; 5.35049405411; 0.217613978999; 0.397380357166; 0; 0; 0; 0; 0.0; 0.0; 0.0; -1.0; 0.0; 0.0; 0.0; 0.0; 0.0; 1.0;0; 0;0; 0; 
21.9981629848; 99512; 0.0; 0.0; -0.28623; 0.0; 0.0; 0.0; 0.0; 0.0; 0.0; 0.0; 0.0; 0.0; 0.0; 0.0; 0.0; 0.0; 0.0; 2.39; 0.87; 4.62; 2.41; 25.0; -25.0; 0.0; 0; 0; 0.0; 0.0; 1; 5.35049405411; 0.217613978999; 0.397380357166; 0; 0; 0; 0; 0.0; 0.0; 0.0; -1.0; 0.0; 0.0; 0.0; 0.0; 0.0; 1.0;0; 0;0; 0; 
22.0097839832; 99517; 0.0; 0.0; -0.28695; 0.0; 0.0; 0.0; 0.0; 0.0; 0.0; 0.0; 0.0; 0.0; 0.0; 0.0; 0.0; 0.0; 0.0; 2.39; 0.87; 4.62; 2.41; 25.0; -25.0; 0.0; 0; 0; 0.0; 0.0; 1; 5.35049405411; 0.217613978999; 0.397380357166; 0; 0; 0; 0; 0.0; 0.0; 0.0; -1.0; 0.0; 0.0; 0.0; 0.0; 0.0; 1.0;0; 0;0; 0; 
22.0212471485; 99522; 0.0; 0.0; -0.28761; 0.0; 0.0; 0.0; 0.0; 0.0; 0.0; 0.0; 0.0; 0.0; 0.0; 0.0; 0.0; 0.0; 0.0; 2.39; 0.87; 4.62; 2.41; 25.0; -25.0; 0.0; 0; 0; 0.0; 0.0; 1; 5.35049405411; 0.217613978999; 0.397380357166; 0; 0; 0; 0; 0.0; 0.0; 0.0; -1.0; 0.0; 0.0; 0.0; 0.0; 0.0; 1.0;0; 0;0; 0; 
22.0323619843; 99527; 0.0; 0.0; -0.28813; 0.0; 0.0; 0.0; 0.0; 0.0; 0.0; 0.0; 0.0; 0.0; 0.0; 0.0; 0.0; 0.0; 0.0; 2.39; 0.87; 4.62; 2.41; 25.0; -25.0; 0.0; 0; 0; 0.0; 0.0; 1; 5.35049405411; 0.217613978999; 0.397380357166; 0; 0; 0; 0; 0.0; 0.0; 0.0; -1.0; 0.0; 0.0; 0.0; 0.0; 0.0; 1.0;0; 0;0; 0; 
22.0440051556; 99532; 0.0; 0.0; -0.28843; 0.0; 0.0; 0.0; 0.0; 0.0; 0.0; 0.0; 0.0; 0.0; 0.0; 0.0; 0.0; 0.0; 0.0; 2.39; 0.87; 4.62; 2.41; 25.0; -25.0; 0.0; 0; 0; 0.0; 0.0; 1; 5.35049405411; 0.217613978999; 0.397380357166; 0; 0; 0; 0; 0.0; 0.0; 0.0; -1.0; 0.0; 0.0; 0.0; 0.0; 0.0; 1.0;0; 0;0; 0; 
22.0554051399; 99537; 0.0; 0.0; -0.28849; 0.0; 0.0; 0.0; 0.0; 0.0; 0.0; 0.0; 0.0; 0.0; 0.0; 0.0; 0.0; 0.0; 0.0; 2.39; 0.87; 4.62; 2.41; 25.0; -25.0; 0.0; 0; 0; 0.0; 0.0; 1; 5.35049405411; 0.217613978999; 0.397380357166; 0; 0; 0; 0; 0.0; 0.0; 0.0; -1.0; 0.0; 0.0; 0.0; 0.0; 0.0; 1.0;0; 0;0; 0; 
22.0665290356; 99542; 0.0; 0.0; -0.28825; 0.0; 0.0; 0.0; 0.0; 0.0; 0.0; 0.0; 0.0; 0.0; 0.0; 0.0; 0.0; 0.0; 0.0; 2.39; 0.87; 4.62; 2.41; 25.0; -25.0; 0.0; 0; 0; 0.0; 0.0; 1; 5.35049405411; 0.217613978999; 0.397380357166; 0; 0; 0; 0; 0.0; 0.0; 0.0; -1.0; 0.0; 0.0; 0.0; 0.0; 0.0; 1.0;0; 0;0; 0; 
22.0784790516; 99547; 0.0; 0.0; -0.28767; 0.0; 0.0; 0.0; 0.0; 0.0; 0.0; 0.0; 0.0; 0.0; 0.0; 0.0; 0.0; 0.0; 0.0; 2.39; 0.87; 4.62; 2.41; 25.0; -25.0; 0.0; 0; 0; 0.0; 0.0; 1; 5.35049405411; 0.217613978999; 0.397380357166; 0; 0; 0; 0; 0.0; 0.0; 0.0; -1.0; 0.0; 0.0; 0.0; 0.0; 0.0; 1.0;0; 0;0; 0; 
22.0900280476; 99552; 0.0; 0.0; -0.28678; 0.0; 0.0; 0.0; 0.0; 0.0; 0.0; 0.0; 0.0; 0.0; 0.0; 0.0; 0.0; 0.0; 0.0; 2.39; 0.87; 4.62; 2.41; 25.0; -25.0; 0.0; 0; 0; 0.0; 0.0; 1; 5.35049405411; 0.217613978999; 0.397380357166; 0; 0; 0; 0; 0.0; 0.0; 0.0; -1.0; 0.0; 0.0; 0.0; 0.0; 0.0; 1.0;0; 0;0; 0; 
22.1013851166; 99557; 0.0; 0.0; -0.2856; 0.0; 0.0; 0.0; 0.0; 0.0; 0.0; 0.0; 0.0; 0.0; 0.0; 0.0; 0.0; 0.0; 0.0; 2.39; 0.87; 4.62; 2.41; 25.0; -25.0; 0.0; 0; 0; 0.0; 0.0; 1; 5.35049405411; 0.217613978999; 0.397380357166; 0; 0; 0; 0; 0.0; 0.0; 0.0; -1.0; 0.0; 0.0; 0.0; 0.0; 0.0; 1.0;0; 0;0; 0; 
22.1128070354; 99562; 0.0; 0.0; -0.28428; 0.0; 0.0; 0.0; 0.0; 0.0; 0.0; 0.0; 0.0; 0.0; 0.0; 0.0; 0.0; 0.0; 0.0; 2.39; 0.87; 4.62; 2.41; 25.0; -25.0; 0.0; 0; 0; 0.0; 0.0; 1; 5.35049405411; 0.217613978999; 0.397380357166; 0; 0; 0; 0; 0.0; 0.0; 0.0; -1.0; 0.0; 0.0; 0.0; 0.0; 0.0; 1.0;0; 0;0; 0; 
22.1240119934; 99567; 0.0; 0.0; -0.28288; 0.0; 0.0; 0.0; 0.0; 0.0; 0.0; 0.0; 0.0; 0.0; 0.0; 0.0; 0.0; 0.0; 0.0; 2.39; 0.87; 4.62; 2.41; 25.0; -25.0; 0.0; 0; 0; 0.0; 0.0; 1; 5.35049405411; 0.217613978999; 0.397380357166; 0; 0; 0; 0; 0.0; 0.0; 0.0; -1.0; 0.0; 0.0; 0.0; 0.0; 0.0; 1.0;0; 0;0; 0; 
22.1353111267; 99572; 0.0; 0.0; -0.28155; 0.0; 0.0; 0.0; 0.0; 0.0; 0.0; 0.0; 0.0; 0.0; 0.0; 0.0; 0.0; 0.0; 0.0; 2.39; 0.87; 4.62; 2.41; 25.0; -25.0; 0.0; 0; 0; 0.0; 0.0; 1; 5.35049405411; 0.217613978999; 0.397380357166; 0; 0; 0; 0; 0.0; 0.0; 0.0; -1.0; 0.0; 0.0; 0.0; 0.0; 0.0; 1.0;0; 0;0; 0; 
22.1471960545; 99577; 0.0; 0.0; -0.28044; 0.0; 0.0; 0.0; 0.0; 0.0; 0.0; 0.0; 0.0; 0.0; 0.0; 0.0; 0.0; 0.0; 0.0; 2.39; 0.87; 4.62; 2.41; 25.0; -25.0; 0.0; 0; 0; 0.0; 0.0; 1; 5.35049405411; 0.217613978999; 0.397380357166; 0; 0; 0; 0; 0.0; 0.0; 0.0; -1.0; 0.0; 0.0; 0.0; 0.0; 0.0; 1.0;0; 0;0; 0; 
22.1592340469; 99582; 0.0; 0.0; -0.27958; 0.0; 0.0; 0.0; 0.0; 0.0; 0.0; 0.0; 0.0; 0.0; 0.0; 0.0; 0.0; 0.0; 0.0; 2.39; 0.87; 4.62; 2.41; 25.0; -25.0; 0.0; 0; 0; 0.0; 0.0; 1; 5.35049405411; 0.217613978999; 0.397380357166; 0; 0; 0; 0; 0.0; 0.0; 0.0; -1.0; 0.0; 0.0; 0.0; 0.0; 0.0; 1.0;0; 0;0; 0; 
22.1707360744; 99587; 0.0; 0.0; -0.27905; 0.0; 0.0; 0.0; 0.0; 0.0; 0.0; 0.0; 0.0; 0.0; 0.0; 0.0; 0.0; 0.0; 0.0; 2.39; 0.87; 4.62; 2.41; 25.0; -25.0; 0.0; 0; 0; 0.0; 0.0; 1; 5.35049405411; 0.217613978999; 0.397380357166; 0; 0; 0; 0; 0.0; 0.0; 0.0; -1.0; 0.0; 0.0; 0.0; 0.0; 0.0; 1.0;0; 0;0; 0; 
22.1820001602; 99592; 0.0; 0.0; -0.27881; 0.0; 0.0; 0.0; 0.0; 0.0; 0.0; 0.0; 0.0; 0.0; 0.0; 0.0; 0.0; 0.0; 0.0; 2.39; 0.87; 4.62; 2.41; 25.0; -25.0; 0.0; 0; 0; 0.0; 0.0; 1; 5.35049405411; 0.217613978999; 0.397380357166; 0; 0; 0; 0; 0.0; 0.0; 0.0; -1.0; 0.0; 0.0; 0.0; 0.0; 0.0; 1.0;0; 0;0; 0; 
22.1936531067; 99597; 0.0; 0.0; -0.27888; 0.0; 0.0; 0.0; 0.0; 0.0; 0.0; 0.0; 0.0; 0.0; 0.0; 0.0; 0.0; 0.0; 0.0; 2.39; 0.87; 4.62; 2.41; 25.0; -25.0; 0.0; 0; 0; 0.0; 0.0; 1; 5.35049405411; 0.217613978999; 0.397380357166; 0; 0; 0; 0; 0.0; 0.0; 0.0; -1.0; 0.0; 0.0; 0.0; 0.0; 0.0; 1.0;0; 0;0; 0; 
22.2054340839; 99602; 0.0; 0.0; -0.27923; 0.0; 0.0; 0.0; 0.0; 0.0; 0.0; 0.0; 0.0; 0.0; 0.0; 0.0; 0.0; 0.0; 0.0; 2.39; 0.87; 4.62; 2.41; 25.0; -25.0; 0.0; 0; 0; 0.0; 0.0; 1; 5.37831151593; 0.229746524905; 0.426305605938; 0; 0; 0; 0; 0.0; 0.0; 0.0; -1.0; 0.0; 0.0; 0.0; 0.0; 0.0; 1.0;0; 0;0; 0; 
22.2174592018; 99607; 0.0; 0.0; -0.27967; 0.0; 0.0; 0.0; 0.0; 0.0; 0.0; 0.0; 0.0; 0.0; 0.0; 0.0; 0.0; 0.0; 0.0; 2.48; 0.98; 4.69; 2.5; 25.0; -25.0; 0.0; 0; 0; 0.0; 0.0; 1; 5.37831151593; 0.229746524905; 0.426305605938; 0; 0; 0; 0; 0.0; 0.0; 0.0; -1.0; 0.0; 0.0; 0.0; 0.0; 0.0; 1.0;0; 0;0; 0; 
22.2292730808; 99612; 0.0; 0.0; -0.28021; 0.0; 0.0; 0.0; 0.0; 0.0; 0.0; 0.0; 0.0; 0.0; 0.0; 0.0; 0.0; 0.0; 0.0; 2.48; 0.98; 4.69; 2.5; 25.0; -25.0; 0.0; 0; 0; 0.0; 0.0; 1; 5.37831151593; 0.229746524905; 0.426305605938; 0; 0; 0; 0; 0.0; 0.0; 0.0; -1.0; 0.0; 0.0; 0.0; 0.0; 0.0; 1.0;0; 0;0; 0; 
22.2404401302; 99617; 0.0; 0.0; -0.28076; 0.0; 0.0; 0.0; 0.0; 0.0; 0.0; 0.0; 0.0; 0.0; 0.0; 0.0; 0.0; 0.0; 0.0; 2.48; 0.98; 4.69; 2.5; 25.0; -25.0; 0.0; 0; 0; 0.0; 0.0; 1; 5.37831151593; 0.229746524905; 0.426305605938; 0; 0; 0; 0; 0.0; 0.0; 0.0; -1.0; 0.0; 0.0; 0.0; 0.0; 0.0; 1.0;0; 0;0; 0; 
22.251401186; 99622; 0.0; 0.0; -0.2813; 0.0; 0.0; 0.0; 0.0; 0.0; 0.0; 0.0; 0.0; 0.0; 0.0; 0.0; 0.0; 0.0; 0.0; 2.48; 0.98; 4.69; 2.5; 25.0; -25.0; 0.0; 0; 0; 0.0; 0.0; 1; 5.37831151593; 0.229746524905; 0.426305605938; 0; 0; 0; 0; 0.0; 0.0; 0.0; -1.0; 0.0; 0.0; 0.0; 0.0; 0.0; 1.0;0; 0;0; 0; 
22.2624280453; 99627; 0.0; 0.0; -0.28177; 0.0; 0.0; 0.0; 0.0; 0.0; 0.0; 0.0; 0.0; 0.0; 0.0; 0.0; 0.0; 0.0; 0.0; 2.48; 0.98; 4.69; 2.5; 25.0; -25.0; 0.0; 0; 0; 0.0; 0.0; 1; 5.37831151593; 0.229746524905; 0.426305605938; 0; 0; 0; 0; 0.0; 0.0; 0.0; -1.0; 0.0; 0.0; 0.0; 0.0; 0.0; 1.0;0; 0;0; 0; 
22.2746021748; 99632; 0.0; 0.0; -0.2821; 0.0; 0.0; 0.0; 0.0; 0.0; 0.0; 0.0; 0.0; 0.0; 0.0; 0.0; 0.0; 0.0; 0.0; 2.48; 0.98; 4.69; 2.5; 25.0; -25.0; 0.0; 0; 0; 0.0; 0.0; 1; 5.37831151593; 0.229746524905; 0.426305605938; 0; 0; 0; 0; 0.0; 0.0; 0.0; -1.0; 0.0; 0.0; 0.0; 0.0; 0.0; 1.0;0; 0;0; 0; 
22.2856240273; 99637; 0.0; 0.0; -0.28237; 0.0; 0.0; 0.0; 0.0; 0.0; 0.0; 0.0; 0.0; 0.0; 0.0; 0.0; 0.0; 0.0; 0.0; 2.48; 0.98; 4.69; 2.5; 25.0; -25.0; 0.0; 0; 0; 0.0; 0.0; 1; 5.37831151593; 0.229746524905; 0.426305605938; 0; 0; 0; 0; 0.0; 0.0; 0.0; -1.0; 0.0; 0.0; 0.0; 0.0; 0.0; 1.0;0; 0;0; 0; 
22.2971150875; 99642; 0.0; 0.0; -0.28258; 0.0; 0.0; 0.0; 0.0; 0.0; 0.0; 0.0; 0.0; 0.0; 0.0; 0.0; 0.0; 0.0; 0.0; 2.48; 0.98; 4.69; 2.5; 25.0; -25.0; 0.0; 0; 0; 0.0; 0.0; 1; 5.37831151593; 0.229746524905; 0.426305605938; 0; 0; 0; 0; 0.0; 0.0; 0.0; -1.0; 0.0; 0.0; 0.0; 0.0; 0.0; 1.0;0; 0;0; 0; 
22.3087050915; 99647; 0.0; 0.0; -0.28275; 0.0; 0.0; 0.0; 0.0; 0.0; 0.0; 0.0; 0.0; 0.0; 0.0; 0.0; 0.0; 0.0; 0.0; 2.48; 0.98; 4.69; 2.5; 25.0; -25.0; 0.0; 0; 0; 0.0; 0.0; 1; 5.37831151593; 0.229746524905; 0.426305605938; 0; 0; 0; 0; 0.0; 0.0; 0.0; -1.0; 0.0; 0.0; 0.0; 0.0; 0.0; 1.0;0; 0;0; 0; 
22.3207840919; 99652; 0.0; 0.0; -0.28287; 0.0; 0.0; 0.0; 0.0; 0.0; 0.0; 0.0; 0.0; 0.0; 0.0; 0.0; 0.0; 0.0; 0.0; 2.48; 0.98; 4.69; 2.5; 25.0; -25.0; 0.0; 0; 0; 0.0; 0.0; 1; 5.37831151593; 0.229746524905; 0.426305605938; 0; 0; 0; 0; 0.0; 0.0; 0.0; -1.0; 0.0; 0.0; 0.0; 0.0; 0.0; 1.0;0; 0;0; 0; 
22.3316791058; 99657; 0.0; 0.0; -0.28296; 0.0; 0.0; 0.0; 0.0; 0.0; 0.0; 0.0; 0.0; 0.0; 0.0; 0.0; 0.0; 0.0; 0.0; 2.48; 0.98; 4.69; 2.5; 25.0; -25.0; 0.0; 0; 0; 0.0; 0.0; 1; 5.37831151593; 0.229746524905; 0.426305605938; 0; 0; 0; 0; 0.0; 0.0; 0.0; -1.0; 0.0; 0.0; 0.0; 0.0; 0.0; 1.0;0; 0;0; 0; 
22.3433840275; 99662; 0.0; 0.0; -0.2831; 0.0; 0.0; 0.0; 0.0; 0.0; 0.0; 0.0; 0.0; 0.0; 0.0; 0.0; 0.0; 0.0; 0.0; 2.48; 0.98; 4.69; 2.5; 25.0; -25.0; 0.0; 0; 0; 0.0; 0.0; 1; 5.37831151593; 0.229746524905; 0.426305605938; 0; 0; 0; 0; 0.0; 0.0; 0.0; -1.0; 0.0; 0.0; 0.0; 0.0; 0.0; 1.0;0; 0;0; 0; 
22.3556380272; 99667; 0.0; 0.0; -0.28335; 0.0; 0.0; 0.0; 0.0; 0.0; 0.0; 0.0; 0.0; 0.0; 0.0; 0.0; 0.0; 0.0; 0.0; 2.48; 0.98; 4.69; 2.5; 25.0; -25.0; 0.0; 0; 0; 0.0; 0.0; 1; 5.37831151593; 0.229746524905; 0.426305605938; 0; 0; 0; 0; 0.0; 0.0; 0.0; -1.0; 0.0; 0.0; 0.0; 0.0; 0.0; 1.0;0; 0;0; 0; 
22.3677880764; 99672; 0.0; 0.0; -0.28369; 0.0; 0.0; 0.0; 0.0; 0.0; 0.0; 0.0; 0.0; 0.0; 0.0; 0.0; 0.0; 0.0; 0.0; 2.48; 0.98; 4.69; 2.5; 25.0; -25.0; 0.0; 0; 0; 0.0; 0.0; 1; 5.37831151593; 0.229746524905; 0.426305605938; 0; 0; 0; 0; 0.0; 0.0; 0.0; -1.0; 0.0; 0.0; 0.0; 0.0; 0.0; 1.0;0; 0;0; 0; 
22.378909111; 99677; 0.0; 0.0; -0.28408; 0.0; 0.0; 0.0; 0.0; 0.0; 0.0; 0.0; 0.0; 0.0; 0.0; 0.0; 0.0; 0.0; 0.0; 2.48; 0.98; 4.69; 2.5; 25.0; -25.0; 0.0; 0; 0; 0.0; 0.0; 1; 5.37831151593; 0.229746524905; 0.426305605938; 0; 0; 0; 0; 0.0; 0.0; 0.0; -1.0; 0.0; 0.0; 0.0; 0.0; 0.0; 1.0;0; 0;0; 0; 
22.3908500671; 99682; 0.0; 0.0; -0.2845; 0.0; 0.0; 0.0; 0.0; 0.0; 0.0; 0.0; 0.0; 0.0; 0.0; 0.0; 0.0; 0.0; 0.0; 2.48; 0.98; 4.69; 2.5; 25.0; -25.0; 0.0; 0; 0; 0.0; 0.0; 1; 5.37831151593; 0.229746524905; 0.426305605938; 0; 0; 0; 0; 0.0; 0.0; 0.0; -1.0; 0.0; 0.0; 0.0; 0.0; 0.0; 1.0;0; 0;0; 0; 
22.4028081894; 99687; 0.0; 0.0; -0.28489; 0.0; 0.0; 0.0; 0.0; 0.0; 0.0; 0.0; 0.0; 0.0; 0.0; 0.0; 0.0; 0.0; 0.0; 2.48; 0.98; 4.69; 2.5; 25.0; -25.0; 0.0; 0; 0; 0.0; 0.0; 1; 5.37831151593; 0.229746524905; 0.426305605938; 0; 0; 0; 0; 0.0; 0.0; 0.0; -1.0; 0.0; 0.0; 0.0; 0.0; 0.0; 1.0;0; 0;0; 0; 
22.4153289795; 99692; 0.0; 0.0; -0.28514; 0.0; 0.0; 0.0; 0.0; 0.0; 0.0; 0.0; 0.0; 0.0; 0.0; 0.0; 0.0; 0.0; 0.0; 2.48; 0.98; 4.69; 2.5; 25.0; -25.0; 0.0; 0; 0; 0.0; 0.0; 1; 5.37831151593; 0.229746524905; 0.426305605938; 0; 0; 0; 0; 0.0; 0.0; 0.0; -1.0; 0.0; 0.0; 0.0; 0.0; 0.0; 1.0;0; 0;0; 0; 
22.4264161587; 99697; 0.0; 0.0; -0.28512; 0.0; 0.0; 0.0; 0.0; 0.0; 0.0; 0.0; 0.0; 0.0; 0.0; 0.0; 0.0; 0.0; 0.0; 2.48; 0.98; 4.69; 2.5; 25.0; -25.0; 0.0; 0; 0; 0.0; 0.0; 1; 5.37831151593; 0.229746524905; 0.426305605938; 0; 0; 0; 0; 0.0; 0.0; 0.0; -1.0; 0.0; 0.0; 0.0; 0.0; 0.0; 1.0;0; 0;0; 0; 
22.4376540184; 99702; 0.0; 0.0; -0.28476; 0.0; 0.0; 0.0; 0.0; 0.0; 0.0; 0.0; 0.0; 0.0; 0.0; 0.0; 0.0; 0.0; 0.0; 2.48; 0.98; 4.69; 2.5; 25.0; -25.0; 0.0; 0; 0; 0.0; 0.0; 1; 5.40693299757; 0.243222429301; 0.455136260092; 0; 0; 0; 0; 0.0; 0.0; 0.0; -1.0; 0.0; 0.0; 0.0; 0.0; 0.0; 1.0;0; 0;0; 0; 
22.4495751858; 99707; 0.0; 0.0; -0.28406; 0.0; 0.0; 0.0; 0.0; 0.0; 0.0; 0.0; 0.0; 0.0; 0.0; 0.0; 0.0; 0.0; 0.0; 2.48; 0.98; 7.02; 2.57; 25.0; -25.0; 0.0; 0; 0; 0.0; 0.0; 1; 5.40693299757; 0.243222429301; 0.455136260092; 0; 0; 0; 0; 0.0; 0.0; 0.0; -1.0; 0.0; 0.0; 0.0; 0.0; 0.0; 1.0;0; 0;0; 0; 
22.4610919952; 99712; 0.0; 0.0; -0.2831; 0.0; 0.0; 0.0; 0.0; 0.0; 0.0; 0.0; 0.0; 0.0; 0.0; 0.0; 0.0; 0.0; 0.0; 2.48; 0.98; 7.02; 2.57; 25.0; -25.0; 0.0; 0; 0; 0.0; 0.0; 1; 5.40693299757; 0.243222429301; 0.455136260092; 0; 0; 0; 0; 0.0; 0.0; 0.0; -1.0; 0.0; 0.0; 0.0; 0.0; 0.0; 1.0;0; 0;0; 0; 
22.4723119736; 99717; 0.0; 0.0; -0.28193; 0.0; 0.0; 0.0; 0.0; 0.0; 0.0; 0.0; 0.0; 0.0; 0.0; 0.0; 0.0; 0.0; 0.0; 2.48; 0.98; 7.02; 2.57; 25.0; -25.0; 0.0; 0; 0; 0.0; 0.0; 1; 5.40693299757; 0.243222429301; 0.455136260092; 0; 0; 0; 0; 0.0; 0.0; 0.0; -1.0; 0.0; 0.0; 0.0; 0.0; 0.0; 1.0;0; 0;0; 0; 
22.4835841656; 99722; 0.0; 0.0; -0.28075; 0.0; 0.0; 0.0; 0.0; 0.0; 0.0; 0.0; 0.0; 0.0; 0.0; 0.0; 0.0; 0.0; 0.0; 2.48; 0.98; 7.02; 2.57; 25.0; -25.0; 0.0; 0; 0; 0.0; 0.0; 1; 5.40693299757; 0.243222429301; 0.455136260092; 0; 0; 0; 0; 0.0; 0.0; 0.0; -1.0; 0.0; 0.0; 0.0; 0.0; 0.0; 1.0;0; 0;0; 0; 
22.4948680401; 99727; 0.0; 0.0; -0.27965; 0.0; 0.0; 0.0; 0.0; 0.0; 0.0; 0.0; 0.0; 0.0; 0.0; 0.0; 0.0; 0.0; 0.0; 2.48; 0.98; 7.02; 2.57; 25.0; -25.0; 0.0; 0; 0; 0.0; 0.0; 1; 5.40693299757; 0.243222429301; 0.455136260092; 0; 0; 0; 0; 0.0; 0.0; 0.0; -1.0; 0.0; 0.0; 0.0; 0.0; 0.0; 1.0;0; 0;0; 0; 
22.5065131187; 99732; 0.0; 0.0; -0.2787; 0.0; 0.0; 0.0; 0.0; 0.0; 0.0; 0.0; 0.0; 0.0; 0.0; 0.0; 0.0; 0.0; 0.0; 2.48; 0.98; 7.02; 2.57; 25.0; -25.0; 0.0; 0; 0; 0.0; 0.0; 1; 5.40693299757; 0.243222429301; 0.455136260092; 0; 0; 0; 0; 0.0; 0.0; 0.0; -1.0; 0.0; 0.0; 0.0; 0.0; 0.0; 1.0;0; 0;0; 0; 
22.5180649757; 99737; 0.0; 0.0; -0.27801; 0.0; 0.0; 0.0; 0.0; 0.0; 0.0; 0.0; 0.0; 0.0; 0.0; 0.0; 0.0; 0.0; 0.0; 2.48; 0.98; 7.02; 2.57; 25.0; -25.0; 0.0; 0; 0; 0.0; 0.0; 1; 5.40693299757; 0.243222429301; 0.455136260092; 0; 0; 0; 0; 0.0; 0.0; 0.0; -1.0; 0.0; 0.0; 0.0; 0.0; 0.0; 1.0;0; 0;0; 0; 
22.5300161839; 99742; 0.0; 0.0; -0.27762; 0.0; 0.0; 0.0; 0.0; 0.0; 0.0; 0.0; 0.0; 0.0; 0.0; 0.0; 0.0; 0.0; 0.0; 2.48; 0.98; 7.02; 2.57; 25.0; -25.0; 0.0; 0; 0; 0.0; 0.0; 1; 5.40693299757; 0.243222429301; 0.455136260092; 0; 0; 0; 0; 0.0; 0.0; 0.0; -1.0; 0.0; 0.0; 0.0; 0.0; 0.0; 1.0;0; 0;0; 0; 
22.5415580273; 99747; 0.0; 0.0; -0.27758; 0.0; 0.0; 0.0; 0.0; 0.0; 0.0; 0.0; 0.0; 0.0; 0.0; 0.0; 0.0; 0.0; 0.0; 2.48; 0.98; 7.02; 2.57; 25.0; -25.0; 0.0; 0; 0; 0.0; 0.0; 1; 5.40693299757; 0.243222429301; 0.455136260092; 0; 0; 0; 0; 0.0; 0.0; 0.0; -1.0; 0.0; 0.0; 0.0; 0.0; 0.0; 1.0;0; 0;0; 0; 
22.5533931255; 99752; 0.0; 0.0; -0.27782; 0.0; 0.0; 0.0; 0.0; 0.0; 0.0; 0.0; 0.0; 0.0; 0.0; 0.0; 0.0; 0.0; 0.0; 2.48; 0.98; 7.02; 2.57; 25.0; -25.0; 0.0; 0; 0; 0.0; 0.0; 1; 5.40693299757; 0.243222429301; 0.455136260092; 0; 0; 0; 0; 0.0; 0.0; 0.0; -1.0; 0.0; 0.0; 0.0; 0.0; 0.0; 1.0;0; 0;0; 0; 
22.5656681061; 99757; 0.0; 0.0; -0.27827; 0.0; 0.0; 0.0; 0.0; 0.0; 0.0; 0.0; 0.0; 0.0; 0.0; 0.0; 0.0; 0.0; 0.0; 2.48; 0.98; 7.02; 2.57; 25.0; -25.0; 0.0; 0; 0; 0.0; 0.0; 1; 5.40693299757; 0.243222429301; 0.455136260092; 0; 0; 0; 0; 0.0; 0.0; 0.0; -1.0; 0.0; 0.0; 0.0; 0.0; 0.0; 1.0;0; 0;0; 0; 
22.5766780376; 99762; 0.0; 0.0; -0.27893; 0.0; 0.0; 0.0; 0.0; 0.0; 0.0; 0.0; 0.0; 0.0; 0.0; 0.0; 0.0; 0.0; 0.0; 2.48; 0.98; 7.02; 2.57; 25.0; -25.0; 0.0; 0; 0; 0.0; 0.0; 1; 5.40693299757; 0.243222429301; 0.455136260092; 0; 0; 0; 0; 0.0; 0.0; 0.0; -1.0; 0.0; 0.0; 0.0; 0.0; 0.0; 1.0;0; 0;0; 0; 
22.5888090134; 99767; 0.0; 0.0; -0.27973; 0.0; 0.0; 0.0; 0.0; 0.0; 0.0; 0.0; 0.0; 0.0; 0.0; 0.0; 0.0; 0.0; 0.0; 2.48; 0.98; 7.02; 2.57; 25.0; -25.0; 0.0; 0; 0; 0.0; 0.0; 1; 5.40693299757; 0.243222429301; 0.455136260092; 0; 0; 0; 0; 0.0; 0.0; 0.0; -1.0; 0.0; 0.0; 0.0; 0.0; 0.0; 1.0;0; 0;0; 0; 
22.6007730961; 99772; 0.0; 0.0; -0.28055; 0.0; 0.0; 0.0; 0.0; 0.0; 0.0; 0.0; 0.0; 0.0; 0.0; 0.0; 0.0; 0.0; 0.0; 2.48; 0.98; 7.02; 2.57; 25.0; -25.0; 0.0; 0; 0; 0.0; 0.0; 1; 5.40693299757; 0.243222429301; 0.455136260092; 0; 0; 0; 0; 0.0; 0.0; 0.0; -1.0; 0.0; 0.0; 0.0; 0.0; 0.0; 1.0;0; 0;0; 0; 
22.6133351326; 99777; 0.0; 0.0; -0.28131; 0.0; 0.0; 0.0; 0.0; 0.0; 0.0; 0.0; 0.0; 0.0; 0.0; 0.0; 0.0; 0.0; 0.0; 2.48; 0.98; 7.02; 2.57; 25.0; -25.0; 0.0; 0; 0; 0.0; 0.0; 1; 5.40693299757; 0.243222429301; 0.455136260092; 0; 0; 0; 0; 0.0; 0.0; 0.0; -1.0; 0.0; 0.0; 0.0; 0.0; 0.0; 1.0;0; 0;0; 0; 
22.6245269775; 99782; 0.0; 0.0; -0.28192; 0.0; 0.0; 0.0; 0.0; 0.0; 0.0; 0.0; 0.0; 0.0; 0.0; 0.0; 0.0; 0.0; 0.0; 2.48; 0.98; 7.02; 2.57; 25.0; -25.0; 0.0; 0; 0; 0.0; 0.0; 1; 5.40693299757; 0.243222429301; 0.455136260092; 0; 0; 0; 0; 0.0; 0.0; 0.0; -1.0; 0.0; 0.0; 0.0; 0.0; 0.0; 1.0;0; 0;0; 0; 
22.6355240345; 99787; 0.0; 0.0; -0.28236; 0.0; 0.0; 0.0; 0.0; 0.0; 0.0; 0.0; 0.0; 0.0; 0.0; 0.0; 0.0; 0.0; 0.0; 2.48; 0.98; 7.02; 2.57; 25.0; -25.0; 0.0; 0; 0; 0.0; 0.0; 1; 5.40693299757; 0.243222429301; 0.455136260092; 0; 0; 0; 0; 0.0; 0.0; 0.0; -1.0; 0.0; 0.0; 0.0; 0.0; 0.0; 1.0;0; 0;0; 0; 
22.6467089653; 99792; 0.0; 0.0; -0.28261; 0.0; 0.0; 0.0; 0.0; 0.0; 0.0; 0.0; 0.0; 0.0; 0.0; 0.0; 0.0; 0.0; 0.0; 2.48; 0.98; 7.02; 2.57; 25.0; -25.0; 0.0; 0; 0; 0.0; 0.0; 1; 5.40693299757; 0.243222429301; 0.455136260092; 0; 0; 0; 0; 0.0; 0.0; 0.0; -1.0; 0.0; 0.0; 0.0; 0.0; 0.0; 1.0;0; 0;0; 0; 
22.6580941677; 99797; 0.0; 0.0; -0.28264; 0.0; 0.0; 0.0; 0.0; 0.0; 0.0; 0.0; 0.0; 0.0; 0.0; 0.0; 0.0; 0.0; 0.0; 2.48; 0.98; 7.02; 2.57; 25.0; -25.0; 0.0; 0; 0; 0.0; 0.0; 1; 5.40693299757; 0.243222429301; 0.455136260092; 0; 0; 0; 0; 0.0; 0.0; 0.0; -1.0; 0.0; 0.0; 0.0; 0.0; 0.0; 1.0;0; 0;0; 0; 
22.6698009968; 99802; 0.0; 0.0; -0.28247; 0.0; 0.0; 0.0; 0.0; 0.0; 0.0; 0.0; 0.0; 0.0; 0.0; 0.0; 0.0; 0.0; 0.0; 2.48; 0.98; 7.02; 2.57; 25.0; -25.0; 0.0; 0; 0; 0.0; 0.0; 1; 5.43745303309; 0.258694027215; 0.484082539381; 0; 0; 0; 0; 0.0; 0.0; 0.0; -1.0; 0.0; 0.0; 0.0; 0.0; 0.0; 1.0;0; 0;0; 0; 
22.6812779903; 99807; 0.0; 0.0; -0.28204; 0.0; 0.0; 0.0; 0.0; 0.0; 0.0; 0.0; 0.0; 0.0; 0.0; 0.0; 0.0; 0.0; 0.0; 2.48; 0.98; 7.02; 2.57; 25.0; -25.0; 0.0; 0; 0; 0.0; 0.0; 1; 5.43745303309; 0.258694027215; 0.484082539381; 0; 0; 0; 0; 0.0; 0.0; 0.0; -1.0; 0.0; 0.0; 0.0; 0.0; 0.0; 1.0;0; 0;0; 0; 
22.6938869953; 99812; 0.0; 0.0; -0.28142; 0.0; 0.0; 0.0; 0.0; 0.0; 0.0; 0.0; 0.0; 0.0; 0.0; 0.0; 0.0; 0.0; 0.0; 2.48; 0.98; 7.02; 2.57; 25.0; -25.0; 0.0; 0; 0; 0.0; 0.0; 1; 5.43745303309; 0.258694027215; 0.484082539381; 0; 0; 0; 0; 0.0; 0.0; 0.0; -1.0; 0.0; 0.0; 0.0; 0.0; 0.0; 1.0;0; 0;0; 0; 
22.7070770264; 99817; 0.0; 0.0; -0.28068; 0.0; 0.0; 0.0; 0.0; 0.0; 0.0; 0.0; 0.0; 0.0; 0.0; 0.0; 0.0; 0.0; 0.0; 2.48; 0.98; 7.02; 2.57; 25.0; -25.0; 0.0; 0; 0; 0.0; 0.0; 1; 5.43745303309; 0.258694027215; 0.484082539381; 0; 0; 0; 0; 0.0; 0.0; 0.0; -1.0; 0.0; 0.0; 0.0; 0.0; 0.0; 1.0;0; 0;0; 0; 
22.7203981876; 99822; 0.0; 0.0; -0.27988; 0.0; 0.0; 0.0; 0.0; 0.0; 0.0; 0.0; 0.0; 0.0; 0.0; 0.0; 0.0; 0.0; 0.0; 2.48; 0.98; 7.02; 2.57; 25.0; -25.0; 0.0; 0; 0; 0.0; 0.0; 1; 5.43745303309; 0.258694027215; 0.484082539381; 0; 0; 0; 0; 0.0; 0.0; 0.0; -1.0; 0.0; 0.0; 0.0; 0.0; 0.0; 1.0;0; 0;0; 0; 
22.7336921692; 99827; 0.0; 0.0; -0.27907; 0.0; 0.0; 0.0; 0.0; 0.0; 0.0; 0.0; 0.0; 0.0; 0.0; 0.0; 0.0; 0.0; 0.0; 2.48; 0.98; 7.02; 2.57; 25.0; -25.0; 0.0; 0; 0; 0.0; 0.0; 1; 5.43745303309; 0.258694027215; 0.484082539381; 0; 0; 0; 0; 0.0; 0.0; 0.0; -1.0; 0.0; 0.0; 0.0; 0.0; 0.0; 1.0;0; 0;0; 0; 
22.7465131283; 99832; 0.0; 0.0; -0.27828; 0.0; 0.0; 0.0; 0.0; 0.0; 0.0; 0.0; 0.0; 0.0; 0.0; 0.0; 0.0; 0.0; 0.0; 2.48; 0.98; 7.02; 2.57; 25.0; -25.0; 0.0; 0; 0; 0.0; 0.0; 1; 5.43745303309; 0.258694027215; 0.484082539381; 0; 0; 0; 0; 0.0; 0.0; 0.0; -1.0; 0.0; 0.0; 0.0; 0.0; 0.0; 1.0;0; 0;0; 0; 
22.7594270706; 99837; 0.0; 0.0; -0.27766; 0.0; 0.0; 0.0; 0.0; 0.0; 0.0; 0.0; 0.0; 0.0; 0.0; 0.0; 0.0; 0.0; 0.0; 2.48; 0.98; 7.02; 2.57; 25.0; -25.0; 0.0; 0; 0; 0.0; 0.0; 1; 5.43745303309; 0.258694027215; 0.484082539381; 0; 0; 0; 0; 0.0; 0.0; 0.0; -1.0; 0.0; 0.0; 0.0; 0.0; 0.0; 1.0;0; 0;0; 0; 
22.7729101181; 99842; 0.0; 0.0; -0.27722; 0.0; 0.0; 0.0; 0.0; 0.0; 0.0; 0.0; 0.0; 0.0; 0.0; 0.0; 0.0; 0.0; 0.0; 2.48; 0.98; 7.02; 2.57; 25.0; -25.0; 0.0; 0; 0; 0.0; 0.0; 1; 5.43745303309; 0.258694027215; 0.484082539381; 0; 0; 0; 0; 0.0; 0.0; 0.0; -1.0; 0.0; 0.0; 0.0; 0.0; 0.0; 1.0;0; 0;0; 0; 
22.7856609821; 99847; 0.0; 0.0; -0.27691; 0.0; 0.0; 0.0; 0.0; 0.0; 0.0; 0.0; 0.0; 0.0; 0.0; 0.0; 0.0; 0.0; 0.0; 2.48; 0.98; 7.02; 2.57; 25.0; -25.0; 0.0; 0; 0; 0.0; 0.0; 1; 5.43745303309; 0.258694027215; 0.484082539381; 0; 0; 0; 0; 0.0; 0.0; 0.0; -1.0; 0.0; 0.0; 0.0; 0.0; 0.0; 1.0;0; 0;0; 0; 
22.79906106; 99852; 0.0; 0.0; -0.27672; 0.0; 0.0; 0.0; 0.0; 0.0; 0.0; 0.0; 0.0; 0.0; 0.0; 0.0; 0.0; 0.0; 0.0; 2.48; 0.98; 7.02; 2.57; 25.0; -25.0; 0.0; 0; 0; 0.0; 0.0; 1; 5.43745303309; 0.258694027215; 0.484082539381; 0; 0; 0; 0; 0.0; 0.0; 0.0; -1.0; 0.0; 0.0; 0.0; 0.0; 0.0; 1.0;0; 0;0; 0; 
22.8120570183; 99857; 0.0; 0.0; -0.27666; 0.0; 0.0; 0.0; 0.0; 0.0; 0.0; 0.0; 0.0; 0.0; 0.0; 0.0; 0.0; 0.0; 0.0; 2.48; 0.98; 7.02; 2.57; 25.0; -25.0; 0.0; 0; 0; 0.0; 0.0; 1; 5.43745303309; 0.258694027215; 0.484082539381; 0; 0; 0; 0; 0.0; 0.0; 0.0; -1.0; 0.0; 0.0; 0.0; 0.0; 0.0; 1.0;0; 0;0; 0; 
22.8252930641; 99862; 0.0; 0.0; -0.27672; 0.0; 0.0; 0.0; 0.0; 0.0; 0.0; 0.0; 0.0; 0.0; 0.0; 0.0; 0.0; 0.0; 0.0; 2.48; 0.98; 7.02; 2.57; 25.0; -25.0; 0.0; 0; 0; 0.0; 0.0; 1; 5.43745303309; 0.258694027215; 0.484082539381; 0; 0; 0; 0; 0.0; 0.0; 0.0; -1.0; 0.0; 0.0; 0.0; 0.0; 0.0; 1.0;0; 0;0; 0; 
22.8388311863; 99867; 0.0; 0.0; -0.27694; 0.0; 0.0; 0.0; 0.0; 0.0; 0.0; 0.0; 0.0; 0.0; 0.0; 0.0; 0.0; 0.0; 0.0; 2.48; 0.98; 7.02; 2.57; 25.0; -25.0; 0.0; 0; 0; 0.0; 0.0; 1; 5.43745303309; 0.258694027215; 0.484082539381; 0; 0; 0; 0; 0.0; 0.0; 0.0; -1.0; 0.0; 0.0; 0.0; 0.0; 0.0; 1.0;0; 0;0; 0; 
22.8516120911; 99872; 0.0; 0.0; -0.27725; 0.0; 0.0; 0.0; 0.0; 0.0; 0.0; 0.0; 0.0; 0.0; 0.0; 0.0; 0.0; 0.0; 0.0; 2.48; 0.98; 7.02; 2.57; 25.0; -25.0; 0.0; 0; 0; 0.0; 0.0; 1; 5.43745303309; 0.258694027215; 0.484082539381; 0; 0; 0; 0; 0.0; 0.0; 0.0; -1.0; 0.0; 0.0; 0.0; 0.0; 0.0; 1.0;0; 0;0; 0; 
22.8641090393; 99877; 0.0; 0.0; -0.2776; 0.0; 0.0; 0.0; 0.0; 0.0; 0.0; 0.0; 0.0; 0.0; 0.0; 0.0; 0.0; 0.0; 0.0; 2.48; 0.98; 7.02; 2.57; 25.0; -25.0; 0.0; 0; 0; 0.0; 0.0; 1; 5.43745303309; 0.258694027215; 0.484082539381; 0; 0; 0; 0; 0.0; 0.0; 0.0; -1.0; 0.0; 0.0; 0.0; 0.0; 0.0; 1.0;0; 0;0; 0; 
22.87779212; 99882; 0.0; 0.0; -0.27788; 0.0; 0.0; 0.0; 0.0; 0.0; 0.0; 0.0; 0.0; 0.0; 0.0; 0.0; 0.0; 0.0; 0.0; 2.48; 0.98; 7.02; 2.57; 25.0; -25.0; 0.0; 0; 0; 0.0; 0.0; 1; 5.43745303309; 0.258694027215; 0.484082539381; 0; 0; 0; 0; 0.0; 0.0; 0.0; -1.0; 0.0; 0.0; 0.0; 0.0; 0.0; 1.0;0; 0;0; 0; 
22.8914520741; 99887; 0.0; 0.0; -0.27803; 0.0; 0.0; 0.0; 0.0; 0.0; 0.0; 0.0; 0.0; 0.0; 0.0; 0.0; 0.0; 0.0; 0.0; 2.48; 0.98; 7.02; 2.57; 25.0; -25.0; 0.0; 0; 0; 0.0; 0.0; 1; 5.43745303309; 0.258694027215; 0.484082539381; 0; 0; 0; 0; 0.0; 0.0; 0.0; -1.0; 0.0; 0.0; 0.0; 0.0; 0.0; 1.0;0; 0;0; 0; 
22.9043121338; 99892; 0.0; 0.0; -0.27799; 0.0; 0.0; 0.0; 0.0; 0.0; 0.0; 0.0; 0.0; 0.0; 0.0; 0.0; 0.0; 0.0; 0.0; 2.48; 0.98; 7.02; 2.57; 25.0; -25.0; 0.0; 0; 0; 0.0; 0.0; 1; 5.43745303309; 0.258694027215; 0.484082539381; 0; 0; 0; 0; 0.0; 0.0; 0.0; -1.0; 0.0; 0.0; 0.0; 0.0; 0.0; 1.0;0; 0;0; 0; 
22.9173870087; 99897; 0.0; 0.0; -0.27771; 0.0; 0.0; 0.0; 0.0; 0.0; 0.0; 0.0; 0.0; 0.0; 0.0; 0.0; 0.0; 0.0; 0.0; 2.48; 0.98; 7.02; 2.57; 25.0; -25.0; 0.0; 0; 0; 0.0; 0.0; 1; 5.43745303309; 0.258694027215; 0.484082539381; 0; 0; 0; 0; 0.0; 0.0; 0.0; -1.0; 0.0; 0.0; 0.0; 0.0; 0.0; 1.0;0; 0;0; 0; 
22.9284291267; 99902; 0.0; 0.0; -0.27718; 0.0; 0.0; 0.0; 0.0; 0.0; 0.0; 0.0; 0.0; 0.0; 0.0; 0.0; 0.0; 0.0; 0.0; 2.48; 0.98; 7.02; 2.57; 25.0; -25.0; 0.0; 0; 0; 0.0; 0.0; 1; 5.47046766143; 0.276647743788; 0.513180306739; 0; 0; 0; 0; 0.0; 0.0; 0.0; -1.0; 0.0; 0.0; 0.0; 0.0; 0.0; 1.0;0; 0;0; 0; 
22.9396021366; 99907; 0.0; 0.0; -0.27644; 0.0; 0.0; 0.0; 0.0; 0.0; 0.0; 0.0; 0.0; 0.0; 0.0; 0.0; 0.0; 0.0; 0.0; 2.48; 0.98; 7.02; 2.57; 25.0; -25.0; 0.0; 0; 0; 0.0; 0.0; 1; 5.47046766143; 0.276647743788; 0.513180306739; 0; 0; 0; 0; 0.0; 0.0; 0.0; -1.0; 0.0; 0.0; 0.0; 0.0; 0.0; 1.0;0; 0;0; 0; 
22.9519000053; 99912; 0.0; 0.0; -0.27563; 0.0; 0.0; 0.0; 0.0; 0.0; 0.0; 0.0; 0.0; 0.0; 0.0; 0.0; 0.0; 0.0; 0.0; 2.45; 0.98; 4.65; 3.79; 25.0; -25.0; 0.0; 0; 0; 0.0; 0.0; 1; 5.47046766143; 0.276647743788; 0.513180306739; 0; 0; 0; 0; 0.0; 0.0; 0.0; -1.0; 0.0; 0.0; 0.0; 0.0; 0.0; 1.0;0; 0;0; 0; 
22.963504076; 99917; 0.0; 0.0; -0.27487; 0.0; 0.0; 0.0; 0.0; 0.0; 0.0; 0.0; 0.0; 0.0; 0.0; 0.0; 0.0; 0.0; 0.0; 2.45; 0.98; 4.65; 3.79; 25.0; -25.0; 0.0; 0; 0; 0.0; 0.0; 1; 5.47046766143; 0.276647743788; 0.513180306739; 0; 0; 0; 0; 0.0; 0.0; 0.0; -1.0; 0.0; 0.0; 0.0; 0.0; 0.0; 1.0;0; 0;0; 0; 
22.9745872021; 99922; 0.0; 0.0; -0.27421; 0.0; 0.0; 0.0; 0.0; 0.0; 0.0; 0.0; 0.0; 0.0; 0.0; 0.0; 0.0; 0.0; 0.0; 2.45; 0.98; 4.65; 3.79; 25.0; -25.0; 0.0; 0; 0; 0.0; 0.0; 1; 5.47046766143; 0.276647743788; 0.513180306739; 0; 0; 0; 0; 0.0; 0.0; 0.0; -1.0; 0.0; 0.0; 0.0; 0.0; 0.0; 1.0;0; 0;0; 0; 
22.9854121208; 99927; 0.0; 0.0; -0.2737; 0.0; 0.0; 0.0; 0.0; 0.0; 0.0; 0.0; 0.0; 0.0; 0.0; 0.0; 0.0; 0.0; 0.0; 2.45; 0.98; 4.65; 3.79; 25.0; -25.0; 0.0; 0; 0; 0.0; 0.0; 1; 5.47046766143; 0.276647743788; 0.513180306739; 0; 0; 0; 0; 0.0; 0.0; 0.0; -1.0; 0.0; 0.0; 0.0; 0.0; 0.0; 1.0;0; 0;0; 0; 
22.9960801601; 99932; 0.0; 0.0; -0.27335; 0.0; 0.0; 0.0; 0.0; 0.0; 0.0; 0.0; 0.0; 0.0; 0.0; 0.0; 0.0; 0.0; 0.0; 2.45; 0.98; 4.65; 3.79; 25.0; -25.0; 0.0; 0; 0; 0.0; 0.0; 1; 5.47046766143; 0.276647743788; 0.513180306739; 0; 0; 0; 0; 0.0; 0.0; 0.0; -1.0; 0.0; 0.0; 0.0; 0.0; 0.0; 1.0;0; 0;0; 0; 
23.0070800781; 99937; 0.0; 0.0; -0.27314; 0.0; 0.0; 0.0; 0.0; 0.0; 0.0; 0.0; 0.0; 0.0; 0.0; 0.0; 0.0; 0.0; 0.0; 2.45; 0.98; 4.65; 3.79; 25.0; -25.0; 0.0; 0; 0; 0.0; 0.0; 1; 5.47046766143; 0.276647743788; 0.513180306739; 0; 0; 0; 0; 0.0; 0.0; 0.0; -1.0; 0.0; 0.0; 0.0; 0.0; 0.0; 1.0;0; 0;0; 0; 
23.0181100368; 99942; 0.0; 0.0; -0.27308; 0.0; 0.0; 0.0; 0.0; 0.0; 0.0; 0.0; 0.0; 0.0; 0.0; 0.0; 0.0; 0.0; 0.0; 2.45; 0.98; 4.65; 3.79; 25.0; -25.0; 0.0; 0; 0; 0.0; 0.0; 1; 5.47046766143; 0.276647743788; 0.513180306739; 0; 0; 0; 0; 0.0; 0.0; 0.0; -1.0; 0.0; 0.0; 0.0; 0.0; 0.0; 1.0;0; 0;0; 0; 
23.0293540955; 99947; 0.0; 0.0; -0.2731; 0.0; 0.0; 0.0; 0.0; 0.0; 0.0; 0.0; 0.0; 0.0; 0.0; 0.0; 0.0; 0.0; 0.0; 2.45; 0.98; 4.65; 3.79; 25.0; -25.0; 0.0; 0; 0; 0.0; 0.0; 1; 5.47046766143; 0.276647743788; 0.513180306739; 0; 0; 0; 0; 0.0; 0.0; 0.0; -1.0; 0.0; 0.0; 0.0; 0.0; 0.0; 1.0;0; 0;0; 0; 
23.0406250954; 99952; 0.0; 0.0; -0.27318; 0.0; 0.0; 0.0; 0.0; 0.0; 0.0; 0.0; 0.0; 0.0; 0.0; 0.0; 0.0; 0.0; 0.0; 2.45; 0.98; 4.65; 3.79; 25.0; -25.0; 0.0; 0; 0; 0.0; 0.0; 1; 5.47046766143; 0.276647743788; 0.513180306739; 0; 0; 0; 0; 0.0; 0.0; 0.0; -1.0; 0.0; 0.0; 0.0; 0.0; 0.0; 1.0;0; 0;0; 0; 
23.0518321991; 99957; 0.0; 0.0; -0.27317; 0.0; 0.0; 0.0; 0.0; 0.0; 0.0; 0.0; 0.0; 0.0; 0.0; 0.0; 0.0; 0.0; 0.0; 2.45; 0.98; 4.65; 3.79; 25.0; -25.0; 0.0; 0; 0; 0.0; 0.0; 1; 5.47046766143; 0.276647743788; 0.513180306739; 0; 0; 0; 0; 0.0; 0.0; 0.0; -1.0; 0.0; 0.0; 0.0; 0.0; 0.0; 1.0;0; 0;0; 0; 
23.0624210835; 99962; 0.0; 0.0; -0.27301; 0.0; 0.0; 0.0; 0.0; 0.0; 0.0; 0.0; 0.0; 0.0; 0.0; 0.0; 0.0; 0.0; 0.0; 2.45; 0.98; 4.65; 3.79; 25.0; -25.0; 0.0; 0; 0; 0.0; 0.0; 1; 5.47046766143; 0.276647743788; 0.513180306739; 0; 0; 0; 0; 0.0; 0.0; 0.0; -1.0; 0.0; 0.0; 0.0; 0.0; 0.0; 1.0;0; 0;0; 0; 
23.0733730793; 99967; 0.0; 0.0; -0.2726; 0.0; 0.0; 0.0; 0.0; 0.0; 0.0; 0.0; 0.0; 0.0; 0.0; 0.0; 0.0; 0.0; 0.0; 2.45; 0.98; 4.65; 3.79; 25.0; -25.0; 0.0; 0; 0; 0.0; 0.0; 1; 5.47046766143; 0.276647743788; 0.513180306739; 0; 0; 0; 0; 0.0; 0.0; 0.0; -1.0; 0.0; 0.0; 0.0; 0.0; 0.0; 1.0;0; 0;0; 0; 
23.0852041245; 99973; 0.0; 0.0; -0.27187; 0.0; 0.0; 0.0; 0.0; 0.0; 0.0; 0.0; 0.0; 0.0; 0.0; 0.0; 0.0; 0.0; 0.0; 2.45; 0.98; 4.65; 3.79; 25.0; -25.0; 0.0; 0; 0; 0.0; 0.0; 1; 5.47046766143; 0.276647743788; 0.513180306739; 0; 0; 0; 0; 0.0; 0.0; 0.0; -1.0; 0.0; 0.0; 0.0; 0.0; 0.0; 1.0;0; 0;0; 0; 
23.0959091187; 99978; 0.0; 0.0; -0.27075; 0.0; 0.0; 0.0; 0.0; 0.0; 0.0; 0.0; 0.0; 0.0; 0.0; 0.0; 0.0; 0.0; 0.0; 2.45; 0.98; 4.65; 3.79; 25.0; -25.0; 0.0; 0; 0; 0.0; 0.0; 1; 5.47046766143; 0.276647743788; 0.513180306739; 0; 0; 0; 0; 0.0; 0.0; 0.0; -1.0; 0.0; 0.0; 0.0; 0.0; 0.0; 1.0;0; 0;0; 0; 
23.1075220108; 99983; 0.0; 0.0; -0.26927; 0.0; 0.0; 0.0; 0.0; 0.0; 0.0; 0.0; 0.0; 0.0; 0.0; 0.0; 0.0; 0.0; 0.0; 2.45; 0.98; 4.65; 3.79; 25.0; -25.0; 0.0; 0; 0; 0.0; 0.0; 1; 5.47046766143; 0.276647743788; 0.513180306739; 0; 0; 0; 0; 0.0; 0.0; 0.0; -1.0; 0.0; 0.0; 0.0; 0.0; 0.0; 1.0;0; 0;0; 0; 
23.119448185; 99988; 0.0; 0.0; -0.26748; 0.0; 0.0; 0.0; 0.0; 0.0; 0.0; 0.0; 0.0; 0.0; 0.0; 0.0; 0.0; 0.0; 0.0; 2.45; 0.98; 4.65; 3.79; 25.0; -25.0; 0.0; 0; 0; 0.0; 0.0; 1; 5.47046766143; 0.276647743788; 0.513180306739; 0; 0; 0; 0; 0.0; 0.0; 0.0; -1.0; 0.0; 0.0; 0.0; 0.0; 0.0; 1.0;0; 0;0; 0; 
23.1304130554; 99993; 0.0; 0.0; -0.26555; 0.0; 0.0; 0.0; 0.0; 0.0; 0.0; 0.0; 0.0; 0.0; 0.0; 0.0; 0.0; 0.0; 0.0; 2.45; 0.98; 4.65; 3.79; 25.0; -25.0; 0.0; 0; 0; 0.0; 0.0; 1; 5.47046766143; 0.276647743788; 0.513180306739; 0; 0; 0; 0; 0.0; 0.0; 0.0; -1.0; 0.0; 0.0; 0.0; 0.0; 0.0; 1.0;0; 0;0; 0; 
23.1415071487; 99998; 0.0; 0.0; -0.26359; 0.0; 0.0; 0.0; 0.0; 0.0; 0.0; 0.0; 0.0; 0.0; 0.0; 0.0; 0.0; 0.0; 0.0; 2.45; 0.98; 4.65; 3.79; 25.0; -25.0; 0.0; 0; 0; 0.0; 0.0; 1; 5.47046766143; 0.276647743788; 0.513180306739; 0; 0; 0; 0; 0.0; 0.0; 0.0; -1.0; 0.0; 0.0; 0.0; 0.0; 0.0; 1.0;0; 0;0; 0; 
23.1528940201; 100000; 0.0; 0.0; -0.26169; 0.0; 0.0; 0.0; 0.0; 0.0; 0.0; 0.0; 0.0; 0.0; 0.0; 0.0; 0.0; 0.0; 0.0; 2.39; 1.04; 3.8; 2.49; 25.0; -25.0; 0.0; 0; 0; 0.0; 0.0; 1; 5.50411789257; 0.296227398889; 0.542139461124; 0; 0; 0; 0; 0.0; 0.0; 0.0; -1.0; 0.0; 0.0; 0.0; 0.0; 0.0; 1.0;0; 0;0; 0; 
23.1651730537; 100010; 0.0; 0.0; -0.25998; 0.0; 0.0; 0.0; 0.0; 0.0; 0.0; 0.0; 0.0; 0.0; 0.0; 0.0; 0.0; 0.0; 0.0; 2.39; 1.04; 3.8; 2.49; 25.0; -25.0; 0.0; 0; 0; 0.0; 0.0; 1; 5.50411789257; 0.296227398889; 0.542139461124; 0; 0; 0; 0; 0.0; 0.0; 0.0; -1.0; 0.0; 0.0; 0.0; 0.0; 0.0; 1.0;0; 0;0; 0; 
23.1750781536; 100010; 0.0; 0.0; -0.25858; 0.0; 0.0; 0.0; 0.0; 0.0; 0.0; 0.0; 0.0; 0.0; 0.0; 0.0; 0.0; 0.0; 0.0; 2.39; 1.04; 3.8; 2.49; 25.0; -25.0; 0.0; 0; 0; 0.0; 0.0; 1; 5.50411789257; 0.296227398889; 0.542139461124; 0; 0; 0; 0; 0.0; 0.0; 0.0; -1.0; 0.0; 0.0; 0.0; 0.0; 0.0; 1.0;0; 0;0; 0; 
23.1868109703; 100020; 0.0; 0.0; -0.25754; 0.0; 0.0; 0.0; 0.0; 0.0; 0.0; 0.0; 0.0; 0.0; 0.0; 0.0; 0.0; 0.0; 0.0; 2.39; 1.04; 3.8; 2.49; 25.0; -25.0; 0.0; 0; 0; 0.0; 0.0; 1; 5.50411789257; 0.296227398889; 0.542139461124; 0; 0; 0; 0; 0.0; 0.0; 0.0; -1.0; 0.0; 0.0; 0.0; 0.0; 0.0; 1.0;0; 0;0; 0; 
23.1980199814; 100020; 0.0; 0.0; -0.25691; 0.0; 0.0; 0.0; 0.0; 0.0; 0.0; 0.0; 0.0; 0.0; 0.0; 0.0; 0.0; 0.0; 0.0; 2.39; 1.04; 3.8; 2.49; 25.0; -25.0; 0.0; 0; 0; 0.0; 0.0; 1; 5.50411789257; 0.296227398889; 0.542139461124; 0; 0; 0; 0; 0.0; 0.0; 0.0; -1.0; 0.0; 0.0; 0.0; 0.0; 0.0; 1.0;0; 0;0; 0; 
23.209580183; 100030; 0.0; 0.0; -0.2567; 0.0; 0.0; 0.0; 0.0; 0.0; 0.0; 0.0; 0.0; 0.0; 0.0; 0.0; 0.0; 0.0; 0.0; 2.39; 1.04; 3.8; 2.49; 25.0; -25.0; 0.0; 0; 0; 0.0; 0.0; 1; 5.50411789257; 0.296227398889; 0.542139461124; 0; 0; 0; 0; 0.0; 0.0; 0.0; -1.0; 0.0; 0.0; 0.0; 0.0; 0.0; 1.0;0; 0;0; 0; 
23.2216801643; 100030; 0.0; 0.0; -0.25687; 0.0; 0.0; 0.0; 0.0; 0.0; 0.0; 0.0; 0.0; 0.0; 0.0; 0.0; 0.0; 0.0; 0.0; 2.39; 1.04; 3.8; 2.49; 25.0; -25.0; 0.0; 0; 0; 0.0; 0.0; 1; 5.50411789257; 0.296227398889; 0.542139461124; 0; 0; 0; 0; 0.0; 0.0; 0.0; -1.0; 0.0; 0.0; 0.0; 0.0; 0.0; 1.0;0; 0;0; 0; 
23.2337260246; 100040; 0.0; 0.0; -0.25742; 0.0; 0.0; 0.0; 0.0; 0.0; 0.0; 0.0; 0.0; 0.0; 0.0; 0.0; 0.0; 0.0; 0.0; 2.39; 1.04; 3.8; 2.49; 25.0; -25.0; 0.0; 0; 0; 0.0; 0.0; 1; 5.50411789257; 0.296227398889; 0.542139461124; 0; 0; 0; 0; 0.0; 0.0; 0.0; -1.0; 0.0; 0.0; 0.0; 0.0; 0.0; 1.0;0; 0;0; 0; 
23.2454199791; 100040; 0.0; 0.0; -0.25823; 0.0; 0.0; 0.0; 0.0; 0.0; 0.0; 0.0; 0.0; 0.0; 0.0; 0.0; 0.0; 0.0; 0.0; 2.39; 1.04; 3.8; 2.49; 25.0; -25.0; 0.0; 0; 0; 0.0; 0.0; 1; 5.50411789257; 0.296227398889; 0.542139461124; 0; 0; 0; 0; 0.0; 0.0; 0.0; -1.0; 0.0; 0.0; 0.0; 0.0; 0.0; 1.0;0; 0;0; 0; 
23.256966114; 100050; 0.0; 0.0; -0.25925; 0.0; 0.0; 0.0; 0.0; 0.0; 0.0; 0.0; 0.0; 0.0; 0.0; 0.0; 0.0; 0.0; 0.0; 2.39; 1.04; 3.8; 2.49; 25.0; -25.0; 0.0; 0; 0; 0.0; 0.0; 1; 5.50411789257; 0.296227398889; 0.542139461124; 0; 0; 0; 0; 0.0; 0.0; 0.0; -1.0; 0.0; 0.0; 0.0; 0.0; 0.0; 1.0;0; 0;0; 0; 
23.2684130669; 100050; 0.0; 0.0; -0.26036; 0.0; 0.0; 0.0; 0.0; 0.0; 0.0; 0.0; 0.0; 0.0; 0.0; 0.0; 0.0; 0.0; 0.0; 2.39; 1.04; 3.8; 2.49; 25.0; -25.0; 0.0; 0; 0; 0.0; 0.0; 1; 5.50411789257; 0.296227398889; 0.542139461124; 0; 0; 0; 0; 0.0; 0.0; 0.0; -1.0; 0.0; 0.0; 0.0; 0.0; 0.0; 1.0;0; 0;0; 0; 
23.2802510262; 100060; 0.0; 0.0; -0.26154; 0.0; 0.0; 0.0; 0.0; 0.0; 0.0; 0.0; 0.0; 0.0; 0.0; 0.0; 0.0; 0.0; 0.0; 2.39; 1.04; 3.8; 2.49; 25.0; -25.0; 0.0; 0; 0; 0.0; 0.0; 1; 5.50411789257; 0.296227398889; 0.542139461124; 0; 0; 0; 0; 0.0; 0.0; 0.0; -1.0; 0.0; 0.0; 0.0; 0.0; 0.0; 1.0;0; 0;0; 0; 
23.2917010784; 100060; 0.0; 0.0; -0.26273; 0.0; 0.0; 0.0; 0.0; 0.0; 0.0; 0.0; 0.0; 0.0; 0.0; 0.0; 0.0; 0.0; 0.0; 2.39; 1.04; 3.8; 2.49; 25.0; -25.0; 0.0; 0; 0; 0.0; 0.0; 1; 5.50411789257; 0.296227398889; 0.542139461124; 0; 0; 0; 0; 0.0; 0.0; 0.0; -1.0; 0.0; 0.0; 0.0; 0.0; 0.0; 1.0;0; 0;0; 0; 
23.3030230999; 100070; 0.0; 0.0; -0.26386; 0.0; 0.0; 0.0; 0.0; 0.0; 0.0; 0.0; 0.0; 0.0; 0.0; 0.0; 0.0; 0.0; 0.0; 2.39; 1.04; 3.8; 2.49; 25.0; -25.0; 0.0; 0; 0; 0.0; 0.0; 1; 5.50411789257; 0.296227398889; 0.542139461124; 0; 0; 0; 0; 0.0; 0.0; 0.0; -1.0; 0.0; 0.0; 0.0; 0.0; 0.0; 1.0;0; 0;0; 0; 
23.3144600391; 100070; 0.0; 0.0; -0.26491; 0.0; 0.0; 0.0; 0.0; 0.0; 0.0; 0.0; 0.0; 0.0; 0.0; 0.0; 0.0; 0.0; 0.0; 2.39; 1.04; 3.8; 2.49; 25.0; -25.0; 0.0; 0; 0; 0.0; 0.0; 1; 5.50411789257; 0.296227398889; 0.542139461124; 0; 0; 0; 0; 0.0; 0.0; 0.0; -1.0; 0.0; 0.0; 0.0; 0.0; 0.0; 1.0;0; 0;0; 0; 
23.3254520893; 100080; 0.0; 0.0; -0.26586; 0.0; 0.0; 0.0; 0.0; 0.0; 0.0; 0.0; 0.0; 0.0; 0.0; 0.0; 0.0; 0.0; 0.0; 2.39; 1.04; 3.8; 2.49; 25.0; -25.0; 0.0; 0; 0; 0.0; 0.0; 1; 5.50411789257; 0.296227398889; 0.542139461124; 0; 0; 0; 0; 0.0; 0.0; 0.0; -1.0; 0.0; 0.0; 0.0; 0.0; 0.0; 1.0;0; 0;0; 0; 
23.3371629715; 100080; 0.0; 0.0; -0.26665; 0.0; 0.0; 0.0; 0.0; 0.0; 0.0; 0.0; 0.0; 0.0; 0.0; 0.0; 0.0; 0.0; 0.0; 2.39; 1.04; 3.8; 2.49; 25.0; -25.0; 0.0; 0; 0; 0.0; 0.0; 1; 5.50411789257; 0.296227398889; 0.542139461124; 0; 0; 0; 0; 0.0; 0.0; 0.0; -1.0; 0.0; 0.0; 0.0; 0.0; 0.0; 1.0;0; 0;0; 0; 
23.3484940529; 100090; 0.0; 0.0; -0.26726; 0.0; 0.0; 0.0; 0.0; 0.0; 0.0; 0.0; 0.0; 0.0; 0.0; 0.0; 0.0; 0.0; 0.0; 2.39; 1.04; 3.8; 2.49; 25.0; -25.0; 0.0; 0; 0; 0.0; 0.0; 1; 5.50411789257; 0.296227398889; 0.542139461124; 0; 0; 0; 0; 0.0; 0.0; 0.0; -1.0; 0.0; 0.0; 0.0; 0.0; 0.0; 1.0;0; 0;0; 0; 
23.3602051735; 100090; 0.0; 0.0; -0.26768; 0.0; 0.0; 0.0; 0.0; 0.0; 0.0; 0.0; 0.0; 0.0; 0.0; 0.0; 0.0; 0.0; 0.0; 2.39; 1.04; 3.8; 2.49; 25.0; -25.0; 0.0; 0; 0; 0.0; 0.0; 1; 5.50411789257; 0.296227398889; 0.542139461124; 0; 0; 0; 0; 0.0; 0.0; 0.0; -1.0; 0.0; 0.0; 0.0; 0.0; 0.0; 1.0;0; 0;0; 0; 
23.3714590073; 100100; 0.0; 0.0; -0.26793; 0.0; 0.0; 0.0; 0.0; 0.0; 0.0; 0.0; 0.0; 0.0; 0.0; 0.0; 0.0; 0.0; 0.0; 2.39; 1.04; 3.8; 2.49; 25.0; -25.0; 0.0; 0; 0; 0.0; 0.0; 1; 5.50411789257; 0.296227398889; 0.542139461124; 0; 0; 0; 0; 0.0; 0.0; 0.0; -1.0; 0.0; 0.0; 0.0; 0.0; 0.0; 1.0;0; 0;0; 0; 
23.3848559856; 100100; 0.0; 0.0; -0.26809; 0.0; 0.0; 0.0; 0.0; 0.0; 0.0; 0.0; 0.0; 0.0; 0.0; 0.0; 0.0; 0.0; 0.0; 2.37; 1.1; 3.29; 2.41; 25.0; -25.0; 0.0; 0; 0; 0.0; 0.0; 1; 5.5356929342; 0.315782006203; 0.570104902761; 0; 0; 0; 0; 0.0; 0.0; 0.0; -1.0; 0.0; 0.0; 0.0; 0.0; 0.0; 1.0;0; 0;0; 0; 
23.3984591961; 100110; 0.0; 0.0; -0.26814; 0.0; 0.0; 0.0; 0.0; 0.0; 0.0; 0.0; 0.0; 0.0; 0.0; 0.0; 0.0; 0.0; 0.0; 2.37; 1.1; 3.29; 2.41; 25.0; -25.0; 0.0; 0; 0; 0.0; 0.0; 1; 5.5356929342; 0.315782006203; 0.570104902761; 0; 0; 0; 0; 0.0; 0.0; 0.0; -1.0; 0.0; 0.0; 0.0; 0.0; 0.0; 1.0;0; 0;0; 0; 
23.4113609791; 100110; 0.0; 0.0; -0.26812; 0.0; 0.0; 0.0; 0.0; 0.0; 0.0; 0.0; 0.0; 0.0; 0.0; 0.0; 0.0; 0.0; 0.0; 2.37; 1.1; 3.29; 2.41; 25.0; -25.0; 0.0; 0; 0; 0.0; 0.0; 1; 5.5356929342; 0.315782006203; 0.570104902761; 0; 0; 0; 0; 0.0; 0.0; 0.0; -1.0; 0.0; 0.0; 0.0; 0.0; 0.0; 1.0;0; 0;0; 0; 
23.4243459702; 100120; 0.0; 0.0; -0.26806; 0.0; 0.0; 0.0; 0.0; 0.0; 0.0; 0.0; 0.0; 0.0; 0.0; 0.0; 0.0; 0.0; 0.0; 2.37; 1.1; 3.29; 2.41; 25.0; -25.0; 0.0; 0; 0; 0.0; 0.0; 1; 5.5356929342; 0.315782006203; 0.570104902761; 0; 0; 0; 0; 0.0; 0.0; 0.0; -1.0; 0.0; 0.0; 0.0; 0.0; 0.0; 1.0;0; 0;0; 0; 
23.4370481968; 100120; 0.0; 0.0; -0.26795; 0.0; 0.0; 0.0; 0.0; 0.0; 0.0; 0.0; 0.0; 0.0; 0.0; 0.0; 0.0; 0.0; 0.0; 2.37; 1.1; 3.29; 2.41; 25.0; -25.0; 0.0; 0; 0; 0.0; 0.0; 1; 5.5356929342; 0.315782006203; 0.570104902761; 0; 0; 0; 0; 0.0; 0.0; 0.0; -1.0; 0.0; 0.0; 0.0; 0.0; 0.0; 1.0;0; 0;0; 0; 
23.4496560097; 100130; 0.0; 0.0; -0.26788; 0.0; 0.0; 0.0; 0.0; 0.0; 0.0; 0.0; 0.0; 0.0; 0.0; 0.0; 0.0; 0.0; 0.0; 2.37; 1.1; 3.29; 2.41; 25.0; -25.0; 0.0; 0; 0; 0.0; 0.0; 1; 5.5356929342; 0.315782006203; 0.570104902761; 0; 0; 0; 0; 0.0; 0.0; 0.0; -1.0; 0.0; 0.0; 0.0; 0.0; 0.0; 1.0;0; 0;0; 0; 
23.4619569778; 100130; 0.0; 0.0; -0.26786; 0.0; 0.0; 0.0; 0.0; 0.0; 0.0; 0.0; 0.0; 0.0; 0.0; 0.0; 0.0; 0.0; 0.0; 2.37; 1.1; 3.29; 2.41; 25.0; -25.0; 0.0; 0; 0; 0.0; 0.0; 1; 5.5356929342; 0.315782006203; 0.570104902761; 0; 0; 0; 0; 0.0; 0.0; 0.0; -1.0; 0.0; 0.0; 0.0; 0.0; 0.0; 1.0;0; 0;0; 0; 
23.4751081467; 100140; 0.0; 0.0; -0.26788; 0.0; 0.0; 0.0; 0.0; 0.0; 0.0; 0.0; 0.0; 0.0; 0.0; 0.0; 0.0; 0.0; 0.0; 2.37; 1.1; 3.29; 2.41; 25.0; -25.0; 0.0; 0; 0; 0.0; 0.0; 1; 5.5356929342; 0.315782006203; 0.570104902761; 0; 0; 0; 0; 0.0; 0.0; 0.0; -1.0; 0.0; 0.0; 0.0; 0.0; 0.0; 1.0;0; 0;0; 0; 
23.4874081612; 100140; 0.0; 0.0; -0.26801; 0.0; 0.0; 0.0; 0.0; 0.0; 0.0; 0.0; 0.0; 0.0; 0.0; 0.0; 0.0; 0.0; 0.0; 2.37; 1.1; 3.29; 2.41; 25.0; -25.0; 0.0; 0; 0; 0.0; 0.0; 1; 5.5356929342; 0.315782006203; 0.570104902761; 0; 0; 0; 0; 0.0; 0.0; 0.0; -1.0; 0.0; 0.0; 0.0; 0.0; 0.0; 1.0;0; 0;0; 0; 
23.5001571178; 100150; 0.0; 0.0; -0.2682; 0.0; 0.0; 0.0; 0.0; 0.0; 0.0; 0.0; 0.0; 0.0; 0.0; 0.0; 0.0; 0.0; 0.0; 2.37; 1.1; 3.29; 2.41; 25.0; -25.0; 0.0; 0; 0; 0.0; 0.0; 1; 5.5356929342; 0.315782006203; 0.570104902761; 0; 0; 0; 0; 0.0; 0.0; 0.0; -1.0; 0.0; 0.0; 0.0; 0.0; 0.0; 1.0;0; 0;0; 0; 
23.5120069981; 100150; 0.0; 0.0; -0.26843; 0.0; 0.0; 0.0; 0.0; 0.0; 0.0; 0.0; 0.0; 0.0; 0.0; 0.0; 0.0; 0.0; 0.0; 2.37; 1.1; 3.29; 2.41; 25.0; -25.0; 0.0; 0; 0; 0.0; 0.0; 1; 5.5356929342; 0.315782006203; 0.570104902761; 0; 0; 0; 0; 0.0; 0.0; 0.0; -1.0; 0.0; 0.0; 0.0; 0.0; 0.0; 1.0;0; 0;0; 0; 
23.5239510536; 100160; 0.0; 0.0; -0.26862; 0.0; 0.0; 0.0; 0.0; 0.0; 0.0; 0.0; 0.0; 0.0; 0.0; 0.0; 0.0; 0.0; 0.0; 2.37; 1.1; 3.29; 2.41; 25.0; -25.0; 0.0; 0; 0; 0.0; 0.0; 1; 5.5356929342; 0.315782006203; 0.570104902761; 0; 0; 0; 0; 0.0; 0.0; 0.0; -1.0; 0.0; 0.0; 0.0; 0.0; 0.0; 1.0;0; 0;0; 0; 
23.5359690189; 100160; 0.0; 0.0; -0.26863; 0.0; 0.0; 0.0; 0.0; 0.0; 0.0; 0.0; 0.0; 0.0; 0.0; 0.0; 0.0; 0.0; 0.0; 2.37; 1.1; 3.29; 2.41; 25.0; -25.0; 0.0; 0; 0; 0.0; 0.0; 1; 5.5356929342; 0.315782006203; 0.570104902761; 0; 0; 0; 0; 0.0; 0.0; 0.0; -1.0; 0.0; 0.0; 0.0; 0.0; 0.0; 1.0;0; 0;0; 0; 
23.5462391376; 100170; 0.0; 0.0; -0.26845; 0.0; 0.0; 0.0; 0.0; 0.0; 0.0; 0.0; 0.0; 0.0; 0.0; 0.0; 0.0; 0.0; 0.0; 2.37; 1.1; 3.29; 2.41; 25.0; -25.0; 0.0; 0; 0; 0.0; 0.0; 1; 5.5356929342; 0.315782006203; 0.570104902761; 0; 0; 0; 0; 0.0; 0.0; 0.0; -1.0; 0.0; 0.0; 0.0; 0.0; 0.0; 1.0;0; 0;0; 0; 
23.5571620464; 100170; 0.0; 0.0; -0.26798; 0.0; 0.0; 0.0; 0.0; 0.0; 0.0; 0.0; 0.0; 0.0; 0.0; 0.0; 0.0; 0.0; 0.0; 2.37; 1.1; 3.29; 2.41; 25.0; -25.0; 0.0; 0; 0; 0.0; 0.0; 1; 5.5356929342; 0.315782006203; 0.570104902761; 0; 0; 0; 0; 0.0; 0.0; 0.0; -1.0; 0.0; 0.0; 0.0; 0.0; 0.0; 1.0;0; 0;0; 0; 
23.5680961609; 100180; 0.0; 0.0; -0.26728; 0.0; 0.0; 0.0; 0.0; 0.0; 0.0; 0.0; 0.0; 0.0; 0.0; 0.0; 0.0; 0.0; 0.0; 2.37; 1.1; 3.29; 2.41; 25.0; -25.0; 0.0; 0; 0; 0.0; 0.0; 1; 5.5356929342; 0.315782006203; 0.570104902761; 0; 0; 0; 0; 0.0; 0.0; 0.0; -1.0; 0.0; 0.0; 0.0; 0.0; 0.0; 1.0;0; 0;0; 0; 
23.5793771744; 100180; 0.0; 0.0; -0.26646; 0.0; 0.0; 0.0; 0.0; 0.0; 0.0; 0.0; 0.0; 0.0; 0.0; 0.0; 0.0; 0.0; 0.0; 2.37; 1.1; 3.29; 2.41; 25.0; -25.0; 0.0; 0; 0; 0.0; 0.0; 1; 5.5356929342; 0.315782006203; 0.570104902761; 0; 0; 0; 0; 0.0; 0.0; 0.0; -1.0; 0.0; 0.0; 0.0; 0.0; 0.0; 1.0;0; 0;0; 0; 
23.5901939869; 100190; 0.0; 0.0; -0.26561; 0.0; 0.0; 0.0; 0.0; 0.0; 0.0; 0.0; 0.0; 0.0; 0.0; 0.0; 0.0; 0.0; 0.0; 2.37; 1.1; 3.29; 2.41; 25.0; -25.0; 0.0; 0; 0; 0.0; 0.0; 1; 5.5356929342; 0.315782006203; 0.570104902761; 0; 0; 0; 0; 0.0; 0.0; 0.0; -1.0; 0.0; 0.0; 0.0; 0.0; 0.0; 1.0;0; 0;0; 0; 
23.6014630795; 100190; 0.0; 0.0; -0.26481; 0.0; 0.0; 0.0; 0.0; 0.0; 0.0; 0.0; 0.0; 0.0; 0.0; 0.0; 0.0; 0.0; 0.0; 2.37; 1.1; 3.29; 2.41; 25.0; -25.0; 0.0; 0; 0; 0.0; 0.0; 1; 5.5356929342; 0.315782006203; 0.570104902761; 0; 0; 0; 0; 0.0; 0.0; 0.0; -1.0; 0.0; 0.0; 0.0; 0.0; 0.0; 1.0;0; 0;0; 0; 
23.6127510071; 100200; 0.0; 0.0; -0.2641; 0.0; 0.0; 0.0; 0.0; 0.0; 0.0; 0.0; 0.0; 0.0; 0.0; 0.0; 0.0; 0.0; 0.0; 2.37; 1.1; 3.29; 2.41; 25.0; -25.0; 0.0; 0; 0; 0.0; 0.0; 1; 5.5356929342; 0.315782006203; 0.570104902761; 0; 0; 0; 0; 0.0; 0.0; 0.0; -1.0; 0.0; 0.0; 0.0; 0.0; 0.0; 1.0;0; 0;0; 0; 
23.6240580082; 100200; 0.0; 0.0; -0.26354; 0.0; 0.0; 0.0; 0.0; 0.0; 0.0; 0.0; 0.0; 0.0; 0.0; 0.0; 0.0; 0.0; 0.0; 2.3; 1.08; 4.28; 3.5; 25.0; -25.0; 0.0; 0; 0; 0.0; 0.0; 1; 5.56343815651; 0.334055109019; 0.597760174398; 0; 0; 0; 0; 0.0; 0.0; 0.0; -1.0; 0.0; 0.0; 0.0; 0.0; 0.0; 1.0;0; 0;0; 0; 
23.6351931095; 100210; 0.0; 0.0; -0.26325; 0.0; 0.0; 0.0; 0.0; 0.0; 0.0; 0.0; 0.0; 0.0; 0.0; 0.0; 0.0; 0.0; 0.0; 2.3; 1.08; 4.28; 3.5; 25.0; -25.0; 0.0; 0; 0; 0.0; 0.0; 1; 5.56343815651; 0.334055109019; 0.597760174398; 0; 0; 0; 0; 0.0; 0.0; 0.0; -1.0; 0.0; 0.0; 0.0; 0.0; 0.0; 1.0;0; 0;0; 0; 
23.6466991901; 100210; 0.0; 0.0; -0.26312; 0.0; 0.0; 0.0; 0.0; 0.0; 0.0; 0.0; 0.0; 0.0; 0.0; 0.0; 0.0; 0.0; 0.0; 2.3; 1.08; 4.28; 3.5; 25.0; -25.0; 0.0; 0; 0; 0.0; 0.0; 1; 5.56343815651; 0.334055109019; 0.597760174398; 0; 0; 0; 0; 0.0; 0.0; 0.0; -1.0; 0.0; 0.0; 0.0; 0.0; 0.0; 1.0;0; 0;0; 0; 
23.6577100754; 100220; 0.0; 0.0; -0.26309; 0.0; 0.0; 0.0; 0.0; 0.0; 0.0; 0.0; 0.0; 0.0; 0.0; 0.0; 0.0; 0.0; 0.0; 2.3; 1.08; 4.28; 3.5; 25.0; -25.0; 0.0; 0; 0; 0.0; 0.0; 1; 5.56343815651; 0.334055109019; 0.597760174398; 0; 0; 0; 0; 0.0; 0.0; 0.0; -1.0; 0.0; 0.0; 0.0; 0.0; 0.0; 1.0;0; 0;0; 0; 
23.6689620018; 100220; 0.0; 0.0; -0.26316; 0.0; 0.0; 0.0; 0.0; 0.0; 0.0; 0.0; 0.0; 0.0; 0.0; 0.0; 0.0; 0.0; 0.0; 2.3; 1.08; 4.28; 3.5; 25.0; -25.0; 0.0; 0; 0; 0.0; 0.0; 1; 5.56343815651; 0.334055109019; 0.597760174398; 0; 0; 0; 0; 0.0; 0.0; 0.0; -1.0; 0.0; 0.0; 0.0; 0.0; 0.0; 1.0;0; 0;0; 0; 
23.6803631783; 100230; 0.0; 0.0; -0.26328; 0.0; 0.0; 0.0; 0.0; 0.0; 0.0; 0.0; 0.0; 0.0; 0.0; 0.0; 0.0; 0.0; 0.0; 2.3; 1.08; 4.28; 3.5; 25.0; -25.0; 0.0; 0; 0; 0.0; 0.0; 1; 5.56343815651; 0.334055109019; 0.597760174398; 0; 0; 0; 0; 0.0; 0.0; 0.0; -1.0; 0.0; 0.0; 0.0; 0.0; 0.0; 1.0;0; 0;0; 0; 
23.6914169788; 100230; 0.0; 0.0; -0.26341; 0.0; 0.0; 0.0; 0.0; 0.0; 0.0; 0.0; 0.0; 0.0; 0.0; 0.0; 0.0; 0.0; 0.0; 2.3; 1.08; 4.28; 3.5; 25.0; -25.0; 0.0; 0; 0; 0.0; 0.0; 1; 5.56343815651; 0.334055109019; 0.597760174398; 0; 0; 0; 0; 0.0; 0.0; 0.0; -1.0; 0.0; 0.0; 0.0; 0.0; 0.0; 1.0;0; 0;0; 0; 
23.702630043; 100240; 0.0; 0.0; -0.26345; 0.0; 0.0; 0.0; 0.0; 0.0; 0.0; 0.0; 0.0; 0.0; 0.0; 0.0; 0.0; 0.0; 0.0; 2.3; 1.08; 4.28; 3.5; 25.0; -25.0; 0.0; 0; 0; 0.0; 0.0; 1; 5.56343815651; 0.334055109019; 0.597760174398; 0; 0; 0; 0; 0.0; 0.0; 0.0; -1.0; 0.0; 0.0; 0.0; 0.0; 0.0; 1.0;0; 0;0; 0; 
23.7139489651; 100240; 0.0; 0.0; -0.26329; 0.0; 0.0; 0.0; 0.0; 0.0; 0.0; 0.0; 0.0; 0.0; 0.0; 0.0; 0.0; 0.0; 0.0; 2.3; 1.08; 4.28; 3.5; 25.0; -25.0; 0.0; 0; 0; 0.0; 0.0; 1; 5.56343815651; 0.334055109019; 0.597760174398; 0; 0; 0; 0; 0.0; 0.0; 0.0; -1.0; 0.0; 0.0; 0.0; 0.0; 0.0; 1.0;0; 0;0; 0; 
23.7247550488; 100250; 0.0; 0.0; -0.26293; 0.0; 0.0; 0.0; 0.0; 0.0; 0.0; 0.0; 0.0; 0.0; 0.0; 0.0; 0.0; 0.0; 0.0; 2.3; 1.08; 4.28; 3.5; 25.0; -25.0; 0.0; 0; 0; 0.0; 0.0; 1; 5.56343815651; 0.334055109019; 0.597760174398; 0; 0; 0; 0; 0.0; 0.0; 0.0; -1.0; 0.0; 0.0; 0.0; 0.0; 0.0; 1.0;0; 0;0; 0; 
23.7356081009; 100250; 0.0; 0.0; -0.26233; 0.0; 0.0; 0.0; 0.0; 0.0; 0.0; 0.0; 0.0; 0.0; 0.0; 0.0; 0.0; 0.0; 0.0; 2.3; 1.08; 4.28; 3.5; 25.0; -25.0; 0.0; 0; 0; 0.0; 0.0; 1; 5.56343815651; 0.334055109019; 0.597760174398; 0; 0; 0; 0; 0.0; 0.0; 0.0; -1.0; 0.0; 0.0; 0.0; 0.0; 0.0; 1.0;0; 0;0; 0; 
23.7465569973; 100260; 0.0; 0.0; -0.26149; 0.0; 0.0; 0.0; 0.0; 0.0; 0.0; 0.0; 0.0; 0.0; 0.0; 0.0; 0.0; 0.0; 0.0; 2.3; 1.08; 4.28; 3.5; 25.0; -25.0; 0.0; 0; 0; 0.0; 0.0; 1; 5.56343815651; 0.334055109019; 0.597760174398; 0; 0; 0; 0; 0.0; 0.0; 0.0; -1.0; 0.0; 0.0; 0.0; 0.0; 0.0; 1.0;0; 0;0; 0; 
23.757972002; 100260; 0.0; 0.0; -0.26048; 0.0; 0.0; 0.0; 0.0; 0.0; 0.0; 0.0; 0.0; 0.0; 0.0; 0.0; 0.0; 0.0; 0.0; 2.3; 1.08; 4.28; 3.5; 25.0; -25.0; 0.0; 0; 0; 0.0; 0.0; 1; 5.56343815651; 0.334055109019; 0.597760174398; 0; 0; 0; 0; 0.0; 0.0; 0.0; -1.0; 0.0; 0.0; 0.0; 0.0; 0.0; 1.0;0; 0;0; 0; 
23.7702891827; 100270; 0.0; 0.0; -0.25936; 0.0; 0.0; 0.0; 0.0; 0.0; 0.0; 0.0; 0.0; 0.0; 0.0; 0.0; 0.0; 0.0; 0.0; 2.3; 1.08; 4.28; 3.5; 25.0; -25.0; 0.0; 0; 0; 0.0; 0.0; 1; 5.56343815651; 0.334055109019; 0.597760174398; 0; 0; 0; 0; 0.0; 0.0; 0.0; -1.0; 0.0; 0.0; 0.0; 0.0; 0.0; 1.0;0; 0;0; 0; 
23.7816240788; 100270; 0.0; 0.0; -0.25822; 0.0; 0.0; 0.0; 0.0; 0.0; 0.0; 0.0; 0.0; 0.0; 0.0; 0.0; 0.0; 0.0; 0.0; 2.3; 1.08; 4.28; 3.5; 25.0; -25.0; 0.0; 0; 0; 0.0; 0.0; 1; 5.56343815651; 0.334055109019; 0.597760174398; 0; 0; 0; 0; 0.0; 0.0; 0.0; -1.0; 0.0; 0.0; 0.0; 0.0; 0.0; 1.0;0; 0;0; 0; 
23.7936639786; 100280; 0.0; 0.0; -0.2571; 0.0; 0.0; 0.0; 0.0; 0.0; 0.0; 0.0; 0.0; 0.0; 0.0; 0.0; 0.0; 0.0; 0.0; 2.3; 1.08; 4.28; 3.5; 25.0; -25.0; 0.0; 0; 0; 0.0; 0.0; 1; 5.56343815651; 0.334055109019; 0.597760174398; 0; 0; 0; 0; 0.0; 0.0; 0.0; -1.0; 0.0; 0.0; 0.0; 0.0; 0.0; 1.0;0; 0;0; 0; 
23.8035600185; 100280; 0.0; 0.0; -0.25602; 0.0; 0.0; 0.0; 0.0; 0.0; 0.0; 0.0; 0.0; 0.0; 0.0; 0.0; 0.0; 0.0; 0.0; 2.3; 1.08; 4.28; 3.5; 25.0; -25.0; 0.0; 0; 0; 0.0; 0.0; 1; 5.56343815651; 0.334055109019; 0.597760174398; 0; 0; 0; 0; 0.0; 0.0; 0.0; -1.0; 0.0; 0.0; 0.0; 0.0; 0.0; 1.0;0; 0;0; 0; 
23.8151290417; 100290; 0.0; 0.0; -0.25513; 0.0; 0.0; 0.0; 0.0; 0.0; 0.0; 0.0; 0.0; 0.0; 0.0; 0.0; 0.0; 0.0; 0.0; 2.3; 1.08; 4.28; 3.5; 25.0; -25.0; 0.0; 0; 0; 0.0; 0.0; 1; 5.56343815651; 0.334055109019; 0.597760174398; 0; 0; 0; 0; 0.0; 0.0; 0.0; -1.0; 0.0; 0.0; 0.0; 0.0; 0.0; 1.0;0; 0;0; 0; 
23.8263151646; 100290; 0.0; 0.0; -0.2544; 0.0; 0.0; 0.0; 0.0; 0.0; 0.0; 0.0; 0.0; 0.0; 0.0; 0.0; 0.0; 0.0; 0.0; 2.3; 1.08; 4.28; 3.5; 25.0; -25.0; 0.0; 0; 0; 0.0; 0.0; 1; 5.56343815651; 0.334055109019; 0.597760174398; 0; 0; 0; 0; 0.0; 0.0; 0.0; -1.0; 0.0; 0.0; 0.0; 0.0; 0.0; 1.0;0; 0;0; 0; 
23.8373010159; 100300; 0.0; 0.0; -0.25388; 0.0; 0.0; 0.0; 0.0; 0.0; 0.0; 0.0; 0.0; 0.0; 0.0; 0.0; 0.0; 0.0; 0.0; 2.3; 1.08; 4.28; 3.5; 25.0; -25.0; 0.0; 0; 0; 0.0; 0.0; 1; 5.56343815651; 0.334055109019; 0.597760174398; 0; 0; 0; 0; 0.0; 0.0; 0.0; -1.0; 0.0; 0.0; 0.0; 0.0; 0.0; 1.0;0; 0;0; 0; 
23.8483350277; 100300; 0.0; 0.0; -0.25361; 0.0; 0.0; 0.0; 0.0; 0.0; 0.0; 0.0; 0.0; 0.0; 0.0; 0.0; 0.0; 0.0; 0.0; 2.29; 1.08; 3.22; 3.5; 25.0; -25.0; 0.0; 0; 0; 0.0; 0.0; 1; 5.59025820829; 0.352803271832; 0.624743972206; 0; 0; 0; 0; 0.0; 0.0; 0.0; -1.0; 0.0; 0.0; 0.0; 0.0; 0.0; 1.0;0; 0;0; 0; 
23.8592350483; 100310; 0.0; 0.0; -0.25358; 0.0; 0.0; 0.0; 0.0; 0.0; 0.0; 0.0; 0.0; 0.0; 0.0; 0.0; 0.0; 0.0; 0.0; 2.29; 1.08; 3.22; 3.5; 25.0; -25.0; 0.0; 0; 0; 0.0; 0.0; 1; 5.59025820829; 0.352803271832; 0.624743972206; 0; 0; 0; 0; 0.0; 0.0; 0.0; -1.0; 0.0; 0.0; 0.0; 0.0; 0.0; 1.0;0; 0;0; 0; 
23.8710920811; 100310; 0.0; 0.0; -0.25386; 0.0; 0.0; 0.0; 0.0; 0.0; 0.0; 0.0; 0.0; 0.0; 0.0; 0.0; 0.0; 0.0; 0.0; 2.29; 1.08; 3.22; 3.5; 25.0; -25.0; 0.0; 0; 0; 0.0; 0.0; 1; 5.59025820829; 0.352803271832; 0.624743972206; 0; 0; 0; 0; 0.0; 0.0; 0.0; -1.0; 0.0; 0.0; 0.0; 0.0; 0.0; 1.0;0; 0;0; 0; 
23.8821721077; 100320; 0.0; 0.0; -0.25437; 0.0; 0.0; 0.0; 0.0; 0.0; 0.0; 0.0; 0.0; 0.0; 0.0; 0.0; 0.0; 0.0; 0.0; 2.29; 1.08; 3.22; 3.5; 25.0; -25.0; 0.0; 0; 0; 0.0; 0.0; 1; 5.59025820829; 0.352803271832; 0.624743972206; 0; 0; 0; 0; 0.0; 0.0; 0.0; -1.0; 0.0; 0.0; 0.0; 0.0; 0.0; 1.0;0; 0;0; 0; 
23.8930301666; 100320; 0.0; 0.0; -0.25497; 0.0; 0.0; 0.0; 0.0; 0.0; 0.0; 0.0; 0.0; 0.0; 0.0; 0.0; 0.0; 0.0; 0.0; 2.29; 1.08; 3.22; 3.5; 25.0; -25.0; 0.0; 0; 0; 0.0; 0.0; 1; 5.59025820829; 0.352803271832; 0.624743972206; 0; 0; 0; 0; 0.0; 0.0; 0.0; -1.0; 0.0; 0.0; 0.0; 0.0; 0.0; 1.0;0; 0;0; 0; 
23.9034161568; 100330; 0.0; 0.0; -0.25559; 0.0; 0.0; 0.0; 0.0; 0.0; 0.0; 0.0; 0.0; 0.0; 0.0; 0.0; 0.0; 0.0; 0.0; 2.29; 1.08; 3.22; 3.5; 25.0; -25.0; 0.0; 0; 0; 0.0; 0.0; 1; 5.59025820829; 0.352803271832; 0.624743972206; 0; 0; 0; 0; 0.0; 0.0; 0.0; -1.0; 0.0; 0.0; 0.0; 0.0; 0.0; 1.0;0; 0;0; 0; 
23.9146220684; 100330; 0.0; 0.0; -0.25613; 0.0; 0.0; 0.0; 0.0; 0.0; 0.0; 0.0; 0.0; 0.0; 0.0; 0.0; 0.0; 0.0; 0.0; 2.29; 1.08; 3.22; 3.5; 25.0; -25.0; 0.0; 0; 0; 0.0; 0.0; 1; 5.59025820829; 0.352803271832; 0.624743972206; 0; 0; 0; 0; 0.0; 0.0; 0.0; -1.0; 0.0; 0.0; 0.0; 0.0; 0.0; 1.0;0; 0;0; 0; 
23.9258761406; 100340; 0.0; 0.0; -0.25654; 0.0; 0.0; 0.0; 0.0; 0.0; 0.0; 0.0; 0.0; 0.0; 0.0; 0.0; 0.0; 0.0; 0.0; 2.29; 1.08; 3.22; 3.5; 25.0; -25.0; 0.0; 0; 0; 0.0; 0.0; 1; 5.59025820829; 0.352803271832; 0.624743972206; 0; 0; 0; 0; 0.0; 0.0; 0.0; -1.0; 0.0; 0.0; 0.0; 0.0; 0.0; 1.0;0; 0;0; 0; 
23.9368491173; 100340; 0.0; 0.0; -0.25682; 0.0; 0.0; 0.0; 0.0; 0.0; 0.0; 0.0; 0.0; 0.0; 0.0; 0.0; 0.0; 0.0; 0.0; 2.29; 1.08; 3.22; 3.5; 25.0; -25.0; 0.0; 0; 0; 0.0; 0.0; 1; 5.59025820829; 0.352803271832; 0.624743972206; 0; 0; 0; 0; 0.0; 0.0; 0.0; -1.0; 0.0; 0.0; 0.0; 0.0; 0.0; 1.0;0; 0;0; 0; 
23.9485871792; 100350; 0.0; 0.0; -0.25692; 0.0; 0.0; 0.0; 0.0; 0.0; 0.0; 0.0; 0.0; 0.0; 0.0; 0.0; 0.0; 0.0; 0.0; 2.29; 1.08; 3.22; 3.5; 25.0; -25.0; 0.0; 0; 0; 0.0; 0.0; 1; 5.59025820829; 0.352803271832; 0.624743972206; 0; 0; 0; 0; 0.0; 0.0; 0.0; -1.0; 0.0; 0.0; 0.0; 0.0; 0.0; 1.0;0; 0;0; 0; 
23.9603431225; 100350; 0.0; 0.0; -0.25693; 0.0; 0.0; 0.0; 0.0; 0.0; 0.0; 0.0; 0.0; 0.0; 0.0; 0.0; 0.0; 0.0; 0.0; 2.29; 1.08; 3.22; 3.5; 25.0; -25.0; 0.0; 0; 0; 0.0; 0.0; 1; 5.59025820829; 0.352803271832; 0.624743972206; 0; 0; 0; 0; 0.0; 0.0; 0.0; -1.0; 0.0; 0.0; 0.0; 0.0; 0.0; 1.0;0; 0;0; 0; 
23.9710671902; 100360; 0.0; 0.0; -0.25694; 0.0; 0.0; 0.0; 0.0; 0.0; 0.0; 0.0; 0.0; 0.0; 0.0; 0.0; 0.0; 0.0; 0.0; 2.29; 1.08; 3.22; 3.5; 25.0; -25.0; 0.0; 0; 0; 0.0; 0.0; 1; 5.59025820829; 0.352803271832; 0.624743972206; 0; 0; 0; 0; 0.0; 0.0; 0.0; -1.0; 0.0; 0.0; 0.0; 0.0; 0.0; 1.0;0; 0;0; 0; 
23.9831020832; 100360; 0.0; 0.0; -0.25697; 0.0; 0.0; 0.0; 0.0; 0.0; 0.0; 0.0; 0.0; 0.0; 0.0; 0.0; 0.0; 0.0; 0.0; 2.29; 1.08; 3.22; 3.5; 25.0; -25.0; 0.0; 0; 0; 0.0; 0.0; 1; 5.59025820829; 0.352803271832; 0.624743972206; 0; 0; 0; 0; 0.0; 0.0; 0.0; -1.0; 0.0; 0.0; 0.0; 0.0; 0.0; 1.0;0; 0;0; 0; 
23.9941689968; 100370; 0.0; 0.0; -0.2571; 0.0; 0.0; 0.0; 0.0; 0.0; 0.0; 0.0; 0.0; 0.0; 0.0; 0.0; 0.0; 0.0; 0.0; 2.29; 1.08; 3.22; 3.5; 25.0; -25.0; 0.0; 0; 0; 0.0; 0.0; 1; 5.59025820829; 0.352803271832; 0.624743972206; 0; 0; 0; 0; 0.0; 0.0; 0.0; -1.0; 0.0; 0.0; 0.0; 0.0; 0.0; 1.0;0; 0;0; 0; 
24.0051891804; 100370; 0.0; 0.0; -0.25735; 0.0; 0.0; 0.0; 0.0; 0.0; 0.0; 0.0; 0.0; 0.0; 0.0; 0.0; 0.0; 0.0; 0.0; 2.29; 1.08; 3.22; 3.5; 25.0; -25.0; 0.0; 0; 0; 0.0; 0.0; 1; 5.59025820829; 0.352803271832; 0.624743972206; 0; 0; 0; 0; 0.0; 0.0; 0.0; -1.0; 0.0; 0.0; 0.0; 0.0; 0.0; 1.0;0; 0;0; 0; 
24.0170571804; 100380; 0.0; 0.0; -0.25775; 0.0; 0.0; 0.0; 0.0; 0.0; 0.0; 0.0; 0.0; 0.0; 0.0; 0.0; 0.0; 0.0; 0.0; 2.29; 1.08; 3.22; 3.5; 25.0; -25.0; 0.0; 0; 0; 0.0; 0.0; 1; 5.59025820829; 0.352803271832; 0.624743972206; 0; 0; 0; 0; 0.0; 0.0; 0.0; -1.0; 0.0; 0.0; 0.0; 0.0; 0.0; 1.0;0; 0;0; 0; 
24.0280849934; 100380; 0.0; 0.0; -0.2583; 0.0; 0.0; 0.0; 0.0; 0.0; 0.0; 0.0; 0.0; 0.0; 0.0; 0.0; 0.0; 0.0; 0.0; 2.29; 1.08; 3.22; 3.5; 25.0; -25.0; 0.0; 0; 0; 0.0; 0.0; 1; 5.59025820829; 0.352803271832; 0.624743972206; 0; 0; 0; 0; 0.0; 0.0; 0.0; -1.0; 0.0; 0.0; 0.0; 0.0; 0.0; 1.0;0; 0;0; 0; 
24.0392990112; 100390; 0.0; 0.0; -0.25892; 0.0; 0.0; 0.0; 0.0; 0.0; 0.0; 0.0; 0.0; 0.0; 0.0; 0.0; 0.0; 0.0; 0.0; 2.29; 1.08; 3.22; 3.5; 25.0; -25.0; 0.0; 0; 0; 0.0; 0.0; 1; 5.59025820829; 0.352803271832; 0.624743972206; 0; 0; 0; 0; 0.0; 0.0; 0.0; -1.0; 0.0; 0.0; 0.0; 0.0; 0.0; 1.0;0; 0;0; 0; 
24.0502800941; 100390; 0.0; 0.0; -0.25954; 0.0; 0.0; 0.0; 0.0; 0.0; 0.0; 0.0; 0.0; 0.0; 0.0; 0.0; 0.0; 0.0; 0.0; 2.29; 1.08; 3.22; 3.5; 25.0; -25.0; 0.0; 0; 0; 0.0; 0.0; 1; 5.59025820829; 0.352803271832; 0.624743972206; 0; 0; 0; 0; 0.0; 0.0; 0.0; -1.0; 0.0; 0.0; 0.0; 0.0; 0.0; 1.0;0; 0;0; 0; 
24.0611310005; 100400; 0.0; 0.0; -0.26009; 0.0; 0.0; 0.0; 0.0; 0.0; 0.0; 0.0; 0.0; 0.0; 0.0; 0.0; 0.0; 0.0; 0.0; 2.29; 1.08; 3.22; 3.5; 25.0; -25.0; 0.0; 0; 0; 0.0; 0.0; 1; 5.59025820829; 0.352803271832; 0.624743972206; 0; 0; 0; 0; 0.0; 0.0; 0.0; -1.0; 0.0; 0.0; 0.0; 0.0; 0.0; 1.0;0; 0;0; 0; 
24.0727310181; 100400; 0.0; 0.0; -0.26042; 0.0; 0.0; 0.0; 0.0; 0.0; 0.0; 0.0; 0.0; 0.0; 0.0; 0.0; 0.0; 0.0; 0.0; 2.29; 1.08; 3.22; 3.5; 25.0; -25.0; 0.0; 0; 0; 0.0; 0.0; 1; 5.61688861585; 0.372491833127; 0.651371938518; 0; 0; 0; 0; 0.0; 0.0; 0.0; -1.0; 0.0; 0.0; 0.0; 0.0; 0.0; 1.0;0; 0;0; 0; 
24.0841050148; 100410; 0.0; 0.0; -0.26043; 0.0; 0.0; 0.0; 0.0; 0.0; 0.0; 0.0; 0.0; 0.0; 0.0; 0.0; 0.0; 0.0; 0.0; 2.29; 1.08; 3.22; 3.5; 25.0; -25.0; 0.0; 0; 0; 0.0; 0.0; 1; 5.61688861585; 0.372491833127; 0.651371938518; 0; 0; 0; 0; 0.0; 0.0; 0.0; -1.0; 0.0; 0.0; 0.0; 0.0; 0.0; 1.0;0; 0;0; 0; 
24.0961689949; 100410; 0.0; 0.0; -0.26006; 0.0; 0.0; 0.0; 0.0; 0.0; 0.0; 0.0; 0.0; 0.0; 0.0; 0.0; 0.0; 0.0; 0.0; 2.29; 1.08; 3.22; 3.5; 25.0; -25.0; 0.0; 0; 0; 0.0; 0.0; 1; 5.61688861585; 0.372491833127; 0.651371938518; 0; 0; 0; 0; 0.0; 0.0; 0.0; -1.0; 0.0; 0.0; 0.0; 0.0; 0.0; 1.0;0; 0;0; 0; 
24.1079070568; 100420; 0.0; 0.0; -0.2593; 0.0; 0.0; 0.0; 0.0; 0.0; 0.0; 0.0; 0.0; 0.0; 0.0; 0.0; 0.0; 0.0; 0.0; 2.29; 1.08; 3.22; 3.5; 25.0; -25.0; 0.0; 0; 0; 0.0; 0.0; 1; 5.61688861585; 0.372491833127; 0.651371938518; 0; 0; 0; 0; 0.0; 0.0; 0.0; -1.0; 0.0; 0.0; 0.0; 0.0; 0.0; 1.0;0; 0;0; 0; 
24.119562149; 100420; 0.0; 0.0; -0.25824; 0.0; 0.0; 0.0; 0.0; 0.0; 0.0; 0.0; 0.0; 0.0; 0.0; 0.0; 0.0; 0.0; 0.0; 2.29; 1.08; 3.22; 3.5; 25.0; -25.0; 0.0; 0; 0; 0.0; 0.0; 1; 5.61688861585; 0.372491833127; 0.651371938518; 0; 0; 0; 0; 0.0; 0.0; 0.0; -1.0; 0.0; 0.0; 0.0; 0.0; 0.0; 1.0;0; 0;0; 0; 
24.1321949959; 100430; 0.0; 0.0; -0.25696; 0.0; 0.0; 0.0; 0.0; 0.0; 0.0; 0.0; 0.0; 0.0; 0.0; 0.0; 0.0; 0.0; 0.0; 2.29; 1.08; 3.22; 3.5; 25.0; -25.0; 0.0; 0; 0; 0.0; 0.0; 1; 5.61688861585; 0.372491833127; 0.651371938518; 0; 0; 0; 0; 0.0; 0.0; 0.0; -1.0; 0.0; 0.0; 0.0; 0.0; 0.0; 1.0;0; 0;0; 0; 
24.1438810825; 100430; 0.0; 0.0; -0.25556; 0.0; 0.0; 0.0; 0.0; 0.0; 0.0; 0.0; 0.0; 0.0; 0.0; 0.0; 0.0; 0.0; 0.0; 2.29; 1.08; 3.22; 3.5; 25.0; -25.0; 0.0; 0; 0; 0.0; 0.0; 1; 5.61688861585; 0.372491833127; 0.651371938518; 0; 0; 0; 0; 0.0; 0.0; 0.0; -1.0; 0.0; 0.0; 0.0; 0.0; 0.0; 1.0;0; 0;0; 0; 
24.1546561718; 100440; 0.0; 0.0; -0.25416; 0.0; 0.0; 0.0; 0.0; 0.0; 0.0; 0.0; 0.0; 0.0; 0.0; 0.0; 0.0; 0.0; 0.0; 2.29; 1.08; 3.22; 3.5; 25.0; -25.0; 0.0; 0; 0; 0.0; 0.0; 1; 5.61688861585; 0.372491833127; 0.651371938518; 0; 0; 0; 0; 0.0; 0.0; 0.0; -1.0; 0.0; 0.0; 0.0; 0.0; 0.0; 1.0;0; 0;0; 0; 
24.1655540466; 100440; 0.0; 0.0; -0.25284; 0.0; 0.0; 0.0; 0.0; 0.0; 0.0; 0.0; 0.0; 0.0; 0.0; 0.0; 0.0; 0.0; 0.0; 2.29; 1.08; 3.22; 3.5; 25.0; -25.0; 0.0; 0; 0; 0.0; 0.0; 1; 5.61688861585; 0.372491833127; 0.651371938518; 0; 0; 0; 0; 0.0; 0.0; 0.0; -1.0; 0.0; 0.0; 0.0; 0.0; 0.0; 1.0;0; 0;0; 0; 
24.1767711639; 100450; 0.0; 0.0; -0.25163; 0.0; 0.0; 0.0; 0.0; 0.0; 0.0; 0.0; 0.0; 0.0; 0.0; 0.0; 0.0; 0.0; 0.0; 2.29; 1.08; 3.22; 3.5; 25.0; -25.0; 0.0; 0; 0; 0.0; 0.0; 1; 5.61688861585; 0.372491833127; 0.651371938518; 0; 0; 0; 0; 0.0; 0.0; 0.0; -1.0; 0.0; 0.0; 0.0; 0.0; 0.0; 1.0;0; 0;0; 0; 
24.1888070107; 100450; 0.0; 0.0; -0.25065; 0.0; 0.0; 0.0; 0.0; 0.0; 0.0; 0.0; 0.0; 0.0; 0.0; 0.0; 0.0; 0.0; 0.0; 2.29; 1.08; 3.22; 3.5; 25.0; -25.0; 0.0; 0; 0; 0.0; 0.0; 1; 5.61688861585; 0.372491833127; 0.651371938518; 0; 0; 0; 0; 0.0; 0.0; 0.0; -1.0; 0.0; 0.0; 0.0; 0.0; 0.0; 1.0;0; 0;0; 0; 
24.2007510662; 100460; 0.0; 0.0; -0.24999; 0.0; 0.0; 0.0; 0.0; 0.0; 0.0; 0.0; 0.0; 0.0; 0.0; 0.0; 0.0; 0.0; 0.0; 2.29; 1.08; 3.22; 3.5; 25.0; -25.0; 0.0; 0; 0; 0.0; 0.0; 1; 5.61688861585; 0.372491833127; 0.651371938518; 0; 0; 0; 0; 0.0; 0.0; 0.0; -1.0; 0.0; 0.0; 0.0; 0.0; 0.0; 1.0;0; 0;0; 0; 
24.2124481201; 100460; 0.0; 0.0; -0.24966; 0.0; 0.0; 0.0; 0.0; 0.0; 0.0; 0.0; 0.0; 0.0; 0.0; 0.0; 0.0; 0.0; 0.0; 2.29; 1.08; 3.22; 3.5; 25.0; -25.0; 0.0; 0; 0; 0.0; 0.0; 1; 5.61688861585; 0.372491833127; 0.651371938518; 0; 0; 0; 0; 0.0; 0.0; 0.0; -1.0; 0.0; 0.0; 0.0; 0.0; 0.0; 1.0;0; 0;0; 0; 
24.2237181664; 100470; 0.0; 0.0; -0.24966; 0.0; 0.0; 0.0; 0.0; 0.0; 0.0; 0.0; 0.0; 0.0; 0.0; 0.0; 0.0; 0.0; 0.0; 2.29; 1.08; 3.22; 3.5; 25.0; -25.0; 0.0; 0; 0; 0.0; 0.0; 1; 5.61688861585; 0.372491833127; 0.651371938518; 0; 0; 0; 0; 0.0; 0.0; 0.0; -1.0; 0.0; 0.0; 0.0; 0.0; 0.0; 1.0;0; 0;0; 0; 
24.2355790138; 100470; 0.0; 0.0; -0.24998; 0.0; 0.0; 0.0; 0.0; 0.0; 0.0; 0.0; 0.0; 0.0; 0.0; 0.0; 0.0; 0.0; 0.0; 2.29; 1.08; 3.22; 3.5; 25.0; -25.0; 0.0; 0; 0; 0.0; 0.0; 1; 5.61688861585; 0.372491833127; 0.651371938518; 0; 0; 0; 0; 0.0; 0.0; 0.0; -1.0; 0.0; 0.0; 0.0; 0.0; 0.0; 1.0;0; 0;0; 0; 
24.2464020252; 100480; 0.0; 0.0; -0.25061; 0.0; 0.0; 0.0; 0.0; 0.0; 0.0; 0.0; 0.0; 0.0; 0.0; 0.0; 0.0; 0.0; 0.0; 2.29; 1.08; 3.22; 3.5; 25.0; -25.0; 0.0; 0; 0; 0.0; 0.0; 1; 5.61688861585; 0.372491833127; 0.651371938518; 0; 0; 0; 0; 0.0; 0.0; 0.0; -1.0; 0.0; 0.0; 0.0; 0.0; 0.0; 1.0;0; 0;0; 0; 
24.2582781315; 100480; 0.0; 0.0; -0.25149; 0.0; 0.0; 0.0; 0.0; 0.0; 0.0; 0.0; 0.0; 0.0; 0.0; 0.0; 0.0; 0.0; 0.0; 2.29; 1.08; 3.22; 3.5; 25.0; -25.0; 0.0; 0; 0; 0.0; 0.0; 1; 5.61688861585; 0.372491833127; 0.651371938518; 0; 0; 0; 0; 0.0; 0.0; 0.0; -1.0; 0.0; 0.0; 0.0; 0.0; 0.0; 1.0;0; 0;0; 0; 
24.270359993; 100490; 0.0; 0.0; -0.25238; 0.0; 0.0; 0.0; 0.0; 0.0; 0.0; 0.0; 0.0; 0.0; 0.0; 0.0; 0.0; 0.0; 0.0; 2.29; 1.08; 3.22; 3.5; 25.0; -25.0; 0.0; 0; 0; 0.0; 0.0; 1; 5.61688861585; 0.372491833127; 0.651371938518; 0; 0; 0; 0; 0.0; 0.0; 0.0; -1.0; 0.0; 0.0; 0.0; 0.0; 0.0; 1.0;0; 0;0; 0; 
24.2821681499; 100490; 0.0; 0.0; -0.25321; 0.0; 0.0; 0.0; 0.0; 0.0; 0.0; 0.0; 0.0; 0.0; 0.0; 0.0; 0.0; 0.0; 0.0; 2.29; 1.08; 3.22; 3.5; 25.0; -25.0; 0.0; 0; 0; 0.0; 0.0; 1; 5.61688861585; 0.372491833127; 0.651371938518; 0; 0; 0; 0; 0.0; 0.0; 0.0; -1.0; 0.0; 0.0; 0.0; 0.0; 0.0; 1.0;0; 0;0; 0; 
24.2941911221; 100500; 0.0; 0.0; -0.2539; 0.0; 0.0; 0.0; 0.0; 0.0; 0.0; 0.0; 0.0; 0.0; 0.0; 0.0; 0.0; 0.0; 0.0; 2.27; 1.08; 4.22; 3.41; 25.0; -25.0; 0.0; 0; 0; 0.0; 0.0; 1; 5.61688861585; 0.372491833127; 0.651371938518; 0; 0; 0; 0; 0.0; 0.0; 0.0; -1.0; 0.0; 0.0; 0.0; 0.0; 0.0; 1.0;0; 0;0; 0; 
24.3053131104; 100500; 0.0; 0.0; -0.25445; 0.0; 0.0; 0.0; 0.0; 0.0; 0.0; 0.0; 0.0; 0.0; 0.0; 0.0; 0.0; 0.0; 0.0; 2.27; 1.08; 4.22; 3.41; 25.0; -25.0; 0.0; 0; 0; 0.0; 0.0; 1; 5.64251702675; 0.392517885992; 0.677737139974; 0; 0; 0; 0; 0.0; 0.0; 0.0; -1.0; 0.0; 0.0; 0.0; 0.0; 0.0; 1.0;0; 0;0; 0; 
24.3161270618; 100510; 0.0; 0.0; -0.25488; 0.0; 0.0; 0.0; 0.0; 0.0; 0.0; 0.0; 0.0; 0.0; 0.0; 0.0; 0.0; 0.0; 0.0; 2.27; 1.08; 4.22; 3.41; 25.0; -25.0; 0.0; 0; 0; 0.0; 0.0; 1; 5.64251702675; 0.392517885992; 0.677737139974; 0; 0; 0; 0; 0.0; 0.0; 0.0; -1.0; 0.0; 0.0; 0.0; 0.0; 0.0; 1.0;0; 0;0; 0; 
24.3273010254; 100510; 0.0; 0.0; -0.25517; 0.0; 0.0; 0.0; 0.0; 0.0; 0.0; 0.0; 0.0; 0.0; 0.0; 0.0; 0.0; 0.0; 0.0; 2.27; 1.08; 4.22; 3.41; 25.0; -25.0; 0.0; 0; 0; 0.0; 0.0; 1; 5.64251702675; 0.392517885992; 0.677737139974; 0; 0; 0; 0; 0.0; 0.0; 0.0; -1.0; 0.0; 0.0; 0.0; 0.0; 0.0; 1.0;0; 0;0; 0; 
24.3384649754; 100520; 0.0; 0.0; -0.25529; 0.0; 0.0; 0.0; 0.0; 0.0; 0.0; 0.0; 0.0; 0.0; 0.0; 0.0; 0.0; 0.0; 0.0; 2.27; 1.08; 4.22; 3.41; 25.0; -25.0; 0.0; 0; 0; 0.0; 0.0; 1; 5.64251702675; 0.392517885992; 0.677737139974; 0; 0; 0; 0; 0.0; 0.0; 0.0; -1.0; 0.0; 0.0; 0.0; 0.0; 0.0; 1.0;0; 0;0; 0; 
24.3494920731; 100520; 0.0; 0.0; -0.25527; 0.0; 0.0; 0.0; 0.0; 0.0; 0.0; 0.0; 0.0; 0.0; 0.0; 0.0; 0.0; 0.0; 0.0; 2.27; 1.08; 4.22; 3.41; 25.0; -25.0; 0.0; 0; 0; 0.0; 0.0; 1; 5.64251702675; 0.392517885992; 0.677737139974; 0; 0; 0; 0; 0.0; 0.0; 0.0; -1.0; 0.0; 0.0; 0.0; 0.0; 0.0; 1.0;0; 0;0; 0; 
24.3603231907; 100530; 0.0; 0.0; -0.25511; 0.0; 0.0; 0.0; 0.0; 0.0; 0.0; 0.0; 0.0; 0.0; 0.0; 0.0; 0.0; 0.0; 0.0; 2.27; 1.08; 4.22; 3.41; 25.0; -25.0; 0.0; 0; 0; 0.0; 0.0; 1; 5.64251702675; 0.392517885992; 0.677737139974; 0; 0; 0; 0; 0.0; 0.0; 0.0; -1.0; 0.0; 0.0; 0.0; 0.0; 0.0; 1.0;0; 0;0; 0; 
24.3720600605; 100530; 0.0; 0.0; -0.25481; 0.0; 0.0; 0.0; 0.0; 0.0; 0.0; 0.0; 0.0; 0.0; 0.0; 0.0; 0.0; 0.0; 0.0; 2.27; 1.08; 4.22; 3.41; 25.0; -25.0; 0.0; 0; 0; 0.0; 0.0; 1; 5.64251702675; 0.392517885992; 0.677737139974; 0; 0; 0; 0; 0.0; 0.0; 0.0; -1.0; 0.0; 0.0; 0.0; 0.0; 0.0; 1.0;0; 0;0; 0; 
24.3838200569; 100540; 0.0; 0.0; -0.25438; 0.0; 0.0; 0.0; 0.0; 0.0; 0.0; 0.0; 0.0; 0.0; 0.0; 0.0; 0.0; 0.0; 0.0; 2.27; 1.08; 4.22; 3.41; 25.0; -25.0; 0.0; 0; 0; 0.0; 0.0; 1; 5.64251702675; 0.392517885992; 0.677737139974; 0; 0; 0; 0; 0.0; 0.0; 0.0; -1.0; 0.0; 0.0; 0.0; 0.0; 0.0; 1.0;0; 0;0; 0; 
24.3961651325; 100540; 0.0; 0.0; -0.25383; 0.0; 0.0; 0.0; 0.0; 0.0; 0.0; 0.0; 0.0; 0.0; 0.0; 0.0; 0.0; 0.0; 0.0; 2.27; 1.08; 4.22; 3.41; 25.0; -25.0; 0.0; 0; 0; 0.0; 0.0; 1; 5.64251702675; 0.392517885992; 0.677737139974; 0; 0; 0; 0; 0.0; 0.0; 0.0; -1.0; 0.0; 0.0; 0.0; 0.0; 0.0; 1.0;0; 0;0; 0; 
24.4078831673; 100550; 0.0; 0.0; -0.25328; 0.0; 0.0; 0.0; 0.0; 0.0; 0.0; 0.0; 0.0; 0.0; 0.0; 0.0; 0.0; 0.0; 0.0; 2.27; 1.08; 4.22; 3.41; 25.0; -25.0; 0.0; 0; 0; 0.0; 0.0; 1; 5.64251702675; 0.392517885992; 0.677737139974; 0; 0; 0; 0; 0.0; 0.0; 0.0; -1.0; 0.0; 0.0; 0.0; 0.0; 0.0; 1.0;0; 0;0; 0; 
24.4191200733; 100550; 0.0; 0.0; -0.25286; 0.0; 0.0; 0.0; 0.0; 0.0; 0.0; 0.0; 0.0; 0.0; 0.0; 0.0; 0.0; 0.0; 0.0; 2.27; 1.08; 4.22; 3.41; 25.0; -25.0; 0.0; 0; 0; 0.0; 0.0; 1; 5.64251702675; 0.392517885992; 0.677737139974; 0; 0; 0; 0; 0.0; 0.0; 0.0; -1.0; 0.0; 0.0; 0.0; 0.0; 0.0; 1.0;0; 0;0; 0; 
24.4301590919; 100560; 0.0; 0.0; -0.25262; 0.0; 0.0; 0.0; 0.0; 0.0; 0.0; 0.0; 0.0; 0.0; 0.0; 0.0; 0.0; 0.0; 0.0; 2.27; 1.08; 4.22; 3.41; 25.0; -25.0; 0.0; 0; 0; 0.0; 0.0; 1; 5.64251702675; 0.392517885992; 0.677737139974; 0; 0; 0; 0; 0.0; 0.0; 0.0; -1.0; 0.0; 0.0; 0.0; 0.0; 0.0; 1.0;0; 0;0; 0; 
24.4412720203; 100560; 0.0; 0.0; -0.25256; 0.0; 0.0; 0.0; 0.0; 0.0; 0.0; 0.0; 0.0; 0.0; 0.0; 0.0; 0.0; 0.0; 0.0; 2.27; 1.08; 4.22; 3.41; 25.0; -25.0; 0.0; 0; 0; 0.0; 0.0; 1; 5.64251702675; 0.392517885992; 0.677737139974; 0; 0; 0; 0; 0.0; 0.0; 0.0; -1.0; 0.0; 0.0; 0.0; 0.0; 0.0; 1.0;0; 0;0; 0; 
24.4526929855; 100570; 0.0; 0.0; -0.25261; 0.0; 0.0; 0.0; 0.0; 0.0; 0.0; 0.0; 0.0; 0.0; 0.0; 0.0; 0.0; 0.0; 0.0; 2.27; 1.08; 4.22; 3.41; 25.0; -25.0; 0.0; 0; 0; 0.0; 0.0; 1; 5.64251702675; 0.392517885992; 0.677737139974; 0; 0; 0; 0; 0.0; 0.0; 0.0; -1.0; 0.0; 0.0; 0.0; 0.0; 0.0; 1.0;0; 0;0; 0; 
24.4635550976; 100570; 0.0; 0.0; -0.25271; 0.0; 0.0; 0.0; 0.0; 0.0; 0.0; 0.0; 0.0; 0.0; 0.0; 0.0; 0.0; 0.0; 0.0; 2.27; 1.08; 4.22; 3.41; 25.0; -25.0; 0.0; 0; 0; 0.0; 0.0; 1; 5.64251702675; 0.392517885992; 0.677737139974; 0; 0; 0; 0; 0.0; 0.0; 0.0; -1.0; 0.0; 0.0; 0.0; 0.0; 0.0; 1.0;0; 0;0; 0; 
24.4750001431; 100580; 0.0; 0.0; -0.25279; 0.0; 0.0; 0.0; 0.0; 0.0; 0.0; 0.0; 0.0; 0.0; 0.0; 0.0; 0.0; 0.0; 0.0; 2.27; 1.08; 4.22; 3.41; 25.0; -25.0; 0.0; 0; 0; 0.0; 0.0; 1; 5.64251702675; 0.392517885992; 0.677737139974; 0; 0; 0; 0; 0.0; 0.0; 0.0; -1.0; 0.0; 0.0; 0.0; 0.0; 0.0; 1.0;0; 0;0; 0; 
24.4860980511; 100580; 0.0; 0.0; -0.25284; 0.0; 0.0; 0.0; 0.0; 0.0; 0.0; 0.0; 0.0; 0.0; 0.0; 0.0; 0.0; 0.0; 0.0; 2.27; 1.08; 4.22; 3.41; 25.0; -25.0; 0.0; 0; 0; 0.0; 0.0; 1; 5.64251702675; 0.392517885992; 0.677737139974; 0; 0; 0; 0; 0.0; 0.0; 0.0; -1.0; 0.0; 0.0; 0.0; 0.0; 0.0; 1.0;0; 0;0; 0; 
24.4975590706; 100590; 0.0; 0.0; -0.25277; 0.0; 0.0; 0.0; 0.0; 0.0; 0.0; 0.0; 0.0; 0.0; 0.0; 0.0; 0.0; 0.0; 0.0; 2.27; 1.08; 4.22; 3.41; 25.0; -25.0; 0.0; 0; 0; 0.0; 0.0; 1; 5.64251702675; 0.392517885992; 0.677737139974; 0; 0; 0; 0; 0.0; 0.0; 0.0; -1.0; 0.0; 0.0; 0.0; 0.0; 0.0; 1.0;0; 0;0; 0; 
24.5089421272; 100590; 0.0; 0.0; -0.25262; 0.0; 0.0; 0.0; 0.0; 0.0; 0.0; 0.0; 0.0; 0.0; 0.0; 0.0; 0.0; 0.0; 0.0; 2.27; 1.08; 4.22; 3.41; 25.0; -25.0; 0.0; 0; 0; 0.0; 0.0; 1; 5.64251702675; 0.392517885992; 0.677737139974; 0; 0; 0; 0; 0.0; 0.0; 0.0; -1.0; 0.0; 0.0; 0.0; 0.0; 0.0; 1.0;0; 0;0; 0; 
24.5203640461; 100600; 0.0; 0.0; -0.25249; 0.0; 0.0; 0.0; 0.0; 0.0; 0.0; 0.0; 0.0; 0.0; 0.0; 0.0; 0.0; 0.0; 0.0; 2.24; 1.05; 4.09; 2.24; 25.0; -25.0; 0.0; 0; 0; 0.0; 0.0; 1; 5.64251702675; 0.392517885992; 0.677737139974; 0; 0; 0; 0; 0.0; 0.0; 0.0; -1.0; 0.0; 0.0; 0.0; 0.0; 0.0; 1.0;0; 0;0; 0; 
24.5318791866; 100600; 0.0; 0.0; -0.2524; 0.0; 0.0; 0.0; 0.0; 0.0; 0.0; 0.0; 0.0; 0.0; 0.0; 0.0; 0.0; 0.0; 0.0; 2.24; 1.05; 4.09; 2.24; 25.0; -25.0; 0.0; 0; 0; 0.0; 0.0; 1; 5.6679555002; 0.413499937691; 0.704102058834; 0; 0; 0; 0; 0.0; 0.0; 0.0; -1.0; 0.0; 0.0; 0.0; 0.0; 0.0; 1.0;0; 0;0; 0; 
24.5436880589; 100610; 0.0; 0.0; -0.2524; 0.0; 0.0; 0.0; 0.0; 0.0; 0.0; 0.0; 0.0; 0.0; 0.0; 0.0; 0.0; 0.0; 0.0; 2.24; 1.05; 4.09; 2.24; 25.0; -25.0; 0.0; 0; 0; 0.0; 0.0; 1; 5.6679555002; 0.413499937691; 0.704102058834; 0; 0; 0; 0; 0.0; 0.0; 0.0; -1.0; 0.0; 0.0; 0.0; 0.0; 0.0; 1.0;0; 0;0; 0; 
24.5553631783; 100610; 0.0; 0.0; -0.25247; 0.0; 0.0; 0.0; 0.0; 0.0; 0.0; 0.0; 0.0; 0.0; 0.0; 0.0; 0.0; 0.0; 0.0; 2.24; 1.05; 4.09; 2.24; 25.0; -25.0; 0.0; 0; 0; 0.0; 0.0; 1; 5.6679555002; 0.413499937691; 0.704102058834; 0; 0; 0; 0; 0.0; 0.0; 0.0; -1.0; 0.0; 0.0; 0.0; 0.0; 0.0; 1.0;0; 0;0; 0; 
24.5665211678; 100620; 0.0; 0.0; -0.25258; 0.0; 0.0; 0.0; 0.0; 0.0; 0.0; 0.0; 0.0; 0.0; 0.0; 0.0; 0.0; 0.0; 0.0; 2.24; 1.05; 4.09; 2.24; 25.0; -25.0; 0.0; 0; 0; 0.0; 0.0; 1; 5.6679555002; 0.413499937691; 0.704102058834; 0; 0; 0; 0; 0.0; 0.0; 0.0; -1.0; 0.0; 0.0; 0.0; 0.0; 0.0; 1.0;0; 0;0; 0; 
24.5769770145; 100620; 0.0; 0.0; -0.25272; 0.0; 0.0; 0.0; 0.0; 0.0; 0.0; 0.0; 0.0; 0.0; 0.0; 0.0; 0.0; 0.0; 0.0; 2.24; 1.05; 4.09; 2.24; 25.0; -25.0; 0.0; 0; 0; 0.0; 0.0; 1; 5.6679555002; 0.413499937691; 0.704102058834; 0; 0; 0; 0; 0.0; 0.0; 0.0; -1.0; 0.0; 0.0; 0.0; 0.0; 0.0; 1.0;0; 0;0; 0; 
24.5880250931; 100630; 0.0; 0.0; -0.25284; 0.0; 0.0; 0.0; 0.0; 0.0; 0.0; 0.0; 0.0; 0.0; 0.0; 0.0; 0.0; 0.0; 0.0; 2.24; 1.05; 4.09; 2.24; 25.0; -25.0; 0.0; 0; 0; 0.0; 0.0; 1; 5.6679555002; 0.413499937691; 0.704102058834; 0; 0; 0; 0; 0.0; 0.0; 0.0; -1.0; 0.0; 0.0; 0.0; 0.0; 0.0; 1.0;0; 0;0; 0; 
24.5990850925; 100630; 0.0; 0.0; -0.25298; 0.0; 0.0; 0.0; 0.0; 0.0; 0.0; 0.0; 0.0; 0.0; 0.0; 0.0; 0.0; 0.0; 0.0; 2.24; 1.05; 4.09; 2.24; 25.0; -25.0; 0.0; 0; 0; 0.0; 0.0; 1; 5.6679555002; 0.413499937691; 0.704102058834; 0; 0; 0; 0; 0.0; 0.0; 0.0; -1.0; 0.0; 0.0; 0.0; 0.0; 0.0; 1.0;0; 0;0; 0; 
24.6108109951; 100640; 0.0; 0.0; -0.25316; 0.0; 0.0; 0.0; 0.0; 0.0; 0.0; 0.0; 0.0; 0.0; 0.0; 0.0; 0.0; 0.0; 0.0; 2.24; 1.05; 4.09; 2.24; 25.0; -25.0; 0.0; 0; 0; 0.0; 0.0; 1; 5.6679555002; 0.413499937691; 0.704102058834; 0; 0; 0; 0; 0.0; 0.0; 0.0; -1.0; 0.0; 0.0; 0.0; 0.0; 0.0; 1.0;0; 0;0; 0; 
24.6218020916; 100640; 0.0; 0.0; -0.25336; 0.0; 0.0; 0.0; 0.0; 0.0; 0.0; 0.0; 0.0; 0.0; 0.0; 0.0; 0.0; 0.0; 0.0; 2.24; 1.05; 4.09; 2.24; 25.0; -25.0; 0.0; 0; 0; 0.0; 0.0; 1; 5.6679555002; 0.413499937691; 0.704102058834; 0; 0; 0; 0; 0.0; 0.0; 0.0; -1.0; 0.0; 0.0; 0.0; 0.0; 0.0; 1.0;0; 0;0; 0; 
24.6334049702; 100650; 0.0; 0.0; -0.25357; 0.0; 0.0; 0.0; 0.0; 0.0; 0.0; 0.0; 0.0; 0.0; 0.0; 0.0; 0.0; 0.0; 0.0; 2.24; 1.05; 4.09; 2.24; 25.0; -25.0; 0.0; 0; 0; 0.0; 0.0; 1; 5.6679555002; 0.413499937691; 0.704102058834; 0; 0; 0; 0; 0.0; 0.0; 0.0; -1.0; 0.0; 0.0; 0.0; 0.0; 0.0; 1.0;0; 0;0; 0; 
24.6455349922; 100650; 0.0; 0.0; -0.25377; 0.0; 0.0; 0.0; 0.0; 0.0; 0.0; 0.0; 0.0; 0.0; 0.0; 0.0; 0.0; 0.0; 0.0; 2.24; 1.05; 4.09; 2.24; 25.0; -25.0; 0.0; 0; 0; 0.0; 0.0; 1; 5.6679555002; 0.413499937691; 0.704102058834; 0; 0; 0; 0; 0.0; 0.0; 0.0; -1.0; 0.0; 0.0; 0.0; 0.0; 0.0; 1.0;0; 0;0; 0; 
24.656370163; 100660; 0.0; 0.0; -0.2539; 0.0; 0.0; 0.0; 0.0; 0.0; 0.0; 0.0; 0.0; 0.0; 0.0; 0.0; 0.0; 0.0; 0.0; 2.24; 1.05; 4.09; 2.24; 25.0; -25.0; 0.0; 0; 0; 0.0; 0.0; 1; 5.6679555002; 0.413499937691; 0.704102058834; 0; 0; 0; 0; 0.0; 0.0; 0.0; -1.0; 0.0; 0.0; 0.0; 0.0; 0.0; 1.0;0; 0;0; 0; 
24.6671791077; 100660; 0.0; 0.0; -0.25391; 0.0; 0.0; 0.0; 0.0; 0.0; 0.0; 0.0; 0.0; 0.0; 0.0; 0.0; 0.0; 0.0; 0.0; 2.24; 1.05; 4.09; 2.24; 25.0; -25.0; 0.0; 0; 0; 0.0; 0.0; 1; 5.6679555002; 0.413499937691; 0.704102058834; 0; 0; 0; 0; 0.0; 0.0; 0.0; -1.0; 0.0; 0.0; 0.0; 0.0; 0.0; 1.0;0; 0;0; 0; 
24.6787490845; 100670; 0.0; 0.0; -0.25373; 0.0; 0.0; 0.0; 0.0; 0.0; 0.0; 0.0; 0.0; 0.0; 0.0; 0.0; 0.0; 0.0; 0.0; 2.24; 1.05; 4.09; 2.24; 25.0; -25.0; 0.0; 0; 0; 0.0; 0.0; 1; 5.6679555002; 0.413499937691; 0.704102058834; 0; 0; 0; 0; 0.0; 0.0; 0.0; -1.0; 0.0; 0.0; 0.0; 0.0; 0.0; 1.0;0; 0;0; 0; 
24.6897711754; 100670; 0.0; 0.0; -0.25335; 0.0; 0.0; 0.0; 0.0; 0.0; 0.0; 0.0; 0.0; 0.0; 0.0; 0.0; 0.0; 0.0; 0.0; 2.24; 1.05; 4.09; 2.24; 25.0; -25.0; 0.0; 0; 0; 0.0; 0.0; 1; 5.6679555002; 0.413499937691; 0.704102058834; 0; 0; 0; 0; 0.0; 0.0; 0.0; -1.0; 0.0; 0.0; 0.0; 0.0; 0.0; 1.0;0; 0;0; 0; 
24.7012372017; 100680; 0.0; 0.0; -0.25285; 0.0; 0.0; 0.0; 0.0; 0.0; 0.0; 0.0; 0.0; 0.0; 0.0; 0.0; 0.0; 0.0; 0.0; 2.24; 1.05; 4.09; 2.24; 25.0; -25.0; 0.0; 0; 0; 0.0; 0.0; 1; 5.6679555002; 0.413499937691; 0.704102058834; 0; 0; 0; 0; 0.0; 0.0; 0.0; -1.0; 0.0; 0.0; 0.0; 0.0; 0.0; 1.0;0; 0;0; 0; 
24.7123711109; 100680; 0.0; 0.0; -0.2523; 0.0; 0.0; 0.0; 0.0; 0.0; 0.0; 0.0; 0.0; 0.0; 0.0; 0.0; 0.0; 0.0; 0.0; 2.24; 1.05; 4.09; 2.24; 25.0; -25.0; 0.0; 0; 0; 0.0; 0.0; 1; 5.6679555002; 0.413499937691; 0.704102058834; 0; 0; 0; 0; 0.0; 0.0; 0.0; -1.0; 0.0; 0.0; 0.0; 0.0; 0.0; 1.0;0; 0;0; 0; 
24.7231931686; 100690; 0.0; 0.0; -0.25179; 0.0; 0.0; 0.0; 0.0; 0.0; 0.0; 0.0; 0.0; 0.0; 0.0; 0.0; 0.0; 0.0; 0.0; 2.24; 1.05; 4.09; 2.24; 25.0; -25.0; 0.0; 0; 0; 0.0; 0.0; 1; 5.6679555002; 0.413499937691; 0.704102058834; 0; 0; 0; 0; 0.0; 0.0; 0.0; -1.0; 0.0; 0.0; 0.0; 0.0; 0.0; 1.0;0; 0;0; 0; 
24.7348110676; 100690; 0.0; 0.0; -0.25138; 0.0; 0.0; 0.0; 0.0; 0.0; 0.0; 0.0; 0.0; 0.0; 0.0; 0.0; 0.0; 0.0; 0.0; 2.24; 1.05; 4.09; 2.24; 25.0; -25.0; 0.0; 0; 0; 0.0; 0.0; 1; 5.6679555002; 0.413499937691; 0.704102058834; 0; 0; 0; 0; 0.0; 0.0; 0.0; -1.0; 0.0; 0.0; 0.0; 0.0; 0.0; 1.0;0; 0;0; 0; 
24.7462601662; 100700; 0.0; 0.0; -0.25115; 0.0; 0.0; 0.0; 0.0; 0.0; 0.0; 0.0; 0.0; 0.0; 0.0; 0.0; 0.0; 0.0; 0.0; 0.0; 1.03; 4.18; 2.29; 25.0; -25.0; 0.0; 0; 0; 0.0; 0.0; 1; 5.6679555002; 0.413499937691; 0.704102058834; 0; 0; 0; 0; 0.0; 0.0; 0.0; -1.0; 0.0; 0.0; 0.0; 0.0; 0.0; 1.0;0; 0;0; 0; 
24.7571461201; 100700; 0.0; 0.0; -0.25116; 0.0; 0.0; 0.0; 0.0; 0.0; 0.0; 0.0; 0.0; 0.0; 0.0; 0.0; 0.0; 0.0; 0.0; 0.0; 1.03; 4.18; 2.29; 25.0; -25.0; 0.0; 0; 0; 0.0; 0.0; 1; 5.69258721871; 0.434922701495; 0.73035678136; 0; 0; 0; 0; 0.0; 0.0; 0.0; -1.0; 0.0; 0.0; 0.0; 0.0; 0.0; 1.0;0; 0;0; 0; 
24.7685320377; 100710; 0.0; 0.0; -0.25144; 0.0; 0.0; 0.0; 0.0; 0.0; 0.0; 0.0; 0.0; 0.0; 0.0; 0.0; 0.0; 0.0; 0.0; 0.0; 1.03; 4.18; 2.29; 25.0; -25.0; 0.0; 0; 0; 0.0; 0.0; 1; 5.69258721871; 0.434922701495; 0.73035678136; 0; 0; 0; 0; 0.0; 0.0; 0.0; -1.0; 0.0; 0.0; 0.0; 0.0; 0.0; 1.0;0; 0;0; 0; 
24.7798140049; 100710; 0.0; 0.0; -0.25192; 0.0; 0.0; 0.0; 0.0; 0.0; 0.0; 0.0; 0.0; 0.0; 0.0; 0.0; 0.0; 0.0; 0.0; 0.0; 1.03; 4.18; 2.29; 25.0; -25.0; 0.0; 0; 0; 0.0; 0.0; 1; 5.69258721871; 0.434922701495; 0.73035678136; 0; 0; 0; 0; 0.0; 0.0; 0.0; -1.0; 0.0; 0.0; 0.0; 0.0; 0.0; 1.0;0; 0;0; 0; 
24.7914631367; 100720; 0.0; 0.0; -0.25264; 0.0; 0.0; 0.0; 0.0; 0.0; 0.0; 0.0; 0.0; 0.0; 0.0; 0.0; 0.0; 0.0; 0.0; 0.0; 1.03; 4.18; 2.29; 25.0; -25.0; 0.0; 0; 0; 0.0; 0.0; 1; 5.69258721871; 0.434922701495; 0.73035678136; 0; 0; 0; 0; 0.0; 0.0; 0.0; -1.0; 0.0; 0.0; 0.0; 0.0; 0.0; 1.0;0; 0;0; 0; 
24.8030261993; 100720; 0.0; 0.0; -0.25351; 0.0; 0.0; 0.0; 0.0; 0.0; 0.0; 0.0; 0.0; 0.0; 0.0; 0.0; 0.0; 0.0; 0.0; 0.0; 1.03; 4.18; 2.29; 25.0; -25.0; 0.0; 0; 0; 0.0; 0.0; 1; 5.69258721871; 0.434922701495; 0.73035678136; 0; 0; 0; 0; 0.0; 0.0; 0.0; -1.0; 0.0; 0.0; 0.0; 0.0; 0.0; 1.0;0; 0;0; 0; 
24.814702034; 100730; 0.0; 0.0; -0.25442; 0.0; 0.0; 0.0; 0.0; 0.0; 0.0; 0.0; 0.0; 0.0; 0.0; 0.0; 0.0; 0.0; 0.0; 0.0; 1.03; 4.18; 2.29; 25.0; -25.0; 0.0; 0; 0; 0.0; 0.0; 1; 5.69258721871; 0.434922701495; 0.73035678136; 0; 0; 0; 0; 0.0; 0.0; 0.0; -1.0; 0.0; 0.0; 0.0; 0.0; 0.0; 1.0;0; 0;0; 0; 
24.826267004; 100730; 0.0; 0.0; -0.25526; 0.0; 0.0; 0.0; 0.0; 0.0; 0.0; 0.0; 0.0; 0.0; 0.0; 0.0; 0.0; 0.0; 0.0; 0.0; 1.03; 4.18; 2.29; 25.0; -25.0; 0.0; 0; 0; 0.0; 0.0; 1; 5.69258721871; 0.434922701495; 0.73035678136; 0; 0; 0; 0; 0.0; 0.0; 0.0; -1.0; 0.0; 0.0; 0.0; 0.0; 0.0; 1.0;0; 0;0; 0; 
24.8381140232; 100740; 0.0; 0.0; -0.25597; 0.0; 0.0; 0.0; 0.0; 0.0; 0.0; 0.0; 0.0; 0.0; 0.0; 0.0; 0.0; 0.0; 0.0; 0.0; 1.03; 4.18; 2.29; 25.0; -25.0; 0.0; 0; 0; 0.0; 0.0; 1; 5.69258721871; 0.434922701495; 0.73035678136; 0; 0; 0; 0; 0.0; 0.0; 0.0; -1.0; 0.0; 0.0; 0.0; 0.0; 0.0; 1.0;0; 0;0; 0; 
24.8500180244; 100740; 0.0; 0.0; -0.25646; 0.0; 0.0; 0.0; 0.0; 0.0; 0.0; 0.0; 0.0; 0.0; 0.0; 0.0; 0.0; 0.0; 0.0; 0.0; 1.03; 4.18; 2.29; 25.0; -25.0; 0.0; 0; 0; 0.0; 0.0; 1; 5.69258721871; 0.434922701495; 0.73035678136; 0; 0; 0; 0; 0.0; 0.0; 0.0; -1.0; 0.0; 0.0; 0.0; 0.0; 0.0; 1.0;0; 0;0; 0; 
24.8610281944; 100750; 0.0; 0.0; -0.25664; 0.0; 0.0; 0.0; 0.0; 0.0; 0.0; 0.0; 0.0; 0.0; 0.0; 0.0; 0.0; 0.0; 0.0; 0.0; 1.03; 4.18; 2.29; 25.0; -25.0; 0.0; 0; 0; 0.0; 0.0; 1; 5.69258721871; 0.434922701495; 0.73035678136; 0; 0; 0; 0; 0.0; 0.0; 0.0; -1.0; 0.0; 0.0; 0.0; 0.0; 0.0; 1.0;0; 0;0; 0; 
24.8724060059; 100750; 0.0; 0.0; -0.25651; 0.0; 0.0; 0.0; 0.0; 0.0; 0.0; 0.0; 0.0; 0.0; 0.0; 0.0; 0.0; 0.0; 0.0; 0.0; 1.03; 4.18; 2.29; 25.0; -25.0; 0.0; 0; 0; 0.0; 0.0; 1; 5.69258721871; 0.434922701495; 0.73035678136; 0; 0; 0; 0; 0.0; 0.0; 0.0; -1.0; 0.0; 0.0; 0.0; 0.0; 0.0; 1.0;0; 0;0; 0; 
24.8827931881; 100760; 0.0; 0.0; -0.25618; 0.0; 0.0; 0.0; 0.0; 0.0; 0.0; 0.0; 0.0; 0.0; 0.0; 0.0; 0.0; 0.0; 0.0; 0.0; 1.03; 4.18; 2.29; 25.0; -25.0; 0.0; 0; 0; 0.0; 0.0; 1; 5.69258721871; 0.434922701495; 0.73035678136; 0; 0; 0; 0; 0.0; 0.0; 0.0; -1.0; 0.0; 0.0; 0.0; 0.0; 0.0; 1.0;0; 0;0; 0; 
24.8936190605; 100760; 0.0; 0.0; -0.2558; 0.0; 0.0; 0.0; 0.0; 0.0; 0.0; 0.0; 0.0; 0.0; 0.0; 0.0; 0.0; 0.0; 0.0; 0.0; 1.03; 4.18; 2.29; 25.0; -25.0; 0.0; 0; 0; 0.0; 0.0; 1; 5.69258721871; 0.434922701495; 0.73035678136; 0; 0; 0; 0; 0.0; 0.0; 0.0; -1.0; 0.0; 0.0; 0.0; 0.0; 0.0; 1.0;0; 0;0; 0; 
24.9047219753; 100770; 0.0; 0.0; -0.25541; 0.0; 0.0; 0.0; 0.0; 0.0; 0.0; 0.0; 0.0; 0.0; 0.0; 0.0; 0.0; 0.0; 0.0; 0.0; 1.03; 4.18; 2.29; 25.0; -25.0; 0.0; 0; 0; 0.0; 0.0; 1; 5.69258721871; 0.434922701495; 0.73035678136; 0; 0; 0; 0; 0.0; 0.0; 0.0; -1.0; 0.0; 0.0; 0.0; 0.0; 0.0; 1.0;0; 0;0; 0; 
24.915487051; 100770; 0.0; 0.0; -0.25506; 0.0; 0.0; 0.0; 0.0; 0.0; 0.0; 0.0; 0.0; 0.0; 0.0; 0.0; 0.0; 0.0; 0.0; 0.0; 1.03; 4.18; 2.29; 25.0; -25.0; 0.0; 0; 0; 0.0; 0.0; 1; 5.69258721871; 0.434922701495; 0.73035678136; 0; 0; 0; 0; 0.0; 0.0; 0.0; -1.0; 0.0; 0.0; 0.0; 0.0; 0.0; 1.0;0; 0;0; 0; 
24.926733017; 100780; 0.0; 0.0; -0.25479; 0.0; 0.0; 0.0; 0.0; 0.0; 0.0; 0.0; 0.0; 0.0; 0.0; 0.0; 0.0; 0.0; 0.0; 0.0; 1.03; 4.18; 2.29; 25.0; -25.0; 0.0; 0; 0; 0.0; 0.0; 1; 5.69258721871; 0.434922701495; 0.73035678136; 0; 0; 0; 0; 0.0; 0.0; 0.0; -1.0; 0.0; 0.0; 0.0; 0.0; 0.0; 1.0;0; 0;0; 0; 
24.9376521111; 100780; 0.0; 0.0; -0.25468; 0.0; 0.0; 0.0; 0.0; 0.0; 0.0; 0.0; 0.0; 0.0; 0.0; 0.0; 0.0; 0.0; 0.0; 0.0; 1.03; 4.18; 2.29; 25.0; -25.0; 0.0; 0; 0; 0.0; 0.0; 1; 5.69258721871; 0.434922701495; 0.73035678136; 0; 0; 0; 0; 0.0; 0.0; 0.0; -1.0; 0.0; 0.0; 0.0; 0.0; 0.0; 1.0;0; 0;0; 0; 
24.9496240616; 100790; 0.0; 0.0; -0.25474; 0.0; 0.0; 0.0; 0.0; 0.0; 0.0; 0.0; 0.0; 0.0; 0.0; 0.0; 0.0; 0.0; 0.0; 0.0; 1.03; 4.18; 2.29; 25.0; -25.0; 0.0; 0; 0; 0.0; 0.0; 1; 5.69258721871; 0.434922701495; 0.73035678136; 0; 0; 0; 0; 0.0; 0.0; 0.0; -1.0; 0.0; 0.0; 0.0; 0.0; 0.0; 1.0;0; 0;0; 0; 
24.9614071846; 100790; 0.0; 0.0; -0.25488; 0.0; 0.0; 0.0; 0.0; 0.0; 0.0; 0.0; 0.0; 0.0; 0.0; 0.0; 0.0; 0.0; 0.0; 0.0; 1.03; 4.18; 2.29; 25.0; -25.0; 0.0; 0; 0; 0.0; 0.0; 1; 5.69258721871; 0.434922701495; 0.73035678136; 0; 0; 0; 0; 0.0; 0.0; 0.0; -1.0; 0.0; 0.0; 0.0; 0.0; 0.0; 1.0;0; 0;0; 0; 
24.9729771614; 100800; 0.0; 0.0; -0.25506; 0.0; 0.0; 0.0; 0.0; 0.0; 0.0; 0.0; 0.0; 0.0; 0.0; 0.0; 0.0; 0.0; 0.0; 2.24; 1.03; 3.69; 3.4; 25.0; -25.0; 0.0; 0; 0; 0.0; 0.0; 1; 5.69258721871; 0.434922701495; 0.73035678136; 0; 0; 0; 0; 0.0; 0.0; 0.0; -1.0; 0.0; 0.0; 0.0; 0.0; 0.0; 1.0;0; 0;0; 0; 
24.9852471352; 100800; 0.0; 0.0; -0.25529; 0.0; 0.0; 0.0; 0.0; 0.0; 0.0; 0.0; 0.0; 0.0; 0.0; 0.0; 0.0; 0.0; 0.0; 2.24; 1.03; 3.69; 3.4; 25.0; -25.0; 0.0; 0; 0; 0.0; 0.0; 1; 5.71452603379; 0.455028450062; 0.756473563058; 0; 0; 0; 0; 0.0; 0.0; 0.0; -1.0; 0.0; 0.0; 0.0; 0.0; 0.0; 1.0;0; 0;0; 0; 
24.9964461327; 100810; 0.0; 0.0; -0.25559; 0.0; 0.0; 0.0; 0.0; 0.0; 0.0; 0.0; 0.0; 0.0; 0.0; 0.0; 0.0; 0.0; 0.0; 2.24; 1.03; 3.69; 3.4; 25.0; -25.0; 0.0; 0; 0; 0.0; 0.0; 1; 5.71452603379; 0.455028450062; 0.756473563058; 0; 0; 0; 0; 0.0; 0.0; 0.0; -1.0; 0.0; 0.0; 0.0; 0.0; 0.0; 1.0;0; 0;0; 0; 
25.0085999966; 100810; 0.0; 0.0; -0.25587; 0.0; 0.0; 0.0; 0.0; 0.0; 0.0; 0.0; 0.0; 0.0; 0.0; 0.0; 0.0; 0.0; 0.0; 2.24; 1.03; 3.69; 3.4; 25.0; -25.0; 0.0; 0; 0; 0.0; 0.0; 1; 5.71452603379; 0.455028450062; 0.756473563058; 0; 0; 0; 0; 0.0; 0.0; 0.0; -1.0; 0.0; 0.0; 0.0; 0.0; 0.0; 1.0;0; 0;0; 0; 
25.019963026; 100820; 0.0; 0.0; -0.25606; 0.0; 0.0; 0.0; 0.0; 0.0; 0.0; 0.0; 0.0; 0.0; 0.0; 0.0; 0.0; 0.0; 0.0; 2.24; 1.03; 3.69; 3.4; 25.0; -25.0; 0.0; 0; 0; 0.0; 0.0; 1; 5.71452603379; 0.455028450062; 0.756473563058; 0; 0; 0; 0; 0.0; 0.0; 0.0; -1.0; 0.0; 0.0; 0.0; 0.0; 0.0; 1.0;0; 0;0; 0; 
25.0306520462; 100820; 0.0; 0.0; -0.25609; 0.0; 0.0; 0.0; 0.0; 0.0; 0.0; 0.0; 0.0; 0.0; 0.0; 0.0; 0.0; 0.0; 0.0; 2.24; 1.03; 3.69; 3.4; 25.0; -25.0; 0.0; 0; 0; 0.0; 0.0; 1; 5.71452603379; 0.455028450062; 0.756473563058; 0; 0; 0; 0; 0.0; 0.0; 0.0; -1.0; 0.0; 0.0; 0.0; 0.0; 0.0; 1.0;0; 0;0; 0; 
25.0424220562; 100830; 0.0; 0.0; -0.25595; 0.0; 0.0; 0.0; 0.0; 0.0; 0.0; 0.0; 0.0; 0.0; 0.0; 0.0; 0.0; 0.0; 0.0; 2.24; 1.03; 3.69; 3.4; 25.0; -25.0; 0.0; 0; 0; 0.0; 0.0; 1; 5.71452603379; 0.455028450062; 0.756473563058; 0; 0; 0; 0; 0.0; 0.0; 0.0; -1.0; 0.0; 0.0; 0.0; 0.0; 0.0; 1.0;0; 0;0; 0; 
25.0532221794; 100830; 0.0; 0.0; -0.25558; 0.0; 0.0; 0.0; 0.0; 0.0; 0.0; 0.0; 0.0; 0.0; 0.0; 0.0; 0.0; 0.0; 0.0; 2.24; 1.03; 3.69; 3.4; 25.0; -25.0; 0.0; 0; 0; 0.0; 0.0; 1; 5.71452603379; 0.455028450062; 0.756473563058; 0; 0; 0; 0; 0.0; 0.0; 0.0; -1.0; 0.0; 0.0; 0.0; 0.0; 0.0; 1.0;0; 0;0; 0; 
25.0640990734; 100840; 0.0; 0.0; -0.25493; 0.0; 0.0; 0.0; 0.0; 0.0; 0.0; 0.0; 0.0; 0.0; 0.0; 0.0; 0.0; 0.0; 0.0; 2.24; 1.03; 3.69; 3.4; 25.0; -25.0; 0.0; 0; 0; 0.0; 0.0; 1; 5.71452603379; 0.455028450062; 0.756473563058; 0; 0; 0; 0; 0.0; 0.0; 0.0; -1.0; 0.0; 0.0; 0.0; 0.0; 0.0; 1.0;0; 0;0; 0; 
25.0756449699; 100840; 0.0; 0.0; -0.25413; 0.0; 0.0; 0.0; 0.0; 0.0; 0.0; 0.0; 0.0; 0.0; 0.0; 0.0; 0.0; 0.0; 0.0; 2.24; 1.03; 3.69; 3.4; 25.0; -25.0; 0.0; 0; 0; 0.0; 0.0; 1; 5.71452603379; 0.455028450062; 0.756473563058; 0; 0; 0; 0; 0.0; 0.0; 0.0; -1.0; 0.0; 0.0; 0.0; 0.0; 0.0; 1.0;0; 0;0; 0; 
25.0875091553; 100850; 0.0; 0.0; -0.2532; 0.0; 0.0; 0.0; 0.0; 0.0; 0.0; 0.0; 0.0; 0.0; 0.0; 0.0; 0.0; 0.0; 0.0; 2.24; 1.03; 3.69; 3.4; 25.0; -25.0; 0.0; 0; 0; 0.0; 0.0; 1; 5.71452603379; 0.455028450062; 0.756473563058; 0; 0; 0; 0; 0.0; 0.0; 0.0; -1.0; 0.0; 0.0; 0.0; 0.0; 0.0; 1.0;0; 0;0; 0; 
25.0993111134; 100850; 0.0; 0.0; -0.25223; 0.0; 0.0; 0.0; 0.0; 0.0; 0.0; 0.0; 0.0; 0.0; 0.0; 0.0; 0.0; 0.0; 0.0; 2.24; 1.03; 3.69; 3.4; 25.0; -25.0; 0.0; 0; 0; 0.0; 0.0; 1; 5.71452603379; 0.455028450062; 0.756473563058; 0; 0; 0; 0; 0.0; 0.0; 0.0; -1.0; 0.0; 0.0; 0.0; 0.0; 0.0; 1.0;0; 0;0; 0; 
25.1106910706; 100860; 0.0; 0.0; -0.25124; 0.0; 0.0; 0.0; 0.0; 0.0; 0.0; 0.0; 0.0; 0.0; 0.0; 0.0; 0.0; 0.0; 0.0; 2.24; 1.03; 3.69; 3.4; 25.0; -25.0; 0.0; 0; 0; 0.0; 0.0; 1; 5.71452603379; 0.455028450062; 0.756473563058; 0; 0; 0; 0; 0.0; 0.0; 0.0; -1.0; 0.0; 0.0; 0.0; 0.0; 0.0; 1.0;0; 0;0; 0; 
25.1217141151; 100860; 0.0; 0.0; -0.25031; 0.0; 0.0; 0.0; 0.0; 0.0; 0.0; 0.0; 0.0; 0.0; 0.0; 0.0; 0.0; 0.0; 0.0; 2.24; 1.03; 3.69; 3.4; 25.0; -25.0; 0.0; 0; 0; 0.0; 0.0; 1; 5.71452603379; 0.455028450062; 0.756473563058; 0; 0; 0; 0; 0.0; 0.0; 0.0; -1.0; 0.0; 0.0; 0.0; 0.0; 0.0; 1.0;0; 0;0; 0; 
25.1331000328; 100870; 0.0; 0.0; -0.24956; 0.0; 0.0; 0.0; 0.0; 0.0; 0.0; 0.0; 0.0; 0.0; 0.0; 0.0; 0.0; 0.0; 0.0; 2.24; 1.03; 3.69; 3.4; 25.0; -25.0; 0.0; 0; 0; 0.0; 0.0; 1; 5.71452603379; 0.455028450062; 0.756473563058; 0; 0; 0; 0; 0.0; 0.0; 0.0; -1.0; 0.0; 0.0; 0.0; 0.0; 0.0; 1.0;0; 0;0; 0; 
25.1447701454; 100870; 0.0; 0.0; -0.24897; 0.0; 0.0; 0.0; 0.0; 0.0; 0.0; 0.0; 0.0; 0.0; 0.0; 0.0; 0.0; 0.0; 0.0; 2.24; 1.03; 3.69; 3.4; 25.0; -25.0; 0.0; 0; 0; 0.0; 0.0; 1; 5.71452603379; 0.455028450062; 0.756473563058; 0; 0; 0; 0; 0.0; 0.0; 0.0; -1.0; 0.0; 0.0; 0.0; 0.0; 0.0; 1.0;0; 0;0; 0; 
25.1556141376; 100880; 0.0; 0.0; -0.24852; 0.0; 0.0; 0.0; 0.0; 0.0; 0.0; 0.0; 0.0; 0.0; 0.0; 0.0; 0.0; 0.0; 0.0; 2.24; 1.03; 3.69; 3.4; 25.0; -25.0; 0.0; 0; 0; 0.0; 0.0; 1; 5.71452603379; 0.455028450062; 0.756473563058; 0; 0; 0; 0; 0.0; 0.0; 0.0; -1.0; 0.0; 0.0; 0.0; 0.0; 0.0; 1.0;0; 0;0; 0; 
25.1672730446; 100880; 0.0; 0.0; -0.24827; 0.0; 0.0; 0.0; 0.0; 0.0; 0.0; 0.0; 0.0; 0.0; 0.0; 0.0; 0.0; 0.0; 0.0; 2.24; 1.03; 3.69; 3.4; 25.0; -25.0; 0.0; 0; 0; 0.0; 0.0; 1; 5.71452603379; 0.455028450062; 0.756473563058; 0; 0; 0; 0; 0.0; 0.0; 0.0; -1.0; 0.0; 0.0; 0.0; 0.0; 0.0; 1.0;0; 0;0; 0; 
25.1795620918; 100890; 0.0; 0.0; -0.24825; 0.0; 0.0; 0.0; 0.0; 0.0; 0.0; 0.0; 0.0; 0.0; 0.0; 0.0; 0.0; 0.0; 0.0; 2.24; 1.03; 3.69; 3.4; 25.0; -25.0; 0.0; 0; 0; 0.0; 0.0; 1; 5.71452603379; 0.455028450062; 0.756473563058; 0; 0; 0; 0; 0.0; 0.0; 0.0; -1.0; 0.0; 0.0; 0.0; 0.0; 0.0; 1.0;0; 0;0; 0; 
25.1914670467; 100890; 0.0; 0.0; -0.24844; 0.0; 0.0; 0.0; 0.0; 0.0; 0.0; 0.0; 0.0; 0.0; 0.0; 0.0; 0.0; 0.0; 0.0; 2.19; 1.03; 4.28; 3.23; 25.0; -25.0; 0.0; 0; 0; 0.0; 0.0; 1; 5.71452603379; 0.455028450062; 0.756473563058; 0; 0; 0; 0; 0.0; 0.0; 0.0; -1.0; 0.0; 0.0; 0.0; 0.0; 0.0; 1.0;0; 0;0; 0; 
25.2032301426; 100900; 0.0; 0.0; -0.24867; 0.0; 0.0; 0.0; 0.0; 0.0; 0.0; 0.0; 0.0; 0.0; 0.0; 0.0; 0.0; 0.0; 0.0; 2.19; 1.03; 4.28; 3.23; 25.0; -25.0; 0.0; 0; 0; 0.0; 0.0; 1; 5.71452603379; 0.455028450062; 0.756473563058; 0; 0; 0; 0; 0.0; 0.0; 0.0; -1.0; 0.0; 0.0; 0.0; 0.0; 0.0; 1.0;0; 0;0; 0; 
25.2142801285; 100900; 0.0; 0.0; -0.24878; 0.0; 0.0; 0.0; 0.0; 0.0; 0.0; 0.0; 0.0; 0.0; 0.0; 0.0; 0.0; 0.0; 0.0; 2.19; 1.03; 4.28; 3.23; 25.0; -25.0; 0.0; 0; 0; 0.0; 0.0; 1; 5.73558372483; 0.475379951493; 0.782360614079; 0; 0; 0; 0; 0.0; 0.0; 0.0; -1.0; 0.0; 0.0; 0.0; 0.0; 0.0; 1.0;0; 0;0; 0; 
25.225315094; 100910; 0.0; 0.0; -0.2487; 0.0; 0.0; 0.0; 0.0; 0.0; 0.0; 0.0; 0.0; 0.0; 0.0; 0.0; 0.0; 0.0; 0.0; 2.19; 1.03; 4.28; 3.23; 25.0; -25.0; 0.0; 0; 0; 0.0; 0.0; 1; 5.73558372483; 0.475379951493; 0.782360614079; 0; 0; 0; 0; 0.0; 0.0; 0.0; -1.0; 0.0; 0.0; 0.0; 0.0; 0.0; 1.0;0; 0;0; 0; 
25.2367730141; 100910; 0.0; 0.0; -0.24829; 0.0; 0.0; 0.0; 0.0; 0.0; 0.0; 0.0; 0.0; 0.0; 0.0; 0.0; 0.0; 0.0; 0.0; 2.19; 1.03; 4.28; 3.23; 25.0; -25.0; 0.0; 0; 0; 0.0; 0.0; 1; 5.73558372483; 0.475379951493; 0.782360614079; 0; 0; 0; 0; 0.0; 0.0; 0.0; -1.0; 0.0; 0.0; 0.0; 0.0; 0.0; 1.0;0; 0;0; 0; 
25.2483820915; 100920; 0.0; 0.0; -0.24741; 0.0; 0.0; 0.0; 0.0; 0.0; 0.0; 0.0; 0.0; 0.0; 0.0; 0.0; 0.0; 0.0; 0.0; 2.19; 1.03; 4.28; 3.23; 25.0; -25.0; 0.0; 0; 0; 0.0; 0.0; 1; 5.73558372483; 0.475379951493; 0.782360614079; 0; 0; 0; 0; 0.0; 0.0; 0.0; -1.0; 0.0; 0.0; 0.0; 0.0; 0.0; 1.0;0; 0;0; 0; 
25.2591841221; 100920; 0.0; 0.0; -0.24602; 0.0; 0.0; 0.0; 0.0; 0.0; 0.0; 0.0; 0.0; 0.0; 0.0; 0.0; 0.0; 0.0; 0.0; 2.19; 1.03; 4.28; 3.23; 25.0; -25.0; 0.0; 0; 0; 0.0; 0.0; 1; 5.73558372483; 0.475379951493; 0.782360614079; 0; 0; 0; 0; 0.0; 0.0; 0.0; -1.0; 0.0; 0.0; 0.0; 0.0; 0.0; 1.0;0; 0;0; 0; 
25.2701890469; 100930; 0.0; 0.0; -0.24417; 0.0; 0.0; 0.0; 0.0; 0.0; 0.0; 0.0; 0.0; 0.0; 0.0; 0.0; 0.0; 0.0; 0.0; 2.19; 1.03; 4.28; 3.23; 25.0; -25.0; 0.0; 0; 0; 0.0; 0.0; 1; 5.73558372483; 0.475379951493; 0.782360614079; 0; 0; 0; 0; 0.0; 0.0; 0.0; -1.0; 0.0; 0.0; 0.0; 0.0; 0.0; 1.0;0; 0;0; 0; 
25.2819671631; 100930; 0.0; 0.0; -0.24193; 0.0; 0.0; 0.0; 0.0; 0.0; 0.0; 0.0; 0.0; 0.0; 0.0; 0.0; 0.0; 0.0; 0.0; 2.19; 1.03; 4.28; 3.23; 25.0; -25.0; 0.0; 0; 0; 0.0; 0.0; 1; 5.73558372483; 0.475379951493; 0.782360614079; 0; 0; 0; 0; 0.0; 0.0; 0.0; -1.0; 0.0; 0.0; 0.0; 0.0; 0.0; 1.0;0; 0;0; 0; 
25.2938191891; 100940; 0.0; 0.0; -0.23939; 0.0; 0.0; 0.0; 0.0; 0.0; 0.0; 0.0; 0.0; 0.0; 0.0; 0.0; 0.0; 0.0; 0.0; 2.19; 1.03; 4.28; 3.23; 25.0; -25.0; 0.0; 0; 0; 0.0; 0.0; 1; 5.73558372483; 0.475379951493; 0.782360614079; 0; 0; 0; 0; 0.0; 0.0; 0.0; -1.0; 0.0; 0.0; 0.0; 0.0; 0.0; 1.0;0; 0;0; 0; 
25.3050031662; 100940; 0.0; 0.0; -0.23658; 0.0; 0.0; 0.0; 0.0; 0.0; 0.0; 0.0; 0.0; 0.0; 0.0; 0.0; 0.0; 0.0; 0.0; 2.19; 1.03; 4.28; 3.23; 25.0; -25.0; 0.0; 0; 0; 0.0; 0.0; 1; 5.73558372483; 0.475379951493; 0.782360614079; 0; 0; 0; 0; 0.0; 0.0; 0.0; -1.0; 0.0; 0.0; 0.0; 0.0; 0.0; 1.0;0; 0;0; 0; 
25.3164041042; 100950; 0.0; 0.0; -0.23363; 0.0; 0.0; 0.0; 0.0; 0.0; 0.0; 0.0; 0.0; 0.0; 0.0; 0.0; 0.0; 0.0; 0.0; 2.19; 1.03; 4.28; 3.23; 25.0; -25.0; 0.0; 0; 0; 0.0; 0.0; 1; 5.73558372483; 0.475379951493; 0.782360614079; 0; 0; 0; 0; 0.0; 0.0; 0.0; -1.0; 0.0; 0.0; 0.0; 0.0; 0.0; 1.0;0; 0;0; 0; 
25.3272531033; 100950; 0.0; 0.0; -0.23062; 0.0; 0.0; 0.0; 0.0; 0.0; 0.0; 0.0; 0.0; 0.0; 0.0; 0.0; 0.0; 0.0; 0.0; 2.19; 1.03; 4.28; 3.23; 25.0; -25.0; 0.0; 0; 0; 0.0; 0.0; 1; 5.73558372483; 0.475379951493; 0.782360614079; 0; 0; 0; 0; 0.0; 0.0; 0.0; -1.0; 0.0; 0.0; 0.0; 0.0; 0.0; 1.0;0; 0;0; 0; 
25.3379809856; 100960; 0.0; 0.0; -0.22762; 0.0; 0.0; 0.0; 0.0; 0.0; 0.0; 0.0; 0.0; 0.0; 0.0; 0.0; 0.0; 0.0; 0.0; 2.19; 1.03; 4.28; 3.23; 25.0; -25.0; 0.0; 0; 0; 0.0; 0.0; 1; 5.73558372483; 0.475379951493; 0.782360614079; 0; 0; 0; 0; 0.0; 0.0; 0.0; -1.0; 0.0; 0.0; 0.0; 0.0; 0.0; 1.0;0; 0;0; 0; 
25.3494870663; 100960; 0.0; 0.0; -0.22473; 0.0; 0.0; 0.0; 0.0; 0.0; 0.0; 0.0; 0.0; 0.0; 0.0; 0.0; 0.0; 0.0; 0.0; 2.19; 1.03; 4.28; 3.23; 25.0; -25.0; 0.0; 0; 0; 0.0; 0.0; 1; 5.73558372483; 0.475379951493; 0.782360614079; 0; 0; 0; 0; 0.0; 0.0; 0.0; -1.0; 0.0; 0.0; 0.0; 0.0; 0.0; 1.0;0; 0;0; 0; 
25.3613131046; 100970; 0.0; 0.0; -0.22209; 0.0; 0.0; 0.0; 0.0; 0.0; 0.0; 0.0; 0.0; 0.0; 0.0; 0.0; 0.0; 0.0; 0.0; 2.19; 1.03; 4.28; 3.23; 25.0; -25.0; 0.0; 0; 0; 0.0; 0.0; 1; 5.73558372483; 0.475379951493; 0.782360614079; 0; 0; 0; 0; 0.0; 0.0; 0.0; -1.0; 0.0; 0.0; 0.0; 0.0; 0.0; 1.0;0; 0;0; 0; 
25.3727161884; 100970; 0.0; 0.0; -0.2198; 0.0; 0.0; 0.0; 0.0; 0.0; 0.0; 0.0; 0.0; 0.0; 0.0; 0.0; 0.0; 0.0; 0.0; 2.19; 1.03; 4.28; 3.23; 25.0; -25.0; 0.0; 0; 0; 0.0; 0.0; 1; 5.73558372483; 0.475379951493; 0.782360614079; 0; 0; 0; 0; 0.0; 0.0; 0.0; -1.0; 0.0; 0.0; 0.0; 0.0; 0.0; 1.0;0; 0;0; 0; 
25.3841621876; 100980; 0.0; 0.0; -0.2179; 0.0; 0.0; 0.0; 0.0; 0.0; 0.0; 0.0; 0.0; 0.0; 0.0; 0.0; 0.0; 0.0; 0.0; 2.19; 1.03; 4.28; 3.23; 25.0; -25.0; 0.0; 0; 0; 0.0; 0.0; 1; 5.73558372483; 0.475379951493; 0.782360614079; 0; 0; 0; 0; 0.0; 0.0; 0.0; -1.0; 0.0; 0.0; 0.0; 0.0; 0.0; 1.0;0; 0;0; 0; 
25.3953080177; 100980; 0.0; 0.0; -0.21635; 0.0; 0.0; 0.0; 0.0; 0.0; 0.0; 0.0; 0.0; 0.0; 0.0; 0.0; 0.0; 0.0; 0.0; 2.19; 1.03; 4.28; 3.23; 25.0; -25.0; 0.0; 0; 0; 0.0; 0.0; 1; 5.73558372483; 0.475379951493; 0.782360614079; 0; 0; 0; 0; 0.0; 0.0; 0.0; -1.0; 0.0; 0.0; 0.0; 0.0; 0.0; 1.0;0; 0;0; 0; 
25.4061050415; 100990; 0.0; 0.0; -0.2152; 0.0; 0.0; 0.0; 0.0; 0.0; 0.0; 0.0; 0.0; 0.0; 0.0; 0.0; 0.0; 0.0; 0.0; 2.19; 1.03; 4.28; 3.23; 25.0; -25.0; 0.0; 0; 0; 0.0; 0.0; 1; 5.73558372483; 0.475379951493; 0.782360614079; 0; 0; 0; 0; 0.0; 0.0; 0.0; -1.0; 0.0; 0.0; 0.0; 0.0; 0.0; 1.0;0; 0;0; 0; 
25.417673111; 100990; 0.0; 0.0; -0.2144; 0.0; 0.0; 0.0; 0.0; 0.0; 0.0; 0.0; 0.0; 0.0; 0.0; 0.0; 0.0; 0.0; 0.0; 2.19; 1.03; 4.28; 3.23; 25.0; -25.0; 0.0; 0; 0; 0.0; 0.0; 1; 5.73558372483; 0.475379951493; 0.782360614079; 0; 0; 0; 0; 0.0; 0.0; 0.0; -1.0; 0.0; 0.0; 0.0; 0.0; 0.0; 1.0;0; 0;0; 0; 
25.4288051128; 101000; 0.0; 0.0; -0.21388; 0.0; 0.0; 0.0; 0.0; 0.0; 0.0; 0.0; 0.0; 0.0; 0.0; 0.0; 0.0; 0.0; 0.0; 2.19; 1.03; 4.28; 3.23; 25.0; -25.0; 0.0; 0; 0; 0.0; 0.0; 1; 5.73558372483; 0.475379951493; 0.782360614079; 0; 0; 0; 0; 0.0; 0.0; 0.0; -1.0; 0.0; 0.0; 0.0; 0.0; 0.0; 1.0;0; 0;0; 0; 
25.4408559799; 101000; 0.0; 0.0; -0.21353; 0.0; 0.0; 0.0; 0.0; 0.0; 0.0; 0.0; 0.0; 0.0; 0.0; 0.0; 0.0; 0.0; 0.0; 2.19; 1.03; 4.28; 3.23; 25.0; -25.0; 0.0; 0; 0; 0.0; 0.0; 1; 5.75752623633; 0.49769054882; 0.806651505409; 0; 0; 0; 0; 0.0; 0.0; 0.0; -1.0; 0.0; 0.0; 0.0; 0.0; 0.0; 1.0;0; 0;0; 0; 
25.451485157; 101010; 0.0; 0.0; -0.21338; 0.0; 0.0; 0.0; 0.0; 0.0; 0.0; 0.0; 0.0; 0.0; 0.0; 0.0; 0.0; 0.0; 0.0; 2.19; 1.03; 4.28; 3.23; 25.0; -25.0; 0.0; 0; 0; 0.0; 0.0; 1; 5.75752623633; 0.49769054882; 0.806651505409; 0; 0; 0; 0; 0.0; 0.0; 0.0; -1.0; 0.0; 0.0; 0.0; 0.0; 0.0; 1.0;0; 0;0; 0; 
25.462731123; 101010; 0.0; 0.0; -0.21347; 0.0; 0.0; 0.0; 0.0; 0.0; 0.0; 0.0; 0.0; 0.0; 0.0; 0.0; 0.0; 0.0; 0.0; 2.19; 1.03; 4.28; 3.23; 25.0; -25.0; 0.0; 0; 0; 0.0; 0.0; 1; 5.75752623633; 0.49769054882; 0.806651505409; 0; 0; 0; 0; 0.0; 0.0; 0.0; -1.0; 0.0; 0.0; 0.0; 0.0; 0.0; 1.0;0; 0;0; 0; 
25.4742281437; 101020; 0.0; 0.0; -0.21382; 0.0; 0.0; 0.0; 0.0; 0.0; 0.0; 0.0; 0.0; 0.0; 0.0; 0.0; 0.0; 0.0; 0.0; 2.19; 1.03; 4.28; 3.23; 25.0; -25.0; 0.0; 0; 0; 0.0; 0.0; 1; 5.75752623633; 0.49769054882; 0.806651505409; 0; 0; 0; 0; 0.0; 0.0; 0.0; -1.0; 0.0; 0.0; 0.0; 0.0; 0.0; 1.0;0; 0;0; 0; 
25.4847910404; 101020; 0.0; 0.0; -0.21445; 0.0; 0.0; 0.0; 0.0; 0.0; 0.0; 0.0; 0.0; 0.0; 0.0; 0.0; 0.0; 0.0; 0.0; 2.19; 1.03; 4.28; 3.23; 25.0; -25.0; 0.0; 0; 0; 0.0; 0.0; 1; 5.75752623633; 0.49769054882; 0.806651505409; 0; 0; 0; 0; 0.0; 0.0; 0.0; -1.0; 0.0; 0.0; 0.0; 0.0; 0.0; 1.0;0; 0;0; 0; 
25.4953200817; 101030; 0.0; 0.0; -0.21537; 0.0; 0.0; 0.0; 0.0; 0.0; 0.0; 0.0; 0.0; 0.0; 0.0; 0.0; 0.0; 0.0; 0.0; 2.19; 1.03; 4.28; 3.23; 25.0; -25.0; 0.0; 0; 0; 0.0; 0.0; 1; 5.75752623633; 0.49769054882; 0.806651505409; 0; 0; 0; 0; 0.0; 0.0; 0.0; -1.0; 0.0; 0.0; 0.0; 0.0; 0.0; 1.0;0; 0;0; 0; 
25.5064690113; 101030; 0.0; 0.0; -0.21655; 0.0; 0.0; 0.0; 0.0; 0.0; 0.0; 0.0; 0.0; 0.0; 0.0; 0.0; 0.0; 0.0; 0.0; 2.19; 1.03; 4.28; 3.23; 25.0; -25.0; 0.0; 0; 0; 0.0; 0.0; 1; 5.75752623633; 0.49769054882; 0.806651505409; 0; 0; 0; 0; 0.0; 0.0; 0.0; -1.0; 0.0; 0.0; 0.0; 0.0; 0.0; 1.0;0; 0;0; 0; 
25.5179030895; 101040; 0.0; 0.0; -0.21798; 0.0; 0.0; 0.0; 0.0; 0.0; 0.0; 0.0; 0.0; 0.0; 0.0; 0.0; 0.0; 0.0; 0.0; 2.19; 1.03; 4.28; 3.23; 25.0; -25.0; 0.0; 0; 0; 0.0; 0.0; 1; 5.75752623633; 0.49769054882; 0.806651505409; 0; 0; 0; 0; 0.0; 0.0; 0.0; -1.0; 0.0; 0.0; 0.0; 0.0; 0.0; 1.0;0; 0;0; 0; 
25.5286500454; 101040; 0.0; 0.0; -0.21958; 0.0; 0.0; 0.0; 0.0; 0.0; 0.0; 0.0; 0.0; 0.0; 0.0; 0.0; 0.0; 0.0; 0.0; 2.19; 1.03; 4.28; 3.23; 25.0; -25.0; 0.0; 0; 0; 0.0; 0.0; 1; 5.75752623633; 0.49769054882; 0.806651505409; 0; 0; 0; 0; 0.0; 0.0; 0.0; -1.0; 0.0; 0.0; 0.0; 0.0; 0.0; 1.0;0; 0;0; 0; 
25.5407261848; 101050; 0.0; 0.0; -0.22126; 0.0; 0.0; 0.0; 0.0; 0.0; 0.0; 0.0; 0.0; 0.0; 0.0; 0.0; 0.0; 0.0; 0.0; 2.19; 1.03; 4.28; 3.23; 25.0; -25.0; 0.0; 0; 0; 0.0; 0.0; 1; 5.75752623633; 0.49769054882; 0.806651505409; 0; 0; 0; 0; 0.0; 0.0; 0.0; -1.0; 0.0; 0.0; 0.0; 0.0; 0.0; 1.0;0; 0;0; 0; 
25.5525910854; 101050; 0.0; 0.0; -0.22302; 0.0; 0.0; 0.0; 0.0; 0.0; 0.0; 0.0; 0.0; 0.0; 0.0; 0.0; 0.0; 0.0; 0.0; 2.19; 1.03; 4.28; 3.23; 25.0; -25.0; 0.0; 0; 0; 0.0; 0.0; 1; 5.75752623633; 0.49769054882; 0.806651505409; 0; 0; 0; 0; 0.0; 0.0; 0.0; -1.0; 0.0; 0.0; 0.0; 0.0; 0.0; 1.0;0; 0;0; 0; 
25.5637421608; 101060; 0.0; 0.0; -0.22479; 0.0; 0.0; 0.0; 0.0; 0.0; 0.0; 0.0; 0.0; 0.0; 0.0; 0.0; 0.0; 0.0; 0.0; 2.19; 1.03; 4.28; 3.23; 25.0; -25.0; 0.0; 0; 0; 0.0; 0.0; 1; 5.75752623633; 0.49769054882; 0.806651505409; 0; 0; 0; 0; 0.0; 0.0; 0.0; -1.0; 0.0; 0.0; 0.0; 0.0; 0.0; 1.0;0; 0;0; 0; 
25.5746350288; 101060; 0.0; 0.0; -0.22656; 0.0; 0.0; 0.0; 0.0; 0.0; 0.0; 0.0; 0.0; 0.0; 0.0; 0.0; 0.0; 0.0; 0.0; 2.19; 1.03; 4.28; 3.23; 25.0; -25.0; 0.0; 0; 0; 0.0; 0.0; 1; 5.75752623633; 0.49769054882; 0.806651505409; 0; 0; 0; 0; 0.0; 0.0; 0.0; -1.0; 0.0; 0.0; 0.0; 0.0; 0.0; 1.0;0; 0;0; 0; 
25.586575985; 101070; 0.0; 0.0; -0.22829; 0.0; 0.0; 0.0; 0.0; 0.0; 0.0; 0.0; 0.0; 0.0; 0.0; 0.0; 0.0; 0.0; 0.0; 2.19; 1.03; 4.28; 3.23; 25.0; -25.0; 0.0; 0; 0; 0.0; 0.0; 1; 5.75752623633; 0.49769054882; 0.806651505409; 0; 0; 0; 0; 0.0; 0.0; 0.0; -1.0; 0.0; 0.0; 0.0; 0.0; 0.0; 1.0;0; 0;0; 0; 
25.5974981785; 101070; 0.0; 0.0; -0.22992; 0.0; 0.0; 0.0; 0.0; 0.0; 0.0; 0.0; 0.0; 0.0; 0.0; 0.0; 0.0; 0.0; 0.0; 2.19; 1.03; 4.28; 3.23; 25.0; -25.0; 0.0; 0; 0; 0.0; 0.0; 1; 5.75752623633; 0.49769054882; 0.806651505409; 0; 0; 0; 0; 0.0; 0.0; 0.0; -1.0; 0.0; 0.0; 0.0; 0.0; 0.0; 1.0;0; 0;0; 0; 
25.6087651253; 101080; 0.0; 0.0; -0.23147; 0.0; 0.0; 0.0; 0.0; 0.0; 0.0; 0.0; 0.0; 0.0; 0.0; 0.0; 0.0; 0.0; 0.0; 2.19; 1.03; 4.28; 3.23; 25.0; -25.0; 0.0; 0; 0; 0.0; 0.0; 1; 5.75752623633; 0.49769054882; 0.806651505409; 0; 0; 0; 0; 0.0; 0.0; 0.0; -1.0; 0.0; 0.0; 0.0; 0.0; 0.0; 1.0;0; 0;0; 0; 
25.6207141876; 101080; 0.0; 0.0; -0.23282; 0.0; 0.0; 0.0; 0.0; 0.0; 0.0; 0.0; 0.0; 0.0; 0.0; 0.0; 0.0; 0.0; 0.0; 2.19; 1.03; 4.28; 3.23; 25.0; -25.0; 0.0; 0; 0; 0.0; 0.0; 1; 5.75752623633; 0.49769054882; 0.806651505409; 0; 0; 0; 0; 0.0; 0.0; 0.0; -1.0; 0.0; 0.0; 0.0; 0.0; 0.0; 1.0;0; 0;0; 0; 
25.6326260567; 101090; 0.0; 0.0; -0.23393; 0.0; 0.0; 0.0; 0.0; 0.0; 0.0; 0.0; 0.0; 0.0; 0.0; 0.0; 0.0; 0.0; 0.0; 2.19; 1.03; 4.28; 3.23; 25.0; -25.0; 0.0; 0; 0; 0.0; 0.0; 1; 5.75752623633; 0.49769054882; 0.806651505409; 0; 0; 0; 0; 0.0; 0.0; 0.0; -1.0; 0.0; 0.0; 0.0; 0.0; 0.0; 1.0;0; 0;0; 0; 
25.6437649727; 101090; 0.0; 0.0; -0.23477; 0.0; 0.0; 0.0; 0.0; 0.0; 0.0; 0.0; 0.0; 0.0; 0.0; 0.0; 0.0; 0.0; 0.0; 2.1; 1.0; 2.94; 3.12; 25.0; -25.0; 0.0; 0; 0; 0.0; 0.0; 1; 5.75752623633; 0.49769054882; 0.806651505409; 0; 0; 0; 0; 0.0; 0.0; 0.0; -1.0; 0.0; 0.0; 0.0; 0.0; 0.0; 1.0;0; 0;0; 0; 
25.6547842026; 101100; 0.0; 0.0; -0.23534; 0.0; 0.0; 0.0; 0.0; 0.0; 0.0; 0.0; 0.0; 0.0; 0.0; 0.0; 0.0; 0.0; 0.0; 2.1; 1.0; 2.94; 3.12; 25.0; -25.0; 0.0; 0; 0; 0.0; 0.0; 1; 5.75752623633; 0.49769054882; 0.806651505409; 0; 0; 0; 0; 0.0; 0.0; 0.0; -1.0; 0.0; 0.0; 0.0; 0.0; 0.0; 1.0;0; 0;0; 0; 
25.6694140434; 101100; 0.0; 0.0; -0.23565; 0.0; 0.0; 0.0; 0.0; 0.0; 0.0; 0.0; 0.0; 0.0; 0.0; 0.0; 0.0; 0.0; 0.0; 2.1; 1.0; 2.94; 3.12; 25.0; -25.0; 0.0; 0; 0; 0.0; 0.0; 1; 5.77979887208; 0.521420352816; 0.830132891852; 0; 0; 0; 0; 0.0; 0.0; 0.0; -1.0; 0.0; 0.0; 0.0; 0.0; 0.0; 1.0;0; 0;0; 0; 
25.6813340187; 101110; 0.0; 0.0; -0.23572; 0.0; 0.0; 0.0; 0.0; 0.0; 0.0; 0.0; 0.0; 0.0; 0.0; 0.0; 0.0; 0.0; 0.0; 2.1; 1.0; 2.94; 3.12; 25.0; -25.0; 0.0; 0; 0; 0.0; 0.0; 1; 5.77979887208; 0.521420352816; 0.830132891852; 0; 0; 0; 0; 0.0; 0.0; 0.0; -1.0; 0.0; 0.0; 0.0; 0.0; 0.0; 1.0;0; 0;0; 0; 
25.6923670769; 101110; 0.0; 0.0; -0.23557; 0.0; 0.0; 0.0; 0.0; 0.0; 0.0; 0.0; 0.0; 0.0; 0.0; 0.0; 0.0; 0.0; 0.0; 2.1; 1.0; 2.94; 3.12; 25.0; -25.0; 0.0; 0; 0; 0.0; 0.0; 1; 5.77979887208; 0.521420352816; 0.830132891852; 0; 0; 0; 0; 0.0; 0.0; 0.0; -1.0; 0.0; 0.0; 0.0; 0.0; 0.0; 1.0;0; 0;0; 0; 
25.7034060955; 101120; 0.0; 0.0; -0.23525; 0.0; 0.0; 0.0; 0.0; 0.0; 0.0; 0.0; 0.0; 0.0; 0.0; 0.0; 0.0; 0.0; 0.0; 2.1; 1.0; 2.94; 3.12; 25.0; -25.0; 0.0; 0; 0; 0.0; 0.0; 1; 5.77979887208; 0.521420352816; 0.830132891852; 0; 0; 0; 0; 0.0; 0.0; 0.0; -1.0; 0.0; 0.0; 0.0; 0.0; 0.0; 1.0;0; 0;0; 0; 
25.7144041061; 101120; 0.0; 0.0; -0.23476; 0.0; 0.0; 0.0; 0.0; 0.0; 0.0; 0.0; 0.0; 0.0; 0.0; 0.0; 0.0; 0.0; 0.0; 2.1; 1.0; 2.94; 3.12; 25.0; -25.0; 0.0; 0; 0; 0.0; 0.0; 1; 5.77979887208; 0.521420352816; 0.830132891852; 0; 0; 0; 0; 0.0; 0.0; 0.0; -1.0; 0.0; 0.0; 0.0; 0.0; 0.0; 1.0;0; 0;0; 0; 
25.7258110046; 101130; 0.0; 0.0; -0.23409; 0.0; 0.0; 0.0; 0.0; 0.0; 0.0; 0.0; 0.0; 0.0; 0.0; 0.0; 0.0; 0.0; 0.0; 2.1; 1.0; 2.94; 3.12; 25.0; -25.0; 0.0; 0; 0; 0.0; 0.0; 1; 5.77979887208; 0.521420352816; 0.830132891852; 0; 0; 0; 0; 0.0; 0.0; 0.0; -1.0; 0.0; 0.0; 0.0; 0.0; 0.0; 1.0;0; 0;0; 0; 
25.738353014; 101130; 0.0; 0.0; -0.23323; 0.0; 0.0; 0.0; 0.0; 0.0; 0.0; 0.0; 0.0; 0.0; 0.0; 0.0; 0.0; 0.0; 0.0; 2.1; 1.0; 2.94; 3.12; 25.0; -25.0; 0.0; 0; 0; 0.0; 0.0; 1; 5.77979887208; 0.521420352816; 0.830132891852; 0; 0; 0; 0; 0.0; 0.0; 0.0; -1.0; 0.0; 0.0; 0.0; 0.0; 0.0; 1.0;0; 0;0; 0; 
25.749407053; 101140; 0.0; 0.0; -0.23228; 0.0; 0.0; 0.0; 0.0; 0.0; 0.0; 0.0; 0.0; 0.0; 0.0; 0.0; 0.0; 0.0; 0.0; 2.1; 1.0; 2.94; 3.12; 25.0; -25.0; 0.0; 0; 0; 0.0; 0.0; 1; 5.77979887208; 0.521420352816; 0.830132891852; 0; 0; 0; 0; 0.0; 0.0; 0.0; -1.0; 0.0; 0.0; 0.0; 0.0; 0.0; 1.0;0; 0;0; 0; 
25.7601890564; 101140; 0.0; 0.0; -0.2312; 0.0; 0.0; 0.0; 0.0; 0.0; 0.0; 0.0; 0.0; 0.0; 0.0; 0.0; 0.0; 0.0; 0.0; 2.1; 1.0; 2.94; 3.12; 25.0; -25.0; 0.0; 0; 0; 0.0; 0.0; 1; 5.77979887208; 0.521420352816; 0.830132891852; 0; 0; 0; 0; 0.0; 0.0; 0.0; -1.0; 0.0; 0.0; 0.0; 0.0; 0.0; 1.0;0; 0;0; 0; 
25.7713811398; 101150; 0.0; 0.0; -0.23006; 0.0; 0.0; 0.0; 0.0; 0.0; 0.0; 0.0; 0.0; 0.0; 0.0; 0.0; 0.0; 0.0; 0.0; 2.1; 1.0; 2.94; 3.12; 25.0; -25.0; 0.0; 0; 0; 0.0; 0.0; 1; 5.77979887208; 0.521420352816; 0.830132891852; 0; 0; 0; 0; 0.0; 0.0; 0.0; -1.0; 0.0; 0.0; 0.0; 0.0; 0.0; 1.0;0; 0;0; 0; 
25.7823591232; 101150; 0.0; 0.0; -0.22893; 0.0; 0.0; 0.0; 0.0; 0.0; 0.0; 0.0; 0.0; 0.0; 0.0; 0.0; 0.0; 0.0; 0.0; 2.1; 1.0; 2.94; 3.12; 25.0; -25.0; 0.0; 0; 0; 0.0; 0.0; 1; 5.77979887208; 0.521420352816; 0.830132891852; 0; 0; 0; 0; 0.0; 0.0; 0.0; -1.0; 0.0; 0.0; 0.0; 0.0; 0.0; 1.0;0; 0;0; 0; 
25.7932741642; 101160; 0.0; 0.0; -0.22783; 0.0; 0.0; 0.0; 0.0; 0.0; 0.0; 0.0; 0.0; 0.0; 0.0; 0.0; 0.0; 0.0; 0.0; 2.1; 1.0; 2.94; 3.12; 25.0; -25.0; 0.0; 0; 0; 0.0; 0.0; 1; 5.77979887208; 0.521420352816; 0.830132891852; 0; 0; 0; 0; 0.0; 0.0; 0.0; -1.0; 0.0; 0.0; 0.0; 0.0; 0.0; 1.0;0; 0;0; 0; 
25.8046500683; 101160; 0.0; 0.0; -0.22679; 0.0; 0.0; 0.0; 0.0; 0.0; 0.0; 0.0; 0.0; 0.0; 0.0; 0.0; 0.0; 0.0; 0.0; 2.1; 1.0; 2.94; 3.12; 25.0; -25.0; 0.0; 0; 0; 0.0; 0.0; 1; 5.77979887208; 0.521420352816; 0.830132891852; 0; 0; 0; 0; 0.0; 0.0; 0.0; -1.0; 0.0; 0.0; 0.0; 0.0; 0.0; 1.0;0; 0;0; 0; 
25.816411972; 101170; 0.0; 0.0; -0.2258; 0.0; 0.0; 0.0; 0.0; 0.0; 0.0; 0.0; 0.0; 0.0; 0.0; 0.0; 0.0; 0.0; 0.0; 2.1; 1.0; 2.94; 3.12; 25.0; -25.0; 0.0; 0; 0; 0.0; 0.0; 1; 5.77979887208; 0.521420352816; 0.830132891852; 0; 0; 0; 0; 0.0; 0.0; 0.0; -1.0; 0.0; 0.0; 0.0; 0.0; 0.0; 1.0;0; 0;0; 0; 
25.8282220364; 101170; 0.0; 0.0; -0.22489; 0.0; 0.0; 0.0; 0.0; 0.0; 0.0; 0.0; 0.0; 0.0; 0.0; 0.0; 0.0; 0.0; 0.0; 2.1; 1.0; 2.94; 3.12; 25.0; -25.0; 0.0; 0; 0; 0.0; 0.0; 1; 5.77979887208; 0.521420352816; 0.830132891852; 0; 0; 0; 0; 0.0; 0.0; 0.0; -1.0; 0.0; 0.0; 0.0; 0.0; 0.0; 1.0;0; 0;0; 0; 
25.8401691914; 101180; 0.0; 0.0; -0.22409; 0.0; 0.0; 0.0; 0.0; 0.0; 0.0; 0.0; 0.0; 0.0; 0.0; 0.0; 0.0; 0.0; 0.0; 2.1; 1.0; 2.94; 3.12; 25.0; -25.0; 0.0; 0; 0; 0.0; 0.0; 1; 5.77979887208; 0.521420352816; 0.830132891852; 0; 0; 0; 0; 0.0; 0.0; 0.0; -1.0; 0.0; 0.0; 0.0; 0.0; 0.0; 1.0;0; 0;0; 0; 
25.8516261578; 101180; 0.0; 0.0; -0.22336; 0.0; 0.0; 0.0; 0.0; 0.0; 0.0; 0.0; 0.0; 0.0; 0.0; 0.0; 0.0; 0.0; 0.0; 2.1; 1.0; 2.94; 3.12; 25.0; -25.0; 0.0; 0; 0; 0.0; 0.0; 1; 5.77979887208; 0.521420352816; 0.830132891852; 0; 0; 0; 0; 0.0; 0.0; 0.0; -1.0; 0.0; 0.0; 0.0; 0.0; 0.0; 1.0;0; 0;0; 0; 
25.8626151085; 101190; 0.0; 0.0; -0.22274; 0.0; 0.0; 0.0; 0.0; 0.0; 0.0; 0.0; 0.0; 0.0; 0.0; 0.0; 0.0; 0.0; 0.0; 2.1; 1.0; 2.94; 3.12; 25.0; -25.0; 0.0; 0; 0; 0.0; 0.0; 1; 5.77979887208; 0.521420352816; 0.830132891852; 0; 0; 0; 0; 0.0; 0.0; 0.0; -1.0; 0.0; 0.0; 0.0; 0.0; 0.0; 1.0;0; 0;0; 0; 
25.8741350174; 101190; 0.0; 0.0; -0.22227; 0.0; 0.0; 0.0; 0.0; 0.0; 0.0; 0.0; 0.0; 0.0; 0.0; 0.0; 0.0; 0.0; 0.0; 2.1; 1.0; 2.94; 3.12; 25.0; -25.0; 0.0; 0; 0; 0.0; 0.0; 1; 5.77979887208; 0.521420352816; 0.830132891852; 0; 0; 0; 0; 0.0; 0.0; 0.0; -1.0; 0.0; 0.0; 0.0; 0.0; 0.0; 1.0;0; 0;0; 0; 
25.8855600357; 101200; 0.0; 0.0; -0.22199; 0.0; 0.0; 0.0; 0.0; 0.0; 0.0; 0.0; 0.0; 0.0; 0.0; 0.0; 0.0; 0.0; 0.0; 2.1; 1.0; 2.94; 3.12; 25.0; -25.0; 0.0; 0; 0; 0.0; 0.0; 1; 5.77979887208; 0.521420352816; 0.830132891852; 0; 0; 0; 0; 0.0; 0.0; 0.0; -1.0; 0.0; 0.0; 0.0; 0.0; 0.0; 1.0;0; 0;0; 0; 
25.8967750072; 101200; 0.0; 0.0; -0.22189; 0.0; 0.0; 0.0; 0.0; 0.0; 0.0; 0.0; 0.0; 0.0; 0.0; 0.0; 0.0; 0.0; 0.0; 2.1; 1.0; 2.94; 3.12; 25.0; -25.0; 0.0; 0; 0; 0.0; 0.0; 1; 5.800962422; 0.545077883161; 0.854188319467; 0; 0; 0; 0; 0.0; 0.0; 0.0; -1.0; 0.0; 0.0; 0.0; 0.0; 0.0; 1.0;0; 0;0; 0; 
25.9089920521; 101210; 0.0; 0.0; -0.22197; 0.0; 0.0; 0.0; 0.0; 0.0; 0.0; 0.0; 0.0; 0.0; 0.0; 0.0; 0.0; 0.0; 0.0; 2.1; 1.0; 2.94; 3.12; 25.0; -25.0; 0.0; 0; 0; 0.0; 0.0; 1; 5.800962422; 0.545077883161; 0.854188319467; 0; 0; 0; 0; 0.0; 0.0; 0.0; -1.0; 0.0; 0.0; 0.0; 0.0; 0.0; 1.0;0; 0;0; 0; 
25.9201591015; 101210; 0.0; 0.0; -0.22222; 0.0; 0.0; 0.0; 0.0; 0.0; 0.0; 0.0; 0.0; 0.0; 0.0; 0.0; 0.0; 0.0; 0.0; 2.1; 1.0; 2.94; 3.12; 25.0; -25.0; 0.0; 0; 0; 0.0; 0.0; 1; 5.800962422; 0.545077883161; 0.854188319467; 0; 0; 0; 0; 0.0; 0.0; 0.0; -1.0; 0.0; 0.0; 0.0; 0.0; 0.0; 1.0;0; 0;0; 0; 
25.9315831661; 101220; 0.0; 0.0; -0.22265; 0.0; 0.0; 0.0; 0.0; 0.0; 0.0; 0.0; 0.0; 0.0; 0.0; 0.0; 0.0; 0.0; 0.0; 2.1; 1.0; 2.94; 3.12; 25.0; -25.0; 0.0; 0; 0; 0.0; 0.0; 1; 5.800962422; 0.545077883161; 0.854188319467; 0; 0; 0; 0; 0.0; 0.0; 0.0; -1.0; 0.0; 0.0; 0.0; 0.0; 0.0; 1.0;0; 0;0; 0; 
25.9432361126; 101220; 0.0; 0.0; -0.2232; 0.0; 0.0; 0.0; 0.0; 0.0; 0.0; 0.0; 0.0; 0.0; 0.0; 0.0; 0.0; 0.0; 0.0; 2.0; 0.97; 2.76; 3.01; 25.0; -25.0; 0.0; 0; 0; 0.0; 0.0; 1; 5.800962422; 0.545077883161; 0.854188319467; 0; 0; 0; 0; 0.0; 0.0; 0.0; -1.0; 0.0; 0.0; 0.0; 0.0; 0.0; 1.0;0; 0;0; 0; 
25.954169035; 101230; 0.0; 0.0; -0.22377; 0.0; 0.0; 0.0; 0.0; 0.0; 0.0; 0.0; 0.0; 0.0; 0.0; 0.0; 0.0; 0.0; 0.0; 2.0; 0.97; 2.76; 3.01; 25.0; -25.0; 0.0; 0; 0; 0.0; 0.0; 1; 5.800962422; 0.545077883161; 0.854188319467; 0; 0; 0; 0; 0.0; 0.0; 0.0; -1.0; 0.0; 0.0; 0.0; 0.0; 0.0; 1.0;0; 0;0; 0; 
25.9651930332; 101230; 0.0; 0.0; -0.22432; 0.0; 0.0; 0.0; 0.0; 0.0; 0.0; 0.0; 0.0; 0.0; 0.0; 0.0; 0.0; 0.0; 0.0; 2.0; 0.97; 2.76; 3.01; 25.0; -25.0; 0.0; 0; 0; 0.0; 0.0; 1; 5.800962422; 0.545077883161; 0.854188319467; 0; 0; 0; 0; 0.0; 0.0; 0.0; -1.0; 0.0; 0.0; 0.0; 0.0; 0.0; 1.0;0; 0;0; 0; 
25.9762761593; 101240; 0.0; 0.0; -0.22481; 0.0; 0.0; 0.0; 0.0; 0.0; 0.0; 0.0; 0.0; 0.0; 0.0; 0.0; 0.0; 0.0; 0.0; 2.0; 0.97; 2.76; 3.01; 25.0; -25.0; 0.0; 0; 0; 0.0; 0.0; 1; 5.800962422; 0.545077883161; 0.854188319467; 0; 0; 0; 0; 0.0; 0.0; 0.0; -1.0; 0.0; 0.0; 0.0; 0.0; 0.0; 1.0;0; 0;0; 0; 
25.9877750874; 101240; 0.0; 0.0; -0.22525; 0.0; 0.0; 0.0; 0.0; 0.0; 0.0; 0.0; 0.0; 0.0; 0.0; 0.0; 0.0; 0.0; 0.0; 2.0; 0.97; 2.76; 3.01; 25.0; -25.0; 0.0; 0; 0; 0.0; 0.0; 1; 5.800962422; 0.545077883161; 0.854188319467; 0; 0; 0; 0; 0.0; 0.0; 0.0; -1.0; 0.0; 0.0; 0.0; 0.0; 0.0; 1.0;0; 0;0; 0; 
25.9986431599; 101250; 0.0; 0.0; -0.22559; 0.0; 0.0; 0.0; 0.0; 0.0; 0.0; 0.0; 0.0; 0.0; 0.0; 0.0; 0.0; 0.0; 0.0; 2.0; 0.97; 2.76; 3.01; 25.0; -25.0; 0.0; 0; 0; 0.0; 0.0; 1; 5.800962422; 0.545077883161; 0.854188319467; 0; 0; 0; 0; 0.0; 0.0; 0.0; -1.0; 0.0; 0.0; 0.0; 0.0; 0.0; 1.0;0; 0;0; 0; 
26.0099880695; 101250; 0.0; 0.0; -0.22585; 0.0; 0.0; 0.0; 0.0; 0.0; 0.0; 0.0; 0.0; 0.0; 0.0; 0.0; 0.0; 0.0; 0.0; 2.0; 0.97; 2.76; 3.01; 25.0; -25.0; 0.0; 0; 0; 0.0; 0.0; 1; 5.800962422; 0.545077883161; 0.854188319467; 0; 0; 0; 0; 0.0; 0.0; 0.0; -1.0; 0.0; 0.0; 0.0; 0.0; 0.0; 1.0;0; 0;0; 0; 
26.0210101604; 101260; 0.0; 0.0; -0.22607; 0.0; 0.0; 0.0; 0.0; 0.0; 0.0; 0.0; 0.0; 0.0; 0.0; 0.0; 0.0; 0.0; 0.0; 2.0; 0.97; 2.76; 3.01; 25.0; -25.0; 0.0; 0; 0; 0.0; 0.0; 1; 5.800962422; 0.545077883161; 0.854188319467; 0; 0; 0; 0; 0.0; 0.0; 0.0; -1.0; 0.0; 0.0; 0.0; 0.0; 0.0; 1.0;0; 0;0; 0; 
26.0320701599; 101260; 0.0; 0.0; -0.22624; 0.0; 0.0; 0.0; 0.0; 0.0; 0.0; 0.0; 0.0; 0.0; 0.0; 0.0; 0.0; 0.0; 0.0; 2.0; 0.97; 2.76; 3.01; 25.0; -25.0; 0.0; 0; 0; 0.0; 0.0; 1; 5.800962422; 0.545077883161; 0.854188319467; 0; 0; 0; 0; 0.0; 0.0; 0.0; -1.0; 0.0; 0.0; 0.0; 0.0; 0.0; 1.0;0; 0;0; 0; 
26.0429940224; 101270; 0.0; 0.0; -0.22639; 0.0; 0.0; 0.0; 0.0; 0.0; 0.0; 0.0; 0.0; 0.0; 0.0; 0.0; 0.0; 0.0; 0.0; 2.0; 0.97; 2.76; 3.01; 25.0; -25.0; 0.0; 0; 0; 0.0; 0.0; 1; 5.800962422; 0.545077883161; 0.854188319467; 0; 0; 0; 0; 0.0; 0.0; 0.0; -1.0; 0.0; 0.0; 0.0; 0.0; 0.0; 1.0;0; 0;0; 0; 
26.0550401211; 101270; 0.0; 0.0; -0.22645; 0.0; 0.0; 0.0; 0.0; 0.0; 0.0; 0.0; 0.0; 0.0; 0.0; 0.0; 0.0; 0.0; 0.0; 2.0; 0.97; 2.76; 3.01; 25.0; -25.0; 0.0; 0; 0; 0.0; 0.0; 1; 5.800962422; 0.545077883161; 0.854188319467; 0; 0; 0; 0; 0.0; 0.0; 0.0; -1.0; 0.0; 0.0; 0.0; 0.0; 0.0; 1.0;0; 0;0; 0; 
26.0664131641; 101280; 0.0; 0.0; -0.22637; 0.0; 0.0; 0.0; 0.0; 0.0; 0.0; 0.0; 0.0; 0.0; 0.0; 0.0; 0.0; 0.0; 0.0; 2.0; 0.97; 2.76; 3.01; 25.0; -25.0; 0.0; 0; 0; 0.0; 0.0; 1; 5.800962422; 0.545077883161; 0.854188319467; 0; 0; 0; 0; 0.0; 0.0; 0.0; -1.0; 0.0; 0.0; 0.0; 0.0; 0.0; 1.0;0; 0;0; 0; 
26.0782380104; 101280; 0.0; 0.0; -0.22617; 0.0; 0.0; 0.0; 0.0; 0.0; 0.0; 0.0; 0.0; 0.0; 0.0; 0.0; 0.0; 0.0; 0.0; 2.0; 0.97; 2.76; 3.01; 25.0; -25.0; 0.0; 0; 0; 0.0; 0.0; 1; 5.800962422; 0.545077883161; 0.854188319467; 0; 0; 0; 0; 0.0; 0.0; 0.0; -1.0; 0.0; 0.0; 0.0; 0.0; 0.0; 1.0;0; 0;0; 0; 
26.089277029; 101290; 0.0; 0.0; -0.22587; 0.0; 0.0; 0.0; 0.0; 0.0; 0.0; 0.0; 0.0; 0.0; 0.0; 0.0; 0.0; 0.0; 0.0; 2.0; 0.97; 2.76; 3.01; 25.0; -25.0; 0.0; 0; 0; 0.0; 0.0; 1; 5.800962422; 0.545077883161; 0.854188319467; 0; 0; 0; 0; 0.0; 0.0; 0.0; -1.0; 0.0; 0.0; 0.0; 0.0; 0.0; 1.0;0; 0;0; 0; 
26.1005740166; 101290; 0.0; 0.0; -0.2255; 0.0; 0.0; 0.0; 0.0; 0.0; 0.0; 0.0; 0.0; 0.0; 0.0; 0.0; 0.0; 0.0; 0.0; 2.0; 0.97; 2.76; 3.01; 25.0; -25.0; 0.0; 0; 0; 0.0; 0.0; 1; 5.800962422; 0.545077883161; 0.854188319467; 0; 0; 0; 0; 0.0; 0.0; 0.0; -1.0; 0.0; 0.0; 0.0; 0.0; 0.0; 1.0;0; 0;0; 0; 
26.1116759777; 101300; 0.0; 0.0; -0.2252; 0.0; 0.0; 0.0; 0.0; 0.0; 0.0; 0.0; 0.0; 0.0; 0.0; 0.0; 0.0; 0.0; 0.0; 2.0; 0.97; 2.76; 3.01; 25.0; -25.0; 0.0; 0; 0; 0.0; 0.0; 1; 5.800962422; 0.545077883161; 0.854188319467; 0; 0; 0; 0; 0.0; 0.0; 0.0; -1.0; 0.0; 0.0; 0.0; 0.0; 0.0; 1.0;0; 0;0; 0; 
26.1225910187; 101300; 0.0; 0.0; -0.22499; 0.0; 0.0; 0.0; 0.0; 0.0; 0.0; 0.0; 0.0; 0.0; 0.0; 0.0; 0.0; 0.0; 0.0; 2.0; 0.97; 2.76; 3.01; 25.0; -25.0; 0.0; 0; 0; 0.0; 0.0; 1; 5.820547834; 0.568040945567; 0.877636936325; 0; 0; 0; 0; 0.0; 0.0; 0.0; -1.0; 0.0; 0.0; 0.0; 0.0; 0.0; 1.0;0; 0;0; 0; 
26.1350221634; 101310; 0.0; 0.0; -0.22497; 0.0; 0.0; 0.0; 0.0; 0.0; 0.0; 0.0; 0.0; 0.0; 0.0; 0.0; 0.0; 0.0; 0.0; 2.0; 0.97; 2.76; 3.01; 25.0; -25.0; 0.0; 0; 0; 0.0; 0.0; 1; 5.820547834; 0.568040945567; 0.877636936325; 0; 0; 0; 0; 0.0; 0.0; 0.0; -1.0; 0.0; 0.0; 0.0; 0.0; 0.0; 1.0;0; 0;0; 0; 
26.1465001106; 101310; 0.0; 0.0; -0.2252; 0.0; 0.0; 0.0; 0.0; 0.0; 0.0; 0.0; 0.0; 0.0; 0.0; 0.0; 0.0; 0.0; 0.0; 2.0; 0.97; 2.76; 3.01; 25.0; -25.0; 0.0; 0; 0; 0.0; 0.0; 1; 5.820547834; 0.568040945567; 0.877636936325; 0; 0; 0; 0; 0.0; 0.0; 0.0; -1.0; 0.0; 0.0; 0.0; 0.0; 0.0; 1.0;0; 0;0; 0; 
26.1575341225; 101320; 0.0; 0.0; -0.22564; 0.0; 0.0; 0.0; 0.0; 0.0; 0.0; 0.0; 0.0; 0.0; 0.0; 0.0; 0.0; 0.0; 0.0; 2.0; 0.97; 2.76; 3.01; 25.0; -25.0; 0.0; 0; 0; 0.0; 0.0; 1; 5.820547834; 0.568040945567; 0.877636936325; 0; 0; 0; 0; 0.0; 0.0; 0.0; -1.0; 0.0; 0.0; 0.0; 0.0; 0.0; 1.0;0; 0;0; 0; 
26.1685111523; 101320; 0.0; 0.0; -0.2263; 0.0; 0.0; 0.0; 0.0; 0.0; 0.0; 0.0; 0.0; 0.0; 0.0; 0.0; 0.0; 0.0; 0.0; 2.0; 0.97; 5.71; 5.92; 25.0; -25.0; 0.0; 0; 0; 0.0; 0.0; 1; 5.820547834; 0.568040945567; 0.877636936325; 0; 0; 0; 0; 0.0; 0.0; 0.0; -1.0; 0.0; 0.0; 0.0; 0.0; 0.0; 1.0;0; 0;0; 0; 
26.1798629761; 101330; 0.0; 0.0; -0.22707; 0.0; 0.0; 0.0; 0.0; 0.0; 0.0; 0.0; 0.0; 0.0; 0.0; 0.0; 0.0; 0.0; 0.0; 2.0; 0.97; 5.71; 5.92; 25.0; -25.0; 0.0; 0; 0; 0.0; 0.0; 1; 5.820547834; 0.568040945567; 0.877636936325; 0; 0; 0; 0; 0.0; 0.0; 0.0; -1.0; 0.0; 0.0; 0.0; 0.0; 0.0; 1.0;0; 0;0; 0; 
26.1916019917; 101330; 0.0; 0.0; -0.22787; 0.0; 0.0; 0.0; 0.0; 0.0; 0.0; 0.0; 0.0; 0.0; 0.0; 0.0; 0.0; 0.0; 0.0; 2.0; 0.97; 5.71; 5.92; 25.0; -25.0; 0.0; 0; 0; 0.0; 0.0; 1; 5.820547834; 0.568040945567; 0.877636936325; 0; 0; 0; 0; 0.0; 0.0; 0.0; -1.0; 0.0; 0.0; 0.0; 0.0; 0.0; 1.0;0; 0;0; 0; 
26.2030990124; 101340; 0.0; 0.0; -0.2288; 0.0; 0.0; 0.0; 0.0; 0.0; 0.0; 0.0; 0.0; 0.0; 0.0; 0.0; 0.0; 0.0; 0.0; 2.0; 0.97; 5.71; 5.92; 25.0; -25.0; 0.0; 0; 0; 0.0; 0.0; 1; 5.820547834; 0.568040945567; 0.877636936325; 0; 0; 0; 0; 0.0; 0.0; 0.0; -1.0; 0.0; 0.0; 0.0; 0.0; 0.0; 1.0;0; 0;0; 0; 
26.2149009705; 101340; 0.0; 0.0; -0.22973; 0.0; 0.0; 0.0; 0.0; 0.0; 0.0; 0.0; 0.0; 0.0; 0.0; 0.0; 0.0; 0.0; 0.0; 2.0; 0.97; 5.71; 5.92; 25.0; -25.0; 0.0; 0; 0; 0.0; 0.0; 1; 5.820547834; 0.568040945567; 0.877636936325; 0; 0; 0; 0; 0.0; 0.0; 0.0; -1.0; 0.0; 0.0; 0.0; 0.0; 0.0; 1.0;0; 0;0; 0; 
26.2260100842; 101350; 0.0; 0.0; -0.23066; 0.0; 0.0; 0.0; 0.0; 0.0; 0.0; 0.0; 0.0; 0.0; 0.0; 0.0; 0.0; 0.0; 0.0; 2.0; 0.97; 5.71; 5.92; 25.0; -25.0; 0.0; 0; 0; 0.0; 0.0; 1; 5.820547834; 0.568040945567; 0.877636936325; 0; 0; 0; 0; 0.0; 0.0; 0.0; -1.0; 0.0; 0.0; 0.0; 0.0; 0.0; 1.0;0; 0;0; 0; 
26.2371921539; 101350; 0.0; 0.0; -0.23155; 0.0; 0.0; 0.0; 0.0; 0.0; 0.0; 0.0; 0.0; 0.0; 0.0; 0.0; 0.0; 0.0; 0.0; 2.0; 0.97; 5.71; 5.92; 25.0; -25.0; 0.0; 0; 0; 0.0; 0.0; 1; 5.820547834; 0.568040945567; 0.877636936325; 0; 0; 0; 0; 0.0; 0.0; 0.0; -1.0; 0.0; 0.0; 0.0; 0.0; 0.0; 1.0;0; 0;0; 0; 
26.2478899956; 101360; 0.0; 0.0; -0.23236; 0.0; 0.0; 0.0; 0.0; 0.0; 0.0; 0.0; 0.0; 0.0; 0.0; 0.0; 0.0; 0.0; 0.0; 2.0; 0.97; 5.71; 5.92; 25.0; -25.0; 0.0; 0; 0; 0.0; 0.0; 1; 5.820547834; 0.568040945567; 0.877636936325; 0; 0; 0; 0; 0.0; 0.0; 0.0; -1.0; 0.0; 0.0; 0.0; 0.0; 0.0; 1.0;0; 0;0; 0; 
26.2591171265; 101360; 0.0; 0.0; -0.23313; 0.0; 0.0; 0.0; 0.0; 0.0; 0.0; 0.0; 0.0; 0.0; 0.0; 0.0; 0.0; 0.0; 0.0; 2.0; 0.97; 5.71; 5.92; 25.0; -25.0; 0.0; 0; 0; 0.0; 0.0; 1; 5.820547834; 0.568040945567; 0.877636936325; 0; 0; 0; 0; 0.0; 0.0; 0.0; -1.0; 0.0; 0.0; 0.0; 0.0; 0.0; 1.0;0; 0;0; 0; 
26.2703061104; 101370; 0.0; 0.0; -0.23379; 0.0; 0.0; 0.0; 0.0; 0.0; 0.0; 0.0; 0.0; 0.0; 0.0; 0.0; 0.0; 0.0; 0.0; 2.0; 0.97; 5.71; 5.92; 25.0; -25.0; 0.0; 0; 0; 0.0; 0.0; 1; 5.820547834; 0.568040945567; 0.877636936325; 0; 0; 0; 0; 0.0; 0.0; 0.0; -1.0; 0.0; 0.0; 0.0; 0.0; 0.0; 1.0;0; 0;0; 0; 
26.281373024; 101370; 0.0; 0.0; -0.23422; 0.0; 0.0; 0.0; 0.0; 0.0; 0.0; 0.0; 0.0; 0.0; 0.0; 0.0; 0.0; 0.0; 0.0; 2.0; 0.97; 5.71; 5.92; 25.0; -25.0; 0.0; 0; 0; 0.0; 0.0; 1; 5.820547834; 0.568040945567; 0.877636936325; 0; 0; 0; 0; 0.0; 0.0; 0.0; -1.0; 0.0; 0.0; 0.0; 0.0; 0.0; 1.0;0; 0;0; 0; 
26.2932090759; 101380; 0.0; 0.0; -0.23449; 0.0; 0.0; 0.0; 0.0; 0.0; 0.0; 0.0; 0.0; 0.0; 0.0; 0.0; 0.0; 0.0; 0.0; 2.0; 0.97; 5.71; 5.92; 25.0; -25.0; 0.0; 0; 0; 0.0; 0.0; 1; 5.820547834; 0.568040945567; 0.877636936325; 0; 0; 0; 0; 0.0; 0.0; 0.0; -1.0; 0.0; 0.0; 0.0; 0.0; 0.0; 1.0;0; 0;0; 0; 
26.3043019772; 101380; 0.0; 0.0; -0.23459; 0.0; 0.0; 0.0; 0.0; 0.0; 0.0; 0.0; 0.0; 0.0; 0.0; 0.0; 0.0; 0.0; 0.0; 2.0; 0.97; 5.71; 5.92; 25.0; -25.0; 0.0; 0; 0; 0.0; 0.0; 1; 5.820547834; 0.568040945567; 0.877636936325; 0; 0; 0; 0; 0.0; 0.0; 0.0; -1.0; 0.0; 0.0; 0.0; 0.0; 0.0; 1.0;0; 0;0; 0; 
26.3163290024; 101390; 0.0; 0.0; -0.23445; 0.0; 0.0; 0.0; 0.0; 0.0; 0.0; 0.0; 0.0; 0.0; 0.0; 0.0; 0.0; 0.0; 0.0; 2.0; 0.97; 5.71; 5.92; 25.0; -25.0; 0.0; 0; 0; 0.0; 0.0; 1; 5.820547834; 0.568040945567; 0.877636936325; 0; 0; 0; 0; 0.0; 0.0; 0.0; -1.0; 0.0; 0.0; 0.0; 0.0; 0.0; 1.0;0; 0;0; 0; 
26.3272140026; 101390; 0.0; 0.0; -0.23411; 0.0; 0.0; 0.0; 0.0; 0.0; 0.0; 0.0; 0.0; 0.0; 0.0; 0.0; 0.0; 0.0; 0.0; 2.0; 0.97; 5.71; 5.92; 25.0; -25.0; 0.0; 0; 0; 0.0; 0.0; 1; 5.820547834; 0.568040945567; 0.877636936325; 0; 0; 0; 0; 0.0; 0.0; 0.0; -1.0; 0.0; 0.0; 0.0; 0.0; 0.0; 1.0;0; 0;0; 0; 
26.3390161991; 101400; 0.0; 0.0; -0.23358; 0.0; 0.0; 0.0; 0.0; 0.0; 0.0; 0.0; 0.0; 0.0; 0.0; 0.0; 0.0; 0.0; 0.0; 2.0; 0.97; 5.71; 5.92; 25.0; -25.0; 0.0; 0; 0; 0.0; 0.0; 1; 5.820547834; 0.568040945567; 0.877636936325; 0; 0; 0; 0; 0.0; 0.0; 0.0; -1.0; 0.0; 0.0; 0.0; 0.0; 0.0; 1.0;0; 0;0; 0; 
26.3503689766; 101400; 0.0; 0.0; -0.23295; 0.0; 0.0; 0.0; 0.0; 0.0; 0.0; 0.0; 0.0; 0.0; 0.0; 0.0; 0.0; 0.0; 0.0; 2.0; 0.97; 5.71; 5.92; 25.0; -25.0; 0.0; 0; 0; 0.0; 0.0; 1; 5.84066319027; 0.592814963024; 0.901755167939; 0; 0; 0; 0; 0.0; 0.0; 0.0; -1.0; 0.0; 0.0; 0.0; 0.0; 0.0; 1.0;0; 0;0; 0; 
26.3622660637; 101410; 0.0; 0.0; -0.23226; 0.0; 0.0; 0.0; 0.0; 0.0; 0.0; 0.0; 0.0; 0.0; 0.0; 0.0; 0.0; 0.0; 0.0; 2.0; 0.97; 5.71; 5.92; 25.0; -25.0; 0.0; 0; 0; 0.0; 0.0; 1; 5.84066319027; 0.592814963024; 0.901755167939; 0; 0; 0; 0; 0.0; 0.0; 0.0; -1.0; 0.0; 0.0; 0.0; 0.0; 0.0; 1.0;0; 0;0; 0; 
26.3732581139; 101410; 0.0; 0.0; -0.23145; 0.0; 0.0; 0.0; 0.0; 0.0; 0.0; 0.0; 0.0; 0.0; 0.0; 0.0; 0.0; 0.0; 0.0; 2.0; 0.97; 5.71; 5.92; 25.0; -25.0; 0.0; 0; 0; 0.0; 0.0; 1; 5.84066319027; 0.592814963024; 0.901755167939; 0; 0; 0; 0; 0.0; 0.0; 0.0; -1.0; 0.0; 0.0; 0.0; 0.0; 0.0; 1.0;0; 0;0; 0; 
26.3846600056; 101420; 0.0; 0.0; -0.23063; 0.0; 0.0; 0.0; 0.0; 0.0; 0.0; 0.0; 0.0; 0.0; 0.0; 0.0; 0.0; 0.0; 0.0; 2.0; 0.97; 5.71; 5.92; 25.0; -25.0; 0.0; 0; 0; 0.0; 0.0; 1; 5.84066319027; 0.592814963024; 0.901755167939; 0; 0; 0; 0; 0.0; 0.0; 0.0; -1.0; 0.0; 0.0; 0.0; 0.0; 0.0; 1.0;0; 0;0; 0; 
26.3956270218; 101420; 0.0; 0.0; -0.2299; 0.0; 0.0; 0.0; 0.0; 0.0; 0.0; 0.0; 0.0; 0.0; 0.0; 0.0; 0.0; 0.0; 0.0; 2.0; 0.0; 3.96; 6.16; 25.0; -25.0; 0.0; 0; 0; 0.0; 0.0; 1; 5.84066319027; 0.592814963024; 0.901755167939; 0; 0; 0; 0; 0.0; 0.0; 0.0; -1.0; 0.0; 0.0; 0.0; 0.0; 0.0; 1.0;0; 0;0; 0; 
26.4074370861; 101430; 0.0; 0.0; -0.22926; 0.0; 0.0; 0.0; 0.0; 0.0; 0.0; 0.0; 0.0; 0.0; 0.0; 0.0; 0.0; 0.0; 0.0; 2.0; 0.0; 3.96; 6.16; 25.0; -25.0; 0.0; 0; 0; 0.0; 0.0; 1; 5.84066319027; 0.592814963024; 0.901755167939; 0; 0; 0; 0; 0.0; 0.0; 0.0; -1.0; 0.0; 0.0; 0.0; 0.0; 0.0; 1.0;0; 0;0; 0; 
26.4181110859; 101430; 0.0; 0.0; -0.22873; 0.0; 0.0; 0.0; 0.0; 0.0; 0.0; 0.0; 0.0; 0.0; 0.0; 0.0; 0.0; 0.0; 0.0; 2.0; 0.0; 3.96; 6.16; 25.0; -25.0; 0.0; 0; 0; 0.0; 0.0; 1; 5.84066319027; 0.592814963024; 0.901755167939; 0; 0; 0; 0; 0.0; 0.0; 0.0; -1.0; 0.0; 0.0; 0.0; 0.0; 0.0; 1.0;0; 0;0; 0; 
26.428800106; 101440; 0.0; 0.0; -0.22829; 0.0; 0.0; 0.0; 0.0; 0.0; 0.0; 0.0; 0.0; 0.0; 0.0; 0.0; 0.0; 0.0; 0.0; 2.0; 0.0; 3.96; 6.16; 25.0; -25.0; 0.0; 0; 0; 0.0; 0.0; 1; 5.84066319027; 0.592814963024; 0.901755167939; 0; 0; 0; 0; 0.0; 0.0; 0.0; -1.0; 0.0; 0.0; 0.0; 0.0; 0.0; 1.0;0; 0;0; 0; 
26.4409630299; 101440; 0.0; 0.0; -0.22798; 0.0; 0.0; 0.0; 0.0; 0.0; 0.0; 0.0; 0.0; 0.0; 0.0; 0.0; 0.0; 0.0; 0.0; 2.0; 0.0; 3.96; 6.16; 25.0; -25.0; 0.0; 0; 0; 0.0; 0.0; 1; 5.84066319027; 0.592814963024; 0.901755167939; 0; 0; 0; 0; 0.0; 0.0; 0.0; -1.0; 0.0; 0.0; 0.0; 0.0; 0.0; 1.0;0; 0;0; 0; 
26.4528450966; 101450; 0.0; 0.0; -0.2278; 0.0; 0.0; 0.0; 0.0; 0.0; 0.0; 0.0; 0.0; 0.0; 0.0; 0.0; 0.0; 0.0; 0.0; 2.0; 0.0; 3.96; 6.16; 25.0; -25.0; 0.0; 0; 0; 0.0; 0.0; 1; 5.84066319027; 0.592814963024; 0.901755167939; 0; 0; 0; 0; 0.0; 0.0; 0.0; -1.0; 0.0; 0.0; 0.0; 0.0; 0.0; 1.0;0; 0;0; 0; 
26.4647781849; 101450; 0.0; 0.0; -0.22762; 0.0; 0.0; 0.0; 0.0; 0.0; 0.0; 0.0; 0.0; 0.0; 0.0; 0.0; 0.0; 0.0; 0.0; 2.0; 0.0; 3.96; 6.16; 25.0; -25.0; 0.0; 0; 0; 0.0; 0.0; 1; 5.84066319027; 0.592814963024; 0.901755167939; 0; 0; 0; 0; 0.0; 0.0; 0.0; -1.0; 0.0; 0.0; 0.0; 0.0; 0.0; 1.0;0; 0;0; 0; 
26.4758200645; 101460; 0.0; 0.0; -0.22735; 0.0; 0.0; 0.0; 0.0; 0.0; 0.0; 0.0; 0.0; 0.0; 0.0; 0.0; 0.0; 0.0; 0.0; 2.0; 0.0; 3.96; 6.16; 25.0; -25.0; 0.0; 0; 0; 0.0; 0.0; 1; 5.84066319027; 0.592814963024; 0.901755167939; 0; 0; 0; 0; 0.0; 0.0; 0.0; -1.0; 0.0; 0.0; 0.0; 0.0; 0.0; 1.0;0; 0;0; 0; 
26.4863190651; 101460; 0.0; 0.0; -0.22694; 0.0; 0.0; 0.0; 0.0; 0.0; 0.0; 0.0; 0.0; 0.0; 0.0; 0.0; 0.0; 0.0; 0.0; 2.0; 0.0; 3.96; 6.16; 25.0; -25.0; 0.0; 0; 0; 0.0; 0.0; 1; 5.84066319027; 0.592814963024; 0.901755167939; 0; 0; 0; 0; 0.0; 0.0; 0.0; -1.0; 0.0; 0.0; 0.0; 0.0; 0.0; 1.0;0; 0;0; 0; 
26.4976680279; 101470; 0.0; 0.0; -0.22639; 0.0; 0.0; 0.0; 0.0; 0.0; 0.0; 0.0; 0.0; 0.0; 0.0; 0.0; 0.0; 0.0; 0.0; 2.0; 0.0; 3.96; 6.16; 25.0; -25.0; 0.0; 0; 0; 0.0; 0.0; 1; 5.84066319027; 0.592814963024; 0.901755167939; 0; 0; 0; 0; 0.0; 0.0; 0.0; -1.0; 0.0; 0.0; 0.0; 0.0; 0.0; 1.0;0; 0;0; 0; 
26.5086841583; 101470; 0.0; 0.0; -0.22572; 0.0; 0.0; 0.0; 0.0; 0.0; 0.0; 0.0; 0.0; 0.0; 0.0; 0.0; 0.0; 0.0; 0.0; 2.0; 0.0; 3.96; 6.16; 25.0; -25.0; 0.0; 0; 0; 0.0; 0.0; 1; 5.84066319027; 0.592814963024; 0.901755167939; 0; 0; 0; 0; 0.0; 0.0; 0.0; -1.0; 0.0; 0.0; 0.0; 0.0; 0.0; 1.0;0; 0;0; 0; 
26.5212609768; 101480; 0.0; 0.0; -0.225; 0.0; 0.0; 0.0; 0.0; 0.0; 0.0; 0.0; 0.0; 0.0; 0.0; 0.0; 0.0; 0.0; 0.0; 2.0; 0.0; 3.96; 6.16; 25.0; -25.0; 0.0; 0; 0; 0.0; 0.0; 1; 5.84066319027; 0.592814963024; 0.901755167939; 0; 0; 0; 0; 0.0; 0.0; 0.0; -1.0; 0.0; 0.0; 0.0; 0.0; 0.0; 1.0;0; 0;0; 0; 
26.5330331326; 101480; 0.0; 0.0; -0.22438; 0.0; 0.0; 0.0; 0.0; 0.0; 0.0; 0.0; 0.0; 0.0; 0.0; 0.0; 0.0; 0.0; 0.0; 2.0; 0.0; 3.96; 6.16; 25.0; -25.0; 0.0; 0; 0; 0.0; 0.0; 1; 5.84066319027; 0.592814963024; 0.901755167939; 0; 0; 0; 0; 0.0; 0.0; 0.0; -1.0; 0.0; 0.0; 0.0; 0.0; 0.0; 1.0;0; 0;0; 0; 
26.5445501804; 101490; 0.0; 0.0; -0.22391; 0.0; 0.0; 0.0; 0.0; 0.0; 0.0; 0.0; 0.0; 0.0; 0.0; 0.0; 0.0; 0.0; 0.0; 2.0; 0.0; 3.96; 6.16; 25.0; -25.0; 0.0; 0; 0; 0.0; 0.0; 1; 5.84066319027; 0.592814963024; 0.901755167939; 0; 0; 0; 0; 0.0; 0.0; 0.0; -1.0; 0.0; 0.0; 0.0; 0.0; 0.0; 1.0;0; 0;0; 0; 
26.5551140308; 101490; 0.0; 0.0; -0.22368; 0.0; 0.0; 0.0; 0.0; 0.0; 0.0; 0.0; 0.0; 0.0; 0.0; 0.0; 0.0; 0.0; 0.0; 2.0; 0.0; 3.96; 6.16; 25.0; -25.0; 0.0; 0; 0; 0.0; 0.0; 1; 5.84066319027; 0.592814963024; 0.901755167939; 0; 0; 0; 0; 0.0; 0.0; 0.0; -1.0; 0.0; 0.0; 0.0; 0.0; 0.0; 1.0;0; 0;0; 0; 
26.5669980049; 101500; 0.0; 0.0; -0.22371; 0.0; 0.0; 0.0; 0.0; 0.0; 0.0; 0.0; 0.0; 0.0; 0.0; 0.0; 0.0; 0.0; 0.0; 2.0; 0.0; 3.96; 6.16; 25.0; -25.0; 0.0; 0; 0; 0.0; 0.0; 1; 5.84066319027; 0.592814963024; 0.901755167939; 0; 0; 0; 0; 0.0; 0.0; 0.0; -1.0; 0.0; 0.0; 0.0; 0.0; 0.0; 1.0;0; 0;0; 0; 
26.5778830051; 101500; 0.0; 0.0; -0.22396; 0.0; 0.0; 0.0; 0.0; 0.0; 0.0; 0.0; 0.0; 0.0; 0.0; 0.0; 0.0; 0.0; 0.0; 2.0; 0.0; 3.96; 6.16; 25.0; -25.0; 0.0; 0; 0; 0.0; 0.0; 1; 5.86347850147; 0.622339791665; 0.926210833682; 0; 0; 0; 0; 0.0; 0.0; 0.0; -1.0; 0.0; 0.0; 0.0; 0.0; 0.0; 1.0;0; 0;0; 0; 
26.5892870426; 101510; 0.0; 0.0; -0.22439; 0.0; 0.0; 0.0; 0.0; 0.0; 0.0; 0.0; 0.0; 0.0; 0.0; 0.0; 0.0; 0.0; 0.0; 2.0; 0.0; 3.96; 6.16; 25.0; -25.0; 0.0; 0; 0; 0.0; 0.0; 1; 5.86347850147; 0.622339791665; 0.926210833682; 0; 0; 0; 0; 0.0; 0.0; 0.0; -1.0; 0.0; 0.0; 0.0; 0.0; 0.0; 1.0;0; 0;0; 0; 
26.5996820927; 101510; 0.0; 0.0; -0.22485; 0.0; 0.0; 0.0; 0.0; 0.0; 0.0; 0.0; 0.0; 0.0; 0.0; 0.0; 0.0; 0.0; 0.0; 2.0; 0.0; 3.96; 6.16; 25.0; -25.0; 0.0; 0; 0; 0.0; 0.0; 1; 5.86347850147; 0.622339791665; 0.926210833682; 0; 0; 0; 0; 0.0; 0.0; 0.0; -1.0; 0.0; 0.0; 0.0; 0.0; 0.0; 1.0;0; 0;0; 0; 
26.6113200188; 101520; 0.0; 0.0; -0.22532; 0.0; 0.0; 0.0; 0.0; 0.0; 0.0; 0.0; 0.0; 0.0; 0.0; 0.0; 0.0; 0.0; 0.0; 2.0; 0.0; 3.96; 6.16; 25.0; -25.0; 0.0; 0; 0; 0.0; 0.0; 1; 5.86347850147; 0.622339791665; 0.926210833682; 0; 0; 0; 0; 0.0; 0.0; 0.0; -1.0; 0.0; 0.0; 0.0; 0.0; 0.0; 1.0;0; 0;0; 0; 
26.6229760647; 101520; 0.0; 0.0; -0.22578; 0.0; 0.0; 0.0; 0.0; 0.0; 0.0; 0.0; 0.0; 0.0; 0.0; 0.0; 0.0; 0.0; 0.0; 2.0; 0.0; 3.96; 6.16; 25.0; -25.0; 0.0; 0; 0; 0.0; 0.0; 1; 5.86347850147; 0.622339791665; 0.926210833682; 0; 0; 0; 0; 0.0; 0.0; 0.0; -1.0; 0.0; 0.0; 0.0; 0.0; 0.0; 1.0;0; 0;0; 0; 
26.6369900703; 101530; 0.0; 0.0; -0.22624; 0.0; 0.0; 0.0; 0.0; 0.0; 0.0; 0.0; 0.0; 0.0; 0.0; 0.0; 0.0; 0.0; 0.0; 2.01; 0.94; 5.47; 5.9; 25.0; -25.0; 0.0; 0; 0; 0.0; 0.0; 1; 5.86347850147; 0.622339791665; 0.926210833682; 0; 0; 0; 0; 0.0; 0.0; 0.0; -1.0; 0.0; 0.0; 0.0; 0.0; 0.0; 1.0;0; 0;0; 0; 
26.6489191055; 101530; 0.0; 0.0; -0.22672; 0.0; 0.0; 0.0; 0.0; 0.0; 0.0; 0.0; 0.0; 0.0; 0.0; 0.0; 0.0; 0.0; 0.0; 2.01; 0.94; 5.47; 5.9; 25.0; -25.0; 0.0; 0; 0; 0.0; 0.0; 1; 5.86347850147; 0.622339791665; 0.926210833682; 0; 0; 0; 0; 0.0; 0.0; 0.0; -1.0; 0.0; 0.0; 0.0; 0.0; 0.0; 1.0;0; 0;0; 0; 
26.6613271236; 101540; 0.0; 0.0; -0.22718; 0.0; 0.0; 0.0; 0.0; 0.0; 0.0; 0.0; 0.0; 0.0; 0.0; 0.0; 0.0; 0.0; 0.0; 2.01; 0.94; 5.47; 5.9; 25.0; -25.0; 0.0; 0; 0; 0.0; 0.0; 1; 5.86347850147; 0.622339791665; 0.926210833682; 0; 0; 0; 0; 0.0; 0.0; 0.0; -1.0; 0.0; 0.0; 0.0; 0.0; 0.0; 1.0;0; 0;0; 0; 
26.6725461483; 101540; 0.0; 0.0; -0.22755; 0.0; 0.0; 0.0; 0.0; 0.0; 0.0; 0.0; 0.0; 0.0; 0.0; 0.0; 0.0; 0.0; 0.0; 2.01; 0.94; 5.47; 5.9; 25.0; -25.0; 0.0; 0; 0; 0.0; 0.0; 1; 5.86347850147; 0.622339791665; 0.926210833682; 0; 0; 0; 0; 0.0; 0.0; 0.0; -1.0; 0.0; 0.0; 0.0; 0.0; 0.0; 1.0;0; 0;0; 0; 
26.6835010052; 101550; 0.0; 0.0; -0.22781; 0.0; 0.0; 0.0; 0.0; 0.0; 0.0; 0.0; 0.0; 0.0; 0.0; 0.0; 0.0; 0.0; 0.0; 2.01; 0.94; 5.47; 5.9; 25.0; -25.0; 0.0; 0; 0; 0.0; 0.0; 1; 5.86347850147; 0.622339791665; 0.926210833682; 0; 0; 0; 0; 0.0; 0.0; 0.0; -1.0; 0.0; 0.0; 0.0; 0.0; 0.0; 1.0;0; 0;0; 0; 
26.6940541267; 101550; 0.0; 0.0; -0.22786; 0.0; 0.0; 0.0; 0.0; 0.0; 0.0; 0.0; 0.0; 0.0; 0.0; 0.0; 0.0; 0.0; 0.0; 2.01; 0.94; 5.47; 5.9; 25.0; -25.0; 0.0; 0; 0; 0.0; 0.0; 1; 5.86347850147; 0.622339791665; 0.926210833682; 0; 0; 0; 0; 0.0; 0.0; 0.0; -1.0; 0.0; 0.0; 0.0; 0.0; 0.0; 1.0;0; 0;0; 0; 
26.7048640251; 101560; 0.0; 0.0; -0.22762; 0.0; 0.0; 0.0; 0.0; 0.0; 0.0; 0.0; 0.0; 0.0; 0.0; 0.0; 0.0; 0.0; 0.0; 2.01; 0.94; 5.47; 5.9; 25.0; -25.0; 0.0; 0; 0; 0.0; 0.0; 1; 5.86347850147; 0.622339791665; 0.926210833682; 0; 0; 0; 0; 0.0; 0.0; 0.0; -1.0; 0.0; 0.0; 0.0; 0.0; 0.0; 1.0;0; 0;0; 0; 
26.7157180309; 101560; 0.0; 0.0; -0.22702; 0.0; 0.0; 0.0; 0.0; 0.0; 0.0; 0.0; 0.0; 0.0; 0.0; 0.0; 0.0; 0.0; 0.0; 2.01; 0.94; 5.47; 5.9; 25.0; -25.0; 0.0; 0; 0; 0.0; 0.0; 1; 5.86347850147; 0.622339791665; 0.926210833682; 0; 0; 0; 0; 0.0; 0.0; 0.0; -1.0; 0.0; 0.0; 0.0; 0.0; 0.0; 1.0;0; 0;0; 0; 
26.7266941071; 101570; 0.0; 0.0; -0.2261; 0.0; 0.0; 0.0; 0.0; 0.0; 0.0; 0.0; 0.0; 0.0; 0.0; 0.0; 0.0; 0.0; 0.0; 2.01; 0.94; 5.47; 5.9; 25.0; -25.0; 0.0; 0; 0; 0.0; 0.0; 1; 5.86347850147; 0.622339791665; 0.926210833682; 0; 0; 0; 0; 0.0; 0.0; 0.0; -1.0; 0.0; 0.0; 0.0; 0.0; 0.0; 1.0;0; 0;0; 0; 
26.7381010056; 101570; 0.0; 0.0; -0.22487; 0.0; 0.0; 0.0; 0.0; 0.0; 0.0; 0.0; 0.0; 0.0; 0.0; 0.0; 0.0; 0.0; 0.0; 2.01; 0.94; 5.47; 5.9; 25.0; -25.0; 0.0; 0; 0; 0.0; 0.0; 1; 5.86347850147; 0.622339791665; 0.926210833682; 0; 0; 0; 0; 0.0; 0.0; 0.0; -1.0; 0.0; 0.0; 0.0; 0.0; 0.0; 1.0;0; 0;0; 0; 
26.749145031; 101580; 0.0; 0.0; -0.22339; 0.0; 0.0; 0.0; 0.0; 0.0; 0.0; 0.0; 0.0; 0.0; 0.0; 0.0; 0.0; 0.0; 0.0; 2.01; 0.94; 5.47; 5.9; 25.0; -25.0; 0.0; 0; 0; 0.0; 0.0; 1; 5.86347850147; 0.622339791665; 0.926210833682; 0; 0; 0; 0; 0.0; 0.0; 0.0; -1.0; 0.0; 0.0; 0.0; 0.0; 0.0; 1.0;0; 0;0; 0; 
26.7605211735; 101580; 0.0; 0.0; -0.22176; 0.0; 0.0; 0.0; 0.0; 0.0; 0.0; 0.0; 0.0; 0.0; 0.0; 0.0; 0.0; 0.0; 0.0; 2.01; 0.94; 5.47; 5.9; 25.0; -25.0; 0.0; 0; 0; 0.0; 0.0; 1; 5.86347850147; 0.622339791665; 0.926210833682; 0; 0; 0; 0; 0.0; 0.0; 0.0; -1.0; 0.0; 0.0; 0.0; 0.0; 0.0; 1.0;0; 0;0; 0; 
26.7721600533; 101590; 0.0; 0.0; -0.2201; 0.0; 0.0; 0.0; 0.0; 0.0; 0.0; 0.0; 0.0; 0.0; 0.0; 0.0; 0.0; 0.0; 0.0; 2.01; 0.94; 5.47; 5.9; 25.0; -25.0; 0.0; 0; 0; 0.0; 0.0; 1; 5.86347850147; 0.622339791665; 0.926210833682; 0; 0; 0; 0; 0.0; 0.0; 0.0; -1.0; 0.0; 0.0; 0.0; 0.0; 0.0; 1.0;0; 0;0; 0; 
26.7833821774; 101590; 0.0; 0.0; -0.21849; 0.0; 0.0; 0.0; 0.0; 0.0; 0.0; 0.0; 0.0; 0.0; 0.0; 0.0; 0.0; 0.0; 0.0; 2.01; 0.94; 5.47; 5.9; 25.0; -25.0; 0.0; 0; 0; 0.0; 0.0; 1; 5.86347850147; 0.622339791665; 0.926210833682; 0; 0; 0; 0; 0.0; 0.0; 0.0; -1.0; 0.0; 0.0; 0.0; 0.0; 0.0; 1.0;0; 0;0; 0; 
26.7956130505; 101600; 0.0; 0.0; -0.21699; 0.0; 0.0; 0.0; 0.0; 0.0; 0.0; 0.0; 0.0; 0.0; 0.0; 0.0; 0.0; 0.0; 0.0; 2.01; 0.94; 5.47; 5.9; 25.0; -25.0; 0.0; 0; 0; 0.0; 0.0; 1; 5.86347850147; 0.622339791665; 0.926210833682; 0; 0; 0; 0; 0.0; 0.0; 0.0; -1.0; 0.0; 0.0; 0.0; 0.0; 0.0; 1.0;0; 0;0; 0; 
26.8065311909; 101600; 0.0; 0.0; -0.21562; 0.0; 0.0; 0.0; 0.0; 0.0; 0.0; 0.0; 0.0; 0.0; 0.0; 0.0; 0.0; 0.0; 0.0; 2.01; 0.94; 5.47; 5.9; 25.0; -25.0; 0.0; 0; 0; 0.0; 0.0; 1; 5.88654260164; 0.653744883632; 0.950554609187; 0; 0; 0; 0; 0.0; 0.0; 0.0; -1.0; 0.0; 0.0; 0.0; 0.0; 0.0; 1.0;0; 0;0; 0; 
26.8184151649; 101610; 0.0; 0.0; -0.21448; 0.0; 0.0; 0.0; 0.0; 0.0; 0.0; 0.0; 0.0; 0.0; 0.0; 0.0; 0.0; 0.0; 0.0; 2.01; 0.94; 5.47; 5.9; 25.0; -25.0; 0.0; 0; 0; 0.0; 0.0; 1; 5.88654260164; 0.653744883632; 0.950554609187; 0; 0; 0; 0; 0.0; 0.0; 0.0; -1.0; 0.0; 0.0; 0.0; 0.0; 0.0; 1.0;0; 0;0; 0; 
26.8297100067; 101610; 0.0; 0.0; -0.21354; 0.0; 0.0; 0.0; 0.0; 0.0; 0.0; 0.0; 0.0; 0.0; 0.0; 0.0; 0.0; 0.0; 0.0; 2.01; 0.94; 5.47; 5.9; 25.0; -25.0; 0.0; 0; 0; 0.0; 0.0; 1; 5.88654260164; 0.653744883632; 0.950554609187; 0; 0; 0; 0; 0.0; 0.0; 0.0; -1.0; 0.0; 0.0; 0.0; 0.0; 0.0; 1.0;0; 0;0; 0; 
26.8410990238; 101620; 0.0; 0.0; -0.21278; 0.0; 0.0; 0.0; 0.0; 0.0; 0.0; 0.0; 0.0; 0.0; 0.0; 0.0; 0.0; 0.0; 0.0; 2.01; 0.94; 5.47; 5.9; 25.0; -25.0; 0.0; 0; 0; 0.0; 0.0; 1; 5.88654260164; 0.653744883632; 0.950554609187; 0; 0; 0; 0; 0.0; 0.0; 0.0; -1.0; 0.0; 0.0; 0.0; 0.0; 0.0; 1.0;0; 0;0; 0; 
26.8527531624; 101620; 0.0; 0.0; -0.21221; 0.0; 0.0; 0.0; 0.0; 0.0; 0.0; 0.0; 0.0; 0.0; 0.0; 0.0; 0.0; 0.0; 0.0; 2.01; 0.94; 5.47; 5.9; 25.0; -25.0; 0.0; 0; 0; 0.0; 0.0; 1; 5.88654260164; 0.653744883632; 0.950554609187; 0; 0; 0; 0; 0.0; 0.0; 0.0; -1.0; 0.0; 0.0; 0.0; 0.0; 0.0; 1.0;0; 0;0; 0; 
26.8637239933; 101630; 0.0; 0.0; -0.21181; 0.0; 0.0; 0.0; 0.0; 0.0; 0.0; 0.0; 0.0; 0.0; 0.0; 0.0; 0.0; 0.0; 0.0; 2.01; 0.94; 5.47; 5.9; 25.0; -25.0; 0.0; 0; 0; 0.0; 0.0; 1; 5.88654260164; 0.653744883632; 0.950554609187; 0; 0; 0; 0; 0.0; 0.0; 0.0; -1.0; 0.0; 0.0; 0.0; 0.0; 0.0; 1.0;0; 0;0; 0; 
26.8748440742; 101630; 0.0; 0.0; -0.21158; 0.0; 0.0; 0.0; 0.0; 0.0; 0.0; 0.0; 0.0; 0.0; 0.0; 0.0; 0.0; 0.0; 0.0; 2.01; 0.94; 5.47; 5.9; 25.0; -25.0; 0.0; 0; 0; 0.0; 0.0; 1; 5.88654260164; 0.653744883632; 0.950554609187; 0; 0; 0; 0; 0.0; 0.0; 0.0; -1.0; 0.0; 0.0; 0.0; 0.0; 0.0; 1.0;0; 0;0; 0; 
26.8865001202; 101640; 0.0; 0.0; -0.21152; 0.0; 0.0; 0.0; 0.0; 0.0; 0.0; 0.0; 0.0; 0.0; 0.0; 0.0; 0.0; 0.0; 0.0; 2.01; 0.94; 5.47; 5.9; 25.0; -25.0; 0.0; 0; 0; 0.0; 0.0; 1; 5.88654260164; 0.653744883632; 0.950554609187; 0; 0; 0; 0; 0.0; 0.0; 0.0; -1.0; 0.0; 0.0; 0.0; 0.0; 0.0; 1.0;0; 0;0; 0; 
26.8977031708; 101640; 0.0; 0.0; -0.21155; 0.0; 0.0; 0.0; 0.0; 0.0; 0.0; 0.0; 0.0; 0.0; 0.0; 0.0; 0.0; 0.0; 0.0; 2.01; 0.94; 5.47; 5.9; 25.0; -25.0; 0.0; 0; 0; 0.0; 0.0; 1; 5.88654260164; 0.653744883632; 0.950554609187; 0; 0; 0; 0; 0.0; 0.0; 0.0; -1.0; 0.0; 0.0; 0.0; 0.0; 0.0; 1.0;0; 0;0; 0; 
26.9090321064; 101650; 0.0; 0.0; -0.21166; 0.0; 0.0; 0.0; 0.0; 0.0; 0.0; 0.0; 0.0; 0.0; 0.0; 0.0; 0.0; 0.0; 0.0; 2.01; 0.94; 5.47; 5.9; 25.0; -25.0; 0.0; 0; 0; 0.0; 0.0; 1; 5.88654260164; 0.653744883632; 0.950554609187; 0; 0; 0; 0; 0.0; 0.0; 0.0; -1.0; 0.0; 0.0; 0.0; 0.0; 0.0; 1.0;0; 0;0; 0; 
26.9209730625; 101650; 0.0; 0.0; -0.21176; 0.0; 0.0; 0.0; 0.0; 0.0; 0.0; 0.0; 0.0; 0.0; 0.0; 0.0; 0.0; 0.0; 0.0; 2.01; 0.94; 5.47; 5.9; 25.0; -25.0; 0.0; 0; 0; 0.0; 0.0; 1; 5.88654260164; 0.653744883632; 0.950554609187; 0; 0; 0; 0; 0.0; 0.0; 0.0; -1.0; 0.0; 0.0; 0.0; 0.0; 0.0; 1.0;0; 0;0; 0; 
26.9318780899; 101660; 0.0; 0.0; -0.21182; 0.0; 0.0; 0.0; 0.0; 0.0; 0.0; 0.0; 0.0; 0.0; 0.0; 0.0; 0.0; 0.0; 0.0; 2.01; 0.94; 5.47; 5.9; 25.0; -25.0; 0.0; 0; 0; 0.0; 0.0; 1; 5.88654260164; 0.653744883632; 0.950554609187; 0; 0; 0; 0; 0.0; 0.0; 0.0; -1.0; 0.0; 0.0; 0.0; 0.0; 0.0; 1.0;0; 0;0; 0; 
26.9432280064; 101660; 0.0; 0.0; -0.21184; 0.0; 0.0; 0.0; 0.0; 0.0; 0.0; 0.0; 0.0; 0.0; 0.0; 0.0; 0.0; 0.0; 0.0; 2.01; 0.94; 5.47; 5.9; 25.0; -25.0; 0.0; 0; 0; 0.0; 0.0; 1; 5.88654260164; 0.653744883632; 0.950554609187; 0; 0; 0; 0; 0.0; 0.0; 0.0; -1.0; 0.0; 0.0; 0.0; 0.0; 0.0; 1.0;0; 0;0; 0; 
26.9546570778; 101670; 0.0; 0.0; -0.2118; 0.0; 0.0; 0.0; 0.0; 0.0; 0.0; 0.0; 0.0; 0.0; 0.0; 0.0; 0.0; 0.0; 0.0; 2.01; 0.94; 5.47; 5.9; 25.0; -25.0; 0.0; 0; 0; 0.0; 0.0; 1; 5.88654260164; 0.653744883632; 0.950554609187; 0; 0; 0; 0; 0.0; 0.0; 0.0; -1.0; 0.0; 0.0; 0.0; 0.0; 0.0; 1.0;0; 0;0; 0; 
26.9666051865; 101670; 0.0; 0.0; -0.21172; 0.0; 0.0; 0.0; 0.0; 0.0; 0.0; 0.0; 0.0; 0.0; 0.0; 0.0; 0.0; 0.0; 0.0; 2.01; 0.94; 5.47; 5.9; 25.0; -25.0; 0.0; 0; 0; 0.0; 0.0; 1; 5.88654260164; 0.653744883632; 0.950554609187; 0; 0; 0; 0; 0.0; 0.0; 0.0; -1.0; 0.0; 0.0; 0.0; 0.0; 0.0; 1.0;0; 0;0; 0; 
26.9777760506; 101680; 0.0; 0.0; -0.21169; 0.0; 0.0; 0.0; 0.0; 0.0; 0.0; 0.0; 0.0; 0.0; 0.0; 0.0; 0.0; 0.0; 0.0; 2.01; 0.94; 5.47; 5.9; 25.0; -25.0; 0.0; 0; 0; 0.0; 0.0; 1; 5.88654260164; 0.653744883632; 0.950554609187; 0; 0; 0; 0; 0.0; 0.0; 0.0; -1.0; 0.0; 0.0; 0.0; 0.0; 0.0; 1.0;0; 0;0; 0; 
26.9891490936; 101680; 0.0; 0.0; -0.2117; 0.0; 0.0; 0.0; 0.0; 0.0; 0.0; 0.0; 0.0; 0.0; 0.0; 0.0; 0.0; 0.0; 0.0; 2.01; 0.94; 5.47; 5.9; 25.0; -25.0; 0.0; 0; 0; 0.0; 0.0; 1; 5.88654260164; 0.653744883632; 0.950554609187; 0; 0; 0; 0; 0.0; 0.0; 0.0; -1.0; 0.0; 0.0; 0.0; 0.0; 0.0; 1.0;0; 0;0; 0; 
27.0005800724; 101690; 0.0; 0.0; -0.21176; 0.0; 0.0; 0.0; 0.0; 0.0; 0.0; 0.0; 0.0; 0.0; 0.0; 0.0; 0.0; 0.0; 0.0; 2.01; 0.94; 5.47; 5.9; 25.0; -25.0; 0.0; 0; 0; 0.0; 0.0; 1; 5.88654260164; 0.653744883632; 0.950554609187; 0; 0; 0; 0; 0.0; 0.0; 0.0; -1.0; 0.0; 0.0; 0.0; 0.0; 0.0; 1.0;0; 0;0; 0; 
27.0130631924; 101690; 0.0; 0.0; -0.21185; 0.0; 0.0; 0.0; 0.0; 0.0; 0.0; 0.0; 0.0; 0.0; 0.0; 0.0; 0.0; 0.0; 0.0; 2.01; 0.94; 5.47; 5.9; 25.0; -25.0; 0.0; 0; 0; 0.0; 0.0; 1; 5.88654260164; 0.653744883632; 0.950554609187; 0; 0; 0; 0; 0.0; 0.0; 0.0; -1.0; 0.0; 0.0; 0.0; 0.0; 0.0; 1.0;0; 0;0; 0; 
27.0240859985; 101700; 0.0; 0.0; -0.21192; 0.0; 0.0; 0.0; 0.0; 0.0; 0.0; 0.0; 0.0; 0.0; 0.0; 0.0; 0.0; 0.0; 0.0; 2.01; 0.94; 5.47; 5.9; 25.0; -25.0; 0.0; 0; 0; 0.0; 0.0; 1; 5.88654260164; 0.653744883632; 0.950554609187; 0; 0; 0; 0; 0.0; 0.0; 0.0; -1.0; 0.0; 0.0; 0.0; 0.0; 0.0; 1.0;0; 0;0; 0; 
27.0355541706; 101700; 0.0; 0.0; -0.21204; 0.0; 0.0; 0.0; 0.0; 0.0; 0.0; 0.0; 0.0; 0.0; 0.0; 0.0; 0.0; 0.0; 0.0; 2.01; 0.94; 5.47; 5.9; 25.0; -25.0; 0.0; 0; 0; 0.0; 0.0; 1; 5.91053149496; 0.68809960484; 0.974051469019; 0; 0; 0; 0; 0.0; 0.0; 0.0; -1.0; 0.0; 0.0; 0.0; 0.0; 0.0; 1.0;0; 0;0; 0; 
27.0481100082; 101710; 0.0; 0.0; -0.21218; 0.0; 0.0; 0.0; 0.0; 0.0; 0.0; 0.0; 0.0; 0.0; 0.0; 0.0; 0.0; 0.0; 0.0; 2.01; 0.94; 5.47; 5.9; 25.0; -25.0; 0.0; 0; 0; 0.0; 0.0; 1; 5.91053149496; 0.68809960484; 0.974051469019; 0; 0; 0; 0; 0.0; 0.0; 0.0; -1.0; 0.0; 0.0; 0.0; 0.0; 0.0; 1.0;0; 0;0; 0; 
27.0599310398; 101710; 0.0; 0.0; -0.21242; 0.0; 0.0; 0.0; 0.0; 0.0; 0.0; 0.0; 0.0; 0.0; 0.0; 0.0; 0.0; 0.0; 0.0; 2.01; 0.94; 5.47; 5.9; 25.0; -25.0; 0.0; 0; 0; 0.0; 0.0; 1; 5.91053149496; 0.68809960484; 0.974051469019; 0; 0; 0; 0; 0.0; 0.0; 0.0; -1.0; 0.0; 0.0; 0.0; 0.0; 0.0; 1.0;0; 0;0; 0; 
27.0713059902; 101720; 0.0; 0.0; -0.2128; 0.0; 0.0; 0.0; 0.0; 0.0; 0.0; 0.0; 0.0; 0.0; 0.0; 0.0; 0.0; 0.0; 0.0; 2.01; 0.93; 3.55; 2.95; 25.0; -25.0; 0.0; 0; 0; 0.0; 0.0; 1; 5.91053149496; 0.68809960484; 0.974051469019; 0; 0; 0; 0; 0.0; 0.0; 0.0; -1.0; 0.0; 0.0; 0.0; 0.0; 0.0; 1.0;0; 0;0; 0; 
27.0826890469; 101720; 0.0; 0.0; -0.21334; 0.0; 0.0; 0.0; 0.0; 0.0; 0.0; 0.0; 0.0; 0.0; 0.0; 0.0; 0.0; 0.0; 0.0; 2.01; 0.93; 3.55; 2.95; 25.0; -25.0; 0.0; 0; 0; 0.0; 0.0; 1; 5.91053149496; 0.68809960484; 0.974051469019; 0; 0; 0; 0; 0.0; 0.0; 0.0; -1.0; 0.0; 0.0; 0.0; 0.0; 0.0; 1.0;0; 0;0; 0; 
27.0950820446; 101730; 0.0; 0.0; -0.21407; 0.0; 0.0; 0.0; 0.0; 0.0; 0.0; 0.0; 0.0; 0.0; 0.0; 0.0; 0.0; 0.0; 0.0; 2.01; 0.93; 3.55; 2.95; 25.0; -25.0; 0.0; 0; 0; 0.0; 0.0; 1; 5.91053149496; 0.68809960484; 0.974051469019; 0; 0; 0; 0; 0.0; 0.0; 0.0; -1.0; 0.0; 0.0; 0.0; 0.0; 0.0; 1.0;0; 0;0; 0; 
27.1065740585; 101730; 0.0; 0.0; -0.2149; 0.0; 0.0; 0.0; 0.0; 0.0; 0.0; 0.0; 0.0; 0.0; 0.0; 0.0; 0.0; 0.0; 0.0; 2.01; 0.93; 3.55; 2.95; 25.0; -25.0; 0.0; 0; 0; 0.0; 0.0; 1; 5.91053149496; 0.68809960484; 0.974051469019; 0; 0; 0; 0; 0.0; 0.0; 0.0; -1.0; 0.0; 0.0; 0.0; 0.0; 0.0; 1.0;0; 0;0; 0; 
27.1186490059; 101740; 0.0; 0.0; -0.21576; 0.0; 0.0; 0.0; 0.0; 0.0; 0.0; 0.0; 0.0; 0.0; 0.0; 0.0; 0.0; 0.0; 0.0; 2.01; 0.93; 3.55; 2.95; 25.0; -25.0; 0.0; 0; 0; 0.0; 0.0; 1; 5.91053149496; 0.68809960484; 0.974051469019; 0; 0; 0; 0; 0.0; 0.0; 0.0; -1.0; 0.0; 0.0; 0.0; 0.0; 0.0; 1.0;0; 0;0; 0; 
27.1297700405; 101740; 0.0; 0.0; -0.21653; 0.0; 0.0; 0.0; 0.0; 0.0; 0.0; 0.0; 0.0; 0.0; 0.0; 0.0; 0.0; 0.0; 0.0; 2.01; 0.93; 3.55; 2.95; 25.0; -25.0; 0.0; 0; 0; 0.0; 0.0; 1; 5.91053149496; 0.68809960484; 0.974051469019; 0; 0; 0; 0; 0.0; 0.0; 0.0; -1.0; 0.0; 0.0; 0.0; 0.0; 0.0; 1.0;0; 0;0; 0; 
27.1412980556; 101750; 0.0; 0.0; -0.21713; 0.0; 0.0; 0.0; 0.0; 0.0; 0.0; 0.0; 0.0; 0.0; 0.0; 0.0; 0.0; 0.0; 0.0; 2.01; 0.93; 3.55; 2.95; 25.0; -25.0; 0.0; 0; 0; 0.0; 0.0; 1; 5.91053149496; 0.68809960484; 0.974051469019; 0; 0; 0; 0; 0.0; 0.0; 0.0; -1.0; 0.0; 0.0; 0.0; 0.0; 0.0; 1.0;0; 0;0; 0; 
27.1533470154; 101750; 0.0; 0.0; -0.21747; 0.0; 0.0; 0.0; 0.0; 0.0; 0.0; 0.0; 0.0; 0.0; 0.0; 0.0; 0.0; 0.0; 0.0; 2.01; 0.93; 3.55; 2.95; 25.0; -25.0; 0.0; 0; 0; 0.0; 0.0; 1; 5.91053149496; 0.68809960484; 0.974051469019; 0; 0; 0; 0; 0.0; 0.0; 0.0; -1.0; 0.0; 0.0; 0.0; 0.0; 0.0; 1.0;0; 0;0; 0; 
27.1660001278; 101760; 0.0; 0.0; -0.2175; 0.0; 0.0; 0.0; 0.0; 0.0; 0.0; 0.0; 0.0; 0.0; 0.0; 0.0; 0.0; 0.0; 0.0; 2.01; 0.93; 3.55; 2.95; 25.0; -25.0; 0.0; 0; 0; 0.0; 0.0; 1; 5.91053149496; 0.68809960484; 0.974051469019; 0; 0; 0; 0; 0.0; 0.0; 0.0; -1.0; 0.0; 0.0; 0.0; 0.0; 0.0; 1.0;0; 0;0; 0; 
27.1775801182; 101760; 0.0; 0.0; -0.21723; 0.0; 0.0; 0.0; 0.0; 0.0; 0.0; 0.0; 0.0; 0.0; 0.0; 0.0; 0.0; 0.0; 0.0; 2.01; 0.93; 3.55; 2.95; 25.0; -25.0; 0.0; 0; 0; 0.0; 0.0; 1; 5.91053149496; 0.68809960484; 0.974051469019; 0; 0; 0; 0; 0.0; 0.0; 0.0; -1.0; 0.0; 0.0; 0.0; 0.0; 0.0; 1.0;0; 0;0; 0; 
27.1899101734; 101770; 0.0; 0.0; -0.21666; 0.0; 0.0; 0.0; 0.0; 0.0; 0.0; 0.0; 0.0; 0.0; 0.0; 0.0; 0.0; 0.0; 0.0; 2.01; 0.93; 3.55; 2.95; 25.0; -25.0; 0.0; 0; 0; 0.0; 0.0; 1; 5.91053149496; 0.68809960484; 0.974051469019; 0; 0; 0; 0; 0.0; 0.0; 0.0; -1.0; 0.0; 0.0; 0.0; 0.0; 0.0; 1.0;0; 0;0; 0; 
27.2015461922; 101770; 0.0; 0.0; -0.21587; 0.0; 0.0; 0.0; 0.0; 0.0; 0.0; 0.0; 0.0; 0.0; 0.0; 0.0; 0.0; 0.0; 0.0; 2.01; 0.93; 3.55; 2.95; 25.0; -25.0; 0.0; 0; 0; 0.0; 0.0; 1; 5.91053149496; 0.68809960484; 0.974051469019; 0; 0; 0; 0; 0.0; 0.0; 0.0; -1.0; 0.0; 0.0; 0.0; 0.0; 0.0; 1.0;0; 0;0; 0; 
27.2126381397; 101780; 0.0; 0.0; -0.21491; 0.0; 0.0; 0.0; 0.0; 0.0; 0.0; 0.0; 0.0; 0.0; 0.0; 0.0; 0.0; 0.0; 0.0; 2.01; 0.93; 3.55; 2.95; 25.0; -25.0; 0.0; 0; 0; 0.0; 0.0; 1; 5.91053149496; 0.68809960484; 0.974051469019; 0; 0; 0; 0; 0.0; 0.0; 0.0; -1.0; 0.0; 0.0; 0.0; 0.0; 0.0; 1.0;0; 0;0; 0; 
27.2232410908; 101780; 0.0; 0.0; -0.21384; 0.0; 0.0; 0.0; 0.0; 0.0; 0.0; 0.0; 0.0; 0.0; 0.0; 0.0; 0.0; 0.0; 0.0; 2.01; 0.93; 3.55; 2.95; 25.0; -25.0; 0.0; 0; 0; 0.0; 0.0; 1; 5.91053149496; 0.68809960484; 0.974051469019; 0; 0; 0; 0; 0.0; 0.0; 0.0; -1.0; 0.0; 0.0; 0.0; 0.0; 0.0; 1.0;0; 0;0; 0; 
27.2346689701; 101790; 0.0; 0.0; -0.21269; 0.0; 0.0; 0.0; 0.0; 0.0; 0.0; 0.0; 0.0; 0.0; 0.0; 0.0; 0.0; 0.0; 0.0; 2.01; 0.93; 3.55; 2.95; 25.0; -25.0; 0.0; 0; 0; 0.0; 0.0; 1; 5.91053149496; 0.68809960484; 0.974051469019; 0; 0; 0; 0; 0.0; 0.0; 0.0; -1.0; 0.0; 0.0; 0.0; 0.0; 0.0; 1.0;0; 0;0; 0; 
27.2461411953; 101790; 0.0; 0.0; -0.21152; 0.0; 0.0; 0.0; 0.0; 0.0; 0.0; 0.0; 0.0; 0.0; 0.0; 0.0; 0.0; 0.0; 0.0; 2.01; 0.93; 3.55; 2.95; 25.0; -25.0; 0.0; 0; 0; 0.0; 0.0; 1; 5.91053149496; 0.68809960484; 0.974051469019; 0; 0; 0; 0; 0.0; 0.0; 0.0; -1.0; 0.0; 0.0; 0.0; 0.0; 0.0; 1.0;0; 0;0; 0; 
27.2574760914; 101800; 0.0; 0.0; -0.21037; 0.0; 0.0; 0.0; 0.0; 0.0; 0.0; 0.0; 0.0; 0.0; 0.0; 0.0; 0.0; 0.0; 0.0; 2.01; 0.93; 3.55; 2.95; 25.0; -25.0; 0.0; 0; 0; 0.0; 0.0; 1; 5.91053149496; 0.68809960484; 0.974051469019; 0; 0; 0; 0; 0.0; 0.0; 0.0; -1.0; 0.0; 0.0; 0.0; 0.0; 0.0; 1.0;0; 0;0; 0; 
27.2700970173; 101800; 0.0; 0.0; -0.20929; 0.0; 0.0; 0.0; 0.0; 0.0; 0.0; 0.0; 0.0; 0.0; 0.0; 0.0; 0.0; 0.0; 0.0; 2.01; 0.93; 3.55; 2.95; 25.0; -25.0; 0.0; 0; 0; 0.0; 0.0; 1; 5.9330609372; 0.722011790068; 0.997627581339; 0; 0; 0; 0; 0.0; 0.0; 0.0; -1.0; 0.0; 0.0; 0.0; 0.0; 0.0; 1.0;0; 0;0; 0; 
27.2811660767; 101810; 0.0; 0.0; -0.20824; 0.0; 0.0; 0.0; 0.0; 0.0; 0.0; 0.0; 0.0; 0.0; 0.0; 0.0; 0.0; 0.0; 0.0; 2.01; 0.93; 3.55; 2.95; 25.0; -25.0; 0.0; 0; 0; 0.0; 0.0; 1; 5.9330609372; 0.722011790068; 0.997627581339; 0; 0; 0; 0; 0.0; 0.0; 0.0; -1.0; 0.0; 0.0; 0.0; 0.0; 0.0; 1.0;0; 0;0; 0; 
27.2927200794; 101810; 0.0; 0.0; -0.20724; 0.0; 0.0; 0.0; 0.0; 0.0; 0.0; 0.0; 0.0; 0.0; 0.0; 0.0; 0.0; 0.0; 0.0; 2.01; 0.93; 3.55; 2.95; 25.0; -25.0; 0.0; 0; 0; 0.0; 0.0; 1; 5.9330609372; 0.722011790068; 0.997627581339; 0; 0; 0; 0; 0.0; 0.0; 0.0; -1.0; 0.0; 0.0; 0.0; 0.0; 0.0; 1.0;0; 0;0; 0; 
27.3044600487; 101820; 0.0; 0.0; -0.20632; 0.0; 0.0; 0.0; 0.0; 0.0; 0.0; 0.0; 0.0; 0.0; 0.0; 0.0; 0.0; 0.0; 0.0; 2.0; 0.93; 3.54; 5.77; 25.0; -25.0; 0.0; 0; 0; 0.0; 0.0; 1; 5.9330609372; 0.722011790068; 0.997627581339; 0; 0; 0; 0; 0.0; 0.0; 0.0; -1.0; 0.0; 0.0; 0.0; 0.0; 0.0; 1.0;0; 0;0; 0; 
27.3154551983; 101820; 0.0; 0.0; -0.20553; 0.0; 0.0; 0.0; 0.0; 0.0; 0.0; 0.0; 0.0; 0.0; 0.0; 0.0; 0.0; 0.0; 0.0; 2.0; 0.93; 3.54; 5.77; 25.0; -25.0; 0.0; 0; 0; 0.0; 0.0; 1; 5.9330609372; 0.722011790068; 0.997627581339; 0; 0; 0; 0; 0.0; 0.0; 0.0; -1.0; 0.0; 0.0; 0.0; 0.0; 0.0; 1.0;0; 0;0; 0; 
27.3266181946; 101830; 0.0; 0.0; -0.20483; 0.0; 0.0; 0.0; 0.0; 0.0; 0.0; 0.0; 0.0; 0.0; 0.0; 0.0; 0.0; 0.0; 0.0; 2.0; 0.93; 3.54; 5.77; 25.0; -25.0; 0.0; 0; 0; 0.0; 0.0; 1; 5.9330609372; 0.722011790068; 0.997627581339; 0; 0; 0; 0; 0.0; 0.0; 0.0; -1.0; 0.0; 0.0; 0.0; 0.0; 0.0; 1.0;0; 0;0; 0; 
27.338696003; 101830; 0.0; 0.0; -0.20425; 0.0; 0.0; 0.0; 0.0; 0.0; 0.0; 0.0; 0.0; 0.0; 0.0; 0.0; 0.0; 0.0; 0.0; 2.0; 0.93; 3.54; 5.77; 25.0; -25.0; 0.0; 0; 0; 0.0; 0.0; 1; 5.9330609372; 0.722011790068; 0.997627581339; 0; 0; 0; 0; 0.0; 0.0; 0.0; -1.0; 0.0; 0.0; 0.0; 0.0; 0.0; 1.0;0; 0;0; 0; 
27.3497190475; 101840; 0.0; 0.0; -0.20379; 0.0; 0.0; 0.0; 0.0; 0.0; 0.0; 0.0; 0.0; 0.0; 0.0; 0.0; 0.0; 0.0; 0.0; 2.0; 0.93; 3.54; 5.77; 25.0; -25.0; 0.0; 0; 0; 0.0; 0.0; 1; 5.9330609372; 0.722011790068; 0.997627581339; 0; 0; 0; 0; 0.0; 0.0; 0.0; -1.0; 0.0; 0.0; 0.0; 0.0; 0.0; 1.0;0; 0;0; 0; 
27.3613631725; 101840; 0.0; 0.0; -0.20338; 0.0; 0.0; 0.0; 0.0; 0.0; 0.0; 0.0; 0.0; 0.0; 0.0; 0.0; 0.0; 0.0; 0.0; 2.0; 0.93; 3.54; 5.77; 25.0; -25.0; 0.0; 0; 0; 0.0; 0.0; 1; 5.9330609372; 0.722011790068; 0.997627581339; 0; 0; 0; 0; 0.0; 0.0; 0.0; -1.0; 0.0; 0.0; 0.0; 0.0; 0.0; 1.0;0; 0;0; 0; 
27.3733141422; 101850; 0.0; 0.0; -0.20303; 0.0; 0.0; 0.0; 0.0; 0.0; 0.0; 0.0; 0.0; 0.0; 0.0; 0.0; 0.0; 0.0; 0.0; 2.0; 0.93; 3.54; 5.77; 25.0; -25.0; 0.0; 0; 0; 0.0; 0.0; 1; 5.9330609372; 0.722011790068; 0.997627581339; 0; 0; 0; 0; 0.0; 0.0; 0.0; -1.0; 0.0; 0.0; 0.0; 0.0; 0.0; 1.0;0; 0;0; 0; 
27.384168148; 101850; 0.0; 0.0; -0.20271; 0.0; 0.0; 0.0; 0.0; 0.0; 0.0; 0.0; 0.0; 0.0; 0.0; 0.0; 0.0; 0.0; 0.0; 2.0; 0.93; 3.54; 5.77; 25.0; -25.0; 0.0; 0; 0; 0.0; 0.0; 1; 5.9330609372; 0.722011790068; 0.997627581339; 0; 0; 0; 0; 0.0; 0.0; 0.0; -1.0; 0.0; 0.0; 0.0; 0.0; 0.0; 1.0;0; 0;0; 0; 
27.3952791691; 101860; 0.0; 0.0; -0.20235; 0.0; 0.0; 0.0; 0.0; 0.0; 0.0; 0.0; 0.0; 0.0; 0.0; 0.0; 0.0; 0.0; 0.0; 2.0; 0.93; 3.54; 5.77; 25.0; -25.0; 0.0; 0; 0; 0.0; 0.0; 1; 5.9330609372; 0.722011790068; 0.997627581339; 0; 0; 0; 0; 0.0; 0.0; 0.0; -1.0; 0.0; 0.0; 0.0; 0.0; 0.0; 1.0;0; 0;0; 0; 
27.4063651562; 101860; 0.0; 0.0; -0.20199; 0.0; 0.0; 0.0; 0.0; 0.0; 0.0; 0.0; 0.0; 0.0; 0.0; 0.0; 0.0; 0.0; 0.0; 2.0; 0.93; 3.54; 5.77; 25.0; -25.0; 0.0; 0; 0; 0.0; 0.0; 1; 5.9330609372; 0.722011790068; 0.997627581339; 0; 0; 0; 0; 0.0; 0.0; 0.0; -1.0; 0.0; 0.0; 0.0; 0.0; 0.0; 1.0;0; 0;0; 0; 
27.417579174; 101870; 0.0; 0.0; -0.20163; 0.0; 0.0; 0.0; 0.0; 0.0; 0.0; 0.0; 0.0; 0.0; 0.0; 0.0; 0.0; 0.0; 0.0; 2.0; 0.93; 3.54; 5.77; 25.0; -25.0; 0.0; 0; 0; 0.0; 0.0; 1; 5.9330609372; 0.722011790068; 0.997627581339; 0; 0; 0; 0; 0.0; 0.0; 0.0; -1.0; 0.0; 0.0; 0.0; 0.0; 0.0; 1.0;0; 0;0; 0; 
27.4293851852; 101870; 0.0; 0.0; -0.2013; 0.0; 0.0; 0.0; 0.0; 0.0; 0.0; 0.0; 0.0; 0.0; 0.0; 0.0; 0.0; 0.0; 0.0; 2.0; 0.93; 3.54; 5.77; 25.0; -25.0; 0.0; 0; 0; 0.0; 0.0; 1; 5.9330609372; 0.722011790068; 0.997627581339; 0; 0; 0; 0; 0.0; 0.0; 0.0; -1.0; 0.0; 0.0; 0.0; 0.0; 0.0; 1.0;0; 0;0; 0; 
27.4412500858; 101880; 0.0; 0.0; -0.20108; 0.0; 0.0; 0.0; 0.0; 0.0; 0.0; 0.0; 0.0; 0.0; 0.0; 0.0; 0.0; 0.0; 0.0; 2.0; 0.93; 3.54; 5.77; 25.0; -25.0; 0.0; 0; 0; 0.0; 0.0; 1; 5.9330609372; 0.722011790068; 0.997627581339; 0; 0; 0; 0; 0.0; 0.0; 0.0; -1.0; 0.0; 0.0; 0.0; 0.0; 0.0; 1.0;0; 0;0; 0; 
27.4531021118; 101880; 0.0; 0.0; -0.20097; 0.0; 0.0; 0.0; 0.0; 0.0; 0.0; 0.0; 0.0; 0.0; 0.0; 0.0; 0.0; 0.0; 0.0; 2.0; 0.93; 3.54; 5.77; 25.0; -25.0; 0.0; 0; 0; 0.0; 0.0; 1; 5.9330609372; 0.722011790068; 0.997627581339; 0; 0; 0; 0; 0.0; 0.0; 0.0; -1.0; 0.0; 0.0; 0.0; 0.0; 0.0; 1.0;0; 0;0; 0; 
27.4643411636; 101890; 0.0; 0.0; -0.201; 0.0; 0.0; 0.0; 0.0; 0.0; 0.0; 0.0; 0.0; 0.0; 0.0; 0.0; 0.0; 0.0; 0.0; 2.0; 0.93; 3.54; 5.77; 25.0; -25.0; 0.0; 0; 0; 0.0; 0.0; 1; 5.9330609372; 0.722011790068; 0.997627581339; 0; 0; 0; 0; 0.0; 0.0; 0.0; -1.0; 0.0; 0.0; 0.0; 0.0; 0.0; 1.0;0; 0;0; 0; 
27.4758870602; 101890; 0.0; 0.0; -0.20119; 0.0; 0.0; 0.0; 0.0; 0.0; 0.0; 0.0; 0.0; 0.0; 0.0; 0.0; 0.0; 0.0; 0.0; 2.0; 0.93; 3.54; 5.77; 25.0; -25.0; 0.0; 0; 0; 0.0; 0.0; 1; 5.9330609372; 0.722011790068; 0.997627581339; 0; 0; 0; 0; 0.0; 0.0; 0.0; -1.0; 0.0; 0.0; 0.0; 0.0; 0.0; 1.0;0; 0;0; 0; 
27.4871389866; 101900; 0.0; 0.0; -0.20144; 0.0; 0.0; 0.0; 0.0; 0.0; 0.0; 0.0; 0.0; 0.0; 0.0; 0.0; 0.0; 0.0; 0.0; 2.0; 0.93; 3.54; 5.77; 25.0; -25.0; 0.0; 0; 0; 0.0; 0.0; 1; 5.9330609372; 0.722011790068; 0.997627581339; 0; 0; 0; 0; 0.0; 0.0; 0.0; -1.0; 0.0; 0.0; 0.0; 0.0; 0.0; 1.0;0; 0;0; 0; 
27.498044014; 101900; 0.0; 0.0; -0.20172; 0.0; 0.0; 0.0; 0.0; 0.0; 0.0; 0.0; 0.0; 0.0; 0.0; 0.0; 0.0; 0.0; 0.0; 2.0; 0.93; 3.54; 5.77; 25.0; -25.0; 0.0; 0; 0; 0.0; 0.0; 1; 5.95289247757; 0.753428568321; 1.01987171672; 0; 0; 0; 0; 0.0; 0.0; 0.0; -1.0; 0.0; 0.0; 0.0; 0.0; 0.0; 1.0;0; 0;0; 0; 
27.5091211796; 101910; 0.0; 0.0; -0.20197; 0.0; 0.0; 0.0; 0.0; 0.0; 0.0; 0.0; 0.0; 0.0; 0.0; 0.0; 0.0; 0.0; 0.0; 2.0; 0.93; 3.54; 5.77; 25.0; -25.0; 0.0; 0; 0; 0.0; 0.0; 1; 5.95289247757; 0.753428568321; 1.01987171672; 0; 0; 0; 0; 0.0; 0.0; 0.0; -1.0; 0.0; 0.0; 0.0; 0.0; 0.0; 1.0;0; 0;0; 0; 
27.5208611488; 101910; 0.0; 0.0; -0.20211; 0.0; 0.0; 0.0; 0.0; 0.0; 0.0; 0.0; 0.0; 0.0; 0.0; 0.0; 0.0; 0.0; 0.0; 2.0; 0.93; 3.54; 5.77; 25.0; -25.0; 0.0; 0; 0; 0.0; 0.0; 1; 5.95289247757; 0.753428568321; 1.01987171672; 0; 0; 0; 0; 0.0; 0.0; 0.0; -1.0; 0.0; 0.0; 0.0; 0.0; 0.0; 1.0;0; 0;0; 0; 
27.532430172; 101920; 0.0; 0.0; -0.20219; 0.0; 0.0; 0.0; 0.0; 0.0; 0.0; 0.0; 0.0; 0.0; 0.0; 0.0; 0.0; 0.0; 0.0; 1.96; 0.93; 4.14; 5.64; 25.0; -25.0; 0.0; 0; 0; 0.0; 0.0; 1; 5.95289247757; 0.753428568321; 1.01987171672; 0; 0; 0; 0; 0.0; 0.0; 0.0; -1.0; 0.0; 0.0; 0.0; 0.0; 0.0; 1.0;0; 0;0; 0; 
27.5435810089; 101920; 0.0; 0.0; -0.20219; 0.0; 0.0; 0.0; 0.0; 0.0; 0.0; 0.0; 0.0; 0.0; 0.0; 0.0; 0.0; 0.0; 0.0; 1.96; 0.93; 4.14; 5.64; 25.0; -25.0; 0.0; 0; 0; 0.0; 0.0; 1; 5.95289247757; 0.753428568321; 1.01987171672; 0; 0; 0; 0; 0.0; 0.0; 0.0; -1.0; 0.0; 0.0; 0.0; 0.0; 0.0; 1.0;0; 0;0; 0; 
27.5554161072; 101930; 0.0; 0.0; -0.20214; 0.0; 0.0; 0.0; 0.0; 0.0; 0.0; 0.0; 0.0; 0.0; 0.0; 0.0; 0.0; 0.0; 0.0; 1.96; 0.93; 4.14; 5.64; 25.0; -25.0; 0.0; 0; 0; 0.0; 0.0; 1; 5.95289247757; 0.753428568321; 1.01987171672; 0; 0; 0; 0; 0.0; 0.0; 0.0; -1.0; 0.0; 0.0; 0.0; 0.0; 0.0; 1.0;0; 0;0; 0; 
27.5678169727; 101930; 0.0; 0.0; -0.20203; 0.0; 0.0; 0.0; 0.0; 0.0; 0.0; 0.0; 0.0; 0.0; 0.0; 0.0; 0.0; 0.0; 0.0; 1.96; 0.93; 4.14; 5.64; 25.0; -25.0; 0.0; 0; 0; 0.0; 0.0; 1; 5.95289247757; 0.753428568321; 1.01987171672; 0; 0; 0; 0; 0.0; 0.0; 0.0; -1.0; 0.0; 0.0; 0.0; 0.0; 0.0; 1.0;0; 0;0; 0; 
27.5796830654; 101940; 0.0; 0.0; -0.20191; 0.0; 0.0; 0.0; 0.0; 0.0; 0.0; 0.0; 0.0; 0.0; 0.0; 0.0; 0.0; 0.0; 0.0; 1.96; 0.93; 4.14; 5.64; 25.0; -25.0; 0.0; 0; 0; 0.0; 0.0; 1; 5.95289247757; 0.753428568321; 1.01987171672; 0; 0; 0; 0; 0.0; 0.0; 0.0; -1.0; 0.0; 0.0; 0.0; 0.0; 0.0; 1.0;0; 0;0; 0; 
27.5916001797; 101940; 0.0; 0.0; -0.20183; 0.0; 0.0; 0.0; 0.0; 0.0; 0.0; 0.0; 0.0; 0.0; 0.0; 0.0; 0.0; 0.0; 0.0; 1.96; 0.93; 4.14; 5.64; 25.0; -25.0; 0.0; 0; 0; 0.0; 0.0; 1; 5.95289247757; 0.753428568321; 1.01987171672; 0; 0; 0; 0; 0.0; 0.0; 0.0; -1.0; 0.0; 0.0; 0.0; 0.0; 0.0; 1.0;0; 0;0; 0; 
27.6035780907; 101950; 0.0; 0.0; -0.20171; 0.0; 0.0; 0.0; 0.0; 0.0; 0.0; 0.0; 0.0; 0.0; 0.0; 0.0; 0.0; 0.0; 0.0; 1.96; 0.93; 4.14; 5.64; 25.0; -25.0; 0.0; 0; 0; 0.0; 0.0; 1; 5.95289247757; 0.753428568321; 1.01987171672; 0; 0; 0; 0; 0.0; 0.0; 0.0; -1.0; 0.0; 0.0; 0.0; 0.0; 0.0; 1.0;0; 0;0; 0; 
27.6146001816; 101950; 0.0; 0.0; -0.20156; 0.0; 0.0; 0.0; 0.0; 0.0; 0.0; 0.0; 0.0; 0.0; 0.0; 0.0; 0.0; 0.0; 0.0; 1.96; 0.93; 4.14; 5.64; 25.0; -25.0; 0.0; 0; 0; 0.0; 0.0; 1; 5.95289247757; 0.753428568321; 1.01987171672; 0; 0; 0; 0; 0.0; 0.0; 0.0; -1.0; 0.0; 0.0; 0.0; 0.0; 0.0; 1.0;0; 0;0; 0; 
27.6257381439; 101960; 0.0; 0.0; -0.20141; 0.0; 0.0; 0.0; 0.0; 0.0; 0.0; 0.0; 0.0; 0.0; 0.0; 0.0; 0.0; 0.0; 0.0; 1.96; 0.93; 4.14; 5.64; 25.0; -25.0; 0.0; 0; 0; 0.0; 0.0; 1; 5.95289247757; 0.753428568321; 1.01987171672; 0; 0; 0; 0; 0.0; 0.0; 0.0; -1.0; 0.0; 0.0; 0.0; 0.0; 0.0; 1.0;0; 0;0; 0; 
27.6367549896; 101960; 0.0; 0.0; -0.20127; 0.0; 0.0; 0.0; 0.0; 0.0; 0.0; 0.0; 0.0; 0.0; 0.0; 0.0; 0.0; 0.0; 0.0; 1.96; 0.93; 4.14; 5.64; 25.0; -25.0; 0.0; 0; 0; 0.0; 0.0; 1; 5.95289247757; 0.753428568321; 1.01987171672; 0; 0; 0; 0; 0.0; 0.0; 0.0; -1.0; 0.0; 0.0; 0.0; 0.0; 0.0; 1.0;0; 0;0; 0; 
27.648291111; 101970; 0.0; 0.0; -0.20116; 0.0; 0.0; 0.0; 0.0; 0.0; 0.0; 0.0; 0.0; 0.0; 0.0; 0.0; 0.0; 0.0; 0.0; 1.96; 0.93; 4.14; 5.64; 25.0; -25.0; 0.0; 0; 0; 0.0; 0.0; 1; 5.95289247757; 0.753428568321; 1.01987171672; 0; 0; 0; 0; 0.0; 0.0; 0.0; -1.0; 0.0; 0.0; 0.0; 0.0; 0.0; 1.0;0; 0;0; 0; 
27.6592161655; 101970; 0.0; 0.0; -0.20103; 0.0; 0.0; 0.0; 0.0; 0.0; 0.0; 0.0; 0.0; 0.0; 0.0; 0.0; 0.0; 0.0; 0.0; 1.96; 0.93; 4.14; 5.64; 25.0; -25.0; 0.0; 0; 0; 0.0; 0.0; 1; 5.95289247757; 0.753428568321; 1.01987171672; 0; 0; 0; 0; 0.0; 0.0; 0.0; -1.0; 0.0; 0.0; 0.0; 0.0; 0.0; 1.0;0; 0;0; 0; 
27.6699681282; 101980; 0.0; 0.0; -0.20096; 0.0; 0.0; 0.0; 0.0; 0.0; 0.0; 0.0; 0.0; 0.0; 0.0; 0.0; 0.0; 0.0; 0.0; 1.96; 0.93; 4.14; 5.64; 25.0; -25.0; 0.0; 0; 0; 0.0; 0.0; 1; 5.95289247757; 0.753428568321; 1.01987171672; 0; 0; 0; 0; 0.0; 0.0; 0.0; -1.0; 0.0; 0.0; 0.0; 0.0; 0.0; 1.0;0; 0;0; 0; 
27.6811630726; 101980; 0.0; 0.0; -0.20095; 0.0; 0.0; 0.0; 0.0; 0.0; 0.0; 0.0; 0.0; 0.0; 0.0; 0.0; 0.0; 0.0; 0.0; 1.96; 0.93; 4.14; 5.64; 25.0; -25.0; 0.0; 0; 0; 0.0; 0.0; 1; 5.95289247757; 0.753428568321; 1.01987171672; 0; 0; 0; 0; 0.0; 0.0; 0.0; -1.0; 0.0; 0.0; 0.0; 0.0; 0.0; 1.0;0; 0;0; 0; 
27.6926109791; 101990; 0.0; 0.0; -0.20096; 0.0; 0.0; 0.0; 0.0; 0.0; 0.0; 0.0; 0.0; 0.0; 0.0; 0.0; 0.0; 0.0; 0.0; 1.96; 0.93; 4.14; 5.64; 25.0; -25.0; 0.0; 0; 0; 0.0; 0.0; 1; 5.95289247757; 0.753428568321; 1.01987171672; 0; 0; 0; 0; 0.0; 0.0; 0.0; -1.0; 0.0; 0.0; 0.0; 0.0; 0.0; 1.0;0; 0;0; 0; 
27.7040400505; 101990; 0.0; 0.0; -0.20099; 0.0; 0.0; 0.0; 0.0; 0.0; 0.0; 0.0; 0.0; 0.0; 0.0; 0.0; 0.0; 0.0; 0.0; 1.96; 0.93; 4.14; 5.64; 25.0; -25.0; 0.0; 0; 0; 0.0; 0.0; 1; 5.95289247757; 0.753428568321; 1.01987171672; 0; 0; 0; 0; 0.0; 0.0; 0.0; -1.0; 0.0; 0.0; 0.0; 0.0; 0.0; 1.0;0; 0;0; 0; 
27.7152299881; 102000; 0.0; 0.0; -0.20102; 0.0; 0.0; 0.0; 0.0; 0.0; 0.0; 0.0; 0.0; 0.0; 0.0; 0.0; 0.0; 0.0; 0.0; 1.96; 0.93; 4.14; 5.64; 25.0; -25.0; 0.0; 0; 0; 0.0; 0.0; 1; 5.95289247757; 0.753428568321; 1.01987171672; 0; 0; 0; 0; 0.0; 0.0; 0.0; -1.0; 0.0; 0.0; 0.0; 0.0; 0.0; 1.0;0; 0;0; 0; 
27.7273881435; 102000; 0.0; 0.0; -0.20109; 0.0; 0.0; 0.0; 0.0; 0.0; 0.0; 0.0; 0.0; 0.0; 0.0; 0.0; 0.0; 0.0; 0.0; 1.96; 0.93; 4.14; 5.64; 25.0; -25.0; 0.0; 0; 0; 0.0; 0.0; 1; 5.97248769502; 0.786051199562; 1.04200466739; 0; 0; 0; 0; 0.0; 0.0; 0.0; -1.0; 0.0; 0.0; 0.0; 0.0; 0.0; 1.0;0; 0;0; 0; 
27.7384331226; 102010; 0.0; 0.0; -0.20115; 0.0; 0.0; 0.0; 0.0; 0.0; 0.0; 0.0; 0.0; 0.0; 0.0; 0.0; 0.0; 0.0; 0.0; 1.96; 0.93; 4.14; 5.64; 25.0; -25.0; 0.0; 0; 0; 0.0; 0.0; 1; 5.97248769502; 0.786051199562; 1.04200466739; 0; 0; 0; 0; 0.0; 0.0; 0.0; -1.0; 0.0; 0.0; 0.0; 0.0; 0.0; 1.0;0; 0;0; 0; 
27.749546051; 102010; 0.0; 0.0; -0.20115; 0.0; 0.0; 0.0; 0.0; 0.0; 0.0; 0.0; 0.0; 0.0; 0.0; 0.0; 0.0; 0.0; 0.0; 1.96; 0.93; 4.14; 5.64; 25.0; -25.0; 0.0; 0; 0; 0.0; 0.0; 1; 5.97248769502; 0.786051199562; 1.04200466739; 0; 0; 0; 0; 0.0; 0.0; 0.0; -1.0; 0.0; 0.0; 0.0; 0.0; 0.0; 1.0;0; 0;0; 0; 
27.7610189915; 102020; 0.0; 0.0; -0.20118; 0.0; 0.0; 0.0; 0.0; 0.0; 0.0; 0.0; 0.0; 0.0; 0.0; 0.0; 0.0; 0.0; 0.0; 1.99; 0.95; 3.46; 2.85; 25.0; -25.0; 0.0; 0; 0; 0.0; 0.0; 1; 5.97248769502; 0.786051199562; 1.04200466739; 0; 0; 0; 0; 0.0; 0.0; 0.0; -1.0; 0.0; 0.0; 0.0; 0.0; 0.0; 1.0;0; 0;0; 0; 
27.7723550797; 102030; 0.0; 0.0; -0.20125; 0.0; 0.0; 0.0; 0.0; 0.0; 0.0; 0.0; 0.0; 0.0; 0.0; 0.0; 0.0; 0.0; 0.0; 1.99; 0.95; 3.46; 2.85; 25.0; -25.0; 0.0; 0; 0; 0.0; 0.0; 1; 5.97248769502; 0.786051199562; 1.04200466739; 0; 0; 0; 0; 0.0; 0.0; 0.0; -1.0; 0.0; 0.0; 0.0; 0.0; 0.0; 1.0;0; 0;0; 0; 
27.7841219902; 102030; 0.0; 0.0; -0.20134; 0.0; 0.0; 0.0; 0.0; 0.0; 0.0; 0.0; 0.0; 0.0; 0.0; 0.0; 0.0; 0.0; 0.0; 1.99; 0.95; 3.46; 2.85; 25.0; -25.0; 0.0; 0; 0; 0.0; 0.0; 1; 5.97248769502; 0.786051199562; 1.04200466739; 0; 0; 0; 0; 0.0; 0.0; 0.0; -1.0; 0.0; 0.0; 0.0; 0.0; 0.0; 1.0;0; 0;0; 0; 
27.7948811054; 102040; 0.0; 0.0; -0.20143; 0.0; 0.0; 0.0; 0.0; 0.0; 0.0; 0.0; 0.0; 0.0; 0.0; 0.0; 0.0; 0.0; 0.0; 1.99; 0.95; 3.46; 2.85; 25.0; -25.0; 0.0; 0; 0; 0.0; 0.0; 1; 5.97248769502; 0.786051199562; 1.04200466739; 0; 0; 0; 0; 0.0; 0.0; 0.0; -1.0; 0.0; 0.0; 0.0; 0.0; 0.0; 1.0;0; 0;0; 0; 
27.805685997; 102040; 0.0; 0.0; -0.20154; 0.0; 0.0; 0.0; 0.0; 0.0; 0.0; 0.0; 0.0; 0.0; 0.0; 0.0; 0.0; 0.0; 0.0; 1.99; 0.95; 3.46; 2.85; 25.0; -25.0; 0.0; 0; 0; 0.0; 0.0; 1; 5.97248769502; 0.786051199562; 1.04200466739; 0; 0; 0; 0; 0.0; 0.0; 0.0; -1.0; 0.0; 0.0; 0.0; 0.0; 0.0; 1.0;0; 0;0; 0; 
27.8166220188; 102050; 0.0; 0.0; -0.20172; 0.0; 0.0; 0.0; 0.0; 0.0; 0.0; 0.0; 0.0; 0.0; 0.0; 0.0; 0.0; 0.0; 0.0; 1.99; 0.95; 3.46; 2.85; 25.0; -25.0; 0.0; 0; 0; 0.0; 0.0; 1; 5.97248769502; 0.786051199562; 1.04200466739; 0; 0; 0; 0; 0.0; 0.0; 0.0; -1.0; 0.0; 0.0; 0.0; 0.0; 0.0; 1.0;0; 0;0; 0; 
27.8276469707; 102050; 0.0; 0.0; -0.20195; 0.0; 0.0; 0.0; 0.0; 0.0; 0.0; 0.0; 0.0; 0.0; 0.0; 0.0; 0.0; 0.0; 0.0; 1.99; 0.95; 3.46; 2.85; 25.0; -25.0; 0.0; 0; 0; 0.0; 0.0; 1; 5.97248769502; 0.786051199562; 1.04200466739; 0; 0; 0; 0; 0.0; 0.0; 0.0; -1.0; 0.0; 0.0; 0.0; 0.0; 0.0; 1.0;0; 0;0; 0; 
27.8383100033; 102060; 0.0; 0.0; -0.20214; 0.0; 0.0; 0.0; 0.0; 0.0; 0.0; 0.0; 0.0; 0.0; 0.0; 0.0; 0.0; 0.0; 0.0; 1.99; 0.95; 3.46; 2.85; 25.0; -25.0; 0.0; 0; 0; 0.0; 0.0; 1; 5.97248769502; 0.786051199562; 1.04200466739; 0; 0; 0; 0; 0.0; 0.0; 0.0; -1.0; 0.0; 0.0; 0.0; 0.0; 0.0; 1.0;0; 0;0; 0; 
27.849697113; 102060; 0.0; 0.0; -0.20232; 0.0; 0.0; 0.0; 0.0; 0.0; 0.0; 0.0; 0.0; 0.0; 0.0; 0.0; 0.0; 0.0; 0.0; 1.99; 0.95; 3.46; 2.85; 25.0; -25.0; 0.0; 0; 0; 0.0; 0.0; 1; 5.97248769502; 0.786051199562; 1.04200466739; 0; 0; 0; 0; 0.0; 0.0; 0.0; -1.0; 0.0; 0.0; 0.0; 0.0; 0.0; 1.0;0; 0;0; 0; 
27.8631961346; 102070; 0.0; 0.0; -0.20252; 0.0; 0.0; 0.0; 0.0; 0.0; 0.0; 0.0; 0.0; 0.0; 0.0; 0.0; 0.0; 0.0; 0.0; 1.99; 0.95; 3.46; 2.85; 25.0; -25.0; 0.0; 0; 0; 0.0; 0.0; 1; 5.97248769502; 0.786051199562; 1.04200466739; 0; 0; 0; 0; 0.0; 0.0; 0.0; -1.0; 0.0; 0.0; 0.0; 0.0; 0.0; 1.0;0; 0;0; 0; 
27.8745989799; 102070; 0.0; 0.0; -0.20276; 0.0; 0.0; 0.0; 0.0; 0.0; 0.0; 0.0; 0.0; 0.0; 0.0; 0.0; 0.0; 0.0; 0.0; 1.99; 0.95; 3.46; 2.85; 25.0; -25.0; 0.0; 0; 0; 0.0; 0.0; 1; 5.97248769502; 0.786051199562; 1.04200466739; 0; 0; 0; 0; 0.0; 0.0; 0.0; -1.0; 0.0; 0.0; 0.0; 0.0; 0.0; 1.0;0; 0;0; 0; 
27.8870899677; 102080; 0.0; 0.0; -0.20308; 0.0; 0.0; 0.0; 0.0; 0.0; 0.0; 0.0; 0.0; 0.0; 0.0; 0.0; 0.0; 0.0; 0.0; 1.99; 0.95; 3.46; 2.85; 25.0; -25.0; 0.0; 0; 0; 0.0; 0.0; 1; 5.97248769502; 0.786051199562; 1.04200466739; 0; 0; 0; 0; 0.0; 0.0; 0.0; -1.0; 0.0; 0.0; 0.0; 0.0; 0.0; 1.0;0; 0;0; 0; 
27.8988161087; 102080; 0.0; 0.0; -0.20348; 0.0; 0.0; 0.0; 0.0; 0.0; 0.0; 0.0; 0.0; 0.0; 0.0; 0.0; 0.0; 0.0; 0.0; 1.99; 0.95; 3.46; 2.85; 25.0; -25.0; 0.0; 0; 0; 0.0; 0.0; 1; 5.97248769502; 0.786051199562; 1.04200466739; 0; 0; 0; 0; 0.0; 0.0; 0.0; -1.0; 0.0; 0.0; 0.0; 0.0; 0.0; 1.0;0; 0;0; 0; 
27.9113521576; 102090; 0.0; 0.0; -0.20405; 0.0; 0.0; 0.0; 0.0; 0.0; 0.0; 0.0; 0.0; 0.0; 0.0; 0.0; 0.0; 0.0; 0.0; 1.99; 0.95; 3.46; 2.85; 25.0; -25.0; 0.0; 0; 0; 0.0; 0.0; 1; 5.97248769502; 0.786051199562; 1.04200466739; 0; 0; 0; 0; 0.0; 0.0; 0.0; -1.0; 0.0; 0.0; 0.0; 0.0; 0.0; 1.0;0; 0;0; 0; 
27.9228200912; 102090; 0.0; 0.0; -0.20481; 0.0; 0.0; 0.0; 0.0; 0.0; 0.0; 0.0; 0.0; 0.0; 0.0; 0.0; 0.0; 0.0; 0.0; 1.99; 0.95; 3.46; 2.85; 25.0; -25.0; 0.0; 0; 0; 0.0; 0.0; 1; 5.97248769502; 0.786051199562; 1.04200466739; 0; 0; 0; 0; 0.0; 0.0; 0.0; -1.0; 0.0; 0.0; 0.0; 0.0; 0.0; 1.0;0; 0;0; 0; 
27.9355361462; 102100; 0.0; 0.0; -0.20576; 0.0; 0.0; 0.0; 0.0; 0.0; 0.0; 0.0; 0.0; 0.0; 0.0; 0.0; 0.0; 0.0; 0.0; 1.99; 0.95; 3.46; 2.85; 25.0; -25.0; 0.0; 0; 0; 0.0; 0.0; 1; 5.97248769502; 0.786051199562; 1.04200466739; 0; 0; 0; 0; 0.0; 0.0; 0.0; -1.0; 0.0; 0.0; 0.0; 0.0; 0.0; 1.0;0; 0;0; 0; 
27.9475162029; 102100; 0.0; 0.0; -0.20688; 0.0; 0.0; 0.0; 0.0; 0.0; 0.0; 0.0; 0.0; 0.0; 0.0; 0.0; 0.0; 0.0; 0.0; 1.99; 0.95; 3.46; 2.85; 25.0; -25.0; 0.0; 0; 0; 0.0; 0.0; 1; 5.97248769502; 0.786051199562; 1.04200466739; 0; 0; 0; 0; 0.0; 0.0; 0.0; -1.0; 0.0; 0.0; 0.0; 0.0; 0.0; 1.0;0; 0;0; 0; 
27.9596030712; 102110; 0.0; 0.0; -0.2081; 0.0; 0.0; 0.0; 0.0; 0.0; 0.0; 0.0; 0.0; 0.0; 0.0; 0.0; 0.0; 0.0; 0.0; 1.99; 0.95; 3.46; 2.85; 25.0; -25.0; 0.0; 0; 0; 0.0; 0.0; 1; 5.99095746706; 0.818380642498; 1.06410935797; 0; 0; 0; 0; 0.0; 0.0; 0.0; -1.0; 0.0; 0.0; 0.0; 0.0; 0.0; 1.0;0; 0;0; 0; 
27.9719421864; 102110; 0.0; 0.0; -0.20944; 0.0; 0.0; 0.0; 0.0; 0.0; 0.0; 0.0; 0.0; 0.0; 0.0; 0.0; 0.0; 0.0; 0.0; 1.99; 0.95; 3.46; 2.85; 25.0; -25.0; 0.0; 0; 0; 0.0; 0.0; 1; 5.99095746706; 0.818380642498; 1.06410935797; 0; 0; 0; 0; 0.0; 0.0; 0.0; -1.0; 0.0; 0.0; 0.0; 0.0; 0.0; 1.0;0; 0;0; 0; 
27.9835231304; 102120; 0.0; 0.0; -0.21082; 0.0; 0.0; 0.0; 0.0; 0.0; 0.0; 0.0; 0.0; 0.0; 0.0; 0.0; 0.0; 0.0; 0.0; 1.99; 0.95; 3.46; 2.85; 25.0; -25.0; 0.0; 0; 0; 0.0; 0.0; 1; 5.99095746706; 0.818380642498; 1.06410935797; 0; 0; 0; 0; 0.0; 0.0; 0.0; -1.0; 0.0; 0.0; 0.0; 0.0; 0.0; 1.0;0; 0;0; 0; 
27.9967169762; 102120; 0.0; 0.0; -0.21225; 0.0; 0.0; 0.0; 0.0; 0.0; 0.0; 0.0; 0.0; 0.0; 0.0; 0.0; 0.0; 0.0; 0.0; 2.01; 0.98; 3.59; 6.09; 25.0; -25.0; 0.0; 0; 0; 0.0; 0.0; 1; 5.99095746706; 0.818380642498; 1.06410935797; 0; 0; 0; 0; 0.0; 0.0; 0.0; -1.0; 0.0; 0.0; 0.0; 0.0; 0.0; 1.0;0; 0;0; 0; 
28.0087590218; 102130; 0.0; 0.0; -0.21376; 0.0; 0.0; 0.0; 0.0; 0.0; 0.0; 0.0; 0.0; 0.0; 0.0; 0.0; 0.0; 0.0; 0.0; 2.01; 0.98; 3.59; 6.09; 25.0; -25.0; 0.0; 0; 0; 0.0; 0.0; 1; 5.99095746706; 0.818380642498; 1.06410935797; 0; 0; 0; 0; 0.0; 0.0; 0.0; -1.0; 0.0; 0.0; 0.0; 0.0; 0.0; 1.0;0; 0;0; 0; 
28.0208921432; 102130; 0.0; 0.0; -0.21538; 0.0; 0.0; 0.0; 0.0; 0.0; 0.0; 0.0; 0.0; 0.0; 0.0; 0.0; 0.0; 0.0; 0.0; 2.01; 0.98; 3.59; 6.09; 25.0; -25.0; 0.0; 0; 0; 0.0; 0.0; 1; 5.99095746706; 0.818380642498; 1.06410935797; 0; 0; 0; 0; 0.0; 0.0; 0.0; -1.0; 0.0; 0.0; 0.0; 0.0; 0.0; 1.0;0; 0;0; 0; 
28.0333991051; 102140; 0.0; 0.0; -0.21717; 0.0; 0.0; 0.0; 0.0; 0.0; 0.0; 0.0; 0.0; 0.0; 0.0; 0.0; 0.0; 0.0; 0.0; 2.01; 0.98; 3.59; 6.09; 25.0; -25.0; 0.0; 0; 0; 0.0; 0.0; 1; 5.99095746706; 0.818380642498; 1.06410935797; 0; 0; 0; 0; 0.0; 0.0; 0.0; -1.0; 0.0; 0.0; 0.0; 0.0; 0.0; 1.0;0; 0;0; 0; 
28.0444931984; 102140; 0.0; 0.0; -0.21913; 0.0; 0.0; 0.0; 0.0; 0.0; 0.0; 0.0; 0.0; 0.0; 0.0; 0.0; 0.0; 0.0; 0.0; 2.01; 0.98; 3.59; 6.09; 25.0; -25.0; 0.0; 0; 0; 0.0; 0.0; 1; 5.99095746706; 0.818380642498; 1.06410935797; 0; 0; 0; 0; 0.0; 0.0; 0.0; -1.0; 0.0; 0.0; 0.0; 0.0; 0.0; 1.0;0; 0;0; 0; 
28.0549871922; 102150; 0.0; 0.0; -0.22121; 0.0; 0.0; 0.0; 0.0; 0.0; 0.0; 0.0; 0.0; 0.0; 0.0; 0.0; 0.0; 0.0; 0.0; 2.01; 0.98; 3.59; 6.09; 25.0; -25.0; 0.0; 0; 0; 0.0; 0.0; 1; 5.99095746706; 0.818380642498; 1.06410935797; 0; 0; 0; 0; 0.0; 0.0; 0.0; -1.0; 0.0; 0.0; 0.0; 0.0; 0.0; 1.0;0; 0;0; 0; 
28.0658230782; 102150; 0.0; 0.0; -0.22335; 0.0; 0.0; 0.0; 0.0; 0.0; 0.0; 0.0; 0.0; 0.0; 0.0; 0.0; 0.0; 0.0; 0.0; 2.01; 0.98; 3.59; 6.09; 25.0; -25.0; 0.0; 0; 0; 0.0; 0.0; 1; 5.99095746706; 0.818380642498; 1.06410935797; 0; 0; 0; 0; 0.0; 0.0; 0.0; -1.0; 0.0; 0.0; 0.0; 0.0; 0.0; 1.0;0; 0;0; 0; 
28.0769460201; 102160; 0.0; 0.0; -0.22541; 0.0; 0.0; 0.0; 0.0; 0.0; 0.0; 0.0; 0.0; 0.0; 0.0; 0.0; 0.0; 0.0; 0.0; 2.01; 0.98; 3.59; 6.09; 25.0; -25.0; 0.0; 0; 0; 0.0; 0.0; 1; 5.99095746706; 0.818380642498; 1.06410935797; 0; 0; 0; 0; 0.0; 0.0; 0.0; -1.0; 0.0; 0.0; 0.0; 0.0; 0.0; 1.0;0; 0;0; 0; 
28.0881450176; 102160; 0.0; 0.0; -0.22724; 0.0; 0.0; 0.0; 0.0; 0.0; 0.0; 0.0; 0.0; 0.0; 0.0; 0.0; 0.0; 0.0; 0.0; 2.01; 0.98; 3.59; 6.09; 25.0; -25.0; 0.0; 0; 0; 0.0; 0.0; 1; 5.99095746706; 0.818380642498; 1.06410935797; 0; 0; 0; 0; 0.0; 0.0; 0.0; -1.0; 0.0; 0.0; 0.0; 0.0; 0.0; 1.0;0; 0;0; 0; 
28.1000921726; 102170; 0.0; 0.0; -0.22873; 0.0; 0.0; 0.0; 0.0; 0.0; 0.0; 0.0; 0.0; 0.0; 0.0; 0.0; 0.0; 0.0; 0.0; 2.01; 0.98; 3.59; 6.09; 25.0; -25.0; 0.0; 0; 0; 0.0; 0.0; 1; 5.99095746706; 0.818380642498; 1.06410935797; 0; 0; 0; 0; 0.0; 0.0; 0.0; -1.0; 0.0; 0.0; 0.0; 0.0; 0.0; 1.0;0; 0;0; 0; 
28.1112179756; 102170; 0.0; 0.0; -0.22978; 0.0; 0.0; 0.0; 0.0; 0.0; 0.0; 0.0; 0.0; 0.0; 0.0; 0.0; 0.0; 0.0; 0.0; 2.01; 0.98; 3.59; 6.09; 25.0; -25.0; 0.0; 0; 0; 0.0; 0.0; 1; 5.99095746706; 0.818380642498; 1.06410935797; 0; 0; 0; 0; 0.0; 0.0; 0.0; -1.0; 0.0; 0.0; 0.0; 0.0; 0.0; 1.0;0; 0;0; 0; 
28.1220440865; 102180; 0.0; 0.0; -0.23035; 0.0; 0.0; 0.0; 0.0; 0.0; 0.0; 0.0; 0.0; 0.0; 0.0; 0.0; 0.0; 0.0; 0.0; 2.01; 0.98; 3.59; 6.09; 25.0; -25.0; 0.0; 0; 0; 0.0; 0.0; 1; 5.99095746706; 0.818380642498; 1.06410935797; 0; 0; 0; 0; 0.0; 0.0; 0.0; -1.0; 0.0; 0.0; 0.0; 0.0; 0.0; 1.0;0; 0;0; 0; 
28.1329231262; 102180; 0.0; 0.0; -0.23042; 0.0; 0.0; 0.0; 0.0; 0.0; 0.0; 0.0; 0.0; 0.0; 0.0; 0.0; 0.0; 0.0; 0.0; 2.01; 0.98; 3.59; 6.09; 25.0; -25.0; 0.0; 0; 0; 0.0; 0.0; 1; 5.99095746706; 0.818380642498; 1.06410935797; 0; 0; 0; 0; 0.0; 0.0; 0.0; -1.0; 0.0; 0.0; 0.0; 0.0; 0.0; 1.0;0; 0;0; 0; 
28.1438121796; 102190; 0.0; 0.0; -0.2301; 0.0; 0.0; 0.0; 0.0; 0.0; 0.0; 0.0; 0.0; 0.0; 0.0; 0.0; 0.0; 0.0; 0.0; 2.01; 0.98; 3.59; 6.09; 25.0; -25.0; 0.0; 0; 0; 0.0; 0.0; 1; 5.99095746706; 0.818380642498; 1.06410935797; 0; 0; 0; 0; 0.0; 0.0; 0.0; -1.0; 0.0; 0.0; 0.0; 0.0; 0.0; 1.0;0; 0;0; 0; 
28.1555960178; 102190; 0.0; 0.0; -0.22948; 0.0; 0.0; 0.0; 0.0; 0.0; 0.0; 0.0; 0.0; 0.0; 0.0; 0.0; 0.0; 0.0; 0.0; 2.01; 0.98; 3.59; 6.09; 25.0; -25.0; 0.0; 0; 0; 0.0; 0.0; 1; 5.99095746706; 0.818380642498; 1.06410935797; 0; 0; 0; 0; 0.0; 0.0; 0.0; -1.0; 0.0; 0.0; 0.0; 0.0; 0.0; 1.0;0; 0;0; 0; 
28.1675331593; 102200; 0.0; 0.0; -0.22864; 0.0; 0.0; 0.0; 0.0; 0.0; 0.0; 0.0; 0.0; 0.0; 0.0; 0.0; 0.0; 0.0; 0.0; 2.01; 0.98; 3.59; 6.09; 25.0; -25.0; 0.0; 0; 0; 0.0; 0.0; 1; 5.99095746706; 0.818380642498; 1.06410935797; 0; 0; 0; 0; 0.0; 0.0; 0.0; -1.0; 0.0; 0.0; 0.0; 0.0; 0.0; 1.0;0; 0;0; 0; 
28.1788511276; 102200; 0.0; 0.0; -0.22769; 0.0; 0.0; 0.0; 0.0; 0.0; 0.0; 0.0; 0.0; 0.0; 0.0; 0.0; 0.0; 0.0; 0.0; 2.01; 0.98; 3.59; 6.09; 25.0; -25.0; 0.0; 0; 0; 0.0; 0.0; 1; 5.99095746706; 0.818380642498; 1.06410935797; 0; 0; 0; 0; 0.0; 0.0; 0.0; -1.0; 0.0; 0.0; 0.0; 0.0; 0.0; 1.0;0; 0;0; 0; 
28.1916530132; 102210; 0.0; 0.0; -0.22669; 0.0; 0.0; 0.0; 0.0; 0.0; 0.0; 0.0; 0.0; 0.0; 0.0; 0.0; 0.0; 0.0; 0.0; 2.01; 0.98; 3.59; 6.09; 25.0; -25.0; 0.0; 0; 0; 0.0; 0.0; 1; 6.00771435226; 0.849332714985; 1.08766233872; 0; 0; 0; 0; 0.0; 0.0; 0.0; -1.0; 0.0; 0.0; 0.0; 0.0; 0.0; 1.0;0; 0;0; 0; 
28.2034990788; 102210; 0.0; 0.0; -0.22567; 0.0; 0.0; 0.0; 0.0; 0.0; 0.0; 0.0; 0.0; 0.0; 0.0; 0.0; 0.0; 0.0; 0.0; 2.01; 0.98; 3.59; 6.09; 25.0; -25.0; 0.0; 0; 0; 0.0; 0.0; 1; 6.00771435226; 0.849332714985; 1.08766233872; 0; 0; 0; 0; 0.0; 0.0; 0.0; -1.0; 0.0; 0.0; 0.0; 0.0; 0.0; 1.0;0; 0;0; 0; 
28.2150771618; 102220; 0.0; 0.0; -0.22467; 0.0; 0.0; 0.0; 0.0; 0.0; 0.0; 0.0; 0.0; 0.0; 0.0; 0.0; 0.0; 0.0; 0.0; 2.01; 0.98; 3.59; 6.09; 25.0; -25.0; 0.0; 0; 0; 0.0; 0.0; 1; 6.00771435226; 0.849332714985; 1.08766233872; 0; 0; 0; 0; 0.0; 0.0; 0.0; -1.0; 0.0; 0.0; 0.0; 0.0; 0.0; 1.0;0; 0;0; 0; 
28.2263929844; 102220; 0.0; 0.0; -0.2237; 0.0; 0.0; 0.0; 0.0; 0.0; 0.0; 0.0; 0.0; 0.0; 0.0; 0.0; 0.0; 0.0; 0.0; 2.01; 0.98; 3.59; 6.09; 25.0; -25.0; 0.0; 0; 0; 0.0; 0.0; 1; 6.00771435226; 0.849332714985; 1.08766233872; 0; 0; 0; 0; 0.0; 0.0; 0.0; -1.0; 0.0; 0.0; 0.0; 0.0; 0.0; 1.0;0; 0;0; 0; 
28.2381651402; 102230; 0.0; 0.0; -0.22277; 0.0; 0.0; 0.0; 0.0; 0.0; 0.0; 0.0; 0.0; 0.0; 0.0; 0.0; 0.0; 0.0; 0.0; 2.01; 0.98; 3.59; 6.09; 25.0; -25.0; 0.0; 0; 0; 0.0; 0.0; 1; 6.00771435226; 0.849332714985; 1.08766233872; 0; 0; 0; 0; 0.0; 0.0; 0.0; -1.0; 0.0; 0.0; 0.0; 0.0; 0.0; 1.0;0; 0;0; 0; 
28.2496240139; 102230; 0.0; 0.0; -0.22184; 0.0; 0.0; 0.0; 0.0; 0.0; 0.0; 0.0; 0.0; 0.0; 0.0; 0.0; 0.0; 0.0; 0.0; 2.01; 0.98; 3.59; 6.09; 25.0; -25.0; 0.0; 0; 0; 0.0; 0.0; 1; 6.00771435226; 0.849332714985; 1.08766233872; 0; 0; 0; 0; 0.0; 0.0; 0.0; -1.0; 0.0; 0.0; 0.0; 0.0; 0.0; 1.0;0; 0;0; 0; 
28.2613589764; 102240; 0.0; 0.0; -0.22084; 0.0; 0.0; 0.0; 0.0; 0.0; 0.0; 0.0; 0.0; 0.0; 0.0; 0.0; 0.0; 0.0; 0.0; 2.01; 0.98; 3.59; 6.09; 25.0; -25.0; 0.0; 0; 0; 0.0; 0.0; 1; 6.00771435226; 0.849332714985; 1.08766233872; 0; 0; 0; 0; 0.0; 0.0; 0.0; -1.0; 0.0; 0.0; 0.0; 0.0; 0.0; 1.0;0; 0;0; 0; 
28.2731711864; 102240; 0.0; 0.0; -0.21979; 0.0; 0.0; 0.0; 0.0; 0.0; 0.0; 0.0; 0.0; 0.0; 0.0; 0.0; 0.0; 0.0; 0.0; 2.01; 0.98; 3.59; 6.09; 25.0; -25.0; 0.0; 0; 0; 0.0; 0.0; 1; 6.00771435226; 0.849332714985; 1.08766233872; 0; 0; 0; 0; 0.0; 0.0; 0.0; -1.0; 0.0; 0.0; 0.0; 0.0; 0.0; 1.0;0; 0;0; 0; 
28.2846770287; 102250; 0.0; 0.0; -0.21864; 0.0; 0.0; 0.0; 0.0; 0.0; 0.0; 0.0; 0.0; 0.0; 0.0; 0.0; 0.0; 0.0; 0.0; 2.01; 0.98; 3.59; 6.09; 25.0; -25.0; 0.0; 0; 0; 0.0; 0.0; 1; 6.00771435226; 0.849332714985; 1.08766233872; 0; 0; 0; 0; 0.0; 0.0; 0.0; -1.0; 0.0; 0.0; 0.0; 0.0; 0.0; 1.0;0; 0;0; 0; 
28.2958769798; 102250; 0.0; 0.0; -0.21733; 0.0; 0.0; 0.0; 0.0; 0.0; 0.0; 0.0; 0.0; 0.0; 0.0; 0.0; 0.0; 0.0; 0.0; 2.01; 0.98; 3.59; 6.09; 25.0; -25.0; 0.0; 0; 0; 0.0; 0.0; 1; 6.00771435226; 0.849332714985; 1.08766233872; 0; 0; 0; 0; 0.0; 0.0; 0.0; -1.0; 0.0; 0.0; 0.0; 0.0; 0.0; 1.0;0; 0;0; 0; 
28.3077921867; 102260; 0.0; 0.0; -0.21584; 0.0; 0.0; 0.0; 0.0; 0.0; 0.0; 0.0; 0.0; 0.0; 0.0; 0.0; 0.0; 0.0; 0.0; 2.01; 0.98; 3.59; 6.09; 25.0; -25.0; 0.0; 0; 0; 0.0; 0.0; 1; 6.00771435226; 0.849332714985; 1.08766233872; 0; 0; 0; 0; 0.0; 0.0; 0.0; -1.0; 0.0; 0.0; 0.0; 0.0; 0.0; 1.0;0; 0;0; 0; 
28.319231987; 102260; 0.0; 0.0; -0.21412; 0.0; 0.0; 0.0; 0.0; 0.0; 0.0; 0.0; 0.0; 0.0; 0.0; 0.0; 0.0; 0.0; 0.0; 2.01; 0.98; 3.59; 6.09; 25.0; -25.0; 0.0; 0; 0; 0.0; 0.0; 1; 6.00771435226; 0.849332714985; 1.08766233872; 0; 0; 0; 0; 0.0; 0.0; 0.0; -1.0; 0.0; 0.0; 0.0; 0.0; 0.0; 1.0;0; 0;0; 0; 
28.3303530216; 102270; 0.0; 0.0; -0.21226; 0.0; 0.0; 0.0; 0.0; 0.0; 0.0; 0.0; 0.0; 0.0; 0.0; 0.0; 0.0; 0.0; 0.0; 2.01; 0.98; 3.59; 6.09; 25.0; -25.0; 0.0; 0; 0; 0.0; 0.0; 1; 6.00771435226; 0.849332714985; 1.08766233872; 0; 0; 0; 0; 0.0; 0.0; 0.0; -1.0; 0.0; 0.0; 0.0; 0.0; 0.0; 1.0;0; 0;0; 0; 
28.3412780762; 102270; 0.0; 0.0; -0.21032; 0.0; 0.0; 0.0; 0.0; 0.0; 0.0; 0.0; 0.0; 0.0; 0.0; 0.0; 0.0; 0.0; 0.0; 2.01; 0.98; 3.59; 6.09; 25.0; -25.0; 0.0; 0; 0; 0.0; 0.0; 1; 6.00771435226; 0.849332714985; 1.08766233872; 0; 0; 0; 0; 0.0; 0.0; 0.0; -1.0; 0.0; 0.0; 0.0; 0.0; 0.0; 1.0;0; 0;0; 0; 
28.3532869816; 102280; 0.0; 0.0; -0.20832; 0.0; 0.0; 0.0; 0.0; 0.0; 0.0; 0.0; 0.0; 0.0; 0.0; 0.0; 0.0; 0.0; 0.0; 2.01; 0.98; 3.59; 6.09; 25.0; -25.0; 0.0; 0; 0; 0.0; 0.0; 1; 6.00771435226; 0.849332714985; 1.08766233872; 0; 0; 0; 0; 0.0; 0.0; 0.0; -1.0; 0.0; 0.0; 0.0; 0.0; 0.0; 1.0;0; 0;0; 0; 
28.3650970459; 102280; 0.0; 0.0; -0.20644; 0.0; 0.0; 0.0; 0.0; 0.0; 0.0; 0.0; 0.0; 0.0; 0.0; 0.0; 0.0; 0.0; 0.0; 2.01; 0.98; 3.59; 6.09; 25.0; -25.0; 0.0; 0; 0; 0.0; 0.0; 1; 6.00771435226; 0.849332714985; 1.08766233872; 0; 0; 0; 0; 0.0; 0.0; 0.0; -1.0; 0.0; 0.0; 0.0; 0.0; 0.0; 1.0;0; 0;0; 0; 
28.3817281723; 102290; 0.0; 0.0; -0.20471; 0.0; 0.0; 0.0; 0.0; 0.0; 0.0; 0.0; 0.0; 0.0; 0.0; 0.0; 0.0; 0.0; 0.0; 2.01; 0.98; 3.59; 6.09; 25.0; -25.0; 0.0; 0; 0; 0.0; 0.0; 1; 6.00771435226; 0.849332714985; 1.08766233872; 0; 0; 0; 0; 0.0; 0.0; 0.0; -1.0; 0.0; 0.0; 0.0; 0.0; 0.0; 1.0;0; 0;0; 0; 
28.3933460712; 102290; 0.0; 0.0; -0.20319; 0.0; 0.0; 0.0; 0.0; 0.0; 0.0; 0.0; 0.0; 0.0; 0.0; 0.0; 0.0; 0.0; 0.0; 2.01; 0.98; 3.59; 6.09; 25.0; -25.0; 0.0; 0; 0; 0.0; 0.0; 1; 6.00771435226; 0.849332714985; 1.08766233872; 0; 0; 0; 0; 0.0; 0.0; 0.0; -1.0; 0.0; 0.0; 0.0; 0.0; 0.0; 1.0;0; 0;0; 0; 
28.4047551155; 102300; 0.0; 0.0; -0.20194; 0.0; 0.0; 0.0; 0.0; 0.0; 0.0; 0.0; 0.0; 0.0; 0.0; 0.0; 0.0; 0.0; 0.0; 2.01; 0.98; 3.59; 6.09; 25.0; -25.0; 0.0; 0; 0; 0.0; 0.0; 1; 6.00771435226; 0.849332714985; 1.08766233872; 0; 0; 0; 0; 0.0; 0.0; 0.0; -1.0; 0.0; 0.0; 0.0; 0.0; 0.0; 1.0;0; 0;0; 0; 
28.4165320396; 102300; 0.0; 0.0; -0.20093; 0.0; 0.0; 0.0; 0.0; 0.0; 0.0; 0.0; 0.0; 0.0; 0.0; 0.0; 0.0; 0.0; 0.0; 2.01; 0.98; 3.59; 6.09; 25.0; -25.0; 0.0; 0; 0; 0.0; 0.0; 1; 6.00771435226; 0.849332714985; 1.08766233872; 0; 0; 0; 0; 0.0; 0.0; 0.0; -1.0; 0.0; 0.0; 0.0; 0.0; 0.0; 1.0;0; 0;0; 0; 
28.4292960167; 102310; 0.0; 0.0; -0.20022; 0.0; 0.0; 0.0; 0.0; 0.0; 0.0; 0.0; 0.0; 0.0; 0.0; 0.0; 0.0; 0.0; 0.0; 2.01; 0.98; 3.59; 6.09; 25.0; -25.0; 0.0; 0; 0; 0.0; 0.0; 1; 6.02473078016; 0.882642426119; 1.11113388992; 0; 0; 0; 0; 0.0; 0.0; 0.0; -1.0; 0.0; 0.0; 0.0; 0.0; 0.0; 1.0;0; 0;0; 0; 
28.4409501553; 102310; 0.0; 0.0; -0.1998; 0.0; 0.0; 0.0; 0.0; 0.0; 0.0; 0.0; 0.0; 0.0; 0.0; 0.0; 0.0; 0.0; 0.0; 2.01; 0.98; 3.59; 6.09; 25.0; -25.0; 0.0; 0; 0; 0.0; 0.0; 1; 6.02473078016; 0.882642426119; 1.11113388992; 0; 0; 0; 0; 0.0; 0.0; 0.0; -1.0; 0.0; 0.0; 0.0; 0.0; 0.0; 1.0;0; 0;0; 0; 
28.4527790546; 102320; 0.0; 0.0; -0.1996; 0.0; 0.0; 0.0; 0.0; 0.0; 0.0; 0.0; 0.0; 0.0; 0.0; 0.0; 0.0; 0.0; 0.0; 2.08; 0.98; 3.72; 6.14; 25.0; -25.0; 0.0; 0; 0; 0.0; 0.0; 1; 6.02473078016; 0.882642426119; 1.11113388992; 0; 0; 0; 0; 0.0; 0.0; 0.0; -1.0; 0.0; 0.0; 0.0; 0.0; 0.0; 1.0;0; 0;0; 0; 
28.4650301933; 102320; 0.0; 0.0; -0.1997; 0.0; 0.0; 0.0; 0.0; 0.0; 0.0; 0.0; 0.0; 0.0; 0.0; 0.0; 0.0; 0.0; 0.0; 2.08; 0.98; 3.72; 6.14; 25.0; -25.0; 0.0; 0; 0; 0.0; 0.0; 1; 6.02473078016; 0.882642426119; 1.11113388992; 0; 0; 0; 0; 0.0; 0.0; 0.0; -1.0; 0.0; 0.0; 0.0; 0.0; 0.0; 1.0;0; 0;0; 0; 
28.4764721394; 102330; 0.0; 0.0; -0.20007; 0.0; 0.0; 0.0; 0.0; 0.0; 0.0; 0.0; 0.0; 0.0; 0.0; 0.0; 0.0; 0.0; 0.0; 2.08; 0.98; 3.72; 6.14; 25.0; -25.0; 0.0; 0; 0; 0.0; 0.0; 1; 6.02473078016; 0.882642426119; 1.11113388992; 0; 0; 0; 0; 0.0; 0.0; 0.0; -1.0; 0.0; 0.0; 0.0; 0.0; 0.0; 1.0;0; 0;0; 0; 
28.4880850315; 102330; 0.0; 0.0; -0.20068; 0.0; 0.0; 0.0; 0.0; 0.0; 0.0; 0.0; 0.0; 0.0; 0.0; 0.0; 0.0; 0.0; 0.0; 2.08; 0.98; 3.72; 6.14; 25.0; -25.0; 0.0; 0; 0; 0.0; 0.0; 1; 6.02473078016; 0.882642426119; 1.11113388992; 0; 0; 0; 0; 0.0; 0.0; 0.0; -1.0; 0.0; 0.0; 0.0; 0.0; 0.0; 1.0;0; 0;0; 0; 
28.4991509914; 102340; 0.0; 0.0; -0.20147; 0.0; 0.0; 0.0; 0.0; 0.0; 0.0; 0.0; 0.0; 0.0; 0.0; 0.0; 0.0; 0.0; 0.0; 2.08; 0.98; 3.72; 6.14; 25.0; -25.0; 0.0; 0; 0; 0.0; 0.0; 1; 6.02473078016; 0.882642426119; 1.11113388992; 0; 0; 0; 0; 0.0; 0.0; 0.0; -1.0; 0.0; 0.0; 0.0; 0.0; 0.0; 1.0;0; 0;0; 0; 
28.5106511116; 102340; 0.0; 0.0; -0.20226; 0.0; 0.0; 0.0; 0.0; 0.0; 0.0; 0.0; 0.0; 0.0; 0.0; 0.0; 0.0; 0.0; 0.0; 2.08; 0.98; 3.72; 6.14; 25.0; -25.0; 0.0; 0; 0; 0.0; 0.0; 1; 6.02473078016; 0.882642426119; 1.11113388992; 0; 0; 0; 0; 0.0; 0.0; 0.0; -1.0; 0.0; 0.0; 0.0; 0.0; 0.0; 1.0;0; 0;0; 0; 
28.5229611397; 102350; 0.0; 0.0; -0.203; 0.0; 0.0; 0.0; 0.0; 0.0; 0.0; 0.0; 0.0; 0.0; 0.0; 0.0; 0.0; 0.0; 0.0; 2.08; 0.98; 3.72; 6.14; 25.0; -25.0; 0.0; 0; 0; 0.0; 0.0; 1; 6.02473078016; 0.882642426119; 1.11113388992; 0; 0; 0; 0; 0.0; 0.0; 0.0; -1.0; 0.0; 0.0; 0.0; 0.0; 0.0; 1.0;0; 0;0; 0; 
28.534733057; 102350; 0.0; 0.0; -0.20362; 0.0; 0.0; 0.0; 0.0; 0.0; 0.0; 0.0; 0.0; 0.0; 0.0; 0.0; 0.0; 0.0; 0.0; 2.08; 0.98; 3.72; 6.14; 25.0; -25.0; 0.0; 0; 0; 0.0; 0.0; 1; 6.02473078016; 0.882642426119; 1.11113388992; 0; 0; 0; 0; 0.0; 0.0; 0.0; -1.0; 0.0; 0.0; 0.0; 0.0; 0.0; 1.0;0; 0;0; 0; 
28.5465312004; 102360; 0.0; 0.0; -0.20399; 0.0; 0.0; 0.0; 0.0; 0.0; 0.0; 0.0; 0.0; 0.0; 0.0; 0.0; 0.0; 0.0; 0.0; 2.08; 0.98; 3.72; 6.14; 25.0; -25.0; 0.0; 0; 0; 0.0; 0.0; 1; 6.02473078016; 0.882642426119; 1.11113388992; 0; 0; 0; 0; 0.0; 0.0; 0.0; -1.0; 0.0; 0.0; 0.0; 0.0; 0.0; 1.0;0; 0;0; 0; 
28.5576131344; 102360; 0.0; 0.0; -0.2041; 0.0; 0.0; 0.0; 0.0; 0.0; 0.0; 0.0; 0.0; 0.0; 0.0; 0.0; 0.0; 0.0; 0.0; 2.08; 0.98; 3.72; 6.14; 25.0; -25.0; 0.0; 0; 0; 0.0; 0.0; 1; 6.02473078016; 0.882642426119; 1.11113388992; 0; 0; 0; 0; 0.0; 0.0; 0.0; -1.0; 0.0; 0.0; 0.0; 0.0; 0.0; 1.0;0; 0;0; 0; 
28.5680911541; 102370; 0.0; 0.0; -0.20391; 0.0; 0.0; 0.0; 0.0; 0.0; 0.0; 0.0; 0.0; 0.0; 0.0; 0.0; 0.0; 0.0; 0.0; 2.08; 0.98; 3.72; 6.14; 25.0; -25.0; 0.0; 0; 0; 0.0; 0.0; 1; 6.02473078016; 0.882642426119; 1.11113388992; 0; 0; 0; 0; 0.0; 0.0; 0.0; -1.0; 0.0; 0.0; 0.0; 0.0; 0.0; 1.0;0; 0;0; 0; 
28.5797140598; 102370; 0.0; 0.0; -0.20343; 0.0; 0.0; 0.0; 0.0; 0.0; 0.0; 0.0; 0.0; 0.0; 0.0; 0.0; 0.0; 0.0; 0.0; 2.08; 0.98; 3.72; 6.14; 25.0; -25.0; 0.0; 0; 0; 0.0; 0.0; 1; 6.02473078016; 0.882642426119; 1.11113388992; 0; 0; 0; 0; 0.0; 0.0; 0.0; -1.0; 0.0; 0.0; 0.0; 0.0; 0.0; 1.0;0; 0;0; 0; 
28.5905971527; 102380; 0.0; 0.0; -0.2027; 0.0; 0.0; 0.0; 0.0; 0.0; 0.0; 0.0; 0.0; 0.0; 0.0; 0.0; 0.0; 0.0; 0.0; 2.08; 0.98; 3.72; 6.14; 25.0; -25.0; 0.0; 0; 0; 0.0; 0.0; 1; 6.02473078016; 0.882642426119; 1.11113388992; 0; 0; 0; 0; 0.0; 0.0; 0.0; -1.0; 0.0; 0.0; 0.0; 0.0; 0.0; 1.0;0; 0;0; 0; 
28.6020829678; 102380; 0.0; 0.0; -0.20168; 0.0; 0.0; 0.0; 0.0; 0.0; 0.0; 0.0; 0.0; 0.0; 0.0; 0.0; 0.0; 0.0; 0.0; 2.08; 0.98; 3.72; 6.14; 25.0; -25.0; 0.0; 0; 0; 0.0; 0.0; 1; 6.02473078016; 0.882642426119; 1.11113388992; 0; 0; 0; 0; 0.0; 0.0; 0.0; -1.0; 0.0; 0.0; 0.0; 0.0; 0.0; 1.0;0; 0;0; 0; 
28.6131551266; 102390; 0.0; 0.0; -0.20042; 0.0; 0.0; 0.0; 0.0; 0.0; 0.0; 0.0; 0.0; 0.0; 0.0; 0.0; 0.0; 0.0; 0.0; 2.08; 0.98; 3.72; 6.14; 25.0; -25.0; 0.0; 0; 0; 0.0; 0.0; 1; 6.02473078016; 0.882642426119; 1.11113388992; 0; 0; 0; 0; 0.0; 0.0; 0.0; -1.0; 0.0; 0.0; 0.0; 0.0; 0.0; 1.0;0; 0;0; 0; 
28.6246399879; 102390; 0.0; 0.0; -0.19892; 0.0; 0.0; 0.0; 0.0; 0.0; 0.0; 0.0; 0.0; 0.0; 0.0; 0.0; 0.0; 0.0; 0.0; 2.08; 0.98; 3.72; 6.14; 25.0; -25.0; 0.0; 0; 0; 0.0; 0.0; 1; 6.02473078016; 0.882642426119; 1.11113388992; 0; 0; 0; 0; 0.0; 0.0; 0.0; -1.0; 0.0; 0.0; 0.0; 0.0; 0.0; 1.0;0; 0;0; 0; 
28.6363852024; 102400; 0.0; 0.0; -0.19721; 0.0; 0.0; 0.0; 0.0; 0.0; 0.0; 0.0; 0.0; 0.0; 0.0; 0.0; 0.0; 0.0; 0.0; 2.08; 0.98; 3.72; 6.14; 25.0; -25.0; 0.0; 0; 0; 0.0; 0.0; 1; 6.02473078016; 0.882642426119; 1.11113388992; 0; 0; 0; 0; 0.0; 0.0; 0.0; -1.0; 0.0; 0.0; 0.0; 0.0; 0.0; 1.0;0; 0;0; 0; 
28.6480619907; 102400; 0.0; 0.0; -0.1954; 0.0; 0.0; 0.0; 0.0; 0.0; 0.0; 0.0; 0.0; 0.0; 0.0; 0.0; 0.0; 0.0; 0.0; 2.08; 0.98; 3.72; 6.14; 25.0; -25.0; 0.0; 0; 0; 0.0; 0.0; 1; 6.02473078016; 0.882642426119; 1.11113388992; 0; 0; 0; 0; 0.0; 0.0; 0.0; -1.0; 0.0; 0.0; 0.0; 0.0; 0.0; 1.0;0; 0;0; 0; 
28.6590750217; 102410; 0.0; 0.0; -0.19354; 0.0; 0.0; 0.0; 0.0; 0.0; 0.0; 0.0; 0.0; 0.0; 0.0; 0.0; 0.0; 0.0; 0.0; 2.08; 0.98; 3.72; 6.14; 25.0; -25.0; 0.0; 0; 0; 0.0; 0.0; 1; 6.04159347499; 0.917583488556; 1.13333600344; 0; 0; 0; 0; 0.0; 0.0; 0.0; -1.0; 0.0; 0.0; 0.0; 0.0; 0.0; 1.0;0; 0;0; 0; 
28.6697771549; 102410; 0.0; 0.0; -0.1917; 0.0; 0.0; 0.0; 0.0; 0.0; 0.0; 0.0; 0.0; 0.0; 0.0; 0.0; 0.0; 0.0; 0.0; 2.08; 0.98; 3.72; 6.14; 25.0; -25.0; 0.0; 0; 0; 0.0; 0.0; 1; 6.04159347499; 0.917583488556; 1.13333600344; 0; 0; 0; 0; 0.0; 0.0; 0.0; -1.0; 0.0; 0.0; 0.0; 0.0; 0.0; 1.0;0; 0;0; 0; 
28.6811671257; 102420; 0.0; 0.0; -0.18998; 0.0; 0.0; 0.0; 0.0; 0.0; 0.0; 0.0; 0.0; 0.0; 0.0; 0.0; 0.0; 0.0; 0.0; 2.08; 0.98; 3.04; 6.13; 25.0; -25.0; 0.0; 0; 0; 0.0; 0.0; 1; 6.04159347499; 0.917583488556; 1.13333600344; 0; 0; 0; 0; 0.0; 0.0; 0.0; -1.0; 0.0; 0.0; 0.0; 0.0; 0.0; 1.0;0; 0;0; 0; 
28.6923081875; 102420; 0.0; 0.0; -0.18849; 0.0; 0.0; 0.0; 0.0; 0.0; 0.0; 0.0; 0.0; 0.0; 0.0; 0.0; 0.0; 0.0; 0.0; 2.08; 0.98; 3.04; 6.13; 25.0; -25.0; 0.0; 0; 0; 0.0; 0.0; 1; 6.04159347499; 0.917583488556; 1.13333600344; 0; 0; 0; 0; 0.0; 0.0; 0.0; -1.0; 0.0; 0.0; 0.0; 0.0; 0.0; 1.0;0; 0;0; 0; 
28.7038240433; 102430; 0.0; 0.0; -0.18733; 0.0; 0.0; 0.0; 0.0; 0.0; 0.0; 0.0; 0.0; 0.0; 0.0; 0.0; 0.0; 0.0; 0.0; 2.08; 0.98; 3.04; 6.13; 25.0; -25.0; 0.0; 0; 0; 0.0; 0.0; 1; 6.04159347499; 0.917583488556; 1.13333600344; 0; 0; 0; 0; 0.0; 0.0; 0.0; -1.0; 0.0; 0.0; 0.0; 0.0; 0.0; 1.0;0; 0;0; 0; 
28.7148270607; 102430; 0.0; 0.0; -0.1865; 0.0; 0.0; 0.0; 0.0; 0.0; 0.0; 0.0; 0.0; 0.0; 0.0; 0.0; 0.0; 0.0; 0.0; 2.08; 0.98; 3.04; 6.13; 25.0; -25.0; 0.0; 0; 0; 0.0; 0.0; 1; 6.04159347499; 0.917583488556; 1.13333600344; 0; 0; 0; 0; 0.0; 0.0; 0.0; -1.0; 0.0; 0.0; 0.0; 0.0; 0.0; 1.0;0; 0;0; 0; 
28.726031065; 102440; 0.0; 0.0; -0.18597; 0.0; 0.0; 0.0; 0.0; 0.0; 0.0; 0.0; 0.0; 0.0; 0.0; 0.0; 0.0; 0.0; 0.0; 2.08; 0.98; 3.04; 6.13; 25.0; -25.0; 0.0; 0; 0; 0.0; 0.0; 1; 6.04159347499; 0.917583488556; 1.13333600344; 0; 0; 0; 0; 0.0; 0.0; 0.0; -1.0; 0.0; 0.0; 0.0; 0.0; 0.0; 1.0;0; 0;0; 0; 
28.7372879982; 102440; 0.0; 0.0; -0.18573; 0.0; 0.0; 0.0; 0.0; 0.0; 0.0; 0.0; 0.0; 0.0; 0.0; 0.0; 0.0; 0.0; 0.0; 2.08; 0.98; 3.04; 6.13; 25.0; -25.0; 0.0; 0; 0; 0.0; 0.0; 1; 6.04159347499; 0.917583488556; 1.13333600344; 0; 0; 0; 0; 0.0; 0.0; 0.0; -1.0; 0.0; 0.0; 0.0; 0.0; 0.0; 1.0;0; 0;0; 0; 
28.7492511272; 102450; 0.0; 0.0; -0.18577; 0.0; 0.0; 0.0; 0.0; 0.0; 0.0; 0.0; 0.0; 0.0; 0.0; 0.0; 0.0; 0.0; 0.0; 2.08; 0.98; 3.04; 6.13; 25.0; -25.0; 0.0; 0; 0; 0.0; 0.0; 1; 6.04159347499; 0.917583488556; 1.13333600344; 0; 0; 0; 0; 0.0; 0.0; 0.0; -1.0; 0.0; 0.0; 0.0; 0.0; 0.0; 1.0;0; 0;0; 0; 
28.7601959705; 102450; 0.0; 0.0; -0.18598; 0.0; 0.0; 0.0; 0.0; 0.0; 0.0; 0.0; 0.0; 0.0; 0.0; 0.0; 0.0; 0.0; 0.0; 2.08; 0.98; 3.04; 6.13; 25.0; -25.0; 0.0; 0; 0; 0.0; 0.0; 1; 6.04159347499; 0.917583488556; 1.13333600344; 0; 0; 0; 0; 0.0; 0.0; 0.0; -1.0; 0.0; 0.0; 0.0; 0.0; 0.0; 1.0;0; 0;0; 0; 
28.7716121674; 102460; 0.0; 0.0; -0.18625; 0.0; 0.0; 0.0; 0.0; 0.0; 0.0; 0.0; 0.0; 0.0; 0.0; 0.0; 0.0; 0.0; 0.0; 2.08; 0.98; 3.04; 6.13; 25.0; -25.0; 0.0; 0; 0; 0.0; 0.0; 1; 6.04159347499; 0.917583488556; 1.13333600344; 0; 0; 0; 0; 0.0; 0.0; 0.0; -1.0; 0.0; 0.0; 0.0; 0.0; 0.0; 1.0;0; 0;0; 0; 
28.7827451229; 102460; 0.0; 0.0; -0.18652; 0.0; 0.0; 0.0; 0.0; 0.0; 0.0; 0.0; 0.0; 0.0; 0.0; 0.0; 0.0; 0.0; 0.0; 2.08; 0.98; 3.04; 6.13; 25.0; -25.0; 0.0; 0; 0; 0.0; 0.0; 1; 6.04159347499; 0.917583488556; 1.13333600344; 0; 0; 0; 0; 0.0; 0.0; 0.0; -1.0; 0.0; 0.0; 0.0; 0.0; 0.0; 1.0;0; 0;0; 0; 
28.7936601639; 102470; 0.0; 0.0; -0.18679; 0.0; 0.0; 0.0; 0.0; 0.0; 0.0; 0.0; 0.0; 0.0; 0.0; 0.0; 0.0; 0.0; 0.0; 2.08; 0.98; 3.04; 6.13; 25.0; -25.0; 0.0; 0; 0; 0.0; 0.0; 1; 6.04159347499; 0.917583488556; 1.13333600344; 0; 0; 0; 0; 0.0; 0.0; 0.0; -1.0; 0.0; 0.0; 0.0; 0.0; 0.0; 1.0;0; 0;0; 0; 
28.8052091599; 102470; 0.0; 0.0; -0.18705; 0.0; 0.0; 0.0; 0.0; 0.0; 0.0; 0.0; 0.0; 0.0; 0.0; 0.0; 0.0; 0.0; 0.0; 2.08; 0.98; 3.04; 6.13; 25.0; -25.0; 0.0; 0; 0; 0.0; 0.0; 1; 6.04159347499; 0.917583488556; 1.13333600344; 0; 0; 0; 0; 0.0; 0.0; 0.0; -1.0; 0.0; 0.0; 0.0; 0.0; 0.0; 1.0;0; 0;0; 0; 
28.8165199757; 102480; 0.0; 0.0; -0.18721; 0.0; 0.0; 0.0; 0.0; 0.0; 0.0; 0.0; 0.0; 0.0; 0.0; 0.0; 0.0; 0.0; 0.0; 2.08; 0.98; 3.04; 6.13; 25.0; -25.0; 0.0; 0; 0; 0.0; 0.0; 1; 6.04159347499; 0.917583488556; 1.13333600344; 0; 0; 0; 0; 0.0; 0.0; 0.0; -1.0; 0.0; 0.0; 0.0; 0.0; 0.0; 1.0;0; 0;0; 0; 
28.8280639648; 102480; 0.0; 0.0; -0.1873; 0.0; 0.0; 0.0; 0.0; 0.0; 0.0; 0.0; 0.0; 0.0; 0.0; 0.0; 0.0; 0.0; 0.0; 2.08; 0.98; 3.04; 6.13; 25.0; -25.0; 0.0; 0; 0; 0.0; 0.0; 1; 6.04159347499; 0.917583488556; 1.13333600344; 0; 0; 0; 0; 0.0; 0.0; 0.0; -1.0; 0.0; 0.0; 0.0; 0.0; 0.0; 1.0;0; 0;0; 0; 
28.839646101; 102490; 0.0; 0.0; -0.18732; 0.0; 0.0; 0.0; 0.0; 0.0; 0.0; 0.0; 0.0; 0.0; 0.0; 0.0; 0.0; 0.0; 0.0; 2.08; 0.98; 3.04; 6.13; 25.0; -25.0; 0.0; 0; 0; 0.0; 0.0; 1; 6.04159347499; 0.917583488556; 1.13333600344; 0; 0; 0; 0; 0.0; 0.0; 0.0; -1.0; 0.0; 0.0; 0.0; 0.0; 0.0; 1.0;0; 0;0; 0; 
28.8515431881; 102490; 0.0; 0.0; -0.18728; 0.0; 0.0; 0.0; 0.0; 0.0; 0.0; 0.0; 0.0; 0.0; 0.0; 0.0; 0.0; 0.0; 0.0; 2.08; 0.98; 3.04; 6.13; 25.0; -25.0; 0.0; 0; 0; 0.0; 0.0; 1; 6.04159347499; 0.917583488556; 1.13333600344; 0; 0; 0; 0; 0.0; 0.0; 0.0; -1.0; 0.0; 0.0; 0.0; 0.0; 0.0; 1.0;0; 0;0; 0; 
28.8635070324; 102500; 0.0; 0.0; -0.18712; 0.0; 0.0; 0.0; 0.0; 0.0; 0.0; 0.0; 0.0; 0.0; 0.0; 0.0; 0.0; 0.0; 0.0; 2.08; 0.98; 3.04; 6.13; 25.0; -25.0; 0.0; 0; 0; 0.0; 0.0; 1; 6.04159347499; 0.917583488556; 1.13333600344; 0; 0; 0; 0; 0.0; 0.0; 0.0; -1.0; 0.0; 0.0; 0.0; 0.0; 0.0; 1.0;0; 0;0; 0; 
28.874835968; 102500; 0.0; 0.0; -0.1868; 0.0; 0.0; 0.0; 0.0; 0.0; 0.0; 0.0; 0.0; 0.0; 0.0; 0.0; 0.0; 0.0; 0.0; 2.08; 0.98; 3.04; 6.13; 25.0; -25.0; 0.0; 0; 0; 0.0; 0.0; 1; 6.04159347499; 0.917583488556; 1.13333600344; 0; 0; 0; 0; 0.0; 0.0; 0.0; -1.0; 0.0; 0.0; 0.0; 0.0; 0.0; 1.0;0; 0;0; 0; 
28.8865070343; 102510; 0.0; 0.0; -0.18637; 0.0; 0.0; 0.0; 0.0; 0.0; 0.0; 0.0; 0.0; 0.0; 0.0; 0.0; 0.0; 0.0; 0.0; 2.08; 0.98; 3.04; 6.13; 25.0; -25.0; 0.0; 0; 0; 0.0; 0.0; 1; 6.05792622449; 0.953389593526; 1.15438331501; 0; 0; 0; 0; 0.0; 0.0; 0.0; -1.0; 0.0; 0.0; 0.0; 0.0; 0.0; 1.0;0; 0;0; 0; 
28.8978290558; 102510; 0.0; 0.0; -0.18578; 0.0; 0.0; 0.0; 0.0; 0.0; 0.0; 0.0; 0.0; 0.0; 0.0; 0.0; 0.0; 0.0; 0.0; 2.08; 0.98; 3.04; 6.13; 25.0; -25.0; 0.0; 0; 0; 0.0; 0.0; 1; 6.05792622449; 0.953389593526; 1.15438331501; 0; 0; 0; 0; 0.0; 0.0; 0.0; -1.0; 0.0; 0.0; 0.0; 0.0; 0.0; 1.0;0; 0;0; 0; 
28.9091610909; 102520; 0.0; 0.0; -0.18505; 0.0; 0.0; 0.0; 0.0; 0.0; 0.0; 0.0; 0.0; 0.0; 0.0; 0.0; 0.0; 0.0; 0.0; 2.01; 1.0; 4.77; 5.19; 25.0; -25.0; 0.0; 0; 0; 0.0; 0.0; 1; 6.05792622449; 0.953389593526; 1.15438331501; 0; 0; 0; 0; 0.0; 0.0; 0.0; -1.0; 0.0; 0.0; 0.0; 0.0; 0.0; 1.0;0; 0;0; 0; 
28.9211421013; 102520; 0.0; 0.0; -0.18422; 0.0; 0.0; 0.0; 0.0; 0.0; 0.0; 0.0; 0.0; 0.0; 0.0; 0.0; 0.0; 0.0; 0.0; 2.01; 1.0; 4.77; 5.19; 25.0; -25.0; 0.0; 0; 0; 0.0; 0.0; 1; 6.05792622449; 0.953389593526; 1.15438331501; 0; 0; 0; 0; 0.0; 0.0; 0.0; -1.0; 0.0; 0.0; 0.0; 0.0; 0.0; 1.0;0; 0;0; 0; 
28.9330730438; 102530; 0.0; 0.0; -0.18331; 0.0; 0.0; 0.0; 0.0; 0.0; 0.0; 0.0; 0.0; 0.0; 0.0; 0.0; 0.0; 0.0; 0.0; 2.01; 1.0; 4.77; 5.19; 25.0; -25.0; 0.0; 0; 0; 0.0; 0.0; 1; 6.05792622449; 0.953389593526; 1.15438331501; 0; 0; 0; 0; 0.0; 0.0; 0.0; -1.0; 0.0; 0.0; 0.0; 0.0; 0.0; 1.0;0; 0;0; 0; 
28.9441971779; 102530; 0.0; 0.0; -0.18236; 0.0; 0.0; 0.0; 0.0; 0.0; 0.0; 0.0; 0.0; 0.0; 0.0; 0.0; 0.0; 0.0; 0.0; 2.01; 1.0; 4.77; 5.19; 25.0; -25.0; 0.0; 0; 0; 0.0; 0.0; 1; 6.05792622449; 0.953389593526; 1.15438331501; 0; 0; 0; 0; 0.0; 0.0; 0.0; -1.0; 0.0; 0.0; 0.0; 0.0; 0.0; 1.0;0; 0;0; 0; 
28.9558911324; 102540; 0.0; 0.0; -0.18136; 0.0; 0.0; 0.0; 0.0; 0.0; 0.0; 0.0; 0.0; 0.0; 0.0; 0.0; 0.0; 0.0; 0.0; 2.01; 1.0; 4.77; 5.19; 25.0; -25.0; 0.0; 0; 0; 0.0; 0.0; 1; 6.05792622449; 0.953389593526; 1.15438331501; 0; 0; 0; 0; 0.0; 0.0; 0.0; -1.0; 0.0; 0.0; 0.0; 0.0; 0.0; 1.0;0; 0;0; 0; 
28.966971159; 102540; 0.0; 0.0; -0.18044; 0.0; 0.0; 0.0; 0.0; 0.0; 0.0; 0.0; 0.0; 0.0; 0.0; 0.0; 0.0; 0.0; 0.0; 2.01; 1.0; 4.77; 5.19; 25.0; -25.0; 0.0; 0; 0; 0.0; 0.0; 1; 6.05792622449; 0.953389593526; 1.15438331501; 0; 0; 0; 0; 0.0; 0.0; 0.0; -1.0; 0.0; 0.0; 0.0; 0.0; 0.0; 1.0;0; 0;0; 0; 
28.978741169; 102550; 0.0; 0.0; -0.17963; 0.0; 0.0; 0.0; 0.0; 0.0; 0.0; 0.0; 0.0; 0.0; 0.0; 0.0; 0.0; 0.0; 0.0; 2.01; 1.0; 4.77; 5.19; 25.0; -25.0; 0.0; 0; 0; 0.0; 0.0; 1; 6.05792622449; 0.953389593526; 1.15438331501; 0; 0; 0; 0; 0.0; 0.0; 0.0; -1.0; 0.0; 0.0; 0.0; 0.0; 0.0; 1.0;0; 0;0; 0; 
28.9912621975; 102550; 0.0; 0.0; -0.17897; 0.0; 0.0; 0.0; 0.0; 0.0; 0.0; 0.0; 0.0; 0.0; 0.0; 0.0; 0.0; 0.0; 0.0; 2.01; 1.0; 4.77; 5.19; 25.0; -25.0; 0.0; 0; 0; 0.0; 0.0; 1; 6.05792622449; 0.953389593526; 1.15438331501; 0; 0; 0; 0; 0.0; 0.0; 0.0; -1.0; 0.0; 0.0; 0.0; 0.0; 0.0; 1.0;0; 0;0; 0; 
29.0028631687; 102560; 0.0; 0.0; -0.17843; 0.0; 0.0; 0.0; 0.0; 0.0; 0.0; 0.0; 0.0; 0.0; 0.0; 0.0; 0.0; 0.0; 0.0; 2.01; 1.0; 4.77; 5.19; 25.0; -25.0; 0.0; 0; 0; 0.0; 0.0; 1; 6.05792622449; 0.953389593526; 1.15438331501; 0; 0; 0; 0; 0.0; 0.0; 0.0; -1.0; 0.0; 0.0; 0.0; 0.0; 0.0; 1.0;0; 0;0; 0; 
29.0137059689; 102560; 0.0; 0.0; -0.17801; 0.0; 0.0; 0.0; 0.0; 0.0; 0.0; 0.0; 0.0; 0.0; 0.0; 0.0; 0.0; 0.0; 0.0; 2.01; 1.0; 4.77; 5.19; 25.0; -25.0; 0.0; 0; 0; 0.0; 0.0; 1; 6.05792622449; 0.953389593526; 1.15438331501; 0; 0; 0; 0; 0.0; 0.0; 0.0; -1.0; 0.0; 0.0; 0.0; 0.0; 0.0; 1.0;0; 0;0; 0; 
29.0246150494; 102570; 0.0; 0.0; -0.17778; 0.0; 0.0; 0.0; 0.0; 0.0; 0.0; 0.0; 0.0; 0.0; 0.0; 0.0; 0.0; 0.0; 0.0; 2.01; 1.0; 4.77; 5.19; 25.0; -25.0; 0.0; 0; 0; 0.0; 0.0; 1; 6.05792622449; 0.953389593526; 1.15438331501; 0; 0; 0; 0; 0.0; 0.0; 0.0; -1.0; 0.0; 0.0; 0.0; 0.0; 0.0; 1.0;0; 0;0; 0; 
29.0366461277; 102570; 0.0; 0.0; -0.17774; 0.0; 0.0; 0.0; 0.0; 0.0; 0.0; 0.0; 0.0; 0.0; 0.0; 0.0; 0.0; 0.0; 0.0; 2.01; 1.0; 4.77; 5.19; 25.0; -25.0; 0.0; 0; 0; 0.0; 0.0; 1; 6.05792622449; 0.953389593526; 1.15438331501; 0; 0; 0; 0; 0.0; 0.0; 0.0; -1.0; 0.0; 0.0; 0.0; 0.0; 0.0; 1.0;0; 0;0; 0; 
29.048317194; 102580; 0.0; 0.0; -0.17784; 0.0; 0.0; 0.0; 0.0; 0.0; 0.0; 0.0; 0.0; 0.0; 0.0; 0.0; 0.0; 0.0; 0.0; 2.01; 1.0; 4.77; 5.19; 25.0; -25.0; 0.0; 0; 0; 0.0; 0.0; 1; 6.05792622449; 0.953389593526; 1.15438331501; 0; 0; 0; 0; 0.0; 0.0; 0.0; -1.0; 0.0; 0.0; 0.0; 0.0; 0.0; 1.0;0; 0;0; 0; 
29.0600180626; 102580; 0.0; 0.0; -0.17808; 0.0; 0.0; 0.0; 0.0; 0.0; 0.0; 0.0; 0.0; 0.0; 0.0; 0.0; 0.0; 0.0; 0.0; 2.01; 1.0; 4.77; 5.19; 25.0; -25.0; 0.0; 0; 0; 0.0; 0.0; 1; 6.05792622449; 0.953389593526; 1.15438331501; 0; 0; 0; 0; 0.0; 0.0; 0.0; -1.0; 0.0; 0.0; 0.0; 0.0; 0.0; 1.0;0; 0;0; 0; 
29.0714261532; 102590; 0.0; 0.0; -0.17848; 0.0; 0.0; 0.0; 0.0; 0.0; 0.0; 0.0; 0.0; 0.0; 0.0; 0.0; 0.0; 0.0; 0.0; 2.01; 1.0; 4.77; 5.19; 25.0; -25.0; 0.0; 0; 0; 0.0; 0.0; 1; 6.05792622449; 0.953389593526; 1.15438331501; 0; 0; 0; 0; 0.0; 0.0; 0.0; -1.0; 0.0; 0.0; 0.0; 0.0; 0.0; 1.0;0; 0;0; 0; 
29.0823700428; 102590; 0.0; 0.0; -0.17898; 0.0; 0.0; 0.0; 0.0; 0.0; 0.0; 0.0; 0.0; 0.0; 0.0; 0.0; 0.0; 0.0; 0.0; 2.01; 1.0; 4.77; 5.19; 25.0; -25.0; 0.0; 0; 0; 0.0; 0.0; 1; 6.05792622449; 0.953389593526; 1.15438331501; 0; 0; 0; 0; 0.0; 0.0; 0.0; -1.0; 0.0; 0.0; 0.0; 0.0; 0.0; 1.0;0; 0;0; 0; 
29.0941390991; 102600; 0.0; 0.0; -0.17954; 0.0; 0.0; 0.0; 0.0; 0.0; 0.0; 0.0; 0.0; 0.0; 0.0; 0.0; 0.0; 0.0; 0.0; 2.01; 1.0; 4.77; 5.19; 25.0; -25.0; 0.0; 0; 0; 0.0; 0.0; 1; 6.05792622449; 0.953389593526; 1.15438331501; 0; 0; 0; 0; 0.0; 0.0; 0.0; -1.0; 0.0; 0.0; 0.0; 0.0; 0.0; 1.0;0; 0;0; 0; 
29.1053700447; 102600; 0.0; 0.0; -0.18006; 0.0; 0.0; 0.0; 0.0; 0.0; 0.0; 0.0; 0.0; 0.0; 0.0; 0.0; 0.0; 0.0; 0.0; 2.01; 1.0; 4.77; 5.19; 25.0; -25.0; 0.0; 0; 0; 0.0; 0.0; 1; 6.05792622449; 0.953389593526; 1.15438331501; 0; 0; 0; 0; 0.0; 0.0; 0.0; -1.0; 0.0; 0.0; 0.0; 0.0; 0.0; 1.0;0; 0;0; 0; 
29.1163790226; 102610; 0.0; 0.0; -0.18042; 0.0; 0.0; 0.0; 0.0; 0.0; 0.0; 0.0; 0.0; 0.0; 0.0; 0.0; 0.0; 0.0; 0.0; 2.01; 1.0; 4.77; 5.19; 25.0; -25.0; 0.0; 0; 0; 0.0; 0.0; 1; 6.07353776629; 0.989593482498; 1.1747961985; 0; 0; 0; 0; 0.0; 0.0; 0.0; -1.0; 0.0; 0.0; 0.0; 0.0; 0.0; 1.0;0; 0;0; 0; 
29.1276099682; 102610; 0.0; 0.0; -0.18066; 0.0; 0.0; 0.0; 0.0; 0.0; 0.0; 0.0; 0.0; 0.0; 0.0; 0.0; 0.0; 0.0; 0.0; 2.01; 1.0; 4.77; 5.19; 25.0; -25.0; 0.0; 0; 0; 0.0; 0.0; 1; 6.07353776629; 0.989593482498; 1.1747961985; 0; 0; 0; 0; 0.0; 0.0; 0.0; -1.0; 0.0; 0.0; 0.0; 0.0; 0.0; 1.0;0; 0;0; 0; 
29.138666153; 102620; 0.0; 0.0; -0.1807; 0.0; 0.0; 0.0; 0.0; 0.0; 0.0; 0.0; 0.0; 0.0; 0.0; 0.0; 0.0; 0.0; 0.0; 1.89; 1.0; 4.74; 5.08; 25.0; -25.0; 0.0; 0; 0; 0.0; 0.0; 1; 6.07353776629; 0.989593482498; 1.1747961985; 0; 0; 0; 0; 0.0; 0.0; 0.0; -1.0; 0.0; 0.0; 0.0; 0.0; 0.0; 1.0;0; 0;0; 0; 
29.1503930092; 102620; 0.0; 0.0; -0.18056; 0.0; 0.0; 0.0; 0.0; 0.0; 0.0; 0.0; 0.0; 0.0; 0.0; 0.0; 0.0; 0.0; 0.0; 1.89; 1.0; 4.74; 5.08; 25.0; -25.0; 0.0; 0; 0; 0.0; 0.0; 1; 6.07353776629; 0.989593482498; 1.1747961985; 0; 0; 0; 0; 0.0; 0.0; 0.0; -1.0; 0.0; 0.0; 0.0; 0.0; 0.0; 1.0;0; 0;0; 0; 
29.1609690189; 102630; 0.0; 0.0; -0.18029; 0.0; 0.0; 0.0; 0.0; 0.0; 0.0; 0.0; 0.0; 0.0; 0.0; 0.0; 0.0; 0.0; 0.0; 1.89; 1.0; 4.74; 5.08; 25.0; -25.0; 0.0; 0; 0; 0.0; 0.0; 1; 6.07353776629; 0.989593482498; 1.1747961985; 0; 0; 0; 0; 0.0; 0.0; 0.0; -1.0; 0.0; 0.0; 0.0; 0.0; 0.0; 1.0;0; 0;0; 0; 
29.1729850769; 102630; 0.0; 0.0; -0.17986; 0.0; 0.0; 0.0; 0.0; 0.0; 0.0; 0.0; 0.0; 0.0; 0.0; 0.0; 0.0; 0.0; 0.0; 1.89; 1.0; 4.74; 5.08; 25.0; -25.0; 0.0; 0; 0; 0.0; 0.0; 1; 6.07353776629; 0.989593482498; 1.1747961985; 0; 0; 0; 0; 0.0; 0.0; 0.0; -1.0; 0.0; 0.0; 0.0; 0.0; 0.0; 1.0;0; 0;0; 0; 
29.1842651367; 102640; 0.0; 0.0; -0.17931; 0.0; 0.0; 0.0; 0.0; 0.0; 0.0; 0.0; 0.0; 0.0; 0.0; 0.0; 0.0; 0.0; 0.0; 1.89; 1.0; 4.74; 5.08; 25.0; -25.0; 0.0; 0; 0; 0.0; 0.0; 1; 6.07353776629; 0.989593482498; 1.1747961985; 0; 0; 0; 0; 0.0; 0.0; 0.0; -1.0; 0.0; 0.0; 0.0; 0.0; 0.0; 1.0;0; 0;0; 0; 
29.1963400841; 102640; 0.0; 0.0; -0.17867; 0.0; 0.0; 0.0; 0.0; 0.0; 0.0; 0.0; 0.0; 0.0; 0.0; 0.0; 0.0; 0.0; 0.0; 1.89; 1.0; 4.74; 5.08; 25.0; -25.0; 0.0; 0; 0; 0.0; 0.0; 1; 6.07353776629; 0.989593482498; 1.1747961985; 0; 0; 0; 0; 0.0; 0.0; 0.0; -1.0; 0.0; 0.0; 0.0; 0.0; 0.0; 1.0;0; 0;0; 0; 
29.2072429657; 102650; 0.0; 0.0; -0.17794; 0.0; 0.0; 0.0; 0.0; 0.0; 0.0; 0.0; 0.0; 0.0; 0.0; 0.0; 0.0; 0.0; 0.0; 1.89; 1.0; 4.74; 5.08; 25.0; -25.0; 0.0; 0; 0; 0.0; 0.0; 1; 6.07353776629; 0.989593482498; 1.1747961985; 0; 0; 0; 0; 0.0; 0.0; 0.0; -1.0; 0.0; 0.0; 0.0; 0.0; 0.0; 1.0;0; 0;0; 0; 
29.2179701328; 102650; 0.0; 0.0; -0.17716; 0.0; 0.0; 0.0; 0.0; 0.0; 0.0; 0.0; 0.0; 0.0; 0.0; 0.0; 0.0; 0.0; 0.0; 1.89; 1.0; 4.74; 5.08; 25.0; -25.0; 0.0; 0; 0; 0.0; 0.0; 1; 6.07353776629; 0.989593482498; 1.1747961985; 0; 0; 0; 0; 0.0; 0.0; 0.0; -1.0; 0.0; 0.0; 0.0; 0.0; 0.0; 1.0;0; 0;0; 0; 
29.2286970615; 102660; 0.0; 0.0; -0.17624; 0.0; 0.0; 0.0; 0.0; 0.0; 0.0; 0.0; 0.0; 0.0; 0.0; 0.0; 0.0; 0.0; 0.0; 1.89; 1.0; 4.74; 5.08; 25.0; -25.0; 0.0; 0; 0; 0.0; 0.0; 1; 6.07353776629; 0.989593482498; 1.1747961985; 0; 0; 0; 0; 0.0; 0.0; 0.0; -1.0; 0.0; 0.0; 0.0; 0.0; 0.0; 1.0;0; 0;0; 0; 
29.240445137; 102660; 0.0; 0.0; -0.17524; 0.0; 0.0; 0.0; 0.0; 0.0; 0.0; 0.0; 0.0; 0.0; 0.0; 0.0; 0.0; 0.0; 0.0; 1.89; 1.0; 4.74; 5.08; 25.0; -25.0; 0.0; 0; 0; 0.0; 0.0; 1; 6.07353776629; 0.989593482498; 1.1747961985; 0; 0; 0; 0; 0.0; 0.0; 0.0; -1.0; 0.0; 0.0; 0.0; 0.0; 0.0; 1.0;0; 0;0; 0; 
29.2510361671; 102670; 0.0; 0.0; -0.17423; 0.0; 0.0; 0.0; 0.0; 0.0; 0.0; 0.0; 0.0; 0.0; 0.0; 0.0; 0.0; 0.0; 0.0; 1.89; 1.0; 4.74; 5.08; 25.0; -25.0; 0.0; 0; 0; 0.0; 0.0; 1; 6.07353776629; 0.989593482498; 1.1747961985; 0; 0; 0; 0; 0.0; 0.0; 0.0; -1.0; 0.0; 0.0; 0.0; 0.0; 0.0; 1.0;0; 0;0; 0; 
29.2624921799; 102670; 0.0; 0.0; -0.17315; 0.0; 0.0; 0.0; 0.0; 0.0; 0.0; 0.0; 0.0; 0.0; 0.0; 0.0; 0.0; 0.0; 0.0; 1.89; 1.0; 4.74; 5.08; 25.0; -25.0; 0.0; 0; 0; 0.0; 0.0; 1; 6.07353776629; 0.989593482498; 1.1747961985; 0; 0; 0; 0; 0.0; 0.0; 0.0; -1.0; 0.0; 0.0; 0.0; 0.0; 0.0; 1.0;0; 0;0; 0; 
29.2734780312; 102680; 0.0; 0.0; -0.17198; 0.0; 0.0; 0.0; 0.0; 0.0; 0.0; 0.0; 0.0; 0.0; 0.0; 0.0; 0.0; 0.0; 0.0; 1.89; 1.0; 4.74; 5.08; 25.0; -25.0; 0.0; 0; 0; 0.0; 0.0; 1; 6.07353776629; 0.989593482498; 1.1747961985; 0; 0; 0; 0; 0.0; 0.0; 0.0; -1.0; 0.0; 0.0; 0.0; 0.0; 0.0; 1.0;0; 0;0; 0; 
29.2843489647; 102680; 0.0; 0.0; -0.17075; 0.0; 0.0; 0.0; 0.0; 0.0; 0.0; 0.0; 0.0; 0.0; 0.0; 0.0; 0.0; 0.0; 0.0; 1.89; 1.0; 4.74; 5.08; 25.0; -25.0; 0.0; 0; 0; 0.0; 0.0; 1; 6.07353776629; 0.989593482498; 1.1747961985; 0; 0; 0; 0; 0.0; 0.0; 0.0; -1.0; 0.0; 0.0; 0.0; 0.0; 0.0; 1.0;0; 0;0; 0; 
29.2946100235; 102690; 0.0; 0.0; -0.16957; 0.0; 0.0; 0.0; 0.0; 0.0; 0.0; 0.0; 0.0; 0.0; 0.0; 0.0; 0.0; 0.0; 0.0; 1.89; 1.0; 4.74; 5.08; 25.0; -25.0; 0.0; 0; 0; 0.0; 0.0; 1; 6.07353776629; 0.989593482498; 1.1747961985; 0; 0; 0; 0; 0.0; 0.0; 0.0; -1.0; 0.0; 0.0; 0.0; 0.0; 0.0; 1.0;0; 0;0; 0; 
29.3054330349; 102690; 0.0; 0.0; -0.16854; 0.0; 0.0; 0.0; 0.0; 0.0; 0.0; 0.0; 0.0; 0.0; 0.0; 0.0; 0.0; 0.0; 0.0; 1.89; 1.0; 4.74; 5.08; 25.0; -25.0; 0.0; 0; 0; 0.0; 0.0; 1; 6.07353776629; 0.989593482498; 1.1747961985; 0; 0; 0; 0; 0.0; 0.0; 0.0; -1.0; 0.0; 0.0; 0.0; 0.0; 0.0; 1.0;0; 0;0; 0; 
29.3165550232; 102700; 0.0; 0.0; -0.16758; 0.0; 0.0; 0.0; 0.0; 0.0; 0.0; 0.0; 0.0; 0.0; 0.0; 0.0; 0.0; 0.0; 0.0; 1.89; 1.0; 4.74; 5.08; 25.0; -25.0; 0.0; 0; 0; 0.0; 0.0; 1; 6.07353776629; 0.989593482498; 1.1747961985; 0; 0; 0; 0; 0.0; 0.0; 0.0; -1.0; 0.0; 0.0; 0.0; 0.0; 0.0; 1.0;0; 0;0; 0; 
29.3282220364; 102700; 0.0; 0.0; -0.16675; 0.0; 0.0; 0.0; 0.0; 0.0; 0.0; 0.0; 0.0; 0.0; 0.0; 0.0; 0.0; 0.0; 0.0; 1.89; 1.0; 4.74; 5.08; 25.0; -25.0; 0.0; 0; 0; 0.0; 0.0; 1; 6.0886250007; 1.02662602301; 1.19484045804; 0; 0; 0; 0; 0.0; 0.0; 0.0; -1.0; 0.0; 0.0; 0.0; 0.0; 0.0; 1.0;0; 0;0; 0; 
29.3392190933; 102710; 0.0; 0.0; -0.16614; 0.0; 0.0; 0.0; 0.0; 0.0; 0.0; 0.0; 0.0; 0.0; 0.0; 0.0; 0.0; 0.0; 0.0; 1.89; 1.0; 4.74; 5.08; 25.0; -25.0; 0.0; 0; 0; 0.0; 0.0; 1; 6.0886250007; 1.02662602301; 1.19484045804; 0; 0; 0; 0; 0.0; 0.0; 0.0; -1.0; 0.0; 0.0; 0.0; 0.0; 0.0; 1.0;0; 0;0; 0; 
29.3511869907; 102710; 0.0; 0.0; -0.16577; 0.0; 0.0; 0.0; 0.0; 0.0; 0.0; 0.0; 0.0; 0.0; 0.0; 0.0; 0.0; 0.0; 0.0; 1.8; 0.97; 3.6; 5.08; 25.0; -25.0; 0.0; 0; 0; 0.0; 0.0; 1; 6.0886250007; 1.02662602301; 1.19484045804; 0; 0; 0; 0; 0.0; 0.0; 0.0; -1.0; 0.0; 0.0; 0.0; 0.0; 0.0; 1.0;0; 0;0; 0; 
29.3625981808; 102720; 0.0; 0.0; -0.16564; 0.0; 0.0; 0.0; 0.0; 0.0; 0.0; 0.0; 0.0; 0.0; 0.0; 0.0; 0.0; 0.0; 0.0; 1.8; 0.97; 3.6; 5.08; 25.0; -25.0; 0.0; 0; 0; 0.0; 0.0; 1; 6.0886250007; 1.02662602301; 1.19484045804; 0; 0; 0; 0; 0.0; 0.0; 0.0; -1.0; 0.0; 0.0; 0.0; 0.0; 0.0; 1.0;0; 0;0; 0; 
29.375398159; 102720; 0.0; 0.0; -0.16565; 0.0; 0.0; 0.0; 0.0; 0.0; 0.0; 0.0; 0.0; 0.0; 0.0; 0.0; 0.0; 0.0; 0.0; 1.8; 0.97; 3.6; 5.08; 25.0; -25.0; 0.0; 0; 0; 0.0; 0.0; 1; 6.0886250007; 1.02662602301; 1.19484045804; 0; 0; 0; 0; 0.0; 0.0; 0.0; -1.0; 0.0; 0.0; 0.0; 0.0; 0.0; 1.0;0; 0;0; 0; 
29.387887001; 102730; 0.0; 0.0; -0.16585; 0.0; 0.0; 0.0; 0.0; 0.0; 0.0; 0.0; 0.0; 0.0; 0.0; 0.0; 0.0; 0.0; 0.0; 1.8; 0.97; 3.6; 5.08; 25.0; -25.0; 0.0; 0; 0; 0.0; 0.0; 1; 6.0886250007; 1.02662602301; 1.19484045804; 0; 0; 0; 0; 0.0; 0.0; 0.0; -1.0; 0.0; 0.0; 0.0; 0.0; 0.0; 1.0;0; 0;0; 0; 
29.3995239735; 102730; 0.0; 0.0; -0.16627; 0.0; 0.0; 0.0; 0.0; 0.0; 0.0; 0.0; 0.0; 0.0; 0.0; 0.0; 0.0; 0.0; 0.0; 1.8; 0.97; 3.6; 5.08; 25.0; -25.0; 0.0; 0; 0; 0.0; 0.0; 1; 6.0886250007; 1.02662602301; 1.19484045804; 0; 0; 0; 0; 0.0; 0.0; 0.0; -1.0; 0.0; 0.0; 0.0; 0.0; 0.0; 1.0;0; 0;0; 0; 
29.411000967; 102740; 0.0; 0.0; -0.16683; 0.0; 0.0; 0.0; 0.0; 0.0; 0.0; 0.0; 0.0; 0.0; 0.0; 0.0; 0.0; 0.0; 0.0; 1.8; 0.97; 3.6; 5.08; 25.0; -25.0; 0.0; 0; 0; 0.0; 0.0; 1; 6.0886250007; 1.02662602301; 1.19484045804; 0; 0; 0; 0; 0.0; 0.0; 0.0; -1.0; 0.0; 0.0; 0.0; 0.0; 0.0; 1.0;0; 0;0; 0; 
29.4214601517; 102740; 0.0; 0.0; -0.16741; 0.0; 0.0; 0.0; 0.0; 0.0; 0.0; 0.0; 0.0; 0.0; 0.0; 0.0; 0.0; 0.0; 0.0; 1.8; 0.97; 3.6; 5.08; 25.0; -25.0; 0.0; 0; 0; 0.0; 0.0; 1; 6.0886250007; 1.02662602301; 1.19484045804; 0; 0; 0; 0; 0.0; 0.0; 0.0; -1.0; 0.0; 0.0; 0.0; 0.0; 0.0; 1.0;0; 0;0; 0; 
29.4317171574; 102750; 0.0; 0.0; -0.16793; 0.0; 0.0; 0.0; 0.0; 0.0; 0.0; 0.0; 0.0; 0.0; 0.0; 0.0; 0.0; 0.0; 0.0; 1.8; 0.97; 3.6; 5.08; 25.0; -25.0; 0.0; 0; 0; 0.0; 0.0; 1; 6.0886250007; 1.02662602301; 1.19484045804; 0; 0; 0; 0; 0.0; 0.0; 0.0; -1.0; 0.0; 0.0; 0.0; 0.0; 0.0; 1.0;0; 0;0; 0; 
29.4430980682; 102750; 0.0; 0.0; -0.1684; 0.0; 0.0; 0.0; 0.0; 0.0; 0.0; 0.0; 0.0; 0.0; 0.0; 0.0; 0.0; 0.0; 0.0; 1.8; 0.97; 3.6; 5.08; 25.0; -25.0; 0.0; 0; 0; 0.0; 0.0; 1; 6.0886250007; 1.02662602301; 1.19484045804; 0; 0; 0; 0; 0.0; 0.0; 0.0; -1.0; 0.0; 0.0; 0.0; 0.0; 0.0; 1.0;0; 0;0; 0; 
29.4553442001; 102760; 0.0; 0.0; -0.16874; 0.0; 0.0; 0.0; 0.0; 0.0; 0.0; 0.0; 0.0; 0.0; 0.0; 0.0; 0.0; 0.0; 0.0; 1.8; 0.97; 3.6; 5.08; 25.0; -25.0; 0.0; 0; 0; 0.0; 0.0; 1; 6.0886250007; 1.02662602301; 1.19484045804; 0; 0; 0; 0; 0.0; 0.0; 0.0; -1.0; 0.0; 0.0; 0.0; 0.0; 0.0; 1.0;0; 0;0; 0; 
29.4668459892; 102760; 0.0; 0.0; -0.1689; 0.0; 0.0; 0.0; 0.0; 0.0; 0.0; 0.0; 0.0; 0.0; 0.0; 0.0; 0.0; 0.0; 0.0; 1.8; 0.97; 3.6; 5.08; 25.0; -25.0; 0.0; 0; 0; 0.0; 0.0; 1; 6.0886250007; 1.02662602301; 1.19484045804; 0; 0; 0; 0; 0.0; 0.0; 0.0; -1.0; 0.0; 0.0; 0.0; 0.0; 0.0; 1.0;0; 0;0; 0; 
29.4785890579; 102770; 0.0; 0.0; -0.16884; 0.0; 0.0; 0.0; 0.0; 0.0; 0.0; 0.0; 0.0; 0.0; 0.0; 0.0; 0.0; 0.0; 0.0; 1.8; 0.97; 3.6; 5.08; 25.0; -25.0; 0.0; 0; 0; 0.0; 0.0; 1; 6.0886250007; 1.02662602301; 1.19484045804; 0; 0; 0; 0; 0.0; 0.0; 0.0; -1.0; 0.0; 0.0; 0.0; 0.0; 0.0; 1.0;0; 0;0; 0; 
29.4902610779; 102770; 0.0; 0.0; -0.16858; 0.0; 0.0; 0.0; 0.0; 0.0; 0.0; 0.0; 0.0; 0.0; 0.0; 0.0; 0.0; 0.0; 0.0; 1.8; 0.97; 3.6; 5.08; 25.0; -25.0; 0.0; 0; 0; 0.0; 0.0; 1; 6.0886250007; 1.02662602301; 1.19484045804; 0; 0; 0; 0; 0.0; 0.0; 0.0; -1.0; 0.0; 0.0; 0.0; 0.0; 0.0; 1.0;0; 0;0; 0; 
29.5006830692; 102780; 0.0; 0.0; -0.16814; 0.0; 0.0; 0.0; 0.0; 0.0; 0.0; 0.0; 0.0; 0.0; 0.0; 0.0; 0.0; 0.0; 0.0; 1.8; 0.97; 3.6; 5.08; 25.0; -25.0; 0.0; 0; 0; 0.0; 0.0; 1; 6.0886250007; 1.02662602301; 1.19484045804; 0; 0; 0; 0; 0.0; 0.0; 0.0; -1.0; 0.0; 0.0; 0.0; 0.0; 0.0; 1.0;0; 0;0; 0; 
29.5114130974; 102780; 0.0; 0.0; -0.16747; 0.0; 0.0; 0.0; 0.0; 0.0; 0.0; 0.0; 0.0; 0.0; 0.0; 0.0; 0.0; 0.0; 0.0; 1.8; 0.97; 3.6; 5.08; 25.0; -25.0; 0.0; 0; 0; 0.0; 0.0; 1; 6.0886250007; 1.02662602301; 1.19484045804; 0; 0; 0; 0; 0.0; 0.0; 0.0; -1.0; 0.0; 0.0; 0.0; 0.0; 0.0; 1.0;0; 0;0; 0; 
29.5225071907; 102790; 0.0; 0.0; -0.16661; 0.0; 0.0; 0.0; 0.0; 0.0; 0.0; 0.0; 0.0; 0.0; 0.0; 0.0; 0.0; 0.0; 0.0; 1.8; 0.97; 3.6; 5.08; 25.0; -25.0; 0.0; 0; 0; 0.0; 0.0; 1; 6.0886250007; 1.02662602301; 1.19484045804; 0; 0; 0; 0; 0.0; 0.0; 0.0; -1.0; 0.0; 0.0; 0.0; 0.0; 0.0; 1.0;0; 0;0; 0; 
29.5333940983; 102790; 0.0; 0.0; -0.1656; 0.0; 0.0; 0.0; 0.0; 0.0; 0.0; 0.0; 0.0; 0.0; 0.0; 0.0; 0.0; 0.0; 0.0; 1.8; 0.97; 3.6; 5.08; 25.0; -25.0; 0.0; 0; 0; 0.0; 0.0; 1; 6.0886250007; 1.02662602301; 1.19484045804; 0; 0; 0; 0; 0.0; 0.0; 0.0; -1.0; 0.0; 0.0; 0.0; 0.0; 0.0; 1.0;0; 0;0; 0; 
29.5448820591; 102800; 0.0; 0.0; -0.16441; 0.0; 0.0; 0.0; 0.0; 0.0; 0.0; 0.0; 0.0; 0.0; 0.0; 0.0; 0.0; 0.0; 0.0; 1.8; 0.97; 3.6; 5.08; 25.0; -25.0; 0.0; 0; 0; 0.0; 0.0; 1; 6.0886250007; 1.02662602301; 1.19484045804; 0; 0; 0; 0; 0.0; 0.0; 0.0; -1.0; 0.0; 0.0; 0.0; 0.0; 0.0; 1.0;0; 0;0; 0; 
29.5568711758; 102800; 0.0; 0.0; -0.16315; 0.0; 0.0; 0.0; 0.0; 0.0; 0.0; 0.0; 0.0; 0.0; 0.0; 0.0; 0.0; 0.0; 0.0; 1.8; 0.97; 3.6; 5.08; 25.0; -25.0; 0.0; 0; 0; 0.0; 0.0; 1; 6.0886250007; 1.02662602301; 1.19484045804; 0; 0; 0; 0; 0.0; 0.0; 0.0; -1.0; 0.0; 0.0; 0.0; 0.0; 0.0; 1.0;0; 0;0; 0; 
29.5679981709; 102810; 0.0; 0.0; -0.16194; 0.0; 0.0; 0.0; 0.0; 0.0; 0.0; 0.0; 0.0; 0.0; 0.0; 0.0; 0.0; 0.0; 0.0; 1.8; 0.97; 3.6; 5.08; 25.0; -25.0; 0.0; 0; 0; 0.0; 0.0; 1; 6.10272494565; 1.06325833681; 1.2139578985; 0; 0; 0; 0; 0.0; 0.0; 0.0; -1.0; 0.0; 0.0; 0.0; 0.0; 0.0; 1.0;0; 0;0; 0; 
29.5788841248; 102810; 0.0; 0.0; -0.16088; 0.0; 0.0; 0.0; 0.0; 0.0; 0.0; 0.0; 0.0; 0.0; 0.0; 0.0; 0.0; 0.0; 0.0; 1.8; 0.97; 3.6; 5.08; 25.0; -25.0; 0.0; 0; 0; 0.0; 0.0; 1; 6.10272494565; 1.06325833681; 1.2139578985; 0; 0; 0; 0; 0.0; 0.0; 0.0; -1.0; 0.0; 0.0; 0.0; 0.0; 0.0; 1.0;0; 0;0; 0; 
29.5903251171; 102820; 0.0; 0.0; -0.15997; 0.0; 0.0; 0.0; 0.0; 0.0; 0.0; 0.0; 0.0; 0.0; 0.0; 0.0; 0.0; 0.0; 0.0; 1.8; 0.97; 3.6; 5.08; 25.0; -25.0; 0.0; 0; 0; 0.0; 0.0; 1; 6.10272494565; 1.06325833681; 1.2139578985; 0; 0; 0; 0; 0.0; 0.0; 0.0; -1.0; 0.0; 0.0; 0.0; 0.0; 0.0; 1.0;0; 0;0; 0; 
29.6017642021; 102820; 0.0; 0.0; -0.15923; 0.0; 0.0; 0.0; 0.0; 0.0; 0.0; 0.0; 0.0; 0.0; 0.0; 0.0; 0.0; 0.0; 0.0; 1.8; 0.97; 3.6; 5.08; 25.0; -25.0; 0.0; 0; 0; 0.0; 0.0; 1; 6.10272494565; 1.06325833681; 1.2139578985; 0; 0; 0; 0; 0.0; 0.0; 0.0; -1.0; 0.0; 0.0; 0.0; 0.0; 0.0; 1.0;0; 0;0; 0; 
29.6125099659; 102830; 0.0; 0.0; -0.15877; 0.0; 0.0; 0.0; 0.0; 0.0; 0.0; 0.0; 0.0; 0.0; 0.0; 0.0; 0.0; 0.0; 0.0; 1.8; 0.97; 3.6; 5.08; 25.0; -25.0; 0.0; 0; 0; 0.0; 0.0; 1; 6.10272494565; 1.06325833681; 1.2139578985; 0; 0; 0; 0; 0.0; 0.0; 0.0; -1.0; 0.0; 0.0; 0.0; 0.0; 0.0; 1.0;0; 0;0; 0; 
29.6244499683; 102830; 0.0; 0.0; -0.15858; 0.0; 0.0; 0.0; 0.0; 0.0; 0.0; 0.0; 0.0; 0.0; 0.0; 0.0; 0.0; 0.0; 0.0; 1.8; 0.97; 3.6; 5.08; 25.0; -25.0; 0.0; 0; 0; 0.0; 0.0; 1; 6.10272494565; 1.06325833681; 1.2139578985; 0; 0; 0; 0; 0.0; 0.0; 0.0; -1.0; 0.0; 0.0; 0.0; 0.0; 0.0; 1.0;0; 0;0; 0; 
29.6352570057; 102840; 0.0; 0.0; -0.15862; 0.0; 0.0; 0.0; 0.0; 0.0; 0.0; 0.0; 0.0; 0.0; 0.0; 0.0; 0.0; 0.0; 0.0; 1.8; 0.97; 3.6; 5.08; 25.0; -25.0; 0.0; 0; 0; 0.0; 0.0; 1; 6.10272494565; 1.06325833681; 1.2139578985; 0; 0; 0; 0; 0.0; 0.0; 0.0; -1.0; 0.0; 0.0; 0.0; 0.0; 0.0; 1.0;0; 0;0; 0; 
29.6472771168; 102840; 0.0; 0.0; -0.15883; 0.0; 0.0; 0.0; 0.0; 0.0; 0.0; 0.0; 0.0; 0.0; 0.0; 0.0; 0.0; 0.0; 0.0; 1.8; 0.97; 3.6; 5.08; 25.0; -25.0; 0.0; 0; 0; 0.0; 0.0; 1; 6.10272494565; 1.06325833681; 1.2139578985; 0; 0; 0; 0; 0.0; 0.0; 0.0; -1.0; 0.0; 0.0; 0.0; 0.0; 0.0; 1.0;0; 0;0; 0; 
29.6590750217; 102850; 0.0; 0.0; -0.15919; 0.0; 0.0; 0.0; 0.0; 0.0; 0.0; 0.0; 0.0; 0.0; 0.0; 0.0; 0.0; 0.0; 0.0; 1.8; 0.97; 3.6; 5.08; 25.0; -25.0; 0.0; 0; 0; 0.0; 0.0; 1; 6.10272494565; 1.06325833681; 1.2139578985; 0; 0; 0; 0; 0.0; 0.0; 0.0; -1.0; 0.0; 0.0; 0.0; 0.0; 0.0; 1.0;0; 0;0; 0; 
29.6700901985; 102850; 0.0; 0.0; -0.15974; 0.0; 0.0; 0.0; 0.0; 0.0; 0.0; 0.0; 0.0; 0.0; 0.0; 0.0; 0.0; 0.0; 0.0; 1.8; 0.97; 3.6; 5.08; 25.0; -25.0; 0.0; 0; 0; 0.0; 0.0; 1; 6.10272494565; 1.06325833681; 1.2139578985; 0; 0; 0; 0; 0.0; 0.0; 0.0; -1.0; 0.0; 0.0; 0.0; 0.0; 0.0; 1.0;0; 0;0; 0; 
29.6813290119; 102860; 0.0; 0.0; -0.16039; 0.0; 0.0; 0.0; 0.0; 0.0; 0.0; 0.0; 0.0; 0.0; 0.0; 0.0; 0.0; 0.0; 0.0; 1.8; 0.97; 3.6; 5.08; 25.0; -25.0; 0.0; 0; 0; 0.0; 0.0; 1; 6.10272494565; 1.06325833681; 1.2139578985; 0; 0; 0; 0; 0.0; 0.0; 0.0; -1.0; 0.0; 0.0; 0.0; 0.0; 0.0; 1.0;0; 0;0; 0; 
29.6936759949; 102860; 0.0; 0.0; -0.16108; 0.0; 0.0; 0.0; 0.0; 0.0; 0.0; 0.0; 0.0; 0.0; 0.0; 0.0; 0.0; 0.0; 0.0; 1.8; 0.97; 3.6; 5.08; 25.0; -25.0; 0.0; 0; 0; 0.0; 0.0; 1; 6.10272494565; 1.06325833681; 1.2139578985; 0; 0; 0; 0; 0.0; 0.0; 0.0; -1.0; 0.0; 0.0; 0.0; 0.0; 0.0; 1.0;0; 0;0; 0; 
29.7054960728; 102870; 0.0; 0.0; -0.16182; 0.0; 0.0; 0.0; 0.0; 0.0; 0.0; 0.0; 0.0; 0.0; 0.0; 0.0; 0.0; 0.0; 0.0; 1.8; 0.97; 3.6; 5.08; 25.0; -25.0; 0.0; 0; 0; 0.0; 0.0; 1; 6.10272494565; 1.06325833681; 1.2139578985; 0; 0; 0; 0; 0.0; 0.0; 0.0; -1.0; 0.0; 0.0; 0.0; 0.0; 0.0; 1.0;0; 0;0; 0; 
29.7165989876; 102870; 0.0; 0.0; -0.16249; 0.0; 0.0; 0.0; 0.0; 0.0; 0.0; 0.0; 0.0; 0.0; 0.0; 0.0; 0.0; 0.0; 0.0; 1.8; 0.97; 3.6; 5.08; 25.0; -25.0; 0.0; 0; 0; 0.0; 0.0; 1; 6.10272494565; 1.06325833681; 1.2139578985; 0; 0; 0; 0; 0.0; 0.0; 0.0; -1.0; 0.0; 0.0; 0.0; 0.0; 0.0; 1.0;0; 0;0; 0; 
29.7278511524; 102880; 0.0; 0.0; -0.16311; 0.0; 0.0; 0.0; 0.0; 0.0; 0.0; 0.0; 0.0; 0.0; 0.0; 0.0; 0.0; 0.0; 0.0; 1.8; 0.97; 3.6; 5.08; 25.0; -25.0; 0.0; 0; 0; 0.0; 0.0; 1; 6.10272494565; 1.06325833681; 1.2139578985; 0; 0; 0; 0; 0.0; 0.0; 0.0; -1.0; 0.0; 0.0; 0.0; 0.0; 0.0; 1.0;0; 0;0; 0; 
29.7398221493; 102880; 0.0; 0.0; -0.16359; 0.0; 0.0; 0.0; 0.0; 0.0; 0.0; 0.0; 0.0; 0.0; 0.0; 0.0; 0.0; 0.0; 0.0; 1.8; 0.97; 3.6; 5.08; 25.0; -25.0; 0.0; 0; 0; 0.0; 0.0; 1; 6.10272494565; 1.06325833681; 1.2139578985; 0; 0; 0; 0; 0.0; 0.0; 0.0; -1.0; 0.0; 0.0; 0.0; 0.0; 0.0; 1.0;0; 0;0; 0; 
29.7524790764; 102890; 0.0; 0.0; -0.16383; 0.0; 0.0; 0.0; 0.0; 0.0; 0.0; 0.0; 0.0; 0.0; 0.0; 0.0; 0.0; 0.0; 0.0; 1.8; 0.97; 3.6; 5.08; 25.0; -25.0; 0.0; 0; 0; 0.0; 0.0; 1; 6.10272494565; 1.06325833681; 1.2139578985; 0; 0; 0; 0; 0.0; 0.0; 0.0; -1.0; 0.0; 0.0; 0.0; 0.0; 0.0; 1.0;0; 0;0; 0; 
29.7646830082; 102890; 0.0; 0.0; -0.16386; 0.0; 0.0; 0.0; 0.0; 0.0; 0.0; 0.0; 0.0; 0.0; 0.0; 0.0; 0.0; 0.0; 0.0; 1.8; 0.97; 3.6; 5.08; 25.0; -25.0; 0.0; 0; 0; 0.0; 0.0; 1; 6.10272494565; 1.06325833681; 1.2139578985; 0; 0; 0; 0; 0.0; 0.0; 0.0; -1.0; 0.0; 0.0; 0.0; 0.0; 0.0; 1.0;0; 0;0; 0; 
29.776414156; 102900; 0.0; 0.0; -0.16358; 0.0; 0.0; 0.0; 0.0; 0.0; 0.0; 0.0; 0.0; 0.0; 0.0; 0.0; 0.0; 0.0; 0.0; 1.8; 0.97; 3.6; 5.08; 25.0; -25.0; 0.0; 0; 0; 0.0; 0.0; 1; 6.10272494565; 1.06325833681; 1.2139578985; 0; 0; 0; 0; 0.0; 0.0; 0.0; -1.0; 0.0; 0.0; 0.0; 0.0; 0.0; 1.0;0; 0;0; 0; 
29.787787199; 102900; 0.0; 0.0; -0.16295; 0.0; 0.0; 0.0; 0.0; 0.0; 0.0; 0.0; 0.0; 0.0; 0.0; 0.0; 0.0; 0.0; 0.0; 1.8; 0.97; 3.6; 5.08; 25.0; -25.0; 0.0; 0; 0; 0.0; 0.0; 1; 6.10272494565; 1.06325833681; 1.2139578985; 0; 0; 0; 0; 0.0; 0.0; 0.0; -1.0; 0.0; 0.0; 0.0; 0.0; 0.0; 1.0;0; 0;0; 0; 
29.7999780178; 102910; 0.0; 0.0; -0.16202; 0.0; 0.0; 0.0; 0.0; 0.0; 0.0; 0.0; 0.0; 0.0; 0.0; 0.0; 0.0; 0.0; 0.0; 1.8; 0.97; 3.6; 5.08; 25.0; -25.0; 0.0; 0; 0; 0.0; 0.0; 1; 6.11562324008; 1.09874728393; 1.23238628669; 0; 0; 0; 0; 0.0; 0.0; 0.0; -1.0; 0.0; 0.0; 0.0; 0.0; 0.0; 1.0;0; 0;0; 0; 
29.8122501373; 102910; 0.0; 0.0; -0.16077; 0.0; 0.0; 0.0; 0.0; 0.0; 0.0; 0.0; 0.0; 0.0; 0.0; 0.0; 0.0; 0.0; 0.0; 1.8; 0.97; 3.6; 5.08; 25.0; -25.0; 0.0; 0; 0; 0.0; 0.0; 1; 6.11562324008; 1.09874728393; 1.23238628669; 0; 0; 0; 0; 0.0; 0.0; 0.0; -1.0; 0.0; 0.0; 0.0; 0.0; 0.0; 1.0;0; 0;0; 0; 
29.8244171143; 102920; 0.0; 0.0; -0.15927; 0.0; 0.0; 0.0; 0.0; 0.0; 0.0; 0.0; 0.0; 0.0; 0.0; 0.0; 0.0; 0.0; 0.0; 1.69; 0.97; 3.48; 5.06; 25.0; -25.0; 0.0; 0; 0; 0.0; 0.0; 1; 6.11562324008; 1.09874728393; 1.23238628669; 0; 0; 0; 0; 0.0; 0.0; 0.0; -1.0; 0.0; 0.0; 0.0; 0.0; 0.0; 1.0;0; 0;0; 0; 
29.8358640671; 102920; 0.0; 0.0; -0.15763; 0.0; 0.0; 0.0; 0.0; 0.0; 0.0; 0.0; 0.0; 0.0; 0.0; 0.0; 0.0; 0.0; 0.0; 1.69; 0.97; 3.48; 5.06; 25.0; -25.0; 0.0; 0; 0; 0.0; 0.0; 1; 6.11562324008; 1.09874728393; 1.23238628669; 0; 0; 0; 0; 0.0; 0.0; 0.0; -1.0; 0.0; 0.0; 0.0; 0.0; 0.0; 1.0;0; 0;0; 0; 
29.8474040031; 102930; 0.0; 0.0; -0.15598; 0.0; 0.0; 0.0; 0.0; 0.0; 0.0; 0.0; 0.0; 0.0; 0.0; 0.0; 0.0; 0.0; 0.0; 1.69; 0.97; 3.48; 5.06; 25.0; -25.0; 0.0; 0; 0; 0.0; 0.0; 1; 6.11562324008; 1.09874728393; 1.23238628669; 0; 0; 0; 0; 0.0; 0.0; 0.0; -1.0; 0.0; 0.0; 0.0; 0.0; 0.0; 1.0;0; 0;0; 0; 
29.8593521118; 102930; 0.0; 0.0; -0.15446; 0.0; 0.0; 0.0; 0.0; 0.0; 0.0; 0.0; 0.0; 0.0; 0.0; 0.0; 0.0; 0.0; 0.0; 1.69; 0.97; 3.48; 5.06; 25.0; -25.0; 0.0; 0; 0; 0.0; 0.0; 1; 6.11562324008; 1.09874728393; 1.23238628669; 0; 0; 0; 0; 0.0; 0.0; 0.0; -1.0; 0.0; 0.0; 0.0; 0.0; 0.0; 1.0;0; 0;0; 0; 
29.8715741634; 102940; 0.0; 0.0; -0.15309; 0.0; 0.0; 0.0; 0.0; 0.0; 0.0; 0.0; 0.0; 0.0; 0.0; 0.0; 0.0; 0.0; 0.0; 1.69; 0.97; 3.48; 5.06; 25.0; -25.0; 0.0; 0; 0; 0.0; 0.0; 1; 6.11562324008; 1.09874728393; 1.23238628669; 0; 0; 0; 0; 0.0; 0.0; 0.0; -1.0; 0.0; 0.0; 0.0; 0.0; 0.0; 1.0;0; 0;0; 0; 
29.8831501007; 102940; 0.0; 0.0; -0.15197; 0.0; 0.0; 0.0; 0.0; 0.0; 0.0; 0.0; 0.0; 0.0; 0.0; 0.0; 0.0; 0.0; 0.0; 1.69; 0.97; 3.48; 5.06; 25.0; -25.0; 0.0; 0; 0; 0.0; 0.0; 1; 6.11562324008; 1.09874728393; 1.23238628669; 0; 0; 0; 0; 0.0; 0.0; 0.0; -1.0; 0.0; 0.0; 0.0; 0.0; 0.0; 1.0;0; 0;0; 0; 
29.8957710266; 102950; 0.0; 0.0; -0.15114; 0.0; 0.0; 0.0; 0.0; 0.0; 0.0; 0.0; 0.0; 0.0; 0.0; 0.0; 0.0; 0.0; 0.0; 1.69; 0.97; 3.48; 5.06; 25.0; -25.0; 0.0; 0; 0; 0.0; 0.0; 1; 6.11562324008; 1.09874728393; 1.23238628669; 0; 0; 0; 0; 0.0; 0.0; 0.0; -1.0; 0.0; 0.0; 0.0; 0.0; 0.0; 1.0;0; 0;0; 0; 
29.9070181847; 102950; 0.0; 0.0; -0.15061; 0.0; 0.0; 0.0; 0.0; 0.0; 0.0; 0.0; 0.0; 0.0; 0.0; 0.0; 0.0; 0.0; 0.0; 1.69; 0.97; 3.48; 5.06; 25.0; -25.0; 0.0; 0; 0; 0.0; 0.0; 1; 6.11562324008; 1.09874728393; 1.23238628669; 0; 0; 0; 0; 0.0; 0.0; 0.0; -1.0; 0.0; 0.0; 0.0; 0.0; 0.0; 1.0;0; 0;0; 0; 
29.9187459946; 102960; 0.0; 0.0; -0.1503; 0.0; 0.0; 0.0; 0.0; 0.0; 0.0; 0.0; 0.0; 0.0; 0.0; 0.0; 0.0; 0.0; 0.0; 1.69; 0.97; 3.48; 5.06; 25.0; -25.0; 0.0; 0; 0; 0.0; 0.0; 1; 6.11562324008; 1.09874728393; 1.23238628669; 0; 0; 0; 0; 0.0; 0.0; 0.0; -1.0; 0.0; 0.0; 0.0; 0.0; 0.0; 1.0;0; 0;0; 0; 
29.9303560257; 102960; 0.0; 0.0; -0.15022; 0.0; 0.0; 0.0; 0.0; 0.0; 0.0; 0.0; 0.0; 0.0; 0.0; 0.0; 0.0; 0.0; 0.0; 1.69; 0.97; 3.48; 5.06; 25.0; -25.0; 0.0; 0; 0; 0.0; 0.0; 1; 6.11562324008; 1.09874728393; 1.23238628669; 0; 0; 0; 0; 0.0; 0.0; 0.0; -1.0; 0.0; 0.0; 0.0; 0.0; 0.0; 1.0;0; 0;0; 0; 
29.9425110817; 102970; 0.0; 0.0; -0.15041; 0.0; 0.0; 0.0; 0.0; 0.0; 0.0; 0.0; 0.0; 0.0; 0.0; 0.0; 0.0; 0.0; 0.0; 1.69; 0.97; 3.48; 5.06; 25.0; -25.0; 0.0; 0; 0; 0.0; 0.0; 1; 6.11562324008; 1.09874728393; 1.23238628669; 0; 0; 0; 0; 0.0; 0.0; 0.0; -1.0; 0.0; 0.0; 0.0; 0.0; 0.0; 1.0;0; 0;0; 0; 
29.954665184; 102970; 0.0; 0.0; -0.15087; 0.0; 0.0; 0.0; 0.0; 0.0; 0.0; 0.0; 0.0; 0.0; 0.0; 0.0; 0.0; 0.0; 0.0; 1.69; 0.97; 3.48; 5.06; 25.0; -25.0; 0.0; 0; 0; 0.0; 0.0; 1; 6.11562324008; 1.09874728393; 1.23238628669; 0; 0; 0; 0; 0.0; 0.0; 0.0; -1.0; 0.0; 0.0; 0.0; 0.0; 0.0; 1.0;0; 0;0; 0; 
29.9662640095; 102980; 0.0; 0.0; -0.15158; 0.0; 0.0; 0.0; 0.0; 0.0; 0.0; 0.0; 0.0; 0.0; 0.0; 0.0; 0.0; 0.0; 0.0; 1.69; 0.97; 3.48; 5.06; 25.0; -25.0; 0.0; 0; 0; 0.0; 0.0; 1; 6.11562324008; 1.09874728393; 1.23238628669; 0; 0; 0; 0; 0.0; 0.0; 0.0; -1.0; 0.0; 0.0; 0.0; 0.0; 0.0; 1.0;0; 0;0; 0; 
29.9776079655; 102980; 0.0; 0.0; -0.15242; 0.0; 0.0; 0.0; 0.0; 0.0; 0.0; 0.0; 0.0; 0.0; 0.0; 0.0; 0.0; 0.0; 0.0; 1.69; 0.97; 3.48; 5.06; 25.0; -25.0; 0.0; 0; 0; 0.0; 0.0; 1; 6.11562324008; 1.09874728393; 1.23238628669; 0; 0; 0; 0; 0.0; 0.0; 0.0; -1.0; 0.0; 0.0; 0.0; 0.0; 0.0; 1.0;0; 0;0; 0; 
29.9886000156; 102990; 0.0; 0.0; -0.15335; 0.0; 0.0; 0.0; 0.0; 0.0; 0.0; 0.0; 0.0; 0.0; 0.0; 0.0; 0.0; 0.0; 0.0; 1.69; 0.97; 3.48; 5.06; 25.0; -25.0; 0.0; 0; 0; 0.0; 0.0; 1; 6.11562324008; 1.09874728393; 1.23238628669; 0; 0; 0; 0; 0.0; 0.0; 0.0; -1.0; 0.0; 0.0; 0.0; 0.0; 0.0; 1.0;0; 0;0; 0; 
30.0007731915; 102990; 0.0; 0.0; -0.15432; 0.0; 0.0; 0.0; 0.0; 0.0; 0.0; 0.0; 0.0; 0.0; 0.0; 0.0; 0.0; 0.0; 0.0; 1.69; 0.97; 3.48; 5.06; 25.0; -25.0; 0.0; 0; 0; 0.0; 0.0; 1; 6.11562324008; 1.09874728393; 1.23238628669; 0; 0; 0; 0; 0.0; 0.0; 0.0; -1.0; 0.0; 0.0; 0.0; 0.0; 0.0; 1.0;0; 0;0; 0; 
30.0118219852; 103000; 0.0; 0.0; -0.15528; 0.0; 0.0; 0.0; 0.0; 0.0; 0.0; 0.0; 0.0; 0.0; 0.0; 0.0; 0.0; 0.0; 0.0; 1.69; 0.97; 3.48; 5.06; 25.0; -25.0; 0.0; 0; 0; 0.0; 0.0; 1; 6.11562324008; 1.09874728393; 1.23238628669; 0; 0; 0; 0; 0.0; 0.0; 0.0; -1.0; 0.0; 0.0; 0.0; 0.0; 0.0; 1.0;0; 0;0; 0; 
30.0230731964; 103000; 0.0; 0.0; -0.15619; 0.0; 0.0; 0.0; 0.0; 0.0; 0.0; 0.0; 0.0; 0.0; 0.0; 0.0; 0.0; 0.0; 0.0; 1.69; 0.97; 3.48; 5.06; 25.0; -25.0; 0.0; 0; 0; 0.0; 0.0; 1; 6.11562324008; 1.09874728393; 1.23238628669; 0; 0; 0; 0; 0.0; 0.0; 0.0; -1.0; 0.0; 0.0; 0.0; 0.0; 0.0; 1.0;0; 0;0; 0; 
30.0332691669; 103010; 0.0; 0.0; -0.15701; 0.0; 0.0; 0.0; 0.0; 0.0; 0.0; 0.0; 0.0; 0.0; 0.0; 0.0; 0.0; 0.0; 0.0; 1.69; 0.97; 3.48; 5.06; 25.0; -25.0; 0.0; 0; 0; 0.0; 0.0; 1; 6.12756615582; 1.13357226451; 1.25012735235; 0; 0; 0; 0; 0.0; 0.0; 0.0; -1.0; 0.0; 0.0; 0.0; 0.0; 0.0; 1.0;0; 0;0; 0; 
30.0448122025; 103010; 0.0; 0.0; -0.15779; 0.0; 0.0; 0.0; 0.0; 0.0; 0.0; 0.0; 0.0; 0.0; 0.0; 0.0; 0.0; 0.0; 0.0; 1.65; 0.97; 3.38; 496.43; 25.0; -25.0; 0.0; 0; 0; 0.0; 0.0; 1; 6.12756615582; 1.13357226451; 1.25012735235; 0; 0; 0; 0; 0.0; 0.0; 0.0; -1.0; 0.0; 0.0; 0.0; 0.0; 0.0; 1.0;0; 0;0; 0; 
30.0552680492; 103020; 0.0; 0.0; -0.15862; 0.0; 0.0; 0.0; 0.0; 0.0; 0.0; 0.0; 0.0; 0.0; 0.0; 0.0; 0.0; 0.0; 0.0; 1.65; 0.97; 3.38; 496.43; 25.0; -25.0; 0.0; 0; 0; 0.0; 0.0; 1; 6.12756615582; 1.13357226451; 1.25012735235; 0; 0; 0; 0; 0.0; 0.0; 0.0; -1.0; 0.0; 0.0; 0.0; 0.0; 0.0; 1.0;0; 0;0; 0; 
30.0664560795; 103020; 0.0; 0.0; -0.15944; 0.0; 0.0; 0.0; 0.0; 0.0; 0.0; 0.0; 0.0; 0.0; 0.0; 0.0; 0.0; 0.0; 0.0; 1.65; 0.97; 3.38; 496.43; 25.0; -25.0; 0.0; 0; 0; 0.0; 0.0; 1; 6.12756615582; 1.13357226451; 1.25012735235; 0; 0; 0; 0; 0.0; 0.0; 0.0; -1.0; 0.0; 0.0; 0.0; 0.0; 0.0; 1.0;0; 0;0; 0; 
30.077819109; 103030; 0.0; 0.0; -0.1601; 0.0; 0.0; 0.0; 0.0; 0.0; 0.0; 0.0; 0.0; 0.0; 0.0; 0.0; 0.0; 0.0; 0.0; 1.65; 0.97; 3.38; 496.43; 25.0; -25.0; 0.0; 0; 0; 0.0; 0.0; 1; 6.12756615582; 1.13357226451; 1.25012735235; 0; 0; 0; 0; 0.0; 0.0; 0.0; -1.0; 0.0; 0.0; 0.0; 0.0; 0.0; 1.0;0; 0;0; 0; 
30.0895311832; 103030; 0.0; 0.0; -0.16047; 0.0; 0.0; 0.0; 0.0; 0.0; 0.0; 0.0; 0.0; 0.0; 0.0; 0.0; 0.0; 0.0; 0.0; 1.65; 0.97; 3.38; 496.43; 25.0; -25.0; 0.0; 0; 0; 0.0; 0.0; 1; 6.12756615582; 1.13357226451; 1.25012735235; 0; 0; 0; 0; 0.0; 0.0; 0.0; -1.0; 0.0; 0.0; 0.0; 0.0; 0.0; 1.0;0; 0;0; 0; 
30.1007130146; 103040; 0.0; 0.0; -0.16049; 0.0; 0.0; 0.0; 0.0; 0.0; 0.0; 0.0; 0.0; 0.0; 0.0; 0.0; 0.0; 0.0; 0.0; 1.65; 0.97; 3.38; 496.43; 25.0; -25.0; 0.0; 0; 0; 0.0; 0.0; 1; 6.12756615582; 1.13357226451; 1.25012735235; 0; 0; 0; 0; 0.0; 0.0; 0.0; -1.0; 0.0; 0.0; 0.0; 0.0; 0.0; 1.0;0; 0;0; 0; 
30.1123139858; 103040; 0.0; 0.0; -0.16015; 0.0; 0.0; 0.0; 0.0; 0.0; 0.0; 0.0; 0.0; 0.0; 0.0; 0.0; 0.0; 0.0; 0.0; 1.65; 0.97; 3.38; 496.43; 25.0; -25.0; 0.0; 0; 0; 0.0; 0.0; 1; 6.12756615582; 1.13357226451; 1.25012735235; 0; 0; 0; 0; 0.0; 0.0; 0.0; -1.0; 0.0; 0.0; 0.0; 0.0; 0.0; 1.0;0; 0;0; 0; 
30.1241061687; 103050; 0.0; 0.0; -0.15933; 0.0; 0.0; 0.0; 0.0; 0.0; 0.0; 0.0; 0.0; 0.0; 0.0; 0.0; 0.0; 0.0; 0.0; 1.65; 0.97; 3.38; 496.43; 25.0; -25.0; 0.0; 0; 0; 0.0; 0.0; 1; 6.12756615582; 1.13357226451; 1.25012735235; 0; 0; 0; 0; 0.0; 0.0; 0.0; -1.0; 0.0; 0.0; 0.0; 0.0; 0.0; 1.0;0; 0;0; 0; 
30.1352729797; 103050; 0.0; 0.0; -0.15815; 0.0; 0.0; 0.0; 0.0; 0.0; 0.0; 0.0; 0.0; 0.0; 0.0; 0.0; 0.0; 0.0; 0.0; 1.65; 0.97; 3.38; 496.43; 25.0; -25.0; 0.0; 0; 0; 0.0; 0.0; 1; 6.12756615582; 1.13357226451; 1.25012735235; 0; 0; 0; 0; 0.0; 0.0; 0.0; -1.0; 0.0; 0.0; 0.0; 0.0; 0.0; 1.0;0; 0;0; 0; 
30.1474699974; 103060; 0.0; 0.0; -0.15671; 0.0; 0.0; 0.0; 0.0; 0.0; 0.0; 0.0; 0.0; 0.0; 0.0; 0.0; 0.0; 0.0; 0.0; 1.65; 0.97; 3.38; 496.43; 25.0; -25.0; 0.0; 0; 0; 0.0; 0.0; 1; 6.12756615582; 1.13357226451; 1.25012735235; 0; 0; 0; 0; 0.0; 0.0; 0.0; -1.0; 0.0; 0.0; 0.0; 0.0; 0.0; 1.0;0; 0;0; 0; 
30.1581699848; 103060; 0.0; 0.0; -0.15519; 0.0; 0.0; 0.0; 0.0; 0.0; 0.0; 0.0; 0.0; 0.0; 0.0; 0.0; 0.0; 0.0; 0.0; 1.65; 0.97; 3.38; 496.43; 25.0; -25.0; 0.0; 0; 0; 0.0; 0.0; 1; 6.12756615582; 1.13357226451; 1.25012735235; 0; 0; 0; 0; 0.0; 0.0; 0.0; -1.0; 0.0; 0.0; 0.0; 0.0; 0.0; 1.0;0; 0;0; 0; 
30.1703221798; 103070; 0.0; 0.0; -0.15366; 0.0; 0.0; 0.0; 0.0; 0.0; 0.0; 0.0; 0.0; 0.0; 0.0; 0.0; 0.0; 0.0; 0.0; 1.65; 0.97; 3.38; 496.43; 25.0; -25.0; 0.0; 0; 0; 0.0; 0.0; 1; 6.12756615582; 1.13357226451; 1.25012735235; 0; 0; 0; 0; 0.0; 0.0; 0.0; -1.0; 0.0; 0.0; 0.0; 0.0; 0.0; 1.0;0; 0;0; 0; 
30.1810901165; 103070; 0.0; 0.0; -0.15205; 0.0; 0.0; 0.0; 0.0; 0.0; 0.0; 0.0; 0.0; 0.0; 0.0; 0.0; 0.0; 0.0; 0.0; 1.65; 0.97; 3.38; 496.43; 25.0; -25.0; 0.0; 0; 0; 0.0; 0.0; 1; 6.12756615582; 1.13357226451; 1.25012735235; 0; 0; 0; 0; 0.0; 0.0; 0.0; -1.0; 0.0; 0.0; 0.0; 0.0; 0.0; 1.0;0; 0;0; 0; 
30.1930150986; 103080; 0.0; 0.0; -0.15043; 0.0; 0.0; 0.0; 0.0; 0.0; 0.0; 0.0; 0.0; 0.0; 0.0; 0.0; 0.0; 0.0; 0.0; 1.65; 0.97; 3.38; 496.43; 25.0; -25.0; 0.0; 0; 0; 0.0; 0.0; 1; 6.12756615582; 1.13357226451; 1.25012735235; 0; 0; 0; 0; 0.0; 0.0; 0.0; -1.0; 0.0; 0.0; 0.0; 0.0; 0.0; 1.0;0; 0;0; 0; 
30.2038230896; 103080; 0.0; 0.0; -0.14882; 0.0; 0.0; 0.0; 0.0; 0.0; 0.0; 0.0; 0.0; 0.0; 0.0; 0.0; 0.0; 0.0; 0.0; 1.65; 0.97; 3.38; 496.43; 25.0; -25.0; 0.0; 0; 0; 0.0; 0.0; 1; 6.12756615582; 1.13357226451; 1.25012735235; 0; 0; 0; 0; 0.0; 0.0; 0.0; -1.0; 0.0; 0.0; 0.0; 0.0; 0.0; 1.0;0; 0;0; 0; 
30.2151501179; 103090; 0.0; 0.0; -0.14726; 0.0; 0.0; 0.0; 0.0; 0.0; 0.0; 0.0; 0.0; 0.0; 0.0; 0.0; 0.0; 0.0; 0.0; 1.65; 0.97; 3.38; 496.43; 25.0; -25.0; 0.0; 0; 0; 0.0; 0.0; 1; 6.12756615582; 1.13357226451; 1.25012735235; 0; 0; 0; 0; 0.0; 0.0; 0.0; -1.0; 0.0; 0.0; 0.0; 0.0; 0.0; 1.0;0; 0;0; 0; 
30.2263550758; 103090; 0.0; 0.0; -0.14577; 0.0; 0.0; 0.0; 0.0; 0.0; 0.0; 0.0; 0.0; 0.0; 0.0; 0.0; 0.0; 0.0; 0.0; 1.65; 0.97; 3.38; 496.43; 25.0; -25.0; 0.0; 0; 0; 0.0; 0.0; 1; 6.12756615582; 1.13357226451; 1.25012735235; 0; 0; 0; 0; 0.0; 0.0; 0.0; -1.0; 0.0; 0.0; 0.0; 0.0; 0.0; 1.0;0; 0;0; 0; 
30.2377910614; 103100; 0.0; 0.0; -0.14447; 0.0; 0.0; 0.0; 0.0; 0.0; 0.0; 0.0; 0.0; 0.0; 0.0; 0.0; 0.0; 0.0; 0.0; 1.65; 0.97; 3.38; 496.43; 25.0; -25.0; 0.0; 0; 0; 0.0; 0.0; 1; 6.12756615582; 1.13357226451; 1.25012735235; 0; 0; 0; 0; 0.0; 0.0; 0.0; -1.0; 0.0; 0.0; 0.0; 0.0; 0.0; 1.0;0; 0;0; 0; 
30.2494590282; 103100; 0.0; 0.0; -0.14345; 0.0; 0.0; 0.0; 0.0; 0.0; 0.0; 0.0; 0.0; 0.0; 0.0; 0.0; 0.0; 0.0; 0.0; 1.65; 0.97; 3.38; 496.43; 25.0; -25.0; 0.0; 0; 0; 0.0; 0.0; 1; 6.12756615582; 1.13357226451; 1.25012735235; 0; 0; 0; 0; 0.0; 0.0; 0.0; -1.0; 0.0; 0.0; 0.0; 0.0; 0.0; 1.0;0; 0;0; 0; 
30.2605221272; 103110; 0.0; 0.0; -0.14284; 0.0; 0.0; 0.0; 0.0; 0.0; 0.0; 0.0; 0.0; 0.0; 0.0; 0.0; 0.0; 0.0; 0.0; 1.65; 0.97; 3.38; 496.43; 25.0; -25.0; 0.0; 0; 0; 0.0; 0.0; 1; 6.13777350142; 1.16510946707; 1.26757223634; 0; 0; 0; 0; 0.0; 0.0; 0.0; -1.0; 0.0; 0.0; 0.0; 0.0; 0.0; 1.0;0; 0;0; 0; 
30.2719521523; 103110; 0.0; 0.0; -0.14257; 0.0; 0.0; 0.0; 0.0; 0.0; 0.0; 0.0; 0.0; 0.0; 0.0; 0.0; 0.0; 0.0; 0.0; 1.59; 0.93; 3.96; 4.27; 25.0; -25.0; 0.0; 0; 0; 0.0; 0.0; 1; 6.13777350142; 1.16510946707; 1.26757223634; 0; 0; 0; 0; 0.0; 0.0; 0.0; -1.0; 0.0; 0.0; 0.0; 0.0; 0.0; 1.0;0; 0;0; 0; 
30.2836630344; 103120; 0.0; 0.0; -0.14256; 0.0; 0.0; 0.0; 0.0; 0.0; 0.0; 0.0; 0.0; 0.0; 0.0; 0.0; 0.0; 0.0; 0.0; 1.59; 0.93; 3.96; 4.27; 25.0; -25.0; 0.0; 0; 0; 0.0; 0.0; 1; 6.13777350142; 1.16510946707; 1.26757223634; 0; 0; 0; 0; 0.0; 0.0; 0.0; -1.0; 0.0; 0.0; 0.0; 0.0; 0.0; 1.0;0; 0;0; 0; 
30.2948210239; 103120; 0.0; 0.0; -0.14277; 0.0; 0.0; 0.0; 0.0; 0.0; 0.0; 0.0; 0.0; 0.0; 0.0; 0.0; 0.0; 0.0; 0.0; 1.59; 0.93; 3.96; 4.27; 25.0; -25.0; 0.0; 0; 0; 0.0; 0.0; 1; 6.13777350142; 1.16510946707; 1.26757223634; 0; 0; 0; 0; 0.0; 0.0; 0.0; -1.0; 0.0; 0.0; 0.0; 0.0; 0.0; 1.0;0; 0;0; 0; 
30.3057551384; 103130; 0.0; 0.0; -0.14317; 0.0; 0.0; 0.0; 0.0; 0.0; 0.0; 0.0; 0.0; 0.0; 0.0; 0.0; 0.0; 0.0; 0.0; 1.59; 0.93; 3.96; 4.27; 25.0; -25.0; 0.0; 0; 0; 0.0; 0.0; 1; 6.13777350142; 1.16510946707; 1.26757223634; 0; 0; 0; 0; 0.0; 0.0; 0.0; -1.0; 0.0; 0.0; 0.0; 0.0; 0.0; 1.0;0; 0;0; 0; 
30.3169059753; 103130; 0.0; 0.0; -0.14374; 0.0; 0.0; 0.0; 0.0; 0.0; 0.0; 0.0; 0.0; 0.0; 0.0; 0.0; 0.0; 0.0; 0.0; 1.59; 0.93; 3.96; 4.27; 25.0; -25.0; 0.0; 0; 0; 0.0; 0.0; 1; 6.13777350142; 1.16510946707; 1.26757223634; 0; 0; 0; 0; 0.0; 0.0; 0.0; -1.0; 0.0; 0.0; 0.0; 0.0; 0.0; 1.0;0; 0;0; 0; 
30.3282151222; 103140; 0.0; 0.0; -0.14451; 0.0; 0.0; 0.0; 0.0; 0.0; 0.0; 0.0; 0.0; 0.0; 0.0; 0.0; 0.0; 0.0; 0.0; 1.59; 0.93; 3.96; 4.27; 25.0; -25.0; 0.0; 0; 0; 0.0; 0.0; 1; 6.13777350142; 1.16510946707; 1.26757223634; 0; 0; 0; 0; 0.0; 0.0; 0.0; -1.0; 0.0; 0.0; 0.0; 0.0; 0.0; 1.0;0; 0;0; 0; 
30.3401300907; 103140; 0.0; 0.0; -0.14549; 0.0; 0.0; 0.0; 0.0; 0.0; 0.0; 0.0; 0.0; 0.0; 0.0; 0.0; 0.0; 0.0; 0.0; 1.59; 0.93; 3.96; 4.27; 25.0; -25.0; 0.0; 0; 0; 0.0; 0.0; 1; 6.13777350142; 1.16510946707; 1.26757223634; 0; 0; 0; 0; 0.0; 0.0; 0.0; -1.0; 0.0; 0.0; 0.0; 0.0; 0.0; 1.0;0; 0;0; 0; 
30.3514091969; 103150; 0.0; 0.0; -0.14676; 0.0; 0.0; 0.0; 0.0; 0.0; 0.0; 0.0; 0.0; 0.0; 0.0; 0.0; 0.0; 0.0; 0.0; 1.59; 0.93; 3.96; 4.27; 25.0; -25.0; 0.0; 0; 0; 0.0; 0.0; 1; 6.13777350142; 1.16510946707; 1.26757223634; 0; 0; 0; 0; 0.0; 0.0; 0.0; -1.0; 0.0; 0.0; 0.0; 0.0; 0.0; 1.0;0; 0;0; 0; 
30.3625900745; 103150; 0.0; 0.0; -0.14831; 0.0; 0.0; 0.0; 0.0; 0.0; 0.0; 0.0; 0.0; 0.0; 0.0; 0.0; 0.0; 0.0; 0.0; 1.59; 0.93; 3.96; 4.27; 25.0; -25.0; 0.0; 0; 0; 0.0; 0.0; 1; 6.13777350142; 1.16510946707; 1.26757223634; 0; 0; 0; 0; 0.0; 0.0; 0.0; -1.0; 0.0; 0.0; 0.0; 0.0; 0.0; 1.0;0; 0;0; 0; 
30.3745911121; 103160; 0.0; 0.0; -0.14999; 0.0; 0.0; 0.0; 0.0; 0.0; 0.0; 0.0; 0.0; 0.0; 0.0; 0.0; 0.0; 0.0; 0.0; 1.59; 0.93; 3.96; 4.27; 25.0; -25.0; 0.0; 0; 0; 0.0; 0.0; 1; 6.13777350142; 1.16510946707; 1.26757223634; 0; 0; 0; 0; 0.0; 0.0; 0.0; -1.0; 0.0; 0.0; 0.0; 0.0; 0.0; 1.0;0; 0;0; 0; 
30.3874020576; 103160; 0.0; 0.0; -0.15162; 0.0; 0.0; 0.0; 0.0; 0.0; 0.0; 0.0; 0.0; 0.0; 0.0; 0.0; 0.0; 0.0; 0.0; 1.59; 0.93; 3.96; 4.27; 25.0; -25.0; 0.0; 0; 0; 0.0; 0.0; 1; 6.13777350142; 1.16510946707; 1.26757223634; 0; 0; 0; 0; 0.0; 0.0; 0.0; -1.0; 0.0; 0.0; 0.0; 0.0; 0.0; 1.0;0; 0;0; 0; 
30.3991441727; 103170; 0.0; 0.0; -0.153; 0.0; 0.0; 0.0; 0.0; 0.0; 0.0; 0.0; 0.0; 0.0; 0.0; 0.0; 0.0; 0.0; 0.0; 1.59; 0.93; 3.96; 4.27; 25.0; -25.0; 0.0; 0; 0; 0.0; 0.0; 1; 6.13777350142; 1.16510946707; 1.26757223634; 0; 0; 0; 0; 0.0; 0.0; 0.0; -1.0; 0.0; 0.0; 0.0; 0.0; 0.0; 1.0;0; 0;0; 0; 
30.4111180305; 103170; 0.0; 0.0; -0.15404; 0.0; 0.0; 0.0; 0.0; 0.0; 0.0; 0.0; 0.0; 0.0; 0.0; 0.0; 0.0; 0.0; 0.0; 1.59; 0.93; 3.96; 4.27; 25.0; -25.0; 0.0; 0; 0; 0.0; 0.0; 1; 6.13777350142; 1.16510946707; 1.26757223634; 0; 0; 0; 0; 0.0; 0.0; 0.0; -1.0; 0.0; 0.0; 0.0; 0.0; 0.0; 1.0;0; 0;0; 0; 
30.4234170914; 103180; 0.0; 0.0; -0.15464; 0.0; 0.0; 0.0; 0.0; 0.0; 0.0; 0.0; 0.0; 0.0; 0.0; 0.0; 0.0; 0.0; 0.0; 1.59; 0.93; 3.96; 4.27; 25.0; -25.0; 0.0; 0; 0; 0.0; 0.0; 1; 6.13777350142; 1.16510946707; 1.26757223634; 0; 0; 0; 0; 0.0; 0.0; 0.0; -1.0; 0.0; 0.0; 0.0; 0.0; 0.0; 1.0;0; 0;0; 0; 
30.4352040291; 103180; 0.0; 0.0; -0.1548; 0.0; 0.0; 0.0; 0.0; 0.0; 0.0; 0.0; 0.0; 0.0; 0.0; 0.0; 0.0; 0.0; 0.0; 1.59; 0.93; 3.96; 4.27; 25.0; -25.0; 0.0; 0; 0; 0.0; 0.0; 1; 6.13777350142; 1.16510946707; 1.26757223634; 0; 0; 0; 0; 0.0; 0.0; 0.0; -1.0; 0.0; 0.0; 0.0; 0.0; 0.0; 1.0;0; 0;0; 0; 
30.4471971989; 103190; 0.0; 0.0; -0.1545; 0.0; 0.0; 0.0; 0.0; 0.0; 0.0; 0.0; 0.0; 0.0; 0.0; 0.0; 0.0; 0.0; 0.0; 1.59; 0.93; 3.96; 4.27; 25.0; -25.0; 0.0; 0; 0; 0.0; 0.0; 1; 6.13777350142; 1.16510946707; 1.26757223634; 0; 0; 0; 0; 0.0; 0.0; 0.0; -1.0; 0.0; 0.0; 0.0; 0.0; 0.0; 1.0;0; 0;0; 0; 
30.4609789848; 103190; 0.0; 0.0; -0.1539; 0.0; 0.0; 0.0; 0.0; 0.0; 0.0; 0.0; 0.0; 0.0; 0.0; 0.0; 0.0; 0.0; 0.0; 1.59; 0.93; 3.96; 4.27; 25.0; -25.0; 0.0; 0; 0; 0.0; 0.0; 1; 6.13777350142; 1.16510946707; 1.26757223634; 0; 0; 0; 0; 0.0; 0.0; 0.0; -1.0; 0.0; 0.0; 0.0; 0.0; 0.0; 1.0;0; 0;0; 0; 
30.4738411903; 103200; 0.0; 0.0; -0.15314; 0.0; 0.0; 0.0; 0.0; 0.0; 0.0; 0.0; 0.0; 0.0; 0.0; 0.0; 0.0; 0.0; 0.0; 1.59; 0.93; 3.96; 4.27; 25.0; -25.0; 0.0; 0; 0; 0.0; 0.0; 1; 6.13777350142; 1.16510946707; 1.26757223634; 0; 0; 0; 0; 0.0; 0.0; 0.0; -1.0; 0.0; 0.0; 0.0; 0.0; 0.0; 1.0;0; 0;0; 0; 
30.4879570007; 103200; 0.0; 0.0; -0.15216; 0.0; 0.0; 0.0; 0.0; 0.0; 0.0; 0.0; 0.0; 0.0; 0.0; 0.0; 0.0; 0.0; 0.0; 1.59; 0.93; 3.96; 4.27; 25.0; -25.0; 0.0; 0; 0; 0.0; 0.0; 1; 6.13777350142; 1.16510946707; 1.26757223634; 0; 0; 0; 0; 0.0; 0.0; 0.0; -1.0; 0.0; 0.0; 0.0; 0.0; 0.0; 1.0;0; 0;0; 0; 
30.5025951862; 103210; 0.0; 0.0; -0.15106; 0.0; 0.0; 0.0; 0.0; 0.0; 0.0; 0.0; 0.0; 0.0; 0.0; 0.0; 0.0; 0.0; 0.0; 1.59; 0.93; 3.96; 4.27; 25.0; -25.0; 0.0; 0; 0; 0.0; 0.0; 1; 6.146350955; 1.19324937591; 1.2839772019; 0; 0; 0; 0; 0.0; 0.0; 0.0; -1.0; 0.0; 0.0; 0.0; 0.0; 0.0; 1.0;0; 0;0; 0; 
30.5167131424; 103210; 0.0; 0.0; -0.1498; 0.0; 0.0; 0.0; 0.0; 0.0; 0.0; 0.0; 0.0; 0.0; 0.0; 0.0; 0.0; 0.0; 0.0; 1.51; 0.93; 7.46; 4.27; 25.0; -25.0; 0.0; 0; 0; 0.0; 0.0; 1; 6.146350955; 1.19324937591; 1.2839772019; 0; 0; 0; 0; 0.0; 0.0; 0.0; -1.0; 0.0; 0.0; 0.0; 0.0; 0.0; 1.0;0; 0;0; 0; 
30.5299770832; 103220; 0.0; 0.0; -0.14853; 0.0; 0.0; 0.0; 0.0; 0.0; 0.0; 0.0; 0.0; 0.0; 0.0; 0.0; 0.0; 0.0; 0.0; 1.51; 0.93; 7.46; 4.27; 25.0; -25.0; 0.0; 0; 0; 0.0; 0.0; 1; 6.146350955; 1.19324937591; 1.2839772019; 0; 0; 0; 0; 0.0; 0.0; 0.0; -1.0; 0.0; 0.0; 0.0; 0.0; 0.0; 1.0;0; 0;0; 0; 
30.5432181358; 103220; 0.0; 0.0; -0.14728; 0.0; 0.0; 0.0; 0.0; 0.0; 0.0; 0.0; 0.0; 0.0; 0.0; 0.0; 0.0; 0.0; 0.0; 1.51; 0.93; 7.46; 4.27; 25.0; -25.0; 0.0; 0; 0; 0.0; 0.0; 1; 6.146350955; 1.19324937591; 1.2839772019; 0; 0; 0; 0; 0.0; 0.0; 0.0; -1.0; 0.0; 0.0; 0.0; 0.0; 0.0; 1.0;0; 0;0; 0; 
30.5548431873; 103230; 0.0; 0.0; -0.14604; 0.0; 0.0; 0.0; 0.0; 0.0; 0.0; 0.0; 0.0; 0.0; 0.0; 0.0; 0.0; 0.0; 0.0; 1.51; 0.93; 7.46; 4.27; 25.0; -25.0; 0.0; 0; 0; 0.0; 0.0; 1; 6.146350955; 1.19324937591; 1.2839772019; 0; 0; 0; 0; 0.0; 0.0; 0.0; -1.0; 0.0; 0.0; 0.0; 0.0; 0.0; 1.0;0; 0;0; 0; 
30.5659730434; 103230; 0.0; 0.0; -0.14508; 0.0; 0.0; 0.0; 0.0; 0.0; 0.0; 0.0; 0.0; 0.0; 0.0; 0.0; 0.0; 0.0; 0.0; 1.51; 0.93; 7.46; 4.27; 25.0; -25.0; 0.0; 0; 0; 0.0; 0.0; 1; 6.146350955; 1.19324937591; 1.2839772019; 0; 0; 0; 0; 0.0; 0.0; 0.0; -1.0; 0.0; 0.0; 0.0; 0.0; 0.0; 1.0;0; 0;0; 0; 
30.5780251026; 103240; 0.0; 0.0; -0.14446; 0.0; 0.0; 0.0; 0.0; 0.0; 0.0; 0.0; 0.0; 0.0; 0.0; 0.0; 0.0; 0.0; 0.0; 1.51; 0.93; 7.46; 4.27; 25.0; -25.0; 0.0; 0; 0; 0.0; 0.0; 1; 6.146350955; 1.19324937591; 1.2839772019; 0; 0; 0; 0; 0.0; 0.0; 0.0; -1.0; 0.0; 0.0; 0.0; 0.0; 0.0; 1.0;0; 0;0; 0; 
30.5902121067; 103240; 0.0; 0.0; -0.14424; 0.0; 0.0; 0.0; 0.0; 0.0; 0.0; 0.0; 0.0; 0.0; 0.0; 0.0; 0.0; 0.0; 0.0; 1.51; 0.93; 7.46; 4.27; 25.0; -25.0; 0.0; 0; 0; 0.0; 0.0; 1; 6.146350955; 1.19324937591; 1.2839772019; 0; 0; 0; 0; 0.0; 0.0; 0.0; -1.0; 0.0; 0.0; 0.0; 0.0; 0.0; 1.0;0; 0;0; 0; 
30.6019201279; 103250; 0.0; 0.0; -0.14442; 0.0; 0.0; 0.0; 0.0; 0.0; 0.0; 0.0; 0.0; 0.0; 0.0; 0.0; 0.0; 0.0; 0.0; 1.51; 0.93; 7.46; 4.27; 25.0; -25.0; 0.0; 0; 0; 0.0; 0.0; 1; 6.146350955; 1.19324937591; 1.2839772019; 0; 0; 0; 0; 0.0; 0.0; 0.0; -1.0; 0.0; 0.0; 0.0; 0.0; 0.0; 1.0;0; 0;0; 0; 
30.6143980026; 103250; 0.0; 0.0; -0.14491; 0.0; 0.0; 0.0; 0.0; 0.0; 0.0; 0.0; 0.0; 0.0; 0.0; 0.0; 0.0; 0.0; 0.0; 1.51; 0.93; 7.46; 4.27; 25.0; -25.0; 0.0; 0; 0; 0.0; 0.0; 1; 6.146350955; 1.19324937591; 1.2839772019; 0; 0; 0; 0; 0.0; 0.0; 0.0; -1.0; 0.0; 0.0; 0.0; 0.0; 0.0; 1.0;0; 0;0; 0; 
30.6261281967; 103260; 0.0; 0.0; -0.14571; 0.0; 0.0; 0.0; 0.0; 0.0; 0.0; 0.0; 0.0; 0.0; 0.0; 0.0; 0.0; 0.0; 0.0; 1.51; 0.93; 7.46; 4.27; 25.0; -25.0; 0.0; 0; 0; 0.0; 0.0; 1; 6.146350955; 1.19324937591; 1.2839772019; 0; 0; 0; 0; 0.0; 0.0; 0.0; -1.0; 0.0; 0.0; 0.0; 0.0; 0.0; 1.0;0; 0;0; 0; 
30.6384840012; 103260; 0.0; 0.0; -0.14671; 0.0; 0.0; 0.0; 0.0; 0.0; 0.0; 0.0; 0.0; 0.0; 0.0; 0.0; 0.0; 0.0; 0.0; 1.51; 0.93; 7.46; 4.27; 25.0; -25.0; 0.0; 0; 0; 0.0; 0.0; 1; 6.146350955; 1.19324937591; 1.2839772019; 0; 0; 0; 0; 0.0; 0.0; 0.0; -1.0; 0.0; 0.0; 0.0; 0.0; 0.0; 1.0;0; 0;0; 0; 
30.6515321732; 103270; 0.0; 0.0; -0.14777; 0.0; 0.0; 0.0; 0.0; 0.0; 0.0; 0.0; 0.0; 0.0; 0.0; 0.0; 0.0; 0.0; 0.0; 1.51; 0.93; 7.46; 4.27; 25.0; -25.0; 0.0; 0; 0; 0.0; 0.0; 1; 6.146350955; 1.19324937591; 1.2839772019; 0; 0; 0; 0; 0.0; 0.0; 0.0; -1.0; 0.0; 0.0; 0.0; 0.0; 0.0; 1.0;0; 0;0; 0; 
30.6642920971; 103270; 0.0; 0.0; -0.14887; 0.0; 0.0; 0.0; 0.0; 0.0; 0.0; 0.0; 0.0; 0.0; 0.0; 0.0; 0.0; 0.0; 0.0; 1.51; 0.93; 7.46; 4.27; 25.0; -25.0; 0.0; 0; 0; 0.0; 0.0; 1; 6.146350955; 1.19324937591; 1.2839772019; 0; 0; 0; 0; 0.0; 0.0; 0.0; -1.0; 0.0; 0.0; 0.0; 0.0; 0.0; 1.0;0; 0;0; 0; 
30.6777830124; 103280; 0.0; 0.0; -0.15005; 0.0; 0.0; 0.0; 0.0; 0.0; 0.0; 0.0; 0.0; 0.0; 0.0; 0.0; 0.0; 0.0; 0.0; 1.51; 0.93; 7.46; 4.27; 25.0; -25.0; 0.0; 0; 0; 0.0; 0.0; 1; 6.146350955; 1.19324937591; 1.2839772019; 0; 0; 0; 0; 0.0; 0.0; 0.0; -1.0; 0.0; 0.0; 0.0; 0.0; 0.0; 1.0;0; 0;0; 0; 
30.6911480427; 103280; 0.0; 0.0; -0.15132; 0.0; 0.0; 0.0; 0.0; 0.0; 0.0; 0.0; 0.0; 0.0; 0.0; 0.0; 0.0; 0.0; 0.0; 1.51; 0.93; 7.46; 4.27; 25.0; -25.0; 0.0; 0; 0; 0.0; 0.0; 1; 6.146350955; 1.19324937591; 1.2839772019; 0; 0; 0; 0; 0.0; 0.0; 0.0; -1.0; 0.0; 0.0; 0.0; 0.0; 0.0; 1.0;0; 0;0; 0; 
30.7038321495; 103290; 0.0; 0.0; -0.15275; 0.0; 0.0; 0.0; 0.0; 0.0; 0.0; 0.0; 0.0; 0.0; 0.0; 0.0; 0.0; 0.0; 0.0; 1.51; 0.93; 7.46; 4.27; 25.0; -25.0; 0.0; 0; 0; 0.0; 0.0; 1; 6.146350955; 1.19324937591; 1.2839772019; 0; 0; 0; 0; 0.0; 0.0; 0.0; -1.0; 0.0; 0.0; 0.0; 0.0; 0.0; 1.0;0; 0;0; 0; 
30.7172241211; 103290; 0.0; 0.0; -0.15426; 0.0; 0.0; 0.0; 0.0; 0.0; 0.0; 0.0; 0.0; 0.0; 0.0; 0.0; 0.0; 0.0; 0.0; 1.51; 0.93; 7.46; 4.27; 25.0; -25.0; 0.0; 0; 0; 0.0; 0.0; 1; 6.146350955; 1.19324937591; 1.2839772019; 0; 0; 0; 0; 0.0; 0.0; 0.0; -1.0; 0.0; 0.0; 0.0; 0.0; 0.0; 1.0;0; 0;0; 0; 
30.7316110134; 103300; 0.0; 0.0; -0.15579; 0.0; 0.0; 0.0; 0.0; 0.0; 0.0; 0.0; 0.0; 0.0; 0.0; 0.0; 0.0; 0.0; 0.0; 1.51; 0.93; 7.46; 4.27; 25.0; -25.0; 0.0; 0; 0; 0.0; 0.0; 1; 6.146350955; 1.19324937591; 1.2839772019; 0; 0; 0; 0; 0.0; 0.0; 0.0; -1.0; 0.0; 0.0; 0.0; 0.0; 0.0; 1.0;0; 0;0; 0; 
30.7448301315; 103300; 0.0; 0.0; -0.1573; 0.0; 0.0; 0.0; 0.0; 0.0; 0.0; 0.0; 0.0; 0.0; 0.0; 0.0; 0.0; 0.0; 0.0; 1.51; 0.93; 7.46; 4.27; 25.0; -25.0; 0.0; 0; 0; 0.0; 0.0; 1; 6.146350955; 1.19324937591; 1.2839772019; 0; 0; 0; 0; 0.0; 0.0; 0.0; -1.0; 0.0; 0.0; 0.0; 0.0; 0.0; 1.0;0; 0;0; 0; 
30.7589581013; 103310; 0.0; 0.0; -0.15866; 0.0; 0.0; 0.0; 0.0; 0.0; 0.0; 0.0; 0.0; 0.0; 0.0; 0.0; 0.0; 0.0; 0.0; 1.51; 0.93; 3.93; 8.7; 25.0; -25.0; 0.0; 0; 0; 0.0; 0.0; 1; 6.15570230001; 1.22589085903; 1.30087199074; 0; 0; 0; 0; 0.0; 0.0; 0.0; -1.0; 0.0; 0.0; 0.0; 0.0; 0.0; 1.0;0; 0;0; 0; 
30.7690620422; 103310; 0.0; 0.0; -0.15978; 0.0; 0.0; 0.0; 0.0; 0.0; 0.0; 0.0; 0.0; 0.0; 0.0; 0.0; 0.0; 0.0; 0.0; 1.51; 0.93; 3.93; 8.7; 25.0; -25.0; 0.0; 0; 0; 0.0; 0.0; 1; 6.15570230001; 1.22589085903; 1.30087199074; 0; 0; 0; 0; 0.0; 0.0; 0.0; -1.0; 0.0; 0.0; 0.0; 0.0; 0.0; 1.0;0; 0;0; 0; 
30.7796521187; 103320; 0.0; 0.0; -0.16057; 0.0; 0.0; 0.0; 0.0; 0.0; 0.0; 0.0; 0.0; 0.0; 0.0; 0.0; 0.0; 0.0; 0.0; 1.51; 0.93; 3.93; 8.7; 25.0; -25.0; 0.0; 0; 0; 0.0; 0.0; 1; 6.15570230001; 1.22589085903; 1.30087199074; 0; 0; 0; 0; 0.0; 0.0; 0.0; -1.0; 0.0; 0.0; 0.0; 0.0; 0.0; 1.0;0; 0;0; 0; 
30.791159153; 103320; 0.0; 0.0; -0.1611; 0.0; 0.0; 0.0; 0.0; 0.0; 0.0; 0.0; 0.0; 0.0; 0.0; 0.0; 0.0; 0.0; 0.0; 1.51; 0.93; 3.93; 8.7; 25.0; -25.0; 0.0; 0; 0; 0.0; 0.0; 1; 6.15570230001; 1.22589085903; 1.30087199074; 0; 0; 0; 0; 0.0; 0.0; 0.0; -1.0; 0.0; 0.0; 0.0; 0.0; 0.0; 1.0;0; 0;0; 0; 
30.8021559715; 103330; 0.0; 0.0; -0.16144; 0.0; 0.0; 0.0; 0.0; 0.0; 0.0; 0.0; 0.0; 0.0; 0.0; 0.0; 0.0; 0.0; 0.0; 1.51; 0.93; 3.93; 8.7; 25.0; -25.0; 0.0; 0; 0; 0.0; 0.0; 1; 6.15570230001; 1.22589085903; 1.30087199074; 0; 0; 0; 0; 0.0; 0.0; 0.0; -1.0; 0.0; 0.0; 0.0; 0.0; 0.0; 1.0;0; 0;0; 0; 
30.8127410412; 103330; 0.0; 0.0; -0.16164; 0.0; 0.0; 0.0; 0.0; 0.0; 0.0; 0.0; 0.0; 0.0; 0.0; 0.0; 0.0; 0.0; 0.0; 1.51; 0.93; 3.93; 8.7; 25.0; -25.0; 0.0; 0; 0; 0.0; 0.0; 1; 6.15570230001; 1.22589085903; 1.30087199074; 0; 0; 0; 0; 0.0; 0.0; 0.0; -1.0; 0.0; 0.0; 0.0; 0.0; 0.0; 1.0;0; 0;0; 0; 
30.8245770931; 103340; 0.0; 0.0; -0.16174; 0.0; 0.0; 0.0; 0.0; 0.0; 0.0; 0.0; 0.0; 0.0; 0.0; 0.0; 0.0; 0.0; 0.0; 1.51; 0.93; 3.93; 8.7; 25.0; -25.0; 0.0; 0; 0; 0.0; 0.0; 1; 6.15570230001; 1.22589085903; 1.30087199074; 0; 0; 0; 0; 0.0; 0.0; 0.0; -1.0; 0.0; 0.0; 0.0; 0.0; 0.0; 1.0;0; 0;0; 0; 
30.8368871212; 103340; 0.0; 0.0; -0.16174; 0.0; 0.0; 0.0; 0.0; 0.0; 0.0; 0.0; 0.0; 0.0; 0.0; 0.0; 0.0; 0.0; 0.0; 1.51; 0.93; 3.93; 8.7; 25.0; -25.0; 0.0; 0; 0; 0.0; 0.0; 1; 6.15570230001; 1.22589085903; 1.30087199074; 0; 0; 0; 0; 0.0; 0.0; 0.0; -1.0; 0.0; 0.0; 0.0; 0.0; 0.0; 1.0;0; 0;0; 0; 
30.8473141193; 103350; 0.0; 0.0; -0.16166; 0.0; 0.0; 0.0; 0.0; 0.0; 0.0; 0.0; 0.0; 0.0; 0.0; 0.0; 0.0; 0.0; 0.0; 1.51; 0.93; 3.93; 8.7; 25.0; -25.0; 0.0; 0; 0; 0.0; 0.0; 1; 6.15570230001; 1.22589085903; 1.30087199074; 0; 0; 0; 0; 0.0; 0.0; 0.0; -1.0; 0.0; 0.0; 0.0; 0.0; 0.0; 1.0;0; 0;0; 0; 
30.8597521782; 103350; 0.0; 0.0; -0.16145; 0.0; 0.0; 0.0; 0.0; 0.0; 0.0; 0.0; 0.0; 0.0; 0.0; 0.0; 0.0; 0.0; 0.0; 1.51; 0.93; 3.93; 8.7; 25.0; -25.0; 0.0; 0; 0; 0.0; 0.0; 1; 6.15570230001; 1.22589085903; 1.30087199074; 0; 0; 0; 0; 0.0; 0.0; 0.0; -1.0; 0.0; 0.0; 0.0; 0.0; 0.0; 1.0;0; 0;0; 0; 
30.8693511486; 103360; 0.0; 0.0; -0.16105; 0.0; 0.0; 0.0; 0.0; 0.0; 0.0; 0.0; 0.0; 0.0; 0.0; 0.0; 0.0; 0.0; 0.0; 1.51; 0.93; 3.93; 8.7; 25.0; -25.0; 0.0; 0; 0; 0.0; 0.0; 1; 6.15570230001; 1.22589085903; 1.30087199074; 0; 0; 0; 0; 0.0; 0.0; 0.0; -1.0; 0.0; 0.0; 0.0; 0.0; 0.0; 1.0;0; 0;0; 0; 
30.8813900948; 103360; 0.0; 0.0; -0.1605; 0.0; 0.0; 0.0; 0.0; 0.0; 0.0; 0.0; 0.0; 0.0; 0.0; 0.0; 0.0; 0.0; 0.0; 1.51; 0.93; 3.93; 8.7; 25.0; -25.0; 0.0; 0; 0; 0.0; 0.0; 1; 6.15570230001; 1.22589085903; 1.30087199074; 0; 0; 0; 0; 0.0; 0.0; 0.0; -1.0; 0.0; 0.0; 0.0; 0.0; 0.0; 1.0;0; 0;0; 0; 
30.8941321373; 103370; 0.0; 0.0; -0.15987; 0.0; 0.0; 0.0; 0.0; 0.0; 0.0; 0.0; 0.0; 0.0; 0.0; 0.0; 0.0; 0.0; 0.0; 1.51; 0.93; 3.93; 8.7; 25.0; -25.0; 0.0; 0; 0; 0.0; 0.0; 1; 6.15570230001; 1.22589085903; 1.30087199074; 0; 0; 0; 0; 0.0; 0.0; 0.0; -1.0; 0.0; 0.0; 0.0; 0.0; 0.0; 1.0;0; 0;0; 0; 
30.9061431885; 103370; 0.0; 0.0; -0.15925; 0.0; 0.0; 0.0; 0.0; 0.0; 0.0; 0.0; 0.0; 0.0; 0.0; 0.0; 0.0; 0.0; 0.0; 1.51; 0.93; 3.93; 8.7; 25.0; -25.0; 0.0; 0; 0; 0.0; 0.0; 1; 6.15570230001; 1.22589085903; 1.30087199074; 0; 0; 0; 0; 0.0; 0.0; 0.0; -1.0; 0.0; 0.0; 0.0; 0.0; 0.0; 1.0;0; 0;0; 0; 
30.9178490639; 103380; 0.0; 0.0; -0.15864; 0.0; 0.0; 0.0; 0.0; 0.0; 0.0; 0.0; 0.0; 0.0; 0.0; 0.0; 0.0; 0.0; 0.0; 1.51; 0.93; 3.93; 8.7; 25.0; -25.0; 0.0; 0; 0; 0.0; 0.0; 1; 6.15570230001; 1.22589085903; 1.30087199074; 0; 0; 0; 0; 0.0; 0.0; 0.0; -1.0; 0.0; 0.0; 0.0; 0.0; 0.0; 1.0;0; 0;0; 0; 
30.9289250374; 103380; 0.0; 0.0; -0.15807; 0.0; 0.0; 0.0; 0.0; 0.0; 0.0; 0.0; 0.0; 0.0; 0.0; 0.0; 0.0; 0.0; 0.0; 1.51; 0.93; 3.93; 8.7; 25.0; -25.0; 0.0; 0; 0; 0.0; 0.0; 1; 6.15570230001; 1.22589085903; 1.30087199074; 0; 0; 0; 0; 0.0; 0.0; 0.0; -1.0; 0.0; 0.0; 0.0; 0.0; 0.0; 1.0;0; 0;0; 0; 
30.9411430359; 103390; 0.0; 0.0; -0.15759; 0.0; 0.0; 0.0; 0.0; 0.0; 0.0; 0.0; 0.0; 0.0; 0.0; 0.0; 0.0; 0.0; 0.0; 1.51; 0.93; 3.93; 8.7; 25.0; -25.0; 0.0; 0; 0; 0.0; 0.0; 1; 6.15570230001; 1.22589085903; 1.30087199074; 0; 0; 0; 0; 0.0; 0.0; 0.0; -1.0; 0.0; 0.0; 0.0; 0.0; 0.0; 1.0;0; 0;0; 0; 
30.9527139664; 103390; 0.0; 0.0; -0.15713; 0.0; 0.0; 0.0; 0.0; 0.0; 0.0; 0.0; 0.0; 0.0; 0.0; 0.0; 0.0; 0.0; 0.0; 1.51; 0.93; 3.93; 8.7; 25.0; -25.0; 0.0; 0; 0; 0.0; 0.0; 1; 6.15570230001; 1.22589085903; 1.30087199074; 0; 0; 0; 0; 0.0; 0.0; 0.0; -1.0; 0.0; 0.0; 0.0; 0.0; 0.0; 1.0;0; 0;0; 0; 
30.9637920856; 103400; 0.0; 0.0; -0.15663; 0.0; 0.0; 0.0; 0.0; 0.0; 0.0; 0.0; 0.0; 0.0; 0.0; 0.0; 0.0; 0.0; 0.0; 1.51; 0.93; 3.93; 8.7; 25.0; -25.0; 0.0; 0; 0; 0.0; 0.0; 1; 6.15570230001; 1.22589085903; 1.30087199074; 0; 0; 0; 0; 0.0; 0.0; 0.0; -1.0; 0.0; 0.0; 0.0; 0.0; 0.0; 1.0;0; 0;0; 0; 
30.9753940105; 103400; 0.0; 0.0; -0.15606; 0.0; 0.0; 0.0; 0.0; 0.0; 0.0; 0.0; 0.0; 0.0; 0.0; 0.0; 0.0; 0.0; 0.0; 1.51; 0.93; 3.93; 8.7; 25.0; -25.0; 0.0; 0; 0; 0.0; 0.0; 1; 6.15570230001; 1.22589085903; 1.30087199074; 0; 0; 0; 0; 0.0; 0.0; 0.0; -1.0; 0.0; 0.0; 0.0; 0.0; 0.0; 1.0;0; 0;0; 0; 
30.986136198; 103410; 0.0; 0.0; -0.15542; 0.0; 0.0; 0.0; 0.0; 0.0; 0.0; 0.0; 0.0; 0.0; 0.0; 0.0; 0.0; 0.0; 0.0; 1.51; 0.93; 3.93; 8.7; 25.0; -25.0; 0.0; 0; 0; 0.0; 0.0; 1; 6.16596215282; 1.26423708047; 1.31937156541; 0; 0; 0; 0; 0.0; 0.0; 0.0; -1.0; 0.0; 0.0; 0.0; 0.0; 0.0; 1.0;0; 0;0; 0; 
30.9979820251; 103410; 0.0; 0.0; -0.15481; 0.0; 0.0; 0.0; 0.0; 0.0; 0.0; 0.0; 0.0; 0.0; 0.0; 0.0; 0.0; 0.0; 0.0; 1.51; 0.93; 3.93; 8.7; 25.0; -25.0; 0.0; 0; 0; 0.0; 0.0; 1; 6.16596215282; 1.26423708047; 1.31937156541; 0; 0; 0; 0; 0.0; 0.0; 0.0; -1.0; 0.0; 0.0; 0.0; 0.0; 0.0; 1.0;0; 0;0; 0; 
31.009086132; 103420; 0.0; 0.0; -0.15425; 0.0; 0.0; 0.0; 0.0; 0.0; 0.0; 0.0; 0.0; 0.0; 0.0; 0.0; 0.0; 0.0; 0.0; 1.51; 0.93; 3.93; 8.7; 25.0; -25.0; 0.0; 0; 0; 0.0; 0.0; 1; 6.16596215282; 1.26423708047; 1.31937156541; 0; 0; 0; 0; 0.0; 0.0; 0.0; -1.0; 0.0; 0.0; 0.0; 0.0; 0.0; 1.0;0; 0;0; 0; 
31.021143198; 103420; 0.0; 0.0; -0.15376; 0.0; 0.0; 0.0; 0.0; 0.0; 0.0; 0.0; 0.0; 0.0; 0.0; 0.0; 0.0; 0.0; 0.0; 1.51; 0.93; 3.93; 8.7; 25.0; -25.0; 0.0; 0; 0; 0.0; 0.0; 1; 6.16596215282; 1.26423708047; 1.31937156541; 0; 0; 0; 0; 0.0; 0.0; 0.0; -1.0; 0.0; 0.0; 0.0; 0.0; 0.0; 1.0;0; 0;0; 0; 
31.0318181515; 103430; 0.0; 0.0; -0.15333; 0.0; 0.0; 0.0; 0.0; 0.0; 0.0; 0.0; 0.0; 0.0; 0.0; 0.0; 0.0; 0.0; 0.0; 1.51; 0.93; 3.93; 8.7; 25.0; -25.0; 0.0; 0; 0; 0.0; 0.0; 1; 6.16596215282; 1.26423708047; 1.31937156541; 0; 0; 0; 0; 0.0; 0.0; 0.0; -1.0; 0.0; 0.0; 0.0; 0.0; 0.0; 1.0;0; 0;0; 0; 
31.0437099934; 103430; 0.0; 0.0; -0.15297; 0.0; 0.0; 0.0; 0.0; 0.0; 0.0; 0.0; 0.0; 0.0; 0.0; 0.0; 0.0; 0.0; 0.0; 1.51; 0.93; 3.93; 8.7; 25.0; -25.0; 0.0; 0; 0; 0.0; 0.0; 1; 6.16596215282; 1.26423708047; 1.31937156541; 0; 0; 0; 0; 0.0; 0.0; 0.0; -1.0; 0.0; 0.0; 0.0; 0.0; 0.0; 1.0;0; 0;0; 0; 
31.0551331043; 103440; 0.0; 0.0; -0.15264; 0.0; 0.0; 0.0; 0.0; 0.0; 0.0; 0.0; 0.0; 0.0; 0.0; 0.0; 0.0; 0.0; 0.0; 1.51; 0.93; 3.93; 8.7; 25.0; -25.0; 0.0; 0; 0; 0.0; 0.0; 1; 6.16596215282; 1.26423708047; 1.31937156541; 0; 0; 0; 0; 0.0; 0.0; 0.0; -1.0; 0.0; 0.0; 0.0; 0.0; 0.0; 1.0;0; 0;0; 0; 
31.0668020248; 103440; 0.0; 0.0; -0.15225; 0.0; 0.0; 0.0; 0.0; 0.0; 0.0; 0.0; 0.0; 0.0; 0.0; 0.0; 0.0; 0.0; 0.0; 1.51; 0.93; 3.93; 8.7; 25.0; -25.0; 0.0; 0; 0; 0.0; 0.0; 1; 6.16596215282; 1.26423708047; 1.31937156541; 0; 0; 0; 0; 0.0; 0.0; 0.0; -1.0; 0.0; 0.0; 0.0; 0.0; 0.0; 1.0;0; 0;0; 0; 
31.0779211521; 103450; 0.0; 0.0; -0.15182; 0.0; 0.0; 0.0; 0.0; 0.0; 0.0; 0.0; 0.0; 0.0; 0.0; 0.0; 0.0; 0.0; 0.0; 1.51; 0.93; 3.93; 8.7; 25.0; -25.0; 0.0; 0; 0; 0.0; 0.0; 1; 6.16596215282; 1.26423708047; 1.31937156541; 0; 0; 0; 0; 0.0; 0.0; 0.0; -1.0; 0.0; 0.0; 0.0; 0.0; 0.0; 1.0;0; 0;0; 0; 
31.0889310837; 103450; 0.0; 0.0; -0.15145; 0.0; 0.0; 0.0; 0.0; 0.0; 0.0; 0.0; 0.0; 0.0; 0.0; 0.0; 0.0; 0.0; 0.0; 1.51; 0.93; 3.93; 8.7; 25.0; -25.0; 0.0; 0; 0; 0.0; 0.0; 1; 6.16596215282; 1.26423708047; 1.31937156541; 0; 0; 0; 0; 0.0; 0.0; 0.0; -1.0; 0.0; 0.0; 0.0; 0.0; 0.0; 1.0;0; 0;0; 0; 
31.1004831791; 103460; 0.0; 0.0; -0.15119; 0.0; 0.0; 0.0; 0.0; 0.0; 0.0; 0.0; 0.0; 0.0; 0.0; 0.0; 0.0; 0.0; 0.0; 1.51; 0.93; 3.93; 8.7; 25.0; -25.0; 0.0; 0; 0; 0.0; 0.0; 1; 6.16596215282; 1.26423708047; 1.31937156541; 0; 0; 0; 0; 0.0; 0.0; 0.0; -1.0; 0.0; 0.0; 0.0; 0.0; 0.0; 1.0;0; 0;0; 0; 
31.1116321087; 103460; 0.0; 0.0; -0.15116; 0.0; 0.0; 0.0; 0.0; 0.0; 0.0; 0.0; 0.0; 0.0; 0.0; 0.0; 0.0; 0.0; 0.0; 1.51; 0.93; 3.93; 8.7; 25.0; -25.0; 0.0; 0; 0; 0.0; 0.0; 1; 6.16596215282; 1.26423708047; 1.31937156541; 0; 0; 0; 0; 0.0; 0.0; 0.0; -1.0; 0.0; 0.0; 0.0; 0.0; 0.0; 1.0;0; 0;0; 0; 
31.1232991219; 103470; 0.0; 0.0; -0.15133; 0.0; 0.0; 0.0; 0.0; 0.0; 0.0; 0.0; 0.0; 0.0; 0.0; 0.0; 0.0; 0.0; 0.0; 1.51; 0.93; 3.93; 8.7; 25.0; -25.0; 0.0; 0; 0; 0.0; 0.0; 1; 6.16596215282; 1.26423708047; 1.31937156541; 0; 0; 0; 0; 0.0; 0.0; 0.0; -1.0; 0.0; 0.0; 0.0; 0.0; 0.0; 1.0;0; 0;0; 0; 
31.1344480515; 103470; 0.0; 0.0; -0.15174; 0.0; 0.0; 0.0; 0.0; 0.0; 0.0; 0.0; 0.0; 0.0; 0.0; 0.0; 0.0; 0.0; 0.0; 1.51; 0.93; 3.93; 8.7; 25.0; -25.0; 0.0; 0; 0; 0.0; 0.0; 1; 6.16596215282; 1.26423708047; 1.31937156541; 0; 0; 0; 0; 0.0; 0.0; 0.0; -1.0; 0.0; 0.0; 0.0; 0.0; 0.0; 1.0;0; 0;0; 0; 
31.1454021931; 103480; 0.0; 0.0; -0.15237; 0.0; 0.0; 0.0; 0.0; 0.0; 0.0; 0.0; 0.0; 0.0; 0.0; 0.0; 0.0; 0.0; 0.0; 1.51; 0.93; 3.93; 8.7; 25.0; -25.0; 0.0; 0; 0; 0.0; 0.0; 1; 6.16596215282; 1.26423708047; 1.31937156541; 0; 0; 0; 0; 0.0; 0.0; 0.0; -1.0; 0.0; 0.0; 0.0; 0.0; 0.0; 1.0;0; 0;0; 0; 
31.1570160389; 103480; 0.0; 0.0; -0.15306; 0.0; 0.0; 0.0; 0.0; 0.0; 0.0; 0.0; 0.0; 0.0; 0.0; 0.0; 0.0; 0.0; 0.0; 1.51; 0.93; 3.93; 8.7; 25.0; -25.0; 0.0; 0; 0; 0.0; 0.0; 1; 6.16596215282; 1.26423708047; 1.31937156541; 0; 0; 0; 0; 0.0; 0.0; 0.0; -1.0; 0.0; 0.0; 0.0; 0.0; 0.0; 1.0;0; 0;0; 0; 
31.1680891514; 103490; 0.0; 0.0; -0.15374; 0.0; 0.0; 0.0; 0.0; 0.0; 0.0; 0.0; 0.0; 0.0; 0.0; 0.0; 0.0; 0.0; 0.0; 1.51; 0.93; 3.93; 8.7; 25.0; -25.0; 0.0; 0; 0; 0.0; 0.0; 1; 6.16596215282; 1.26423708047; 1.31937156541; 0; 0; 0; 0; 0.0; 0.0; 0.0; -1.0; 0.0; 0.0; 0.0; 0.0; 0.0; 1.0;0; 0;0; 0; 
31.1791651249; 103490; 0.0; 0.0; -0.15439; 0.0; 0.0; 0.0; 0.0; 0.0; 0.0; 0.0; 0.0; 0.0; 0.0; 0.0; 0.0; 0.0; 0.0; 1.51; 0.93; 3.93; 8.7; 25.0; -25.0; 0.0; 0; 0; 0.0; 0.0; 1; 6.16596215282; 1.26423708047; 1.31937156541; 0; 0; 0; 0; 0.0; 0.0; 0.0; -1.0; 0.0; 0.0; 0.0; 0.0; 0.0; 1.0;0; 0;0; 0; 
31.190071106; 103500; 0.0; 0.0; -0.15503; 0.0; 0.0; 0.0; 0.0; 0.0; 0.0; 0.0; 0.0; 0.0; 0.0; 0.0; 0.0; 0.0; 0.0; 1.51; 0.93; 3.93; 8.7; 25.0; -25.0; 0.0; 0; 0; 0.0; 0.0; 1; 6.16596215282; 1.26423708047; 1.31937156541; 0; 0; 0; 0; 0.0; 0.0; 0.0; -1.0; 0.0; 0.0; 0.0; 0.0; 0.0; 1.0;0; 0;0; 0; 
31.2012321949; 103500; 0.0; 0.0; -0.15568; 0.0; 0.0; 0.0; 0.0; 0.0; 0.0; 0.0; 0.0; 0.0; 0.0; 0.0; 0.0; 0.0; 0.0; 1.51; 0.93; 3.93; 8.7; 25.0; -25.0; 0.0; 0; 0; 0.0; 0.0; 1; 6.16596215282; 1.26423708047; 1.31937156541; 0; 0; 0; 0; 0.0; 0.0; 0.0; -1.0; 0.0; 0.0; 0.0; 0.0; 0.0; 1.0;0; 0;0; 0; 
31.2126750946; 103510; 0.0; 0.0; -0.15628; 0.0; 0.0; 0.0; 0.0; 0.0; 0.0; 0.0; 0.0; 0.0; 0.0; 0.0; 0.0; 0.0; 0.0; 1.51; 0.93; 3.93; 8.7; 25.0; -25.0; 0.0; 0; 0; 0.0; 0.0; 1; 6.1764264418; 1.30642891715; 1.33764612883; 0; 0; 0; 0; 0.0; 0.0; 0.0; -1.0; 0.0; 0.0; 0.0; 0.0; 0.0; 1.0;0; 0;0; 0; 
31.2239000797; 103510; 0.0; 0.0; -0.15678; 0.0; 0.0; 0.0; 0.0; 0.0; 0.0; 0.0; 0.0; 0.0; 0.0; 0.0; 0.0; 0.0; 0.0; 1.51; 0.93; 3.93; 8.7; 25.0; -25.0; 0.0; 0; 0; 0.0; 0.0; 1; 6.1764264418; 1.30642891715; 1.33764612883; 0; 0; 0; 0; 0.0; 0.0; 0.0; -1.0; 0.0; 0.0; 0.0; 0.0; 0.0; 1.0;0; 0;0; 0; 
31.2355670929; 103520; 0.0; 0.0; -0.15715; 0.0; 0.0; 0.0; 0.0; 0.0; 0.0; 0.0; 0.0; 0.0; 0.0; 0.0; 0.0; 0.0; 0.0; 1.51; 0.93; 3.93; 8.7; 25.0; -25.0; 0.0; 0; 0; 0.0; 0.0; 1; 6.1764264418; 1.30642891715; 1.33764612883; 0; 0; 0; 0; 0.0; 0.0; 0.0; -1.0; 0.0; 0.0; 0.0; 0.0; 0.0; 1.0;0; 0;0; 0; 
31.2473220825; 103520; 0.0; 0.0; -0.15739; 0.0; 0.0; 0.0; 0.0; 0.0; 0.0; 0.0; 0.0; 0.0; 0.0; 0.0; 0.0; 0.0; 0.0; 1.51; 0.93; 3.93; 8.7; 25.0; -25.0; 0.0; 0; 0; 0.0; 0.0; 1; 6.1764264418; 1.30642891715; 1.33764612883; 0; 0; 0; 0; 0.0; 0.0; 0.0; -1.0; 0.0; 0.0; 0.0; 0.0; 0.0; 1.0;0; 0;0; 0; 
31.2595820427; 103530; 0.0; 0.0; -0.15741; 0.0; 0.0; 0.0; 0.0; 0.0; 0.0; 0.0; 0.0; 0.0; 0.0; 0.0; 0.0; 0.0; 0.0; 1.51; 0.93; 3.93; 8.7; 25.0; -25.0; 0.0; 0; 0; 0.0; 0.0; 1; 6.1764264418; 1.30642891715; 1.33764612883; 0; 0; 0; 0; 0.0; 0.0; 0.0; -1.0; 0.0; 0.0; 0.0; 0.0; 0.0; 1.0;0; 0;0; 0; 
31.2711601257; 103530; 0.0; 0.0; -0.15725; 0.0; 0.0; 0.0; 0.0; 0.0; 0.0; 0.0; 0.0; 0.0; 0.0; 0.0; 0.0; 0.0; 0.0; 1.51; 0.93; 3.93; 8.7; 25.0; -25.0; 0.0; 0; 0; 0.0; 0.0; 1; 6.1764264418; 1.30642891715; 1.33764612883; 0; 0; 0; 0; 0.0; 0.0; 0.0; -1.0; 0.0; 0.0; 0.0; 0.0; 0.0; 1.0;0; 0;0; 0; 
31.2834990025; 103540; 0.0; 0.0; -0.15693; 0.0; 0.0; 0.0; 0.0; 0.0; 0.0; 0.0; 0.0; 0.0; 0.0; 0.0; 0.0; 0.0; 0.0; 1.51; 0.93; 3.93; 8.7; 25.0; -25.0; 0.0; 0; 0; 0.0; 0.0; 1; 6.1764264418; 1.30642891715; 1.33764612883; 0; 0; 0; 0; 0.0; 0.0; 0.0; -1.0; 0.0; 0.0; 0.0; 0.0; 0.0; 1.0;0; 0;0; 0; 
31.297175169; 103540; 0.0; 0.0; -0.15669; 0.0; 0.0; 0.0; 0.0; 0.0; 0.0; 0.0; 0.0; 0.0; 0.0; 0.0; 0.0; 0.0; 0.0; 1.52; 0.88; 4.02; 408.82; 25.0; -25.0; 0.0; 0; 0; 0.0; 0.0; 1; 6.1764264418; 1.30642891715; 1.33764612883; 0; 0; 0; 0; 0.0; 0.0; 0.0; -1.0; 0.0; 0.0; 0.0; 0.0; 0.0; 1.0;0; 0;0; 0; 
31.3078269958; 103550; 0.0; 0.0; -0.15661; 0.0; 0.0; 0.0; 0.0; 0.0; 0.0; 0.0; 0.0; 0.0; 0.0; 0.0; 0.0; 0.0; 0.0; 1.52; 0.88; 4.02; 408.82; 25.0; -25.0; 0.0; 0; 0; 0.0; 0.0; 1; 6.1764264418; 1.30642891715; 1.33764612883; 0; 0; 0; 0; 0.0; 0.0; 0.0; -1.0; 0.0; 0.0; 0.0; 0.0; 0.0; 1.0;0; 0;0; 0; 
31.3186640739; 103550; 0.0; 0.0; -0.15662; 0.0; 0.0; 0.0; 0.0; 0.0; 0.0; 0.0; 0.0; 0.0; 0.0; 0.0; 0.0; 0.0; 0.0; 1.52; 0.88; 4.02; 408.82; 25.0; -25.0; 0.0; 0; 0; 0.0; 0.0; 1; 6.1764264418; 1.30642891715; 1.33764612883; 0; 0; 0; 0; 0.0; 0.0; 0.0; -1.0; 0.0; 0.0; 0.0; 0.0; 0.0; 1.0;0; 0;0; 0; 
31.330188036; 103560; 0.0; 0.0; -0.15671; 0.0; 0.0; 0.0; 0.0; 0.0; 0.0; 0.0; 0.0; 0.0; 0.0; 0.0; 0.0; 0.0; 0.0; 1.52; 0.88; 4.02; 408.82; 25.0; -25.0; 0.0; 0; 0; 0.0; 0.0; 1; 6.1764264418; 1.30642891715; 1.33764612883; 0; 0; 0; 0; 0.0; 0.0; 0.0; -1.0; 0.0; 0.0; 0.0; 0.0; 0.0; 1.0;0; 0;0; 0; 
31.3422780037; 103560; 0.0; 0.0; -0.15681; 0.0; 0.0; 0.0; 0.0; 0.0; 0.0; 0.0; 0.0; 0.0; 0.0; 0.0; 0.0; 0.0; 0.0; 1.52; 0.88; 4.02; 408.82; 25.0; -25.0; 0.0; 0; 0; 0.0; 0.0; 1; 6.1764264418; 1.30642891715; 1.33764612883; 0; 0; 0; 0; 0.0; 0.0; 0.0; -1.0; 0.0; 0.0; 0.0; 0.0; 0.0; 1.0;0; 0;0; 0; 
31.353520155; 103570; 0.0; 0.0; -0.15691; 0.0; 0.0; 0.0; 0.0; 0.0; 0.0; 0.0; 0.0; 0.0; 0.0; 0.0; 0.0; 0.0; 0.0; 1.52; 0.88; 4.02; 408.82; 25.0; -25.0; 0.0; 0; 0; 0.0; 0.0; 1; 6.1764264418; 1.30642891715; 1.33764612883; 0; 0; 0; 0; 0.0; 0.0; 0.0; -1.0; 0.0; 0.0; 0.0; 0.0; 0.0; 1.0;0; 0;0; 0; 
31.3653821945; 103570; 0.0; 0.0; -0.15691; 0.0; 0.0; 0.0; 0.0; 0.0; 0.0; 0.0; 0.0; 0.0; 0.0; 0.0; 0.0; 0.0; 0.0; 1.52; 0.88; 4.02; 408.82; 25.0; -25.0; 0.0; 0; 0; 0.0; 0.0; 1; 6.1764264418; 1.30642891715; 1.33764612883; 0; 0; 0; 0; 0.0; 0.0; 0.0; -1.0; 0.0; 0.0; 0.0; 0.0; 0.0; 1.0;0; 0;0; 0; 
31.37728405; 103580; 0.0; 0.0; -0.1568; 0.0; 0.0; 0.0; 0.0; 0.0; 0.0; 0.0; 0.0; 0.0; 0.0; 0.0; 0.0; 0.0; 0.0; 1.52; 0.88; 4.02; 408.82; 25.0; -25.0; 0.0; 0; 0; 0.0; 0.0; 1; 6.1764264418; 1.30642891715; 1.33764612883; 0; 0; 0; 0; 0.0; 0.0; 0.0; -1.0; 0.0; 0.0; 0.0; 0.0; 0.0; 1.0;0; 0;0; 0; 
31.3884551525; 103580; 0.0; 0.0; -0.15674; 0.0; 0.0; 0.0; 0.0; 0.0; 0.0; 0.0; 0.0; 0.0; 0.0; 0.0; 0.0; 0.0; 0.0; 1.52; 0.88; 4.02; 408.82; 25.0; -25.0; 0.0; 0; 0; 0.0; 0.0; 1; 6.1764264418; 1.30642891715; 1.33764612883; 0; 0; 0; 0; 0.0; 0.0; 0.0; -1.0; 0.0; 0.0; 0.0; 0.0; 0.0; 1.0;0; 0;0; 0; 
31.4004991055; 103590; 0.0; 0.0; -0.15677; 0.0; 0.0; 0.0; 0.0; 0.0; 0.0; 0.0; 0.0; 0.0; 0.0; 0.0; 0.0; 0.0; 0.0; 1.52; 0.88; 4.02; 408.82; 25.0; -25.0; 0.0; 0; 0; 0.0; 0.0; 1; 6.1764264418; 1.30642891715; 1.33764612883; 0; 0; 0; 0; 0.0; 0.0; 0.0; -1.0; 0.0; 0.0; 0.0; 0.0; 0.0; 1.0;0; 0;0; 0; 
31.4116661549; 103590; 0.0; 0.0; -0.15699; 0.0; 0.0; 0.0; 0.0; 0.0; 0.0; 0.0; 0.0; 0.0; 0.0; 0.0; 0.0; 0.0; 0.0; 1.52; 0.88; 4.02; 408.82; 25.0; -25.0; 0.0; 0; 0; 0.0; 0.0; 1; 6.1764264418; 1.30642891715; 1.33764612883; 0; 0; 0; 0; 0.0; 0.0; 0.0; -1.0; 0.0; 0.0; 0.0; 0.0; 0.0; 1.0;0; 0;0; 0; 
31.4231259823; 103600; 0.0; 0.0; -0.15739; 0.0; 0.0; 0.0; 0.0; 0.0; 0.0; 0.0; 0.0; 0.0; 0.0; 0.0; 0.0; 0.0; 0.0; 1.52; 0.88; 4.02; 408.82; 25.0; -25.0; 0.0; 0; 0; 0.0; 0.0; 1; 6.1764264418; 1.30642891715; 1.33764612883; 0; 0; 0; 0; 0.0; 0.0; 0.0; -1.0; 0.0; 0.0; 0.0; 0.0; 0.0; 1.0;0; 0;0; 0; 
31.434720993; 103600; 0.0; 0.0; -0.15801; 0.0; 0.0; 0.0; 0.0; 0.0; 0.0; 0.0; 0.0; 0.0; 0.0; 0.0; 0.0; 0.0; 0.0; 1.52; 0.88; 4.02; 408.82; 25.0; -25.0; 0.0; 0; 0; 0.0; 0.0; 1; 6.1764264418; 1.30642891715; 1.33764612883; 0; 0; 0; 0; 0.0; 0.0; 0.0; -1.0; 0.0; 0.0; 0.0; 0.0; 0.0; 1.0;0; 0;0; 0; 
31.446917057; 103610; 0.0; 0.0; -0.15888; 0.0; 0.0; 0.0; 0.0; 0.0; 0.0; 0.0; 0.0; 0.0; 0.0; 0.0; 0.0; 0.0; 0.0; 1.52; 0.88; 4.02; 408.82; 25.0; -25.0; 0.0; 0; 0; 0.0; 0.0; 1; 6.18591872689; 1.34788960824; 1.35615613228; 0; 0; 0; 0; 0.0; 0.0; 0.0; -1.0; 0.0; 0.0; 0.0; 0.0; 0.0; 1.0;0; 0;0; 0; 
31.4597702026; 103610; 0.0; 0.0; -0.15983; 0.0; 0.0; 0.0; 0.0; 0.0; 0.0; 0.0; 0.0; 0.0; 0.0; 0.0; 0.0; 0.0; 0.0; 1.52; 0.88; 4.02; 408.82; 25.0; -25.0; 0.0; 0; 0; 0.0; 0.0; 1; 6.18591872689; 1.34788960824; 1.35615613228; 0; 0; 0; 0; 0.0; 0.0; 0.0; -1.0; 0.0; 0.0; 0.0; 0.0; 0.0; 1.0;0; 0;0; 0; 
31.4715051651; 103620; 0.0; 0.0; -0.16084; 0.0; 0.0; 0.0; 0.0; 0.0; 0.0; 0.0; 0.0; 0.0; 0.0; 0.0; 0.0; 0.0; 0.0; 1.52; 0.88; 4.02; 408.82; 25.0; -25.0; 0.0; 0; 0; 0.0; 0.0; 1; 6.18591872689; 1.34788960824; 1.35615613228; 0; 0; 0; 0; 0.0; 0.0; 0.0; -1.0; 0.0; 0.0; 0.0; 0.0; 0.0; 1.0;0; 0;0; 0; 
31.4824399948; 103620; 0.0; 0.0; -0.1619; 0.0; 0.0; 0.0; 0.0; 0.0; 0.0; 0.0; 0.0; 0.0; 0.0; 0.0; 0.0; 0.0; 0.0; 1.52; 0.88; 4.02; 408.82; 25.0; -25.0; 0.0; 0; 0; 0.0; 0.0; 1; 6.18591872689; 1.34788960824; 1.35615613228; 0; 0; 0; 0; 0.0; 0.0; 0.0; -1.0; 0.0; 0.0; 0.0; 0.0; 0.0; 1.0;0; 0;0; 0; 
31.4938220978; 103630; 0.0; 0.0; -0.16297; 0.0; 0.0; 0.0; 0.0; 0.0; 0.0; 0.0; 0.0; 0.0; 0.0; 0.0; 0.0; 0.0; 0.0; 1.52; 0.88; 4.02; 408.82; 25.0; -25.0; 0.0; 0; 0; 0.0; 0.0; 1; 6.18591872689; 1.34788960824; 1.35615613228; 0; 0; 0; 0; 0.0; 0.0; 0.0; -1.0; 0.0; 0.0; 0.0; 0.0; 0.0; 1.0;0; 0;0; 0; 
31.5049211979; 103630; 0.0; 0.0; -0.16403; 0.0; 0.0; 0.0; 0.0; 0.0; 0.0; 0.0; 0.0; 0.0; 0.0; 0.0; 0.0; 0.0; 0.0; 1.52; 0.88; 4.02; 408.82; 25.0; -25.0; 0.0; 0; 0; 0.0; 0.0; 1; 6.18591872689; 1.34788960824; 1.35615613228; 0; 0; 0; 0; 0.0; 0.0; 0.0; -1.0; 0.0; 0.0; 0.0; 0.0; 0.0; 1.0;0; 0;0; 0; 
31.516600132; 103640; 0.0; 0.0; -0.16492; 0.0; 0.0; 0.0; 0.0; 0.0; 0.0; 0.0; 0.0; 0.0; 0.0; 0.0; 0.0; 0.0; 0.0; 1.54; 0.85; 4.07; 4.51; 25.0; -25.0; 0.0; 0; 0; 0.0; 0.0; 1; 6.18591872689; 1.34788960824; 1.35615613228; 0; 0; 0; 0; 0.0; 0.0; 0.0; -1.0; 0.0; 0.0; 0.0; 0.0; 0.0; 1.0;0; 0;0; 0; 
31.527369976; 103640; 0.0; 0.0; -0.16575; 0.0; 0.0; 0.0; 0.0; 0.0; 0.0; 0.0; 0.0; 0.0; 0.0; 0.0; 0.0; 0.0; 0.0; 1.54; 0.85; 4.07; 4.51; 25.0; -25.0; 0.0; 0; 0; 0.0; 0.0; 1; 6.18591872689; 1.34788960824; 1.35615613228; 0; 0; 0; 0; 0.0; 0.0; 0.0; -1.0; 0.0; 0.0; 0.0; 0.0; 0.0; 1.0;0; 0;0; 0; 
31.5385119915; 103650; 0.0; 0.0; -0.16659; 0.0; 0.0; 0.0; 0.0; 0.0; 0.0; 0.0; 0.0; 0.0; 0.0; 0.0; 0.0; 0.0; 0.0; 1.54; 0.85; 4.07; 4.51; 25.0; -25.0; 0.0; 0; 0; 0.0; 0.0; 1; 6.18591872689; 1.34788960824; 1.35615613228; 0; 0; 0; 0; 0.0; 0.0; 0.0; -1.0; 0.0; 0.0; 0.0; 0.0; 0.0; 1.0;0; 0;0; 0; 
31.5492839813; 103650; 0.0; 0.0; -0.16738; 0.0; 0.0; 0.0; 0.0; 0.0; 0.0; 0.0; 0.0; 0.0; 0.0; 0.0; 0.0; 0.0; 0.0; 1.54; 0.85; 4.07; 4.51; 25.0; -25.0; 0.0; 0; 0; 0.0; 0.0; 1; 6.18591872689; 1.34788960824; 1.35615613228; 0; 0; 0; 0; 0.0; 0.0; 0.0; -1.0; 0.0; 0.0; 0.0; 0.0; 0.0; 1.0;0; 0;0; 0; 
31.560999155; 103660; 0.0; 0.0; -0.16815; 0.0; 0.0; 0.0; 0.0; 0.0; 0.0; 0.0; 0.0; 0.0; 0.0; 0.0; 0.0; 0.0; 0.0; 1.54; 0.85; 4.07; 4.51; 25.0; -25.0; 0.0; 0; 0; 0.0; 0.0; 1; 6.18591872689; 1.34788960824; 1.35615613228; 0; 0; 0; 0; 0.0; 0.0; 0.0; -1.0; 0.0; 0.0; 0.0; 0.0; 0.0; 1.0;0; 0;0; 0; 
31.5725240707; 103660; 0.0; 0.0; -0.1689; 0.0; 0.0; 0.0; 0.0; 0.0; 0.0; 0.0; 0.0; 0.0; 0.0; 0.0; 0.0; 0.0; 0.0; 1.54; 0.85; 4.07; 4.51; 25.0; -25.0; 0.0; 0; 0; 0.0; 0.0; 1; 6.18591872689; 1.34788960824; 1.35615613228; 0; 0; 0; 0; 0.0; 0.0; 0.0; -1.0; 0.0; 0.0; 0.0; 0.0; 0.0; 1.0;0; 0;0; 0; 
31.5837831497; 103670; 0.0; 0.0; -0.1697; 0.0; 0.0; 0.0; 0.0; 0.0; 0.0; 0.0; 0.0; 0.0; 0.0; 0.0; 0.0; 0.0; 0.0; 1.54; 0.85; 4.07; 4.51; 25.0; -25.0; 0.0; 0; 0; 0.0; 0.0; 1; 6.18591872689; 1.34788960824; 1.35615613228; 0; 0; 0; 0; 0.0; 0.0; 0.0; -1.0; 0.0; 0.0; 0.0; 0.0; 0.0; 1.0;0; 0;0; 0; 
31.5952651501; 103670; 0.0; 0.0; -0.17051; 0.0; 0.0; 0.0; 0.0; 0.0; 0.0; 0.0; 0.0; 0.0; 0.0; 0.0; 0.0; 0.0; 0.0; 1.54; 0.85; 4.07; 4.51; 25.0; -25.0; 0.0; 0; 0; 0.0; 0.0; 1; 6.18591872689; 1.34788960824; 1.35615613228; 0; 0; 0; 0; 0.0; 0.0; 0.0; -1.0; 0.0; 0.0; 0.0; 0.0; 0.0; 1.0;0; 0;0; 0; 
31.6067941189; 103680; 0.0; 0.0; -0.17121; 0.0; 0.0; 0.0; 0.0; 0.0; 0.0; 0.0; 0.0; 0.0; 0.0; 0.0; 0.0; 0.0; 0.0; 1.54; 0.85; 4.07; 4.51; 25.0; -25.0; 0.0; 0; 0; 0.0; 0.0; 1; 6.18591872689; 1.34788960824; 1.35615613228; 0; 0; 0; 0; 0.0; 0.0; 0.0; -1.0; 0.0; 0.0; 0.0; 0.0; 0.0; 1.0;0; 0;0; 0; 
31.6191802025; 103680; 0.0; 0.0; -0.1717; 0.0; 0.0; 0.0; 0.0; 0.0; 0.0; 0.0; 0.0; 0.0; 0.0; 0.0; 0.0; 0.0; 0.0; 1.54; 0.85; 4.07; 4.51; 25.0; -25.0; 0.0; 0; 0; 0.0; 0.0; 1; 6.18591872689; 1.34788960824; 1.35615613228; 0; 0; 0; 0; 0.0; 0.0; 0.0; -1.0; 0.0; 0.0; 0.0; 0.0; 0.0; 1.0;0; 0;0; 0; 
31.6303071976; 103690; 0.0; 0.0; -0.17195; 0.0; 0.0; 0.0; 0.0; 0.0; 0.0; 0.0; 0.0; 0.0; 0.0; 0.0; 0.0; 0.0; 0.0; 1.54; 0.85; 4.07; 4.51; 25.0; -25.0; 0.0; 0; 0; 0.0; 0.0; 1; 6.18591872689; 1.34788960824; 1.35615613228; 0; 0; 0; 0; 0.0; 0.0; 0.0; -1.0; 0.0; 0.0; 0.0; 0.0; 0.0; 1.0;0; 0;0; 0; 
31.6414020061; 103690; 0.0; 0.0; -0.17203; 0.0; 0.0; 0.0; 0.0; 0.0; 0.0; 0.0; 0.0; 0.0; 0.0; 0.0; 0.0; 0.0; 0.0; 1.54; 0.85; 4.07; 4.51; 25.0; -25.0; 0.0; 0; 0; 0.0; 0.0; 1; 6.18591872689; 1.34788960824; 1.35615613228; 0; 0; 0; 0; 0.0; 0.0; 0.0; -1.0; 0.0; 0.0; 0.0; 0.0; 0.0; 1.0;0; 0;0; 0; 
31.6527831554; 103700; 0.0; 0.0; -0.17185; 0.0; 0.0; 0.0; 0.0; 0.0; 0.0; 0.0; 0.0; 0.0; 0.0; 0.0; 0.0; 0.0; 0.0; 1.54; 0.85; 4.07; 4.51; 25.0; -25.0; 0.0; 0; 0; 0.0; 0.0; 1; 6.18591872689; 1.34788960824; 1.35615613228; 0; 0; 0; 0; 0.0; 0.0; 0.0; -1.0; 0.0; 0.0; 0.0; 0.0; 0.0; 1.0;0; 0;0; 0; 
31.6654059887; 103700; 0.0; 0.0; -0.17148; 0.0; 0.0; 0.0; 0.0; 0.0; 0.0; 0.0; 0.0; 0.0; 0.0; 0.0; 0.0; 0.0; 0.0; 1.54; 0.85; 4.07; 4.51; 25.0; -25.0; 0.0; 0; 0; 0.0; 0.0; 1; 6.18591872689; 1.34788960824; 1.35615613228; 0; 0; 0; 0; 0.0; 0.0; 0.0; -1.0; 0.0; 0.0; 0.0; 0.0; 0.0; 1.0;0; 0;0; 0; 
31.6774520874; 103710; 0.0; 0.0; -0.17095; 0.0; 0.0; 0.0; 0.0; 0.0; 0.0; 0.0; 0.0; 0.0; 0.0; 0.0; 0.0; 0.0; 0.0; 1.54; 0.85; 4.07; 4.51; 25.0; -25.0; 0.0; 0; 0; 0.0; 0.0; 1; 6.19291317928; 1.3812727962; 1.37466092775; 0; 0; 0; 0; 0.0; 0.0; 0.0; -1.0; 0.0; 0.0; 0.0; 0.0; 0.0; 1.0;0; 0;0; 0; 
31.6893110275; 103710; 0.0; 0.0; -0.17033; 0.0; 0.0; 0.0; 0.0; 0.0; 0.0; 0.0; 0.0; 0.0; 0.0; 0.0; 0.0; 0.0; 0.0; 1.54; 0.85; 4.07; 4.51; 25.0; -25.0; 0.0; 0; 0; 0.0; 0.0; 1; 6.19291317928; 1.3812727962; 1.37466092775; 0; 0; 0; 0; 0.0; 0.0; 0.0; -1.0; 0.0; 0.0; 0.0; 0.0; 0.0; 1.0;0; 0;0; 0; 
31.7025899887; 103720; 0.0; 0.0; -0.16971; 0.0; 0.0; 0.0; 0.0; 0.0; 0.0; 0.0; 0.0; 0.0; 0.0; 0.0; 0.0; 0.0; 0.0; 1.54; 0.85; 4.07; 4.51; 25.0; -25.0; 0.0; 0; 0; 0.0; 0.0; 1; 6.19291317928; 1.3812727962; 1.37466092775; 0; 0; 0; 0; 0.0; 0.0; 0.0; -1.0; 0.0; 0.0; 0.0; 0.0; 0.0; 1.0;0; 0;0; 0; 
31.7151191235; 103720; 0.0; 0.0; -0.16902; 0.0; 0.0; 0.0; 0.0; 0.0; 0.0; 0.0; 0.0; 0.0; 0.0; 0.0; 0.0; 0.0; 0.0; 1.54; 0.85; 4.07; 4.51; 25.0; -25.0; 0.0; 0; 0; 0.0; 0.0; 1; 6.19291317928; 1.3812727962; 1.37466092775; 0; 0; 0; 0; 0.0; 0.0; 0.0; -1.0; 0.0; 0.0; 0.0; 0.0; 0.0; 1.0;0; 0;0; 0; 
31.7282409668; 103730; 0.0; 0.0; -0.16837; 0.0; 0.0; 0.0; 0.0; 0.0; 0.0; 0.0; 0.0; 0.0; 0.0; 0.0; 0.0; 0.0; 0.0; 1.54; 0.85; 4.07; 4.51; 25.0; -25.0; 0.0; 0; 0; 0.0; 0.0; 1; 6.19291317928; 1.3812727962; 1.37466092775; 0; 0; 0; 0; 0.0; 0.0; 0.0; -1.0; 0.0; 0.0; 0.0; 0.0; 0.0; 1.0;0; 0;0; 0; 
31.7392170429; 103730; 0.0; 0.0; -0.16783; 0.0; 0.0; 0.0; 0.0; 0.0; 0.0; 0.0; 0.0; 0.0; 0.0; 0.0; 0.0; 0.0; 0.0; 1.54; 0.85; 4.07; 4.51; 25.0; -25.0; 0.0; 0; 0; 0.0; 0.0; 1; 6.19291317928; 1.3812727962; 1.37466092775; 0; 0; 0; 0; 0.0; 0.0; 0.0; -1.0; 0.0; 0.0; 0.0; 0.0; 0.0; 1.0;0; 0;0; 0; 
31.751322031; 103740; 0.0; 0.0; -0.16737; 0.0; 0.0; 0.0; 0.0; 0.0; 0.0; 0.0; 0.0; 0.0; 0.0; 0.0; 0.0; 0.0; 0.0; 1.58; 0.85; 2.86; 2.35; 25.0; -25.0; 0.0; 0; 0; 0.0; 0.0; 1; 6.19291317928; 1.3812727962; 1.37466092775; 0; 0; 0; 0; 0.0; 0.0; 0.0; -1.0; 0.0; 0.0; 0.0; 0.0; 0.0; 1.0;0; 0;0; 0; 
31.7628910542; 103740; 0.0; 0.0; -0.16705; 0.0; 0.0; 0.0; 0.0; 0.0; 0.0; 0.0; 0.0; 0.0; 0.0; 0.0; 0.0; 0.0; 0.0; 1.58; 0.85; 2.86; 2.35; 25.0; -25.0; 0.0; 0; 0; 0.0; 0.0; 1; 6.19291317928; 1.3812727962; 1.37466092775; 0; 0; 0; 0; 0.0; 0.0; 0.0; -1.0; 0.0; 0.0; 0.0; 0.0; 0.0; 1.0;0; 0;0; 0; 
31.774433136; 103750; 0.0; 0.0; -0.16688; 0.0; 0.0; 0.0; 0.0; 0.0; 0.0; 0.0; 0.0; 0.0; 0.0; 0.0; 0.0; 0.0; 0.0; 1.58; 0.85; 2.86; 2.35; 25.0; -25.0; 0.0; 0; 0; 0.0; 0.0; 1; 6.19291317928; 1.3812727962; 1.37466092775; 0; 0; 0; 0; 0.0; 0.0; 0.0; -1.0; 0.0; 0.0; 0.0; 0.0; 0.0; 1.0;0; 0;0; 0; 
31.7858240604; 103750; 0.0; 0.0; -0.16684; 0.0; 0.0; 0.0; 0.0; 0.0; 0.0; 0.0; 0.0; 0.0; 0.0; 0.0; 0.0; 0.0; 0.0; 1.58; 0.85; 2.86; 2.35; 25.0; -25.0; 0.0; 0; 0; 0.0; 0.0; 1; 6.19291317928; 1.3812727962; 1.37466092775; 0; 0; 0; 0; 0.0; 0.0; 0.0; -1.0; 0.0; 0.0; 0.0; 0.0; 0.0; 1.0;0; 0;0; 0; 
31.797134161; 103760; 0.0; 0.0; -0.16693; 0.0; 0.0; 0.0; 0.0; 0.0; 0.0; 0.0; 0.0; 0.0; 0.0; 0.0; 0.0; 0.0; 0.0; 1.58; 0.85; 2.86; 2.35; 25.0; -25.0; 0.0; 0; 0; 0.0; 0.0; 1; 6.19291317928; 1.3812727962; 1.37466092775; 0; 0; 0; 0; 0.0; 0.0; 0.0; -1.0; 0.0; 0.0; 0.0; 0.0; 0.0; 1.0;0; 0;0; 0; 
31.8083751202; 103760; 0.0; 0.0; -0.16709; 0.0; 0.0; 0.0; 0.0; 0.0; 0.0; 0.0; 0.0; 0.0; 0.0; 0.0; 0.0; 0.0; 0.0; 1.58; 0.85; 2.86; 2.35; 25.0; -25.0; 0.0; 0; 0; 0.0; 0.0; 1; 6.19291317928; 1.3812727962; 1.37466092775; 0; 0; 0; 0; 0.0; 0.0; 0.0; -1.0; 0.0; 0.0; 0.0; 0.0; 0.0; 1.0;0; 0;0; 0; 
31.819494009; 103770; 0.0; 0.0; -0.16729; 0.0; 0.0; 0.0; 0.0; 0.0; 0.0; 0.0; 0.0; 0.0; 0.0; 0.0; 0.0; 0.0; 0.0; 1.58; 0.85; 2.86; 2.35; 25.0; -25.0; 0.0; 0; 0; 0.0; 0.0; 1; 6.19291317928; 1.3812727962; 1.37466092775; 0; 0; 0; 0; 0.0; 0.0; 0.0; -1.0; 0.0; 0.0; 0.0; 0.0; 0.0; 1.0;0; 0;0; 0; 
31.8310329914; 103770; 0.0; 0.0; -0.1676; 0.0; 0.0; 0.0; 0.0; 0.0; 0.0; 0.0; 0.0; 0.0; 0.0; 0.0; 0.0; 0.0; 0.0; 1.58; 0.85; 2.86; 2.35; 25.0; -25.0; 0.0; 0; 0; 0.0; 0.0; 1; 6.19291317928; 1.3812727962; 1.37466092775; 0; 0; 0; 0; 0.0; 0.0; 0.0; -1.0; 0.0; 0.0; 0.0; 0.0; 0.0; 1.0;0; 0;0; 0; 
31.8424971104; 103780; 0.0; 0.0; -0.16807; 0.0; 0.0; 0.0; 0.0; 0.0; 0.0; 0.0; 0.0; 0.0; 0.0; 0.0; 0.0; 0.0; 0.0; 1.58; 0.85; 2.86; 2.35; 25.0; -25.0; 0.0; 0; 0; 0.0; 0.0; 1; 6.19291317928; 1.3812727962; 1.37466092775; 0; 0; 0; 0; 0.0; 0.0; 0.0; -1.0; 0.0; 0.0; 0.0; 0.0; 0.0; 1.0;0; 0;0; 0; 
31.8537909985; 103780; 0.0; 0.0; -0.16874; 0.0; 0.0; 0.0; 0.0; 0.0; 0.0; 0.0; 0.0; 0.0; 0.0; 0.0; 0.0; 0.0; 0.0; 1.58; 0.85; 2.86; 2.35; 25.0; -25.0; 0.0; 0; 0; 0.0; 0.0; 1; 6.19291317928; 1.3812727962; 1.37466092775; 0; 0; 0; 0; 0.0; 0.0; 0.0; -1.0; 0.0; 0.0; 0.0; 0.0; 0.0; 1.0;0; 0;0; 0; 
31.8656461239; 103790; 0.0; 0.0; -0.16964; 0.0; 0.0; 0.0; 0.0; 0.0; 0.0; 0.0; 0.0; 0.0; 0.0; 0.0; 0.0; 0.0; 0.0; 1.58; 0.85; 2.86; 2.35; 25.0; -25.0; 0.0; 0; 0; 0.0; 0.0; 1; 6.19291317928; 1.3812727962; 1.37466092775; 0; 0; 0; 0; 0.0; 0.0; 0.0; -1.0; 0.0; 0.0; 0.0; 0.0; 0.0; 1.0;0; 0;0; 0; 
31.8773100376; 103790; 0.0; 0.0; -0.17077; 0.0; 0.0; 0.0; 0.0; 0.0; 0.0; 0.0; 0.0; 0.0; 0.0; 0.0; 0.0; 0.0; 0.0; 1.58; 0.85; 2.86; 2.35; 25.0; -25.0; 0.0; 0; 0; 0.0; 0.0; 1; 6.19291317928; 1.3812727962; 1.37466092775; 0; 0; 0; 0; 0.0; 0.0; 0.0; -1.0; 0.0; 0.0; 0.0; 0.0; 0.0; 1.0;0; 0;0; 0; 
31.8893430233; 103800; 0.0; 0.0; -0.17212; 0.0; 0.0; 0.0; 0.0; 0.0; 0.0; 0.0; 0.0; 0.0; 0.0; 0.0; 0.0; 0.0; 0.0; 1.58; 0.85; 2.86; 2.35; 25.0; -25.0; 0.0; 0; 0; 0.0; 0.0; 1; 6.19291317928; 1.3812727962; 1.37466092775; 0; 0; 0; 0; 0.0; 0.0; 0.0; -1.0; 0.0; 0.0; 0.0; 0.0; 0.0; 1.0;0; 0;0; 0; 
31.9005391598; 103800; 0.0; 0.0; -0.17363; 0.0; 0.0; 0.0; 0.0; 0.0; 0.0; 0.0; 0.0; 0.0; 0.0; 0.0; 0.0; 0.0; 0.0; 1.58; 0.85; 2.86; 2.35; 25.0; -25.0; 0.0; 0; 0; 0.0; 0.0; 1; 6.19291317928; 1.3812727962; 1.37466092775; 0; 0; 0; 0; 0.0; 0.0; 0.0; -1.0; 0.0; 0.0; 0.0; 0.0; 0.0; 1.0;0; 0;0; 0; 
31.9117820263; 103810; 0.0; 0.0; -0.1751; 0.0; 0.0; 0.0; 0.0; 0.0; 0.0; 0.0; 0.0; 0.0; 0.0; 0.0; 0.0; 0.0; 0.0; 1.58; 0.85; 2.86; 2.35; 25.0; -25.0; 0.0; 0; 0; 0.0; 0.0; 1; 6.19907605395; 1.41369266659; 1.39329769115; 0; 0; 0; 0; 0.0; 0.0; 0.0; -1.0; 0.0; 0.0; 0.0; 0.0; 0.0; 1.0;0; 0;0; 0; 
31.923582077; 103810; 0.0; 0.0; -0.17646; 0.0; 0.0; 0.0; 0.0; 0.0; 0.0; 0.0; 0.0; 0.0; 0.0; 0.0; 0.0; 0.0; 0.0; 1.58; 0.85; 2.86; 2.35; 25.0; -25.0; 0.0; 0; 0; 0.0; 0.0; 1; 6.19907605395; 1.41369266659; 1.39329769115; 0; 0; 0; 0; 0.0; 0.0; 0.0; -1.0; 0.0; 0.0; 0.0; 0.0; 0.0; 1.0;0; 0;0; 0; 
31.9354290962; 103820; 0.0; 0.0; -0.17763; 0.0; 0.0; 0.0; 0.0; 0.0; 0.0; 0.0; 0.0; 0.0; 0.0; 0.0; 0.0; 0.0; 0.0; 1.58; 0.85; 2.86; 2.35; 25.0; -25.0; 0.0; 0; 0; 0.0; 0.0; 1; 6.19907605395; 1.41369266659; 1.39329769115; 0; 0; 0; 0; 0.0; 0.0; 0.0; -1.0; 0.0; 0.0; 0.0; 0.0; 0.0; 1.0;0; 0;0; 0; 
31.9467411041; 103820; 0.0; 0.0; -0.17855; 0.0; 0.0; 0.0; 0.0; 0.0; 0.0; 0.0; 0.0; 0.0; 0.0; 0.0; 0.0; 0.0; 0.0; 1.58; 0.85; 2.86; 2.35; 25.0; -25.0; 0.0; 0; 0; 0.0; 0.0; 1; 6.19907605395; 1.41369266659; 1.39329769115; 0; 0; 0; 0; 0.0; 0.0; 0.0; -1.0; 0.0; 0.0; 0.0; 0.0; 0.0; 1.0;0; 0;0; 0; 
31.957638979; 103830; 0.0; 0.0; -0.17918; 0.0; 0.0; 0.0; 0.0; 0.0; 0.0; 0.0; 0.0; 0.0; 0.0; 0.0; 0.0; 0.0; 0.0; 1.58; 0.85; 2.86; 2.35; 25.0; -25.0; 0.0; 0; 0; 0.0; 0.0; 1; 6.19907605395; 1.41369266659; 1.39329769115; 0; 0; 0; 0; 0.0; 0.0; 0.0; -1.0; 0.0; 0.0; 0.0; 0.0; 0.0; 1.0;0; 0;0; 0; 
31.9695701599; 103830; 0.0; 0.0; -0.17955; 0.0; 0.0; 0.0; 0.0; 0.0; 0.0; 0.0; 0.0; 0.0; 0.0; 0.0; 0.0; 0.0; 0.0; 1.58; 0.85; 2.86; 2.35; 25.0; -25.0; 0.0; 0; 0; 0.0; 0.0; 1; 6.19907605395; 1.41369266659; 1.39329769115; 0; 0; 0; 0; 0.0; 0.0; 0.0; -1.0; 0.0; 0.0; 0.0; 0.0; 0.0; 1.0;0; 0;0; 0; 
31.9813520908; 103840; 0.0; 0.0; -0.17969; 0.0; 0.0; 0.0; 0.0; 0.0; 0.0; 0.0; 0.0; 0.0; 0.0; 0.0; 0.0; 0.0; 0.0; 1.62; 0.85; 2.9; 3.48; 25.0; -25.0; 0.0; 0; 0; 0.0; 0.0; 1; 6.19907605395; 1.41369266659; 1.39329769115; 0; 0; 0; 0; 0.0; 0.0; 0.0; -1.0; 0.0; 0.0; 0.0; 0.0; 0.0; 1.0;0; 0;0; 0; 
31.9920880795; 103840; 0.0; 0.0; -0.17962; 0.0; 0.0; 0.0; 0.0; 0.0; 0.0; 0.0; 0.0; 0.0; 0.0; 0.0; 0.0; 0.0; 0.0; 1.62; 0.85; 2.9; 3.48; 25.0; -25.0; 0.0; 0; 0; 0.0; 0.0; 1; 6.19907605395; 1.41369266659; 1.39329769115; 0; 0; 0; 0; 0.0; 0.0; 0.0; -1.0; 0.0; 0.0; 0.0; 0.0; 0.0; 1.0;0; 0;0; 0; 
32.0040440559; 103850; 0.0; 0.0; -0.17941; 0.0; 0.0; 0.0; 0.0; 0.0; 0.0; 0.0; 0.0; 0.0; 0.0; 0.0; 0.0; 0.0; 0.0; 1.62; 0.85; 2.9; 3.48; 25.0; -25.0; 0.0; 0; 0; 0.0; 0.0; 1; 6.19907605395; 1.41369266659; 1.39329769115; 0; 0; 0; 0; 0.0; 0.0; 0.0; -1.0; 0.0; 0.0; 0.0; 0.0; 0.0; 1.0;0; 0;0; 0; 
32.0150561333; 103850; 0.0; 0.0; -0.1791; 0.0; 0.0; 0.0; 0.0; 0.0; 0.0; 0.0; 0.0; 0.0; 0.0; 0.0; 0.0; 0.0; 0.0; 1.62; 0.85; 2.9; 3.48; 25.0; -25.0; 0.0; 0; 0; 0.0; 0.0; 1; 6.19907605395; 1.41369266659; 1.39329769115; 0; 0; 0; 0; 0.0; 0.0; 0.0; -1.0; 0.0; 0.0; 0.0; 0.0; 0.0; 1.0;0; 0;0; 0; 
32.0262980461; 103860; 0.0; 0.0; -0.17876; 0.0; 0.0; 0.0; 0.0; 0.0; 0.0; 0.0; 0.0; 0.0; 0.0; 0.0; 0.0; 0.0; 0.0; 1.62; 0.85; 2.9; 3.48; 25.0; -25.0; 0.0; 0; 0; 0.0; 0.0; 1; 6.19907605395; 1.41369266659; 1.39329769115; 0; 0; 0; 0; 0.0; 0.0; 0.0; -1.0; 0.0; 0.0; 0.0; 0.0; 0.0; 1.0;0; 0;0; 0; 
32.0380280018; 103860; 0.0; 0.0; -0.1784; 0.0; 0.0; 0.0; 0.0; 0.0; 0.0; 0.0; 0.0; 0.0; 0.0; 0.0; 0.0; 0.0; 0.0; 1.62; 0.85; 2.9; 3.48; 25.0; -25.0; 0.0; 0; 0; 0.0; 0.0; 1; 6.19907605395; 1.41369266659; 1.39329769115; 0; 0; 0; 0; 0.0; 0.0; 0.0; -1.0; 0.0; 0.0; 0.0; 0.0; 0.0; 1.0;0; 0;0; 0; 
32.0493459702; 103870; 0.0; 0.0; -0.17808; 0.0; 0.0; 0.0; 0.0; 0.0; 0.0; 0.0; 0.0; 0.0; 0.0; 0.0; 0.0; 0.0; 0.0; 1.62; 0.85; 2.9; 3.48; 25.0; -25.0; 0.0; 0; 0; 0.0; 0.0; 1; 6.19907605395; 1.41369266659; 1.39329769115; 0; 0; 0; 0; 0.0; 0.0; 0.0; -1.0; 0.0; 0.0; 0.0; 0.0; 0.0; 1.0;0; 0;0; 0; 
32.0608100891; 103870; 0.0; 0.0; -0.17788; 0.0; 0.0; 0.0; 0.0; 0.0; 0.0; 0.0; 0.0; 0.0; 0.0; 0.0; 0.0; 0.0; 0.0; 1.62; 0.85; 2.9; 3.48; 25.0; -25.0; 0.0; 0; 0; 0.0; 0.0; 1; 6.19907605395; 1.41369266659; 1.39329769115; 0; 0; 0; 0; 0.0; 0.0; 0.0; -1.0; 0.0; 0.0; 0.0; 0.0; 0.0; 1.0;0; 0;0; 0; 
32.0724160671; 103880; 0.0; 0.0; -0.1778; 0.0; 0.0; 0.0; 0.0; 0.0; 0.0; 0.0; 0.0; 0.0; 0.0; 0.0; 0.0; 0.0; 0.0; 1.62; 0.85; 2.9; 3.48; 25.0; -25.0; 0.0; 0; 0; 0.0; 0.0; 1; 6.19907605395; 1.41369266659; 1.39329769115; 0; 0; 0; 0; 0.0; 0.0; 0.0; -1.0; 0.0; 0.0; 0.0; 0.0; 0.0; 1.0;0; 0;0; 0; 
32.0845479965; 103880; 0.0; 0.0; -0.17783; 0.0; 0.0; 0.0; 0.0; 0.0; 0.0; 0.0; 0.0; 0.0; 0.0; 0.0; 0.0; 0.0; 0.0; 1.62; 0.85; 2.9; 3.48; 25.0; -25.0; 0.0; 0; 0; 0.0; 0.0; 1; 6.19907605395; 1.41369266659; 1.39329769115; 0; 0; 0; 0; 0.0; 0.0; 0.0; -1.0; 0.0; 0.0; 0.0; 0.0; 0.0; 1.0;0; 0;0; 0; 
32.0968160629; 103890; 0.0; 0.0; -0.17797; 0.0; 0.0; 0.0; 0.0; 0.0; 0.0; 0.0; 0.0; 0.0; 0.0; 0.0; 0.0; 0.0; 0.0; 1.62; 0.85; 2.9; 3.48; 25.0; -25.0; 0.0; 0; 0; 0.0; 0.0; 1; 6.19907605395; 1.41369266659; 1.39329769115; 0; 0; 0; 0; 0.0; 0.0; 0.0; -1.0; 0.0; 0.0; 0.0; 0.0; 0.0; 1.0;0; 0;0; 0; 
32.1084961891; 103890; 0.0; 0.0; -0.17821; 0.0; 0.0; 0.0; 0.0; 0.0; 0.0; 0.0; 0.0; 0.0; 0.0; 0.0; 0.0; 0.0; 0.0; 1.62; 0.85; 2.9; 3.48; 25.0; -25.0; 0.0; 0; 0; 0.0; 0.0; 1; 6.19907605395; 1.41369266659; 1.39329769115; 0; 0; 0; 0; 0.0; 0.0; 0.0; -1.0; 0.0; 0.0; 0.0; 0.0; 0.0; 1.0;0; 0;0; 0; 
32.1202611923; 103900; 0.0; 0.0; -0.17861; 0.0; 0.0; 0.0; 0.0; 0.0; 0.0; 0.0; 0.0; 0.0; 0.0; 0.0; 0.0; 0.0; 0.0; 1.62; 0.85; 2.9; 3.48; 25.0; -25.0; 0.0; 0; 0; 0.0; 0.0; 1; 6.19907605395; 1.41369266659; 1.39329769115; 0; 0; 0; 0; 0.0; 0.0; 0.0; -1.0; 0.0; 0.0; 0.0; 0.0; 0.0; 1.0;0; 0;0; 0; 
32.1317331791; 103900; 0.0; 0.0; -0.17918; 0.0; 0.0; 0.0; 0.0; 0.0; 0.0; 0.0; 0.0; 0.0; 0.0; 0.0; 0.0; 0.0; 0.0; 1.62; 0.85; 2.9; 3.48; 25.0; -25.0; 0.0; 0; 0; 0.0; 0.0; 1; 6.19907605395; 1.41369266659; 1.39329769115; 0; 0; 0; 0; 0.0; 0.0; 0.0; -1.0; 0.0; 0.0; 0.0; 0.0; 0.0; 1.0;0; 0;0; 0; 
32.1424770355; 103910; 0.0; 0.0; -0.17986; 0.0; 0.0; 0.0; 0.0; 0.0; 0.0; 0.0; 0.0; 0.0; 0.0; 0.0; 0.0; 0.0; 0.0; 1.62; 0.85; 2.9; 3.48; 25.0; -25.0; 0.0; 0; 0; 0.0; 0.0; 1; 6.20403993951; 1.44278572917; 1.41242621277; 0; 0; 0; 0; 0.0; 0.0; 0.0; -1.0; 0.0; 0.0; 0.0; 0.0; 0.0; 1.0;0; 0;0; 0; 
32.1540760994; 103910; 0.0; 0.0; -0.18058; 0.0; 0.0; 0.0; 0.0; 0.0; 0.0; 0.0; 0.0; 0.0; 0.0; 0.0; 0.0; 0.0; 0.0; 1.62; 0.85; 2.9; 3.48; 25.0; -25.0; 0.0; 0; 0; 0.0; 0.0; 1; 6.20403993951; 1.44278572917; 1.41242621277; 0; 0; 0; 0; 0.0; 0.0; 0.0; -1.0; 0.0; 0.0; 0.0; 0.0; 0.0; 1.0;0; 0;0; 0; 
32.1653101444; 103920; 0.0; 0.0; -0.18124; 0.0; 0.0; 0.0; 0.0; 0.0; 0.0; 0.0; 0.0; 0.0; 0.0; 0.0; 0.0; 0.0; 0.0; 1.62; 0.85; 2.9; 3.48; 25.0; -25.0; 0.0; 0; 0; 0.0; 0.0; 1; 6.20403993951; 1.44278572917; 1.41242621277; 0; 0; 0; 0; 0.0; 0.0; 0.0; -1.0; 0.0; 0.0; 0.0; 0.0; 0.0; 1.0;0; 0;0; 0; 
32.1762931347; 103920; 0.0; 0.0; -0.18181; 0.0; 0.0; 0.0; 0.0; 0.0; 0.0; 0.0; 0.0; 0.0; 0.0; 0.0; 0.0; 0.0; 0.0; 1.62; 0.85; 2.9; 3.48; 25.0; -25.0; 0.0; 0; 0; 0.0; 0.0; 1; 6.20403993951; 1.44278572917; 1.41242621277; 0; 0; 0; 0; 0.0; 0.0; 0.0; -1.0; 0.0; 0.0; 0.0; 0.0; 0.0; 1.0;0; 0;0; 0; 
32.1887609959; 103930; 0.0; 0.0; -0.18212; 0.0; 0.0; 0.0; 0.0; 0.0; 0.0; 0.0; 0.0; 0.0; 0.0; 0.0; 0.0; 0.0; 0.0; 1.62; 0.85; 2.9; 3.48; 25.0; -25.0; 0.0; 0; 0; 0.0; 0.0; 1; 6.20403993951; 1.44278572917; 1.41242621277; 0; 0; 0; 0; 0.0; 0.0; 0.0; -1.0; 0.0; 0.0; 0.0; 0.0; 0.0; 1.0;0; 0;0; 0; 
32.2002460957; 103930; 0.0; 0.0; -0.18203; 0.0; 0.0; 0.0; 0.0; 0.0; 0.0; 0.0; 0.0; 0.0; 0.0; 0.0; 0.0; 0.0; 0.0; 1.62; 0.85; 2.9; 3.48; 25.0; -25.0; 0.0; 0; 0; 0.0; 0.0; 1; 6.20403993951; 1.44278572917; 1.41242621277; 0; 0; 0; 0; 0.0; 0.0; 0.0; -1.0; 0.0; 0.0; 0.0; 0.0; 0.0; 1.0;0; 0;0; 0; 
32.2117981911; 103940; 0.0; 0.0; -0.18145; 0.0; 0.0; 0.0; 0.0; 0.0; 0.0; 0.0; 0.0; 0.0; 0.0; 0.0; 0.0; 0.0; 0.0; 1.65; 0.84; 4.61; 9.34; 25.0; -25.0; 0.0; 0; 0; 0.0; 0.0; 1; 6.20403993951; 1.44278572917; 1.41242621277; 0; 0; 0; 0; 0.0; 0.0; 0.0; -1.0; 0.0; 0.0; 0.0; 0.0; 0.0; 1.0;0; 0;0; 0; 
32.2228631973; 103940; 0.0; 0.0; -0.1804; 0.0; 0.0; 0.0; 0.0; 0.0; 0.0; 0.0; 0.0; 0.0; 0.0; 0.0; 0.0; 0.0; 0.0; 1.65; 0.84; 4.61; 9.34; 25.0; -25.0; 0.0; 0; 0; 0.0; 0.0; 1; 6.20403993951; 1.44278572917; 1.41242621277; 0; 0; 0; 0; 0.0; 0.0; 0.0; -1.0; 0.0; 0.0; 0.0; 0.0; 0.0; 1.0;0; 0;0; 0; 
32.2340111732; 103950; 0.0; 0.0; -0.17897; 0.0; 0.0; 0.0; 0.0; 0.0; 0.0; 0.0; 0.0; 0.0; 0.0; 0.0; 0.0; 0.0; 0.0; 1.65; 0.84; 4.61; 9.34; 25.0; -25.0; 0.0; 0; 0; 0.0; 0.0; 1; 6.20403993951; 1.44278572917; 1.41242621277; 0; 0; 0; 0; 0.0; 0.0; 0.0; -1.0; 0.0; 0.0; 0.0; 0.0; 0.0; 1.0;0; 0;0; 0; 
32.245098114; 103950; 0.0; 0.0; -0.17717; 0.0; 0.0; 0.0; 0.0; 0.0; 0.0; 0.0; 0.0; 0.0; 0.0; 0.0; 0.0; 0.0; 0.0; 1.65; 0.84; 4.61; 9.34; 25.0; -25.0; 0.0; 0; 0; 0.0; 0.0; 1; 6.20403993951; 1.44278572917; 1.41242621277; 0; 0; 0; 0; 0.0; 0.0; 0.0; -1.0; 0.0; 0.0; 0.0; 0.0; 0.0; 1.0;0; 0;0; 0; 
32.2571561337; 103960; 0.0; 0.0; -0.17502; 0.0; 0.0; 0.0; 0.0; 0.0; 0.0; 0.0; 0.0; 0.0; 0.0; 0.0; 0.0; 0.0; 0.0; 1.65; 0.84; 4.61; 9.34; 25.0; -25.0; 0.0; 0; 0; 0.0; 0.0; 1; 6.20403993951; 1.44278572917; 1.41242621277; 0; 0; 0; 0; 0.0; 0.0; 0.0; -1.0; 0.0; 0.0; 0.0; 0.0; 0.0; 1.0;0; 0;0; 0; 
32.2686510086; 103960; 0.0; 0.0; -0.1727; 0.0; 0.0; 0.0; 0.0; 0.0; 0.0; 0.0; 0.0; 0.0; 0.0; 0.0; 0.0; 0.0; 0.0; 1.65; 0.84; 4.61; 9.34; 25.0; -25.0; 0.0; 0; 0; 0.0; 0.0; 1; 6.20403993951; 1.44278572917; 1.41242621277; 0; 0; 0; 0; 0.0; 0.0; 0.0; -1.0; 0.0; 0.0; 0.0; 0.0; 0.0; 1.0;0; 0;0; 0; 
32.2800190449; 103970; 0.0; 0.0; -0.17032; 0.0; 0.0; 0.0; 0.0; 0.0; 0.0; 0.0; 0.0; 0.0; 0.0; 0.0; 0.0; 0.0; 0.0; 1.65; 0.84; 4.61; 9.34; 25.0; -25.0; 0.0; 0; 0; 0.0; 0.0; 1; 6.20403993951; 1.44278572917; 1.41242621277; 0; 0; 0; 0; 0.0; 0.0; 0.0; -1.0; 0.0; 0.0; 0.0; 0.0; 0.0; 1.0;0; 0;0; 0; 
32.2920041084; 103970; 0.0; 0.0; -0.16804; 0.0; 0.0; 0.0; 0.0; 0.0; 0.0; 0.0; 0.0; 0.0; 0.0; 0.0; 0.0; 0.0; 0.0; 1.65; 0.84; 4.61; 9.34; 25.0; -25.0; 0.0; 0; 0; 0.0; 0.0; 1; 6.20403993951; 1.44278572917; 1.41242621277; 0; 0; 0; 0; 0.0; 0.0; 0.0; -1.0; 0.0; 0.0; 0.0; 0.0; 0.0; 1.0;0; 0;0; 0; 
32.3037950993; 103980; 0.0; 0.0; -0.16598; 0.0; 0.0; 0.0; 0.0; 0.0; 0.0; 0.0; 0.0; 0.0; 0.0; 0.0; 0.0; 0.0; 0.0; 1.65; 0.84; 4.61; 9.34; 25.0; -25.0; 0.0; 0; 0; 0.0; 0.0; 1; 6.20403993951; 1.44278572917; 1.41242621277; 0; 0; 0; 0; 0.0; 0.0; 0.0; -1.0; 0.0; 0.0; 0.0; 0.0; 0.0; 1.0;0; 0;0; 0; 
32.3156971931; 103980; 0.0; 0.0; -0.16426; 0.0; 0.0; 0.0; 0.0; 0.0; 0.0; 0.0; 0.0; 0.0; 0.0; 0.0; 0.0; 0.0; 0.0; 1.65; 0.84; 4.61; 9.34; 25.0; -25.0; 0.0; 0; 0; 0.0; 0.0; 1; 6.20403993951; 1.44278572917; 1.41242621277; 0; 0; 0; 0; 0.0; 0.0; 0.0; -1.0; 0.0; 0.0; 0.0; 0.0; 0.0; 1.0;0; 0;0; 0; 
32.3273181915; 103990; 0.0; 0.0; -0.16297; 0.0; 0.0; 0.0; 0.0; 0.0; 0.0; 0.0; 0.0; 0.0; 0.0; 0.0; 0.0; 0.0; 0.0; 1.65; 0.84; 4.61; 9.34; 25.0; -25.0; 0.0; 0; 0; 0.0; 0.0; 1; 6.20403993951; 1.44278572917; 1.41242621277; 0; 0; 0; 0; 0.0; 0.0; 0.0; -1.0; 0.0; 0.0; 0.0; 0.0; 0.0; 1.0;0; 0;0; 0; 
32.3393871784; 103990; 0.0; 0.0; -0.16218; 0.0; 0.0; 0.0; 0.0; 0.0; 0.0; 0.0; 0.0; 0.0; 0.0; 0.0; 0.0; 0.0; 0.0; 1.65; 0.84; 4.61; 9.34; 25.0; -25.0; 0.0; 0; 0; 0.0; 0.0; 1; 6.20403993951; 1.44278572917; 1.41242621277; 0; 0; 0; 0; 0.0; 0.0; 0.0; -1.0; 0.0; 0.0; 0.0; 0.0; 0.0; 1.0;0; 0;0; 0; 
32.3509221077; 104000; 0.0; 0.0; -0.16191; 0.0; 0.0; 0.0; 0.0; 0.0; 0.0; 0.0; 0.0; 0.0; 0.0; 0.0; 0.0; 0.0; 0.0; 1.65; 0.84; 4.61; 9.34; 25.0; -25.0; 0.0; 0; 0; 0.0; 0.0; 1; 6.20403993951; 1.44278572917; 1.41242621277; 0; 0; 0; 0; 0.0; 0.0; 0.0; -1.0; 0.0; 0.0; 0.0; 0.0; 0.0; 1.0;0; 0;0; 0; 
32.3628630638; 104000; 0.0; 0.0; -0.16217; 0.0; 0.0; 0.0; 0.0; 0.0; 0.0; 0.0; 0.0; 0.0; 0.0; 0.0; 0.0; 0.0; 0.0; 1.65; 0.84; 4.61; 9.34; 25.0; -25.0; 0.0; 0; 0; 0.0; 0.0; 1; 6.20403993951; 1.44278572917; 1.41242621277; 0; 0; 0; 0; 0.0; 0.0; 0.0; -1.0; 0.0; 0.0; 0.0; 0.0; 0.0; 1.0;0; 0;0; 0; 
32.3740830421; 104010; 0.0; 0.0; -0.16292; 0.0; 0.0; 0.0; 0.0; 0.0; 0.0; 0.0; 0.0; 0.0; 0.0; 0.0; 0.0; 0.0; 0.0; 1.65; 0.84; 4.61; 9.34; 25.0; -25.0; 0.0; 0; 0; 0.0; 0.0; 1; 6.20867924978; 1.47363065952; 1.43144197709; 0; 0; 0; 0; 0.0; 0.0; 0.0; -1.0; 0.0; 0.0; 0.0; 0.0; 0.0; 1.0;0; 0;0; 0; 
32.3856751919; 104010; 0.0; 0.0; -0.16406; 0.0; 0.0; 0.0; 0.0; 0.0; 0.0; 0.0; 0.0; 0.0; 0.0; 0.0; 0.0; 0.0; 0.0; 1.65; 0.84; 4.61; 9.34; 25.0; -25.0; 0.0; 0; 0; 0.0; 0.0; 1; 6.20867924978; 1.47363065952; 1.43144197709; 0; 0; 0; 0; 0.0; 0.0; 0.0; -1.0; 0.0; 0.0; 0.0; 0.0; 0.0; 1.0;0; 0;0; 0; 
32.3976330757; 104020; 0.0; 0.0; -0.1656; 0.0; 0.0; 0.0; 0.0; 0.0; 0.0; 0.0; 0.0; 0.0; 0.0; 0.0; 0.0; 0.0; 0.0; 1.65; 0.84; 4.61; 9.34; 25.0; -25.0; 0.0; 0; 0; 0.0; 0.0; 1; 6.20867924978; 1.47363065952; 1.43144197709; 0; 0; 0; 0; 0.0; 0.0; 0.0; -1.0; 0.0; 0.0; 0.0; 0.0; 0.0; 1.0;0; 0;0; 0; 
32.4087021351; 104020; 0.0; 0.0; -0.16746; 0.0; 0.0; 0.0; 0.0; 0.0; 0.0; 0.0; 0.0; 0.0; 0.0; 0.0; 0.0; 0.0; 0.0; 1.65; 0.84; 4.61; 9.34; 25.0; -25.0; 0.0; 0; 0; 0.0; 0.0; 1; 6.20867924978; 1.47363065952; 1.43144197709; 0; 0; 0; 0; 0.0; 0.0; 0.0; -1.0; 0.0; 0.0; 0.0; 0.0; 0.0; 1.0;0; 0;0; 0; 
32.4196550846; 104030; 0.0; 0.0; -0.16942; 0.0; 0.0; 0.0; 0.0; 0.0; 0.0; 0.0; 0.0; 0.0; 0.0; 0.0; 0.0; 0.0; 0.0; 1.65; 0.84; 4.61; 9.34; 25.0; -25.0; 0.0; 0; 0; 0.0; 0.0; 1; 6.20867924978; 1.47363065952; 1.43144197709; 0; 0; 0; 0; 0.0; 0.0; 0.0; -1.0; 0.0; 0.0; 0.0; 0.0; 0.0; 1.0;0; 0;0; 0; 
32.4314701557; 104030; 0.0; 0.0; -0.17131; 0.0; 0.0; 0.0; 0.0; 0.0; 0.0; 0.0; 0.0; 0.0; 0.0; 0.0; 0.0; 0.0; 0.0; 1.65; 0.84; 4.61; 9.34; 25.0; -25.0; 0.0; 0; 0; 0.0; 0.0; 1; 6.20867924978; 1.47363065952; 1.43144197709; 0; 0; 0; 0; 0.0; 0.0; 0.0; -1.0; 0.0; 0.0; 0.0; 0.0; 0.0; 1.0;0; 0;0; 0; 
32.4434361458; 104040; 0.0; 0.0; -0.17305; 0.0; 0.0; 0.0; 0.0; 0.0; 0.0; 0.0; 0.0; 0.0; 0.0; 0.0; 0.0; 0.0; 0.0; 1.65; 0.84; 4.61; 9.34; 25.0; -25.0; 0.0; 0; 0; 0.0; 0.0; 1; 6.20867924978; 1.47363065952; 1.43144197709; 0; 0; 0; 0; 0.0; 0.0; 0.0; -1.0; 0.0; 0.0; 0.0; 0.0; 0.0; 1.0;0; 0;0; 0; 
32.4544861317; 104040; 0.0; 0.0; -0.1745; 0.0; 0.0; 0.0; 0.0; 0.0; 0.0; 0.0; 0.0; 0.0; 0.0; 0.0; 0.0; 0.0; 0.0; 1.65; 0.84; 4.61; 9.34; 25.0; -25.0; 0.0; 0; 0; 0.0; 0.0; 1; 6.20867924978; 1.47363065952; 1.43144197709; 0; 0; 0; 0; 0.0; 0.0; 0.0; -1.0; 0.0; 0.0; 0.0; 0.0; 0.0; 1.0;0; 0;0; 0; 
32.4655170441; 104050; 0.0; 0.0; -0.1755; 0.0; 0.0; 0.0; 0.0; 0.0; 0.0; 0.0; 0.0; 0.0; 0.0; 0.0; 0.0; 0.0; 0.0; 1.65; 0.84; 4.61; 9.34; 25.0; -25.0; 0.0; 0; 0; 0.0; 0.0; 1; 6.20867924978; 1.47363065952; 1.43144197709; 0; 0; 0; 0; 0.0; 0.0; 0.0; -1.0; 0.0; 0.0; 0.0; 0.0; 0.0; 1.0;0; 0;0; 0; 
32.4766831398; 104050; 0.0; 0.0; -0.17596; 0.0; 0.0; 0.0; 0.0; 0.0; 0.0; 0.0; 0.0; 0.0; 0.0; 0.0; 0.0; 0.0; 0.0; 1.65; 0.84; 4.61; 9.34; 25.0; -25.0; 0.0; 0; 0; 0.0; 0.0; 1; 6.20867924978; 1.47363065952; 1.43144197709; 0; 0; 0; 0; 0.0; 0.0; 0.0; -1.0; 0.0; 0.0; 0.0; 0.0; 0.0; 1.0;0; 0;0; 0; 
32.4877259731; 104060; 0.0; 0.0; -0.17597; 0.0; 0.0; 0.0; 0.0; 0.0; 0.0; 0.0; 0.0; 0.0; 0.0; 0.0; 0.0; 0.0; 0.0; 1.65; 0.84; 4.61; 9.34; 25.0; -25.0; 0.0; 0; 0; 0.0; 0.0; 1; 6.20867924978; 1.47363065952; 1.43144197709; 0; 0; 0; 0; 0.0; 0.0; 0.0; -1.0; 0.0; 0.0; 0.0; 0.0; 0.0; 1.0;0; 0;0; 0; 
32.499309063; 104060; 0.0; 0.0; -0.17562; 0.0; 0.0; 0.0; 0.0; 0.0; 0.0; 0.0; 0.0; 0.0; 0.0; 0.0; 0.0; 0.0; 0.0; 1.65; 0.84; 4.61; 9.34; 25.0; -25.0; 0.0; 0; 0; 0.0; 0.0; 1; 6.20867924978; 1.47363065952; 1.43144197709; 0; 0; 0; 0; 0.0; 0.0; 0.0; -1.0; 0.0; 0.0; 0.0; 0.0; 0.0; 1.0;0; 0;0; 0; 
32.5112609863; 104070; 0.0; 0.0; -0.17483; 0.0; 0.0; 0.0; 0.0; 0.0; 0.0; 0.0; 0.0; 0.0; 0.0; 0.0; 0.0; 0.0; 0.0; 1.65; 0.84; 4.61; 9.34; 25.0; -25.0; 0.0; 0; 0; 0.0; 0.0; 1; 6.20867924978; 1.47363065952; 1.43144197709; 0; 0; 0; 0; 0.0; 0.0; 0.0; -1.0; 0.0; 0.0; 0.0; 0.0; 0.0; 1.0;0; 0;0; 0; 
32.5223851204; 104070; 0.0; 0.0; -0.17368; 0.0; 0.0; 0.0; 0.0; 0.0; 0.0; 0.0; 0.0; 0.0; 0.0; 0.0; 0.0; 0.0; 0.0; 1.65; 0.84; 4.61; 9.34; 25.0; -25.0; 0.0; 0; 0; 0.0; 0.0; 1; 6.20867924978; 1.47363065952; 1.43144197709; 0; 0; 0; 0; 0.0; 0.0; 0.0; -1.0; 0.0; 0.0; 0.0; 0.0; 0.0; 1.0;0; 0;0; 0; 
32.5342650414; 104080; 0.0; 0.0; -0.17231; 0.0; 0.0; 0.0; 0.0; 0.0; 0.0; 0.0; 0.0; 0.0; 0.0; 0.0; 0.0; 0.0; 0.0; 1.65; 0.84; 4.61; 9.34; 25.0; -25.0; 0.0; 0; 0; 0.0; 0.0; 1; 6.20867924978; 1.47363065952; 1.43144197709; 0; 0; 0; 0; 0.0; 0.0; 0.0; -1.0; 0.0; 0.0; 0.0; 0.0; 0.0; 1.0;0; 0;0; 0; 
32.5460290909; 104080; 0.0; 0.0; -0.17086; 0.0; 0.0; 0.0; 0.0; 0.0; 0.0; 0.0; 0.0; 0.0; 0.0; 0.0; 0.0; 0.0; 0.0; 1.65; 0.84; 4.61; 9.34; 25.0; -25.0; 0.0; 0; 0; 0.0; 0.0; 1; 6.20867924978; 1.47363065952; 1.43144197709; 0; 0; 0; 0; 0.0; 0.0; 0.0; -1.0; 0.0; 0.0; 0.0; 0.0; 0.0; 1.0;0; 0;0; 0; 
32.5568339825; 104090; 0.0; 0.0; -0.16933; 0.0; 0.0; 0.0; 0.0; 0.0; 0.0; 0.0; 0.0; 0.0; 0.0; 0.0; 0.0; 0.0; 0.0; 1.65; 0.84; 4.61; 9.34; 25.0; -25.0; 0.0; 0; 0; 0.0; 0.0; 1; 6.20867924978; 1.47363065952; 1.43144197709; 0; 0; 0; 0; 0.0; 0.0; 0.0; -1.0; 0.0; 0.0; 0.0; 0.0; 0.0; 1.0;0; 0;0; 0; 
32.5682141781; 104090; 0.0; 0.0; -0.16771; 0.0; 0.0; 0.0; 0.0; 0.0; 0.0; 0.0; 0.0; 0.0; 0.0; 0.0; 0.0; 0.0; 0.0; 1.65; 0.84; 4.61; 9.34; 25.0; -25.0; 0.0; 0; 0; 0.0; 0.0; 1; 6.20867924978; 1.47363065952; 1.43144197709; 0; 0; 0; 0; 0.0; 0.0; 0.0; -1.0; 0.0; 0.0; 0.0; 0.0; 0.0; 1.0;0; 0;0; 0; 
32.5794739723; 104100; 0.0; 0.0; -0.16616; 0.0; 0.0; 0.0; 0.0; 0.0; 0.0; 0.0; 0.0; 0.0; 0.0; 0.0; 0.0; 0.0; 0.0; 1.65; 0.84; 4.61; 9.34; 25.0; -25.0; 0.0; 0; 0; 0.0; 0.0; 1; 6.20867924978; 1.47363065952; 1.43144197709; 0; 0; 0; 0; 0.0; 0.0; 0.0; -1.0; 0.0; 0.0; 0.0; 0.0; 0.0; 1.0;0; 0;0; 0; 
32.5907320976; 104100; 0.0; 0.0; -0.16483; 0.0; 0.0; 0.0; 0.0; 0.0; 0.0; 0.0; 0.0; 0.0; 0.0; 0.0; 0.0; 0.0; 0.0; 1.65; 0.84; 4.61; 9.34; 25.0; -25.0; 0.0; 0; 0; 0.0; 0.0; 1; 6.20867924978; 1.47363065952; 1.43144197709; 0; 0; 0; 0; 0.0; 0.0; 0.0; -1.0; 0.0; 0.0; 0.0; 0.0; 0.0; 1.0;0; 0;0; 0; 
32.6017282009; 104110; 0.0; 0.0; -0.16362; 0.0; 0.0; 0.0; 0.0; 0.0; 0.0; 0.0; 0.0; 0.0; 0.0; 0.0; 0.0; 0.0; 0.0; 1.65; 0.84; 4.61; 9.34; 25.0; -25.0; 0.0; 0; 0; 0.0; 0.0; 1; 6.21394196872; 1.51376229945; 1.45097754744; 0; 0; 0; 0; 0.0; 0.0; 0.0; -1.0; 0.0; 0.0; 0.0; 0.0; 0.0; 1.0;0; 0;0; 0; 
32.6130189896; 104110; 0.0; 0.0; -0.16257; 0.0; 0.0; 0.0; 0.0; 0.0; 0.0; 0.0; 0.0; 0.0; 0.0; 0.0; 0.0; 0.0; 0.0; 1.65; 0.84; 4.61; 9.34; 25.0; -25.0; 0.0; 0; 0; 0.0; 0.0; 1; 6.21394196872; 1.51376229945; 1.45097754744; 0; 0; 0; 0; 0.0; 0.0; 0.0; -1.0; 0.0; 0.0; 0.0; 0.0; 0.0; 1.0;0; 0;0; 0; 
32.6237711906; 104120; 0.0; 0.0; -0.16172; 0.0; 0.0; 0.0; 0.0; 0.0; 0.0; 0.0; 0.0; 0.0; 0.0; 0.0; 0.0; 0.0; 0.0; 1.65; 0.84; 4.61; 9.34; 25.0; -25.0; 0.0; 0; 0; 0.0; 0.0; 1; 6.21394196872; 1.51376229945; 1.45097754744; 0; 0; 0; 0; 0.0; 0.0; 0.0; -1.0; 0.0; 0.0; 0.0; 0.0; 0.0; 1.0;0; 0;0; 0; 
32.6354491711; 104120; 0.0; 0.0; -0.16114; 0.0; 0.0; 0.0; 0.0; 0.0; 0.0; 0.0; 0.0; 0.0; 0.0; 0.0; 0.0; 0.0; 0.0; 1.65; 0.84; 4.61; 9.34; 25.0; -25.0; 0.0; 0; 0; 0.0; 0.0; 1; 6.21394196872; 1.51376229945; 1.45097754744; 0; 0; 0; 0; 0.0; 0.0; 0.0; -1.0; 0.0; 0.0; 0.0; 0.0; 0.0; 1.0;0; 0;0; 0; 
32.6473491192; 104130; 0.0; 0.0; -0.16082; 0.0; 0.0; 0.0; 0.0; 0.0; 0.0; 0.0; 0.0; 0.0; 0.0; 0.0; 0.0; 0.0; 0.0; 1.65; 0.84; 4.61; 9.34; 25.0; -25.0; 0.0; 0; 0; 0.0; 0.0; 1; 6.21394196872; 1.51376229945; 1.45097754744; 0; 0; 0; 0; 0.0; 0.0; 0.0; -1.0; 0.0; 0.0; 0.0; 0.0; 0.0; 1.0;0; 0;0; 0; 
32.6594011784; 104130; 0.0; 0.0; -0.16071; 0.0; 0.0; 0.0; 0.0; 0.0; 0.0; 0.0; 0.0; 0.0; 0.0; 0.0; 0.0; 0.0; 0.0; 1.7; 0.85; 4.35; 4.64; 25.0; -25.0; 0.0; 0; 0; 0.0; 0.0; 1; 6.21394196872; 1.51376229945; 1.45097754744; 0; 0; 0; 0; 0.0; 0.0; 0.0; -1.0; 0.0; 0.0; 0.0; 0.0; 0.0; 1.0;0; 0;0; 0; 
32.6714801788; 104140; 0.0; 0.0; -0.16086; 0.0; 0.0; 0.0; 0.0; 0.0; 0.0; 0.0; 0.0; 0.0; 0.0; 0.0; 0.0; 0.0; 0.0; 1.7; 0.85; 4.35; 4.64; 25.0; -25.0; 0.0; 0; 0; 0.0; 0.0; 1; 6.21394196872; 1.51376229945; 1.45097754744; 0; 0; 0; 0; 0.0; 0.0; 0.0; -1.0; 0.0; 0.0; 0.0; 0.0; 0.0; 1.0;0; 0;0; 0; 
32.6835961342; 104140; 0.0; 0.0; -0.16125; 0.0; 0.0; 0.0; 0.0; 0.0; 0.0; 0.0; 0.0; 0.0; 0.0; 0.0; 0.0; 0.0; 0.0; 1.7; 0.85; 4.35; 4.64; 25.0; -25.0; 0.0; 0; 0; 0.0; 0.0; 1; 6.21394196872; 1.51376229945; 1.45097754744; 0; 0; 0; 0; 0.0; 0.0; 0.0; -1.0; 0.0; 0.0; 0.0; 0.0; 0.0; 1.0;0; 0;0; 0; 
32.6957540512; 104150; 0.0; 0.0; -0.16175; 0.0; 0.0; 0.0; 0.0; 0.0; 0.0; 0.0; 0.0; 0.0; 0.0; 0.0; 0.0; 0.0; 0.0; 1.7; 0.85; 4.35; 4.64; 25.0; -25.0; 0.0; 0; 0; 0.0; 0.0; 1; 6.21394196872; 1.51376229945; 1.45097754744; 0; 0; 0; 0; 0.0; 0.0; 0.0; -1.0; 0.0; 0.0; 0.0; 0.0; 0.0; 1.0;0; 0;0; 0; 
32.7077870369; 104150; 0.0; 0.0; -0.16223; 0.0; 0.0; 0.0; 0.0; 0.0; 0.0; 0.0; 0.0; 0.0; 0.0; 0.0; 0.0; 0.0; 0.0; 1.7; 0.85; 4.35; 4.64; 25.0; -25.0; 0.0; 0; 0; 0.0; 0.0; 1; 6.21394196872; 1.51376229945; 1.45097754744; 0; 0; 0; 0; 0.0; 0.0; 0.0; -1.0; 0.0; 0.0; 0.0; 0.0; 0.0; 1.0;0; 0;0; 0; 
32.7190999985; 104160; 0.0; 0.0; -0.16262; 0.0; 0.0; 0.0; 0.0; 0.0; 0.0; 0.0; 0.0; 0.0; 0.0; 0.0; 0.0; 0.0; 0.0; 1.7; 0.85; 4.35; 4.64; 25.0; -25.0; 0.0; 0; 0; 0.0; 0.0; 1; 6.21394196872; 1.51376229945; 1.45097754744; 0; 0; 0; 0; 0.0; 0.0; 0.0; -1.0; 0.0; 0.0; 0.0; 0.0; 0.0; 1.0;0; 0;0; 0; 
32.7306771278; 104160; 0.0; 0.0; -0.16277; 0.0; 0.0; 0.0; 0.0; 0.0; 0.0; 0.0; 0.0; 0.0; 0.0; 0.0; 0.0; 0.0; 0.0; 1.7; 0.85; 4.35; 4.64; 25.0; -25.0; 0.0; 0; 0; 0.0; 0.0; 1; 6.21394196872; 1.51376229945; 1.45097754744; 0; 0; 0; 0; 0.0; 0.0; 0.0; -1.0; 0.0; 0.0; 0.0; 0.0; 0.0; 1.0;0; 0;0; 0; 
32.7421910763; 104170; 0.0; 0.0; -0.1626; 0.0; 0.0; 0.0; 0.0; 0.0; 0.0; 0.0; 0.0; 0.0; 0.0; 0.0; 0.0; 0.0; 0.0; 1.7; 0.85; 4.35; 4.64; 25.0; -25.0; 0.0; 0; 0; 0.0; 0.0; 1; 6.21394196872; 1.51376229945; 1.45097754744; 0; 0; 0; 0; 0.0; 0.0; 0.0; -1.0; 0.0; 0.0; 0.0; 0.0; 0.0; 1.0;0; 0;0; 0; 
32.7545361519; 104170; 0.0; 0.0; -0.16206; 0.0; 0.0; 0.0; 0.0; 0.0; 0.0; 0.0; 0.0; 0.0; 0.0; 0.0; 0.0; 0.0; 0.0; 1.7; 0.85; 4.35; 4.64; 25.0; -25.0; 0.0; 0; 0; 0.0; 0.0; 1; 6.21394196872; 1.51376229945; 1.45097754744; 0; 0; 0; 0; 0.0; 0.0; 0.0; -1.0; 0.0; 0.0; 0.0; 0.0; 0.0; 1.0;0; 0;0; 0; 
32.7665710449; 104180; 0.0; 0.0; -0.16119; 0.0; 0.0; 0.0; 0.0; 0.0; 0.0; 0.0; 0.0; 0.0; 0.0; 0.0; 0.0; 0.0; 0.0; 1.7; 0.85; 4.35; 4.64; 25.0; -25.0; 0.0; 0; 0; 0.0; 0.0; 1; 6.21394196872; 1.51376229945; 1.45097754744; 0; 0; 0; 0; 0.0; 0.0; 0.0; -1.0; 0.0; 0.0; 0.0; 0.0; 0.0; 1.0;0; 0;0; 0; 
32.7784631252; 104180; 0.0; 0.0; -0.16013; 0.0; 0.0; 0.0; 0.0; 0.0; 0.0; 0.0; 0.0; 0.0; 0.0; 0.0; 0.0; 0.0; 0.0; 1.7; 0.85; 4.35; 4.64; 25.0; -25.0; 0.0; 0; 0; 0.0; 0.0; 1; 6.21394196872; 1.51376229945; 1.45097754744; 0; 0; 0; 0; 0.0; 0.0; 0.0; -1.0; 0.0; 0.0; 0.0; 0.0; 0.0; 1.0;0; 0;0; 0; 
32.7890641689; 104190; 0.0; 0.0; -0.15892; 0.0; 0.0; 0.0; 0.0; 0.0; 0.0; 0.0; 0.0; 0.0; 0.0; 0.0; 0.0; 0.0; 0.0; 1.7; 0.85; 4.35; 4.64; 25.0; -25.0; 0.0; 0; 0; 0.0; 0.0; 1; 6.21394196872; 1.51376229945; 1.45097754744; 0; 0; 0; 0; 0.0; 0.0; 0.0; -1.0; 0.0; 0.0; 0.0; 0.0; 0.0; 1.0;0; 0;0; 0; 
32.8006081581; 104190; 0.0; 0.0; -0.15773; 0.0; 0.0; 0.0; 0.0; 0.0; 0.0; 0.0; 0.0; 0.0; 0.0; 0.0; 0.0; 0.0; 0.0; 1.7; 0.85; 4.35; 4.64; 25.0; -25.0; 0.0; 0; 0; 0.0; 0.0; 1; 6.21394196872; 1.51376229945; 1.45097754744; 0; 0; 0; 0; 0.0; 0.0; 0.0; -1.0; 0.0; 0.0; 0.0; 0.0; 0.0; 1.0;0; 0;0; 0; 
32.8117179871; 104200; 0.0; 0.0; -0.15668; 0.0; 0.0; 0.0; 0.0; 0.0; 0.0; 0.0; 0.0; 0.0; 0.0; 0.0; 0.0; 0.0; 0.0; 1.7; 0.85; 4.35; 4.64; 25.0; -25.0; 0.0; 0; 0; 0.0; 0.0; 1; 6.21394196872; 1.51376229945; 1.45097754744; 0; 0; 0; 0; 0.0; 0.0; 0.0; -1.0; 0.0; 0.0; 0.0; 0.0; 0.0; 1.0;0; 0;0; 0; 
32.8227431774; 104200; 0.0; 0.0; -0.15584; 0.0; 0.0; 0.0; 0.0; 0.0; 0.0; 0.0; 0.0; 0.0; 0.0; 0.0; 0.0; 0.0; 0.0; 1.7; 0.85; 4.35; 4.64; 25.0; -25.0; 0.0; 0; 0; 0.0; 0.0; 1; 6.21394196872; 1.51376229945; 1.45097754744; 0; 0; 0; 0; 0.0; 0.0; 0.0; -1.0; 0.0; 0.0; 0.0; 0.0; 0.0; 1.0;0; 0;0; 0; 
32.833643198; 104210; 0.0; 0.0; -0.15527; 0.0; 0.0; 0.0; 0.0; 0.0; 0.0; 0.0; 0.0; 0.0; 0.0; 0.0; 0.0; 0.0; 0.0; 1.7; 0.85; 4.35; 4.64; 25.0; -25.0; 0.0; 0; 0; 0.0; 0.0; 1; 6.21883561735; 1.55756423467; 1.47007414296; 0; 0; 0; 0; 0.0; 0.0; 0.0; -1.0; 0.0; 0.0; 0.0; 0.0; 0.0; 1.0;0; 0;0; 0; 
32.8446521759; 104210; 0.0; 0.0; -0.15505; 0.0; 0.0; 0.0; 0.0; 0.0; 0.0; 0.0; 0.0; 0.0; 0.0; 0.0; 0.0; 0.0; 0.0; 1.7; 0.85; 4.35; 4.64; 25.0; -25.0; 0.0; 0; 0; 0.0; 0.0; 1; 6.21883561735; 1.55756423467; 1.47007414296; 0; 0; 0; 0; 0.0; 0.0; 0.0; -1.0; 0.0; 0.0; 0.0; 0.0; 0.0; 1.0;0; 0;0; 0; 
32.8563830853; 104220; 0.0; 0.0; -0.15526; 0.0; 0.0; 0.0; 0.0; 0.0; 0.0; 0.0; 0.0; 0.0; 0.0; 0.0; 0.0; 0.0; 0.0; 1.7; 0.85; 4.35; 4.64; 25.0; -25.0; 0.0; 0; 0; 0.0; 0.0; 1; 6.21883561735; 1.55756423467; 1.47007414296; 0; 0; 0; 0; 0.0; 0.0; 0.0; -1.0; 0.0; 0.0; 0.0; 0.0; 0.0; 1.0;0; 0;0; 0; 
32.8678631783; 104220; 0.0; 0.0; -0.15588; 0.0; 0.0; 0.0; 0.0; 0.0; 0.0; 0.0; 0.0; 0.0; 0.0; 0.0; 0.0; 0.0; 0.0; 1.7; 0.85; 4.35; 4.64; 25.0; -25.0; 0.0; 0; 0; 0.0; 0.0; 1; 6.21883561735; 1.55756423467; 1.47007414296; 0; 0; 0; 0; 0.0; 0.0; 0.0; -1.0; 0.0; 0.0; 0.0; 0.0; 0.0; 1.0;0; 0;0; 0; 
32.8803460598; 104230; 0.0; 0.0; -0.15683; 0.0; 0.0; 0.0; 0.0; 0.0; 0.0; 0.0; 0.0; 0.0; 0.0; 0.0; 0.0; 0.0; 0.0; 1.7; 0.85; 4.35; 4.64; 25.0; -25.0; 0.0; 0; 0; 0.0; 0.0; 1; 6.21883561735; 1.55756423467; 1.47007414296; 0; 0; 0; 0; 0.0; 0.0; 0.0; -1.0; 0.0; 0.0; 0.0; 0.0; 0.0; 1.0;0; 0;0; 0; 
32.8926110268; 104230; 0.0; 0.0; -0.1581; 0.0; 0.0; 0.0; 0.0; 0.0; 0.0; 0.0; 0.0; 0.0; 0.0; 0.0; 0.0; 0.0; 0.0; 1.7; 0.85; 4.43; 2.39; 25.0; -25.0; 0.0; 0; 0; 0.0; 0.0; 1; 6.21883561735; 1.55756423467; 1.47007414296; 0; 0; 0; 0; 0.0; 0.0; 0.0; -1.0; 0.0; 0.0; 0.0; 0.0; 0.0; 1.0;0; 0;0; 0; 
32.9036290646; 104240; 0.0; 0.0; -0.15971; 0.0; 0.0; 0.0; 0.0; 0.0; 0.0; 0.0; 0.0; 0.0; 0.0; 0.0; 0.0; 0.0; 0.0; 1.7; 0.85; 4.43; 2.39; 25.0; -25.0; 0.0; 0; 0; 0.0; 0.0; 1; 6.21883561735; 1.55756423467; 1.47007414296; 0; 0; 0; 0; 0.0; 0.0; 0.0; -1.0; 0.0; 0.0; 0.0; 0.0; 0.0; 1.0;0; 0;0; 0; 
32.9150691032; 104240; 0.0; 0.0; -0.16153; 0.0; 0.0; 0.0; 0.0; 0.0; 0.0; 0.0; 0.0; 0.0; 0.0; 0.0; 0.0; 0.0; 0.0; 1.7; 0.85; 4.43; 2.39; 25.0; -25.0; 0.0; 0; 0; 0.0; 0.0; 1; 6.21883561735; 1.55756423467; 1.47007414296; 0; 0; 0; 0; 0.0; 0.0; 0.0; -1.0; 0.0; 0.0; 0.0; 0.0; 0.0; 1.0;0; 0;0; 0; 
32.9257721901; 104250; 0.0; 0.0; -0.16343; 0.0; 0.0; 0.0; 0.0; 0.0; 0.0; 0.0; 0.0; 0.0; 0.0; 0.0; 0.0; 0.0; 0.0; 1.7; 0.85; 4.43; 2.39; 25.0; -25.0; 0.0; 0; 0; 0.0; 0.0; 1; 6.21883561735; 1.55756423467; 1.47007414296; 0; 0; 0; 0; 0.0; 0.0; 0.0; -1.0; 0.0; 0.0; 0.0; 0.0; 0.0; 1.0;0; 0;0; 0; 
32.9376029968; 104250; 0.0; 0.0; -0.16537; 0.0; 0.0; 0.0; 0.0; 0.0; 0.0; 0.0; 0.0; 0.0; 0.0; 0.0; 0.0; 0.0; 0.0; 1.7; 0.85; 4.43; 2.39; 25.0; -25.0; 0.0; 0; 0; 0.0; 0.0; 1; 6.21883561735; 1.55756423467; 1.47007414296; 0; 0; 0; 0; 0.0; 0.0; 0.0; -1.0; 0.0; 0.0; 0.0; 0.0; 0.0; 1.0;0; 0;0; 0; 
32.9493441582; 104260; 0.0; 0.0; -0.16736; 0.0; 0.0; 0.0; 0.0; 0.0; 0.0; 0.0; 0.0; 0.0; 0.0; 0.0; 0.0; 0.0; 0.0; 1.7; 0.85; 4.43; 2.39; 25.0; -25.0; 0.0; 0; 0; 0.0; 0.0; 1; 6.21883561735; 1.55756423467; 1.47007414296; 0; 0; 0; 0; 0.0; 0.0; 0.0; -1.0; 0.0; 0.0; 0.0; 0.0; 0.0; 1.0;0; 0;0; 0; 
32.960474968; 104260; 0.0; 0.0; -0.16931; 0.0; 0.0; 0.0; 0.0; 0.0; 0.0; 0.0; 0.0; 0.0; 0.0; 0.0; 0.0; 0.0; 0.0; 1.7; 0.85; 4.43; 2.39; 25.0; -25.0; 0.0; 0; 0; 0.0; 0.0; 1; 6.21883561735; 1.55756423467; 1.47007414296; 0; 0; 0; 0; 0.0; 0.0; 0.0; -1.0; 0.0; 0.0; 0.0; 0.0; 0.0; 1.0;0; 0;0; 0; 
32.9713740349; 104270; 0.0; 0.0; -0.17105; 0.0; 0.0; 0.0; 0.0; 0.0; 0.0; 0.0; 0.0; 0.0; 0.0; 0.0; 0.0; 0.0; 0.0; 1.7; 0.85; 4.43; 2.39; 25.0; -25.0; 0.0; 0; 0; 0.0; 0.0; 1; 6.21883561735; 1.55756423467; 1.47007414296; 0; 0; 0; 0; 0.0; 0.0; 0.0; -1.0; 0.0; 0.0; 0.0; 0.0; 0.0; 1.0;0; 0;0; 0; 
32.9829490185; 104270; 0.0; 0.0; -0.17247; 0.0; 0.0; 0.0; 0.0; 0.0; 0.0; 0.0; 0.0; 0.0; 0.0; 0.0; 0.0; 0.0; 0.0; 1.7; 0.85; 4.43; 2.39; 25.0; -25.0; 0.0; 0; 0; 0.0; 0.0; 1; 6.21883561735; 1.55756423467; 1.47007414296; 0; 0; 0; 0; 0.0; 0.0; 0.0; -1.0; 0.0; 0.0; 0.0; 0.0; 0.0; 1.0;0; 0;0; 0; 
32.9947631359; 104280; 0.0; 0.0; -0.17346; 0.0; 0.0; 0.0; 0.0; 0.0; 0.0; 0.0; 0.0; 0.0; 0.0; 0.0; 0.0; 0.0; 0.0; 1.7; 0.85; 4.43; 2.39; 25.0; -25.0; 0.0; 0; 0; 0.0; 0.0; 1; 6.21883561735; 1.55756423467; 1.47007414296; 0; 0; 0; 0; 0.0; 0.0; 0.0; -1.0; 0.0; 0.0; 0.0; 0.0; 0.0; 1.0;0; 0;0; 0; 
33.0066850185; 104280; 0.0; 0.0; -0.17394; 0.0; 0.0; 0.0; 0.0; 0.0; 0.0; 0.0; 0.0; 0.0; 0.0; 0.0; 0.0; 0.0; 0.0; 1.7; 0.85; 4.43; 2.39; 25.0; -25.0; 0.0; 0; 0; 0.0; 0.0; 1; 6.21883561735; 1.55756423467; 1.47007414296; 0; 0; 0; 0; 0.0; 0.0; 0.0; -1.0; 0.0; 0.0; 0.0; 0.0; 0.0; 1.0;0; 0;0; 0; 
33.0181081295; 104290; 0.0; 0.0; -0.17382; 0.0; 0.0; 0.0; 0.0; 0.0; 0.0; 0.0; 0.0; 0.0; 0.0; 0.0; 0.0; 0.0; 0.0; 1.7; 0.85; 4.43; 2.39; 25.0; -25.0; 0.0; 0; 0; 0.0; 0.0; 1; 6.21883561735; 1.55756423467; 1.47007414296; 0; 0; 0; 0; 0.0; 0.0; 0.0; -1.0; 0.0; 0.0; 0.0; 0.0; 0.0; 1.0;0; 0;0; 0; 
33.0297560692; 104290; 0.0; 0.0; -0.17314; 0.0; 0.0; 0.0; 0.0; 0.0; 0.0; 0.0; 0.0; 0.0; 0.0; 0.0; 0.0; 0.0; 0.0; 1.7; 0.85; 4.43; 2.39; 25.0; -25.0; 0.0; 0; 0; 0.0; 0.0; 1; 6.21883561735; 1.55756423467; 1.47007414296; 0; 0; 0; 0; 0.0; 0.0; 0.0; -1.0; 0.0; 0.0; 0.0; 0.0; 0.0; 1.0;0; 0;0; 0; 
33.0408430099; 104300; 0.0; 0.0; -0.1721; 0.0; 0.0; 0.0; 0.0; 0.0; 0.0; 0.0; 0.0; 0.0; 0.0; 0.0; 0.0; 0.0; 0.0; 1.7; 0.85; 4.43; 2.39; 25.0; -25.0; 0.0; 0; 0; 0.0; 0.0; 1; 6.21883561735; 1.55756423467; 1.47007414296; 0; 0; 0; 0; 0.0; 0.0; 0.0; -1.0; 0.0; 0.0; 0.0; 0.0; 0.0; 1.0;0; 0;0; 0; 
33.0530359745; 104300; 0.0; 0.0; -0.17081; 0.0; 0.0; 0.0; 0.0; 0.0; 0.0; 0.0; 0.0; 0.0; 0.0; 0.0; 0.0; 0.0; 0.0; 1.7; 0.85; 4.43; 2.39; 25.0; -25.0; 0.0; 0; 0; 0.0; 0.0; 1; 6.21883561735; 1.55756423467; 1.47007414296; 0; 0; 0; 0; 0.0; 0.0; 0.0; -1.0; 0.0; 0.0; 0.0; 0.0; 0.0; 1.0;0; 0;0; 0; 
33.0643851757; 104310; 0.0; 0.0; -0.16938; 0.0; 0.0; 0.0; 0.0; 0.0; 0.0; 0.0; 0.0; 0.0; 0.0; 0.0; 0.0; 0.0; 0.0; 1.7; 0.85; 4.43; 2.39; 25.0; -25.0; 0.0; 0; 0; 0.0; 0.0; 1; 6.22252122234; 1.59726376495; 1.48897916314; 0; 0; 0; 0; 0.0; 0.0; 0.0; -1.0; 0.0; 0.0; 0.0; 0.0; 0.0; 1.0;0; 0;0; 0; 
33.0751771927; 104310; 0.0; 0.0; -0.16802; 0.0; 0.0; 0.0; 0.0; 0.0; 0.0; 0.0; 0.0; 0.0; 0.0; 0.0; 0.0; 0.0; 0.0; 1.7; 0.85; 4.43; 2.39; 25.0; -25.0; 0.0; 0; 0; 0.0; 0.0; 1; 6.22252122234; 1.59726376495; 1.48897916314; 0; 0; 0; 0; 0.0; 0.0; 0.0; -1.0; 0.0; 0.0; 0.0; 0.0; 0.0; 1.0;0; 0;0; 0; 
33.0870490074; 104320; 0.0; 0.0; -0.1668; 0.0; 0.0; 0.0; 0.0; 0.0; 0.0; 0.0; 0.0; 0.0; 0.0; 0.0; 0.0; 0.0; 0.0; 1.7; 0.85; 4.43; 2.39; 25.0; -25.0; 0.0; 0; 0; 0.0; 0.0; 1; 6.22252122234; 1.59726376495; 1.48897916314; 0; 0; 0; 0; 0.0; 0.0; 0.0; -1.0; 0.0; 0.0; 0.0; 0.0; 0.0; 1.0;0; 0;0; 0; 
33.0982940197; 104320; 0.0; 0.0; -0.1658; 0.0; 0.0; 0.0; 0.0; 0.0; 0.0; 0.0; 0.0; 0.0; 0.0; 0.0; 0.0; 0.0; 0.0; 1.7; 0.85; 4.43; 2.39; 25.0; -25.0; 0.0; 0; 0; 0.0; 0.0; 1; 6.22252122234; 1.59726376495; 1.48897916314; 0; 0; 0; 0; 0.0; 0.0; 0.0; -1.0; 0.0; 0.0; 0.0; 0.0; 0.0; 1.0;0; 0;0; 0; 
33.1092441082; 104330; 0.0; 0.0; -0.16503; 0.0; 0.0; 0.0; 0.0; 0.0; 0.0; 0.0; 0.0; 0.0; 0.0; 0.0; 0.0; 0.0; 0.0; 1.7; 0.85; 4.43; 2.39; 25.0; -25.0; 0.0; 0; 0; 0.0; 0.0; 1; 6.22252122234; 1.59726376495; 1.48897916314; 0; 0; 0; 0; 0.0; 0.0; 0.0; -1.0; 0.0; 0.0; 0.0; 0.0; 0.0; 1.0;0; 0;0; 0; 
33.1210570335; 104330; 0.0; 0.0; -0.16453; 0.0; 0.0; 0.0; 0.0; 0.0; 0.0; 0.0; 0.0; 0.0; 0.0; 0.0; 0.0; 0.0; 0.0; 1.68; 0.86; 4.21; 8.9; 25.0; -25.0; 0.0; 0; 0; 0.0; 0.0; 1; 6.22252122234; 1.59726376495; 1.48897916314; 0; 0; 0; 0; 0.0; 0.0; 0.0; -1.0; 0.0; 0.0; 0.0; 0.0; 0.0; 1.0;0; 0;0; 0; 
33.1326231956; 104340; 0.0; 0.0; -0.16443; 0.0; 0.0; 0.0; 0.0; 0.0; 0.0; 0.0; 0.0; 0.0; 0.0; 0.0; 0.0; 0.0; 0.0; 1.68; 0.86; 4.21; 8.9; 25.0; -25.0; 0.0; 0; 0; 0.0; 0.0; 1; 6.22252122234; 1.59726376495; 1.48897916314; 0; 0; 0; 0; 0.0; 0.0; 0.0; -1.0; 0.0; 0.0; 0.0; 0.0; 0.0; 1.0;0; 0;0; 0; 
33.1445190907; 104340; 0.0; 0.0; -0.16474; 0.0; 0.0; 0.0; 0.0; 0.0; 0.0; 0.0; 0.0; 0.0; 0.0; 0.0; 0.0; 0.0; 0.0; 1.68; 0.86; 4.21; 8.9; 25.0; -25.0; 0.0; 0; 0; 0.0; 0.0; 1; 6.22252122234; 1.59726376495; 1.48897916314; 0; 0; 0; 0; 0.0; 0.0; 0.0; -1.0; 0.0; 0.0; 0.0; 0.0; 0.0; 1.0;0; 0;0; 0; 
33.1554000378; 104350; 0.0; 0.0; -0.16543; 0.0; 0.0; 0.0; 0.0; 0.0; 0.0; 0.0; 0.0; 0.0; 0.0; 0.0; 0.0; 0.0; 0.0; 1.68; 0.86; 4.21; 8.9; 25.0; -25.0; 0.0; 0; 0; 0.0; 0.0; 1; 6.22252122234; 1.59726376495; 1.48897916314; 0; 0; 0; 0; 0.0; 0.0; 0.0; -1.0; 0.0; 0.0; 0.0; 0.0; 0.0; 1.0;0; 0;0; 0; 
33.1663870811; 104350; 0.0; 0.0; -0.16647; 0.0; 0.0; 0.0; 0.0; 0.0; 0.0; 0.0; 0.0; 0.0; 0.0; 0.0; 0.0; 0.0; 0.0; 1.68; 0.86; 4.21; 8.9; 25.0; -25.0; 0.0; 0; 0; 0.0; 0.0; 1; 6.22252122234; 1.59726376495; 1.48897916314; 0; 0; 0; 0; 0.0; 0.0; 0.0; -1.0; 0.0; 0.0; 0.0; 0.0; 0.0; 1.0;0; 0;0; 0; 
33.1778659821; 104360; 0.0; 0.0; -0.16785; 0.0; 0.0; 0.0; 0.0; 0.0; 0.0; 0.0; 0.0; 0.0; 0.0; 0.0; 0.0; 0.0; 0.0; 1.68; 0.86; 4.21; 8.9; 25.0; -25.0; 0.0; 0; 0; 0.0; 0.0; 1; 6.22252122234; 1.59726376495; 1.48897916314; 0; 0; 0; 0; 0.0; 0.0; 0.0; -1.0; 0.0; 0.0; 0.0; 0.0; 0.0; 1.0;0; 0;0; 0; 
33.1889400482; 104360; 0.0; 0.0; -0.16952; 0.0; 0.0; 0.0; 0.0; 0.0; 0.0; 0.0; 0.0; 0.0; 0.0; 0.0; 0.0; 0.0; 0.0; 1.68; 0.86; 4.21; 8.9; 25.0; -25.0; 0.0; 0; 0; 0.0; 0.0; 1; 6.22252122234; 1.59726376495; 1.48897916314; 0; 0; 0; 0; 0.0; 0.0; 0.0; -1.0; 0.0; 0.0; 0.0; 0.0; 0.0; 1.0;0; 0;0; 0; 
33.2006261349; 104370; 0.0; 0.0; -0.17134; 0.0; 0.0; 0.0; 0.0; 0.0; 0.0; 0.0; 0.0; 0.0; 0.0; 0.0; 0.0; 0.0; 0.0; 1.68; 0.86; 4.21; 8.9; 25.0; -25.0; 0.0; 0; 0; 0.0; 0.0; 1; 6.22252122234; 1.59726376495; 1.48897916314; 0; 0; 0; 0; 0.0; 0.0; 0.0; -1.0; 0.0; 0.0; 0.0; 0.0; 0.0; 1.0;0; 0;0; 0; 
33.2125220299; 104370; 0.0; 0.0; -0.17319; 0.0; 0.0; 0.0; 0.0; 0.0; 0.0; 0.0; 0.0; 0.0; 0.0; 0.0; 0.0; 0.0; 0.0; 1.68; 0.86; 4.21; 8.9; 25.0; -25.0; 0.0; 0; 0; 0.0; 0.0; 1; 6.22252122234; 1.59726376495; 1.48897916314; 0; 0; 0; 0; 0.0; 0.0; 0.0; -1.0; 0.0; 0.0; 0.0; 0.0; 0.0; 1.0;0; 0;0; 0; 
33.2236461639; 104380; 0.0; 0.0; -0.17497; 0.0; 0.0; 0.0; 0.0; 0.0; 0.0; 0.0; 0.0; 0.0; 0.0; 0.0; 0.0; 0.0; 0.0; 1.68; 0.86; 4.21; 8.9; 25.0; -25.0; 0.0; 0; 0; 0.0; 0.0; 1; 6.22252122234; 1.59726376495; 1.48897916314; 0; 0; 0; 0; 0.0; 0.0; 0.0; -1.0; 0.0; 0.0; 0.0; 0.0; 0.0; 1.0;0; 0;0; 0; 
33.2347581387; 104380; 0.0; 0.0; -0.1766; 0.0; 0.0; 0.0; 0.0; 0.0; 0.0; 0.0; 0.0; 0.0; 0.0; 0.0; 0.0; 0.0; 0.0; 1.68; 0.86; 4.21; 8.9; 25.0; -25.0; 0.0; 0; 0; 0.0; 0.0; 1; 6.22252122234; 1.59726376495; 1.48897916314; 0; 0; 0; 0; 0.0; 0.0; 0.0; -1.0; 0.0; 0.0; 0.0; 0.0; 0.0; 1.0;0; 0;0; 0; 
33.2466170788; 104390; 0.0; 0.0; -0.17793; 0.0; 0.0; 0.0; 0.0; 0.0; 0.0; 0.0; 0.0; 0.0; 0.0; 0.0; 0.0; 0.0; 0.0; 1.68; 0.86; 4.21; 8.9; 25.0; -25.0; 0.0; 0; 0; 0.0; 0.0; 1; 6.22252122234; 1.59726376495; 1.48897916314; 0; 0; 0; 0; 0.0; 0.0; 0.0; -1.0; 0.0; 0.0; 0.0; 0.0; 0.0; 1.0;0; 0;0; 0; 
33.2562410831; 104390; 0.0; 0.0; -0.17882; 0.0; 0.0; 0.0; 0.0; 0.0; 0.0; 0.0; 0.0; 0.0; 0.0; 0.0; 0.0; 0.0; 0.0; 1.68; 0.86; 4.21; 8.9; 25.0; -25.0; 0.0; 0; 0; 0.0; 0.0; 1; 6.22252122234; 1.59726376495; 1.48897916314; 0; 0; 0; 0; 0.0; 0.0; 0.0; -1.0; 0.0; 0.0; 0.0; 0.0; 0.0; 1.0;0; 0;0; 0; 
33.2671921253; 104400; 0.0; 0.0; -0.17918; 0.0; 0.0; 0.0; 0.0; 0.0; 0.0; 0.0; 0.0; 0.0; 0.0; 0.0; 0.0; 0.0; 0.0; 1.68; 0.86; 4.21; 8.9; 25.0; -25.0; 0.0; 0; 0; 0.0; 0.0; 1; 6.22252122234; 1.59726376495; 1.48897916314; 0; 0; 0; 0; 0.0; 0.0; 0.0; -1.0; 0.0; 0.0; 0.0; 0.0; 0.0; 1.0;0; 0;0; 0; 
33.2789511681; 104400; 0.0; 0.0; -0.179; 0.0; 0.0; 0.0; 0.0; 0.0; 0.0; 0.0; 0.0; 0.0; 0.0; 0.0; 0.0; 0.0; 0.0; 1.68; 0.86; 4.21; 8.9; 25.0; -25.0; 0.0; 0; 0; 0.0; 0.0; 1; 6.22252122234; 1.59726376495; 1.48897916314; 0; 0; 0; 0; 0.0; 0.0; 0.0; -1.0; 0.0; 0.0; 0.0; 0.0; 0.0; 1.0;0; 0;0; 0; 
33.2899301052; 104410; 0.0; 0.0; -0.17834; 0.0; 0.0; 0.0; 0.0; 0.0; 0.0; 0.0; 0.0; 0.0; 0.0; 0.0; 0.0; 0.0; 0.0; 1.68; 0.86; 4.21; 8.9; 25.0; -25.0; 0.0; 0; 0; 0.0; 0.0; 1; 6.22525905442; 1.6346424641; 1.50817094269; 0; 0; 0; 0; 0.0; 0.0; 0.0; -1.0; 0.0; 0.0; 0.0; 0.0; 0.0; 1.0;0; 0;0; 0; 
33.3010971546; 104410; 0.0; 0.0; -0.17728; 0.0; 0.0; 0.0; 0.0; 0.0; 0.0; 0.0; 0.0; 0.0; 0.0; 0.0; 0.0; 0.0; 0.0; 1.68; 0.86; 4.21; 8.9; 25.0; -25.0; 0.0; 0; 0; 0.0; 0.0; 1; 6.22525905442; 1.6346424641; 1.50817094269; 0; 0; 0; 0; 0.0; 0.0; 0.0; -1.0; 0.0; 0.0; 0.0; 0.0; 0.0; 1.0;0; 0;0; 0; 
33.3123290539; 104420; 0.0; 0.0; -0.17597; 0.0; 0.0; 0.0; 0.0; 0.0; 0.0; 0.0; 0.0; 0.0; 0.0; 0.0; 0.0; 0.0; 0.0; 1.68; 0.86; 4.21; 8.9; 25.0; -25.0; 0.0; 0; 0; 0.0; 0.0; 1; 6.22525905442; 1.6346424641; 1.50817094269; 0; 0; 0; 0; 0.0; 0.0; 0.0; -1.0; 0.0; 0.0; 0.0; 0.0; 0.0; 1.0;0; 0;0; 0; 
33.3235931396; 104420; 0.0; 0.0; -0.17452; 0.0; 0.0; 0.0; 0.0; 0.0; 0.0; 0.0; 0.0; 0.0; 0.0; 0.0; 0.0; 0.0; 0.0; 1.68; 0.86; 4.21; 8.9; 25.0; -25.0; 0.0; 0; 0; 0.0; 0.0; 1; 6.22525905442; 1.6346424641; 1.50817094269; 0; 0; 0; 0; 0.0; 0.0; 0.0; -1.0; 0.0; 0.0; 0.0; 0.0; 0.0; 1.0;0; 0;0; 0; 
33.3354361057; 104430; 0.0; 0.0; -0.17307; 0.0; 0.0; 0.0; 0.0; 0.0; 0.0; 0.0; 0.0; 0.0; 0.0; 0.0; 0.0; 0.0; 0.0; 1.68; 0.86; 4.21; 8.9; 25.0; -25.0; 0.0; 0; 0; 0.0; 0.0; 1; 6.22525905442; 1.6346424641; 1.50817094269; 0; 0; 0; 0; 0.0; 0.0; 0.0; -1.0; 0.0; 0.0; 0.0; 0.0; 0.0; 1.0;0; 0;0; 0; 
33.3462641239; 104430; 0.0; 0.0; -0.17171; 0.0; 0.0; 0.0; 0.0; 0.0; 0.0; 0.0; 0.0; 0.0; 0.0; 0.0; 0.0; 0.0; 0.0; 1.67; 0.86; 4.1; 4.71; 25.0; -25.0; 0.0; 0; 0; 0.0; 0.0; 1; 6.22525905442; 1.6346424641; 1.50817094269; 0; 0; 0; 0; 0.0; 0.0; 0.0; -1.0; 0.0; 0.0; 0.0; 0.0; 0.0; 1.0;0; 0;0; 0; 
33.3579761982; 104440; 0.0; 0.0; -0.17054; 0.0; 0.0; 0.0; 0.0; 0.0; 0.0; 0.0; 0.0; 0.0; 0.0; 0.0; 0.0; 0.0; 0.0; 1.67; 0.86; 4.1; 4.71; 25.0; -25.0; 0.0; 0; 0; 0.0; 0.0; 1; 6.22525905442; 1.6346424641; 1.50817094269; 0; 0; 0; 0; 0.0; 0.0; 0.0; -1.0; 0.0; 0.0; 0.0; 0.0; 0.0; 1.0;0; 0;0; 0; 
33.3694629669; 104440; 0.0; 0.0; -0.16955; 0.0; 0.0; 0.0; 0.0; 0.0; 0.0; 0.0; 0.0; 0.0; 0.0; 0.0; 0.0; 0.0; 0.0; 1.67; 0.86; 4.1; 4.71; 25.0; -25.0; 0.0; 0; 0; 0.0; 0.0; 1; 6.22525905442; 1.6346424641; 1.50817094269; 0; 0; 0; 0; 0.0; 0.0; 0.0; -1.0; 0.0; 0.0; 0.0; 0.0; 0.0; 1.0;0; 0;0; 0; 
33.3805470467; 104450; 0.0; 0.0; -0.16876; 0.0; 0.0; 0.0; 0.0; 0.0; 0.0; 0.0; 0.0; 0.0; 0.0; 0.0; 0.0; 0.0; 0.0; 1.67; 0.86; 4.1; 4.71; 25.0; -25.0; 0.0; 0; 0; 0.0; 0.0; 1; 6.22525905442; 1.6346424641; 1.50817094269; 0; 0; 0; 0; 0.0; 0.0; 0.0; -1.0; 0.0; 0.0; 0.0; 0.0; 0.0; 1.0;0; 0;0; 0; 
33.3915131092; 104450; 0.0; 0.0; -0.16814; 0.0; 0.0; 0.0; 0.0; 0.0; 0.0; 0.0; 0.0; 0.0; 0.0; 0.0; 0.0; 0.0; 0.0; 1.67; 0.86; 4.1; 4.71; 25.0; -25.0; 0.0; 0; 0; 0.0; 0.0; 1; 6.22525905442; 1.6346424641; 1.50817094269; 0; 0; 0; 0; 0.0; 0.0; 0.0; -1.0; 0.0; 0.0; 0.0; 0.0; 0.0; 1.0;0; 0;0; 0; 
33.402436018; 104460; 0.0; 0.0; -0.16773; 0.0; 0.0; 0.0; 0.0; 0.0; 0.0; 0.0; 0.0; 0.0; 0.0; 0.0; 0.0; 0.0; 0.0; 1.67; 0.86; 4.1; 4.71; 25.0; -25.0; 0.0; 0; 0; 0.0; 0.0; 1; 6.22525905442; 1.6346424641; 1.50817094269; 0; 0; 0; 0; 0.0; 0.0; 0.0; -1.0; 0.0; 0.0; 0.0; 0.0; 0.0; 1.0;0; 0;0; 0; 
33.4129631519; 104460; 0.0; 0.0; -0.16751; 0.0; 0.0; 0.0; 0.0; 0.0; 0.0; 0.0; 0.0; 0.0; 0.0; 0.0; 0.0; 0.0; 0.0; 1.67; 0.86; 4.1; 4.71; 25.0; -25.0; 0.0; 0; 0; 0.0; 0.0; 1; 6.22525905442; 1.6346424641; 1.50817094269; 0; 0; 0; 0; 0.0; 0.0; 0.0; -1.0; 0.0; 0.0; 0.0; 0.0; 0.0; 1.0;0; 0;0; 0; 
33.4238021374; 104470; 0.0; 0.0; -0.16742; 0.0; 0.0; 0.0; 0.0; 0.0; 0.0; 0.0; 0.0; 0.0; 0.0; 0.0; 0.0; 0.0; 0.0; 1.67; 0.86; 4.1; 4.71; 25.0; -25.0; 0.0; 0; 0; 0.0; 0.0; 1; 6.22525905442; 1.6346424641; 1.50817094269; 0; 0; 0; 0; 0.0; 0.0; 0.0; -1.0; 0.0; 0.0; 0.0; 0.0; 0.0; 1.0;0; 0;0; 0; 
33.4356200695; 104470; 0.0; 0.0; -0.1674; 0.0; 0.0; 0.0; 0.0; 0.0; 0.0; 0.0; 0.0; 0.0; 0.0; 0.0; 0.0; 0.0; 0.0; 1.67; 0.86; 4.1; 4.71; 25.0; -25.0; 0.0; 0; 0; 0.0; 0.0; 1; 6.22525905442; 1.6346424641; 1.50817094269; 0; 0; 0; 0; 0.0; 0.0; 0.0; -1.0; 0.0; 0.0; 0.0; 0.0; 0.0; 1.0;0; 0;0; 0; 
33.446901083; 104480; 0.0; 0.0; -0.16749; 0.0; 0.0; 0.0; 0.0; 0.0; 0.0; 0.0; 0.0; 0.0; 0.0; 0.0; 0.0; 0.0; 0.0; 1.67; 0.86; 4.1; 4.71; 25.0; -25.0; 0.0; 0; 0; 0.0; 0.0; 1; 6.22525905442; 1.6346424641; 1.50817094269; 0; 0; 0; 0; 0.0; 0.0; 0.0; -1.0; 0.0; 0.0; 0.0; 0.0; 0.0; 1.0;0; 0;0; 0; 
33.45779109; 104480; 0.0; 0.0; -0.1677; 0.0; 0.0; 0.0; 0.0; 0.0; 0.0; 0.0; 0.0; 0.0; 0.0; 0.0; 0.0; 0.0; 0.0; 1.67; 0.86; 4.1; 4.71; 25.0; -25.0; 0.0; 0; 0; 0.0; 0.0; 1; 6.22525905442; 1.6346424641; 1.50817094269; 0; 0; 0; 0; 0.0; 0.0; 0.0; -1.0; 0.0; 0.0; 0.0; 0.0; 0.0; 1.0;0; 0;0; 0; 
33.4687671661; 104490; 0.0; 0.0; -0.16795; 0.0; 0.0; 0.0; 0.0; 0.0; 0.0; 0.0; 0.0; 0.0; 0.0; 0.0; 0.0; 0.0; 0.0; 1.67; 0.86; 4.1; 4.71; 25.0; -25.0; 0.0; 0; 0; 0.0; 0.0; 1; 6.22525905442; 1.6346424641; 1.50817094269; 0; 0; 0; 0; 0.0; 0.0; 0.0; -1.0; 0.0; 0.0; 0.0; 0.0; 0.0; 1.0;0; 0;0; 0; 
33.4809520245; 104490; 0.0; 0.0; -0.16825; 0.0; 0.0; 0.0; 0.0; 0.0; 0.0; 0.0; 0.0; 0.0; 0.0; 0.0; 0.0; 0.0; 0.0; 1.67; 0.86; 4.1; 4.71; 25.0; -25.0; 0.0; 0; 0; 0.0; 0.0; 1; 6.22525905442; 1.6346424641; 1.50817094269; 0; 0; 0; 0; 0.0; 0.0; 0.0; -1.0; 0.0; 0.0; 0.0; 0.0; 0.0; 1.0;0; 0;0; 0; 
33.4926900864; 104500; 0.0; 0.0; -0.1686; 0.0; 0.0; 0.0; 0.0; 0.0; 0.0; 0.0; 0.0; 0.0; 0.0; 0.0; 0.0; 0.0; 0.0; 1.67; 0.86; 4.1; 4.71; 25.0; -25.0; 0.0; 0; 0; 0.0; 0.0; 1; 6.22525905442; 1.6346424641; 1.50817094269; 0; 0; 0; 0; 0.0; 0.0; 0.0; -1.0; 0.0; 0.0; 0.0; 0.0; 0.0; 1.0;0; 0;0; 0; 
33.5039660931; 104500; 0.0; 0.0; -0.16908; 0.0; 0.0; 0.0; 0.0; 0.0; 0.0; 0.0; 0.0; 0.0; 0.0; 0.0; 0.0; 0.0; 0.0; 1.67; 0.86; 4.1; 4.71; 25.0; -25.0; 0.0; 0; 0; 0.0; 0.0; 1; 6.22525905442; 1.6346424641; 1.50817094269; 0; 0; 0; 0; 0.0; 0.0; 0.0; -1.0; 0.0; 0.0; 0.0; 0.0; 0.0; 1.0;0; 0;0; 0; 
33.5153729916; 104510; 0.0; 0.0; -0.16961; 0.0; 0.0; 0.0; 0.0; 0.0; 0.0; 0.0; 0.0; 0.0; 0.0; 0.0; 0.0; 0.0; 0.0; 1.67; 0.86; 4.1; 4.71; 25.0; -25.0; 0.0; 0; 0; 0.0; 0.0; 1; 6.22746711283; 1.67571070661; 1.52784207173; 0; 0; 0; 0; 0.0; 0.0; 0.0; -1.0; 0.0; 0.0; 0.0; 0.0; 0.0; 1.0;0; 0;0; 0; 
33.5264770985; 104510; 0.0; 0.0; -0.17009; 0.0; 0.0; 0.0; 0.0; 0.0; 0.0; 0.0; 0.0; 0.0; 0.0; 0.0; 0.0; 0.0; 0.0; 1.67; 0.86; 4.1; 4.71; 25.0; -25.0; 0.0; 0; 0; 0.0; 0.0; 1; 6.22746711283; 1.67571070661; 1.52784207173; 0; 0; 0; 0; 0.0; 0.0; 0.0; -1.0; 0.0; 0.0; 0.0; 0.0; 0.0; 1.0;0; 0;0; 0; 
33.5381190777; 104520; 0.0; 0.0; -0.17055; 0.0; 0.0; 0.0; 0.0; 0.0; 0.0; 0.0; 0.0; 0.0; 0.0; 0.0; 0.0; 0.0; 0.0; 1.67; 0.86; 4.1; 4.71; 25.0; -25.0; 0.0; 0; 0; 0.0; 0.0; 1; 6.22746711283; 1.67571070661; 1.52784207173; 0; 0; 0; 0; 0.0; 0.0; 0.0; -1.0; 0.0; 0.0; 0.0; 0.0; 0.0; 1.0;0; 0;0; 0; 
33.5489201546; 104520; 0.0; 0.0; -0.17092; 0.0; 0.0; 0.0; 0.0; 0.0; 0.0; 0.0; 0.0; 0.0; 0.0; 0.0; 0.0; 0.0; 0.0; 1.67; 0.86; 4.1; 4.71; 25.0; -25.0; 0.0; 0; 0; 0.0; 0.0; 1; 6.22746711283; 1.67571070661; 1.52784207173; 0; 0; 0; 0; 0.0; 0.0; 0.0; -1.0; 0.0; 0.0; 0.0; 0.0; 0.0; 1.0;0; 0;0; 0; 
33.5595550537; 104530; 0.0; 0.0; -0.17113; 0.0; 0.0; 0.0; 0.0; 0.0; 0.0; 0.0; 0.0; 0.0; 0.0; 0.0; 0.0; 0.0; 0.0; 1.66; 0.87; 2.98; 4.71; 25.0; -25.0; 0.0; 0; 0; 0.0; 0.0; 1; 6.22746711283; 1.67571070661; 1.52784207173; 0; 0; 0; 0; 0.0; 0.0; 0.0; -1.0; 0.0; 0.0; 0.0; 0.0; 0.0; 1.0;0; 0;0; 0; 
33.5704350471; 104530; 0.0; 0.0; -0.17112; 0.0; 0.0; 0.0; 0.0; 0.0; 0.0; 0.0; 0.0; 0.0; 0.0; 0.0; 0.0; 0.0; 0.0; 1.66; 0.87; 2.98; 4.71; 25.0; -25.0; 0.0; 0; 0; 0.0; 0.0; 1; 6.22746711283; 1.67571070661; 1.52784207173; 0; 0; 0; 0; 0.0; 0.0; 0.0; -1.0; 0.0; 0.0; 0.0; 0.0; 0.0; 1.0;0; 0;0; 0; 
33.581526041; 104540; 0.0; 0.0; -0.17092; 0.0; 0.0; 0.0; 0.0; 0.0; 0.0; 0.0; 0.0; 0.0; 0.0; 0.0; 0.0; 0.0; 0.0; 1.66; 0.87; 2.98; 4.71; 25.0; -25.0; 0.0; 0; 0; 0.0; 0.0; 1; 6.22746711283; 1.67571070661; 1.52784207173; 0; 0; 0; 0; 0.0; 0.0; 0.0; -1.0; 0.0; 0.0; 0.0; 0.0; 0.0; 1.0;0; 0;0; 0; 
33.5924789906; 104540; 0.0; 0.0; -0.17056; 0.0; 0.0; 0.0; 0.0; 0.0; 0.0; 0.0; 0.0; 0.0; 0.0; 0.0; 0.0; 0.0; 0.0; 1.66; 0.87; 2.98; 4.71; 25.0; -25.0; 0.0; 0; 0; 0.0; 0.0; 1; 6.22746711283; 1.67571070661; 1.52784207173; 0; 0; 0; 0; 0.0; 0.0; 0.0; -1.0; 0.0; 0.0; 0.0; 0.0; 0.0; 1.0;0; 0;0; 0; 
33.6040129662; 104550; 0.0; 0.0; -0.1701; 0.0; 0.0; 0.0; 0.0; 0.0; 0.0; 0.0; 0.0; 0.0; 0.0; 0.0; 0.0; 0.0; 0.0; 1.66; 0.87; 2.98; 4.71; 25.0; -25.0; 0.0; 0; 0; 0.0; 0.0; 1; 6.22746711283; 1.67571070661; 1.52784207173; 0; 0; 0; 0; 0.0; 0.0; 0.0; -1.0; 0.0; 0.0; 0.0; 0.0; 0.0; 1.0;0; 0;0; 0; 
33.6151530743; 104550; 0.0; 0.0; -0.16963; 0.0; 0.0; 0.0; 0.0; 0.0; 0.0; 0.0; 0.0; 0.0; 0.0; 0.0; 0.0; 0.0; 0.0; 1.66; 0.87; 2.98; 4.71; 25.0; -25.0; 0.0; 0; 0; 0.0; 0.0; 1; 6.22746711283; 1.67571070661; 1.52784207173; 0; 0; 0; 0; 0.0; 0.0; 0.0; -1.0; 0.0; 0.0; 0.0; 0.0; 0.0; 1.0;0; 0;0; 0; 
33.6261341572; 104560; 0.0; 0.0; -0.16932; 0.0; 0.0; 0.0; 0.0; 0.0; 0.0; 0.0; 0.0; 0.0; 0.0; 0.0; 0.0; 0.0; 0.0; 1.66; 0.87; 2.98; 4.71; 25.0; -25.0; 0.0; 0; 0; 0.0; 0.0; 1; 6.22746711283; 1.67571070661; 1.52784207173; 0; 0; 0; 0; 0.0; 0.0; 0.0; -1.0; 0.0; 0.0; 0.0; 0.0; 0.0; 1.0;0; 0;0; 0; 
33.6369509697; 104560; 0.0; 0.0; -0.16922; 0.0; 0.0; 0.0; 0.0; 0.0; 0.0; 0.0; 0.0; 0.0; 0.0; 0.0; 0.0; 0.0; 0.0; 1.66; 0.87; 2.98; 4.71; 25.0; -25.0; 0.0; 0; 0; 0.0; 0.0; 1; 6.22746711283; 1.67571070661; 1.52784207173; 0; 0; 0; 0; 0.0; 0.0; 0.0; -1.0; 0.0; 0.0; 0.0; 0.0; 0.0; 1.0;0; 0;0; 0; 
33.6477181911; 104570; 0.0; 0.0; -0.16931; 0.0; 0.0; 0.0; 0.0; 0.0; 0.0; 0.0; 0.0; 0.0; 0.0; 0.0; 0.0; 0.0; 0.0; 1.66; 0.87; 2.98; 4.71; 25.0; -25.0; 0.0; 0; 0; 0.0; 0.0; 1; 6.22746711283; 1.67571070661; 1.52784207173; 0; 0; 0; 0; 0.0; 0.0; 0.0; -1.0; 0.0; 0.0; 0.0; 0.0; 0.0; 1.0;0; 0;0; 0; 
33.6588511467; 104570; 0.0; 0.0; -0.16956; 0.0; 0.0; 0.0; 0.0; 0.0; 0.0; 0.0; 0.0; 0.0; 0.0; 0.0; 0.0; 0.0; 0.0; 1.66; 0.87; 2.98; 4.71; 25.0; -25.0; 0.0; 0; 0; 0.0; 0.0; 1; 6.22746711283; 1.67571070661; 1.52784207173; 0; 0; 0; 0; 0.0; 0.0; 0.0; -1.0; 0.0; 0.0; 0.0; 0.0; 0.0; 1.0;0; 0;0; 0; 
33.6694531441; 104580; 0.0; 0.0; -0.16995; 0.0; 0.0; 0.0; 0.0; 0.0; 0.0; 0.0; 0.0; 0.0; 0.0; 0.0; 0.0; 0.0; 0.0; 1.66; 0.87; 2.98; 4.71; 25.0; -25.0; 0.0; 0; 0; 0.0; 0.0; 1; 6.22746711283; 1.67571070661; 1.52784207173; 0; 0; 0; 0; 0.0; 0.0; 0.0; -1.0; 0.0; 0.0; 0.0; 0.0; 0.0; 1.0;0; 0;0; 0; 
33.6809301376; 104580; 0.0; 0.0; -0.17045; 0.0; 0.0; 0.0; 0.0; 0.0; 0.0; 0.0; 0.0; 0.0; 0.0; 0.0; 0.0; 0.0; 0.0; 1.66; 0.87; 2.98; 4.71; 25.0; -25.0; 0.0; 0; 0; 0.0; 0.0; 1; 6.22746711283; 1.67571070661; 1.52784207173; 0; 0; 0; 0; 0.0; 0.0; 0.0; -1.0; 0.0; 0.0; 0.0; 0.0; 0.0; 1.0;0; 0;0; 0; 
33.691437006; 104590; 0.0; 0.0; -0.17089; 0.0; 0.0; 0.0; 0.0; 0.0; 0.0; 0.0; 0.0; 0.0; 0.0; 0.0; 0.0; 0.0; 0.0; 1.66; 0.87; 2.98; 4.71; 25.0; -25.0; 0.0; 0; 0; 0.0; 0.0; 1; 6.22746711283; 1.67571070661; 1.52784207173; 0; 0; 0; 0; 0.0; 0.0; 0.0; -1.0; 0.0; 0.0; 0.0; 0.0; 0.0; 1.0;0; 0;0; 0; 
33.7023150921; 104590; 0.0; 0.0; -0.17122; 0.0; 0.0; 0.0; 0.0; 0.0; 0.0; 0.0; 0.0; 0.0; 0.0; 0.0; 0.0; 0.0; 0.0; 1.66; 0.87; 2.98; 4.71; 25.0; -25.0; 0.0; 0; 0; 0.0; 0.0; 1; 6.22746711283; 1.67571070661; 1.52784207173; 0; 0; 0; 0; 0.0; 0.0; 0.0; -1.0; 0.0; 0.0; 0.0; 0.0; 0.0; 1.0;0; 0;0; 0; 
33.7135140896; 104600; 0.0; 0.0; -0.17144; 0.0; 0.0; 0.0; 0.0; 0.0; 0.0; 0.0; 0.0; 0.0; 0.0; 0.0; 0.0; 0.0; 0.0; 1.66; 0.87; 2.98; 4.71; 25.0; -25.0; 0.0; 0; 0; 0.0; 0.0; 1; 6.22746711283; 1.67571070661; 1.52784207173; 0; 0; 0; 0; 0.0; 0.0; 0.0; -1.0; 0.0; 0.0; 0.0; 0.0; 0.0; 1.0;0; 0;0; 0; 
33.7242441177; 104600; 0.0; 0.0; -0.17161; 0.0; 0.0; 0.0; 0.0; 0.0; 0.0; 0.0; 0.0; 0.0; 0.0; 0.0; 0.0; 0.0; 0.0; 1.66; 0.87; 2.98; 4.71; 25.0; -25.0; 0.0; 0; 0; 0.0; 0.0; 1; 6.22746711283; 1.67571070661; 1.52784207173; 0; 0; 0; 0; 0.0; 0.0; 0.0; -1.0; 0.0; 0.0; 0.0; 0.0; 0.0; 1.0;0; 0;0; 0; 
33.7356700897; 104610; 0.0; 0.0; -0.17177; 0.0; 0.0; 0.0; 0.0; 0.0; 0.0; 0.0; 0.0; 0.0; 0.0; 0.0; 0.0; 0.0; 0.0; 1.66; 0.87; 2.98; 4.71; 25.0; -25.0; 0.0; 0; 0; 0.0; 0.0; 1; 6.22878536167; 1.71403149968; 1.5471508403; 0; 0; 0; 0; 0.0; 0.0; 0.0; -1.0; 0.0; 0.0; 0.0; 0.0; 0.0; 1.0;0; 0;0; 0; 
33.7472221851; 104610; 0.0; 0.0; -0.17183; 0.0; 0.0; 0.0; 0.0; 0.0; 0.0; 0.0; 0.0; 0.0; 0.0; 0.0; 0.0; 0.0; 0.0; 1.66; 0.87; 2.98; 4.71; 25.0; -25.0; 0.0; 0; 0; 0.0; 0.0; 1; 6.22878536167; 1.71403149968; 1.5471508403; 0; 0; 0; 0; 0.0; 0.0; 0.0; -1.0; 0.0; 0.0; 0.0; 0.0; 0.0; 1.0;0; 0;0; 0; 
33.7590620518; 104620; 0.0; 0.0; -0.17187; 0.0; 0.0; 0.0; 0.0; 0.0; 0.0; 0.0; 0.0; 0.0; 0.0; 0.0; 0.0; 0.0; 0.0; 1.66; 0.87; 2.98; 4.71; 25.0; -25.0; 0.0; 0; 0; 0.0; 0.0; 1; 6.22878536167; 1.71403149968; 1.5471508403; 0; 0; 0; 0; 0.0; 0.0; 0.0; -1.0; 0.0; 0.0; 0.0; 0.0; 0.0; 1.0;0; 0;0; 0; 
33.7699491978; 104620; 0.0; 0.0; -0.17182; 0.0; 0.0; 0.0; 0.0; 0.0; 0.0; 0.0; 0.0; 0.0; 0.0; 0.0; 0.0; 0.0; 0.0; 1.66; 0.87; 2.98; 4.71; 25.0; -25.0; 0.0; 0; 0; 0.0; 0.0; 1; 6.22878536167; 1.71403149968; 1.5471508403; 0; 0; 0; 0; 0.0; 0.0; 0.0; -1.0; 0.0; 0.0; 0.0; 0.0; 0.0; 1.0;0; 0;0; 0; 
33.7816150188; 104630; 0.0; 0.0; -0.17158; 0.0; 0.0; 0.0; 0.0; 0.0; 0.0; 0.0; 0.0; 0.0; 0.0; 0.0; 0.0; 0.0; 0.0; 1.66; 0.87; 2.98; 4.71; 25.0; -25.0; 0.0; 0; 0; 0.0; 0.0; 1; 6.22878536167; 1.71403149968; 1.5471508403; 0; 0; 0; 0; 0.0; 0.0; 0.0; -1.0; 0.0; 0.0; 0.0; 0.0; 0.0; 1.0;0; 0;0; 0; 
33.7927851677; 104630; 0.0; 0.0; -0.17114; 0.0; 0.0; 0.0; 0.0; 0.0; 0.0; 0.0; 0.0; 0.0; 0.0; 0.0; 0.0; 0.0; 0.0; 1.66; 0.87; 2.98; 4.71; 25.0; -25.0; 0.0; 0; 0; 0.0; 0.0; 1; 6.22878536167; 1.71403149968; 1.5471508403; 0; 0; 0; 0; 0.0; 0.0; 0.0; -1.0; 0.0; 0.0; 0.0; 0.0; 0.0; 1.0;0; 0;0; 0; 
33.8038489819; 104640; 0.0; 0.0; -0.17045; 0.0; 0.0; 0.0; 0.0; 0.0; 0.0; 0.0; 0.0; 0.0; 0.0; 0.0; 0.0; 0.0; 0.0; 1.66; 0.87; 2.98; 4.71; 25.0; -25.0; 0.0; 0; 0; 0.0; 0.0; 1; 6.22878536167; 1.71403149968; 1.5471508403; 0; 0; 0; 0; 0.0; 0.0; 0.0; -1.0; 0.0; 0.0; 0.0; 0.0; 0.0; 1.0;0; 0;0; 0; 
33.8154850006; 104640; 0.0; 0.0; -0.16953; 0.0; 0.0; 0.0; 0.0; 0.0; 0.0; 0.0; 0.0; 0.0; 0.0; 0.0; 0.0; 0.0; 0.0; 1.66; 0.87; 2.98; 4.71; 25.0; -25.0; 0.0; 0; 0; 0.0; 0.0; 1; 6.22878536167; 1.71403149968; 1.5471508403; 0; 0; 0; 0; 0.0; 0.0; 0.0; -1.0; 0.0; 0.0; 0.0; 0.0; 0.0; 1.0;0; 0;0; 0; 
33.8265430927; 104650; 0.0; 0.0; -0.16847; 0.0; 0.0; 0.0; 0.0; 0.0; 0.0; 0.0; 0.0; 0.0; 0.0; 0.0; 0.0; 0.0; 0.0; 1.66; 0.87; 2.98; 4.71; 25.0; -25.0; 0.0; 0; 0; 0.0; 0.0; 1; 6.22878536167; 1.71403149968; 1.5471508403; 0; 0; 0; 0; 0.0; 0.0; 0.0; -1.0; 0.0; 0.0; 0.0; 0.0; 0.0; 1.0;0; 0;0; 0; 
33.8377180099; 104650; 0.0; 0.0; -0.16729; 0.0; 0.0; 0.0; 0.0; 0.0; 0.0; 0.0; 0.0; 0.0; 0.0; 0.0; 0.0; 0.0; 0.0; 1.66; 0.87; 2.98; 4.71; 25.0; -25.0; 0.0; 0; 0; 0.0; 0.0; 1; 6.22878536167; 1.71403149968; 1.5471508403; 0; 0; 0; 0; 0.0; 0.0; 0.0; -1.0; 0.0; 0.0; 0.0; 0.0; 0.0; 1.0;0; 0;0; 0; 
33.8494729996; 104660; 0.0; 0.0; -0.1662; 0.0; 0.0; 0.0; 0.0; 0.0; 0.0; 0.0; 0.0; 0.0; 0.0; 0.0; 0.0; 0.0; 0.0; 1.66; 0.87; 2.98; 4.71; 25.0; -25.0; 0.0; 0; 0; 0.0; 0.0; 1; 6.22878536167; 1.71403149968; 1.5471508403; 0; 0; 0; 0; 0.0; 0.0; 0.0; -1.0; 0.0; 0.0; 0.0; 0.0; 0.0; 1.0;0; 0;0; 0; 
33.8617501259; 104660; 0.0; 0.0; -0.16518; 0.0; 0.0; 0.0; 0.0; 0.0; 0.0; 0.0; 0.0; 0.0; 0.0; 0.0; 0.0; 0.0; 0.0; 1.66; 0.87; 2.98; 4.71; 25.0; -25.0; 0.0; 0; 0; 0.0; 0.0; 1; 6.22878536167; 1.71403149968; 1.5471508403; 0; 0; 0; 0; 0.0; 0.0; 0.0; -1.0; 0.0; 0.0; 0.0; 0.0; 0.0; 1.0;0; 0;0; 0; 
33.8735840321; 104670; 0.0; 0.0; -0.16425; 0.0; 0.0; 0.0; 0.0; 0.0; 0.0; 0.0; 0.0; 0.0; 0.0; 0.0; 0.0; 0.0; 0.0; 1.66; 0.87; 2.98; 4.71; 25.0; -25.0; 0.0; 0; 0; 0.0; 0.0; 1; 6.22878536167; 1.71403149968; 1.5471508403; 0; 0; 0; 0; 0.0; 0.0; 0.0; -1.0; 0.0; 0.0; 0.0; 0.0; 0.0; 1.0;0; 0;0; 0; 
33.8848891258; 104670; 0.0; 0.0; -0.16346; 0.0; 0.0; 0.0; 0.0; 0.0; 0.0; 0.0; 0.0; 0.0; 0.0; 0.0; 0.0; 0.0; 0.0; 1.66; 0.87; 2.98; 4.71; 25.0; -25.0; 0.0; 0; 0; 0.0; 0.0; 1; 6.22878536167; 1.71403149968; 1.5471508403; 0; 0; 0; 0; 0.0; 0.0; 0.0; -1.0; 0.0; 0.0; 0.0; 0.0; 0.0; 1.0;0; 0;0; 0; 
33.8974261284; 104680; 0.0; 0.0; -0.16274; 0.0; 0.0; 0.0; 0.0; 0.0; 0.0; 0.0; 0.0; 0.0; 0.0; 0.0; 0.0; 0.0; 0.0; 1.66; 0.87; 2.98; 4.71; 25.0; -25.0; 0.0; 0; 0; 0.0; 0.0; 1; 6.22878536167; 1.71403149968; 1.5471508403; 0; 0; 0; 0; 0.0; 0.0; 0.0; -1.0; 0.0; 0.0; 0.0; 0.0; 0.0; 1.0;0; 0;0; 0; 
33.9089391232; 104680; 0.0; 0.0; -0.16213; 0.0; 0.0; 0.0; 0.0; 0.0; 0.0; 0.0; 0.0; 0.0; 0.0; 0.0; 0.0; 0.0; 0.0; 1.66; 0.87; 2.98; 4.71; 25.0; -25.0; 0.0; 0; 0; 0.0; 0.0; 1; 6.22878536167; 1.71403149968; 1.5471508403; 0; 0; 0; 0; 0.0; 0.0; 0.0; -1.0; 0.0; 0.0; 0.0; 0.0; 0.0; 1.0;0; 0;0; 0; 
33.9217550755; 104690; 0.0; 0.0; -0.16164; 0.0; 0.0; 0.0; 0.0; 0.0; 0.0; 0.0; 0.0; 0.0; 0.0; 0.0; 0.0; 0.0; 0.0; 1.66; 0.87; 2.98; 4.71; 25.0; -25.0; 0.0; 0; 0; 0.0; 0.0; 1; 6.22878536167; 1.71403149968; 1.5471508403; 0; 0; 0; 0; 0.0; 0.0; 0.0; -1.0; 0.0; 0.0; 0.0; 0.0; 0.0; 1.0;0; 0;0; 0; 
33.9339430332; 104690; 0.0; 0.0; -0.16129; 0.0; 0.0; 0.0; 0.0; 0.0; 0.0; 0.0; 0.0; 0.0; 0.0; 0.0; 0.0; 0.0; 0.0; 1.66; 0.87; 2.98; 4.71; 25.0; -25.0; 0.0; 0; 0; 0.0; 0.0; 1; 6.22878536167; 1.71403149968; 1.5471508403; 0; 0; 0; 0; 0.0; 0.0; 0.0; -1.0; 0.0; 0.0; 0.0; 0.0; 0.0; 1.0;0; 0;0; 0; 
33.9461050034; 104700; 0.0; 0.0; -0.16115; 0.0; 0.0; 0.0; 0.0; 0.0; 0.0; 0.0; 0.0; 0.0; 0.0; 0.0; 0.0; 0.0; 0.0; 1.66; 0.87; 2.98; 4.71; 25.0; -25.0; 0.0; 0; 0; 0.0; 0.0; 1; 6.22878536167; 1.71403149968; 1.5471508403; 0; 0; 0; 0; 0.0; 0.0; 0.0; -1.0; 0.0; 0.0; 0.0; 0.0; 0.0; 1.0;0; 0;0; 0; 
33.9587130547; 104700; 0.0; 0.0; -0.1612; 0.0; 0.0; 0.0; 0.0; 0.0; 0.0; 0.0; 0.0; 0.0; 0.0; 0.0; 0.0; 0.0; 0.0; 1.66; 0.87; 2.98; 4.71; 25.0; -25.0; 0.0; 0; 0; 0.0; 0.0; 1; 6.22878536167; 1.71403149968; 1.5471508403; 0; 0; 0; 0; 0.0; 0.0; 0.0; -1.0; 0.0; 0.0; 0.0; 0.0; 0.0; 1.0;0; 0;0; 0; 
33.9741010666; 104710; 0.0; 0.0; -0.16131; 0.0; 0.0; 0.0; 0.0; 0.0; 0.0; 0.0; 0.0; 0.0; 0.0; 0.0; 0.0; 0.0; 0.0; 1.66; 0.87; 2.98; 4.71; 25.0; -25.0; 0.0; 0; 0; 0.0; 0.0; 1; 6.22932326797; 1.74949079196; 1.56592982221; 0; 0; 0; 0; 0.0; 0.0; 0.0; -1.0; 0.0; 0.0; 0.0; 0.0; 0.0; 1.0;0; 0;0; 0; 
33.9859910011; 104710; 0.0; 0.0; -0.16144; 0.0; 0.0; 0.0; 0.0; 0.0; 0.0; 0.0; 0.0; 0.0; 0.0; 0.0; 0.0; 0.0; 0.0; 1.66; 0.87; 2.98; 4.71; 25.0; -25.0; 0.0; 0; 0; 0.0; 0.0; 1; 6.22932326797; 1.74949079196; 1.56592982221; 0; 0; 0; 0; 0.0; 0.0; 0.0; -1.0; 0.0; 0.0; 0.0; 0.0; 0.0; 1.0;0; 0;0; 0; 
33.9973042011; 104720; 0.0; 0.0; -0.16149; 0.0; 0.0; 0.0; 0.0; 0.0; 0.0; 0.0; 0.0; 0.0; 0.0; 0.0; 0.0; 0.0; 0.0; 1.66; 0.87; 2.98; 4.71; 25.0; -25.0; 0.0; 0; 0; 0.0; 0.0; 1; 6.22932326797; 1.74949079196; 1.56592982221; 0; 0; 0; 0; 0.0; 0.0; 0.0; -1.0; 0.0; 0.0; 0.0; 0.0; 0.0; 1.0;0; 0;0; 0; 
34.0083560944; 104720; 0.0; 0.0; -0.16138; 0.0; 0.0; 0.0; 0.0; 0.0; 0.0; 0.0; 0.0; 0.0; 0.0; 0.0; 0.0; 0.0; 0.0; 1.66; 0.87; 2.98; 4.71; 25.0; -25.0; 0.0; 0; 0; 0.0; 0.0; 1; 6.22932326797; 1.74949079196; 1.56592982221; 0; 0; 0; 0; 0.0; 0.0; 0.0; -1.0; 0.0; 0.0; 0.0; 0.0; 0.0; 1.0;0; 0;0; 0; 
34.0191340446; 104730; 0.0; 0.0; -0.16113; 0.0; 0.0; 0.0; 0.0; 0.0; 0.0; 0.0; 0.0; 0.0; 0.0; 0.0; 0.0; 0.0; 0.0; 1.65; 0.87; 2.92; 2.45; 25.0; -25.0; 0.0; 0; 0; 0.0; 0.0; 1; 6.22932326797; 1.74949079196; 1.56592982221; 0; 0; 0; 0; 0.0; 0.0; 0.0; -1.0; 0.0; 0.0; 0.0; 0.0; 0.0; 1.0;0; 0;0; 0; 
34.0304341316; 104730; 0.0; 0.0; -0.16078; 0.0; 0.0; 0.0; 0.0; 0.0; 0.0; 0.0; 0.0; 0.0; 0.0; 0.0; 0.0; 0.0; 0.0; 1.65; 0.87; 2.92; 2.45; 25.0; -25.0; 0.0; 0; 0; 0.0; 0.0; 1; 6.22932326797; 1.74949079196; 1.56592982221; 0; 0; 0; 0; 0.0; 0.0; 0.0; -1.0; 0.0; 0.0; 0.0; 0.0; 0.0; 1.0;0; 0;0; 0; 
34.0410971642; 104740; 0.0; 0.0; -0.16041; 0.0; 0.0; 0.0; 0.0; 0.0; 0.0; 0.0; 0.0; 0.0; 0.0; 0.0; 0.0; 0.0; 0.0; 1.65; 0.87; 2.92; 2.45; 25.0; -25.0; 0.0; 0; 0; 0.0; 0.0; 1; 6.22932326797; 1.74949079196; 1.56592982221; 0; 0; 0; 0; 0.0; 0.0; 0.0; -1.0; 0.0; 0.0; 0.0; 0.0; 0.0; 1.0;0; 0;0; 0; 
34.0531179905; 104740; 0.0; 0.0; -0.16008; 0.0; 0.0; 0.0; 0.0; 0.0; 0.0; 0.0; 0.0; 0.0; 0.0; 0.0; 0.0; 0.0; 0.0; 1.65; 0.87; 2.92; 2.45; 25.0; -25.0; 0.0; 0; 0; 0.0; 0.0; 1; 6.22932326797; 1.74949079196; 1.56592982221; 0; 0; 0; 0; 0.0; 0.0; 0.0; -1.0; 0.0; 0.0; 0.0; 0.0; 0.0; 1.0;0; 0;0; 0; 
34.0646111965; 104750; 0.0; 0.0; -0.15971; 0.0; 0.0; 0.0; 0.0; 0.0; 0.0; 0.0; 0.0; 0.0; 0.0; 0.0; 0.0; 0.0; 0.0; 1.65; 0.87; 2.92; 2.45; 25.0; -25.0; 0.0; 0; 0; 0.0; 0.0; 1; 6.22932326797; 1.74949079196; 1.56592982221; 0; 0; 0; 0; 0.0; 0.0; 0.0; -1.0; 0.0; 0.0; 0.0; 0.0; 0.0; 1.0;0; 0;0; 0; 
34.0759270191; 104750; 0.0; 0.0; -0.15936; 0.0; 0.0; 0.0; 0.0; 0.0; 0.0; 0.0; 0.0; 0.0; 0.0; 0.0; 0.0; 0.0; 0.0; 1.65; 0.87; 2.92; 2.45; 25.0; -25.0; 0.0; 0; 0; 0.0; 0.0; 1; 6.22932326797; 1.74949079196; 1.56592982221; 0; 0; 0; 0; 0.0; 0.0; 0.0; -1.0; 0.0; 0.0; 0.0; 0.0; 0.0; 1.0;0; 0;0; 0; 
34.0867831707; 104760; 0.0; 0.0; -0.15899; 0.0; 0.0; 0.0; 0.0; 0.0; 0.0; 0.0; 0.0; 0.0; 0.0; 0.0; 0.0; 0.0; 0.0; 1.65; 0.87; 2.92; 2.45; 25.0; -25.0; 0.0; 0; 0; 0.0; 0.0; 1; 6.22932326797; 1.74949079196; 1.56592982221; 0; 0; 0; 0; 0.0; 0.0; 0.0; -1.0; 0.0; 0.0; 0.0; 0.0; 0.0; 1.0;0; 0;0; 0; 
34.0978221893; 104760; 0.0; 0.0; -0.15856; 0.0; 0.0; 0.0; 0.0; 0.0; 0.0; 0.0; 0.0; 0.0; 0.0; 0.0; 0.0; 0.0; 0.0; 1.65; 0.87; 2.92; 2.45; 25.0; -25.0; 0.0; 0; 0; 0.0; 0.0; 1; 6.22932326797; 1.74949079196; 1.56592982221; 0; 0; 0; 0; 0.0; 0.0; 0.0; -1.0; 0.0; 0.0; 0.0; 0.0; 0.0; 1.0;0; 0;0; 0; 
34.1086781025; 104770; 0.0; 0.0; -0.15805; 0.0; 0.0; 0.0; 0.0; 0.0; 0.0; 0.0; 0.0; 0.0; 0.0; 0.0; 0.0; 0.0; 0.0; 1.65; 0.87; 2.92; 2.45; 25.0; -25.0; 0.0; 0; 0; 0.0; 0.0; 1; 6.22932326797; 1.74949079196; 1.56592982221; 0; 0; 0; 0; 0.0; 0.0; 0.0; -1.0; 0.0; 0.0; 0.0; 0.0; 0.0; 1.0;0; 0;0; 0; 
34.120691061; 104770; 0.0; 0.0; -0.15756; 0.0; 0.0; 0.0; 0.0; 0.0; 0.0; 0.0; 0.0; 0.0; 0.0; 0.0; 0.0; 0.0; 0.0; 1.65; 0.87; 2.92; 2.45; 25.0; -25.0; 0.0; 0; 0; 0.0; 0.0; 1; 6.22932326797; 1.74949079196; 1.56592982221; 0; 0; 0; 0; 0.0; 0.0; 0.0; -1.0; 0.0; 0.0; 0.0; 0.0; 0.0; 1.0;0; 0;0; 0; 
34.1323661804; 104780; 0.0; 0.0; -0.15725; 0.0; 0.0; 0.0; 0.0; 0.0; 0.0; 0.0; 0.0; 0.0; 0.0; 0.0; 0.0; 0.0; 0.0; 1.65; 0.87; 2.92; 2.45; 25.0; -25.0; 0.0; 0; 0; 0.0; 0.0; 1; 6.22932326797; 1.74949079196; 1.56592982221; 0; 0; 0; 0; 0.0; 0.0; 0.0; -1.0; 0.0; 0.0; 0.0; 0.0; 0.0; 1.0;0; 0;0; 0; 
34.1438531876; 104780; 0.0; 0.0; -0.15715; 0.0; 0.0; 0.0; 0.0; 0.0; 0.0; 0.0; 0.0; 0.0; 0.0; 0.0; 0.0; 0.0; 0.0; 1.65; 0.87; 2.92; 2.45; 25.0; -25.0; 0.0; 0; 0; 0.0; 0.0; 1; 6.22932326797; 1.74949079196; 1.56592982221; 0; 0; 0; 0; 0.0; 0.0; 0.0; -1.0; 0.0; 0.0; 0.0; 0.0; 0.0; 1.0;0; 0;0; 0; 
34.1548771858; 104790; 0.0; 0.0; -0.15718; 0.0; 0.0; 0.0; 0.0; 0.0; 0.0; 0.0; 0.0; 0.0; 0.0; 0.0; 0.0; 0.0; 0.0; 1.65; 0.87; 2.92; 2.45; 25.0; -25.0; 0.0; 0; 0; 0.0; 0.0; 1; 6.22932326797; 1.74949079196; 1.56592982221; 0; 0; 0; 0; 0.0; 0.0; 0.0; -1.0; 0.0; 0.0; 0.0; 0.0; 0.0; 1.0;0; 0;0; 0; 
34.1656160355; 104790; 0.0; 0.0; -0.15735; 0.0; 0.0; 0.0; 0.0; 0.0; 0.0; 0.0; 0.0; 0.0; 0.0; 0.0; 0.0; 0.0; 0.0; 1.65; 0.87; 2.92; 2.45; 25.0; -25.0; 0.0; 0; 0; 0.0; 0.0; 1; 6.22932326797; 1.74949079196; 1.56592982221; 0; 0; 0; 0; 0.0; 0.0; 0.0; -1.0; 0.0; 0.0; 0.0; 0.0; 0.0; 1.0;0; 0;0; 0; 
34.177519083; 104800; 0.0; 0.0; -0.15771; 0.0; 0.0; 0.0; 0.0; 0.0; 0.0; 0.0; 0.0; 0.0; 0.0; 0.0; 0.0; 0.0; 0.0; 1.65; 0.87; 2.92; 2.45; 25.0; -25.0; 0.0; 0; 0; 0.0; 0.0; 1; 6.22932326797; 1.74949079196; 1.56592982221; 0; 0; 0; 0; 0.0; 0.0; 0.0; -1.0; 0.0; 0.0; 0.0; 0.0; 0.0; 1.0;0; 0;0; 0; 
34.1889340878; 104800; 0.0; 0.0; -0.15813; 0.0; 0.0; 0.0; 0.0; 0.0; 0.0; 0.0; 0.0; 0.0; 0.0; 0.0; 0.0; 0.0; 0.0; 1.65; 0.87; 2.92; 2.45; 25.0; -25.0; 0.0; 0; 0; 0.0; 0.0; 1; 6.22932326797; 1.74949079196; 1.56592982221; 0; 0; 0; 0; 0.0; 0.0; 0.0; -1.0; 0.0; 0.0; 0.0; 0.0; 0.0; 1.0;0; 0;0; 0; 
34.1998450756; 104810; 0.0; 0.0; -0.1585; 0.0; 0.0; 0.0; 0.0; 0.0; 0.0; 0.0; 0.0; 0.0; 0.0; 0.0; 0.0; 0.0; 0.0; 1.65; 0.87; 2.92; 2.45; 25.0; -25.0; 0.0; 0; 0; 0.0; 0.0; 1; 6.22922384664; 1.78236897141; 1.583718998; 0; 0; 0; 0; 0.0; 0.0; 0.0; -1.0; 0.0; 0.0; 0.0; 0.0; 0.0; 1.0;0; 0;0; 0; 
34.211616993; 104810; 0.0; 0.0; -0.15885; 0.0; 0.0; 0.0; 0.0; 0.0; 0.0; 0.0; 0.0; 0.0; 0.0; 0.0; 0.0; 0.0; 0.0; 1.65; 0.87; 2.92; 2.45; 25.0; -25.0; 0.0; 0; 0; 0.0; 0.0; 1; 6.22922384664; 1.78236897141; 1.583718998; 0; 0; 0; 0; 0.0; 0.0; 0.0; -1.0; 0.0; 0.0; 0.0; 0.0; 0.0; 1.0;0; 0;0; 0; 
34.22311306; 104820; 0.0; 0.0; -0.15926; 0.0; 0.0; 0.0; 0.0; 0.0; 0.0; 0.0; 0.0; 0.0; 0.0; 0.0; 0.0; 0.0; 0.0; 1.65; 0.87; 2.92; 2.45; 25.0; -25.0; 0.0; 0; 0; 0.0; 0.0; 1; 6.22922384664; 1.78236897141; 1.583718998; 0; 0; 0; 0; 0.0; 0.0; 0.0; -1.0; 0.0; 0.0; 0.0; 0.0; 0.0; 1.0;0; 0;0; 0; 
34.2340450287; 104820; 0.0; 0.0; -0.15973; 0.0; 0.0; 0.0; 0.0; 0.0; 0.0; 0.0; 0.0; 0.0; 0.0; 0.0; 0.0; 0.0; 0.0; 1.65; 0.87; 2.92; 2.45; 25.0; -25.0; 0.0; 0; 0; 0.0; 0.0; 1; 6.22922384664; 1.78236897141; 1.583718998; 0; 0; 0; 0; 0.0; 0.0; 0.0; -1.0; 0.0; 0.0; 0.0; 0.0; 0.0; 1.0;0; 0;0; 0; 
34.2451970577; 104830; 0.0; 0.0; -0.16011; 0.0; 0.0; 0.0; 0.0; 0.0; 0.0; 0.0; 0.0; 0.0; 0.0; 0.0; 0.0; 0.0; 0.0; 1.65; 0.88; 2.92; 339.02; 25.0; -25.0; 0.0; 0; 0; 0.0; 0.0; 1; 6.22922384664; 1.78236897141; 1.583718998; 0; 0; 0; 0; 0.0; 0.0; 0.0; -1.0; 0.0; 0.0; 0.0; 0.0; 0.0; 1.0;0; 0;0; 0; 
34.2562110424; 104830; 0.0; 0.0; -0.16047; 0.0; 0.0; 0.0; 0.0; 0.0; 0.0; 0.0; 0.0; 0.0; 0.0; 0.0; 0.0; 0.0; 0.0; 1.65; 0.88; 2.92; 339.02; 25.0; -25.0; 0.0; 0; 0; 0.0; 0.0; 1; 6.22922384664; 1.78236897141; 1.583718998; 0; 0; 0; 0; 0.0; 0.0; 0.0; -1.0; 0.0; 0.0; 0.0; 0.0; 0.0; 1.0;0; 0;0; 0; 
34.2671940327; 104840; 0.0; 0.0; -0.16086; 0.0; 0.0; 0.0; 0.0; 0.0; 0.0; 0.0; 0.0; 0.0; 0.0; 0.0; 0.0; 0.0; 0.0; 1.65; 0.88; 2.92; 339.02; 25.0; -25.0; 0.0; 0; 0; 0.0; 0.0; 1; 6.22922384664; 1.78236897141; 1.583718998; 0; 0; 0; 0; 0.0; 0.0; 0.0; -1.0; 0.0; 0.0; 0.0; 0.0; 0.0; 1.0;0; 0;0; 0; 
34.2789371014; 104840; 0.0; 0.0; -0.16129; 0.0; 0.0; 0.0; 0.0; 0.0; 0.0; 0.0; 0.0; 0.0; 0.0; 0.0; 0.0; 0.0; 0.0; 1.65; 0.88; 2.92; 339.02; 25.0; -25.0; 0.0; 0; 0; 0.0; 0.0; 1; 6.22922384664; 1.78236897141; 1.583718998; 0; 0; 0; 0; 0.0; 0.0; 0.0; -1.0; 0.0; 0.0; 0.0; 0.0; 0.0; 1.0;0; 0;0; 0; 
34.2905731201; 104850; 0.0; 0.0; -0.16173; 0.0; 0.0; 0.0; 0.0; 0.0; 0.0; 0.0; 0.0; 0.0; 0.0; 0.0; 0.0; 0.0; 0.0; 1.65; 0.88; 2.92; 339.02; 25.0; -25.0; 0.0; 0; 0; 0.0; 0.0; 1; 6.22922384664; 1.78236897141; 1.583718998; 0; 0; 0; 0; 0.0; 0.0; 0.0; -1.0; 0.0; 0.0; 0.0; 0.0; 0.0; 1.0;0; 0;0; 0; 
34.3012239933; 104850; 0.0; 0.0; -0.16216; 0.0; 0.0; 0.0; 0.0; 0.0; 0.0; 0.0; 0.0; 0.0; 0.0; 0.0; 0.0; 0.0; 0.0; 1.65; 0.88; 2.92; 339.02; 25.0; -25.0; 0.0; 0; 0; 0.0; 0.0; 1; 6.22922384664; 1.78236897141; 1.583718998; 0; 0; 0; 0; 0.0; 0.0; 0.0; -1.0; 0.0; 0.0; 0.0; 0.0; 0.0; 1.0;0; 0;0; 0; 
34.311809063; 104860; 0.0; 0.0; -0.16271; 0.0; 0.0; 0.0; 0.0; 0.0; 0.0; 0.0; 0.0; 0.0; 0.0; 0.0; 0.0; 0.0; 0.0; 1.65; 0.88; 2.92; 339.02; 25.0; -25.0; 0.0; 0; 0; 0.0; 0.0; 1; 6.22922384664; 1.78236897141; 1.583718998; 0; 0; 0; 0; 0.0; 0.0; 0.0; -1.0; 0.0; 0.0; 0.0; 0.0; 0.0; 1.0;0; 0;0; 0; 
34.3224391937; 104860; 0.0; 0.0; -0.16334; 0.0; 0.0; 0.0; 0.0; 0.0; 0.0; 0.0; 0.0; 0.0; 0.0; 0.0; 0.0; 0.0; 0.0; 1.65; 0.88; 2.92; 339.02; 25.0; -25.0; 0.0; 0; 0; 0.0; 0.0; 1; 6.22922384664; 1.78236897141; 1.583718998; 0; 0; 0; 0; 0.0; 0.0; 0.0; -1.0; 0.0; 0.0; 0.0; 0.0; 0.0; 1.0;0; 0;0; 0; 
34.3342990875; 104870; 0.0; 0.0; -0.16386; 0.0; 0.0; 0.0; 0.0; 0.0; 0.0; 0.0; 0.0; 0.0; 0.0; 0.0; 0.0; 0.0; 0.0; 1.65; 0.88; 2.92; 339.02; 25.0; -25.0; 0.0; 0; 0; 0.0; 0.0; 1; 6.22922384664; 1.78236897141; 1.583718998; 0; 0; 0; 0; 0.0; 0.0; 0.0; -1.0; 0.0; 0.0; 0.0; 0.0; 0.0; 1.0;0; 0;0; 0; 
34.3462231159; 104870; 0.0; 0.0; -0.16411; 0.0; 0.0; 0.0; 0.0; 0.0; 0.0; 0.0; 0.0; 0.0; 0.0; 0.0; 0.0; 0.0; 0.0; 1.65; 0.88; 2.92; 339.02; 25.0; -25.0; 0.0; 0; 0; 0.0; 0.0; 1; 6.22922384664; 1.78236897141; 1.583718998; 0; 0; 0; 0; 0.0; 0.0; 0.0; -1.0; 0.0; 0.0; 0.0; 0.0; 0.0; 1.0;0; 0;0; 0; 
34.3570871353; 104880; 0.0; 0.0; -0.16409; 0.0; 0.0; 0.0; 0.0; 0.0; 0.0; 0.0; 0.0; 0.0; 0.0; 0.0; 0.0; 0.0; 0.0; 1.65; 0.88; 2.92; 339.02; 25.0; -25.0; 0.0; 0; 0; 0.0; 0.0; 1; 6.22922384664; 1.78236897141; 1.583718998; 0; 0; 0; 0; 0.0; 0.0; 0.0; -1.0; 0.0; 0.0; 0.0; 0.0; 0.0; 1.0;0; 0;0; 0; 
34.3677639961; 104880; 0.0; 0.0; -0.16365; 0.0; 0.0; 0.0; 0.0; 0.0; 0.0; 0.0; 0.0; 0.0; 0.0; 0.0; 0.0; 0.0; 0.0; 1.65; 0.88; 2.92; 339.02; 25.0; -25.0; 0.0; 0; 0; 0.0; 0.0; 1; 6.22922384664; 1.78236897141; 1.583718998; 0; 0; 0; 0; 0.0; 0.0; 0.0; -1.0; 0.0; 0.0; 0.0; 0.0; 0.0; 1.0;0; 0;0; 0; 
34.3812060356; 104890; 0.0; 0.0; -0.16277; 0.0; 0.0; 0.0; 0.0; 0.0; 0.0; 0.0; 0.0; 0.0; 0.0; 0.0; 0.0; 0.0; 0.0; 1.65; 0.88; 2.92; 339.02; 25.0; -25.0; 0.0; 0; 0; 0.0; 0.0; 1; 6.22922384664; 1.78236897141; 1.583718998; 0; 0; 0; 0; 0.0; 0.0; 0.0; -1.0; 0.0; 0.0; 0.0; 0.0; 0.0; 1.0;0; 0;0; 0; 
34.3926141262; 104890; 0.0; 0.0; -0.16147; 0.0; 0.0; 0.0; 0.0; 0.0; 0.0; 0.0; 0.0; 0.0; 0.0; 0.0; 0.0; 0.0; 0.0; 1.65; 0.88; 2.92; 339.02; 25.0; -25.0; 0.0; 0; 0; 0.0; 0.0; 1; 6.22922384664; 1.78236897141; 1.583718998; 0; 0; 0; 0; 0.0; 0.0; 0.0; -1.0; 0.0; 0.0; 0.0; 0.0; 0.0; 1.0;0; 0;0; 0; 
34.4038701057; 104900; 0.0; 0.0; -0.15991; 0.0; 0.0; 0.0; 0.0; 0.0; 0.0; 0.0; 0.0; 0.0; 0.0; 0.0; 0.0; 0.0; 0.0; 1.65; 0.88; 2.92; 339.02; 25.0; -25.0; 0.0; 0; 0; 0.0; 0.0; 1; 6.22922384664; 1.78236897141; 1.583718998; 0; 0; 0; 0; 0.0; 0.0; 0.0; -1.0; 0.0; 0.0; 0.0; 0.0; 0.0; 1.0;0; 0;0; 0; 
34.4156770706; 104900; 0.0; 0.0; -0.1583; 0.0; 0.0; 0.0; 0.0; 0.0; 0.0; 0.0; 0.0; 0.0; 0.0; 0.0; 0.0; 0.0; 0.0; 1.65; 0.88; 2.92; 339.02; 25.0; -25.0; 0.0; 0; 0; 0.0; 0.0; 1; 6.22922384664; 1.78236897141; 1.583718998; 0; 0; 0; 0; 0.0; 0.0; 0.0; -1.0; 0.0; 0.0; 0.0; 0.0; 0.0; 1.0;0; 0;0; 0; 
34.4274230003; 104910; 0.0; 0.0; -0.15664; 0.0; 0.0; 0.0; 0.0; 0.0; 0.0; 0.0; 0.0; 0.0; 0.0; 0.0; 0.0; 0.0; 0.0; 1.65; 0.88; 2.92; 339.02; 25.0; -25.0; 0.0; 0; 0; 0.0; 0.0; 1; 6.22864917002; 1.81042733501; 1.6011931089; 0; 0; 0; 0; 0.0; 0.0; 0.0; -1.0; 0.0; 0.0; 0.0; 0.0; 0.0; 1.0;0; 0;0; 0; 
34.437374115; 104910; 0.0; 0.0; -0.15504; 0.0; 0.0; 0.0; 0.0; 0.0; 0.0; 0.0; 0.0; 0.0; 0.0; 0.0; 0.0; 0.0; 0.0; 1.65; 0.88; 2.92; 339.02; 25.0; -25.0; 0.0; 0; 0; 0.0; 0.0; 1; 6.22864917002; 1.81042733501; 1.6011931089; 0; 0; 0; 0; 0.0; 0.0; 0.0; -1.0; 0.0; 0.0; 0.0; 0.0; 0.0; 1.0;0; 0;0; 0; 
34.4482769966; 104920; 0.0; 0.0; -0.15362; 0.0; 0.0; 0.0; 0.0; 0.0; 0.0; 0.0; 0.0; 0.0; 0.0; 0.0; 0.0; 0.0; 0.0; 1.65; 0.88; 2.92; 339.02; 25.0; -25.0; 0.0; 0; 0; 0.0; 0.0; 1; 6.22864917002; 1.81042733501; 1.6011931089; 0; 0; 0; 0; 0.0; 0.0; 0.0; -1.0; 0.0; 0.0; 0.0; 0.0; 0.0; 1.0;0; 0;0; 0; 
34.4596221447; 104920; 0.0; 0.0; -0.15242; 0.0; 0.0; 0.0; 0.0; 0.0; 0.0; 0.0; 0.0; 0.0; 0.0; 0.0; 0.0; 0.0; 0.0; 1.64; 0.88; 4.1; 375.68; 25.0; -25.0; 0.0; 0; 0; 0.0; 0.0; 1; 6.22864917002; 1.81042733501; 1.6011931089; 0; 0; 0; 0; 0.0; 0.0; 0.0; -1.0; 0.0; 0.0; 0.0; 0.0; 0.0; 1.0;0; 0;0; 0; 
34.4715721607; 104930; 0.0; 0.0; -0.15148; 0.0; 0.0; 0.0; 0.0; 0.0; 0.0; 0.0; 0.0; 0.0; 0.0; 0.0; 0.0; 0.0; 0.0; 1.64; 0.88; 4.1; 375.68; 25.0; -25.0; 0.0; 0; 0; 0.0; 0.0; 1; 6.22864917002; 1.81042733501; 1.6011931089; 0; 0; 0; 0; 0.0; 0.0; 0.0; -1.0; 0.0; 0.0; 0.0; 0.0; 0.0; 1.0;0; 0;0; 0; 
34.4828071594; 104930; 0.0; 0.0; -0.15076; 0.0; 0.0; 0.0; 0.0; 0.0; 0.0; 0.0; 0.0; 0.0; 0.0; 0.0; 0.0; 0.0; 0.0; 1.64; 0.88; 4.1; 375.68; 25.0; -25.0; 0.0; 0; 0; 0.0; 0.0; 1; 6.22864917002; 1.81042733501; 1.6011931089; 0; 0; 0; 0; 0.0; 0.0; 0.0; -1.0; 0.0; 0.0; 0.0; 0.0; 0.0; 1.0;0; 0;0; 0; 
34.4964530468; 104940; 0.0; 0.0; -0.1503; 0.0; 0.0; 0.0; 0.0; 0.0; 0.0; 0.0; 0.0; 0.0; 0.0; 0.0; 0.0; 0.0; 0.0; 1.64; 0.88; 4.1; 375.68; 25.0; -25.0; 0.0; 0; 0; 0.0; 0.0; 1; 6.22864917002; 1.81042733501; 1.6011931089; 0; 0; 0; 0; 0.0; 0.0; 0.0; -1.0; 0.0; 0.0; 0.0; 0.0; 0.0; 1.0;0; 0;0; 0; 
34.5077290535; 104940; 0.0; 0.0; -0.15021; 0.0; 0.0; 0.0; 0.0; 0.0; 0.0; 0.0; 0.0; 0.0; 0.0; 0.0; 0.0; 0.0; 0.0; 1.64; 0.88; 4.1; 375.68; 25.0; -25.0; 0.0; 0; 0; 0.0; 0.0; 1; 6.22864917002; 1.81042733501; 1.6011931089; 0; 0; 0; 0; 0.0; 0.0; 0.0; -1.0; 0.0; 0.0; 0.0; 0.0; 0.0; 1.0;0; 0;0; 0; 
34.5175909996; 104950; 0.0; 0.0; -0.15045; 0.0; 0.0; 0.0; 0.0; 0.0; 0.0; 0.0; 0.0; 0.0; 0.0; 0.0; 0.0; 0.0; 0.0; 1.64; 0.88; 4.1; 375.68; 25.0; -25.0; 0.0; 0; 0; 0.0; 0.0; 1; 6.22864917002; 1.81042733501; 1.6011931089; 0; 0; 0; 0; 0.0; 0.0; 0.0; -1.0; 0.0; 0.0; 0.0; 0.0; 0.0; 1.0;0; 0;0; 0; 
34.5284061432; 104950; 0.0; 0.0; -0.15094; 0.0; 0.0; 0.0; 0.0; 0.0; 0.0; 0.0; 0.0; 0.0; 0.0; 0.0; 0.0; 0.0; 0.0; 1.64; 0.88; 4.1; 375.68; 25.0; -25.0; 0.0; 0; 0; 0.0; 0.0; 1; 6.22864917002; 1.81042733501; 1.6011931089; 0; 0; 0; 0; 0.0; 0.0; 0.0; -1.0; 0.0; 0.0; 0.0; 0.0; 0.0; 1.0;0; 0;0; 0; 
34.5390720367; 104960; 0.0; 0.0; -0.15157; 0.0; 0.0; 0.0; 0.0; 0.0; 0.0; 0.0; 0.0; 0.0; 0.0; 0.0; 0.0; 0.0; 0.0; 1.64; 0.88; 4.1; 375.68; 25.0; -25.0; 0.0; 0; 0; 0.0; 0.0; 1; 6.22864917002; 1.81042733501; 1.6011931089; 0; 0; 0; 0; 0.0; 0.0; 0.0; -1.0; 0.0; 0.0; 0.0; 0.0; 0.0; 1.0;0; 0;0; 0; 
34.5502500534; 104960; 0.0; 0.0; -0.15227; 0.0; 0.0; 0.0; 0.0; 0.0; 0.0; 0.0; 0.0; 0.0; 0.0; 0.0; 0.0; 0.0; 0.0; 1.64; 0.88; 4.1; 375.68; 25.0; -25.0; 0.0; 0; 0; 0.0; 0.0; 1; 6.22864917002; 1.81042733501; 1.6011931089; 0; 0; 0; 0; 0.0; 0.0; 0.0; -1.0; 0.0; 0.0; 0.0; 0.0; 0.0; 1.0;0; 0;0; 0; 
34.5613100529; 104970; 0.0; 0.0; -0.15301; 0.0; 0.0; 0.0; 0.0; 0.0; 0.0; 0.0; 0.0; 0.0; 0.0; 0.0; 0.0; 0.0; 0.0; 1.64; 0.88; 4.1; 375.68; 25.0; -25.0; 0.0; 0; 0; 0.0; 0.0; 1; 6.22864917002; 1.81042733501; 1.6011931089; 0; 0; 0; 0; 0.0; 0.0; 0.0; -1.0; 0.0; 0.0; 0.0; 0.0; 0.0; 1.0;0; 0;0; 0; 
34.5725500584; 104970; 0.0; 0.0; -0.15374; 0.0; 0.0; 0.0; 0.0; 0.0; 0.0; 0.0; 0.0; 0.0; 0.0; 0.0; 0.0; 0.0; 0.0; 1.64; 0.88; 4.1; 375.68; 25.0; -25.0; 0.0; 0; 0; 0.0; 0.0; 1; 6.22864917002; 1.81042733501; 1.6011931089; 0; 0; 0; 0; 0.0; 0.0; 0.0; -1.0; 0.0; 0.0; 0.0; 0.0; 0.0; 1.0;0; 0;0; 0; 
34.5844230652; 104980; 0.0; 0.0; -0.15442; 0.0; 0.0; 0.0; 0.0; 0.0; 0.0; 0.0; 0.0; 0.0; 0.0; 0.0; 0.0; 0.0; 0.0; 1.64; 0.88; 4.1; 375.68; 25.0; -25.0; 0.0; 0; 0; 0.0; 0.0; 1; 6.22864917002; 1.81042733501; 1.6011931089; 0; 0; 0; 0; 0.0; 0.0; 0.0; -1.0; 0.0; 0.0; 0.0; 0.0; 0.0; 1.0;0; 0;0; 0; 
34.5961279869; 104980; 0.0; 0.0; -0.15512; 0.0; 0.0; 0.0; 0.0; 0.0; 0.0; 0.0; 0.0; 0.0; 0.0; 0.0; 0.0; 0.0; 0.0; 1.64; 0.88; 4.1; 375.68; 25.0; -25.0; 0.0; 0; 0; 0.0; 0.0; 1; 6.22864917002; 1.81042733501; 1.6011931089; 0; 0; 0; 0; 0.0; 0.0; 0.0; -1.0; 0.0; 0.0; 0.0; 0.0; 0.0; 1.0;0; 0;0; 0; 
34.6069920063; 104990; 0.0; 0.0; -0.1559; 0.0; 0.0; 0.0; 0.0; 0.0; 0.0; 0.0; 0.0; 0.0; 0.0; 0.0; 0.0; 0.0; 0.0; 1.64; 0.88; 4.1; 375.68; 25.0; -25.0; 0.0; 0; 0; 0.0; 0.0; 1; 6.22864917002; 1.81042733501; 1.6011931089; 0; 0; 0; 0; 0.0; 0.0; 0.0; -1.0; 0.0; 0.0; 0.0; 0.0; 0.0; 1.0;0; 0;0; 0; 
34.6178600788; 104990; 0.0; 0.0; -0.1568; 0.0; 0.0; 0.0; 0.0; 0.0; 0.0; 0.0; 0.0; 0.0; 0.0; 0.0; 0.0; 0.0; 0.0; 1.64; 0.88; 4.1; 375.68; 25.0; -25.0; 0.0; 0; 0; 0.0; 0.0; 1; 6.22864917002; 1.81042733501; 1.6011931089; 0; 0; 0; 0; 0.0; 0.0; 0.0; -1.0; 0.0; 0.0; 0.0; 0.0; 0.0; 1.0;0; 0;0; 0; 
34.6298899651; 105000; 0.0; 0.0; -0.15769; 0.0; 0.0; 0.0; 0.0; 0.0; 0.0; 0.0; 0.0; 0.0; 0.0; 0.0; 0.0; 0.0; 0.0; 1.64; 0.88; 4.1; 375.68; 25.0; -25.0; 0.0; 0; 0; 0.0; 0.0; 1; 6.22864917002; 1.81042733501; 1.6011931089; 0; 0; 0; 0; 0.0; 0.0; 0.0; -1.0; 0.0; 0.0; 0.0; 0.0; 0.0; 1.0;0; 0;0; 0; 
34.64123106; 105000; 0.0; 0.0; -0.15843; 0.0; 0.0; 0.0; 0.0; 0.0; 0.0; 0.0; 0.0; 0.0; 0.0; 0.0; 0.0; 0.0; 0.0; 1.64; 0.88; 4.1; 375.68; 25.0; -25.0; 0.0; 0; 0; 0.0; 0.0; 1; 6.22864917002; 1.81042733501; 1.6011931089; 0; 0; 0; 0; 0.0; 0.0; 0.0; -1.0; 0.0; 0.0; 0.0; 0.0; 0.0; 1.0;0; 0;0; 0; 
34.6524240971; 105010; 0.0; 0.0; -0.15892; 0.0; 0.0; 0.0; 0.0; 0.0; 0.0; 0.0; 0.0; 0.0; 0.0; 0.0; 0.0; 0.0; 0.0; 1.64; 0.88; 4.1; 375.68; 25.0; -25.0; 0.0; 0; 0; 0.0; 0.0; 1; 6.22776313117; 1.83395603401; 1.61750951429; 0; 0; 0; 0; 0.0; 0.0; 0.0; -1.0; 0.0; 0.0; 0.0; 0.0; 0.0; 1.0;0; 0;0; 0; 
34.6633300781; 105010; 0.0; 0.0; -0.15899; 0.0; 0.0; 0.0; 0.0; 0.0; 0.0; 0.0; 0.0; 0.0; 0.0; 0.0; 0.0; 0.0; 0.0; 1.64; 0.88; 4.1; 375.68; 25.0; -25.0; 0.0; 0; 0; 0.0; 0.0; 1; 6.22776313117; 1.83395603401; 1.61750951429; 0; 0; 0; 0; 0.0; 0.0; 0.0; -1.0; 0.0; 0.0; 0.0; 0.0; 0.0; 1.0;0; 0;0; 0; 
34.6752610207; 105020; 0.0; 0.0; -0.15861; 0.0; 0.0; 0.0; 0.0; 0.0; 0.0; 0.0; 0.0; 0.0; 0.0; 0.0; 0.0; 0.0; 0.0; 1.64; 0.88; 4.1; 375.68; 25.0; -25.0; 0.0; 0; 0; 0.0; 0.0; 1; 6.22776313117; 1.83395603401; 1.61750951429; 0; 0; 0; 0; 0.0; 0.0; 0.0; -1.0; 0.0; 0.0; 0.0; 0.0; 0.0; 1.0;0; 0;0; 0; 
34.6873121262; 105020; 0.0; 0.0; -0.15775; 0.0; 0.0; 0.0; 0.0; 0.0; 0.0; 0.0; 0.0; 0.0; 0.0; 0.0; 0.0; 0.0; 0.0; 1.64; 0.88; 4.1; 375.68; 25.0; -25.0; 0.0; 0; 0; 0.0; 0.0; 1; 6.22776313117; 1.83395603401; 1.61750951429; 0; 0; 0; 0; 0.0; 0.0; 0.0; -1.0; 0.0; 0.0; 0.0; 0.0; 0.0; 1.0;0; 0;0; 0; 
34.698059082; 105030; 0.0; 0.0; -0.15657; 0.0; 0.0; 0.0; 0.0; 0.0; 0.0; 0.0; 0.0; 0.0; 0.0; 0.0; 0.0; 0.0; 0.0; 1.6; 0.86; 2.77; 4.64; 25.0; -25.0; 0.0; 0; 0; 0.0; 0.0; 1; 6.22776313117; 1.83395603401; 1.61750951429; 0; 0; 0; 0; 0.0; 0.0; 0.0; -1.0; 0.0; 0.0; 0.0; 0.0; 0.0; 1.0;0; 0;0; 0; 
34.7096381187; 105030; 0.0; 0.0; -0.15523; 0.0; 0.0; 0.0; 0.0; 0.0; 0.0; 0.0; 0.0; 0.0; 0.0; 0.0; 0.0; 0.0; 0.0; 1.6; 0.86; 2.77; 4.64; 25.0; -25.0; 0.0; 0; 0; 0.0; 0.0; 1; 6.22776313117; 1.83395603401; 1.61750951429; 0; 0; 0; 0; 0.0; 0.0; 0.0; -1.0; 0.0; 0.0; 0.0; 0.0; 0.0; 1.0;0; 0;0; 0; 
34.7210459709; 105040; 0.0; 0.0; -0.15383; 0.0; 0.0; 0.0; 0.0; 0.0; 0.0; 0.0; 0.0; 0.0; 0.0; 0.0; 0.0; 0.0; 0.0; 1.6; 0.86; 2.77; 4.64; 25.0; -25.0; 0.0; 0; 0; 0.0; 0.0; 1; 6.22776313117; 1.83395603401; 1.61750951429; 0; 0; 0; 0; 0.0; 0.0; 0.0; -1.0; 0.0; 0.0; 0.0; 0.0; 0.0; 1.0;0; 0;0; 0; 
34.7333819866; 105040; 0.0; 0.0; -0.15251; 0.0; 0.0; 0.0; 0.0; 0.0; 0.0; 0.0; 0.0; 0.0; 0.0; 0.0; 0.0; 0.0; 0.0; 1.6; 0.86; 2.77; 4.64; 25.0; -25.0; 0.0; 0; 0; 0.0; 0.0; 1; 6.22776313117; 1.83395603401; 1.61750951429; 0; 0; 0; 0; 0.0; 0.0; 0.0; -1.0; 0.0; 0.0; 0.0; 0.0; 0.0; 1.0;0; 0;0; 0; 
34.7459499836; 105050; 0.0; 0.0; -0.15136; 0.0; 0.0; 0.0; 0.0; 0.0; 0.0; 0.0; 0.0; 0.0; 0.0; 0.0; 0.0; 0.0; 0.0; 1.6; 0.86; 2.77; 4.64; 25.0; -25.0; 0.0; 0; 0; 0.0; 0.0; 1; 6.22776313117; 1.83395603401; 1.61750951429; 0; 0; 0; 0; 0.0; 0.0; 0.0; -1.0; 0.0; 0.0; 0.0; 0.0; 0.0; 1.0;0; 0;0; 0; 
34.7585661411; 105050; 0.0; 0.0; -0.1504; 0.0; 0.0; 0.0; 0.0; 0.0; 0.0; 0.0; 0.0; 0.0; 0.0; 0.0; 0.0; 0.0; 0.0; 1.6; 0.86; 2.77; 4.64; 25.0; -25.0; 0.0; 0; 0; 0.0; 0.0; 1; 6.22776313117; 1.83395603401; 1.61750951429; 0; 0; 0; 0; 0.0; 0.0; 0.0; -1.0; 0.0; 0.0; 0.0; 0.0; 0.0; 1.0;0; 0;0; 0; 
34.7696230412; 105060; 0.0; 0.0; -0.1496; 0.0; 0.0; 0.0; 0.0; 0.0; 0.0; 0.0; 0.0; 0.0; 0.0; 0.0; 0.0; 0.0; 0.0; 1.6; 0.86; 2.77; 4.64; 25.0; -25.0; 0.0; 0; 0; 0.0; 0.0; 1; 6.22776313117; 1.83395603401; 1.61750951429; 0; 0; 0; 0; 0.0; 0.0; 0.0; -1.0; 0.0; 0.0; 0.0; 0.0; 0.0; 1.0;0; 0;0; 0; 
34.7804169655; 105060; 0.0; 0.0; -0.14898; 0.0; 0.0; 0.0; 0.0; 0.0; 0.0; 0.0; 0.0; 0.0; 0.0; 0.0; 0.0; 0.0; 0.0; 1.6; 0.86; 2.77; 4.64; 25.0; -25.0; 0.0; 0; 0; 0.0; 0.0; 1; 6.22776313117; 1.83395603401; 1.61750951429; 0; 0; 0; 0; 0.0; 0.0; 0.0; -1.0; 0.0; 0.0; 0.0; 0.0; 0.0; 1.0;0; 0;0; 0; 
34.7915802002; 105070; 0.0; 0.0; -0.14863; 0.0; 0.0; 0.0; 0.0; 0.0; 0.0; 0.0; 0.0; 0.0; 0.0; 0.0; 0.0; 0.0; 0.0; 1.6; 0.86; 2.77; 4.64; 25.0; -25.0; 0.0; 0; 0; 0.0; 0.0; 1; 6.22776313117; 1.83395603401; 1.61750951429; 0; 0; 0; 0; 0.0; 0.0; 0.0; -1.0; 0.0; 0.0; 0.0; 0.0; 0.0; 1.0;0; 0;0; 0; 
34.8034360409; 105070; 0.0; 0.0; -0.14859; 0.0; 0.0; 0.0; 0.0; 0.0; 0.0; 0.0; 0.0; 0.0; 0.0; 0.0; 0.0; 0.0; 0.0; 1.6; 0.86; 2.77; 4.64; 25.0; -25.0; 0.0; 0; 0; 0.0; 0.0; 1; 6.22776313117; 1.83395603401; 1.61750951429; 0; 0; 0; 0; 0.0; 0.0; 0.0; -1.0; 0.0; 0.0; 0.0; 0.0; 0.0; 1.0;0; 0;0; 0; 
34.8147270679; 105080; 0.0; 0.0; -0.14889; 0.0; 0.0; 0.0; 0.0; 0.0; 0.0; 0.0; 0.0; 0.0; 0.0; 0.0; 0.0; 0.0; 0.0; 1.6; 0.86; 2.77; 4.64; 25.0; -25.0; 0.0; 0; 0; 0.0; 0.0; 1; 6.22776313117; 1.83395603401; 1.61750951429; 0; 0; 0; 0; 0.0; 0.0; 0.0; -1.0; 0.0; 0.0; 0.0; 0.0; 0.0; 1.0;0; 0;0; 0; 
34.8258891106; 105080; 0.0; 0.0; -0.14946; 0.0; 0.0; 0.0; 0.0; 0.0; 0.0; 0.0; 0.0; 0.0; 0.0; 0.0; 0.0; 0.0; 0.0; 1.6; 0.86; 2.77; 4.64; 25.0; -25.0; 0.0; 0; 0; 0.0; 0.0; 1; 6.22776313117; 1.83395603401; 1.61750951429; 0; 0; 0; 0; 0.0; 0.0; 0.0; -1.0; 0.0; 0.0; 0.0; 0.0; 0.0; 1.0;0; 0;0; 0; 
34.8374640942; 105090; 0.0; 0.0; -0.15031; 0.0; 0.0; 0.0; 0.0; 0.0; 0.0; 0.0; 0.0; 0.0; 0.0; 0.0; 0.0; 0.0; 0.0; 1.6; 0.86; 2.77; 4.64; 25.0; -25.0; 0.0; 0; 0; 0.0; 0.0; 1; 6.22776313117; 1.83395603401; 1.61750951429; 0; 0; 0; 0; 0.0; 0.0; 0.0; -1.0; 0.0; 0.0; 0.0; 0.0; 0.0; 1.0;0; 0;0; 0; 
34.848277092; 105090; 0.0; 0.0; -0.15135; 0.0; 0.0; 0.0; 0.0; 0.0; 0.0; 0.0; 0.0; 0.0; 0.0; 0.0; 0.0; 0.0; 0.0; 1.6; 0.86; 2.77; 4.64; 25.0; -25.0; 0.0; 0; 0; 0.0; 0.0; 1; 6.22776313117; 1.83395603401; 1.61750951429; 0; 0; 0; 0; 0.0; 0.0; 0.0; -1.0; 0.0; 0.0; 0.0; 0.0; 0.0; 1.0;0; 0;0; 0; 
34.8592560291; 105100; 0.0; 0.0; -0.15246; 0.0; 0.0; 0.0; 0.0; 0.0; 0.0; 0.0; 0.0; 0.0; 0.0; 0.0; 0.0; 0.0; 0.0; 1.6; 0.86; 2.77; 4.64; 25.0; -25.0; 0.0; 0; 0; 0.0; 0.0; 1; 6.22776313117; 1.83395603401; 1.61750951429; 0; 0; 0; 0; 0.0; 0.0; 0.0; -1.0; 0.0; 0.0; 0.0; 0.0; 0.0; 1.0;0; 0;0; 0; 
34.8705670834; 105100; 0.0; 0.0; -0.1536; 0.0; 0.0; 0.0; 0.0; 0.0; 0.0; 0.0; 0.0; 0.0; 0.0; 0.0; 0.0; 0.0; 0.0; 1.6; 0.86; 2.77; 4.64; 25.0; -25.0; 0.0; 0; 0; 0.0; 0.0; 1; 6.22776313117; 1.83395603401; 1.61750951429; 0; 0; 0; 0; 0.0; 0.0; 0.0; -1.0; 0.0; 0.0; 0.0; 0.0; 0.0; 1.0;0; 0;0; 0; 
34.8812990189; 105110; 0.0; 0.0; -0.15473; 0.0; 0.0; 0.0; 0.0; 0.0; 0.0; 0.0; 0.0; 0.0; 0.0; 0.0; 0.0; 0.0; 0.0; 1.6; 0.86; 2.77; 4.64; 25.0; -25.0; 0.0; 0; 0; 0.0; 0.0; 1; 6.2264666696; 1.8577957398; 1.63382335511; 0; 0; 0; 0; 0.0; 0.0; 0.0; -1.0; 0.0; 0.0; 0.0; 0.0; 0.0; 1.0;0; 0;0; 0; 
34.8930361271; 105110; 0.0; 0.0; -0.15588; 0.0; 0.0; 0.0; 0.0; 0.0; 0.0; 0.0; 0.0; 0.0; 0.0; 0.0; 0.0; 0.0; 0.0; 1.6; 0.86; 2.77; 4.64; 25.0; -25.0; 0.0; 0; 0; 0.0; 0.0; 1; 6.2264666696; 1.8577957398; 1.63382335511; 0; 0; 0; 0; 0.0; 0.0; 0.0; -1.0; 0.0; 0.0; 0.0; 0.0; 0.0; 1.0;0; 0;0; 0; 
34.904638052; 105120; 0.0; 0.0; -0.157; 0.0; 0.0; 0.0; 0.0; 0.0; 0.0; 0.0; 0.0; 0.0; 0.0; 0.0; 0.0; 0.0; 0.0; 1.6; 0.86; 2.77; 4.64; 25.0; -25.0; 0.0; 0; 0; 0.0; 0.0; 1; 6.2264666696; 1.8577957398; 1.63382335511; 0; 0; 0; 0; 0.0; 0.0; 0.0; -1.0; 0.0; 0.0; 0.0; 0.0; 0.0; 1.0;0; 0;0; 0; 
34.9163429737; 105120; 0.0; 0.0; -0.15808; 0.0; 0.0; 0.0; 0.0; 0.0; 0.0; 0.0; 0.0; 0.0; 0.0; 0.0; 0.0; 0.0; 0.0; 1.56; 0.86; 2.69; 2.99; 25.0; -25.0; 0.0; 0; 0; 0.0; 0.0; 1; 6.2264666696; 1.8577957398; 1.63382335511; 0; 0; 0; 0; 0.0; 0.0; 0.0; -1.0; 0.0; 0.0; 0.0; 0.0; 0.0; 1.0;0; 0;0; 0; 
34.9277851582; 105130; 0.0; 0.0; -0.15901; 0.0; 0.0; 0.0; 0.0; 0.0; 0.0; 0.0; 0.0; 0.0; 0.0; 0.0; 0.0; 0.0; 0.0; 1.56; 0.86; 2.69; 2.99; 25.0; -25.0; 0.0; 0; 0; 0.0; 0.0; 1; 6.2264666696; 1.8577957398; 1.63382335511; 0; 0; 0; 0; 0.0; 0.0; 0.0; -1.0; 0.0; 0.0; 0.0; 0.0; 0.0; 1.0;0; 0;0; 0; 
34.9386119843; 105130; 0.0; 0.0; -0.15971; 0.0; 0.0; 0.0; 0.0; 0.0; 0.0; 0.0; 0.0; 0.0; 0.0; 0.0; 0.0; 0.0; 0.0; 1.56; 0.86; 2.69; 2.99; 25.0; -25.0; 0.0; 0; 0; 0.0; 0.0; 1; 6.2264666696; 1.8577957398; 1.63382335511; 0; 0; 0; 0; 0.0; 0.0; 0.0; -1.0; 0.0; 0.0; 0.0; 0.0; 0.0; 1.0;0; 0;0; 0; 
34.9506421089; 105140; 0.0; 0.0; -0.16009; 0.0; 0.0; 0.0; 0.0; 0.0; 0.0; 0.0; 0.0; 0.0; 0.0; 0.0; 0.0; 0.0; 0.0; 1.56; 0.86; 2.69; 2.99; 25.0; -25.0; 0.0; 0; 0; 0.0; 0.0; 1; 6.2264666696; 1.8577957398; 1.63382335511; 0; 0; 0; 0; 0.0; 0.0; 0.0; -1.0; 0.0; 0.0; 0.0; 0.0; 0.0; 1.0;0; 0;0; 0; 
34.961425066; 105140; 0.0; 0.0; -0.16006; 0.0; 0.0; 0.0; 0.0; 0.0; 0.0; 0.0; 0.0; 0.0; 0.0; 0.0; 0.0; 0.0; 0.0; 1.56; 0.86; 2.69; 2.99; 25.0; -25.0; 0.0; 0; 0; 0.0; 0.0; 1; 6.2264666696; 1.8577957398; 1.63382335511; 0; 0; 0; 0; 0.0; 0.0; 0.0; -1.0; 0.0; 0.0; 0.0; 0.0; 0.0; 1.0;0; 0;0; 0; 
34.9726541042; 105150; 0.0; 0.0; -0.15965; 0.0; 0.0; 0.0; 0.0; 0.0; 0.0; 0.0; 0.0; 0.0; 0.0; 0.0; 0.0; 0.0; 0.0; 1.56; 0.86; 2.69; 2.99; 25.0; -25.0; 0.0; 0; 0; 0.0; 0.0; 1; 6.2264666696; 1.8577957398; 1.63382335511; 0; 0; 0; 0; 0.0; 0.0; 0.0; -1.0; 0.0; 0.0; 0.0; 0.0; 0.0; 1.0;0; 0;0; 0; 
34.9837331772; 105150; 0.0; 0.0; -0.15889; 0.0; 0.0; 0.0; 0.0; 0.0; 0.0; 0.0; 0.0; 0.0; 0.0; 0.0; 0.0; 0.0; 0.0; 1.56; 0.86; 2.69; 2.99; 25.0; -25.0; 0.0; 0; 0; 0.0; 0.0; 1; 6.2264666696; 1.8577957398; 1.63382335511; 0; 0; 0; 0; 0.0; 0.0; 0.0; -1.0; 0.0; 0.0; 0.0; 0.0; 0.0; 1.0;0; 0;0; 0; 
34.9948899746; 105160; 0.0; 0.0; -0.15794; 0.0; 0.0; 0.0; 0.0; 0.0; 0.0; 0.0; 0.0; 0.0; 0.0; 0.0; 0.0; 0.0; 0.0; 1.56; 0.86; 2.69; 2.99; 25.0; -25.0; 0.0; 0; 0; 0.0; 0.0; 1; 6.2264666696; 1.8577957398; 1.63382335511; 0; 0; 0; 0; 0.0; 0.0; 0.0; -1.0; 0.0; 0.0; 0.0; 0.0; 0.0; 1.0;0; 0;0; 0; 
35.0059461594; 105160; 0.0; 0.0; -0.1569; 0.0; 0.0; 0.0; 0.0; 0.0; 0.0; 0.0; 0.0; 0.0; 0.0; 0.0; 0.0; 0.0; 0.0; 1.56; 0.86; 2.69; 2.99; 25.0; -25.0; 0.0; 0; 0; 0.0; 0.0; 1; 6.2264666696; 1.8577957398; 1.63382335511; 0; 0; 0; 0; 0.0; 0.0; 0.0; -1.0; 0.0; 0.0; 0.0; 0.0; 0.0; 1.0;0; 0;0; 0; 
35.0180761814; 105170; 0.0; 0.0; -0.15579; 0.0; 0.0; 0.0; 0.0; 0.0; 0.0; 0.0; 0.0; 0.0; 0.0; 0.0; 0.0; 0.0; 0.0; 1.56; 0.86; 2.69; 2.99; 25.0; -25.0; 0.0; 0; 0; 0.0; 0.0; 1; 6.2264666696; 1.8577957398; 1.63382335511; 0; 0; 0; 0; 0.0; 0.0; 0.0; -1.0; 0.0; 0.0; 0.0; 0.0; 0.0; 1.0;0; 0;0; 0; 
35.0293669701; 105170; 0.0; 0.0; -0.15479; 0.0; 0.0; 0.0; 0.0; 0.0; 0.0; 0.0; 0.0; 0.0; 0.0; 0.0; 0.0; 0.0; 0.0; 1.56; 0.86; 2.69; 2.99; 25.0; -25.0; 0.0; 0; 0; 0.0; 0.0; 1; 6.2264666696; 1.8577957398; 1.63382335511; 0; 0; 0; 0; 0.0; 0.0; 0.0; -1.0; 0.0; 0.0; 0.0; 0.0; 0.0; 1.0;0; 0;0; 0; 
35.0408790112; 105180; 0.0; 0.0; -0.1539; 0.0; 0.0; 0.0; 0.0; 0.0; 0.0; 0.0; 0.0; 0.0; 0.0; 0.0; 0.0; 0.0; 0.0; 1.56; 0.86; 2.69; 2.99; 25.0; -25.0; 0.0; 0; 0; 0.0; 0.0; 1; 6.2264666696; 1.8577957398; 1.63382335511; 0; 0; 0; 0; 0.0; 0.0; 0.0; -1.0; 0.0; 0.0; 0.0; 0.0; 0.0; 1.0;0; 0;0; 0; 
35.052875042; 105180; 0.0; 0.0; -0.15312; 0.0; 0.0; 0.0; 0.0; 0.0; 0.0; 0.0; 0.0; 0.0; 0.0; 0.0; 0.0; 0.0; 0.0; 1.56; 0.86; 2.69; 2.99; 25.0; -25.0; 0.0; 0; 0; 0.0; 0.0; 1; 6.2264666696; 1.8577957398; 1.63382335511; 0; 0; 0; 0; 0.0; 0.0; 0.0; -1.0; 0.0; 0.0; 0.0; 0.0; 0.0; 1.0;0; 0;0; 0; 
35.0642340183; 105190; 0.0; 0.0; -0.15248; 0.0; 0.0; 0.0; 0.0; 0.0; 0.0; 0.0; 0.0; 0.0; 0.0; 0.0; 0.0; 0.0; 0.0; 1.56; 0.86; 2.69; 2.99; 25.0; -25.0; 0.0; 0; 0; 0.0; 0.0; 1; 6.2264666696; 1.8577957398; 1.63382335511; 0; 0; 0; 0; 0.0; 0.0; 0.0; -1.0; 0.0; 0.0; 0.0; 0.0; 0.0; 1.0;0; 0;0; 0; 
35.0757830143; 105190; 0.0; 0.0; -0.15193; 0.0; 0.0; 0.0; 0.0; 0.0; 0.0; 0.0; 0.0; 0.0; 0.0; 0.0; 0.0; 0.0; 0.0; 1.56; 0.86; 2.69; 2.99; 25.0; -25.0; 0.0; 0; 0; 0.0; 0.0; 1; 6.2264666696; 1.8577957398; 1.63382335511; 0; 0; 0; 0; 0.0; 0.0; 0.0; -1.0; 0.0; 0.0; 0.0; 0.0; 0.0; 1.0;0; 0;0; 0; 
35.0872490406; 105200; 0.0; 0.0; -0.15157; 0.0; 0.0; 0.0; 0.0; 0.0; 0.0; 0.0; 0.0; 0.0; 0.0; 0.0; 0.0; 0.0; 0.0; 1.56; 0.86; 2.69; 2.99; 25.0; -25.0; 0.0; 0; 0; 0.0; 0.0; 1; 6.2264666696; 1.8577957398; 1.63382335511; 0; 0; 0; 0; 0.0; 0.0; 0.0; -1.0; 0.0; 0.0; 0.0; 0.0; 0.0; 1.0;0; 0;0; 0; 
35.0988521576; 105200; 0.0; 0.0; -0.15136; 0.0; 0.0; 0.0; 0.0; 0.0; 0.0; 0.0; 0.0; 0.0; 0.0; 0.0; 0.0; 0.0; 0.0; 1.56; 0.86; 2.69; 2.99; 25.0; -25.0; 0.0; 0; 0; 0.0; 0.0; 1; 6.2264666696; 1.8577957398; 1.63382335511; 0; 0; 0; 0; 0.0; 0.0; 0.0; -1.0; 0.0; 0.0; 0.0; 0.0; 0.0; 1.0;0; 0;0; 0; 
35.1106131077; 105210; 0.0; 0.0; -0.15127; 0.0; 0.0; 0.0; 0.0; 0.0; 0.0; 0.0; 0.0; 0.0; 0.0; 0.0; 0.0; 0.0; 0.0; 1.56; 0.86; 2.69; 2.99; 25.0; -25.0; 0.0; 0; 0; 0.0; 0.0; 1; 6.22460408302; 1.88412094446; 1.65067327927; 0; 0; 0; 0; 0.0; 0.0; 0.0; -1.0; 0.0; 0.0; 0.0; 0.0; 0.0; 1.0;0; 0;0; 0; 
35.1215791702; 105210; 0.0; 0.0; -0.1513; 0.0; 0.0; 0.0; 0.0; 0.0; 0.0; 0.0; 0.0; 0.0; 0.0; 0.0; 0.0; 0.0; 0.0; 1.56; 0.86; 2.69; 2.99; 25.0; -25.0; 0.0; 0; 0; 0.0; 0.0; 1; 6.22460408302; 1.88412094446; 1.65067327927; 0; 0; 0; 0; 0.0; 0.0; 0.0; -1.0; 0.0; 0.0; 0.0; 0.0; 0.0; 1.0;0; 0;0; 0; 
35.1332190037; 105220; 0.0; 0.0; -0.1514; 0.0; 0.0; 0.0; 0.0; 0.0; 0.0; 0.0; 0.0; 0.0; 0.0; 0.0; 0.0; 0.0; 0.0; 1.56; 0.86; 2.69; 2.99; 25.0; -25.0; 0.0; 0; 0; 0.0; 0.0; 1; 6.22460408302; 1.88412094446; 1.65067327927; 0; 0; 0; 0; 0.0; 0.0; 0.0; -1.0; 0.0; 0.0; 0.0; 0.0; 0.0; 1.0;0; 0;0; 0; 
35.1446750164; 105220; 0.0; 0.0; -0.15159; 0.0; 0.0; 0.0; 0.0; 0.0; 0.0; 0.0; 0.0; 0.0; 0.0; 0.0; 0.0; 0.0; 0.0; 1.56; 0.86; 2.69; 2.99; 25.0; -25.0; 0.0; 0; 0; 0.0; 0.0; 1; 6.22460408302; 1.88412094446; 1.65067327927; 0; 0; 0; 0; 0.0; 0.0; 0.0; -1.0; 0.0; 0.0; 0.0; 0.0; 0.0; 1.0;0; 0;0; 0; 
35.1561741829; 105230; 0.0; 0.0; -0.15186; 0.0; 0.0; 0.0; 0.0; 0.0; 0.0; 0.0; 0.0; 0.0; 0.0; 0.0; 0.0; 0.0; 0.0; 1.56; 0.86; 2.69; 2.99; 25.0; -25.0; 0.0; 0; 0; 0.0; 0.0; 1; 6.22460408302; 1.88412094446; 1.65067327927; 0; 0; 0; 0; 0.0; 0.0; 0.0; -1.0; 0.0; 0.0; 0.0; 0.0; 0.0; 1.0;0; 0;0; 0; 
35.1674790382; 105230; 0.0; 0.0; -0.15218; 0.0; 0.0; 0.0; 0.0; 0.0; 0.0; 0.0; 0.0; 0.0; 0.0; 0.0; 0.0; 0.0; 0.0; 1.56; 0.86; 2.69; 2.99; 25.0; -25.0; 0.0; 0; 0; 0.0; 0.0; 1; 6.22460408302; 1.88412094446; 1.65067327927; 0; 0; 0; 0; 0.0; 0.0; 0.0; -1.0; 0.0; 0.0; 0.0; 0.0; 0.0; 1.0;0; 0;0; 0; 
35.1785430908; 105240; 0.0; 0.0; -0.15256; 0.0; 0.0; 0.0; 0.0; 0.0; 0.0; 0.0; 0.0; 0.0; 0.0; 0.0; 0.0; 0.0; 0.0; 1.56; 0.86; 2.69; 2.99; 25.0; -25.0; 0.0; 0; 0; 0.0; 0.0; 1; 6.22460408302; 1.88412094446; 1.65067327927; 0; 0; 0; 0; 0.0; 0.0; 0.0; -1.0; 0.0; 0.0; 0.0; 0.0; 0.0; 1.0;0; 0;0; 0; 
35.1894621849; 105240; 0.0; 0.0; -0.15302; 0.0; 0.0; 0.0; 0.0; 0.0; 0.0; 0.0; 0.0; 0.0; 0.0; 0.0; 0.0; 0.0; 0.0; 1.56; 0.86; 2.69; 2.99; 25.0; -25.0; 0.0; 0; 0; 0.0; 0.0; 1; 6.22460408302; 1.88412094446; 1.65067327927; 0; 0; 0; 0; 0.0; 0.0; 0.0; -1.0; 0.0; 0.0; 0.0; 0.0; 0.0; 1.0;0; 0;0; 0; 
35.2010350227; 105250; 0.0; 0.0; -0.15366; 0.0; 0.0; 0.0; 0.0; 0.0; 0.0; 0.0; 0.0; 0.0; 0.0; 0.0; 0.0; 0.0; 0.0; 1.56; 0.86; 2.69; 2.99; 25.0; -25.0; 0.0; 0; 0; 0.0; 0.0; 1; 6.22460408302; 1.88412094446; 1.65067327927; 0; 0; 0; 0; 0.0; 0.0; 0.0; -1.0; 0.0; 0.0; 0.0; 0.0; 0.0; 1.0;0; 0;0; 0; 
35.213009119; 105250; 0.0; 0.0; -0.15441; 0.0; 0.0; 0.0; 0.0; 0.0; 0.0; 0.0; 0.0; 0.0; 0.0; 0.0; 0.0; 0.0; 0.0; 1.56; 0.86; 2.69; 2.99; 25.0; -25.0; 0.0; 0; 0; 0.0; 0.0; 1; 6.22460408302; 1.88412094446; 1.65067327927; 0; 0; 0; 0; 0.0; 0.0; 0.0; -1.0; 0.0; 0.0; 0.0; 0.0; 0.0; 1.0;0; 0;0; 0; 
35.2241120338; 105260; 0.0; 0.0; -0.15515; 0.0; 0.0; 0.0; 0.0; 0.0; 0.0; 0.0; 0.0; 0.0; 0.0; 0.0; 0.0; 0.0; 0.0; 1.56; 0.86; 2.69; 2.99; 25.0; -25.0; 0.0; 0; 0; 0.0; 0.0; 1; 6.22460408302; 1.88412094446; 1.65067327927; 0; 0; 0; 0; 0.0; 0.0; 0.0; -1.0; 0.0; 0.0; 0.0; 0.0; 0.0; 1.0;0; 0;0; 0; 
35.236274004; 105260; 0.0; 0.0; -0.15596; 0.0; 0.0; 0.0; 0.0; 0.0; 0.0; 0.0; 0.0; 0.0; 0.0; 0.0; 0.0; 0.0; 0.0; 1.56; 0.86; 2.69; 2.99; 25.0; -25.0; 0.0; 0; 0; 0.0; 0.0; 1; 6.22460408302; 1.88412094446; 1.65067327927; 0; 0; 0; 0; 0.0; 0.0; 0.0; -1.0; 0.0; 0.0; 0.0; 0.0; 0.0; 1.0;0; 0;0; 0; 
35.2479400635; 105270; 0.0; 0.0; -0.15677; 0.0; 0.0; 0.0; 0.0; 0.0; 0.0; 0.0; 0.0; 0.0; 0.0; 0.0; 0.0; 0.0; 0.0; 1.56; 0.86; 2.69; 2.99; 25.0; -25.0; 0.0; 0; 0; 0.0; 0.0; 1; 6.22460408302; 1.88412094446; 1.65067327927; 0; 0; 0; 0; 0.0; 0.0; 0.0; -1.0; 0.0; 0.0; 0.0; 0.0; 0.0; 1.0;0; 0;0; 0; 
35.2598371506; 105270; 0.0; 0.0; -0.15756; 0.0; 0.0; 0.0; 0.0; 0.0; 0.0; 0.0; 0.0; 0.0; 0.0; 0.0; 0.0; 0.0; 0.0; 1.56; 0.86; 2.69; 2.99; 25.0; -25.0; 0.0; 0; 0; 0.0; 0.0; 1; 6.22460408302; 1.88412094446; 1.65067327927; 0; 0; 0; 0; 0.0; 0.0; 0.0; -1.0; 0.0; 0.0; 0.0; 0.0; 0.0; 1.0;0; 0;0; 0; 
35.2706031799; 105280; 0.0; 0.0; -0.15816; 0.0; 0.0; 0.0; 0.0; 0.0; 0.0; 0.0; 0.0; 0.0; 0.0; 0.0; 0.0; 0.0; 0.0; 1.56; 0.86; 2.69; 2.99; 25.0; -25.0; 0.0; 0; 0; 0.0; 0.0; 1; 6.22460408302; 1.88412094446; 1.65067327927; 0; 0; 0; 0; 0.0; 0.0; 0.0; -1.0; 0.0; 0.0; 0.0; 0.0; 0.0; 1.0;0; 0;0; 0; 
35.2814230919; 105280; 0.0; 0.0; -0.15848; 0.0; 0.0; 0.0; 0.0; 0.0; 0.0; 0.0; 0.0; 0.0; 0.0; 0.0; 0.0; 0.0; 0.0; 1.56; 0.86; 2.69; 2.99; 25.0; -25.0; 0.0; 0; 0; 0.0; 0.0; 1; 6.22460408302; 1.88412094446; 1.65067327927; 0; 0; 0; 0; 0.0; 0.0; 0.0; -1.0; 0.0; 0.0; 0.0; 0.0; 0.0; 1.0;0; 0;0; 0; 
35.2925920486; 105290; 0.0; 0.0; -0.15865; 0.0; 0.0; 0.0; 0.0; 0.0; 0.0; 0.0; 0.0; 0.0; 0.0; 0.0; 0.0; 0.0; 0.0; 1.56; 0.86; 2.69; 2.99; 25.0; -25.0; 0.0; 0; 0; 0.0; 0.0; 1; 6.22460408302; 1.88412094446; 1.65067327927; 0; 0; 0; 0; 0.0; 0.0; 0.0; -1.0; 0.0; 0.0; 0.0; 0.0; 0.0; 1.0;0; 0;0; 0; 
35.3041491508; 105290; 0.0; 0.0; -0.15861; 0.0; 0.0; 0.0; 0.0; 0.0; 0.0; 0.0; 0.0; 0.0; 0.0; 0.0; 0.0; 0.0; 0.0; 1.56; 0.86; 2.69; 2.99; 25.0; -25.0; 0.0; 0; 0; 0.0; 0.0; 1; 6.22460408302; 1.88412094446; 1.65067327927; 0; 0; 0; 0; 0.0; 0.0; 0.0; -1.0; 0.0; 0.0; 0.0; 0.0; 0.0; 1.0;0; 0;0; 0; 
35.3159229755; 105300; 0.0; 0.0; -0.15841; 0.0; 0.0; 0.0; 0.0; 0.0; 0.0; 0.0; 0.0; 0.0; 0.0; 0.0; 0.0; 0.0; 0.0; 1.56; 0.86; 2.69; 2.99; 25.0; -25.0; 0.0; 0; 0; 0.0; 0.0; 1; 6.22460408302; 1.88412094446; 1.65067327927; 0; 0; 0; 0; 0.0; 0.0; 0.0; -1.0; 0.0; 0.0; 0.0; 0.0; 0.0; 1.0;0; 0;0; 0; 
35.3272461891; 105300; 0.0; 0.0; -0.15804; 0.0; 0.0; 0.0; 0.0; 0.0; 0.0; 0.0; 0.0; 0.0; 0.0; 0.0; 0.0; 0.0; 0.0; 1.56; 0.86; 2.69; 2.99; 25.0; -25.0; 0.0; 0; 0; 0.0; 0.0; 1; 6.22460408302; 1.88412094446; 1.65067327927; 0; 0; 0; 0; 0.0; 0.0; 0.0; -1.0; 0.0; 0.0; 0.0; 0.0; 0.0; 1.0;0; 0;0; 0; 
35.3393800259; 105310; 0.0; 0.0; -0.15763; 0.0; 0.0; 0.0; 0.0; 0.0; 0.0; 0.0; 0.0; 0.0; 0.0; 0.0; 0.0; 0.0; 0.0; 1.56; 0.86; 2.69; 2.99; 25.0; -25.0; 0.0; 0; 0; 0.0; 0.0; 1; 6.22233266401; 1.9100784329; 1.66732165137; 0; 0; 0; 0; 0.0; 0.0; 0.0; -1.0; 0.0; 0.0; 0.0; 0.0; 0.0; 1.0;0; 0;0; 0; 
35.3510420322; 105310; 0.0; 0.0; -0.15737; 0.0; 0.0; 0.0; 0.0; 0.0; 0.0; 0.0; 0.0; 0.0; 0.0; 0.0; 0.0; 0.0; 0.0; 1.56; 0.86; 2.69; 2.99; 25.0; -25.0; 0.0; 0; 0; 0.0; 0.0; 1; 6.22233266401; 1.9100784329; 1.66732165137; 0; 0; 0; 0; 0.0; 0.0; 0.0; -1.0; 0.0; 0.0; 0.0; 0.0; 0.0; 1.0;0; 0;0; 0; 
35.3641700745; 105320; 0.0; 0.0; -0.1572; 0.0; 0.0; 0.0; 0.0; 0.0; 0.0; 0.0; 0.0; 0.0; 0.0; 0.0; 0.0; 0.0; 0.0; 1.56; 0.86; 2.69; 2.99; 25.0; -25.0; 0.0; 0; 0; 0.0; 0.0; 1; 6.22233266401; 1.9100784329; 1.66732165137; 0; 0; 0; 0; 0.0; 0.0; 0.0; -1.0; 0.0; 0.0; 0.0; 0.0; 0.0; 1.0;0; 0;0; 0; 
35.3776860237; 105320; 0.0; 0.0; -0.15712; 0.0; 0.0; 0.0; 0.0; 0.0; 0.0; 0.0; 0.0; 0.0; 0.0; 0.0; 0.0; 0.0; 0.0; 1.56; 0.84; 2.69; 386.11; 25.0; -25.0; 0.0; 0; 0; 0.0; 0.0; 1; 6.22233266401; 1.9100784329; 1.66732165137; 0; 0; 0; 0; 0.0; 0.0; 0.0; -1.0; 0.0; 0.0; 0.0; 0.0; 0.0; 1.0;0; 0;0; 0; 
35.3857400417; 105330; 0.0; 0.0; -0.1571; 0.0; 0.0; 0.0; 0.0; 0.0; 0.0; 0.0; 0.0; 0.0; 0.0; 0.0; 0.0; 0.0; 0.0; 1.56; 0.84; 2.69; 386.11; 25.0; -25.0; 0.0; 0; 0; 0.0; 0.0; 1; 6.22233266401; 1.9100784329; 1.66732165137; 0; 0; 0; 0; 0.0; 0.0; 0.0; -1.0; 0.0; 0.0; 0.0; 0.0; 0.0; 1.0;0; 0;0; 0; 
35.39844203; 105330; 0.0; 0.0; -0.15713; 0.0; 0.0; 0.0; 0.0; 0.0; 0.0; 0.0; 0.0; 0.0; 0.0; 0.0; 0.0; 0.0; 0.0; 1.56; 0.84; 2.69; 386.11; 25.0; -25.0; 0.0; 0; 0; 0.0; 0.0; 1; 6.22233266401; 1.9100784329; 1.66732165137; 0; 0; 0; 0; 0.0; 0.0; 0.0; -1.0; 0.0; 0.0; 0.0; 0.0; 0.0; 1.0;0; 0;0; 0; 
35.4112010002; 105340; 0.0; 0.0; -0.15727; 0.0; 0.0; 0.0; 0.0; 0.0; 0.0; 0.0; 0.0; 0.0; 0.0; 0.0; 0.0; 0.0; 0.0; 1.56; 0.84; 2.69; 386.11; 25.0; -25.0; 0.0; 0; 0; 0.0; 0.0; 1; 6.22233266401; 1.9100784329; 1.66732165137; 0; 0; 0; 0; 0.0; 0.0; 0.0; -1.0; 0.0; 0.0; 0.0; 0.0; 0.0; 1.0;0; 0;0; 0; 
35.4231231213; 105340; 0.0; 0.0; -0.15735; 0.0; 0.0; 0.0; 0.0; 0.0; 0.0; 0.0; 0.0; 0.0; 0.0; 0.0; 0.0; 0.0; 0.0; 1.56; 0.84; 2.69; 386.11; 25.0; -25.0; 0.0; 0; 0; 0.0; 0.0; 1; 6.22233266401; 1.9100784329; 1.66732165137; 0; 0; 0; 0; 0.0; 0.0; 0.0; -1.0; 0.0; 0.0; 0.0; 0.0; 0.0; 1.0;0; 0;0; 0; 
35.4345140457; 105350; 0.0; 0.0; -0.15751; 0.0; 0.0; 0.0; 0.0; 0.0; 0.0; 0.0; 0.0; 0.0; 0.0; 0.0; 0.0; 0.0; 0.0; 1.56; 0.84; 2.69; 386.11; 25.0; -25.0; 0.0; 0; 0; 0.0; 0.0; 1; 6.22233266401; 1.9100784329; 1.66732165137; 0; 0; 0; 0; 0.0; 0.0; 0.0; -1.0; 0.0; 0.0; 0.0; 0.0; 0.0; 1.0;0; 0;0; 0; 
35.4460060596; 105350; 0.0; 0.0; -0.15785; 0.0; 0.0; 0.0; 0.0; 0.0; 0.0; 0.0; 0.0; 0.0; 0.0; 0.0; 0.0; 0.0; 0.0; 1.56; 0.84; 2.69; 386.11; 25.0; -25.0; 0.0; 0; 0; 0.0; 0.0; 1; 6.22233266401; 1.9100784329; 1.66732165137; 0; 0; 0; 0; 0.0; 0.0; 0.0; -1.0; 0.0; 0.0; 0.0; 0.0; 0.0; 1.0;0; 0;0; 0; 
35.4591941833; 105360; 0.0; 0.0; -0.15829; 0.0; 0.0; 0.0; 0.0; 0.0; 0.0; 0.0; 0.0; 0.0; 0.0; 0.0; 0.0; 0.0; 0.0; 1.56; 0.84; 2.69; 386.11; 25.0; -25.0; 0.0; 0; 0; 0.0; 0.0; 1; 6.22233266401; 1.9100784329; 1.66732165137; 0; 0; 0; 0; 0.0; 0.0; 0.0; -1.0; 0.0; 0.0; 0.0; 0.0; 0.0; 1.0;0; 0;0; 0; 
35.4704520702; 105360; 0.0; 0.0; -0.15892; 0.0; 0.0; 0.0; 0.0; 0.0; 0.0; 0.0; 0.0; 0.0; 0.0; 0.0; 0.0; 0.0; 0.0; 1.56; 0.84; 2.69; 386.11; 25.0; -25.0; 0.0; 0; 0; 0.0; 0.0; 1; 6.22233266401; 1.9100784329; 1.66732165137; 0; 0; 0; 0; 0.0; 0.0; 0.0; -1.0; 0.0; 0.0; 0.0; 0.0; 0.0; 1.0;0; 0;0; 0; 
35.4811899662; 105370; 0.0; 0.0; -0.15962; 0.0; 0.0; 0.0; 0.0; 0.0; 0.0; 0.0; 0.0; 0.0; 0.0; 0.0; 0.0; 0.0; 0.0; 1.56; 0.84; 2.69; 386.11; 25.0; -25.0; 0.0; 0; 0; 0.0; 0.0; 1; 6.22233266401; 1.9100784329; 1.66732165137; 0; 0; 0; 0; 0.0; 0.0; 0.0; -1.0; 0.0; 0.0; 0.0; 0.0; 0.0; 1.0;0; 0;0; 0; 
35.4924240112; 105370; 0.0; 0.0; -0.16039; 0.0; 0.0; 0.0; 0.0; 0.0; 0.0; 0.0; 0.0; 0.0; 0.0; 0.0; 0.0; 0.0; 0.0; 1.56; 0.84; 2.69; 386.11; 25.0; -25.0; 0.0; 0; 0; 0.0; 0.0; 1; 6.22233266401; 1.9100784329; 1.66732165137; 0; 0; 0; 0; 0.0; 0.0; 0.0; -1.0; 0.0; 0.0; 0.0; 0.0; 0.0; 1.0;0; 0;0; 0; 
35.5038051605; 105380; 0.0; 0.0; -0.16118; 0.0; 0.0; 0.0; 0.0; 0.0; 0.0; 0.0; 0.0; 0.0; 0.0; 0.0; 0.0; 0.0; 0.0; 1.56; 0.84; 2.69; 386.11; 25.0; -25.0; 0.0; 0; 0; 0.0; 0.0; 1; 6.22233266401; 1.9100784329; 1.66732165137; 0; 0; 0; 0; 0.0; 0.0; 0.0; -1.0; 0.0; 0.0; 0.0; 0.0; 0.0; 1.0;0; 0;0; 0; 
35.5144541264; 105380; 0.0; 0.0; -0.16177; 0.0; 0.0; 0.0; 0.0; 0.0; 0.0; 0.0; 0.0; 0.0; 0.0; 0.0; 0.0; 0.0; 0.0; 1.56; 0.84; 2.69; 386.11; 25.0; -25.0; 0.0; 0; 0; 0.0; 0.0; 1; 6.22233266401; 1.9100784329; 1.66732165137; 0; 0; 0; 0; 0.0; 0.0; 0.0; -1.0; 0.0; 0.0; 0.0; 0.0; 0.0; 1.0;0; 0;0; 0; 
35.5252549648; 105390; 0.0; 0.0; -0.16217; 0.0; 0.0; 0.0; 0.0; 0.0; 0.0; 0.0; 0.0; 0.0; 0.0; 0.0; 0.0; 0.0; 0.0; 1.56; 0.84; 2.69; 386.11; 25.0; -25.0; 0.0; 0; 0; 0.0; 0.0; 1; 6.22233266401; 1.9100784329; 1.66732165137; 0; 0; 0; 0; 0.0; 0.0; 0.0; -1.0; 0.0; 0.0; 0.0; 0.0; 0.0; 1.0;0; 0;0; 0; 
35.535722971; 105390; 0.0; 0.0; -0.16235; 0.0; 0.0; 0.0; 0.0; 0.0; 0.0; 0.0; 0.0; 0.0; 0.0; 0.0; 0.0; 0.0; 0.0; 1.56; 0.84; 2.69; 386.11; 25.0; -25.0; 0.0; 0; 0; 0.0; 0.0; 1; 6.22233266401; 1.9100784329; 1.66732165137; 0; 0; 0; 0; 0.0; 0.0; 0.0; -1.0; 0.0; 0.0; 0.0; 0.0; 0.0; 1.0;0; 0;0; 0; 
35.5463511944; 105400; 0.0; 0.0; -0.16232; 0.0; 0.0; 0.0; 0.0; 0.0; 0.0; 0.0; 0.0; 0.0; 0.0; 0.0; 0.0; 0.0; 0.0; 1.56; 0.84; 2.69; 386.11; 25.0; -25.0; 0.0; 0; 0; 0.0; 0.0; 1; 6.22233266401; 1.9100784329; 1.66732165137; 0; 0; 0; 0; 0.0; 0.0; 0.0; -1.0; 0.0; 0.0; 0.0; 0.0; 0.0; 1.0;0; 0;0; 0; 
35.556759119; 105400; 0.0; 0.0; -0.16205; 0.0; 0.0; 0.0; 0.0; 0.0; 0.0; 0.0; 0.0; 0.0; 0.0; 0.0; 0.0; 0.0; 0.0; 1.56; 0.84; 2.69; 386.11; 25.0; -25.0; 0.0; 0; 0; 0.0; 0.0; 1; 6.22233266401; 1.9100784329; 1.66732165137; 0; 0; 0; 0; 0.0; 0.0; 0.0; -1.0; 0.0; 0.0; 0.0; 0.0; 0.0; 1.0;0; 0;0; 0; 
35.5674080849; 105410; 0.0; 0.0; -0.16152; 0.0; 0.0; 0.0; 0.0; 0.0; 0.0; 0.0; 0.0; 0.0; 0.0; 0.0; 0.0; 0.0; 0.0; 1.56; 0.84; 2.69; 386.11; 25.0; -25.0; 0.0; 0; 0; 0.0; 0.0; 1; 6.21981247347; 1.93425769055; 1.68419360607; 0; 0; 0; 0; 0.0; 0.0; 0.0; -1.0; 0.0; 0.0; 0.0; 0.0; 0.0; 1.0;0; 0;0; 0; 
35.5782370567; 105410; 0.0; 0.0; -0.1608; 0.0; 0.0; 0.0; 0.0; 0.0; 0.0; 0.0; 0.0; 0.0; 0.0; 0.0; 0.0; 0.0; 0.0; 1.56; 0.84; 2.69; 386.11; 25.0; -25.0; 0.0; 0; 0; 0.0; 0.0; 1; 6.21981247347; 1.93425769055; 1.68419360607; 0; 0; 0; 0; 0.0; 0.0; 0.0; -1.0; 0.0; 0.0; 0.0; 0.0; 0.0; 1.0;0; 0;0; 0; 
35.5893781185; 105420; 0.0; 0.0; -0.15999; 0.0; 0.0; 0.0; 0.0; 0.0; 0.0; 0.0; 0.0; 0.0; 0.0; 0.0; 0.0; 0.0; 0.0; 1.55; 0.84; 4.11; 386.11; 25.0; -25.0; 0.0; 0; 0; 0.0; 0.0; 1; 6.21981247347; 1.93425769055; 1.68419360607; 0; 0; 0; 0; 0.0; 0.0; 0.0; -1.0; 0.0; 0.0; 0.0; 0.0; 0.0; 1.0;0; 0;0; 0; 
35.5998511314; 105420; 0.0; 0.0; -0.15921; 0.0; 0.0; 0.0; 0.0; 0.0; 0.0; 0.0; 0.0; 0.0; 0.0; 0.0; 0.0; 0.0; 0.0; 1.55; 0.84; 4.11; 386.11; 25.0; -25.0; 0.0; 0; 0; 0.0; 0.0; 1; 6.21981247347; 1.93425769055; 1.68419360607; 0; 0; 0; 0; 0.0; 0.0; 0.0; -1.0; 0.0; 0.0; 0.0; 0.0; 0.0; 1.0;0; 0;0; 0; 
35.610378027; 105430; 0.0; 0.0; -0.15846; 0.0; 0.0; 0.0; 0.0; 0.0; 0.0; 0.0; 0.0; 0.0; 0.0; 0.0; 0.0; 0.0; 0.0; 1.55; 0.84; 4.11; 386.11; 25.0; -25.0; 0.0; 0; 0; 0.0; 0.0; 1; 6.21981247347; 1.93425769055; 1.68419360607; 0; 0; 0; 0; 0.0; 0.0; 0.0; -1.0; 0.0; 0.0; 0.0; 0.0; 0.0; 1.0;0; 0;0; 0; 
35.6215250492; 105430; 0.0; 0.0; -0.15781; 0.0; 0.0; 0.0; 0.0; 0.0; 0.0; 0.0; 0.0; 0.0; 0.0; 0.0; 0.0; 0.0; 0.0; 1.55; 0.84; 4.11; 386.11; 25.0; -25.0; 0.0; 0; 0; 0.0; 0.0; 1; 6.21981247347; 1.93425769055; 1.68419360607; 0; 0; 0; 0; 0.0; 0.0; 0.0; -1.0; 0.0; 0.0; 0.0; 0.0; 0.0; 1.0;0; 0;0; 0; 
35.6331830025; 105440; 0.0; 0.0; -0.15737; 0.0; 0.0; 0.0; 0.0; 0.0; 0.0; 0.0; 0.0; 0.0; 0.0; 0.0; 0.0; 0.0; 0.0; 1.55; 0.84; 4.11; 386.11; 25.0; -25.0; 0.0; 0; 0; 0.0; 0.0; 1; 6.21981247347; 1.93425769055; 1.68419360607; 0; 0; 0; 0; 0.0; 0.0; 0.0; -1.0; 0.0; 0.0; 0.0; 0.0; 0.0; 1.0;0; 0;0; 0; 
35.6446239948; 105440; 0.0; 0.0; -0.15715; 0.0; 0.0; 0.0; 0.0; 0.0; 0.0; 0.0; 0.0; 0.0; 0.0; 0.0; 0.0; 0.0; 0.0; 1.55; 0.84; 4.11; 386.11; 25.0; -25.0; 0.0; 0; 0; 0.0; 0.0; 1; 6.21981247347; 1.93425769055; 1.68419360607; 0; 0; 0; 0; 0.0; 0.0; 0.0; -1.0; 0.0; 0.0; 0.0; 0.0; 0.0; 1.0;0; 0;0; 0; 
35.6557099819; 105450; 0.0; 0.0; -0.15712; 0.0; 0.0; 0.0; 0.0; 0.0; 0.0; 0.0; 0.0; 0.0; 0.0; 0.0; 0.0; 0.0; 0.0; 1.55; 0.84; 4.11; 386.11; 25.0; -25.0; 0.0; 0; 0; 0.0; 0.0; 1; 6.21981247347; 1.93425769055; 1.68419360607; 0; 0; 0; 0; 0.0; 0.0; 0.0; -1.0; 0.0; 0.0; 0.0; 0.0; 0.0; 1.0;0; 0;0; 0; 
35.6672480106; 105450; 0.0; 0.0; -0.15717; 0.0; 0.0; 0.0; 0.0; 0.0; 0.0; 0.0; 0.0; 0.0; 0.0; 0.0; 0.0; 0.0; 0.0; 1.55; 0.84; 4.11; 386.11; 25.0; -25.0; 0.0; 0; 0; 0.0; 0.0; 1; 6.21981247347; 1.93425769055; 1.68419360607; 0; 0; 0; 0; 0.0; 0.0; 0.0; -1.0; 0.0; 0.0; 0.0; 0.0; 0.0; 1.0;0; 0;0; 0; 
35.679169178; 105460; 0.0; 0.0; -0.15724; 0.0; 0.0; 0.0; 0.0; 0.0; 0.0; 0.0; 0.0; 0.0; 0.0; 0.0; 0.0; 0.0; 0.0; 1.55; 0.84; 4.11; 386.11; 25.0; -25.0; 0.0; 0; 0; 0.0; 0.0; 1; 6.21981247347; 1.93425769055; 1.68419360607; 0; 0; 0; 0; 0.0; 0.0; 0.0; -1.0; 0.0; 0.0; 0.0; 0.0; 0.0; 1.0;0; 0;0; 0; 
35.6912341118; 105460; 0.0; 0.0; -0.15729; 0.0; 0.0; 0.0; 0.0; 0.0; 0.0; 0.0; 0.0; 0.0; 0.0; 0.0; 0.0; 0.0; 0.0; 1.55; 0.84; 4.11; 386.11; 25.0; -25.0; 0.0; 0; 0; 0.0; 0.0; 1; 6.21981247347; 1.93425769055; 1.68419360607; 0; 0; 0; 0; 0.0; 0.0; 0.0; -1.0; 0.0; 0.0; 0.0; 0.0; 0.0; 1.0;0; 0;0; 0; 
35.7034621239; 105470; 0.0; 0.0; -0.15721; 0.0; 0.0; 0.0; 0.0; 0.0; 0.0; 0.0; 0.0; 0.0; 0.0; 0.0; 0.0; 0.0; 0.0; 1.55; 0.84; 4.11; 386.11; 25.0; -25.0; 0.0; 0; 0; 0.0; 0.0; 1; 6.21981247347; 1.93425769055; 1.68419360607; 0; 0; 0; 0; 0.0; 0.0; 0.0; -1.0; 0.0; 0.0; 0.0; 0.0; 0.0; 1.0;0; 0;0; 0; 
35.7153379917; 105470; 0.0; 0.0; -0.15688; 0.0; 0.0; 0.0; 0.0; 0.0; 0.0; 0.0; 0.0; 0.0; 0.0; 0.0; 0.0; 0.0; 0.0; 1.55; 0.84; 4.11; 386.11; 25.0; -25.0; 0.0; 0; 0; 0.0; 0.0; 1; 6.21981247347; 1.93425769055; 1.68419360607; 0; 0; 0; 0; 0.0; 0.0; 0.0; -1.0; 0.0; 0.0; 0.0; 0.0; 0.0; 1.0;0; 0;0; 0; 
35.7268111706; 105480; 0.0; 0.0; -0.15629; 0.0; 0.0; 0.0; 0.0; 0.0; 0.0; 0.0; 0.0; 0.0; 0.0; 0.0; 0.0; 0.0; 0.0; 1.55; 0.84; 4.11; 386.11; 25.0; -25.0; 0.0; 0; 0; 0.0; 0.0; 1; 6.21981247347; 1.93425769055; 1.68419360607; 0; 0; 0; 0; 0.0; 0.0; 0.0; -1.0; 0.0; 0.0; 0.0; 0.0; 0.0; 1.0;0; 0;0; 0; 
35.7389500141; 105480; 0.0; 0.0; -0.1555; 0.0; 0.0; 0.0; 0.0; 0.0; 0.0; 0.0; 0.0; 0.0; 0.0; 0.0; 0.0; 0.0; 0.0; 1.55; 0.84; 4.11; 386.11; 25.0; -25.0; 0.0; 0; 0; 0.0; 0.0; 1; 6.21981247347; 1.93425769055; 1.68419360607; 0; 0; 0; 0; 0.0; 0.0; 0.0; -1.0; 0.0; 0.0; 0.0; 0.0; 0.0; 1.0;0; 0;0; 0; 
35.7502200603; 105490; 0.0; 0.0; -0.15459; 0.0; 0.0; 0.0; 0.0; 0.0; 0.0; 0.0; 0.0; 0.0; 0.0; 0.0; 0.0; 0.0; 0.0; 1.55; 0.84; 4.11; 386.11; 25.0; -25.0; 0.0; 0; 0; 0.0; 0.0; 1; 6.21981247347; 1.93425769055; 1.68419360607; 0; 0; 0; 0; 0.0; 0.0; 0.0; -1.0; 0.0; 0.0; 0.0; 0.0; 0.0; 1.0;0; 0;0; 0; 
35.7621870041; 105490; 0.0; 0.0; -0.1536; 0.0; 0.0; 0.0; 0.0; 0.0; 0.0; 0.0; 0.0; 0.0; 0.0; 0.0; 0.0; 0.0; 0.0; 1.55; 0.84; 4.11; 386.11; 25.0; -25.0; 0.0; 0; 0; 0.0; 0.0; 1; 6.21981247347; 1.93425769055; 1.68419360607; 0; 0; 0; 0; 0.0; 0.0; 0.0; -1.0; 0.0; 0.0; 0.0; 0.0; 0.0; 1.0;0; 0;0; 0; 
35.7738981247; 105500; 0.0; 0.0; -0.15262; 0.0; 0.0; 0.0; 0.0; 0.0; 0.0; 0.0; 0.0; 0.0; 0.0; 0.0; 0.0; 0.0; 0.0; 1.55; 0.84; 4.11; 386.11; 25.0; -25.0; 0.0; 0; 0; 0.0; 0.0; 1; 6.21981247347; 1.93425769055; 1.68419360607; 0; 0; 0; 0; 0.0; 0.0; 0.0; -1.0; 0.0; 0.0; 0.0; 0.0; 0.0; 1.0;0; 0;0; 0; 
35.7852761745; 105500; 0.0; 0.0; -0.15178; 0.0; 0.0; 0.0; 0.0; 0.0; 0.0; 0.0; 0.0; 0.0; 0.0; 0.0; 0.0; 0.0; 0.0; 1.55; 0.84; 4.11; 386.11; 25.0; -25.0; 0.0; 0; 0; 0.0; 0.0; 1; 6.21981247347; 1.93425769055; 1.68419360607; 0; 0; 0; 0; 0.0; 0.0; 0.0; -1.0; 0.0; 0.0; 0.0; 0.0; 0.0; 1.0;0; 0;0; 0; 
35.7972311974; 105510; 0.0; 0.0; -0.1511; 0.0; 0.0; 0.0; 0.0; 0.0; 0.0; 0.0; 0.0; 0.0; 0.0; 0.0; 0.0; 0.0; 0.0; 1.55; 0.84; 4.11; 386.11; 25.0; -25.0; 0.0; 0; 0; 0.0; 0.0; 1; 6.21725152506; 1.9553500855; 1.70066056712; 0; 0; 0; 0; 0.0; 0.0; 0.0; -1.0; 0.0; 0.0; 0.0; 0.0; 0.0; 1.0;0; 0;0; 0; 
35.808576107; 105510; 0.0; 0.0; -0.15051; 0.0; 0.0; 0.0; 0.0; 0.0; 0.0; 0.0; 0.0; 0.0; 0.0; 0.0; 0.0; 0.0; 0.0; 1.55; 0.84; 4.11; 386.11; 25.0; -25.0; 0.0; 0; 0; 0.0; 0.0; 1; 6.21725152506; 1.9553500855; 1.70066056712; 0; 0; 0; 0; 0.0; 0.0; 0.0; -1.0; 0.0; 0.0; 0.0; 0.0; 0.0; 1.0;0; 0;0; 0; 
35.8200440407; 105520; 0.0; 0.0; -0.15; 0.0; 0.0; 0.0; 0.0; 0.0; 0.0; 0.0; 0.0; 0.0; 0.0; 0.0; 0.0; 0.0; 0.0; 1.55; 0.84; 4.11; 386.11; 25.0; -25.0; 0.0; 0; 0; 0.0; 0.0; 1; 6.21725152506; 1.9553500855; 1.70066056712; 0; 0; 0; 0; 0.0; 0.0; 0.0; -1.0; 0.0; 0.0; 0.0; 0.0; 0.0; 1.0;0; 0;0; 0; 
35.8319962025; 105520; 0.0; 0.0; -0.14954; 0.0; 0.0; 0.0; 0.0; 0.0; 0.0; 0.0; 0.0; 0.0; 0.0; 0.0; 0.0; 0.0; 0.0; 1.55; 0.84; 4.11; 386.11; 25.0; -25.0; 0.0; 0; 0; 0.0; 0.0; 1; 6.21725152506; 1.9553500855; 1.70066056712; 0; 0; 0; 0; 0.0; 0.0; 0.0; -1.0; 0.0; 0.0; 0.0; 0.0; 0.0; 1.0;0; 0;0; 0; 
35.843378067; 105530; 0.0; 0.0; -0.14915; 0.0; 0.0; 0.0; 0.0; 0.0; 0.0; 0.0; 0.0; 0.0; 0.0; 0.0; 0.0; 0.0; 0.0; 1.55; 0.84; 4.11; 386.11; 25.0; -25.0; 0.0; 0; 0; 0.0; 0.0; 1; 6.21725152506; 1.9553500855; 1.70066056712; 0; 0; 0; 0; 0.0; 0.0; 0.0; -1.0; 0.0; 0.0; 0.0; 0.0; 0.0; 1.0;0; 0;0; 0; 
35.8550150394; 105530; 0.0; 0.0; -0.14882; 0.0; 0.0; 0.0; 0.0; 0.0; 0.0; 0.0; 0.0; 0.0; 0.0; 0.0; 0.0; 0.0; 0.0; 1.55; 0.84; 4.11; 386.11; 25.0; -25.0; 0.0; 0; 0; 0.0; 0.0; 1; 6.21725152506; 1.9553500855; 1.70066056712; 0; 0; 0; 0; 0.0; 0.0; 0.0; -1.0; 0.0; 0.0; 0.0; 0.0; 0.0; 1.0;0; 0;0; 0; 
35.8666350842; 105540; 0.0; 0.0; -0.14862; 0.0; 0.0; 0.0; 0.0; 0.0; 0.0; 0.0; 0.0; 0.0; 0.0; 0.0; 0.0; 0.0; 0.0; 1.55; 0.84; 4.11; 386.11; 25.0; -25.0; 0.0; 0; 0; 0.0; 0.0; 1; 6.21725152506; 1.9553500855; 1.70066056712; 0; 0; 0; 0; 0.0; 0.0; 0.0; -1.0; 0.0; 0.0; 0.0; 0.0; 0.0; 1.0;0; 0;0; 0; 
35.877918005; 105540; 0.0; 0.0; -0.14864; 0.0; 0.0; 0.0; 0.0; 0.0; 0.0; 0.0; 0.0; 0.0; 0.0; 0.0; 0.0; 0.0; 0.0; 1.55; 0.84; 4.11; 386.11; 25.0; -25.0; 0.0; 0; 0; 0.0; 0.0; 1; 6.21725152506; 1.9553500855; 1.70066056712; 0; 0; 0; 0; 0.0; 0.0; 0.0; -1.0; 0.0; 0.0; 0.0; 0.0; 0.0; 1.0;0; 0;0; 0; 
35.8891880512; 105550; 0.0; 0.0; -0.14887; 0.0; 0.0; 0.0; 0.0; 0.0; 0.0; 0.0; 0.0; 0.0; 0.0; 0.0; 0.0; 0.0; 0.0; 1.55; 0.84; 4.11; 386.11; 25.0; -25.0; 0.0; 0; 0; 0.0; 0.0; 1; 6.21725152506; 1.9553500855; 1.70066056712; 0; 0; 0; 0; 0.0; 0.0; 0.0; -1.0; 0.0; 0.0; 0.0; 0.0; 0.0; 1.0;0; 0;0; 0; 
35.9008250237; 105550; 0.0; 0.0; -0.14929; 0.0; 0.0; 0.0; 0.0; 0.0; 0.0; 0.0; 0.0; 0.0; 0.0; 0.0; 0.0; 0.0; 0.0; 1.55; 0.0; 4.0; 4.39; 25.0; -25.0; 0.0; 0; 0; 0.0; 0.0; 1; 6.21725152506; 1.9553500855; 1.70066056712; 0; 0; 0; 0; 0.0; 0.0; 0.0; -1.0; 0.0; 0.0; 0.0; 0.0; 0.0; 1.0;0; 0;0; 0; 
35.9127690792; 105560; 0.0; 0.0; -0.14982; 0.0; 0.0; 0.0; 0.0; 0.0; 0.0; 0.0; 0.0; 0.0; 0.0; 0.0; 0.0; 0.0; 0.0; 1.55; 0.0; 4.0; 4.39; 25.0; -25.0; 0.0; 0; 0; 0.0; 0.0; 1; 6.21725152506; 1.9553500855; 1.70066056712; 0; 0; 0; 0; 0.0; 0.0; 0.0; -1.0; 0.0; 0.0; 0.0; 0.0; 0.0; 1.0;0; 0;0; 0; 
35.9236249924; 105560; 0.0; 0.0; -0.15045; 0.0; 0.0; 0.0; 0.0; 0.0; 0.0; 0.0; 0.0; 0.0; 0.0; 0.0; 0.0; 0.0; 0.0; 1.55; 0.0; 4.0; 4.39; 25.0; -25.0; 0.0; 0; 0; 0.0; 0.0; 1; 6.21725152506; 1.9553500855; 1.70066056712; 0; 0; 0; 0; 0.0; 0.0; 0.0; -1.0; 0.0; 0.0; 0.0; 0.0; 0.0; 1.0;0; 0;0; 0; 
35.9354350567; 105570; 0.0; 0.0; -0.15116; 0.0; 0.0; 0.0; 0.0; 0.0; 0.0; 0.0; 0.0; 0.0; 0.0; 0.0; 0.0; 0.0; 0.0; 1.55; 0.0; 4.0; 4.39; 25.0; -25.0; 0.0; 0; 0; 0.0; 0.0; 1; 6.21725152506; 1.9553500855; 1.70066056712; 0; 0; 0; 0; 0.0; 0.0; 0.0; -1.0; 0.0; 0.0; 0.0; 0.0; 0.0; 1.0;0; 0;0; 0; 
35.9460730553; 105570; 0.0; 0.0; -0.15194; 0.0; 0.0; 0.0; 0.0; 0.0; 0.0; 0.0; 0.0; 0.0; 0.0; 0.0; 0.0; 0.0; 0.0; 1.55; 0.0; 4.0; 4.39; 25.0; -25.0; 0.0; 0; 0; 0.0; 0.0; 1; 6.21725152506; 1.9553500855; 1.70066056712; 0; 0; 0; 0; 0.0; 0.0; 0.0; -1.0; 0.0; 0.0; 0.0; 0.0; 0.0; 1.0;0; 0;0; 0; 
35.9573640823; 105580; 0.0; 0.0; -0.15281; 0.0; 0.0; 0.0; 0.0; 0.0; 0.0; 0.0; 0.0; 0.0; 0.0; 0.0; 0.0; 0.0; 0.0; 1.55; 0.0; 4.0; 4.39; 25.0; -25.0; 0.0; 0; 0; 0.0; 0.0; 1; 6.21725152506; 1.9553500855; 1.70066056712; 0; 0; 0; 0; 0.0; 0.0; 0.0; -1.0; 0.0; 0.0; 0.0; 0.0; 0.0; 1.0;0; 0;0; 0; 
35.9693109989; 105580; 0.0; 0.0; -0.15378; 0.0; 0.0; 0.0; 0.0; 0.0; 0.0; 0.0; 0.0; 0.0; 0.0; 0.0; 0.0; 0.0; 0.0; 1.55; 0.0; 4.0; 4.39; 25.0; -25.0; 0.0; 0; 0; 0.0; 0.0; 1; 6.21725152506; 1.9553500855; 1.70066056712; 0; 0; 0; 0; 0.0; 0.0; 0.0; -1.0; 0.0; 0.0; 0.0; 0.0; 0.0; 1.0;0; 0;0; 0; 
35.9804251194; 105590; 0.0; 0.0; -0.15483; 0.0; 0.0; 0.0; 0.0; 0.0; 0.0; 0.0; 0.0; 0.0; 0.0; 0.0; 0.0; 0.0; 0.0; 1.55; 0.0; 4.0; 4.39; 25.0; -25.0; 0.0; 0; 0; 0.0; 0.0; 1; 6.21725152506; 1.9553500855; 1.70066056712; 0; 0; 0; 0; 0.0; 0.0; 0.0; -1.0; 0.0; 0.0; 0.0; 0.0; 0.0; 1.0;0; 0;0; 0; 
35.9911220074; 105590; 0.0; 0.0; -0.1559; 0.0; 0.0; 0.0; 0.0; 0.0; 0.0; 0.0; 0.0; 0.0; 0.0; 0.0; 0.0; 0.0; 0.0; 1.55; 0.0; 4.0; 4.39; 25.0; -25.0; 0.0; 0; 0; 0.0; 0.0; 1; 6.21725152506; 1.9553500855; 1.70066056712; 0; 0; 0; 0; 0.0; 0.0; 0.0; -1.0; 0.0; 0.0; 0.0; 0.0; 0.0; 1.0;0; 0;0; 0; 
36.0028150082; 105600; 0.0; 0.0; -0.15693; 0.0; 0.0; 0.0; 0.0; 0.0; 0.0; 0.0; 0.0; 0.0; 0.0; 0.0; 0.0; 0.0; 0.0; 1.55; 0.0; 4.0; 4.39; 25.0; -25.0; 0.0; 0; 0; 0.0; 0.0; 1; 6.21725152506; 1.9553500855; 1.70066056712; 0; 0; 0; 0; 0.0; 0.0; 0.0; -1.0; 0.0; 0.0; 0.0; 0.0; 0.0; 1.0;0; 0;0; 0; 
36.0131499767; 105600; 0.0; 0.0; -0.15778; 0.0; 0.0; 0.0; 0.0; 0.0; 0.0; 0.0; 0.0; 0.0; 0.0; 0.0; 0.0; 0.0; 0.0; 1.55; 0.0; 4.0; 4.39; 25.0; -25.0; 0.0; 0; 0; 0.0; 0.0; 1; 6.21725152506; 1.9553500855; 1.70066056712; 0; 0; 0; 0; 0.0; 0.0; 0.0; -1.0; 0.0; 0.0; 0.0; 0.0; 0.0; 1.0;0; 0;0; 0; 
36.0238821507; 105610; 0.0; 0.0; -0.1584; 0.0; 0.0; 0.0; 0.0; 0.0; 0.0; 0.0; 0.0; 0.0; 0.0; 0.0; 0.0; 0.0; 0.0; 1.55; 0.0; 4.0; 4.39; 25.0; -25.0; 0.0; 0; 0; 0.0; 0.0; 1; 6.21430724185; 1.97668883071; 1.71654954687; 0; 0; 0; 0; 0.0; 0.0; 0.0; -1.0; 0.0; 0.0; 0.0; 0.0; 0.0; 1.0;0; 0;0; 0; 
36.0346109867; 105610; 0.0; 0.0; -0.15883; 0.0; 0.0; 0.0; 0.0; 0.0; 0.0; 0.0; 0.0; 0.0; 0.0; 0.0; 0.0; 0.0; 0.0; 1.55; 0.0; 4.0; 4.39; 25.0; -25.0; 0.0; 0; 0; 0.0; 0.0; 1; 6.21430724185; 1.97668883071; 1.71654954687; 0; 0; 0; 0; 0.0; 0.0; 0.0; -1.0; 0.0; 0.0; 0.0; 0.0; 0.0; 1.0;0; 0;0; 0; 
36.0454339981; 105620; 0.0; 0.0; -0.15916; 0.0; 0.0; 0.0; 0.0; 0.0; 0.0; 0.0; 0.0; 0.0; 0.0; 0.0; 0.0; 0.0; 0.0; 1.55; 0.0; 4.0; 4.39; 25.0; -25.0; 0.0; 0; 0; 0.0; 0.0; 1; 6.21430724185; 1.97668883071; 1.71654954687; 0; 0; 0; 0; 0.0; 0.0; 0.0; -1.0; 0.0; 0.0; 0.0; 0.0; 0.0; 1.0;0; 0;0; 0; 
36.0566020012; 105620; 0.0; 0.0; -0.15945; 0.0; 0.0; 0.0; 0.0; 0.0; 0.0; 0.0; 0.0; 0.0; 0.0; 0.0; 0.0; 0.0; 0.0; 1.55; 0.0; 4.0; 4.39; 25.0; -25.0; 0.0; 0; 0; 0.0; 0.0; 1; 6.21430724185; 1.97668883071; 1.71654954687; 0; 0; 0; 0; 0.0; 0.0; 0.0; -1.0; 0.0; 0.0; 0.0; 0.0; 0.0; 1.0;0; 0;0; 0; 
36.0671710968; 105630; 0.0; 0.0; -0.15981; 0.0; 0.0; 0.0; 0.0; 0.0; 0.0; 0.0; 0.0; 0.0; 0.0; 0.0; 0.0; 0.0; 0.0; 1.55; 0.0; 4.0; 4.39; 25.0; -25.0; 0.0; 0; 0; 0.0; 0.0; 1; 6.21430724185; 1.97668883071; 1.71654954687; 0; 0; 0; 0; 0.0; 0.0; 0.0; -1.0; 0.0; 0.0; 0.0; 0.0; 0.0; 1.0;0; 0;0; 0; 
36.0778579712; 105630; 0.0; 0.0; -0.16021; 0.0; 0.0; 0.0; 0.0; 0.0; 0.0; 0.0; 0.0; 0.0; 0.0; 0.0; 0.0; 0.0; 0.0; 1.55; 0.0; 4.0; 4.39; 25.0; -25.0; 0.0; 0; 0; 0.0; 0.0; 1; 6.21430724185; 1.97668883071; 1.71654954687; 0; 0; 0; 0; 0.0; 0.0; 0.0; -1.0; 0.0; 0.0; 0.0; 0.0; 0.0; 1.0;0; 0;0; 0; 
36.0893781185; 105640; 0.0; 0.0; -0.16062; 0.0; 0.0; 0.0; 0.0; 0.0; 0.0; 0.0; 0.0; 0.0; 0.0; 0.0; 0.0; 0.0; 0.0; 1.55; 0.0; 4.0; 4.39; 25.0; -25.0; 0.0; 0; 0; 0.0; 0.0; 1; 6.21430724185; 1.97668883071; 1.71654954687; 0; 0; 0; 0; 0.0; 0.0; 0.0; -1.0; 0.0; 0.0; 0.0; 0.0; 0.0; 1.0;0; 0;0; 0; 
36.1003851891; 105640; 0.0; 0.0; -0.16093; 0.0; 0.0; 0.0; 0.0; 0.0; 0.0; 0.0; 0.0; 0.0; 0.0; 0.0; 0.0; 0.0; 0.0; 1.55; 0.0; 4.0; 4.39; 25.0; -25.0; 0.0; 0; 0; 0.0; 0.0; 1; 6.21430724185; 1.97668883071; 1.71654954687; 0; 0; 0; 0; 0.0; 0.0; 0.0; -1.0; 0.0; 0.0; 0.0; 0.0; 0.0; 1.0;0; 0;0; 0; 
36.1116411686; 105650; 0.0; 0.0; -0.16101; 0.0; 0.0; 0.0; 0.0; 0.0; 0.0; 0.0; 0.0; 0.0; 0.0; 0.0; 0.0; 0.0; 0.0; 1.55; 0.83; 4.05; 463.33; 25.0; -25.0; 0.0; 0; 0; 0.0; 0.0; 1; 6.21430724185; 1.97668883071; 1.71654954687; 0; 0; 0; 0; 0.0; 0.0; 0.0; -1.0; 0.0; 0.0; 0.0; 0.0; 0.0; 1.0;0; 0;0; 0; 
36.122781992; 105650; 0.0; 0.0; -0.16087; 0.0; 0.0; 0.0; 0.0; 0.0; 0.0; 0.0; 0.0; 0.0; 0.0; 0.0; 0.0; 0.0; 0.0; 1.55; 0.83; 4.05; 463.33; 25.0; -25.0; 0.0; 0; 0; 0.0; 0.0; 1; 6.21430724185; 1.97668883071; 1.71654954687; 0; 0; 0; 0; 0.0; 0.0; 0.0; -1.0; 0.0; 0.0; 0.0; 0.0; 0.0; 1.0;0; 0;0; 0; 
36.1336221695; 105660; 0.0; 0.0; -0.16043; 0.0; 0.0; 0.0; 0.0; 0.0; 0.0; 0.0; 0.0; 0.0; 0.0; 0.0; 0.0; 0.0; 0.0; 1.55; 0.83; 4.05; 463.33; 25.0; -25.0; 0.0; 0; 0; 0.0; 0.0; 1; 6.21430724185; 1.97668883071; 1.71654954687; 0; 0; 0; 0; 0.0; 0.0; 0.0; -1.0; 0.0; 0.0; 0.0; 0.0; 0.0; 1.0;0; 0;0; 0; 
36.1457741261; 105660; 0.0; 0.0; -0.15976; 0.0; 0.0; 0.0; 0.0; 0.0; 0.0; 0.0; 0.0; 0.0; 0.0; 0.0; 0.0; 0.0; 0.0; 1.55; 0.83; 4.05; 463.33; 25.0; -25.0; 0.0; 0; 0; 0.0; 0.0; 1; 6.21430724185; 1.97668883071; 1.71654954687; 0; 0; 0; 0; 0.0; 0.0; 0.0; -1.0; 0.0; 0.0; 0.0; 0.0; 0.0; 1.0;0; 0;0; 0; 
36.1577410698; 105670; 0.0; 0.0; -0.159; 0.0; 0.0; 0.0; 0.0; 0.0; 0.0; 0.0; 0.0; 0.0; 0.0; 0.0; 0.0; 0.0; 0.0; 1.55; 0.83; 4.05; 463.33; 25.0; -25.0; 0.0; 0; 0; 0.0; 0.0; 1; 6.21430724185; 1.97668883071; 1.71654954687; 0; 0; 0; 0; 0.0; 0.0; 0.0; -1.0; 0.0; 0.0; 0.0; 0.0; 0.0; 1.0;0; 0;0; 0; 
36.1686131954; 105670; 0.0; 0.0; -0.15827; 0.0; 0.0; 0.0; 0.0; 0.0; 0.0; 0.0; 0.0; 0.0; 0.0; 0.0; 0.0; 0.0; 0.0; 1.55; 0.83; 4.05; 463.33; 25.0; -25.0; 0.0; 0; 0; 0.0; 0.0; 1; 6.21430724185; 1.97668883071; 1.71654954687; 0; 0; 0; 0; 0.0; 0.0; 0.0; -1.0; 0.0; 0.0; 0.0; 0.0; 0.0; 1.0;0; 0;0; 0; 
36.1816990376; 105680; 0.0; 0.0; -0.15764; 0.0; 0.0; 0.0; 0.0; 0.0; 0.0; 0.0; 0.0; 0.0; 0.0; 0.0; 0.0; 0.0; 0.0; 1.55; 0.83; 4.05; 463.33; 25.0; -25.0; 0.0; 0; 0; 0.0; 0.0; 1; 6.21430724185; 1.97668883071; 1.71654954687; 0; 0; 0; 0; 0.0; 0.0; 0.0; -1.0; 0.0; 0.0; 0.0; 0.0; 0.0; 1.0;0; 0;0; 0; 
36.193447113; 105680; 0.0; 0.0; -0.15711; 0.0; 0.0; 0.0; 0.0; 0.0; 0.0; 0.0; 0.0; 0.0; 0.0; 0.0; 0.0; 0.0; 0.0; 1.55; 0.83; 4.05; 463.33; 25.0; -25.0; 0.0; 0; 0; 0.0; 0.0; 1; 6.21430724185; 1.97668883071; 1.71654954687; 0; 0; 0; 0; 0.0; 0.0; 0.0; -1.0; 0.0; 0.0; 0.0; 0.0; 0.0; 1.0;0; 0;0; 0; 
36.2048370838; 105690; 0.0; 0.0; -0.15664; 0.0; 0.0; 0.0; 0.0; 0.0; 0.0; 0.0; 0.0; 0.0; 0.0; 0.0; 0.0; 0.0; 0.0; 1.55; 0.83; 4.05; 463.33; 25.0; -25.0; 0.0; 0; 0; 0.0; 0.0; 1; 6.21430724185; 1.97668883071; 1.71654954687; 0; 0; 0; 0; 0.0; 0.0; 0.0; -1.0; 0.0; 0.0; 0.0; 0.0; 0.0; 1.0;0; 0;0; 0; 
36.2162640095; 105690; 0.0; 0.0; -0.15627; 0.0; 0.0; 0.0; 0.0; 0.0; 0.0; 0.0; 0.0; 0.0; 0.0; 0.0; 0.0; 0.0; 0.0; 1.55; 0.83; 4.05; 463.33; 25.0; -25.0; 0.0; 0; 0; 0.0; 0.0; 1; 6.21430724185; 1.97668883071; 1.71654954687; 0; 0; 0; 0; 0.0; 0.0; 0.0; -1.0; 0.0; 0.0; 0.0; 0.0; 0.0; 1.0;0; 0;0; 0; 
36.2276420593; 105700; 0.0; 0.0; -0.15603; 0.0; 0.0; 0.0; 0.0; 0.0; 0.0; 0.0; 0.0; 0.0; 0.0; 0.0; 0.0; 0.0; 0.0; 1.55; 0.83; 4.05; 463.33; 25.0; -25.0; 0.0; 0; 0; 0.0; 0.0; 1; 6.21430724185; 1.97668883071; 1.71654954687; 0; 0; 0; 0; 0.0; 0.0; 0.0; -1.0; 0.0; 0.0; 0.0; 0.0; 0.0; 1.0;0; 0;0; 0; 
36.239426136; 105700; 0.0; 0.0; -0.15591; 0.0; 0.0; 0.0; 0.0; 0.0; 0.0; 0.0; 0.0; 0.0; 0.0; 0.0; 0.0; 0.0; 0.0; 1.55; 0.83; 4.05; 463.33; 25.0; -25.0; 0.0; 0; 0; 0.0; 0.0; 1; 6.21430724185; 1.97668883071; 1.71654954687; 0; 0; 0; 0; 0.0; 0.0; 0.0; -1.0; 0.0; 0.0; 0.0; 0.0; 0.0; 1.0;0; 0;0; 0; 
36.2509140968; 105710; 0.0; 0.0; -0.15591; 0.0; 0.0; 0.0; 0.0; 0.0; 0.0; 0.0; 0.0; 0.0; 0.0; 0.0; 0.0; 0.0; 0.0; 1.55; 0.83; 4.05; 463.33; 25.0; -25.0; 0.0; 0; 0; 0.0; 0.0; 1; 6.21051201517; 2.00123344224; 1.73348496669; 0; 0; 0; 0; 0.0; 0.0; 0.0; -1.0; 0.0; 0.0; 0.0; 0.0; 0.0; 1.0;0; 0;0; 0; 
36.2620711327; 105710; 0.0; 0.0; -0.15608; 0.0; 0.0; 0.0; 0.0; 0.0; 0.0; 0.0; 0.0; 0.0; 0.0; 0.0; 0.0; 0.0; 0.0; 1.55; 0.83; 4.05; 463.33; 25.0; -25.0; 0.0; 0; 0; 0.0; 0.0; 1; 6.21051201517; 2.00123344224; 1.73348496669; 0; 0; 0; 0; 0.0; 0.0; 0.0; -1.0; 0.0; 0.0; 0.0; 0.0; 0.0; 1.0;0; 0;0; 0; 
36.2743551731; 105720; 0.0; 0.0; -0.15645; 0.0; 0.0; 0.0; 0.0; 0.0; 0.0; 0.0; 0.0; 0.0; 0.0; 0.0; 0.0; 0.0; 0.0; 1.55; 0.83; 4.05; 463.33; 25.0; -25.0; 0.0; 0; 0; 0.0; 0.0; 1; 6.21051201517; 2.00123344224; 1.73348496669; 0; 0; 0; 0; 0.0; 0.0; 0.0; -1.0; 0.0; 0.0; 0.0; 0.0; 0.0; 1.0;0; 0;0; 0; 
36.2856171131; 105720; 0.0; 0.0; -0.15703; 0.0; 0.0; 0.0; 0.0; 0.0; 0.0; 0.0; 0.0; 0.0; 0.0; 0.0; 0.0; 0.0; 0.0; 1.55; 0.83; 4.05; 463.33; 25.0; -25.0; 0.0; 0; 0; 0.0; 0.0; 1; 6.21051201517; 2.00123344224; 1.73348496669; 0; 0; 0; 0; 0.0; 0.0; 0.0; -1.0; 0.0; 0.0; 0.0; 0.0; 0.0; 1.0;0; 0;0; 0; 
36.2967281342; 105730; 0.0; 0.0; -0.15774; 0.0; 0.0; 0.0; 0.0; 0.0; 0.0; 0.0; 0.0; 0.0; 0.0; 0.0; 0.0; 0.0; 0.0; 1.55; 0.83; 4.05; 463.33; 25.0; -25.0; 0.0; 0; 0; 0.0; 0.0; 1; 6.21051201517; 2.00123344224; 1.73348496669; 0; 0; 0; 0; 0.0; 0.0; 0.0; -1.0; 0.0; 0.0; 0.0; 0.0; 0.0; 1.0;0; 0;0; 0; 
36.3077170849; 105730; 0.0; 0.0; -0.1585; 0.0; 0.0; 0.0; 0.0; 0.0; 0.0; 0.0; 0.0; 0.0; 0.0; 0.0; 0.0; 0.0; 0.0; 1.55; 0.83; 4.05; 463.33; 25.0; -25.0; 0.0; 0; 0; 0.0; 0.0; 1; 6.21051201517; 2.00123344224; 1.73348496669; 0; 0; 0; 0; 0.0; 0.0; 0.0; -1.0; 0.0; 0.0; 0.0; 0.0; 0.0; 1.0;0; 0;0; 0; 
36.3186461926; 105740; 0.0; 0.0; -0.1594; 0.0; 0.0; 0.0; 0.0; 0.0; 0.0; 0.0; 0.0; 0.0; 0.0; 0.0; 0.0; 0.0; 0.0; 1.55; 0.83; 4.05; 463.33; 25.0; -25.0; 0.0; 0; 0; 0.0; 0.0; 1; 6.21051201517; 2.00123344224; 1.73348496669; 0; 0; 0; 0; 0.0; 0.0; 0.0; -1.0; 0.0; 0.0; 0.0; 0.0; 0.0; 1.0;0; 0;0; 0; 
36.329447031; 105740; 0.0; 0.0; -0.16033; 0.0; 0.0; 0.0; 0.0; 0.0; 0.0; 0.0; 0.0; 0.0; 0.0; 0.0; 0.0; 0.0; 0.0; 1.55; 0.83; 4.05; 463.33; 25.0; -25.0; 0.0; 0; 0; 0.0; 0.0; 1; 6.21051201517; 2.00123344224; 1.73348496669; 0; 0; 0; 0; 0.0; 0.0; 0.0; -1.0; 0.0; 0.0; 0.0; 0.0; 0.0; 1.0;0; 0;0; 0; 
36.3412880898; 105750; 0.0; 0.0; -0.16127; 0.0; 0.0; 0.0; 0.0; 0.0; 0.0; 0.0; 0.0; 0.0; 0.0; 0.0; 0.0; 0.0; 0.0; 1.58; 0.82; 4.18; 463.33; 25.0; -25.0; 0.0; 0; 0; 0.0; 0.0; 1; 6.21051201517; 2.00123344224; 1.73348496669; 0; 0; 0; 0; 0.0; 0.0; 0.0; -1.0; 0.0; 0.0; 0.0; 0.0; 0.0; 1.0;0; 0;0; 0; 
36.3534021378; 105750; 0.0; 0.0; -0.16226; 0.0; 0.0; 0.0; 0.0; 0.0; 0.0; 0.0; 0.0; 0.0; 0.0; 0.0; 0.0; 0.0; 0.0; 1.58; 0.82; 4.18; 463.33; 25.0; -25.0; 0.0; 0; 0; 0.0; 0.0; 1; 6.21051201517; 2.00123344224; 1.73348496669; 0; 0; 0; 0; 0.0; 0.0; 0.0; -1.0; 0.0; 0.0; 0.0; 0.0; 0.0; 1.0;0; 0;0; 0; 
36.3650801182; 105760; 0.0; 0.0; -0.16323; 0.0; 0.0; 0.0; 0.0; 0.0; 0.0; 0.0; 0.0; 0.0; 0.0; 0.0; 0.0; 0.0; 0.0; 1.58; 0.82; 4.18; 463.33; 25.0; -25.0; 0.0; 0; 0; 0.0; 0.0; 1; 6.21051201517; 2.00123344224; 1.73348496669; 0; 0; 0; 0; 0.0; 0.0; 0.0; -1.0; 0.0; 0.0; 0.0; 0.0; 0.0; 1.0;0; 0;0; 0; 
36.3771510124; 105760; 0.0; 0.0; -0.16427; 0.0; 0.0; 0.0; 0.0; 0.0; 0.0; 0.0; 0.0; 0.0; 0.0; 0.0; 0.0; 0.0; 0.0; 1.58; 0.82; 4.18; 463.33; 25.0; -25.0; 0.0; 0; 0; 0.0; 0.0; 1; 6.21051201517; 2.00123344224; 1.73348496669; 0; 0; 0; 0; 0.0; 0.0; 0.0; -1.0; 0.0; 0.0; 0.0; 0.0; 0.0; 1.0;0; 0;0; 0; 
36.3878970146; 105770; 0.0; 0.0; -0.1652; 0.0; 0.0; 0.0; 0.0; 0.0; 0.0; 0.0; 0.0; 0.0; 0.0; 0.0; 0.0; 0.0; 0.0; 1.58; 0.82; 4.18; 463.33; 25.0; -25.0; 0.0; 0; 0; 0.0; 0.0; 1; 6.21051201517; 2.00123344224; 1.73348496669; 0; 0; 0; 0; 0.0; 0.0; 0.0; -1.0; 0.0; 0.0; 0.0; 0.0; 0.0; 1.0;0; 0;0; 0; 
36.3998069763; 105770; 0.0; 0.0; -0.16594; 0.0; 0.0; 0.0; 0.0; 0.0; 0.0; 0.0; 0.0; 0.0; 0.0; 0.0; 0.0; 0.0; 0.0; 1.58; 0.82; 4.18; 463.33; 25.0; -25.0; 0.0; 0; 0; 0.0; 0.0; 1; 6.21051201517; 2.00123344224; 1.73348496669; 0; 0; 0; 0; 0.0; 0.0; 0.0; -1.0; 0.0; 0.0; 0.0; 0.0; 0.0; 1.0;0; 0;0; 0; 
36.4105811119; 105780; 0.0; 0.0; -0.16657; 0.0; 0.0; 0.0; 0.0; 0.0; 0.0; 0.0; 0.0; 0.0; 0.0; 0.0; 0.0; 0.0; 0.0; 1.58; 0.82; 4.18; 463.33; 25.0; -25.0; 0.0; 0; 0; 0.0; 0.0; 1; 6.21051201517; 2.00123344224; 1.73348496669; 0; 0; 0; 0; 0.0; 0.0; 0.0; -1.0; 0.0; 0.0; 0.0; 0.0; 0.0; 1.0;0; 0;0; 0; 
36.4227130413; 105780; 0.0; 0.0; -0.167; 0.0; 0.0; 0.0; 0.0; 0.0; 0.0; 0.0; 0.0; 0.0; 0.0; 0.0; 0.0; 0.0; 0.0; 1.58; 0.82; 4.18; 463.33; 25.0; -25.0; 0.0; 0; 0; 0.0; 0.0; 1; 6.21051201517; 2.00123344224; 1.73348496669; 0; 0; 0; 0; 0.0; 0.0; 0.0; -1.0; 0.0; 0.0; 0.0; 0.0; 0.0; 1.0;0; 0;0; 0; 
36.4337770939; 105790; 0.0; 0.0; -0.16713; 0.0; 0.0; 0.0; 0.0; 0.0; 0.0; 0.0; 0.0; 0.0; 0.0; 0.0; 0.0; 0.0; 0.0; 1.58; 0.82; 4.18; 463.33; 25.0; -25.0; 0.0; 0; 0; 0.0; 0.0; 1; 6.21051201517; 2.00123344224; 1.73348496669; 0; 0; 0; 0; 0.0; 0.0; 0.0; -1.0; 0.0; 0.0; 0.0; 0.0; 0.0; 1.0;0; 0;0; 0; 
36.4449121952; 105790; 0.0; 0.0; -0.16699; 0.0; 0.0; 0.0; 0.0; 0.0; 0.0; 0.0; 0.0; 0.0; 0.0; 0.0; 0.0; 0.0; 0.0; 1.58; 0.82; 4.18; 463.33; 25.0; -25.0; 0.0; 0; 0; 0.0; 0.0; 1; 6.21051201517; 2.00123344224; 1.73348496669; 0; 0; 0; 0; 0.0; 0.0; 0.0; -1.0; 0.0; 0.0; 0.0; 0.0; 0.0; 1.0;0; 0;0; 0; 
36.4565520287; 105800; 0.0; 0.0; -0.1666; 0.0; 0.0; 0.0; 0.0; 0.0; 0.0; 0.0; 0.0; 0.0; 0.0; 0.0; 0.0; 0.0; 0.0; 1.58; 0.82; 4.18; 463.33; 25.0; -25.0; 0.0; 0; 0; 0.0; 0.0; 1; 6.21051201517; 2.00123344224; 1.73348496669; 0; 0; 0; 0; 0.0; 0.0; 0.0; -1.0; 0.0; 0.0; 0.0; 0.0; 0.0; 1.0;0; 0;0; 0; 
36.4680070877; 105800; 0.0; 0.0; -0.16609; 0.0; 0.0; 0.0; 0.0; 0.0; 0.0; 0.0; 0.0; 0.0; 0.0; 0.0; 0.0; 0.0; 0.0; 1.58; 0.82; 4.18; 463.33; 25.0; -25.0; 0.0; 0; 0; 0.0; 0.0; 1; 6.21051201517; 2.00123344224; 1.73348496669; 0; 0; 0; 0; 0.0; 0.0; 0.0; -1.0; 0.0; 0.0; 0.0; 0.0; 0.0; 1.0;0; 0;0; 0; 
36.4799790382; 105810; 0.0; 0.0; -0.16549; 0.0; 0.0; 0.0; 0.0; 0.0; 0.0; 0.0; 0.0; 0.0; 0.0; 0.0; 0.0; 0.0; 0.0; 1.58; 0.82; 4.18; 463.33; 25.0; -25.0; 0.0; 0; 0; 0.0; 0.0; 1; 6.20658267773; 2.02410500304; 1.75048301882; 0; 0; 0; 0; 0.0; 0.0; 0.0; -1.0; 0.0; 0.0; 0.0; 0.0; 0.0; 1.0;0; 0;0; 0; 
36.490883112; 105810; 0.0; 0.0; -0.1648; 0.0; 0.0; 0.0; 0.0; 0.0; 0.0; 0.0; 0.0; 0.0; 0.0; 0.0; 0.0; 0.0; 0.0; 1.58; 0.82; 4.18; 463.33; 25.0; -25.0; 0.0; 0; 0; 0.0; 0.0; 1; 6.20658267773; 2.02410500304; 1.75048301882; 0; 0; 0; 0; 0.0; 0.0; 0.0; -1.0; 0.0; 0.0; 0.0; 0.0; 0.0; 1.0;0; 0;0; 0; 
36.5033540726; 105820; 0.0; 0.0; -0.16417; 0.0; 0.0; 0.0; 0.0; 0.0; 0.0; 0.0; 0.0; 0.0; 0.0; 0.0; 0.0; 0.0; 0.0; 1.58; 0.82; 4.18; 463.33; 25.0; -25.0; 0.0; 0; 0; 0.0; 0.0; 1; 6.20658267773; 2.02410500304; 1.75048301882; 0; 0; 0; 0; 0.0; 0.0; 0.0; -1.0; 0.0; 0.0; 0.0; 0.0; 0.0; 1.0;0; 0;0; 0; 
36.5151500702; 105820; 0.0; 0.0; -0.16366; 0.0; 0.0; 0.0; 0.0; 0.0; 0.0; 0.0; 0.0; 0.0; 0.0; 0.0; 0.0; 0.0; 0.0; 1.58; 0.82; 4.18; 463.33; 25.0; -25.0; 0.0; 0; 0; 0.0; 0.0; 1; 6.20658267773; 2.02410500304; 1.75048301882; 0; 0; 0; 0; 0.0; 0.0; 0.0; -1.0; 0.0; 0.0; 0.0; 0.0; 0.0; 1.0;0; 0;0; 0; 
36.5264999866; 105830; 0.0; 0.0; -0.1633; 0.0; 0.0; 0.0; 0.0; 0.0; 0.0; 0.0; 0.0; 0.0; 0.0; 0.0; 0.0; 0.0; 0.0; 1.58; 0.82; 4.18; 463.33; 25.0; -25.0; 0.0; 0; 0; 0.0; 0.0; 1; 6.20658267773; 2.02410500304; 1.75048301882; 0; 0; 0; 0; 0.0; 0.0; 0.0; -1.0; 0.0; 0.0; 0.0; 0.0; 0.0; 1.0;0; 0;0; 0; 
36.5377981663; 105830; 0.0; 0.0; -0.16314; 0.0; 0.0; 0.0; 0.0; 0.0; 0.0; 0.0; 0.0; 0.0; 0.0; 0.0; 0.0; 0.0; 0.0; 1.58; 0.82; 4.18; 463.33; 25.0; -25.0; 0.0; 0; 0; 0.0; 0.0; 1; 6.20658267773; 2.02410500304; 1.75048301882; 0; 0; 0; 0; 0.0; 0.0; 0.0; -1.0; 0.0; 0.0; 0.0; 0.0; 0.0; 1.0;0; 0;0; 0; 
36.5491189957; 105840; 0.0; 0.0; -0.16319; 0.0; 0.0; 0.0; 0.0; 0.0; 0.0; 0.0; 0.0; 0.0; 0.0; 0.0; 0.0; 0.0; 0.0; 1.58; 0.82; 4.18; 463.33; 25.0; -25.0; 0.0; 0; 0; 0.0; 0.0; 1; 6.20658267773; 2.02410500304; 1.75048301882; 0; 0; 0; 0; 0.0; 0.0; 0.0; -1.0; 0.0; 0.0; 0.0; 0.0; 0.0; 1.0;0; 0;0; 0; 
36.5604159832; 105840; 0.0; 0.0; -0.16359; 0.0; 0.0; 0.0; 0.0; 0.0; 0.0; 0.0; 0.0; 0.0; 0.0; 0.0; 0.0; 0.0; 0.0; 1.58; 0.82; 4.18; 463.33; 25.0; -25.0; 0.0; 0; 0; 0.0; 0.0; 1; 6.20658267773; 2.02410500304; 1.75048301882; 0; 0; 0; 0; 0.0; 0.0; 0.0; -1.0; 0.0; 0.0; 0.0; 0.0; 0.0; 1.0;0; 0;0; 0; 
36.5721960068; 105850; 0.0; 0.0; -0.16429; 0.0; 0.0; 0.0; 0.0; 0.0; 0.0; 0.0; 0.0; 0.0; 0.0; 0.0; 0.0; 0.0; 0.0; 1.58; 0.82; 4.18; 463.33; 25.0; -25.0; 0.0; 0; 0; 0.0; 0.0; 1; 6.20658267773; 2.02410500304; 1.75048301882; 0; 0; 0; 0; 0.0; 0.0; 0.0; -1.0; 0.0; 0.0; 0.0; 0.0; 0.0; 1.0;0; 0;0; 0; 
36.5836181641; 105850; 0.0; 0.0; -0.16521; 0.0; 0.0; 0.0; 0.0; 0.0; 0.0; 0.0; 0.0; 0.0; 0.0; 0.0; 0.0; 0.0; 0.0; 1.58; 0.82; 4.18; 463.33; 25.0; -25.0; 0.0; 0; 0; 0.0; 0.0; 1; 6.20658267773; 2.02410500304; 1.75048301882; 0; 0; 0; 0; 0.0; 0.0; 0.0; -1.0; 0.0; 0.0; 0.0; 0.0; 0.0; 1.0;0; 0;0; 0; 
36.5950300694; 105860; 0.0; 0.0; -0.1663; 0.0; 0.0; 0.0; 0.0; 0.0; 0.0; 0.0; 0.0; 0.0; 0.0; 0.0; 0.0; 0.0; 0.0; 1.58; 0.82; 4.18; 463.33; 25.0; -25.0; 0.0; 0; 0; 0.0; 0.0; 1; 6.20658267773; 2.02410500304; 1.75048301882; 0; 0; 0; 0; 0.0; 0.0; 0.0; -1.0; 0.0; 0.0; 0.0; 0.0; 0.0; 1.0;0; 0;0; 0; 
36.6065881252; 105860; 0.0; 0.0; -0.16756; 0.0; 0.0; 0.0; 0.0; 0.0; 0.0; 0.0; 0.0; 0.0; 0.0; 0.0; 0.0; 0.0; 0.0; 1.58; 0.82; 4.18; 463.33; 25.0; -25.0; 0.0; 0; 0; 0.0; 0.0; 1; 6.20658267773; 2.02410500304; 1.75048301882; 0; 0; 0; 0; 0.0; 0.0; 0.0; -1.0; 0.0; 0.0; 0.0; 0.0; 0.0; 1.0;0; 0;0; 0; 
36.6178510189; 105870; 0.0; 0.0; -0.16893; 0.0; 0.0; 0.0; 0.0; 0.0; 0.0; 0.0; 0.0; 0.0; 0.0; 0.0; 0.0; 0.0; 0.0; 1.58; 0.82; 4.18; 463.33; 25.0; -25.0; 0.0; 0; 0; 0.0; 0.0; 1; 6.20658267773; 2.02410500304; 1.75048301882; 0; 0; 0; 0; 0.0; 0.0; 0.0; -1.0; 0.0; 0.0; 0.0; 0.0; 0.0; 1.0;0; 0;0; 0; 
36.6297171116; 105870; 0.0; 0.0; -0.17034; 0.0; 0.0; 0.0; 0.0; 0.0; 0.0; 0.0; 0.0; 0.0; 0.0; 0.0; 0.0; 0.0; 0.0; 1.58; 0.82; 4.18; 463.33; 25.0; -25.0; 0.0; 0; 0; 0.0; 0.0; 1; 6.20658267773; 2.02410500304; 1.75048301882; 0; 0; 0; 0; 0.0; 0.0; 0.0; -1.0; 0.0; 0.0; 0.0; 0.0; 0.0; 1.0;0; 0;0; 0; 
36.6416060925; 105880; 0.0; 0.0; -0.17177; 0.0; 0.0; 0.0; 0.0; 0.0; 0.0; 0.0; 0.0; 0.0; 0.0; 0.0; 0.0; 0.0; 0.0; 1.58; 0.82; 4.18; 463.33; 25.0; -25.0; 0.0; 0; 0; 0.0; 0.0; 1; 6.20658267773; 2.02410500304; 1.75048301882; 0; 0; 0; 0; 0.0; 0.0; 0.0; -1.0; 0.0; 0.0; 0.0; 0.0; 0.0; 1.0;0; 0;0; 0; 
36.6528351307; 105880; 0.0; 0.0; -0.17321; 0.0; 0.0; 0.0; 0.0; 0.0; 0.0; 0.0; 0.0; 0.0; 0.0; 0.0; 0.0; 0.0; 0.0; 1.58; 0.82; 4.18; 463.33; 25.0; -25.0; 0.0; 0; 0; 0.0; 0.0; 1; 6.20658267773; 2.02410500304; 1.75048301882; 0; 0; 0; 0; 0.0; 0.0; 0.0; -1.0; 0.0; 0.0; 0.0; 0.0; 0.0; 1.0;0; 0;0; 0; 
36.664935112; 105890; 0.0; 0.0; -0.17464; 0.0; 0.0; 0.0; 0.0; 0.0; 0.0; 0.0; 0.0; 0.0; 0.0; 0.0; 0.0; 0.0; 0.0; 1.58; 0.82; 4.18; 463.33; 25.0; -25.0; 0.0; 0; 0; 0.0; 0.0; 1; 6.20658267773; 2.02410500304; 1.75048301882; 0; 0; 0; 0; 0.0; 0.0; 0.0; -1.0; 0.0; 0.0; 0.0; 0.0; 0.0; 1.0;0; 0;0; 0; 
36.6769771576; 105890; 0.0; 0.0; -0.17591; 0.0; 0.0; 0.0; 0.0; 0.0; 0.0; 0.0; 0.0; 0.0; 0.0; 0.0; 0.0; 0.0; 0.0; 1.58; 0.82; 4.18; 463.33; 25.0; -25.0; 0.0; 0; 0; 0.0; 0.0; 1; 6.20658267773; 2.02410500304; 1.75048301882; 0; 0; 0; 0; 0.0; 0.0; 0.0; -1.0; 0.0; 0.0; 0.0; 0.0; 0.0; 1.0;0; 0;0; 0; 
36.6900601387; 105900; 0.0; 0.0; -0.17692; 0.0; 0.0; 0.0; 0.0; 0.0; 0.0; 0.0; 0.0; 0.0; 0.0; 0.0; 0.0; 0.0; 0.0; 1.58; 0.82; 4.18; 463.33; 25.0; -25.0; 0.0; 0; 0; 0.0; 0.0; 1; 6.20658267773; 2.02410500304; 1.75048301882; 0; 0; 0; 0; 0.0; 0.0; 0.0; -1.0; 0.0; 0.0; 0.0; 0.0; 0.0; 1.0;0; 0;0; 0; 
36.7027339935; 105900; 0.0; 0.0; -0.17764; 0.0; 0.0; 0.0; 0.0; 0.0; 0.0; 0.0; 0.0; 0.0; 0.0; 0.0; 0.0; 0.0; 0.0; 1.58; 0.82; 4.18; 463.33; 25.0; -25.0; 0.0; 0; 0; 0.0; 0.0; 1; 6.20658267773; 2.02410500304; 1.75048301882; 0; 0; 0; 0; 0.0; 0.0; 0.0; -1.0; 0.0; 0.0; 0.0; 0.0; 0.0; 1.0;0; 0;0; 0; 
36.7156682014; 105910; 0.0; 0.0; -0.17795; 0.0; 0.0; 0.0; 0.0; 0.0; 0.0; 0.0; 0.0; 0.0; 0.0; 0.0; 0.0; 0.0; 0.0; 1.58; 0.82; 4.18; 463.33; 25.0; -25.0; 0.0; 0; 0; 0.0; 0.0; 1; 6.20248038543; 2.04573983807; 1.76790052865; 0; 0; 0; 0; 0.0; 0.0; 0.0; -1.0; 0.0; 0.0; 0.0; 0.0; 0.0; 1.0;0; 0;0; 0; 
36.7280340195; 105910; 0.0; 0.0; -0.17784; 0.0; 0.0; 0.0; 0.0; 0.0; 0.0; 0.0; 0.0; 0.0; 0.0; 0.0; 0.0; 0.0; 0.0; 1.58; 0.82; 4.18; 463.33; 25.0; -25.0; 0.0; 0; 0; 0.0; 0.0; 1; 6.20248038543; 2.04573983807; 1.76790052865; 0; 0; 0; 0; 0.0; 0.0; 0.0; -1.0; 0.0; 0.0; 0.0; 0.0; 0.0; 1.0;0; 0;0; 0; 
36.7395460606; 105920; 0.0; 0.0; -0.1774; 0.0; 0.0; 0.0; 0.0; 0.0; 0.0; 0.0; 0.0; 0.0; 0.0; 0.0; 0.0; 0.0; 0.0; 1.58; 0.82; 4.18; 463.33; 25.0; -25.0; 0.0; 0; 0; 0.0; 0.0; 1; 6.20248038543; 2.04573983807; 1.76790052865; 0; 0; 0; 0; 0.0; 0.0; 0.0; -1.0; 0.0; 0.0; 0.0; 0.0; 0.0; 1.0;0; 0;0; 0; 
36.7510251999; 105920; 0.0; 0.0; -0.17679; 0.0; 0.0; 0.0; 0.0; 0.0; 0.0; 0.0; 0.0; 0.0; 0.0; 0.0; 0.0; 0.0; 0.0; 1.58; 0.82; 4.18; 463.33; 25.0; -25.0; 0.0; 0; 0; 0.0; 0.0; 1; 6.20248038543; 2.04573983807; 1.76790052865; 0; 0; 0; 0; 0.0; 0.0; 0.0; -1.0; 0.0; 0.0; 0.0; 0.0; 0.0; 1.0;0; 0;0; 0; 
36.7627830505; 105930; 0.0; 0.0; -0.17607; 0.0; 0.0; 0.0; 0.0; 0.0; 0.0; 0.0; 0.0; 0.0; 0.0; 0.0; 0.0; 0.0; 0.0; 1.58; 0.82; 4.18; 463.33; 25.0; -25.0; 0.0; 0; 0; 0.0; 0.0; 1; 6.20248038543; 2.04573983807; 1.76790052865; 0; 0; 0; 0; 0.0; 0.0; 0.0; -1.0; 0.0; 0.0; 0.0; 0.0; 0.0; 1.0;0; 0;0; 0; 
36.7748429775; 105930; 0.0; 0.0; -0.17536; 0.0; 0.0; 0.0; 0.0; 0.0; 0.0; 0.0; 0.0; 0.0; 0.0; 0.0; 0.0; 0.0; 0.0; 1.58; 0.82; 4.18; 463.33; 25.0; -25.0; 0.0; 0; 0; 0.0; 0.0; 1; 6.20248038543; 2.04573983807; 1.76790052865; 0; 0; 0; 0; 0.0; 0.0; 0.0; -1.0; 0.0; 0.0; 0.0; 0.0; 0.0; 1.0;0; 0;0; 0; 
36.7863411903; 105940; 0.0; 0.0; -0.17475; 0.0; 0.0; 0.0; 0.0; 0.0; 0.0; 0.0; 0.0; 0.0; 0.0; 0.0; 0.0; 0.0; 0.0; 1.58; 0.82; 4.18; 463.33; 25.0; -25.0; 0.0; 0; 0; 0.0; 0.0; 1; 6.20248038543; 2.04573983807; 1.76790052865; 0; 0; 0; 0; 0.0; 0.0; 0.0; -1.0; 0.0; 0.0; 0.0; 0.0; 0.0; 1.0;0; 0;0; 0; 
36.797711134; 105940; 0.0; 0.0; -0.1743; 0.0; 0.0; 0.0; 0.0; 0.0; 0.0; 0.0; 0.0; 0.0; 0.0; 0.0; 0.0; 0.0; 0.0; 1.58; 0.82; 4.18; 463.33; 25.0; -25.0; 0.0; 0; 0; 0.0; 0.0; 1; 6.20248038543; 2.04573983807; 1.76790052865; 0; 0; 0; 0; 0.0; 0.0; 0.0; -1.0; 0.0; 0.0; 0.0; 0.0; 0.0; 1.0;0; 0;0; 0; 
36.8093540668; 105950; 0.0; 0.0; -0.17402; 0.0; 0.0; 0.0; 0.0; 0.0; 0.0; 0.0; 0.0; 0.0; 0.0; 0.0; 0.0; 0.0; 0.0; 1.6; 0.82; 4.18; 463.33; 25.0; -25.0; 0.0; 0; 0; 0.0; 0.0; 1; 6.20248038543; 2.04573983807; 1.76790052865; 0; 0; 0; 0; 0.0; 0.0; 0.0; -1.0; 0.0; 0.0; 0.0; 0.0; 0.0; 1.0;0; 0;0; 0; 
36.8207931519; 105950; 0.0; 0.0; -0.17386; 0.0; 0.0; 0.0; 0.0; 0.0; 0.0; 0.0; 0.0; 0.0; 0.0; 0.0; 0.0; 0.0; 0.0; 1.6; 0.82; 4.18; 463.33; 25.0; -25.0; 0.0; 0; 0; 0.0; 0.0; 1; 6.20248038543; 2.04573983807; 1.76790052865; 0; 0; 0; 0; 0.0; 0.0; 0.0; -1.0; 0.0; 0.0; 0.0; 0.0; 0.0; 1.0;0; 0;0; 0; 
36.831838131; 105960; 0.0; 0.0; -0.17389; 0.0; 0.0; 0.0; 0.0; 0.0; 0.0; 0.0; 0.0; 0.0; 0.0; 0.0; 0.0; 0.0; 0.0; 1.6; 0.82; 4.18; 463.33; 25.0; -25.0; 0.0; 0; 0; 0.0; 0.0; 1; 6.20248038543; 2.04573983807; 1.76790052865; 0; 0; 0; 0; 0.0; 0.0; 0.0; -1.0; 0.0; 0.0; 0.0; 0.0; 0.0; 1.0;0; 0;0; 0; 
36.8432490826; 105960; 0.0; 0.0; -0.17412; 0.0; 0.0; 0.0; 0.0; 0.0; 0.0; 0.0; 0.0; 0.0; 0.0; 0.0; 0.0; 0.0; 0.0; 1.6; 0.82; 4.18; 463.33; 25.0; -25.0; 0.0; 0; 0; 0.0; 0.0; 1; 6.20248038543; 2.04573983807; 1.76790052865; 0; 0; 0; 0; 0.0; 0.0; 0.0; -1.0; 0.0; 0.0; 0.0; 0.0; 0.0; 1.0;0; 0;0; 0; 
36.8545541763; 105970; 0.0; 0.0; -0.17442; 0.0; 0.0; 0.0; 0.0; 0.0; 0.0; 0.0; 0.0; 0.0; 0.0; 0.0; 0.0; 0.0; 0.0; 1.6; 0.82; 4.18; 463.33; 25.0; -25.0; 0.0; 0; 0; 0.0; 0.0; 1; 6.20248038543; 2.04573983807; 1.76790052865; 0; 0; 0; 0; 0.0; 0.0; 0.0; -1.0; 0.0; 0.0; 0.0; 0.0; 0.0; 1.0;0; 0;0; 0; 
36.8661210537; 105970; 0.0; 0.0; -0.1748; 0.0; 0.0; 0.0; 0.0; 0.0; 0.0; 0.0; 0.0; 0.0; 0.0; 0.0; 0.0; 0.0; 0.0; 1.6; 0.82; 4.18; 463.33; 25.0; -25.0; 0.0; 0; 0; 0.0; 0.0; 1; 6.20248038543; 2.04573983807; 1.76790052865; 0; 0; 0; 0; 0.0; 0.0; 0.0; -1.0; 0.0; 0.0; 0.0; 0.0; 0.0; 1.0;0; 0;0; 0; 
36.8780651093; 105980; 0.0; 0.0; -0.17523; 0.0; 0.0; 0.0; 0.0; 0.0; 0.0; 0.0; 0.0; 0.0; 0.0; 0.0; 0.0; 0.0; 0.0; 1.6; 0.82; 4.18; 463.33; 25.0; -25.0; 0.0; 0; 0; 0.0; 0.0; 1; 6.20248038543; 2.04573983807; 1.76790052865; 0; 0; 0; 0; 0.0; 0.0; 0.0; -1.0; 0.0; 0.0; 0.0; 0.0; 0.0; 1.0;0; 0;0; 0; 
36.8895540237; 105980; 0.0; 0.0; -0.17572; 0.0; 0.0; 0.0; 0.0; 0.0; 0.0; 0.0; 0.0; 0.0; 0.0; 0.0; 0.0; 0.0; 0.0; 1.6; 0.82; 4.18; 463.33; 25.0; -25.0; 0.0; 0; 0; 0.0; 0.0; 1; 6.20248038543; 2.04573983807; 1.76790052865; 0; 0; 0; 0; 0.0; 0.0; 0.0; -1.0; 0.0; 0.0; 0.0; 0.0; 0.0; 1.0;0; 0;0; 0; 
36.9018871784; 105990; 0.0; 0.0; -0.17623; 0.0; 0.0; 0.0; 0.0; 0.0; 0.0; 0.0; 0.0; 0.0; 0.0; 0.0; 0.0; 0.0; 0.0; 1.6; 0.82; 4.18; 463.33; 25.0; -25.0; 0.0; 0; 0; 0.0; 0.0; 1; 6.20248038543; 2.04573983807; 1.76790052865; 0; 0; 0; 0; 0.0; 0.0; 0.0; -1.0; 0.0; 0.0; 0.0; 0.0; 0.0; 1.0;0; 0;0; 0; 
36.9140541553; 105990; 0.0; 0.0; -0.17672; 0.0; 0.0; 0.0; 0.0; 0.0; 0.0; 0.0; 0.0; 0.0; 0.0; 0.0; 0.0; 0.0; 0.0; 1.6; 0.82; 4.18; 463.33; 25.0; -25.0; 0.0; 0; 0; 0.0; 0.0; 1; 6.20248038543; 2.04573983807; 1.76790052865; 0; 0; 0; 0; 0.0; 0.0; 0.0; -1.0; 0.0; 0.0; 0.0; 0.0; 0.0; 1.0;0; 0;0; 0; 
36.9258570671; 106000; 0.0; 0.0; -0.17731; 0.0; 0.0; 0.0; 0.0; 0.0; 0.0; 0.0; 0.0; 0.0; 0.0; 0.0; 0.0; 0.0; 0.0; 1.6; 0.82; 4.18; 463.33; 25.0; -25.0; 0.0; 0; 0; 0.0; 0.0; 1; 6.20248038543; 2.04573983807; 1.76790052865; 0; 0; 0; 0; 0.0; 0.0; 0.0; -1.0; 0.0; 0.0; 0.0; 0.0; 0.0; 1.0;0; 0;0; 0; 
36.9373180866; 106000; 0.0; 0.0; -0.17799; 0.0; 0.0; 0.0; 0.0; 0.0; 0.0; 0.0; 0.0; 0.0; 0.0; 0.0; 0.0; 0.0; 0.0; 1.6; 0.82; 4.18; 463.33; 25.0; -25.0; 0.0; 0; 0; 0.0; 0.0; 1; 6.20248038543; 2.04573983807; 1.76790052865; 0; 0; 0; 0; 0.0; 0.0; 0.0; -1.0; 0.0; 0.0; 0.0; 0.0; 0.0; 1.0;0; 0;0; 0; 
36.9493281841; 106010; 0.0; 0.0; -0.17867; 0.0; 0.0; 0.0; 0.0; 0.0; 0.0; 0.0; 0.0; 0.0; 0.0; 0.0; 0.0; 0.0; 0.0; 1.6; 0.82; 4.18; 463.33; 25.0; -25.0; 0.0; 0; 0; 0.0; 0.0; 1; 6.19811162649; 2.06672509741; 1.78601984372; 0; 0; 0; 0; 0.0; 0.0; 0.0; -1.0; 0.0; 0.0; 0.0; 0.0; 0.0; 1.0;0; 0;0; 0; 
36.9615271091; 106010; 0.0; 0.0; -0.17933; 0.0; 0.0; 0.0; 0.0; 0.0; 0.0; 0.0; 0.0; 0.0; 0.0; 0.0; 0.0; 0.0; 0.0; 1.6; 0.82; 4.18; 463.33; 25.0; -25.0; 0.0; 0; 0; 0.0; 0.0; 1; 6.19811162649; 2.06672509741; 1.78601984372; 0; 0; 0; 0; 0.0; 0.0; 0.0; -1.0; 0.0; 0.0; 0.0; 0.0; 0.0; 1.0;0; 0;0; 0; 
36.9737801552; 106020; 0.0; 0.0; -0.17989; 0.0; 0.0; 0.0; 0.0; 0.0; 0.0; 0.0; 0.0; 0.0; 0.0; 0.0; 0.0; 0.0; 0.0; 1.6; 0.82; 4.18; 463.33; 25.0; -25.0; 0.0; 0; 0; 0.0; 0.0; 1; 6.19811162649; 2.06672509741; 1.78601984372; 0; 0; 0; 0; 0.0; 0.0; 0.0; -1.0; 0.0; 0.0; 0.0; 0.0; 0.0; 1.0;0; 0;0; 0; 
36.9856081009; 106020; 0.0; 0.0; -0.18033; 0.0; 0.0; 0.0; 0.0; 0.0; 0.0; 0.0; 0.0; 0.0; 0.0; 0.0; 0.0; 0.0; 0.0; 1.6; 0.82; 4.18; 463.33; 25.0; -25.0; 0.0; 0; 0; 0.0; 0.0; 1; 6.19811162649; 2.06672509741; 1.78601984372; 0; 0; 0; 0; 0.0; 0.0; 0.0; -1.0; 0.0; 0.0; 0.0; 0.0; 0.0; 1.0;0; 0;0; 0; 
36.9976251125; 106030; 0.0; 0.0; -0.18052; 0.0; 0.0; 0.0; 0.0; 0.0; 0.0; 0.0; 0.0; 0.0; 0.0; 0.0; 0.0; 0.0; 0.0; 1.6; 0.82; 4.18; 463.33; 25.0; -25.0; 0.0; 0; 0; 0.0; 0.0; 1; 6.19811162649; 2.06672509741; 1.78601984372; 0; 0; 0; 0; 0.0; 0.0; 0.0; -1.0; 0.0; 0.0; 0.0; 0.0; 0.0; 1.0;0; 0;0; 0; 
37.0097770691; 106030; 0.0; 0.0; -0.18045; 0.0; 0.0; 0.0; 0.0; 0.0; 0.0; 0.0; 0.0; 0.0; 0.0; 0.0; 0.0; 0.0; 0.0; 1.6; 0.82; 4.18; 463.33; 25.0; -25.0; 0.0; 0; 0; 0.0; 0.0; 1; 6.19811162649; 2.06672509741; 1.78601984372; 0; 0; 0; 0; 0.0; 0.0; 0.0; -1.0; 0.0; 0.0; 0.0; 0.0; 0.0; 1.0;0; 0;0; 0; 
37.021376133; 106040; 0.0; 0.0; -0.18031; 0.0; 0.0; 0.0; 0.0; 0.0; 0.0; 0.0; 0.0; 0.0; 0.0; 0.0; 0.0; 0.0; 0.0; 1.6; 0.82; 4.18; 463.33; 25.0; -25.0; 0.0; 0; 0; 0.0; 0.0; 1; 6.19811162649; 2.06672509741; 1.78601984372; 0; 0; 0; 0; 0.0; 0.0; 0.0; -1.0; 0.0; 0.0; 0.0; 0.0; 0.0; 1.0;0; 0;0; 0; 
37.0327980518; 106040; 0.0; 0.0; -0.18002; 0.0; 0.0; 0.0; 0.0; 0.0; 0.0; 0.0; 0.0; 0.0; 0.0; 0.0; 0.0; 0.0; 0.0; 1.6; 0.82; 4.18; 463.33; 25.0; -25.0; 0.0; 0; 0; 0.0; 0.0; 1; 6.19811162649; 2.06672509741; 1.78601984372; 0; 0; 0; 0; 0.0; 0.0; 0.0; -1.0; 0.0; 0.0; 0.0; 0.0; 0.0; 1.0;0; 0;0; 0; 
37.0438911915; 106050; 0.0; 0.0; -0.17965; 0.0; 0.0; 0.0; 0.0; 0.0; 0.0; 0.0; 0.0; 0.0; 0.0; 0.0; 0.0; 0.0; 0.0; 1.64; 0.82; 3.54; 3.37; 25.0; -25.0; 0.0; 0; 0; 0.0; 0.0; 1; 6.19811162649; 2.06672509741; 1.78601984372; 0; 0; 0; 0; 0.0; 0.0; 0.0; -1.0; 0.0; 0.0; 0.0; 0.0; 0.0; 1.0;0; 0;0; 0; 
37.0557141304; 106050; 0.0; 0.0; -0.17923; 0.0; 0.0; 0.0; 0.0; 0.0; 0.0; 0.0; 0.0; 0.0; 0.0; 0.0; 0.0; 0.0; 0.0; 1.64; 0.82; 3.54; 3.37; 25.0; -25.0; 0.0; 0; 0; 0.0; 0.0; 1; 6.19811162649; 2.06672509741; 1.78601984372; 0; 0; 0; 0; 0.0; 0.0; 0.0; -1.0; 0.0; 0.0; 0.0; 0.0; 0.0; 1.0;0; 0;0; 0; 
37.0679061413; 106060; 0.0; 0.0; -0.17878; 0.0; 0.0; 0.0; 0.0; 0.0; 0.0; 0.0; 0.0; 0.0; 0.0; 0.0; 0.0; 0.0; 0.0; 1.64; 0.82; 3.54; 3.37; 25.0; -25.0; 0.0; 0; 0; 0.0; 0.0; 1; 6.19811162649; 2.06672509741; 1.78601984372; 0; 0; 0; 0; 0.0; 0.0; 0.0; -1.0; 0.0; 0.0; 0.0; 0.0; 0.0; 1.0;0; 0;0; 0; 
37.0789561272; 106060; 0.0; 0.0; -0.17837; 0.0; 0.0; 0.0; 0.0; 0.0; 0.0; 0.0; 0.0; 0.0; 0.0; 0.0; 0.0; 0.0; 0.0; 1.64; 0.82; 3.54; 3.37; 25.0; -25.0; 0.0; 0; 0; 0.0; 0.0; 1; 6.19811162649; 2.06672509741; 1.78601984372; 0; 0; 0; 0; 0.0; 0.0; 0.0; -1.0; 0.0; 0.0; 0.0; 0.0; 0.0; 1.0;0; 0;0; 0; 
37.0909101963; 106070; 0.0; 0.0; -0.17795; 0.0; 0.0; 0.0; 0.0; 0.0; 0.0; 0.0; 0.0; 0.0; 0.0; 0.0; 0.0; 0.0; 0.0; 1.64; 0.82; 3.54; 3.37; 25.0; -25.0; 0.0; 0; 0; 0.0; 0.0; 1; 6.19811162649; 2.06672509741; 1.78601984372; 0; 0; 0; 0; 0.0; 0.0; 0.0; -1.0; 0.0; 0.0; 0.0; 0.0; 0.0; 1.0;0; 0;0; 0; 
37.1023659706; 106070; 0.0; 0.0; -0.17755; 0.0; 0.0; 0.0; 0.0; 0.0; 0.0; 0.0; 0.0; 0.0; 0.0; 0.0; 0.0; 0.0; 0.0; 1.64; 0.82; 3.54; 3.37; 25.0; -25.0; 0.0; 0; 0; 0.0; 0.0; 1; 6.19811162649; 2.06672509741; 1.78601984372; 0; 0; 0; 0; 0.0; 0.0; 0.0; -1.0; 0.0; 0.0; 0.0; 0.0; 0.0; 1.0;0; 0;0; 0; 
37.1136341095; 106080; 0.0; 0.0; -0.17725; 0.0; 0.0; 0.0; 0.0; 0.0; 0.0; 0.0; 0.0; 0.0; 0.0; 0.0; 0.0; 0.0; 0.0; 1.64; 0.82; 3.54; 3.37; 25.0; -25.0; 0.0; 0; 0; 0.0; 0.0; 1; 6.19811162649; 2.06672509741; 1.78601984372; 0; 0; 0; 0; 0.0; 0.0; 0.0; -1.0; 0.0; 0.0; 0.0; 0.0; 0.0; 1.0;0; 0;0; 0; 
37.1253921986; 106080; 0.0; 0.0; -0.17707; 0.0; 0.0; 0.0; 0.0; 0.0; 0.0; 0.0; 0.0; 0.0; 0.0; 0.0; 0.0; 0.0; 0.0; 1.64; 0.82; 3.54; 3.37; 25.0; -25.0; 0.0; 0; 0; 0.0; 0.0; 1; 6.19811162649; 2.06672509741; 1.78601984372; 0; 0; 0; 0; 0.0; 0.0; 0.0; -1.0; 0.0; 0.0; 0.0; 0.0; 0.0; 1.0;0; 0;0; 0; 
37.1374001503; 106090; 0.0; 0.0; -0.17708; 0.0; 0.0; 0.0; 0.0; 0.0; 0.0; 0.0; 0.0; 0.0; 0.0; 0.0; 0.0; 0.0; 0.0; 1.64; 0.82; 3.54; 3.37; 25.0; -25.0; 0.0; 0; 0; 0.0; 0.0; 1; 6.19811162649; 2.06672509741; 1.78601984372; 0; 0; 0; 0; 0.0; 0.0; 0.0; -1.0; 0.0; 0.0; 0.0; 0.0; 0.0; 1.0;0; 0;0; 0; 
37.1482160091; 106090; 0.0; 0.0; -0.17722; 0.0; 0.0; 0.0; 0.0; 0.0; 0.0; 0.0; 0.0; 0.0; 0.0; 0.0; 0.0; 0.0; 0.0; 1.64; 0.82; 3.54; 3.37; 25.0; -25.0; 0.0; 0; 0; 0.0; 0.0; 1; 6.19811162649; 2.06672509741; 1.78601984372; 0; 0; 0; 0; 0.0; 0.0; 0.0; -1.0; 0.0; 0.0; 0.0; 0.0; 0.0; 1.0;0; 0;0; 0; 
37.1604380608; 106100; 0.0; 0.0; -0.17747; 0.0; 0.0; 0.0; 0.0; 0.0; 0.0; 0.0; 0.0; 0.0; 0.0; 0.0; 0.0; 0.0; 0.0; 1.64; 0.82; 3.54; 3.37; 25.0; -25.0; 0.0; 0; 0; 0.0; 0.0; 1; 6.19811162649; 2.06672509741; 1.78601984372; 0; 0; 0; 0; 0.0; 0.0; 0.0; -1.0; 0.0; 0.0; 0.0; 0.0; 0.0; 1.0;0; 0;0; 0; 
37.1718811989; 106100; 0.0; 0.0; -0.17789; 0.0; 0.0; 0.0; 0.0; 0.0; 0.0; 0.0; 0.0; 0.0; 0.0; 0.0; 0.0; 0.0; 0.0; 1.64; 0.82; 3.54; 3.37; 25.0; -25.0; 0.0; 0; 0; 0.0; 0.0; 1; 6.19811162649; 2.06672509741; 1.78601984372; 0; 0; 0; 0; 0.0; 0.0; 0.0; -1.0; 0.0; 0.0; 0.0; 0.0; 0.0; 1.0;0; 0;0; 0; 
37.1836340427; 106110; 0.0; 0.0; -0.1784; 0.0; 0.0; 0.0; 0.0; 0.0; 0.0; 0.0; 0.0; 0.0; 0.0; 0.0; 0.0; 0.0; 0.0; 1.64; 0.82; 3.54; 3.37; 25.0; -25.0; 0.0; 0; 0; 0.0; 0.0; 1; 6.19327212789; 2.08799825529; 1.80445379522; 0; 0; 0; 0; 0.0; 0.0; 0.0; -1.0; 0.0; 0.0; 0.0; 0.0; 0.0; 1.0;0; 0;0; 0; 
37.1957621574; 106110; 0.0; 0.0; -0.17905; 0.0; 0.0; 0.0; 0.0; 0.0; 0.0; 0.0; 0.0; 0.0; 0.0; 0.0; 0.0; 0.0; 0.0; 1.64; 0.82; 3.54; 3.37; 25.0; -25.0; 0.0; 0; 0; 0.0; 0.0; 1; 6.19327212789; 2.08799825529; 1.80445379522; 0; 0; 0; 0; 0.0; 0.0; 0.0; -1.0; 0.0; 0.0; 0.0; 0.0; 0.0; 1.0;0; 0;0; 0; 
37.2078750134; 106120; 0.0; 0.0; -0.17979; 0.0; 0.0; 0.0; 0.0; 0.0; 0.0; 0.0; 0.0; 0.0; 0.0; 0.0; 0.0; 0.0; 0.0; 1.64; 0.82; 3.54; 3.37; 25.0; -25.0; 0.0; 0; 0; 0.0; 0.0; 1; 6.19327212789; 2.08799825529; 1.80445379522; 0; 0; 0; 0; 0.0; 0.0; 0.0; -1.0; 0.0; 0.0; 0.0; 0.0; 0.0; 1.0;0; 0;0; 0; 
37.2203650475; 106120; 0.0; 0.0; -0.18053; 0.0; 0.0; 0.0; 0.0; 0.0; 0.0; 0.0; 0.0; 0.0; 0.0; 0.0; 0.0; 0.0; 0.0; 1.64; 0.82; 3.54; 3.37; 25.0; -25.0; 0.0; 0; 0; 0.0; 0.0; 1; 6.19327212789; 2.08799825529; 1.80445379522; 0; 0; 0; 0; 0.0; 0.0; 0.0; -1.0; 0.0; 0.0; 0.0; 0.0; 0.0; 1.0;0; 0;0; 0; 
37.2314682007; 106130; 0.0; 0.0; -0.1813; 0.0; 0.0; 0.0; 0.0; 0.0; 0.0; 0.0; 0.0; 0.0; 0.0; 0.0; 0.0; 0.0; 0.0; 1.64; 0.82; 3.54; 3.37; 25.0; -25.0; 0.0; 0; 0; 0.0; 0.0; 1; 6.19327212789; 2.08799825529; 1.80445379522; 0; 0; 0; 0; 0.0; 0.0; 0.0; -1.0; 0.0; 0.0; 0.0; 0.0; 0.0; 1.0;0; 0;0; 0; 
37.2437582016; 106130; 0.0; 0.0; -0.18196; 0.0; 0.0; 0.0; 0.0; 0.0; 0.0; 0.0; 0.0; 0.0; 0.0; 0.0; 0.0; 0.0; 0.0; 1.64; 0.82; 3.54; 3.37; 25.0; -25.0; 0.0; 0; 0; 0.0; 0.0; 1; 6.19327212789; 2.08799825529; 1.80445379522; 0; 0; 0; 0; 0.0; 0.0; 0.0; -1.0; 0.0; 0.0; 0.0; 0.0; 0.0; 1.0;0; 0;0; 0; 
37.2560260296; 106140; 0.0; 0.0; -0.18246; 0.0; 0.0; 0.0; 0.0; 0.0; 0.0; 0.0; 0.0; 0.0; 0.0; 0.0; 0.0; 0.0; 0.0; 1.64; 0.82; 3.54; 3.37; 25.0; -25.0; 0.0; 0; 0; 0.0; 0.0; 1; 6.19327212789; 2.08799825529; 1.80445379522; 0; 0; 0; 0; 0.0; 0.0; 0.0; -1.0; 0.0; 0.0; 0.0; 0.0; 0.0; 1.0;0; 0;0; 0; 
37.2680211067; 106140; 0.0; 0.0; -0.18281; 0.0; 0.0; 0.0; 0.0; 0.0; 0.0; 0.0; 0.0; 0.0; 0.0; 0.0; 0.0; 0.0; 0.0; 1.74; 0.82; 3.1; 9.75; 25.0; -25.0; 0.0; 0; 0; 0.0; 0.0; 1; 6.19327212789; 2.08799825529; 1.80445379522; 0; 0; 0; 0; 0.0; 0.0; 0.0; -1.0; 0.0; 0.0; 0.0; 0.0; 0.0; 1.0;0; 0;0; 0; 
37.2798981667; 106150; 0.0; 0.0; -0.18297; 0.0; 0.0; 0.0; 0.0; 0.0; 0.0; 0.0; 0.0; 0.0; 0.0; 0.0; 0.0; 0.0; 0.0; 1.74; 0.82; 3.1; 9.75; 25.0; -25.0; 0.0; 0; 0; 0.0; 0.0; 1; 6.19327212789; 2.08799825529; 1.80445379522; 0; 0; 0; 0; 0.0; 0.0; 0.0; -1.0; 0.0; 0.0; 0.0; 0.0; 0.0; 1.0;0; 0;0; 0; 
37.2916750908; 106150; 0.0; 0.0; -0.18303; 0.0; 0.0; 0.0; 0.0; 0.0; 0.0; 0.0; 0.0; 0.0; 0.0; 0.0; 0.0; 0.0; 0.0; 1.74; 0.82; 3.1; 9.75; 25.0; -25.0; 0.0; 0; 0; 0.0; 0.0; 1; 6.19327212789; 2.08799825529; 1.80445379522; 0; 0; 0; 0; 0.0; 0.0; 0.0; -1.0; 0.0; 0.0; 0.0; 0.0; 0.0; 1.0;0; 0;0; 0; 
37.3037960529; 106160; 0.0; 0.0; -0.18301; 0.0; 0.0; 0.0; 0.0; 0.0; 0.0; 0.0; 0.0; 0.0; 0.0; 0.0; 0.0; 0.0; 0.0; 1.74; 0.82; 3.1; 9.75; 25.0; -25.0; 0.0; 0; 0; 0.0; 0.0; 1; 6.19327212789; 2.08799825529; 1.80445379522; 0; 0; 0; 0; 0.0; 0.0; 0.0; -1.0; 0.0; 0.0; 0.0; 0.0; 0.0; 1.0;0; 0;0; 0; 
37.3158249855; 106160; 0.0; 0.0; -0.18298; 0.0; 0.0; 0.0; 0.0; 0.0; 0.0; 0.0; 0.0; 0.0; 0.0; 0.0; 0.0; 0.0; 0.0; 1.74; 0.82; 3.1; 9.75; 25.0; -25.0; 0.0; 0; 0; 0.0; 0.0; 1; 6.19327212789; 2.08799825529; 1.80445379522; 0; 0; 0; 0; 0.0; 0.0; 0.0; -1.0; 0.0; 0.0; 0.0; 0.0; 0.0; 1.0;0; 0;0; 0; 
37.3275702; 106170; 0.0; 0.0; -0.18305; 0.0; 0.0; 0.0; 0.0; 0.0; 0.0; 0.0; 0.0; 0.0; 0.0; 0.0; 0.0; 0.0; 0.0; 1.74; 0.82; 3.1; 9.75; 25.0; -25.0; 0.0; 0; 0; 0.0; 0.0; 1; 6.19327212789; 2.08799825529; 1.80445379522; 0; 0; 0; 0; 0.0; 0.0; 0.0; -1.0; 0.0; 0.0; 0.0; 0.0; 0.0; 1.0;0; 0;0; 0; 
37.3388521671; 106170; 0.0; 0.0; -0.18315; 0.0; 0.0; 0.0; 0.0; 0.0; 0.0; 0.0; 0.0; 0.0; 0.0; 0.0; 0.0; 0.0; 0.0; 1.74; 0.82; 3.1; 9.75; 25.0; -25.0; 0.0; 0; 0; 0.0; 0.0; 1; 6.19327212789; 2.08799825529; 1.80445379522; 0; 0; 0; 0; 0.0; 0.0; 0.0; -1.0; 0.0; 0.0; 0.0; 0.0; 0.0; 1.0;0; 0;0; 0; 
37.3526170254; 106180; 0.0; 0.0; -0.1833; 0.0; 0.0; 0.0; 0.0; 0.0; 0.0; 0.0; 0.0; 0.0; 0.0; 0.0; 0.0; 0.0; 0.0; 1.74; 0.82; 3.1; 9.75; 25.0; -25.0; 0.0; 0; 0; 0.0; 0.0; 1; 6.19327212789; 2.08799825529; 1.80445379522; 0; 0; 0; 0; 0.0; 0.0; 0.0; -1.0; 0.0; 0.0; 0.0; 0.0; 0.0; 1.0;0; 0;0; 0; 
37.362593174; 106180; 0.0; 0.0; -0.18355; 0.0; 0.0; 0.0; 0.0; 0.0; 0.0; 0.0; 0.0; 0.0; 0.0; 0.0; 0.0; 0.0; 0.0; 1.74; 0.82; 3.1; 9.75; 25.0; -25.0; 0.0; 0; 0; 0.0; 0.0; 1; 6.19327212789; 2.08799825529; 1.80445379522; 0; 0; 0; 0; 0.0; 0.0; 0.0; -1.0; 0.0; 0.0; 0.0; 0.0; 0.0; 1.0;0; 0;0; 0; 
37.374461174; 106190; 0.0; 0.0; -0.18395; 0.0; 0.0; 0.0; 0.0; 0.0; 0.0; 0.0; 0.0; 0.0; 0.0; 0.0; 0.0; 0.0; 0.0; 1.74; 0.82; 3.1; 9.75; 25.0; -25.0; 0.0; 0; 0; 0.0; 0.0; 1; 6.19327212789; 2.08799825529; 1.80445379522; 0; 0; 0; 0; 0.0; 0.0; 0.0; -1.0; 0.0; 0.0; 0.0; 0.0; 0.0; 1.0;0; 0;0; 0; 
37.3859369755; 106190; 0.0; 0.0; -0.18447; 0.0; 0.0; 0.0; 0.0; 0.0; 0.0; 0.0; 0.0; 0.0; 0.0; 0.0; 0.0; 0.0; 0.0; 1.74; 0.82; 3.1; 9.75; 25.0; -25.0; 0.0; 0; 0; 0.0; 0.0; 1; 6.19327212789; 2.08799825529; 1.80445379522; 0; 0; 0; 0; 0.0; 0.0; 0.0; -1.0; 0.0; 0.0; 0.0; 0.0; 0.0; 1.0;0; 0;0; 0; 
37.3974180222; 106200; 0.0; 0.0; -0.18512; 0.0; 0.0; 0.0; 0.0; 0.0; 0.0; 0.0; 0.0; 0.0; 0.0; 0.0; 0.0; 0.0; 0.0; 1.74; 0.82; 3.1; 9.75; 25.0; -25.0; 0.0; 0; 0; 0.0; 0.0; 1; 6.19327212789; 2.08799825529; 1.80445379522; 0; 0; 0; 0; 0.0; 0.0; 0.0; -1.0; 0.0; 0.0; 0.0; 0.0; 0.0; 1.0;0; 0;0; 0; 
37.4098570347; 106200; 0.0; 0.0; -0.18589; 0.0; 0.0; 0.0; 0.0; 0.0; 0.0; 0.0; 0.0; 0.0; 0.0; 0.0; 0.0; 0.0; 0.0; 1.74; 0.82; 3.1; 9.75; 25.0; -25.0; 0.0; 0; 0; 0.0; 0.0; 1; 6.19327212789; 2.08799825529; 1.80445379522; 0; 0; 0; 0; 0.0; 0.0; 0.0; -1.0; 0.0; 0.0; 0.0; 0.0; 0.0; 1.0;0; 0;0; 0; 
37.4227311611; 106210; 0.0; 0.0; -0.18679; 0.0; 0.0; 0.0; 0.0; 0.0; 0.0; 0.0; 0.0; 0.0; 0.0; 0.0; 0.0; 0.0; 0.0; 1.74; 0.82; 3.1; 9.75; 25.0; -25.0; 0.0; 0; 0; 0.0; 0.0; 1; 6.18681343204; 2.11408183062; 1.82368325001; 0; 0; 0; 0; 0.0; 0.0; 0.0; -1.0; 0.0; 0.0; 0.0; 0.0; 0.0; 1.0;0; 0;0; 0; 
37.4339690208; 106210; 0.0; 0.0; -0.18775; 0.0; 0.0; 0.0; 0.0; 0.0; 0.0; 0.0; 0.0; 0.0; 0.0; 0.0; 0.0; 0.0; 0.0; 1.74; 0.82; 3.1; 9.75; 25.0; -25.0; 0.0; 0; 0; 0.0; 0.0; 1; 6.18681343204; 2.11408183062; 1.82368325001; 0; 0; 0; 0; 0.0; 0.0; 0.0; -1.0; 0.0; 0.0; 0.0; 0.0; 0.0; 1.0;0; 0;0; 0; 
37.4443731308; 106220; 0.0; 0.0; -0.18873; 0.0; 0.0; 0.0; 0.0; 0.0; 0.0; 0.0; 0.0; 0.0; 0.0; 0.0; 0.0; 0.0; 0.0; 1.74; 0.82; 3.1; 9.75; 25.0; -25.0; 0.0; 0; 0; 0.0; 0.0; 1; 6.18681343204; 2.11408183062; 1.82368325001; 0; 0; 0; 0; 0.0; 0.0; 0.0; -1.0; 0.0; 0.0; 0.0; 0.0; 0.0; 1.0;0; 0;0; 0; 
37.4557170868; 106220; 0.0; 0.0; -0.18973; 0.0; 0.0; 0.0; 0.0; 0.0; 0.0; 0.0; 0.0; 0.0; 0.0; 0.0; 0.0; 0.0; 0.0; 1.74; 0.82; 3.1; 9.75; 25.0; -25.0; 0.0; 0; 0; 0.0; 0.0; 1; 6.18681343204; 2.11408183062; 1.82368325001; 0; 0; 0; 0; 0.0; 0.0; 0.0; -1.0; 0.0; 0.0; 0.0; 0.0; 0.0; 1.0;0; 0;0; 0; 
37.4665501118; 106230; 0.0; 0.0; -0.19069; 0.0; 0.0; 0.0; 0.0; 0.0; 0.0; 0.0; 0.0; 0.0; 0.0; 0.0; 0.0; 0.0; 0.0; 1.74; 0.82; 3.1; 9.75; 25.0; -25.0; 0.0; 0; 0; 0.0; 0.0; 1; 6.18681343204; 2.11408183062; 1.82368325001; 0; 0; 0; 0; 0.0; 0.0; 0.0; -1.0; 0.0; 0.0; 0.0; 0.0; 0.0; 1.0;0; 0;0; 0; 
37.4773640633; 106230; 0.0; 0.0; -0.19152; 0.0; 0.0; 0.0; 0.0; 0.0; 0.0; 0.0; 0.0; 0.0; 0.0; 0.0; 0.0; 0.0; 0.0; 1.74; 0.82; 3.1; 9.75; 25.0; -25.0; 0.0; 0; 0; 0.0; 0.0; 1; 6.18681343204; 2.11408183062; 1.82368325001; 0; 0; 0; 0; 0.0; 0.0; 0.0; -1.0; 0.0; 0.0; 0.0; 0.0; 0.0; 1.0;0; 0;0; 0; 
37.4896771908; 106240; 0.0; 0.0; -0.19221; 0.0; 0.0; 0.0; 0.0; 0.0; 0.0; 0.0; 0.0; 0.0; 0.0; 0.0; 0.0; 0.0; 0.0; 1.74; 0.82; 3.1; 9.75; 25.0; -25.0; 0.0; 0; 0; 0.0; 0.0; 1; 6.18681343204; 2.11408183062; 1.82368325001; 0; 0; 0; 0; 0.0; 0.0; 0.0; -1.0; 0.0; 0.0; 0.0; 0.0; 0.0; 1.0;0; 0;0; 0; 
37.4992780685; 106240; 0.0; 0.0; -0.19274; 0.0; 0.0; 0.0; 0.0; 0.0; 0.0; 0.0; 0.0; 0.0; 0.0; 0.0; 0.0; 0.0; 0.0; 1.74; 0.82; 3.1; 9.75; 25.0; -25.0; 0.0; 0; 0; 0.0; 0.0; 1; 6.18681343204; 2.11408183062; 1.82368325001; 0; 0; 0; 0; 0.0; 0.0; 0.0; -1.0; 0.0; 0.0; 0.0; 0.0; 0.0; 1.0;0; 0;0; 0; 
37.5104939938; 106250; 0.0; 0.0; -0.19312; 0.0; 0.0; 0.0; 0.0; 0.0; 0.0; 0.0; 0.0; 0.0; 0.0; 0.0; 0.0; 0.0; 0.0; 1.79; 0.85; 3.19; 5.12; 25.0; -25.0; 0.0; 0; 0; 0.0; 0.0; 1; 6.18681343204; 2.11408183062; 1.82368325001; 0; 0; 0; 0; 0.0; 0.0; 0.0; -1.0; 0.0; 0.0; 0.0; 0.0; 0.0; 1.0;0; 0;0; 0; 
37.5212521553; 106250; 0.0; 0.0; -0.19326; 0.0; 0.0; 0.0; 0.0; 0.0; 0.0; 0.0; 0.0; 0.0; 0.0; 0.0; 0.0; 0.0; 0.0; 1.79; 0.85; 3.19; 5.12; 25.0; -25.0; 0.0; 0; 0; 0.0; 0.0; 1; 6.18681343204; 2.11408183062; 1.82368325001; 0; 0; 0; 0; 0.0; 0.0; 0.0; -1.0; 0.0; 0.0; 0.0; 0.0; 0.0; 1.0;0; 0;0; 0; 
37.532708168; 106260; 0.0; 0.0; -0.19325; 0.0; 0.0; 0.0; 0.0; 0.0; 0.0; 0.0; 0.0; 0.0; 0.0; 0.0; 0.0; 0.0; 0.0; 1.79; 0.85; 3.19; 5.12; 25.0; -25.0; 0.0; 0; 0; 0.0; 0.0; 1; 6.18681343204; 2.11408183062; 1.82368325001; 0; 0; 0; 0; 0.0; 0.0; 0.0; -1.0; 0.0; 0.0; 0.0; 0.0; 0.0; 1.0;0; 0;0; 0; 
37.5444180965; 106260; 0.0; 0.0; -0.19312; 0.0; 0.0; 0.0; 0.0; 0.0; 0.0; 0.0; 0.0; 0.0; 0.0; 0.0; 0.0; 0.0; 0.0; 1.79; 0.85; 3.19; 5.12; 25.0; -25.0; 0.0; 0; 0; 0.0; 0.0; 1; 6.18681343204; 2.11408183062; 1.82368325001; 0; 0; 0; 0; 0.0; 0.0; 0.0; -1.0; 0.0; 0.0; 0.0; 0.0; 0.0; 1.0;0; 0;0; 0; 
37.5549690723; 106270; 0.0; 0.0; -0.19291; 0.0; 0.0; 0.0; 0.0; 0.0; 0.0; 0.0; 0.0; 0.0; 0.0; 0.0; 0.0; 0.0; 0.0; 1.79; 0.85; 3.19; 5.12; 25.0; -25.0; 0.0; 0; 0; 0.0; 0.0; 1; 6.18681343204; 2.11408183062; 1.82368325001; 0; 0; 0; 0; 0.0; 0.0; 0.0; -1.0; 0.0; 0.0; 0.0; 0.0; 0.0; 1.0;0; 0;0; 0; 
37.5656490326; 106270; 0.0; 0.0; -0.19261; 0.0; 0.0; 0.0; 0.0; 0.0; 0.0; 0.0; 0.0; 0.0; 0.0; 0.0; 0.0; 0.0; 0.0; 1.79; 0.85; 3.19; 5.12; 25.0; -25.0; 0.0; 0; 0; 0.0; 0.0; 1; 6.18681343204; 2.11408183062; 1.82368325001; 0; 0; 0; 0; 0.0; 0.0; 0.0; -1.0; 0.0; 0.0; 0.0; 0.0; 0.0; 1.0;0; 0;0; 0; 
37.5762059689; 106280; 0.0; 0.0; -0.1922; 0.0; 0.0; 0.0; 0.0; 0.0; 0.0; 0.0; 0.0; 0.0; 0.0; 0.0; 0.0; 0.0; 0.0; 1.79; 0.85; 3.19; 5.12; 25.0; -25.0; 0.0; 0; 0; 0.0; 0.0; 1; 6.18681343204; 2.11408183062; 1.82368325001; 0; 0; 0; 0; 0.0; 0.0; 0.0; -1.0; 0.0; 0.0; 0.0; 0.0; 0.0; 1.0;0; 0;0; 0; 
37.5873370171; 106280; 0.0; 0.0; -0.19176; 0.0; 0.0; 0.0; 0.0; 0.0; 0.0; 0.0; 0.0; 0.0; 0.0; 0.0; 0.0; 0.0; 0.0; 1.79; 0.85; 3.19; 5.12; 25.0; -25.0; 0.0; 0; 0; 0.0; 0.0; 1; 6.18681343204; 2.11408183062; 1.82368325001; 0; 0; 0; 0; 0.0; 0.0; 0.0; -1.0; 0.0; 0.0; 0.0; 0.0; 0.0; 1.0;0; 0;0; 0; 
37.5987830162; 106290; 0.0; 0.0; -0.19128; 0.0; 0.0; 0.0; 0.0; 0.0; 0.0; 0.0; 0.0; 0.0; 0.0; 0.0; 0.0; 0.0; 0.0; 1.79; 0.85; 3.19; 5.12; 25.0; -25.0; 0.0; 0; 0; 0.0; 0.0; 1; 6.18681343204; 2.11408183062; 1.82368325001; 0; 0; 0; 0; 0.0; 0.0; 0.0; -1.0; 0.0; 0.0; 0.0; 0.0; 0.0; 1.0;0; 0;0; 0; 
37.609839201; 106290; 0.0; 0.0; -0.19068; 0.0; 0.0; 0.0; 0.0; 0.0; 0.0; 0.0; 0.0; 0.0; 0.0; 0.0; 0.0; 0.0; 0.0; 1.79; 0.85; 3.19; 5.12; 25.0; -25.0; 0.0; 0; 0; 0.0; 0.0; 1; 6.18681343204; 2.11408183062; 1.82368325001; 0; 0; 0; 0; 0.0; 0.0; 0.0; -1.0; 0.0; 0.0; 0.0; 0.0; 0.0; 1.0;0; 0;0; 0; 
37.6214060783; 106300; 0.0; 0.0; -0.19007; 0.0; 0.0; 0.0; 0.0; 0.0; 0.0; 0.0; 0.0; 0.0; 0.0; 0.0; 0.0; 0.0; 0.0; 1.79; 0.85; 3.19; 5.12; 25.0; -25.0; 0.0; 0; 0; 0.0; 0.0; 1; 6.18681343204; 2.11408183062; 1.82368325001; 0; 0; 0; 0; 0.0; 0.0; 0.0; -1.0; 0.0; 0.0; 0.0; 0.0; 0.0; 1.0;0; 0;0; 0; 
37.6326711178; 106300; 0.0; 0.0; -0.18942; 0.0; 0.0; 0.0; 0.0; 0.0; 0.0; 0.0; 0.0; 0.0; 0.0; 0.0; 0.0; 0.0; 0.0; 1.79; 0.85; 3.19; 5.12; 25.0; -25.0; 0.0; 0; 0; 0.0; 0.0; 1; 6.18681343204; 2.11408183062; 1.82368325001; 0; 0; 0; 0; 0.0; 0.0; 0.0; -1.0; 0.0; 0.0; 0.0; 0.0; 0.0; 1.0;0; 0;0; 0; 
37.6449820995; 106310; 0.0; 0.0; -0.18882; 0.0; 0.0; 0.0; 0.0; 0.0; 0.0; 0.0; 0.0; 0.0; 0.0; 0.0; 0.0; 0.0; 0.0; 1.79; 0.85; 3.19; 5.12; 25.0; -25.0; 0.0; 0; 0; 0.0; 0.0; 1; 6.17762962321; 2.14827755036; 1.8445819209; 0; 0; 0; 0; 0.0; 0.0; 0.0; -1.0; 0.0; 0.0; 0.0; 0.0; 0.0; 1.0;0; 0;0; 0; 
37.656222105; 106310; 0.0; 0.0; -0.18825; 0.0; 0.0; 0.0; 0.0; 0.0; 0.0; 0.0; 0.0; 0.0; 0.0; 0.0; 0.0; 0.0; 0.0; 1.79; 0.85; 3.19; 5.12; 25.0; -25.0; 0.0; 0; 0; 0.0; 0.0; 1; 6.17762962321; 2.14827755036; 1.8445819209; 0; 0; 0; 0; 0.0; 0.0; 0.0; -1.0; 0.0; 0.0; 0.0; 0.0; 0.0; 1.0;0; 0;0; 0; 
37.6671140194; 106320; 0.0; 0.0; -0.18767; 0.0; 0.0; 0.0; 0.0; 0.0; 0.0; 0.0; 0.0; 0.0; 0.0; 0.0; 0.0; 0.0; 0.0; 1.79; 0.85; 3.19; 5.12; 25.0; -25.0; 0.0; 0; 0; 0.0; 0.0; 1; 6.17762962321; 2.14827755036; 1.8445819209; 0; 0; 0; 0; 0.0; 0.0; 0.0; -1.0; 0.0; 0.0; 0.0; 0.0; 0.0; 1.0;0; 0;0; 0; 
37.6778740883; 106320; 0.0; 0.0; -0.18718; 0.0; 0.0; 0.0; 0.0; 0.0; 0.0; 0.0; 0.0; 0.0; 0.0; 0.0; 0.0; 0.0; 0.0; 1.79; 0.85; 3.19; 5.12; 25.0; -25.0; 0.0; 0; 0; 0.0; 0.0; 1; 6.17762962321; 2.14827755036; 1.8445819209; 0; 0; 0; 0; 0.0; 0.0; 0.0; -1.0; 0.0; 0.0; 0.0; 0.0; 0.0; 1.0;0; 0;0; 0; 
37.6886839867; 106330; 0.0; 0.0; -0.18674; 0.0; 0.0; 0.0; 0.0; 0.0; 0.0; 0.0; 0.0; 0.0; 0.0; 0.0; 0.0; 0.0; 0.0; 1.79; 0.85; 3.19; 5.12; 25.0; -25.0; 0.0; 0; 0; 0.0; 0.0; 1; 6.17762962321; 2.14827755036; 1.8445819209; 0; 0; 0; 0; 0.0; 0.0; 0.0; -1.0; 0.0; 0.0; 0.0; 0.0; 0.0; 1.0;0; 0;0; 0; 
37.6994781494; 106330; 0.0; 0.0; -0.18639; 0.0; 0.0; 0.0; 0.0; 0.0; 0.0; 0.0; 0.0; 0.0; 0.0; 0.0; 0.0; 0.0; 0.0; 1.79; 0.85; 3.19; 5.12; 25.0; -25.0; 0.0; 0; 0; 0.0; 0.0; 1; 6.17762962321; 2.14827755036; 1.8445819209; 0; 0; 0; 0; 0.0; 0.0; 0.0; -1.0; 0.0; 0.0; 0.0; 0.0; 0.0; 1.0;0; 0;0; 0; 
37.710308075; 106340; 0.0; 0.0; -0.18606; 0.0; 0.0; 0.0; 0.0; 0.0; 0.0; 0.0; 0.0; 0.0; 0.0; 0.0; 0.0; 0.0; 0.0; 1.79; 0.85; 3.19; 5.12; 25.0; -25.0; 0.0; 0; 0; 0.0; 0.0; 1; 6.17762962321; 2.14827755036; 1.8445819209; 0; 0; 0; 0; 0.0; 0.0; 0.0; -1.0; 0.0; 0.0; 0.0; 0.0; 0.0; 1.0;0; 0;0; 0; 
37.7217521667; 106340; 0.0; 0.0; -0.18572; 0.0; 0.0; 0.0; 0.0; 0.0; 0.0; 0.0; 0.0; 0.0; 0.0; 0.0; 0.0; 0.0; 0.0; 1.82; 0.85; 4.81; 5.1; 25.0; -25.0; 0.0; 0; 0; 0.0; 0.0; 1; 6.17762962321; 2.14827755036; 1.8445819209; 0; 0; 0; 0; 0.0; 0.0; 0.0; -1.0; 0.0; 0.0; 0.0; 0.0; 0.0; 1.0;0; 0;0; 0; 
37.7328400612; 106350; 0.0; 0.0; -0.18539; 0.0; 0.0; 0.0; 0.0; 0.0; 0.0; 0.0; 0.0; 0.0; 0.0; 0.0; 0.0; 0.0; 0.0; 1.82; 0.85; 4.81; 5.1; 25.0; -25.0; 0.0; 0; 0; 0.0; 0.0; 1; 6.17762962321; 2.14827755036; 1.8445819209; 0; 0; 0; 0; 0.0; 0.0; 0.0; -1.0; 0.0; 0.0; 0.0; 0.0; 0.0; 1.0;0; 0;0; 0; 
37.744669199; 106350; 0.0; 0.0; -0.18503; 0.0; 0.0; 0.0; 0.0; 0.0; 0.0; 0.0; 0.0; 0.0; 0.0; 0.0; 0.0; 0.0; 0.0; 1.82; 0.85; 4.81; 5.1; 25.0; -25.0; 0.0; 0; 0; 0.0; 0.0; 1; 6.17762962321; 2.14827755036; 1.8445819209; 0; 0; 0; 0; 0.0; 0.0; 0.0; -1.0; 0.0; 0.0; 0.0; 0.0; 0.0; 1.0;0; 0;0; 0; 
37.7557389736; 106360; 0.0; 0.0; -0.18464; 0.0; 0.0; 0.0; 0.0; 0.0; 0.0; 0.0; 0.0; 0.0; 0.0; 0.0; 0.0; 0.0; 0.0; 1.82; 0.85; 4.81; 5.1; 25.0; -25.0; 0.0; 0; 0; 0.0; 0.0; 1; 6.17762962321; 2.14827755036; 1.8445819209; 0; 0; 0; 0; 0.0; 0.0; 0.0; -1.0; 0.0; 0.0; 0.0; 0.0; 0.0; 1.0;0; 0;0; 0; 
37.767343998; 106360; 0.0; 0.0; -0.18421; 0.0; 0.0; 0.0; 0.0; 0.0; 0.0; 0.0; 0.0; 0.0; 0.0; 0.0; 0.0; 0.0; 0.0; 1.82; 0.85; 4.81; 5.1; 25.0; -25.0; 0.0; 0; 0; 0.0; 0.0; 1; 6.17762962321; 2.14827755036; 1.8445819209; 0; 0; 0; 0; 0.0; 0.0; 0.0; -1.0; 0.0; 0.0; 0.0; 0.0; 0.0; 1.0;0; 0;0; 0; 
37.7789230347; 106370; 0.0; 0.0; -0.18373; 0.0; 0.0; 0.0; 0.0; 0.0; 0.0; 0.0; 0.0; 0.0; 0.0; 0.0; 0.0; 0.0; 0.0; 1.82; 0.85; 4.81; 5.1; 25.0; -25.0; 0.0; 0; 0; 0.0; 0.0; 1; 6.17762962321; 2.14827755036; 1.8445819209; 0; 0; 0; 0; 0.0; 0.0; 0.0; -1.0; 0.0; 0.0; 0.0; 0.0; 0.0; 1.0;0; 0;0; 0; 
37.7901031971; 106370; 0.0; 0.0; -0.1832; 0.0; 0.0; 0.0; 0.0; 0.0; 0.0; 0.0; 0.0; 0.0; 0.0; 0.0; 0.0; 0.0; 0.0; 1.82; 0.85; 4.81; 5.1; 25.0; -25.0; 0.0; 0; 0; 0.0; 0.0; 1; 6.17762962321; 2.14827755036; 1.8445819209; 0; 0; 0; 0; 0.0; 0.0; 0.0; -1.0; 0.0; 0.0; 0.0; 0.0; 0.0; 1.0;0; 0;0; 0; 
37.8011760712; 106380; 0.0; 0.0; -0.1827; 0.0; 0.0; 0.0; 0.0; 0.0; 0.0; 0.0; 0.0; 0.0; 0.0; 0.0; 0.0; 0.0; 0.0; 1.82; 0.85; 4.81; 5.1; 25.0; -25.0; 0.0; 0; 0; 0.0; 0.0; 1; 6.17762962321; 2.14827755036; 1.8445819209; 0; 0; 0; 0; 0.0; 0.0; 0.0; -1.0; 0.0; 0.0; 0.0; 0.0; 0.0; 1.0;0; 0;0; 0; 
37.8128151894; 106380; 0.0; 0.0; -0.18224; 0.0; 0.0; 0.0; 0.0; 0.0; 0.0; 0.0; 0.0; 0.0; 0.0; 0.0; 0.0; 0.0; 0.0; 1.82; 0.85; 4.81; 5.1; 25.0; -25.0; 0.0; 0; 0; 0.0; 0.0; 1; 6.17762962321; 2.14827755036; 1.8445819209; 0; 0; 0; 0; 0.0; 0.0; 0.0; -1.0; 0.0; 0.0; 0.0; 0.0; 0.0; 1.0;0; 0;0; 0; 
37.8246490955; 106390; 0.0; 0.0; -0.18182; 0.0; 0.0; 0.0; 0.0; 0.0; 0.0; 0.0; 0.0; 0.0; 0.0; 0.0; 0.0; 0.0; 0.0; 1.82; 0.85; 4.81; 5.1; 25.0; -25.0; 0.0; 0; 0; 0.0; 0.0; 1; 6.17762962321; 2.14827755036; 1.8445819209; 0; 0; 0; 0; 0.0; 0.0; 0.0; -1.0; 0.0; 0.0; 0.0; 0.0; 0.0; 1.0;0; 0;0; 0; 
37.8365621567; 106390; 0.0; 0.0; -0.18151; 0.0; 0.0; 0.0; 0.0; 0.0; 0.0; 0.0; 0.0; 0.0; 0.0; 0.0; 0.0; 0.0; 0.0; 1.82; 0.85; 4.81; 5.1; 25.0; -25.0; 0.0; 0; 0; 0.0; 0.0; 1; 6.17762962321; 2.14827755036; 1.8445819209; 0; 0; 0; 0; 0.0; 0.0; 0.0; -1.0; 0.0; 0.0; 0.0; 0.0; 0.0; 1.0;0; 0;0; 0; 
37.8482220173; 106400; 0.0; 0.0; -0.18129; 0.0; 0.0; 0.0; 0.0; 0.0; 0.0; 0.0; 0.0; 0.0; 0.0; 0.0; 0.0; 0.0; 0.0; 1.82; 0.85; 4.81; 5.1; 25.0; -25.0; 0.0; 0; 0; 0.0; 0.0; 1; 6.17762962321; 2.14827755036; 1.8445819209; 0; 0; 0; 0; 0.0; 0.0; 0.0; -1.0; 0.0; 0.0; 0.0; 0.0; 0.0; 1.0;0; 0;0; 0; 
37.8595709801; 106400; 0.0; 0.0; -0.18125; 0.0; 0.0; 0.0; 0.0; 0.0; 0.0; 0.0; 0.0; 0.0; 0.0; 0.0; 0.0; 0.0; 0.0; 1.82; 0.85; 4.81; 5.1; 25.0; -25.0; 0.0; 0; 0; 0.0; 0.0; 1; 6.17762962321; 2.14827755036; 1.8445819209; 0; 0; 0; 0; 0.0; 0.0; 0.0; -1.0; 0.0; 0.0; 0.0; 0.0; 0.0; 1.0;0; 0;0; 0; 
37.8704521656; 106410; 0.0; 0.0; -0.18137; 0.0; 0.0; 0.0; 0.0; 0.0; 0.0; 0.0; 0.0; 0.0; 0.0; 0.0; 0.0; 0.0; 0.0; 1.82; 0.85; 4.81; 5.1; 25.0; -25.0; 0.0; 0; 0; 0.0; 0.0; 1; 6.16757891502; 2.18282715597; 1.86502979874; 0; 0; 0; 0; 0.0; 0.0; 0.0; -1.0; 0.0; 0.0; 0.0; 0.0; 0.0; 1.0;0; 0;0; 0; 
37.8819541931; 106410; 0.0; 0.0; -0.18163; 0.0; 0.0; 0.0; 0.0; 0.0; 0.0; 0.0; 0.0; 0.0; 0.0; 0.0; 0.0; 0.0; 0.0; 1.82; 0.85; 4.81; 5.1; 25.0; -25.0; 0.0; 0; 0; 0.0; 0.0; 1; 6.16757891502; 2.18282715597; 1.86502979874; 0; 0; 0; 0; 0.0; 0.0; 0.0; -1.0; 0.0; 0.0; 0.0; 0.0; 0.0; 1.0;0; 0;0; 0; 
37.8933031559; 106420; 0.0; 0.0; -0.18207; 0.0; 0.0; 0.0; 0.0; 0.0; 0.0; 0.0; 0.0; 0.0; 0.0; 0.0; 0.0; 0.0; 0.0; 1.82; 0.85; 4.81; 5.1; 25.0; -25.0; 0.0; 0; 0; 0.0; 0.0; 1; 6.16757891502; 2.18282715597; 1.86502979874; 0; 0; 0; 0; 0.0; 0.0; 0.0; -1.0; 0.0; 0.0; 0.0; 0.0; 0.0; 1.0;0; 0;0; 0; 
37.9042990208; 106420; 0.0; 0.0; -0.1826; 0.0; 0.0; 0.0; 0.0; 0.0; 0.0; 0.0; 0.0; 0.0; 0.0; 0.0; 0.0; 0.0; 0.0; 1.82; 0.85; 4.81; 5.1; 25.0; -25.0; 0.0; 0; 0; 0.0; 0.0; 1; 6.16757891502; 2.18282715597; 1.86502979874; 0; 0; 0; 0; 0.0; 0.0; 0.0; -1.0; 0.0; 0.0; 0.0; 0.0; 0.0; 1.0;0; 0;0; 0; 
37.9161469936; 106430; 0.0; 0.0; -0.18319; 0.0; 0.0; 0.0; 0.0; 0.0; 0.0; 0.0; 0.0; 0.0; 0.0; 0.0; 0.0; 0.0; 0.0; 1.82; 0.85; 4.81; 5.1; 25.0; -25.0; 0.0; 0; 0; 0.0; 0.0; 1; 6.16757891502; 2.18282715597; 1.86502979874; 0; 0; 0; 0; 0.0; 0.0; 0.0; -1.0; 0.0; 0.0; 0.0; 0.0; 0.0; 1.0;0; 0;0; 0; 
37.9285299778; 106430; 0.0; 0.0; -0.18377; 0.0; 0.0; 0.0; 0.0; 0.0; 0.0; 0.0; 0.0; 0.0; 0.0; 0.0; 0.0; 0.0; 0.0; 1.82; 0.85; 4.81; 5.1; 25.0; -25.0; 0.0; 0; 0; 0.0; 0.0; 1; 6.16757891502; 2.18282715597; 1.86502979874; 0; 0; 0; 0; 0.0; 0.0; 0.0; -1.0; 0.0; 0.0; 0.0; 0.0; 0.0; 1.0;0; 0;0; 0; 
37.9403541088; 106440; 0.0; 0.0; -0.18423; 0.0; 0.0; 0.0; 0.0; 0.0; 0.0; 0.0; 0.0; 0.0; 0.0; 0.0; 0.0; 0.0; 0.0; 1.82; 0.85; 4.81; 5.1; 25.0; -25.0; 0.0; 0; 0; 0.0; 0.0; 1; 6.16757891502; 2.18282715597; 1.86502979874; 0; 0; 0; 0; 0.0; 0.0; 0.0; -1.0; 0.0; 0.0; 0.0; 0.0; 0.0; 1.0;0; 0;0; 0; 
37.9528181553; 106440; 0.0; 0.0; -0.18454; 0.0; 0.0; 0.0; 0.0; 0.0; 0.0; 0.0; 0.0; 0.0; 0.0; 0.0; 0.0; 0.0; 0.0; 1.82; 0.85; 4.81; 5.1; 25.0; -25.0; 0.0; 0; 0; 0.0; 0.0; 1; 6.16757891502; 2.18282715597; 1.86502979874; 0; 0; 0; 0; 0.0; 0.0; 0.0; -1.0; 0.0; 0.0; 0.0; 0.0; 0.0; 1.0;0; 0;0; 0; 
37.9654281139; 106450; 0.0; 0.0; -0.18457; 0.0; 0.0; 0.0; 0.0; 0.0; 0.0; 0.0; 0.0; 0.0; 0.0; 0.0; 0.0; 0.0; 0.0; 1.82; 0.85; 4.81; 5.1; 25.0; -25.0; 0.0; 0; 0; 0.0; 0.0; 1; 6.16757891502; 2.18282715597; 1.86502979874; 0; 0; 0; 0; 0.0; 0.0; 0.0; -1.0; 0.0; 0.0; 0.0; 0.0; 0.0; 1.0;0; 0;0; 0; 
37.9787740707; 106450; 0.0; 0.0; -0.18431; 0.0; 0.0; 0.0; 0.0; 0.0; 0.0; 0.0; 0.0; 0.0; 0.0; 0.0; 0.0; 0.0; 0.0; 1.82; 0.85; 4.81; 5.1; 25.0; -25.0; 0.0; 0; 0; 0.0; 0.0; 1; 6.16757891502; 2.18282715597; 1.86502979874; 0; 0; 0; 0; 0.0; 0.0; 0.0; -1.0; 0.0; 0.0; 0.0; 0.0; 0.0; 1.0;0; 0;0; 0; 
37.9895420074; 106460; 0.0; 0.0; -0.18374; 0.0; 0.0; 0.0; 0.0; 0.0; 0.0; 0.0; 0.0; 0.0; 0.0; 0.0; 0.0; 0.0; 0.0; 1.82; 0.85; 4.81; 5.1; 25.0; -25.0; 0.0; 0; 0; 0.0; 0.0; 1; 6.16757891502; 2.18282715597; 1.86502979874; 0; 0; 0; 0; 0.0; 0.0; 0.0; -1.0; 0.0; 0.0; 0.0; 0.0; 0.0; 1.0;0; 0;0; 0; 
38.0016160011; 106460; 0.0; 0.0; -0.18287; 0.0; 0.0; 0.0; 0.0; 0.0; 0.0; 0.0; 0.0; 0.0; 0.0; 0.0; 0.0; 0.0; 0.0; 1.82; 0.85; 4.81; 5.1; 25.0; -25.0; 0.0; 0; 0; 0.0; 0.0; 1; 6.16757891502; 2.18282715597; 1.86502979874; 0; 0; 0; 0; 0.0; 0.0; 0.0; -1.0; 0.0; 0.0; 0.0; 0.0; 0.0; 1.0;0; 0;0; 0; 
38.0130300522; 106470; 0.0; 0.0; -0.18173; 0.0; 0.0; 0.0; 0.0; 0.0; 0.0; 0.0; 0.0; 0.0; 0.0; 0.0; 0.0; 0.0; 0.0; 1.82; 0.85; 4.81; 5.1; 25.0; -25.0; 0.0; 0; 0; 0.0; 0.0; 1; 6.16757891502; 2.18282715597; 1.86502979874; 0; 0; 0; 0; 0.0; 0.0; 0.0; -1.0; 0.0; 0.0; 0.0; 0.0; 0.0; 1.0;0; 0;0; 0; 
38.0247981548; 106470; 0.0; 0.0; -0.18047; 0.0; 0.0; 0.0; 0.0; 0.0; 0.0; 0.0; 0.0; 0.0; 0.0; 0.0; 0.0; 0.0; 0.0; 1.82; 0.85; 4.81; 5.1; 25.0; -25.0; 0.0; 0; 0; 0.0; 0.0; 1; 6.16757891502; 2.18282715597; 1.86502979874; 0; 0; 0; 0; 0.0; 0.0; 0.0; -1.0; 0.0; 0.0; 0.0; 0.0; 0.0; 1.0;0; 0;0; 0; 
38.0361471176; 106480; 0.0; 0.0; -0.1792; 0.0; 0.0; 0.0; 0.0; 0.0; 0.0; 0.0; 0.0; 0.0; 0.0; 0.0; 0.0; 0.0; 0.0; 1.82; 0.85; 4.81; 5.1; 25.0; -25.0; 0.0; 0; 0; 0.0; 0.0; 1; 6.16757891502; 2.18282715597; 1.86502979874; 0; 0; 0; 0; 0.0; 0.0; 0.0; -1.0; 0.0; 0.0; 0.0; 0.0; 0.0; 1.0;0; 0;0; 0; 
38.0481309891; 106480; 0.0; 0.0; -0.17798; 0.0; 0.0; 0.0; 0.0; 0.0; 0.0; 0.0; 0.0; 0.0; 0.0; 0.0; 0.0; 0.0; 0.0; 1.82; 0.85; 4.81; 5.1; 25.0; -25.0; 0.0; 0; 0; 0.0; 0.0; 1; 6.16757891502; 2.18282715597; 1.86502979874; 0; 0; 0; 0; 0.0; 0.0; 0.0; -1.0; 0.0; 0.0; 0.0; 0.0; 0.0; 1.0;0; 0;0; 0; 
38.0590569973; 106490; 0.0; 0.0; -0.17697; 0.0; 0.0; 0.0; 0.0; 0.0; 0.0; 0.0; 0.0; 0.0; 0.0; 0.0; 0.0; 0.0; 0.0; 1.82; 0.85; 4.81; 5.1; 25.0; -25.0; 0.0; 0; 0; 0.0; 0.0; 1; 6.16757891502; 2.18282715597; 1.86502979874; 0; 0; 0; 0; 0.0; 0.0; 0.0; -1.0; 0.0; 0.0; 0.0; 0.0; 0.0; 1.0;0; 0;0; 0; 
38.070374012; 106490; 0.0; 0.0; -0.17621; 0.0; 0.0; 0.0; 0.0; 0.0; 0.0; 0.0; 0.0; 0.0; 0.0; 0.0; 0.0; 0.0; 0.0; 1.82; 0.85; 4.81; 5.1; 25.0; -25.0; 0.0; 0; 0; 0.0; 0.0; 1; 6.16757891502; 2.18282715597; 1.86502979874; 0; 0; 0; 0; 0.0; 0.0; 0.0; -1.0; 0.0; 0.0; 0.0; 0.0; 0.0; 1.0;0; 0;0; 0; 
38.081195116; 106500; 0.0; 0.0; -0.17587; 0.0; 0.0; 0.0; 0.0; 0.0; 0.0; 0.0; 0.0; 0.0; 0.0; 0.0; 0.0; 0.0; 0.0; 1.82; 0.85; 4.81; 5.1; 25.0; -25.0; 0.0; 0; 0; 0.0; 0.0; 1; 6.16757891502; 2.18282715597; 1.86502979874; 0; 0; 0; 0; 0.0; 0.0; 0.0; -1.0; 0.0; 0.0; 0.0; 0.0; 0.0; 1.0;0; 0;0; 0; 
38.0933511257; 106500; 0.0; 0.0; -0.17595; 0.0; 0.0; 0.0; 0.0; 0.0; 0.0; 0.0; 0.0; 0.0; 0.0; 0.0; 0.0; 0.0; 0.0; 1.82; 0.85; 4.81; 5.1; 25.0; -25.0; 0.0; 0; 0; 0.0; 0.0; 1; 6.16757891502; 2.18282715597; 1.86502979874; 0; 0; 0; 0; 0.0; 0.0; 0.0; -1.0; 0.0; 0.0; 0.0; 0.0; 0.0; 1.0;0; 0;0; 0; 
38.1055181026; 106510; 0.0; 0.0; -0.1764; 0.0; 0.0; 0.0; 0.0; 0.0; 0.0; 0.0; 0.0; 0.0; 0.0; 0.0; 0.0; 0.0; 0.0; 1.82; 0.85; 4.81; 5.1; 25.0; -25.0; 0.0; 0; 0; 0.0; 0.0; 1; 6.15634718025; 2.21869841021; 1.88529738476; 0; 0; 0; 0; 0.0; 0.0; 0.0; -1.0; 0.0; 0.0; 0.0; 0.0; 0.0; 1.0;0; 0;0; 0; 
38.1173601151; 106510; 0.0; 0.0; -0.17725; 0.0; 0.0; 0.0; 0.0; 0.0; 0.0; 0.0; 0.0; 0.0; 0.0; 0.0; 0.0; 0.0; 0.0; 1.82; 0.85; 4.81; 5.1; 25.0; -25.0; 0.0; 0; 0; 0.0; 0.0; 1; 6.15634718025; 2.21869841021; 1.88529738476; 0; 0; 0; 0; 0.0; 0.0; 0.0; -1.0; 0.0; 0.0; 0.0; 0.0; 0.0; 1.0;0; 0;0; 0; 
38.1287250519; 106520; 0.0; 0.0; -0.17839; 0.0; 0.0; 0.0; 0.0; 0.0; 0.0; 0.0; 0.0; 0.0; 0.0; 0.0; 0.0; 0.0; 0.0; 1.82; 0.85; 4.81; 5.1; 25.0; -25.0; 0.0; 0; 0; 0.0; 0.0; 1; 6.15634718025; 2.21869841021; 1.88529738476; 0; 0; 0; 0; 0.0; 0.0; 0.0; -1.0; 0.0; 0.0; 0.0; 0.0; 0.0; 1.0;0; 0;0; 0; 
38.1401240826; 106520; 0.0; 0.0; -0.17981; 0.0; 0.0; 0.0; 0.0; 0.0; 0.0; 0.0; 0.0; 0.0; 0.0; 0.0; 0.0; 0.0; 0.0; 1.82; 0.85; 4.81; 5.1; 25.0; -25.0; 0.0; 0; 0; 0.0; 0.0; 1; 6.15634718025; 2.21869841021; 1.88529738476; 0; 0; 0; 0; 0.0; 0.0; 0.0; -1.0; 0.0; 0.0; 0.0; 0.0; 0.0; 1.0;0; 0;0; 0; 
38.1514730453; 106530; 0.0; 0.0; -0.18134; 0.0; 0.0; 0.0; 0.0; 0.0; 0.0; 0.0; 0.0; 0.0; 0.0; 0.0; 0.0; 0.0; 0.0; 1.82; 0.85; 4.81; 5.1; 25.0; -25.0; 0.0; 0; 0; 0.0; 0.0; 1; 6.15634718025; 2.21869841021; 1.88529738476; 0; 0; 0; 0; 0.0; 0.0; 0.0; -1.0; 0.0; 0.0; 0.0; 0.0; 0.0; 1.0;0; 0;0; 0; 
38.1638391018; 106530; 0.0; 0.0; -0.1829; 0.0; 0.0; 0.0; 0.0; 0.0; 0.0; 0.0; 0.0; 0.0; 0.0; 0.0; 0.0; 0.0; 0.0; 1.82; 0.85; 4.81; 5.1; 25.0; -25.0; 0.0; 0; 0; 0.0; 0.0; 1; 6.15634718025; 2.21869841021; 1.88529738476; 0; 0; 0; 0; 0.0; 0.0; 0.0; -1.0; 0.0; 0.0; 0.0; 0.0; 0.0; 1.0;0; 0;0; 0; 
38.1764321327; 106540; 0.0; 0.0; -0.18446; 0.0; 0.0; 0.0; 0.0; 0.0; 0.0; 0.0; 0.0; 0.0; 0.0; 0.0; 0.0; 0.0; 0.0; 1.82; 0.85; 4.81; 5.1; 25.0; -25.0; 0.0; 0; 0; 0.0; 0.0; 1; 6.15634718025; 2.21869841021; 1.88529738476; 0; 0; 0; 0; 0.0; 0.0; 0.0; -1.0; 0.0; 0.0; 0.0; 0.0; 0.0; 1.0;0; 0;0; 0; 
38.1885781288; 106540; 0.0; 0.0; -0.18585; 0.0; 0.0; 0.0; 0.0; 0.0; 0.0; 0.0; 0.0; 0.0; 0.0; 0.0; 0.0; 0.0; 0.0; 1.84; 0.0; 3.2; 5.34; 25.0; -25.0; 0.0; 0; 0; 0.0; 0.0; 1; 6.15634718025; 2.21869841021; 1.88529738476; 0; 0; 0; 0; 0.0; 0.0; 0.0; -1.0; 0.0; 0.0; 0.0; 0.0; 0.0; 1.0;0; 0;0; 0; 
38.2020130157; 106550; 0.0; 0.0; -0.18715; 0.0; 0.0; 0.0; 0.0; 0.0; 0.0; 0.0; 0.0; 0.0; 0.0; 0.0; 0.0; 0.0; 0.0; 1.84; 0.0; 3.2; 5.34; 25.0; -25.0; 0.0; 0; 0; 0.0; 0.0; 1; 6.15634718025; 2.21869841021; 1.88529738476; 0; 0; 0; 0; 0.0; 0.0; 0.0; -1.0; 0.0; 0.0; 0.0; 0.0; 0.0; 1.0;0; 0;0; 0; 
38.2130861282; 106550; 0.0; 0.0; -0.18824; 0.0; 0.0; 0.0; 0.0; 0.0; 0.0; 0.0; 0.0; 0.0; 0.0; 0.0; 0.0; 0.0; 0.0; 1.84; 0.0; 3.2; 5.34; 25.0; -25.0; 0.0; 0; 0; 0.0; 0.0; 1; 6.15634718025; 2.21869841021; 1.88529738476; 0; 0; 0; 0; 0.0; 0.0; 0.0; -1.0; 0.0; 0.0; 0.0; 0.0; 0.0; 1.0;0; 0;0; 0; 
38.2258591652; 106560; 0.0; 0.0; -0.1891; 0.0; 0.0; 0.0; 0.0; 0.0; 0.0; 0.0; 0.0; 0.0; 0.0; 0.0; 0.0; 0.0; 0.0; 1.84; 0.0; 3.2; 5.34; 25.0; -25.0; 0.0; 0; 0; 0.0; 0.0; 1; 6.15634718025; 2.21869841021; 1.88529738476; 0; 0; 0; 0; 0.0; 0.0; 0.0; -1.0; 0.0; 0.0; 0.0; 0.0; 0.0; 1.0;0; 0;0; 0; 
38.2377800941; 106560; 0.0; 0.0; -0.18974; 0.0; 0.0; 0.0; 0.0; 0.0; 0.0; 0.0; 0.0; 0.0; 0.0; 0.0; 0.0; 0.0; 0.0; 1.84; 0.0; 3.2; 5.34; 25.0; -25.0; 0.0; 0; 0; 0.0; 0.0; 1; 6.15634718025; 2.21869841021; 1.88529738476; 0; 0; 0; 0; 0.0; 0.0; 0.0; -1.0; 0.0; 0.0; 0.0; 0.0; 0.0; 1.0;0; 0;0; 0; 
38.2495791912; 106570; 0.0; 0.0; -0.19012; 0.0; 0.0; 0.0; 0.0; 0.0; 0.0; 0.0; 0.0; 0.0; 0.0; 0.0; 0.0; 0.0; 0.0; 1.84; 0.0; 3.2; 5.34; 25.0; -25.0; 0.0; 0; 0; 0.0; 0.0; 1; 6.15634718025; 2.21869841021; 1.88529738476; 0; 0; 0; 0; 0.0; 0.0; 0.0; -1.0; 0.0; 0.0; 0.0; 0.0; 0.0; 1.0;0; 0;0; 0; 
38.2620000839; 106570; 0.0; 0.0; -0.19034; 0.0; 0.0; 0.0; 0.0; 0.0; 0.0; 0.0; 0.0; 0.0; 0.0; 0.0; 0.0; 0.0; 0.0; 1.84; 0.0; 3.2; 5.34; 25.0; -25.0; 0.0; 0; 0; 0.0; 0.0; 1; 6.15634718025; 2.21869841021; 1.88529738476; 0; 0; 0; 0; 0.0; 0.0; 0.0; -1.0; 0.0; 0.0; 0.0; 0.0; 0.0; 1.0;0; 0;0; 0; 
38.2740390301; 106580; 0.0; 0.0; -0.19039; 0.0; 0.0; 0.0; 0.0; 0.0; 0.0; 0.0; 0.0; 0.0; 0.0; 0.0; 0.0; 0.0; 0.0; 1.84; 0.0; 3.2; 5.34; 25.0; -25.0; 0.0; 0; 0; 0.0; 0.0; 1; 6.15634718025; 2.21869841021; 1.88529738476; 0; 0; 0; 0; 0.0; 0.0; 0.0; -1.0; 0.0; 0.0; 0.0; 0.0; 0.0; 1.0;0; 0;0; 0; 
38.2867670059; 106580; 0.0; 0.0; -0.19029; 0.0; 0.0; 0.0; 0.0; 0.0; 0.0; 0.0; 0.0; 0.0; 0.0; 0.0; 0.0; 0.0; 0.0; 1.84; 0.0; 3.2; 5.34; 25.0; -25.0; 0.0; 0; 0; 0.0; 0.0; 1; 6.15634718025; 2.21869841021; 1.88529738476; 0; 0; 0; 0; 0.0; 0.0; 0.0; -1.0; 0.0; 0.0; 0.0; 0.0; 0.0; 1.0;0; 0;0; 0; 
38.3002080917; 106590; 0.0; 0.0; -0.19014; 0.0; 0.0; 0.0; 0.0; 0.0; 0.0; 0.0; 0.0; 0.0; 0.0; 0.0; 0.0; 0.0; 0.0; 1.84; 0.0; 3.2; 5.34; 25.0; -25.0; 0.0; 0; 0; 0.0; 0.0; 1; 6.15634718025; 2.21869841021; 1.88529738476; 0; 0; 0; 0; 0.0; 0.0; 0.0; -1.0; 0.0; 0.0; 0.0; 0.0; 0.0; 1.0;0; 0;0; 0; 
38.3127970695; 106590; 0.0; 0.0; -0.18998; 0.0; 0.0; 0.0; 0.0; 0.0; 0.0; 0.0; 0.0; 0.0; 0.0; 0.0; 0.0; 0.0; 0.0; 1.84; 0.0; 3.2; 5.34; 25.0; -25.0; 0.0; 0; 0; 0.0; 0.0; 1; 6.15634718025; 2.21869841021; 1.88529738476; 0; 0; 0; 0; 0.0; 0.0; 0.0; -1.0; 0.0; 0.0; 0.0; 0.0; 0.0; 1.0;0; 0;0; 0; 
38.3252999783; 106600; 0.0; 0.0; -0.18984; 0.0; 0.0; 0.0; 0.0; 0.0; 0.0; 0.0; 0.0; 0.0; 0.0; 0.0; 0.0; 0.0; 0.0; 1.84; 0.0; 3.2; 5.34; 25.0; -25.0; 0.0; 0; 0; 0.0; 0.0; 1; 6.15634718025; 2.21869841021; 1.88529738476; 0; 0; 0; 0; 0.0; 0.0; 0.0; -1.0; 0.0; 0.0; 0.0; 0.0; 0.0; 1.0;0; 0;0; 0; 
38.3374130726; 106600; 0.0; 0.0; -0.18976; 0.0; 0.0; 0.0; 0.0; 0.0; 0.0; 0.0; 0.0; 0.0; 0.0; 0.0; 0.0; 0.0; 0.0; 1.84; 0.0; 3.2; 5.34; 25.0; -25.0; 0.0; 0; 0; 0.0; 0.0; 1; 6.15634718025; 2.21869841021; 1.88529738476; 0; 0; 0; 0; 0.0; 0.0; 0.0; -1.0; 0.0; 0.0; 0.0; 0.0; 0.0; 1.0;0; 0;0; 0; 
38.3492770195; 106610; 0.0; 0.0; -0.18967; 0.0; 0.0; 0.0; 0.0; 0.0; 0.0; 0.0; 0.0; 0.0; 0.0; 0.0; 0.0; 0.0; 0.0; 1.84; 0.0; 3.2; 5.34; 25.0; -25.0; 0.0; 0; 0; 0.0; 0.0; 1; 6.14426866214; 2.25471315687; 1.90592040775; 0; 0; 0; 0; 0.0; 0.0; 0.0; -1.0; 0.0; 0.0; 0.0; 0.0; 0.0; 1.0;0; 0;0; 0; 
38.3615951538; 106610; 0.0; 0.0; -0.18964; 0.0; 0.0; 0.0; 0.0; 0.0; 0.0; 0.0; 0.0; 0.0; 0.0; 0.0; 0.0; 0.0; 0.0; 1.84; 0.0; 3.2; 5.34; 25.0; -25.0; 0.0; 0; 0; 0.0; 0.0; 1; 6.14426866214; 2.25471315687; 1.90592040775; 0; 0; 0; 0; 0.0; 0.0; 0.0; -1.0; 0.0; 0.0; 0.0; 0.0; 0.0; 1.0;0; 0;0; 0; 
38.3733770847; 106620; 0.0; 0.0; -0.18969; 0.0; 0.0; 0.0; 0.0; 0.0; 0.0; 0.0; 0.0; 0.0; 0.0; 0.0; 0.0; 0.0; 0.0; 1.84; 0.0; 3.2; 5.34; 25.0; -25.0; 0.0; 0; 0; 0.0; 0.0; 1; 6.14426866214; 2.25471315687; 1.90592040775; 0; 0; 0; 0; 0.0; 0.0; 0.0; -1.0; 0.0; 0.0; 0.0; 0.0; 0.0; 1.0;0; 0;0; 0; 
38.3850121498; 106620; 0.0; 0.0; -0.1898; 0.0; 0.0; 0.0; 0.0; 0.0; 0.0; 0.0; 0.0; 0.0; 0.0; 0.0; 0.0; 0.0; 0.0; 1.84; 0.0; 3.2; 5.34; 25.0; -25.0; 0.0; 0; 0; 0.0; 0.0; 1; 6.14426866214; 2.25471315687; 1.90592040775; 0; 0; 0; 0; 0.0; 0.0; 0.0; -1.0; 0.0; 0.0; 0.0; 0.0; 0.0; 1.0;0; 0;0; 0; 
38.3973340988; 106630; 0.0; 0.0; -0.18997; 0.0; 0.0; 0.0; 0.0; 0.0; 0.0; 0.0; 0.0; 0.0; 0.0; 0.0; 0.0; 0.0; 0.0; 1.84; 0.0; 3.2; 5.34; 25.0; -25.0; 0.0; 0; 0; 0.0; 0.0; 1; 6.14426866214; 2.25471315687; 1.90592040775; 0; 0; 0; 0; 0.0; 0.0; 0.0; -1.0; 0.0; 0.0; 0.0; 0.0; 0.0; 1.0;0; 0;0; 0; 
38.408823967; 106630; 0.0; 0.0; -0.19016; 0.0; 0.0; 0.0; 0.0; 0.0; 0.0; 0.0; 0.0; 0.0; 0.0; 0.0; 0.0; 0.0; 0.0; 1.84; 0.0; 3.2; 5.34; 25.0; -25.0; 0.0; 0; 0; 0.0; 0.0; 1; 6.14426866214; 2.25471315687; 1.90592040775; 0; 0; 0; 0; 0.0; 0.0; 0.0; -1.0; 0.0; 0.0; 0.0; 0.0; 0.0; 1.0;0; 0;0; 0; 
38.4203541279; 106640; 0.0; 0.0; -0.19043; 0.0; 0.0; 0.0; 0.0; 0.0; 0.0; 0.0; 0.0; 0.0; 0.0; 0.0; 0.0; 0.0; 0.0; 1.84; 0.0; 3.2; 5.34; 25.0; -25.0; 0.0; 0; 0; 0.0; 0.0; 1; 6.14426866214; 2.25471315687; 1.90592040775; 0; 0; 0; 0; 0.0; 0.0; 0.0; -1.0; 0.0; 0.0; 0.0; 0.0; 0.0; 1.0;0; 0;0; 0; 
38.4312901497; 106640; 0.0; 0.0; -0.19075; 0.0; 0.0; 0.0; 0.0; 0.0; 0.0; 0.0; 0.0; 0.0; 0.0; 0.0; 0.0; 0.0; 0.0; 1.88; 0.88; 3.24; 5.18; 25.0; -25.0; 0.0; 0; 0; 0.0; 0.0; 1; 6.14426866214; 2.25471315687; 1.90592040775; 0; 0; 0; 0; 0.0; 0.0; 0.0; -1.0; 0.0; 0.0; 0.0; 0.0; 0.0; 1.0;0; 0;0; 0; 
38.4437551498; 106650; 0.0; 0.0; -0.1911; 0.0; 0.0; 0.0; 0.0; 0.0; 0.0; 0.0; 0.0; 0.0; 0.0; 0.0; 0.0; 0.0; 0.0; 1.88; 0.88; 3.24; 5.18; 25.0; -25.0; 0.0; 0; 0; 0.0; 0.0; 1; 6.14426866214; 2.25471315687; 1.90592040775; 0; 0; 0; 0; 0.0; 0.0; 0.0; -1.0; 0.0; 0.0; 0.0; 0.0; 0.0; 1.0;0; 0;0; 0; 
38.4552891254; 106650; 0.0; 0.0; -0.19152; 0.0; 0.0; 0.0; 0.0; 0.0; 0.0; 0.0; 0.0; 0.0; 0.0; 0.0; 0.0; 0.0; 0.0; 1.88; 0.88; 3.24; 5.18; 25.0; -25.0; 0.0; 0; 0; 0.0; 0.0; 1; 6.14426866214; 2.25471315687; 1.90592040775; 0; 0; 0; 0; 0.0; 0.0; 0.0; -1.0; 0.0; 0.0; 0.0; 0.0; 0.0; 1.0;0; 0;0; 0; 
38.4667711258; 106660; 0.0; 0.0; -0.19201; 0.0; 0.0; 0.0; 0.0; 0.0; 0.0; 0.0; 0.0; 0.0; 0.0; 0.0; 0.0; 0.0; 0.0; 1.88; 0.88; 3.24; 5.18; 25.0; -25.0; 0.0; 0; 0; 0.0; 0.0; 1; 6.14426866214; 2.25471315687; 1.90592040775; 0; 0; 0; 0; 0.0; 0.0; 0.0; -1.0; 0.0; 0.0; 0.0; 0.0; 0.0; 1.0;0; 0;0; 0; 
38.4776601791; 106660; 0.0; 0.0; -0.19247; 0.0; 0.0; 0.0; 0.0; 0.0; 0.0; 0.0; 0.0; 0.0; 0.0; 0.0; 0.0; 0.0; 0.0; 1.88; 0.88; 3.24; 5.18; 25.0; -25.0; 0.0; 0; 0; 0.0; 0.0; 1; 6.14426866214; 2.25471315687; 1.90592040775; 0; 0; 0; 0; 0.0; 0.0; 0.0; -1.0; 0.0; 0.0; 0.0; 0.0; 0.0; 1.0;0; 0;0; 0; 
38.4891140461; 106670; 0.0; 0.0; -0.19284; 0.0; 0.0; 0.0; 0.0; 0.0; 0.0; 0.0; 0.0; 0.0; 0.0; 0.0; 0.0; 0.0; 0.0; 1.88; 0.88; 3.24; 5.18; 25.0; -25.0; 0.0; 0; 0; 0.0; 0.0; 1; 6.14426866214; 2.25471315687; 1.90592040775; 0; 0; 0; 0; 0.0; 0.0; 0.0; -1.0; 0.0; 0.0; 0.0; 0.0; 0.0; 1.0;0; 0;0; 0; 
38.4997019768; 106670; 0.0; 0.0; -0.19309; 0.0; 0.0; 0.0; 0.0; 0.0; 0.0; 0.0; 0.0; 0.0; 0.0; 0.0; 0.0; 0.0; 0.0; 1.88; 0.88; 3.24; 5.18; 25.0; -25.0; 0.0; 0; 0; 0.0; 0.0; 1; 6.14426866214; 2.25471315687; 1.90592040775; 0; 0; 0; 0; 0.0; 0.0; 0.0; -1.0; 0.0; 0.0; 0.0; 0.0; 0.0; 1.0;0; 0;0; 0; 
38.5104629993; 106680; 0.0; 0.0; -0.19317; 0.0; 0.0; 0.0; 0.0; 0.0; 0.0; 0.0; 0.0; 0.0; 0.0; 0.0; 0.0; 0.0; 0.0; 1.88; 0.88; 3.24; 5.18; 25.0; -25.0; 0.0; 0; 0; 0.0; 0.0; 1; 6.14426866214; 2.25471315687; 1.90592040775; 0; 0; 0; 0; 0.0; 0.0; 0.0; -1.0; 0.0; 0.0; 0.0; 0.0; 0.0; 1.0;0; 0;0; 0; 
38.5211420059; 106680; 0.0; 0.0; -0.193; 0.0; 0.0; 0.0; 0.0; 0.0; 0.0; 0.0; 0.0; 0.0; 0.0; 0.0; 0.0; 0.0; 0.0; 1.88; 0.88; 3.24; 5.18; 25.0; -25.0; 0.0; 0; 0; 0.0; 0.0; 1; 6.14426866214; 2.25471315687; 1.90592040775; 0; 0; 0; 0; 0.0; 0.0; 0.0; -1.0; 0.0; 0.0; 0.0; 0.0; 0.0; 1.0;0; 0;0; 0; 
38.5326120853; 106690; 0.0; 0.0; -0.19257; 0.0; 0.0; 0.0; 0.0; 0.0; 0.0; 0.0; 0.0; 0.0; 0.0; 0.0; 0.0; 0.0; 0.0; 1.88; 0.88; 3.24; 5.18; 25.0; -25.0; 0.0; 0; 0; 0.0; 0.0; 1; 6.14426866214; 2.25471315687; 1.90592040775; 0; 0; 0; 0; 0.0; 0.0; 0.0; -1.0; 0.0; 0.0; 0.0; 0.0; 0.0; 1.0;0; 0;0; 0; 
38.5430569649; 106690; 0.0; 0.0; -0.192; 0.0; 0.0; 0.0; 0.0; 0.0; 0.0; 0.0; 0.0; 0.0; 0.0; 0.0; 0.0; 0.0; 0.0; 1.88; 0.88; 3.24; 5.18; 25.0; -25.0; 0.0; 0; 0; 0.0; 0.0; 1; 6.14426866214; 2.25471315687; 1.90592040775; 0; 0; 0; 0; 0.0; 0.0; 0.0; -1.0; 0.0; 0.0; 0.0; 0.0; 0.0; 1.0;0; 0;0; 0; 
38.5535171032; 106700; 0.0; 0.0; -0.19138; 0.0; 0.0; 0.0; 0.0; 0.0; 0.0; 0.0; 0.0; 0.0; 0.0; 0.0; 0.0; 0.0; 0.0; 1.88; 0.88; 3.24; 5.18; 25.0; -25.0; 0.0; 0; 0; 0.0; 0.0; 1; 6.14426866214; 2.25471315687; 1.90592040775; 0; 0; 0; 0; 0.0; 0.0; 0.0; -1.0; 0.0; 0.0; 0.0; 0.0; 0.0; 1.0;0; 0;0; 0; 
38.5645070076; 106700; 0.0; 0.0; -0.19071; 0.0; 0.0; 0.0; 0.0; 0.0; 0.0; 0.0; 0.0; 0.0; 0.0; 0.0; 0.0; 0.0; 0.0; 1.88; 0.88; 3.24; 5.18; 25.0; -25.0; 0.0; 0; 0; 0.0; 0.0; 1; 6.14426866214; 2.25471315687; 1.90592040775; 0; 0; 0; 0; 0.0; 0.0; 0.0; -1.0; 0.0; 0.0; 0.0; 0.0; 0.0; 1.0;0; 0;0; 0; 
38.575977087; 106710; 0.0; 0.0; -0.18994; 0.0; 0.0; 0.0; 0.0; 0.0; 0.0; 0.0; 0.0; 0.0; 0.0; 0.0; 0.0; 0.0; 0.0; 1.88; 0.88; 3.24; 5.18; 25.0; -25.0; 0.0; 0; 0; 0.0; 0.0; 1; 6.13212706591; 2.28855271912; 1.92690201432; 0; 0; 0; 0; 0.0; 0.0; 0.0; -1.0; 0.0; 0.0; 0.0; 0.0; 0.0; 1.0;0; 0;0; 0; 
38.5867459774; 106710; 0.0; 0.0; -0.18915; 0.0; 0.0; 0.0; 0.0; 0.0; 0.0; 0.0; 0.0; 0.0; 0.0; 0.0; 0.0; 0.0; 0.0; 1.88; 0.88; 3.24; 5.18; 25.0; -25.0; 0.0; 0; 0; 0.0; 0.0; 1; 6.13212706591; 2.28855271912; 1.92690201432; 0; 0; 0; 0; 0.0; 0.0; 0.0; -1.0; 0.0; 0.0; 0.0; 0.0; 0.0; 1.0;0; 0;0; 0; 
38.5979130268; 106720; 0.0; 0.0; -0.18841; 0.0; 0.0; 0.0; 0.0; 0.0; 0.0; 0.0; 0.0; 0.0; 0.0; 0.0; 0.0; 0.0; 0.0; 1.88; 0.88; 3.24; 5.18; 25.0; -25.0; 0.0; 0; 0; 0.0; 0.0; 1; 6.13212706591; 2.28855271912; 1.92690201432; 0; 0; 0; 0; 0.0; 0.0; 0.0; -1.0; 0.0; 0.0; 0.0; 0.0; 0.0; 1.0;0; 0;0; 0; 
38.6091170311; 106720; 0.0; 0.0; -0.18772; 0.0; 0.0; 0.0; 0.0; 0.0; 0.0; 0.0; 0.0; 0.0; 0.0; 0.0; 0.0; 0.0; 0.0; 1.88; 0.88; 3.24; 5.18; 25.0; -25.0; 0.0; 0; 0; 0.0; 0.0; 1; 6.13212706591; 2.28855271912; 1.92690201432; 0; 0; 0; 0; 0.0; 0.0; 0.0; -1.0; 0.0; 0.0; 0.0; 0.0; 0.0; 1.0;0; 0;0; 0; 
38.6197090149; 106730; 0.0; 0.0; -0.18715; 0.0; 0.0; 0.0; 0.0; 0.0; 0.0; 0.0; 0.0; 0.0; 0.0; 0.0; 0.0; 0.0; 0.0; 1.88; 0.88; 3.24; 5.18; 25.0; -25.0; 0.0; 0; 0; 0.0; 0.0; 1; 6.13212706591; 2.28855271912; 1.92690201432; 0; 0; 0; 0; 0.0; 0.0; 0.0; -1.0; 0.0; 0.0; 0.0; 0.0; 0.0; 1.0;0; 0;0; 0; 
38.6310591698; 106730; 0.0; 0.0; -0.18673; 0.0; 0.0; 0.0; 0.0; 0.0; 0.0; 0.0; 0.0; 0.0; 0.0; 0.0; 0.0; 0.0; 0.0; 1.88; 0.88; 3.24; 5.18; 25.0; -25.0; 0.0; 0; 0; 0.0; 0.0; 1; 6.13212706591; 2.28855271912; 1.92690201432; 0; 0; 0; 0; 0.0; 0.0; 0.0; -1.0; 0.0; 0.0; 0.0; 0.0; 0.0; 1.0;0; 0;0; 0; 
38.6424541473; 106740; 0.0; 0.0; -0.1866; 0.0; 0.0; 0.0; 0.0; 0.0; 0.0; 0.0; 0.0; 0.0; 0.0; 0.0; 0.0; 0.0; 0.0; 1.85; 0.91; 3.27; 2.71; 25.0; -25.0; 0.0; 0; 0; 0.0; 0.0; 1; 6.13212706591; 2.28855271912; 1.92690201432; 0; 0; 0; 0; 0.0; 0.0; 0.0; -1.0; 0.0; 0.0; 0.0; 0.0; 0.0; 1.0;0; 0;0; 0; 
38.6531260014; 106740; 0.0; 0.0; -0.18678; 0.0; 0.0; 0.0; 0.0; 0.0; 0.0; 0.0; 0.0; 0.0; 0.0; 0.0; 0.0; 0.0; 0.0; 1.85; 0.91; 3.27; 2.71; 25.0; -25.0; 0.0; 0; 0; 0.0; 0.0; 1; 6.13212706591; 2.28855271912; 1.92690201432; 0; 0; 0; 0; 0.0; 0.0; 0.0; -1.0; 0.0; 0.0; 0.0; 0.0; 0.0; 1.0;0; 0;0; 0; 
38.6647560596; 106750; 0.0; 0.0; -0.18723; 0.0; 0.0; 0.0; 0.0; 0.0; 0.0; 0.0; 0.0; 0.0; 0.0; 0.0; 0.0; 0.0; 0.0; 1.85; 0.91; 3.27; 2.71; 25.0; -25.0; 0.0; 0; 0; 0.0; 0.0; 1; 6.13212706591; 2.28855271912; 1.92690201432; 0; 0; 0; 0; 0.0; 0.0; 0.0; -1.0; 0.0; 0.0; 0.0; 0.0; 0.0; 1.0;0; 0;0; 0; 
38.6763720512; 106750; 0.0; 0.0; -0.18791; 0.0; 0.0; 0.0; 0.0; 0.0; 0.0; 0.0; 0.0; 0.0; 0.0; 0.0; 0.0; 0.0; 0.0; 1.85; 0.91; 3.27; 2.71; 25.0; -25.0; 0.0; 0; 0; 0.0; 0.0; 1; 6.13212706591; 2.28855271912; 1.92690201432; 0; 0; 0; 0; 0.0; 0.0; 0.0; -1.0; 0.0; 0.0; 0.0; 0.0; 0.0; 1.0;0; 0;0; 0; 
38.6878750324; 106760; 0.0; 0.0; -0.18876; 0.0; 0.0; 0.0; 0.0; 0.0; 0.0; 0.0; 0.0; 0.0; 0.0; 0.0; 0.0; 0.0; 0.0; 1.85; 0.91; 3.27; 2.71; 25.0; -25.0; 0.0; 0; 0; 0.0; 0.0; 1; 6.13212706591; 2.28855271912; 1.92690201432; 0; 0; 0; 0; 0.0; 0.0; 0.0; -1.0; 0.0; 0.0; 0.0; 0.0; 0.0; 1.0;0; 0;0; 0; 
38.6995711327; 106760; 0.0; 0.0; -0.18971; 0.0; 0.0; 0.0; 0.0; 0.0; 0.0; 0.0; 0.0; 0.0; 0.0; 0.0; 0.0; 0.0; 0.0; 1.85; 0.91; 3.27; 2.71; 25.0; -25.0; 0.0; 0; 0; 0.0; 0.0; 1; 6.13212706591; 2.28855271912; 1.92690201432; 0; 0; 0; 0; 0.0; 0.0; 0.0; -1.0; 0.0; 0.0; 0.0; 0.0; 0.0; 1.0;0; 0;0; 0; 
38.7102491856; 106770; 0.0; 0.0; -0.19074; 0.0; 0.0; 0.0; 0.0; 0.0; 0.0; 0.0; 0.0; 0.0; 0.0; 0.0; 0.0; 0.0; 0.0; 1.85; 0.91; 3.27; 2.71; 25.0; -25.0; 0.0; 0; 0; 0.0; 0.0; 1; 6.13212706591; 2.28855271912; 1.92690201432; 0; 0; 0; 0; 0.0; 0.0; 0.0; -1.0; 0.0; 0.0; 0.0; 0.0; 0.0; 1.0;0; 0;0; 0; 
38.7210180759; 106770; 0.0; 0.0; -0.19173; 0.0; 0.0; 0.0; 0.0; 0.0; 0.0; 0.0; 0.0; 0.0; 0.0; 0.0; 0.0; 0.0; 0.0; 1.85; 0.91; 3.27; 2.71; 25.0; -25.0; 0.0; 0; 0; 0.0; 0.0; 1; 6.13212706591; 2.28855271912; 1.92690201432; 0; 0; 0; 0; 0.0; 0.0; 0.0; -1.0; 0.0; 0.0; 0.0; 0.0; 0.0; 1.0;0; 0;0; 0; 
38.7326819897; 106780; 0.0; 0.0; -0.19267; 0.0; 0.0; 0.0; 0.0; 0.0; 0.0; 0.0; 0.0; 0.0; 0.0; 0.0; 0.0; 0.0; 0.0; 1.85; 0.91; 3.27; 2.71; 25.0; -25.0; 0.0; 0; 0; 0.0; 0.0; 1; 6.13212706591; 2.28855271912; 1.92690201432; 0; 0; 0; 0; 0.0; 0.0; 0.0; -1.0; 0.0; 0.0; 0.0; 0.0; 0.0; 1.0;0; 0;0; 0; 
38.7436220646; 106780; 0.0; 0.0; -0.1935; 0.0; 0.0; 0.0; 0.0; 0.0; 0.0; 0.0; 0.0; 0.0; 0.0; 0.0; 0.0; 0.0; 0.0; 1.85; 0.91; 3.27; 2.71; 25.0; -25.0; 0.0; 0; 0; 0.0; 0.0; 1; 6.13212706591; 2.28855271912; 1.92690201432; 0; 0; 0; 0; 0.0; 0.0; 0.0; -1.0; 0.0; 0.0; 0.0; 0.0; 0.0; 1.0;0; 0;0; 0; 
38.7551240921; 106790; 0.0; 0.0; -0.19416; 0.0; 0.0; 0.0; 0.0; 0.0; 0.0; 0.0; 0.0; 0.0; 0.0; 0.0; 0.0; 0.0; 0.0; 1.85; 0.91; 3.27; 2.71; 25.0; -25.0; 0.0; 0; 0; 0.0; 0.0; 1; 6.13212706591; 2.28855271912; 1.92690201432; 0; 0; 0; 0; 0.0; 0.0; 0.0; -1.0; 0.0; 0.0; 0.0; 0.0; 0.0; 1.0;0; 0;0; 0; 
38.7665941715; 106790; 0.0; 0.0; -0.19462; 0.0; 0.0; 0.0; 0.0; 0.0; 0.0; 0.0; 0.0; 0.0; 0.0; 0.0; 0.0; 0.0; 0.0; 1.85; 0.91; 3.27; 2.71; 25.0; -25.0; 0.0; 0; 0; 0.0; 0.0; 1; 6.13212706591; 2.28855271912; 1.92690201432; 0; 0; 0; 0; 0.0; 0.0; 0.0; -1.0; 0.0; 0.0; 0.0; 0.0; 0.0; 1.0;0; 0;0; 0; 
38.777755022; 106800; 0.0; 0.0; -0.19488; 0.0; 0.0; 0.0; 0.0; 0.0; 0.0; 0.0; 0.0; 0.0; 0.0; 0.0; 0.0; 0.0; 0.0; 1.85; 0.91; 3.27; 2.71; 25.0; -25.0; 0.0; 0; 0; 0.0; 0.0; 1; 6.13212706591; 2.28855271912; 1.92690201432; 0; 0; 0; 0; 0.0; 0.0; 0.0; -1.0; 0.0; 0.0; 0.0; 0.0; 0.0; 1.0;0; 0;0; 0; 
38.7887341976; 106800; 0.0; 0.0; -0.19492; 0.0; 0.0; 0.0; 0.0; 0.0; 0.0; 0.0; 0.0; 0.0; 0.0; 0.0; 0.0; 0.0; 0.0; 1.85; 0.91; 3.27; 2.71; 25.0; -25.0; 0.0; 0; 0; 0.0; 0.0; 1; 6.13212706591; 2.28855271912; 1.92690201432; 0; 0; 0; 0; 0.0; 0.0; 0.0; -1.0; 0.0; 0.0; 0.0; 0.0; 0.0; 1.0;0; 0;0; 0; 
38.7999401093; 106810; 0.0; 0.0; -0.19482; 0.0; 0.0; 0.0; 0.0; 0.0; 0.0; 0.0; 0.0; 0.0; 0.0; 0.0; 0.0; 0.0; 0.0; 1.85; 0.91; 3.27; 2.71; 25.0; -25.0; 0.0; 0; 0; 0.0; 0.0; 1; 6.11972353824; 2.32098610983; 1.94763685136; 0; 0; 0; 0; 0.0; 0.0; 0.0; -1.0; 0.0; 0.0; 0.0; 0.0; 0.0; 1.0;0; 0;0; 0; 
38.8109099865; 106810; 0.0; 0.0; -0.19459; 0.0; 0.0; 0.0; 0.0; 0.0; 0.0; 0.0; 0.0; 0.0; 0.0; 0.0; 0.0; 0.0; 0.0; 1.85; 0.91; 3.27; 2.71; 25.0; -25.0; 0.0; 0; 0; 0.0; 0.0; 1; 6.11972353824; 2.32098610983; 1.94763685136; 0; 0; 0; 0; 0.0; 0.0; 0.0; -1.0; 0.0; 0.0; 0.0; 0.0; 0.0; 1.0;0; 0;0; 0; 
38.8219771385; 106820; 0.0; 0.0; -0.19426; 0.0; 0.0; 0.0; 0.0; 0.0; 0.0; 0.0; 0.0; 0.0; 0.0; 0.0; 0.0; 0.0; 0.0; 1.85; 0.91; 3.27; 2.71; 25.0; -25.0; 0.0; 0; 0; 0.0; 0.0; 1; 6.11972353824; 2.32098610983; 1.94763685136; 0; 0; 0; 0; 0.0; 0.0; 0.0; -1.0; 0.0; 0.0; 0.0; 0.0; 0.0; 1.0;0; 0;0; 0; 
38.8332960606; 106820; 0.0; 0.0; -0.19395; 0.0; 0.0; 0.0; 0.0; 0.0; 0.0; 0.0; 0.0; 0.0; 0.0; 0.0; 0.0; 0.0; 0.0; 1.85; 0.91; 3.27; 2.71; 25.0; -25.0; 0.0; 0; 0; 0.0; 0.0; 1; 6.11972353824; 2.32098610983; 1.94763685136; 0; 0; 0; 0; 0.0; 0.0; 0.0; -1.0; 0.0; 0.0; 0.0; 0.0; 0.0; 1.0;0; 0;0; 0; 
38.844974041; 106830; 0.0; 0.0; -0.19364; 0.0; 0.0; 0.0; 0.0; 0.0; 0.0; 0.0; 0.0; 0.0; 0.0; 0.0; 0.0; 0.0; 0.0; 1.85; 0.91; 3.27; 2.71; 25.0; -25.0; 0.0; 0; 0; 0.0; 0.0; 1; 6.11972353824; 2.32098610983; 1.94763685136; 0; 0; 0; 0; 0.0; 0.0; 0.0; -1.0; 0.0; 0.0; 0.0; 0.0; 0.0; 1.0;0; 0;0; 0; 
38.8566660881; 106830; 0.0; 0.0; -0.19334; 0.0; 0.0; 0.0; 0.0; 0.0; 0.0; 0.0; 0.0; 0.0; 0.0; 0.0; 0.0; 0.0; 0.0; 1.85; 0.91; 3.27; 2.71; 25.0; -25.0; 0.0; 0; 0; 0.0; 0.0; 1; 6.11972353824; 2.32098610983; 1.94763685136; 0; 0; 0; 0; 0.0; 0.0; 0.0; -1.0; 0.0; 0.0; 0.0; 0.0; 0.0; 1.0;0; 0;0; 0; 
38.8683781624; 106840; 0.0; 0.0; -0.19309; 0.0; 0.0; 0.0; 0.0; 0.0; 0.0; 0.0; 0.0; 0.0; 0.0; 0.0; 0.0; 0.0; 0.0; 1.85; 0.91; 3.31; 289.58; 25.0; -25.0; 0.0; 0; 0; 0.0; 0.0; 1; 6.11972353824; 2.32098610983; 1.94763685136; 0; 0; 0; 0; 0.0; 0.0; 0.0; -1.0; 0.0; 0.0; 0.0; 0.0; 0.0; 1.0;0; 0;0; 0; 
38.8807890415; 106840; 0.0; 0.0; -0.19291; 0.0; 0.0; 0.0; 0.0; 0.0; 0.0; 0.0; 0.0; 0.0; 0.0; 0.0; 0.0; 0.0; 0.0; 1.85; 0.91; 3.31; 289.58; 25.0; -25.0; 0.0; 0; 0; 0.0; 0.0; 1; 6.11972353824; 2.32098610983; 1.94763685136; 0; 0; 0; 0; 0.0; 0.0; 0.0; -1.0; 0.0; 0.0; 0.0; 0.0; 0.0; 1.0;0; 0;0; 0; 
38.8928539753; 106850; 0.0; 0.0; -0.19281; 0.0; 0.0; 0.0; 0.0; 0.0; 0.0; 0.0; 0.0; 0.0; 0.0; 0.0; 0.0; 0.0; 0.0; 1.85; 0.91; 3.31; 289.58; 25.0; -25.0; 0.0; 0; 0; 0.0; 0.0; 1; 6.11972353824; 2.32098610983; 1.94763685136; 0; 0; 0; 0; 0.0; 0.0; 0.0; -1.0; 0.0; 0.0; 0.0; 0.0; 0.0; 1.0;0; 0;0; 0; 
38.9034490585; 106850; 0.0; 0.0; -0.1928; 0.0; 0.0; 0.0; 0.0; 0.0; 0.0; 0.0; 0.0; 0.0; 0.0; 0.0; 0.0; 0.0; 0.0; 1.85; 0.91; 3.31; 289.58; 25.0; -25.0; 0.0; 0; 0; 0.0; 0.0; 1; 6.11972353824; 2.32098610983; 1.94763685136; 0; 0; 0; 0; 0.0; 0.0; 0.0; -1.0; 0.0; 0.0; 0.0; 0.0; 0.0; 1.0;0; 0;0; 0; 
38.9143970013; 106860; 0.0; 0.0; -0.1928; 0.0; 0.0; 0.0; 0.0; 0.0; 0.0; 0.0; 0.0; 0.0; 0.0; 0.0; 0.0; 0.0; 0.0; 1.85; 0.91; 3.31; 289.58; 25.0; -25.0; 0.0; 0; 0; 0.0; 0.0; 1; 6.11972353824; 2.32098610983; 1.94763685136; 0; 0; 0; 0; 0.0; 0.0; 0.0; -1.0; 0.0; 0.0; 0.0; 0.0; 0.0; 1.0;0; 0;0; 0; 
38.925399065; 106860; 0.0; 0.0; -0.19285; 0.0; 0.0; 0.0; 0.0; 0.0; 0.0; 0.0; 0.0; 0.0; 0.0; 0.0; 0.0; 0.0; 0.0; 1.85; 0.91; 3.31; 289.58; 25.0; -25.0; 0.0; 0; 0; 0.0; 0.0; 1; 6.11972353824; 2.32098610983; 1.94763685136; 0; 0; 0; 0; 0.0; 0.0; 0.0; -1.0; 0.0; 0.0; 0.0; 0.0; 0.0; 1.0;0; 0;0; 0; 
38.9365661144; 106870; 0.0; 0.0; -0.1929; 0.0; 0.0; 0.0; 0.0; 0.0; 0.0; 0.0; 0.0; 0.0; 0.0; 0.0; 0.0; 0.0; 0.0; 1.85; 0.91; 3.31; 289.58; 25.0; -25.0; 0.0; 0; 0; 0.0; 0.0; 1; 6.11972353824; 2.32098610983; 1.94763685136; 0; 0; 0; 0; 0.0; 0.0; 0.0; -1.0; 0.0; 0.0; 0.0; 0.0; 0.0; 1.0;0; 0;0; 0; 
38.9479420185; 106870; 0.0; 0.0; -0.19292; 0.0; 0.0; 0.0; 0.0; 0.0; 0.0; 0.0; 0.0; 0.0; 0.0; 0.0; 0.0; 0.0; 0.0; 1.85; 0.91; 3.31; 289.58; 25.0; -25.0; 0.0; 0; 0; 0.0; 0.0; 1; 6.11972353824; 2.32098610983; 1.94763685136; 0; 0; 0; 0; 0.0; 0.0; 0.0; -1.0; 0.0; 0.0; 0.0; 0.0; 0.0; 1.0;0; 0;0; 0; 
38.9587841034; 106880; 0.0; 0.0; -0.19291; 0.0; 0.0; 0.0; 0.0; 0.0; 0.0; 0.0; 0.0; 0.0; 0.0; 0.0; 0.0; 0.0; 0.0; 1.85; 0.91; 3.31; 289.58; 25.0; -25.0; 0.0; 0; 0; 0.0; 0.0; 1; 6.11972353824; 2.32098610983; 1.94763685136; 0; 0; 0; 0; 0.0; 0.0; 0.0; -1.0; 0.0; 0.0; 0.0; 0.0; 0.0; 1.0;0; 0;0; 0; 
38.9702181816; 106880; 0.0; 0.0; -0.19282; 0.0; 0.0; 0.0; 0.0; 0.0; 0.0; 0.0; 0.0; 0.0; 0.0; 0.0; 0.0; 0.0; 0.0; 1.85; 0.91; 3.31; 289.58; 25.0; -25.0; 0.0; 0; 0; 0.0; 0.0; 1; 6.11972353824; 2.32098610983; 1.94763685136; 0; 0; 0; 0; 0.0; 0.0; 0.0; -1.0; 0.0; 0.0; 0.0; 0.0; 0.0; 1.0;0; 0;0; 0; 
38.9821441174; 106890; 0.0; 0.0; -0.19266; 0.0; 0.0; 0.0; 0.0; 0.0; 0.0; 0.0; 0.0; 0.0; 0.0; 0.0; 0.0; 0.0; 0.0; 1.85; 0.91; 3.31; 289.58; 25.0; -25.0; 0.0; 0; 0; 0.0; 0.0; 1; 6.11972353824; 2.32098610983; 1.94763685136; 0; 0; 0; 0; 0.0; 0.0; 0.0; -1.0; 0.0; 0.0; 0.0; 0.0; 0.0; 1.0;0; 0;0; 0; 
38.9932451248; 106890; 0.0; 0.0; -0.19239; 0.0; 0.0; 0.0; 0.0; 0.0; 0.0; 0.0; 0.0; 0.0; 0.0; 0.0; 0.0; 0.0; 0.0; 1.85; 0.91; 3.31; 289.58; 25.0; -25.0; 0.0; 0; 0; 0.0; 0.0; 1; 6.11972353824; 2.32098610983; 1.94763685136; 0; 0; 0; 0; 0.0; 0.0; 0.0; -1.0; 0.0; 0.0; 0.0; 0.0; 0.0; 1.0;0; 0;0; 0; 
39.004940033; 106900; 0.0; 0.0; -0.19197; 0.0; 0.0; 0.0; 0.0; 0.0; 0.0; 0.0; 0.0; 0.0; 0.0; 0.0; 0.0; 0.0; 0.0; 1.85; 0.91; 3.31; 289.58; 25.0; -25.0; 0.0; 0; 0; 0.0; 0.0; 1; 6.11972353824; 2.32098610983; 1.94763685136; 0; 0; 0; 0; 0.0; 0.0; 0.0; -1.0; 0.0; 0.0; 0.0; 0.0; 0.0; 1.0;0; 0;0; 0; 
39.0157120228; 106900; 0.0; 0.0; -0.19147; 0.0; 0.0; 0.0; 0.0; 0.0; 0.0; 0.0; 0.0; 0.0; 0.0; 0.0; 0.0; 0.0; 0.0; 1.85; 0.91; 3.31; 289.58; 25.0; -25.0; 0.0; 0; 0; 0.0; 0.0; 1; 6.11972353824; 2.32098610983; 1.94763685136; 0; 0; 0; 0; 0.0; 0.0; 0.0; -1.0; 0.0; 0.0; 0.0; 0.0; 0.0; 1.0;0; 0;0; 0; 
39.0277781487; 106910; 0.0; 0.0; -0.19088; 0.0; 0.0; 0.0; 0.0; 0.0; 0.0; 0.0; 0.0; 0.0; 0.0; 0.0; 0.0; 0.0; 0.0; 1.85; 0.91; 3.31; 289.58; 25.0; -25.0; 0.0; 0; 0; 0.0; 0.0; 1; 6.10819989841; 2.34935233272; 1.96827824179; 0; 0; 0; 0; 0.0; 0.0; 0.0; -1.0; 0.0; 0.0; 0.0; 0.0; 0.0; 1.0;0; 0;0; 0; 
39.0385990143; 106910; 0.0; 0.0; -0.19028; 0.0; 0.0; 0.0; 0.0; 0.0; 0.0; 0.0; 0.0; 0.0; 0.0; 0.0; 0.0; 0.0; 0.0; 1.85; 0.91; 3.31; 289.58; 25.0; -25.0; 0.0; 0; 0; 0.0; 0.0; 1; 6.10819989841; 2.34935233272; 1.96827824179; 0; 0; 0; 0; 0.0; 0.0; 0.0; -1.0; 0.0; 0.0; 0.0; 0.0; 0.0; 1.0;0; 0;0; 0; 
39.0493710041; 106920; 0.0; 0.0; -0.18974; 0.0; 0.0; 0.0; 0.0; 0.0; 0.0; 0.0; 0.0; 0.0; 0.0; 0.0; 0.0; 0.0; 0.0; 1.85; 0.91; 3.31; 289.58; 25.0; -25.0; 0.0; 0; 0; 0.0; 0.0; 1; 6.10819989841; 2.34935233272; 1.96827824179; 0; 0; 0; 0; 0.0; 0.0; 0.0; -1.0; 0.0; 0.0; 0.0; 0.0; 0.0; 1.0;0; 0;0; 0; 
39.060147047; 106920; 0.0; 0.0; -0.18932; 0.0; 0.0; 0.0; 0.0; 0.0; 0.0; 0.0; 0.0; 0.0; 0.0; 0.0; 0.0; 0.0; 0.0; 1.85; 0.91; 3.31; 289.58; 25.0; -25.0; 0.0; 0; 0; 0.0; 0.0; 1; 6.10819989841; 2.34935233272; 1.96827824179; 0; 0; 0; 0; 0.0; 0.0; 0.0; -1.0; 0.0; 0.0; 0.0; 0.0; 0.0; 1.0;0; 0;0; 0; 
39.0707800388; 106930; 0.0; 0.0; -0.18914; 0.0; 0.0; 0.0; 0.0; 0.0; 0.0; 0.0; 0.0; 0.0; 0.0; 0.0; 0.0; 0.0; 0.0; 1.85; 0.91; 3.31; 289.58; 25.0; -25.0; 0.0; 0; 0; 0.0; 0.0; 1; 6.10819989841; 2.34935233272; 1.96827824179; 0; 0; 0; 0; 0.0; 0.0; 0.0; -1.0; 0.0; 0.0; 0.0; 0.0; 0.0; 1.0;0; 0;0; 0; 
39.0833580494; 106930; 0.0; 0.0; -0.18913; 0.0; 0.0; 0.0; 0.0; 0.0; 0.0; 0.0; 0.0; 0.0; 0.0; 0.0; 0.0; 0.0; 0.0; 1.85; 0.91; 3.31; 289.58; 25.0; -25.0; 0.0; 0; 0; 0.0; 0.0; 1; 6.10819989841; 2.34935233272; 1.96827824179; 0; 0; 0; 0; 0.0; 0.0; 0.0; -1.0; 0.0; 0.0; 0.0; 0.0; 0.0; 1.0;0; 0;0; 0; 
39.0949640274; 106940; 0.0; 0.0; -0.18927; 0.0; 0.0; 0.0; 0.0; 0.0; 0.0; 0.0; 0.0; 0.0; 0.0; 0.0; 0.0; 0.0; 0.0; 1.83; 0.92; 3.32; 5.16; 25.0; -25.0; 0.0; 0; 0; 0.0; 0.0; 1; 6.10819989841; 2.34935233272; 1.96827824179; 0; 0; 0; 0; 0.0; 0.0; 0.0; -1.0; 0.0; 0.0; 0.0; 0.0; 0.0; 1.0;0; 0;0; 0; 
39.1055691242; 106940; 0.0; 0.0; -0.18953; 0.0; 0.0; 0.0; 0.0; 0.0; 0.0; 0.0; 0.0; 0.0; 0.0; 0.0; 0.0; 0.0; 0.0; 1.83; 0.92; 3.32; 5.16; 25.0; -25.0; 0.0; 0; 0; 0.0; 0.0; 1; 6.10819989841; 2.34935233272; 1.96827824179; 0; 0; 0; 0; 0.0; 0.0; 0.0; -1.0; 0.0; 0.0; 0.0; 0.0; 0.0; 1.0;0; 0;0; 0; 
39.1165890694; 106950; 0.0; 0.0; -0.18988; 0.0; 0.0; 0.0; 0.0; 0.0; 0.0; 0.0; 0.0; 0.0; 0.0; 0.0; 0.0; 0.0; 0.0; 1.83; 0.92; 3.32; 5.16; 25.0; -25.0; 0.0; 0; 0; 0.0; 0.0; 1; 6.10819989841; 2.34935233272; 1.96827824179; 0; 0; 0; 0; 0.0; 0.0; 0.0; -1.0; 0.0; 0.0; 0.0; 0.0; 0.0; 1.0;0; 0;0; 0; 
39.1285381317; 106950; 0.0; 0.0; -0.19034; 0.0; 0.0; 0.0; 0.0; 0.0; 0.0; 0.0; 0.0; 0.0; 0.0; 0.0; 0.0; 0.0; 0.0; 1.83; 0.92; 3.32; 5.16; 25.0; -25.0; 0.0; 0; 0; 0.0; 0.0; 1; 6.10819989841; 2.34935233272; 1.96827824179; 0; 0; 0; 0; 0.0; 0.0; 0.0; -1.0; 0.0; 0.0; 0.0; 0.0; 0.0; 1.0;0; 0;0; 0; 
39.1394641399; 106960; 0.0; 0.0; -0.19083; 0.0; 0.0; 0.0; 0.0; 0.0; 0.0; 0.0; 0.0; 0.0; 0.0; 0.0; 0.0; 0.0; 0.0; 1.83; 0.92; 3.32; 5.16; 25.0; -25.0; 0.0; 0; 0; 0.0; 0.0; 1; 6.10819989841; 2.34935233272; 1.96827824179; 0; 0; 0; 0; 0.0; 0.0; 0.0; -1.0; 0.0; 0.0; 0.0; 0.0; 0.0; 1.0;0; 0;0; 0; 
39.1515250206; 106960; 0.0; 0.0; -0.19138; 0.0; 0.0; 0.0; 0.0; 0.0; 0.0; 0.0; 0.0; 0.0; 0.0; 0.0; 0.0; 0.0; 0.0; 1.83; 0.92; 3.32; 5.16; 25.0; -25.0; 0.0; 0; 0; 0.0; 0.0; 1; 6.10819989841; 2.34935233272; 1.96827824179; 0; 0; 0; 0; 0.0; 0.0; 0.0; -1.0; 0.0; 0.0; 0.0; 0.0; 0.0; 1.0;0; 0;0; 0; 
39.1626260281; 106970; 0.0; 0.0; -0.19201; 0.0; 0.0; 0.0; 0.0; 0.0; 0.0; 0.0; 0.0; 0.0; 0.0; 0.0; 0.0; 0.0; 0.0; 1.83; 0.92; 3.32; 5.16; 25.0; -25.0; 0.0; 0; 0; 0.0; 0.0; 1; 6.10819989841; 2.34935233272; 1.96827824179; 0; 0; 0; 0; 0.0; 0.0; 0.0; -1.0; 0.0; 0.0; 0.0; 0.0; 0.0; 1.0;0; 0;0; 0; 
39.1738421917; 106970; 0.0; 0.0; -0.19271; 0.0; 0.0; 0.0; 0.0; 0.0; 0.0; 0.0; 0.0; 0.0; 0.0; 0.0; 0.0; 0.0; 0.0; 1.83; 0.92; 3.32; 5.16; 25.0; -25.0; 0.0; 0; 0; 0.0; 0.0; 1; 6.10819989841; 2.34935233272; 1.96827824179; 0; 0; 0; 0; 0.0; 0.0; 0.0; -1.0; 0.0; 0.0; 0.0; 0.0; 0.0; 1.0;0; 0;0; 0; 
39.1848790646; 106980; 0.0; 0.0; -0.19343; 0.0; 0.0; 0.0; 0.0; 0.0; 0.0; 0.0; 0.0; 0.0; 0.0; 0.0; 0.0; 0.0; 0.0; 1.83; 0.92; 3.32; 5.16; 25.0; -25.0; 0.0; 0; 0; 0.0; 0.0; 1; 6.10819989841; 2.34935233272; 1.96827824179; 0; 0; 0; 0; 0.0; 0.0; 0.0; -1.0; 0.0; 0.0; 0.0; 0.0; 0.0; 1.0;0; 0;0; 0; 
39.1975400448; 106980; 0.0; 0.0; -0.19398; 0.0; 0.0; 0.0; 0.0; 0.0; 0.0; 0.0; 0.0; 0.0; 0.0; 0.0; 0.0; 0.0; 0.0; 1.83; 0.92; 3.32; 5.16; 25.0; -25.0; 0.0; 0; 0; 0.0; 0.0; 1; 6.10819989841; 2.34935233272; 1.96827824179; 0; 0; 0; 0; 0.0; 0.0; 0.0; -1.0; 0.0; 0.0; 0.0; 0.0; 0.0; 1.0;0; 0;0; 0; 
39.2083520889; 106990; 0.0; 0.0; -0.19431; 0.0; 0.0; 0.0; 0.0; 0.0; 0.0; 0.0; 0.0; 0.0; 0.0; 0.0; 0.0; 0.0; 0.0; 1.83; 0.92; 3.32; 5.16; 25.0; -25.0; 0.0; 0; 0; 0.0; 0.0; 1; 6.10819989841; 2.34935233272; 1.96827824179; 0; 0; 0; 0; 0.0; 0.0; 0.0; -1.0; 0.0; 0.0; 0.0; 0.0; 0.0; 1.0;0; 0;0; 0; 
39.2196471691; 106990; 0.0; 0.0; -0.1944; 0.0; 0.0; 0.0; 0.0; 0.0; 0.0; 0.0; 0.0; 0.0; 0.0; 0.0; 0.0; 0.0; 0.0; 1.83; 0.92; 3.32; 5.16; 25.0; -25.0; 0.0; 0; 0; 0.0; 0.0; 1; 6.10819989841; 2.34935233272; 1.96827824179; 0; 0; 0; 0; 0.0; 0.0; 0.0; -1.0; 0.0; 0.0; 0.0; 0.0; 0.0; 1.0;0; 0;0; 0; 
39.2314450741; 107000; 0.0; 0.0; -0.19413; 0.0; 0.0; 0.0; 0.0; 0.0; 0.0; 0.0; 0.0; 0.0; 0.0; 0.0; 0.0; 0.0; 0.0; 1.83; 0.92; 3.32; 5.16; 25.0; -25.0; 0.0; 0; 0; 0.0; 0.0; 1; 6.10819989841; 2.34935233272; 1.96827824179; 0; 0; 0; 0; 0.0; 0.0; 0.0; -1.0; 0.0; 0.0; 0.0; 0.0; 0.0; 1.0;0; 0;0; 0; 
39.243252039; 107000; 0.0; 0.0; -0.19348; 0.0; 0.0; 0.0; 0.0; 0.0; 0.0; 0.0; 0.0; 0.0; 0.0; 0.0; 0.0; 0.0; 0.0; 1.83; 0.92; 3.32; 5.16; 25.0; -25.0; 0.0; 0; 0; 0.0; 0.0; 1; 6.10819989841; 2.34935233272; 1.96827824179; 0; 0; 0; 0; 0.0; 0.0; 0.0; -1.0; 0.0; 0.0; 0.0; 0.0; 0.0; 1.0;0; 0;0; 0; 
39.2559111118; 107010; 0.0; 0.0; -0.19244; 0.0; 0.0; 0.0; 0.0; 0.0; 0.0; 0.0; 0.0; 0.0; 0.0; 0.0; 0.0; 0.0; 0.0; 1.83; 0.92; 3.32; 5.16; 25.0; -25.0; 0.0; 0; 0; 0.0; 0.0; 1; 6.09749102327; 2.37422244583; 1.98837490345; 0; 0; 0; 0; 0.0; 0.0; 0.0; -1.0; 0.0; 0.0; 0.0; 0.0; 0.0; 1.0;0; 0;0; 0; 
39.2673871517; 107010; 0.0; 0.0; -0.1911; 0.0; 0.0; 0.0; 0.0; 0.0; 0.0; 0.0; 0.0; 0.0; 0.0; 0.0; 0.0; 0.0; 0.0; 1.83; 0.92; 3.32; 5.16; 25.0; -25.0; 0.0; 0; 0; 0.0; 0.0; 1; 6.09749102327; 2.37422244583; 1.98837490345; 0; 0; 0; 0; 0.0; 0.0; 0.0; -1.0; 0.0; 0.0; 0.0; 0.0; 0.0; 1.0;0; 0;0; 0; 
39.2799232006; 107020; 0.0; 0.0; -0.18956; 0.0; 0.0; 0.0; 0.0; 0.0; 0.0; 0.0; 0.0; 0.0; 0.0; 0.0; 0.0; 0.0; 0.0; 1.83; 0.92; 3.32; 5.16; 25.0; -25.0; 0.0; 0; 0; 0.0; 0.0; 1; 6.09749102327; 2.37422244583; 1.98837490345; 0; 0; 0; 0; 0.0; 0.0; 0.0; -1.0; 0.0; 0.0; 0.0; 0.0; 0.0; 1.0;0; 0;0; 0; 
39.2912421227; 107020; 0.0; 0.0; -0.18779; 0.0; 0.0; 0.0; 0.0; 0.0; 0.0; 0.0; 0.0; 0.0; 0.0; 0.0; 0.0; 0.0; 0.0; 1.83; 0.92; 3.32; 5.16; 25.0; -25.0; 0.0; 0; 0; 0.0; 0.0; 1; 6.09749102327; 2.37422244583; 1.98837490345; 0; 0; 0; 0; 0.0; 0.0; 0.0; -1.0; 0.0; 0.0; 0.0; 0.0; 0.0; 1.0;0; 0;0; 0; 
39.3019139767; 107030; 0.0; 0.0; -0.18592; 0.0; 0.0; 0.0; 0.0; 0.0; 0.0; 0.0; 0.0; 0.0; 0.0; 0.0; 0.0; 0.0; 0.0; 1.83; 0.92; 3.32; 5.16; 25.0; -25.0; 0.0; 0; 0; 0.0; 0.0; 1; 6.09749102327; 2.37422244583; 1.98837490345; 0; 0; 0; 0; 0.0; 0.0; 0.0; -1.0; 0.0; 0.0; 0.0; 0.0; 0.0; 1.0;0; 0;0; 0; 
39.3129630089; 107030; 0.0; 0.0; -0.18404; 0.0; 0.0; 0.0; 0.0; 0.0; 0.0; 0.0; 0.0; 0.0; 0.0; 0.0; 0.0; 0.0; 0.0; 1.83; 0.92; 3.32; 5.16; 25.0; -25.0; 0.0; 0; 0; 0.0; 0.0; 1; 6.09749102327; 2.37422244583; 1.98837490345; 0; 0; 0; 0; 0.0; 0.0; 0.0; -1.0; 0.0; 0.0; 0.0; 0.0; 0.0; 1.0;0; 0;0; 0; 
39.3242340088; 107040; 0.0; 0.0; -0.18221; 0.0; 0.0; 0.0; 0.0; 0.0; 0.0; 0.0; 0.0; 0.0; 0.0; 0.0; 0.0; 0.0; 0.0; 1.83; 0.92; 3.32; 5.16; 25.0; -25.0; 0.0; 0; 0; 0.0; 0.0; 1; 6.09749102327; 2.37422244583; 1.98837490345; 0; 0; 0; 0; 0.0; 0.0; 0.0; -1.0; 0.0; 0.0; 0.0; 0.0; 0.0; 1.0;0; 0;0; 0; 
39.3350131512; 107040; 0.0; 0.0; -0.18048; 0.0; 0.0; 0.0; 0.0; 0.0; 0.0; 0.0; 0.0; 0.0; 0.0; 0.0; 0.0; 0.0; 0.0; 1.83; 0.92; 3.32; 5.16; 25.0; -25.0; 0.0; 0; 0; 0.0; 0.0; 1; 6.09749102327; 2.37422244583; 1.98837490345; 0; 0; 0; 0; 0.0; 0.0; 0.0; -1.0; 0.0; 0.0; 0.0; 0.0; 0.0; 1.0;0; 0;0; 0; 
39.345705986; 107050; 0.0; 0.0; -0.17884; 0.0; 0.0; 0.0; 0.0; 0.0; 0.0; 0.0; 0.0; 0.0; 0.0; 0.0; 0.0; 0.0; 0.0; 1.83; 0.92; 3.32; 5.16; 25.0; -25.0; 0.0; 0; 0; 0.0; 0.0; 1; 6.09749102327; 2.37422244583; 1.98837490345; 0; 0; 0; 0; 0.0; 0.0; 0.0; -1.0; 0.0; 0.0; 0.0; 0.0; 0.0; 1.0;0; 0;0; 0; 
39.3573701382; 107050; 0.0; 0.0; -0.17737; 0.0; 0.0; 0.0; 0.0; 0.0; 0.0; 0.0; 0.0; 0.0; 0.0; 0.0; 0.0; 0.0; 0.0; 1.83; 0.92; 3.32; 5.16; 25.0; -25.0; 0.0; 0; 0; 0.0; 0.0; 1; 6.09749102327; 2.37422244583; 1.98837490345; 0; 0; 0; 0; 0.0; 0.0; 0.0; -1.0; 0.0; 0.0; 0.0; 0.0; 0.0; 1.0;0; 0;0; 0; 
39.3673341274; 107060; 0.0; 0.0; -0.17606; 0.0; 0.0; 0.0; 0.0; 0.0; 0.0; 0.0; 0.0; 0.0; 0.0; 0.0; 0.0; 0.0; 0.0; 1.83; 0.92; 3.32; 5.16; 25.0; -25.0; 0.0; 0; 0; 0.0; 0.0; 1; 6.09749102327; 2.37422244583; 1.98837490345; 0; 0; 0; 0; 0.0; 0.0; 0.0; -1.0; 0.0; 0.0; 0.0; 0.0; 0.0; 1.0;0; 0;0; 0; 
39.3786551952; 107060; 0.0; 0.0; -0.17494; 0.0; 0.0; 0.0; 0.0; 0.0; 0.0; 0.0; 0.0; 0.0; 0.0; 0.0; 0.0; 0.0; 0.0; 1.83; 0.92; 3.32; 5.16; 25.0; -25.0; 0.0; 0; 0; 0.0; 0.0; 1; 6.09749102327; 2.37422244583; 1.98837490345; 0; 0; 0; 0; 0.0; 0.0; 0.0; -1.0; 0.0; 0.0; 0.0; 0.0; 0.0; 1.0;0; 0;0; 0; 
39.3893799782; 107070; 0.0; 0.0; -0.17406; 0.0; 0.0; 0.0; 0.0; 0.0; 0.0; 0.0; 0.0; 0.0; 0.0; 0.0; 0.0; 0.0; 0.0; 1.83; 0.92; 3.32; 5.16; 25.0; -25.0; 0.0; 0; 0; 0.0; 0.0; 1; 6.09749102327; 2.37422244583; 1.98837490345; 0; 0; 0; 0; 0.0; 0.0; 0.0; -1.0; 0.0; 0.0; 0.0; 0.0; 0.0; 1.0;0; 0;0; 0; 
39.4002540112; 107070; 0.0; 0.0; -0.17344; 0.0; 0.0; 0.0; 0.0; 0.0; 0.0; 0.0; 0.0; 0.0; 0.0; 0.0; 0.0; 0.0; 0.0; 1.83; 0.92; 3.32; 5.16; 25.0; -25.0; 0.0; 0; 0; 0.0; 0.0; 1; 6.09749102327; 2.37422244583; 1.98837490345; 0; 0; 0; 0; 0.0; 0.0; 0.0; -1.0; 0.0; 0.0; 0.0; 0.0; 0.0; 1.0;0; 0;0; 0; 
39.4113709927; 107080; 0.0; 0.0; -0.17313; 0.0; 0.0; 0.0; 0.0; 0.0; 0.0; 0.0; 0.0; 0.0; 0.0; 0.0; 0.0; 0.0; 0.0; 1.83; 0.92; 3.32; 5.16; 25.0; -25.0; 0.0; 0; 0; 0.0; 0.0; 1; 6.09749102327; 2.37422244583; 1.98837490345; 0; 0; 0; 0; 0.0; 0.0; 0.0; -1.0; 0.0; 0.0; 0.0; 0.0; 0.0; 1.0;0; 0;0; 0; 
39.4226269722; 107080; 0.0; 0.0; -0.17311; 0.0; 0.0; 0.0; 0.0; 0.0; 0.0; 0.0; 0.0; 0.0; 0.0; 0.0; 0.0; 0.0; 0.0; 1.83; 0.92; 3.32; 5.16; 25.0; -25.0; 0.0; 0; 0; 0.0; 0.0; 1; 6.09749102327; 2.37422244583; 1.98837490345; 0; 0; 0; 0; 0.0; 0.0; 0.0; -1.0; 0.0; 0.0; 0.0; 0.0; 0.0; 1.0;0; 0;0; 0; 
39.4342870712; 107090; 0.0; 0.0; -0.17331; 0.0; 0.0; 0.0; 0.0; 0.0; 0.0; 0.0; 0.0; 0.0; 0.0; 0.0; 0.0; 0.0; 0.0; 1.83; 0.92; 3.32; 5.16; 25.0; -25.0; 0.0; 0; 0; 0.0; 0.0; 1; 6.09749102327; 2.37422244583; 1.98837490345; 0; 0; 0; 0; 0.0; 0.0; 0.0; -1.0; 0.0; 0.0; 0.0; 0.0; 0.0; 1.0;0; 0;0; 0; 
39.4455699921; 107090; 0.0; 0.0; -0.17365; 0.0; 0.0; 0.0; 0.0; 0.0; 0.0; 0.0; 0.0; 0.0; 0.0; 0.0; 0.0; 0.0; 0.0; 1.83; 0.92; 3.32; 5.16; 25.0; -25.0; 0.0; 0; 0; 0.0; 0.0; 1; 6.09749102327; 2.37422244583; 1.98837490345; 0; 0; 0; 0; 0.0; 0.0; 0.0; -1.0; 0.0; 0.0; 0.0; 0.0; 0.0; 1.0;0; 0;0; 0; 
39.4567990303; 107100; 0.0; 0.0; -0.17401; 0.0; 0.0; 0.0; 0.0; 0.0; 0.0; 0.0; 0.0; 0.0; 0.0; 0.0; 0.0; 0.0; 0.0; 1.83; 0.92; 3.32; 5.16; 25.0; -25.0; 0.0; 0; 0; 0.0; 0.0; 1; 6.09749102327; 2.37422244583; 1.98837490345; 0; 0; 0; 0; 0.0; 0.0; 0.0; -1.0; 0.0; 0.0; 0.0; 0.0; 0.0; 1.0;0; 0;0; 0; 
39.4674510956; 107100; 0.0; 0.0; -0.17431; 0.0; 0.0; 0.0; 0.0; 0.0; 0.0; 0.0; 0.0; 0.0; 0.0; 0.0; 0.0; 0.0; 0.0; 1.83; 0.92; 3.32; 5.16; 25.0; -25.0; 0.0; 0; 0; 0.0; 0.0; 1; 6.09749102327; 2.37422244583; 1.98837490345; 0; 0; 0; 0; 0.0; 0.0; 0.0; -1.0; 0.0; 0.0; 0.0; 0.0; 0.0; 1.0;0; 0;0; 0; 
39.4791030884; 107110; 0.0; 0.0; -0.17447; 0.0; 0.0; 0.0; 0.0; 0.0; 0.0; 0.0; 0.0; 0.0; 0.0; 0.0; 0.0; 0.0; 0.0; 1.83; 0.92; 3.32; 5.16; 25.0; -25.0; 0.0; 0; 0; 0.0; 0.0; 1; 6.08480649954; 2.40212411433; 2.00789140304; 0; 0; 0; 0; 0.0; 0.0; 0.0; -1.0; 0.0; 0.0; 0.0; 0.0; 0.0; 1.0;0; 0;0; 0; 
39.4898190498; 107110; 0.0; 0.0; -0.17441; 0.0; 0.0; 0.0; 0.0; 0.0; 0.0; 0.0; 0.0; 0.0; 0.0; 0.0; 0.0; 0.0; 0.0; 1.83; 0.92; 3.32; 5.16; 25.0; -25.0; 0.0; 0; 0; 0.0; 0.0; 1; 6.08480649954; 2.40212411433; 2.00789140304; 0; 0; 0; 0; 0.0; 0.0; 0.0; -1.0; 0.0; 0.0; 0.0; 0.0; 0.0; 1.0;0; 0;0; 0; 
39.5011889935; 107120; 0.0; 0.0; -0.17416; 0.0; 0.0; 0.0; 0.0; 0.0; 0.0; 0.0; 0.0; 0.0; 0.0; 0.0; 0.0; 0.0; 0.0; 1.83; 0.92; 3.32; 5.16; 25.0; -25.0; 0.0; 0; 0; 0.0; 0.0; 1; 6.08480649954; 2.40212411433; 2.00789140304; 0; 0; 0; 0; 0.0; 0.0; 0.0; -1.0; 0.0; 0.0; 0.0; 0.0; 0.0; 1.0;0; 0;0; 0; 
39.5133900642; 107120; 0.0; 0.0; -0.17378; 0.0; 0.0; 0.0; 0.0; 0.0; 0.0; 0.0; 0.0; 0.0; 0.0; 0.0; 0.0; 0.0; 0.0; 1.83; 0.92; 3.32; 5.16; 25.0; -25.0; 0.0; 0; 0; 0.0; 0.0; 1; 6.08480649954; 2.40212411433; 2.00789140304; 0; 0; 0; 0; 0.0; 0.0; 0.0; -1.0; 0.0; 0.0; 0.0; 0.0; 0.0; 1.0;0; 0;0; 0; 
39.5252270699; 107130; 0.0; 0.0; -0.17326; 0.0; 0.0; 0.0; 0.0; 0.0; 0.0; 0.0; 0.0; 0.0; 0.0; 0.0; 0.0; 0.0; 0.0; 1.83; 0.92; 3.32; 5.16; 25.0; -25.0; 0.0; 0; 0; 0.0; 0.0; 1; 6.08480649954; 2.40212411433; 2.00789140304; 0; 0; 0; 0; 0.0; 0.0; 0.0; -1.0; 0.0; 0.0; 0.0; 0.0; 0.0; 1.0;0; 0;0; 0; 
39.5363981724; 107130; 0.0; 0.0; -0.17262; 0.0; 0.0; 0.0; 0.0; 0.0; 0.0; 0.0; 0.0; 0.0; 0.0; 0.0; 0.0; 0.0; 0.0; 1.83; 0.92; 3.32; 5.16; 25.0; -25.0; 0.0; 0; 0; 0.0; 0.0; 1; 6.08480649954; 2.40212411433; 2.00789140304; 0; 0; 0; 0; 0.0; 0.0; 0.0; -1.0; 0.0; 0.0; 0.0; 0.0; 0.0; 1.0;0; 0;0; 0; 
39.5479691029; 107140; 0.0; 0.0; -0.1719; 0.0; 0.0; 0.0; 0.0; 0.0; 0.0; 0.0; 0.0; 0.0; 0.0; 0.0; 0.0; 0.0; 0.0; 1.79; 0.92; 4.63; 5.16; 25.0; -25.0; 0.0; 0; 0; 0.0; 0.0; 1; 6.08480649954; 2.40212411433; 2.00789140304; 0; 0; 0; 0; 0.0; 0.0; 0.0; -1.0; 0.0; 0.0; 0.0; 0.0; 0.0; 1.0;0; 0;0; 0; 
39.5594441891; 107150; 0.0; 0.0; -0.17111; 0.0; 0.0; 0.0; 0.0; 0.0; 0.0; 0.0; 0.0; 0.0; 0.0; 0.0; 0.0; 0.0; 0.0; 1.79; 0.92; 4.63; 5.16; 25.0; -25.0; 0.0; 0; 0; 0.0; 0.0; 1; 6.08480649954; 2.40212411433; 2.00789140304; 0; 0; 0; 0; 0.0; 0.0; 0.0; -1.0; 0.0; 0.0; 0.0; 0.0; 0.0; 1.0;0; 0;0; 0; 
39.5705661774; 107150; 0.0; 0.0; -0.17031; 0.0; 0.0; 0.0; 0.0; 0.0; 0.0; 0.0; 0.0; 0.0; 0.0; 0.0; 0.0; 0.0; 0.0; 1.79; 0.92; 4.63; 5.16; 25.0; -25.0; 0.0; 0; 0; 0.0; 0.0; 1; 6.08480649954; 2.40212411433; 2.00789140304; 0; 0; 0; 0; 0.0; 0.0; 0.0; -1.0; 0.0; 0.0; 0.0; 0.0; 0.0; 1.0;0; 0;0; 0; 
39.5818710327; 107160; 0.0; 0.0; -0.1695; 0.0; 0.0; 0.0; 0.0; 0.0; 0.0; 0.0; 0.0; 0.0; 0.0; 0.0; 0.0; 0.0; 0.0; 1.79; 0.92; 4.63; 5.16; 25.0; -25.0; 0.0; 0; 0; 0.0; 0.0; 1; 6.08480649954; 2.40212411433; 2.00789140304; 0; 0; 0; 0; 0.0; 0.0; 0.0; -1.0; 0.0; 0.0; 0.0; 0.0; 0.0; 1.0;0; 0;0; 0; 
39.5928001404; 107160; 0.0; 0.0; -0.16877; 0.0; 0.0; 0.0; 0.0; 0.0; 0.0; 0.0; 0.0; 0.0; 0.0; 0.0; 0.0; 0.0; 0.0; 1.79; 0.92; 4.63; 5.16; 25.0; -25.0; 0.0; 0; 0; 0.0; 0.0; 1; 6.08480649954; 2.40212411433; 2.00789140304; 0; 0; 0; 0; 0.0; 0.0; 0.0; -1.0; 0.0; 0.0; 0.0; 0.0; 0.0; 1.0;0; 0;0; 0; 
39.6044991016; 107170; 0.0; 0.0; -0.16819; 0.0; 0.0; 0.0; 0.0; 0.0; 0.0; 0.0; 0.0; 0.0; 0.0; 0.0; 0.0; 0.0; 0.0; 1.79; 0.92; 4.63; 5.16; 25.0; -25.0; 0.0; 0; 0; 0.0; 0.0; 1; 6.08480649954; 2.40212411433; 2.00789140304; 0; 0; 0; 0; 0.0; 0.0; 0.0; -1.0; 0.0; 0.0; 0.0; 0.0; 0.0; 1.0;0; 0;0; 0; 
39.6158909798; 107170; 0.0; 0.0; -0.16782; 0.0; 0.0; 0.0; 0.0; 0.0; 0.0; 0.0; 0.0; 0.0; 0.0; 0.0; 0.0; 0.0; 0.0; 1.79; 0.92; 4.63; 5.16; 25.0; -25.0; 0.0; 0; 0; 0.0; 0.0; 1; 6.08480649954; 2.40212411433; 2.00789140304; 0; 0; 0; 0; 0.0; 0.0; 0.0; -1.0; 0.0; 0.0; 0.0; 0.0; 0.0; 1.0;0; 0;0; 0; 
39.6272990704; 107180; 0.0; 0.0; -0.16772; 0.0; 0.0; 0.0; 0.0; 0.0; 0.0; 0.0; 0.0; 0.0; 0.0; 0.0; 0.0; 0.0; 0.0; 1.79; 0.92; 4.63; 5.16; 25.0; -25.0; 0.0; 0; 0; 0.0; 0.0; 1; 6.08480649954; 2.40212411433; 2.00789140304; 0; 0; 0; 0; 0.0; 0.0; 0.0; -1.0; 0.0; 0.0; 0.0; 0.0; 0.0; 1.0;0; 0;0; 0; 
39.6388831139; 107180; 0.0; 0.0; -0.16789; 0.0; 0.0; 0.0; 0.0; 0.0; 0.0; 0.0; 0.0; 0.0; 0.0; 0.0; 0.0; 0.0; 0.0; 1.79; 0.92; 4.63; 5.16; 25.0; -25.0; 0.0; 0; 0; 0.0; 0.0; 1; 6.08480649954; 2.40212411433; 2.00789140304; 0; 0; 0; 0; 0.0; 0.0; 0.0; -1.0; 0.0; 0.0; 0.0; 0.0; 0.0; 1.0;0; 0;0; 0; 
39.650178194; 107190; 0.0; 0.0; -0.1683; 0.0; 0.0; 0.0; 0.0; 0.0; 0.0; 0.0; 0.0; 0.0; 0.0; 0.0; 0.0; 0.0; 0.0; 1.79; 0.92; 4.63; 5.16; 25.0; -25.0; 0.0; 0; 0; 0.0; 0.0; 1; 6.08480649954; 2.40212411433; 2.00789140304; 0; 0; 0; 0; 0.0; 0.0; 0.0; -1.0; 0.0; 0.0; 0.0; 0.0; 0.0; 1.0;0; 0;0; 0; 
39.6619591713; 107190; 0.0; 0.0; -0.16902; 0.0; 0.0; 0.0; 0.0; 0.0; 0.0; 0.0; 0.0; 0.0; 0.0; 0.0; 0.0; 0.0; 0.0; 1.79; 0.92; 4.63; 5.16; 25.0; -25.0; 0.0; 0; 0; 0.0; 0.0; 1; 6.08480649954; 2.40212411433; 2.00789140304; 0; 0; 0; 0; 0.0; 0.0; 0.0; -1.0; 0.0; 0.0; 0.0; 0.0; 0.0; 1.0;0; 0;0; 0; 
39.6728610992; 107200; 0.0; 0.0; -0.17001; 0.0; 0.0; 0.0; 0.0; 0.0; 0.0; 0.0; 0.0; 0.0; 0.0; 0.0; 0.0; 0.0; 0.0; 1.79; 0.92; 4.63; 5.16; 25.0; -25.0; 0.0; 0; 0; 0.0; 0.0; 1; 6.08480649954; 2.40212411433; 2.00789140304; 0; 0; 0; 0; 0.0; 0.0; 0.0; -1.0; 0.0; 0.0; 0.0; 0.0; 0.0; 1.0;0; 0;0; 0; 
39.6838212013; 107200; 0.0; 0.0; -0.1713; 0.0; 0.0; 0.0; 0.0; 0.0; 0.0; 0.0; 0.0; 0.0; 0.0; 0.0; 0.0; 0.0; 0.0; 1.79; 0.92; 4.63; 5.16; 25.0; -25.0; 0.0; 0; 0; 0.0; 0.0; 1; 6.08480649954; 2.40212411433; 2.00789140304; 0; 0; 0; 0; 0.0; 0.0; 0.0; -1.0; 0.0; 0.0; 0.0; 0.0; 0.0; 1.0;0; 0;0; 0; 
39.6948840618; 107210; 0.0; 0.0; -0.17282; 0.0; 0.0; 0.0; 0.0; 0.0; 0.0; 0.0; 0.0; 0.0; 0.0; 0.0; 0.0; 0.0; 0.0; 1.79; 0.92; 4.63; 5.16; 25.0; -25.0; 0.0; 0; 0; 0.0; 0.0; 1; 6.08480649954; 2.40212411433; 2.00789140304; 0; 0; 0; 0; 0.0; 0.0; 0.0; -1.0; 0.0; 0.0; 0.0; 0.0; 0.0; 1.0;0; 0;0; 0; 
39.706567049; 107210; 0.0; 0.0; -0.17443; 0.0; 0.0; 0.0; 0.0; 0.0; 0.0; 0.0; 0.0; 0.0; 0.0; 0.0; 0.0; 0.0; 0.0; 1.79; 0.92; 4.63; 5.16; 25.0; -25.0; 0.0; 0; 0; 0.0; 0.0; 1; 6.068915686; 2.43529648375; 2.02868282946; 0; 0; 0; 0; 0.0; 0.0; 0.0; -1.0; 0.0; 0.0; 0.0; 0.0; 0.0; 1.0;0; 0;0; 0; 
39.7185051441; 107220; 0.0; 0.0; -0.17604; 0.0; 0.0; 0.0; 0.0; 0.0; 0.0; 0.0; 0.0; 0.0; 0.0; 0.0; 0.0; 0.0; 0.0; 1.79; 0.92; 4.63; 5.16; 25.0; -25.0; 0.0; 0; 0; 0.0; 0.0; 1; 6.068915686; 2.43529648375; 2.02868282946; 0; 0; 0; 0; 0.0; 0.0; 0.0; -1.0; 0.0; 0.0; 0.0; 0.0; 0.0; 1.0;0; 0;0; 0; 
39.7303831577; 107220; 0.0; 0.0; -0.17757; 0.0; 0.0; 0.0; 0.0; 0.0; 0.0; 0.0; 0.0; 0.0; 0.0; 0.0; 0.0; 0.0; 0.0; 1.79; 0.92; 4.63; 5.16; 25.0; -25.0; 0.0; 0; 0; 0.0; 0.0; 1; 6.068915686; 2.43529648375; 2.02868282946; 0; 0; 0; 0; 0.0; 0.0; 0.0; -1.0; 0.0; 0.0; 0.0; 0.0; 0.0; 1.0;0; 0;0; 0; 
39.742372036; 107230; 0.0; 0.0; -0.17881; 0.0; 0.0; 0.0; 0.0; 0.0; 0.0; 0.0; 0.0; 0.0; 0.0; 0.0; 0.0; 0.0; 0.0; 1.79; 0.92; 4.63; 5.16; 25.0; -25.0; 0.0; 0; 0; 0.0; 0.0; 1; 6.068915686; 2.43529648375; 2.02868282946; 0; 0; 0; 0; 0.0; 0.0; 0.0; -1.0; 0.0; 0.0; 0.0; 0.0; 0.0; 1.0;0; 0;0; 0; 
39.7544221878; 107230; 0.0; 0.0; -0.1796; 0.0; 0.0; 0.0; 0.0; 0.0; 0.0; 0.0; 0.0; 0.0; 0.0; 0.0; 0.0; 0.0; 0.0; 1.79; 0.92; 4.63; 5.16; 25.0; -25.0; 0.0; 0; 0; 0.0; 0.0; 1; 6.068915686; 2.43529648375; 2.02868282946; 0; 0; 0; 0; 0.0; 0.0; 0.0; -1.0; 0.0; 0.0; 0.0; 0.0; 0.0; 1.0;0; 0;0; 0; 
39.7673621178; 107240; 0.0; 0.0; -0.18; 0.0; 0.0; 0.0; 0.0; 0.0; 0.0; 0.0; 0.0; 0.0; 0.0; 0.0; 0.0; 0.0; 0.0; 1.77; 0.92; 3.62; 2.55; 25.0; -25.0; 0.0; 0; 0; 0.0; 0.0; 1; 6.068915686; 2.43529648375; 2.02868282946; 0; 0; 0; 0; 0.0; 0.0; 0.0; -1.0; 0.0; 0.0; 0.0; 0.0; 0.0; 1.0;0; 0;0; 0; 
39.7795450687; 107240; 0.0; 0.0; -0.18011; 0.0; 0.0; 0.0; 0.0; 0.0; 0.0; 0.0; 0.0; 0.0; 0.0; 0.0; 0.0; 0.0; 0.0; 1.77; 0.92; 3.62; 2.55; 25.0; -25.0; 0.0; 0; 0; 0.0; 0.0; 1; 6.068915686; 2.43529648375; 2.02868282946; 0; 0; 0; 0; 0.0; 0.0; 0.0; -1.0; 0.0; 0.0; 0.0; 0.0; 0.0; 1.0;0; 0;0; 0; 
39.7915689945; 107250; 0.0; 0.0; -0.18007; 0.0; 0.0; 0.0; 0.0; 0.0; 0.0; 0.0; 0.0; 0.0; 0.0; 0.0; 0.0; 0.0; 0.0; 1.77; 0.92; 3.62; 2.55; 25.0; -25.0; 0.0; 0; 0; 0.0; 0.0; 1; 6.068915686; 2.43529648375; 2.02868282946; 0; 0; 0; 0; 0.0; 0.0; 0.0; -1.0; 0.0; 0.0; 0.0; 0.0; 0.0; 1.0;0; 0;0; 0; 
39.8049390316; 107250; 0.0; 0.0; -0.1799; 0.0; 0.0; 0.0; 0.0; 0.0; 0.0; 0.0; 0.0; 0.0; 0.0; 0.0; 0.0; 0.0; 0.0; 1.77; 0.92; 3.62; 2.55; 25.0; -25.0; 0.0; 0; 0; 0.0; 0.0; 1; 6.068915686; 2.43529648375; 2.02868282946; 0; 0; 0; 0; 0.0; 0.0; 0.0; -1.0; 0.0; 0.0; 0.0; 0.0; 0.0; 1.0;0; 0;0; 0; 
39.8180410862; 107260; 0.0; 0.0; -0.17971; 0.0; 0.0; 0.0; 0.0; 0.0; 0.0; 0.0; 0.0; 0.0; 0.0; 0.0; 0.0; 0.0; 0.0; 1.77; 0.92; 3.62; 2.55; 25.0; -25.0; 0.0; 0; 0; 0.0; 0.0; 1; 6.068915686; 2.43529648375; 2.02868282946; 0; 0; 0; 0; 0.0; 0.0; 0.0; -1.0; 0.0; 0.0; 0.0; 0.0; 0.0; 1.0;0; 0;0; 0; 
39.8302540779; 107260; 0.0; 0.0; -0.17956; 0.0; 0.0; 0.0; 0.0; 0.0; 0.0; 0.0; 0.0; 0.0; 0.0; 0.0; 0.0; 0.0; 0.0; 1.77; 0.92; 3.62; 2.55; 25.0; -25.0; 0.0; 0; 0; 0.0; 0.0; 1; 6.068915686; 2.43529648375; 2.02868282946; 0; 0; 0; 0; 0.0; 0.0; 0.0; -1.0; 0.0; 0.0; 0.0; 0.0; 0.0; 1.0;0; 0;0; 0; 
39.8425440788; 107270; 0.0; 0.0; -0.17948; 0.0; 0.0; 0.0; 0.0; 0.0; 0.0; 0.0; 0.0; 0.0; 0.0; 0.0; 0.0; 0.0; 0.0; 1.77; 0.92; 3.62; 2.55; 25.0; -25.0; 0.0; 0; 0; 0.0; 0.0; 1; 6.068915686; 2.43529648375; 2.02868282946; 0; 0; 0; 0; 0.0; 0.0; 0.0; -1.0; 0.0; 0.0; 0.0; 0.0; 0.0; 1.0;0; 0;0; 0; 
39.8545219898; 107270; 0.0; 0.0; -0.17939; 0.0; 0.0; 0.0; 0.0; 0.0; 0.0; 0.0; 0.0; 0.0; 0.0; 0.0; 0.0; 0.0; 0.0; 1.77; 0.92; 3.62; 2.55; 25.0; -25.0; 0.0; 0; 0; 0.0; 0.0; 1; 6.068915686; 2.43529648375; 2.02868282946; 0; 0; 0; 0; 0.0; 0.0; 0.0; -1.0; 0.0; 0.0; 0.0; 0.0; 0.0; 1.0;0; 0;0; 0; 
39.8661160469; 107280; 0.0; 0.0; -0.17921; 0.0; 0.0; 0.0; 0.0; 0.0; 0.0; 0.0; 0.0; 0.0; 0.0; 0.0; 0.0; 0.0; 0.0; 1.77; 0.92; 3.62; 2.55; 25.0; -25.0; 0.0; 0; 0; 0.0; 0.0; 1; 6.068915686; 2.43529648375; 2.02868282946; 0; 0; 0; 0; 0.0; 0.0; 0.0; -1.0; 0.0; 0.0; 0.0; 0.0; 0.0; 1.0;0; 0;0; 0; 
39.8775351048; 107280; 0.0; 0.0; -0.17898; 0.0; 0.0; 0.0; 0.0; 0.0; 0.0; 0.0; 0.0; 0.0; 0.0; 0.0; 0.0; 0.0; 0.0; 1.77; 0.92; 3.62; 2.55; 25.0; -25.0; 0.0; 0; 0; 0.0; 0.0; 1; 6.068915686; 2.43529648375; 2.02868282946; 0; 0; 0; 0; 0.0; 0.0; 0.0; -1.0; 0.0; 0.0; 0.0; 0.0; 0.0; 1.0;0; 0;0; 0; 
39.8896551132; 107290; 0.0; 0.0; -0.17865; 0.0; 0.0; 0.0; 0.0; 0.0; 0.0; 0.0; 0.0; 0.0; 0.0; 0.0; 0.0; 0.0; 0.0; 1.77; 0.92; 3.62; 2.55; 25.0; -25.0; 0.0; 0; 0; 0.0; 0.0; 1; 6.068915686; 2.43529648375; 2.02868282946; 0; 0; 0; 0; 0.0; 0.0; 0.0; -1.0; 0.0; 0.0; 0.0; 0.0; 0.0; 1.0;0; 0;0; 0; 
39.9013621807; 107290; 0.0; 0.0; -0.17823; 0.0; 0.0; 0.0; 0.0; 0.0; 0.0; 0.0; 0.0; 0.0; 0.0; 0.0; 0.0; 0.0; 0.0; 1.77; 0.92; 3.62; 2.55; 25.0; -25.0; 0.0; 0; 0; 0.0; 0.0; 1; 6.068915686; 2.43529648375; 2.02868282946; 0; 0; 0; 0; 0.0; 0.0; 0.0; -1.0; 0.0; 0.0; 0.0; 0.0; 0.0; 1.0;0; 0;0; 0; 
39.9129431248; 107300; 0.0; 0.0; -0.17775; 0.0; 0.0; 0.0; 0.0; 0.0; 0.0; 0.0; 0.0; 0.0; 0.0; 0.0; 0.0; 0.0; 0.0; 1.77; 0.92; 3.62; 2.55; 25.0; -25.0; 0.0; 0; 0; 0.0; 0.0; 1; 6.068915686; 2.43529648375; 2.02868282946; 0; 0; 0; 0; 0.0; 0.0; 0.0; -1.0; 0.0; 0.0; 0.0; 0.0; 0.0; 1.0;0; 0;0; 0; 
39.9240591526; 107300; 0.0; 0.0; -0.17719; 0.0; 0.0; 0.0; 0.0; 0.0; 0.0; 0.0; 0.0; 0.0; 0.0; 0.0; 0.0; 0.0; 0.0; 1.77; 0.92; 3.62; 2.55; 25.0; -25.0; 0.0; 0; 0; 0.0; 0.0; 1; 6.068915686; 2.43529648375; 2.02868282946; 0; 0; 0; 0; 0.0; 0.0; 0.0; -1.0; 0.0; 0.0; 0.0; 0.0; 0.0; 1.0;0; 0;0; 0; 
39.9360730648; 107310; 0.0; 0.0; -0.17658; 0.0; 0.0; 0.0; 0.0; 0.0; 0.0; 0.0; 0.0; 0.0; 0.0; 0.0; 0.0; 0.0; 0.0; 1.77; 0.92; 3.62; 2.55; 25.0; -25.0; 0.0; 0; 0; 0.0; 0.0; 1; 6.068915686; 2.43529648375; 2.02868282946; 0; 0; 0; 0; 0.0; 0.0; 0.0; -1.0; 0.0; 0.0; 0.0; 0.0; 0.0; 1.0;0; 0;0; 0; 
39.9471850395; 107310; 0.0; 0.0; -0.17598; 0.0; 0.0; 0.0; 0.0; 0.0; 0.0; 0.0; 0.0; 0.0; 0.0; 0.0; 0.0; 0.0; 0.0; 1.77; 0.92; 3.62; 2.55; 25.0; -25.0; 0.0; 0; 0; 0.0; 0.0; 1; 6.05331323898; 2.46627039988; 2.04838067672; 0; 0; 0; 0; 0.0; 0.0; 0.0; -1.0; 0.0; 0.0; 0.0; 0.0; 0.0; 1.0;0; 0;0; 0; 
39.9585101604; 107320; 0.0; 0.0; -0.17543; 0.0; 0.0; 0.0; 0.0; 0.0; 0.0; 0.0; 0.0; 0.0; 0.0; 0.0; 0.0; 0.0; 0.0; 1.77; 0.92; 3.62; 2.55; 25.0; -25.0; 0.0; 0; 0; 0.0; 0.0; 1; 6.05331323898; 2.46627039988; 2.04838067672; 0; 0; 0; 0; 0.0; 0.0; 0.0; -1.0; 0.0; 0.0; 0.0; 0.0; 0.0; 1.0;0; 0;0; 0; 
39.9703271389; 107320; 0.0; 0.0; -0.17495; 0.0; 0.0; 0.0; 0.0; 0.0; 0.0; 0.0; 0.0; 0.0; 0.0; 0.0; 0.0; 0.0; 0.0; 1.77; 0.92; 3.62; 2.55; 25.0; -25.0; 0.0; 0; 0; 0.0; 0.0; 1; 6.05331323898; 2.46627039988; 2.04838067672; 0; 0; 0; 0; 0.0; 0.0; 0.0; -1.0; 0.0; 0.0; 0.0; 0.0; 0.0; 1.0;0; 0;0; 0; 
39.9810791016; 107330; 0.0; 0.0; -0.17446; 0.0; 0.0; 0.0; 0.0; 0.0; 0.0; 0.0; 0.0; 0.0; 0.0; 0.0; 0.0; 0.0; 0.0; 1.77; 0.92; 3.62; 2.55; 25.0; -25.0; 0.0; 0; 0; 0.0; 0.0; 1; 6.05331323898; 2.46627039988; 2.04838067672; 0; 0; 0; 0; 0.0; 0.0; 0.0; -1.0; 0.0; 0.0; 0.0; 0.0; 0.0; 1.0;0; 0;0; 0; 
39.9914991856; 107330; 0.0; 0.0; -0.17393; 0.0; 0.0; 0.0; 0.0; 0.0; 0.0; 0.0; 0.0; 0.0; 0.0; 0.0; 0.0; 0.0; 0.0; 1.77; 0.92; 3.62; 2.55; 25.0; -25.0; 0.0; 0; 0; 0.0; 0.0; 1; 6.05331323898; 2.46627039988; 2.04838067672; 0; 0; 0; 0; 0.0; 0.0; 0.0; -1.0; 0.0; 0.0; 0.0; 0.0; 0.0; 1.0;0; 0;0; 0; 
40.0024790764; 107340; 0.0; 0.0; -0.17347; 0.0; 0.0; 0.0; 0.0; 0.0; 0.0; 0.0; 0.0; 0.0; 0.0; 0.0; 0.0; 0.0; 0.0; 1.77; 0.92; 4.55; 347.5; 25.0; -25.0; 0.0; 0; 0; 0.0; 0.0; 1; 6.05331323898; 2.46627039988; 2.04838067672; 0; 0; 0; 0; 0.0; 0.0; 0.0; -1.0; 0.0; 0.0; 0.0; 0.0; 0.0; 1.0;0; 0;0; 0; 
40.0132880211; 107340; 0.0; 0.0; -0.17295; 0.0; 0.0; 0.0; 0.0; 0.0; 0.0; 0.0; 0.0; 0.0; 0.0; 0.0; 0.0; 0.0; 0.0; 1.77; 0.92; 4.55; 347.5; 25.0; -25.0; 0.0; 0; 0; 0.0; 0.0; 1; 6.05331323898; 2.46627039988; 2.04838067672; 0; 0; 0; 0; 0.0; 0.0; 0.0; -1.0; 0.0; 0.0; 0.0; 0.0; 0.0; 1.0;0; 0;0; 0; 
40.024900198; 107350; 0.0; 0.0; -0.17237; 0.0; 0.0; 0.0; 0.0; 0.0; 0.0; 0.0; 0.0; 0.0; 0.0; 0.0; 0.0; 0.0; 0.0; 1.77; 0.92; 4.55; 347.5; 25.0; -25.0; 0.0; 0; 0; 0.0; 0.0; 1; 6.05331323898; 2.46627039988; 2.04838067672; 0; 0; 0; 0; 0.0; 0.0; 0.0; -1.0; 0.0; 0.0; 0.0; 0.0; 0.0; 1.0;0; 0;0; 0; 
40.0369040966; 107350; 0.0; 0.0; -0.17179; 0.0; 0.0; 0.0; 0.0; 0.0; 0.0; 0.0; 0.0; 0.0; 0.0; 0.0; 0.0; 0.0; 0.0; 1.77; 0.92; 4.55; 347.5; 25.0; -25.0; 0.0; 0; 0; 0.0; 0.0; 1; 6.05331323898; 2.46627039988; 2.04838067672; 0; 0; 0; 0; 0.0; 0.0; 0.0; -1.0; 0.0; 0.0; 0.0; 0.0; 0.0; 1.0;0; 0;0; 0; 
40.0474660397; 107360; 0.0; 0.0; -0.17128; 0.0; 0.0; 0.0; 0.0; 0.0; 0.0; 0.0; 0.0; 0.0; 0.0; 0.0; 0.0; 0.0; 0.0; 1.77; 0.92; 4.55; 347.5; 25.0; -25.0; 0.0; 0; 0; 0.0; 0.0; 1; 6.05331323898; 2.46627039988; 2.04838067672; 0; 0; 0; 0; 0.0; 0.0; 0.0; -1.0; 0.0; 0.0; 0.0; 0.0; 0.0; 1.0;0; 0;0; 0; 
40.0585889816; 107360; 0.0; 0.0; -0.17092; 0.0; 0.0; 0.0; 0.0; 0.0; 0.0; 0.0; 0.0; 0.0; 0.0; 0.0; 0.0; 0.0; 0.0; 1.77; 0.92; 4.55; 347.5; 25.0; -25.0; 0.0; 0; 0; 0.0; 0.0; 1; 6.05331323898; 2.46627039988; 2.04838067672; 0; 0; 0; 0; 0.0; 0.0; 0.0; -1.0; 0.0; 0.0; 0.0; 0.0; 0.0; 1.0;0; 0;0; 0; 
40.0696661472; 107370; 0.0; 0.0; -0.17067; 0.0; 0.0; 0.0; 0.0; 0.0; 0.0; 0.0; 0.0; 0.0; 0.0; 0.0; 0.0; 0.0; 0.0; 1.77; 0.92; 4.55; 347.5; 25.0; -25.0; 0.0; 0; 0; 0.0; 0.0; 1; 6.05331323898; 2.46627039988; 2.04838067672; 0; 0; 0; 0; 0.0; 0.0; 0.0; -1.0; 0.0; 0.0; 0.0; 0.0; 0.0; 1.0;0; 0;0; 0; 
40.0809180737; 107370; 0.0; 0.0; -0.17047; 0.0; 0.0; 0.0; 0.0; 0.0; 0.0; 0.0; 0.0; 0.0; 0.0; 0.0; 0.0; 0.0; 0.0; 1.77; 0.92; 4.55; 347.5; 25.0; -25.0; 0.0; 0; 0; 0.0; 0.0; 1; 6.05331323898; 2.46627039988; 2.04838067672; 0; 0; 0; 0; 0.0; 0.0; 0.0; -1.0; 0.0; 0.0; 0.0; 0.0; 0.0; 1.0;0; 0;0; 0; 
40.0923609734; 107380; 0.0; 0.0; -0.17037; 0.0; 0.0; 0.0; 0.0; 0.0; 0.0; 0.0; 0.0; 0.0; 0.0; 0.0; 0.0; 0.0; 0.0; 1.77; 0.92; 4.55; 347.5; 25.0; -25.0; 0.0; 0; 0; 0.0; 0.0; 1; 6.05331323898; 2.46627039988; 2.04838067672; 0; 0; 0; 0; 0.0; 0.0; 0.0; -1.0; 0.0; 0.0; 0.0; 0.0; 0.0; 1.0;0; 0;0; 0; 
40.1039180756; 107380; 0.0; 0.0; -0.17041; 0.0; 0.0; 0.0; 0.0; 0.0; 0.0; 0.0; 0.0; 0.0; 0.0; 0.0; 0.0; 0.0; 0.0; 1.77; 0.92; 4.55; 347.5; 25.0; -25.0; 0.0; 0; 0; 0.0; 0.0; 1; 6.05331323898; 2.46627039988; 2.04838067672; 0; 0; 0; 0; 0.0; 0.0; 0.0; -1.0; 0.0; 0.0; 0.0; 0.0; 0.0; 1.0;0; 0;0; 0; 
40.1151890755; 107390; 0.0; 0.0; -0.1705; 0.0; 0.0; 0.0; 0.0; 0.0; 0.0; 0.0; 0.0; 0.0; 0.0; 0.0; 0.0; 0.0; 0.0; 1.77; 0.92; 4.55; 347.5; 25.0; -25.0; 0.0; 0; 0; 0.0; 0.0; 1; 6.05331323898; 2.46627039988; 2.04838067672; 0; 0; 0; 0; 0.0; 0.0; 0.0; -1.0; 0.0; 0.0; 0.0; 0.0; 0.0; 1.0;0; 0;0; 0; 
40.1276140213; 107390; 0.0; 0.0; -0.17067; 0.0; 0.0; 0.0; 0.0; 0.0; 0.0; 0.0; 0.0; 0.0; 0.0; 0.0; 0.0; 0.0; 0.0; 1.77; 0.92; 4.55; 347.5; 25.0; -25.0; 0.0; 0; 0; 0.0; 0.0; 1; 6.05331323898; 2.46627039988; 2.04838067672; 0; 0; 0; 0; 0.0; 0.0; 0.0; -1.0; 0.0; 0.0; 0.0; 0.0; 0.0; 1.0;0; 0;0; 0; 
40.1393010616; 107400; 0.0; 0.0; -0.17097; 0.0; 0.0; 0.0; 0.0; 0.0; 0.0; 0.0; 0.0; 0.0; 0.0; 0.0; 0.0; 0.0; 0.0; 1.77; 0.92; 4.55; 347.5; 25.0; -25.0; 0.0; 0; 0; 0.0; 0.0; 1; 6.05331323898; 2.46627039988; 2.04838067672; 0; 0; 0; 0; 0.0; 0.0; 0.0; -1.0; 0.0; 0.0; 0.0; 0.0; 0.0; 1.0;0; 0;0; 0; 
40.1508820057; 107400; 0.0; 0.0; -0.17145; 0.0; 0.0; 0.0; 0.0; 0.0; 0.0; 0.0; 0.0; 0.0; 0.0; 0.0; 0.0; 0.0; 0.0; 1.77; 0.92; 4.55; 347.5; 25.0; -25.0; 0.0; 0; 0; 0.0; 0.0; 1; 6.05331323898; 2.46627039988; 2.04838067672; 0; 0; 0; 0; 0.0; 0.0; 0.0; -1.0; 0.0; 0.0; 0.0; 0.0; 0.0; 1.0;0; 0;0; 0; 
40.1622531414; 107410; 0.0; 0.0; -0.17211; 0.0; 0.0; 0.0; 0.0; 0.0; 0.0; 0.0; 0.0; 0.0; 0.0; 0.0; 0.0; 0.0; 0.0; 1.77; 0.92; 4.55; 347.5; 25.0; -25.0; 0.0; 0; 0; 0.0; 0.0; 1; 6.05331323898; 2.46627039988; 2.04838067672; 0; 0; 0; 0; 0.0; 0.0; 0.0; -1.0; 0.0; 0.0; 0.0; 0.0; 0.0; 1.0;0; 0;0; 0; 
40.173238039; 107410; 0.0; 0.0; -0.17287; 0.0; 0.0; 0.0; 0.0; 0.0; 0.0; 0.0; 0.0; 0.0; 0.0; 0.0; 0.0; 0.0; 0.0; 1.77; 0.92; 4.55; 347.5; 25.0; -25.0; 0.0; 0; 0; 0.0; 0.0; 1; 6.03888072887; 2.49359925967; 2.06714207612; 0; 0; 0; 0; 0.0; 0.0; 0.0; -1.0; 0.0; 0.0; 0.0; 0.0; 0.0; 1.0;0; 0;0; 0; 
40.1848790646; 107420; 0.0; 0.0; -0.17372; 0.0; 0.0; 0.0; 0.0; 0.0; 0.0; 0.0; 0.0; 0.0; 0.0; 0.0; 0.0; 0.0; 0.0; 1.77; 0.92; 4.55; 347.5; 25.0; -25.0; 0.0; 0; 0; 0.0; 0.0; 1; 6.03888072887; 2.49359925967; 2.06714207612; 0; 0; 0; 0; 0.0; 0.0; 0.0; -1.0; 0.0; 0.0; 0.0; 0.0; 0.0; 1.0;0; 0;0; 0; 
40.1958110332; 107420; 0.0; 0.0; -0.17468; 0.0; 0.0; 0.0; 0.0; 0.0; 0.0; 0.0; 0.0; 0.0; 0.0; 0.0; 0.0; 0.0; 0.0; 1.77; 0.92; 4.55; 347.5; 25.0; -25.0; 0.0; 0; 0; 0.0; 0.0; 1; 6.03888072887; 2.49359925967; 2.06714207612; 0; 0; 0; 0; 0.0; 0.0; 0.0; -1.0; 0.0; 0.0; 0.0; 0.0; 0.0; 1.0;0; 0;0; 0; 
40.2069079876; 107430; 0.0; 0.0; -0.1757; 0.0; 0.0; 0.0; 0.0; 0.0; 0.0; 0.0; 0.0; 0.0; 0.0; 0.0; 0.0; 0.0; 0.0; 1.77; 0.92; 4.55; 347.5; 25.0; -25.0; 0.0; 0; 0; 0.0; 0.0; 1; 6.03888072887; 2.49359925967; 2.06714207612; 0; 0; 0; 0; 0.0; 0.0; 0.0; -1.0; 0.0; 0.0; 0.0; 0.0; 0.0; 1.0;0; 0;0; 0; 
40.2183430195; 107430; 0.0; 0.0; -0.17679; 0.0; 0.0; 0.0; 0.0; 0.0; 0.0; 0.0; 0.0; 0.0; 0.0; 0.0; 0.0; 0.0; 0.0; 1.77; 0.92; 4.55; 347.5; 25.0; -25.0; 0.0; 0; 0; 0.0; 0.0; 1; 6.03888072887; 2.49359925967; 2.06714207612; 0; 0; 0; 0; 0.0; 0.0; 0.0; -1.0; 0.0; 0.0; 0.0; 0.0; 0.0; 1.0;0; 0;0; 0; 
40.228718996; 107440; 0.0; 0.0; -0.17791; 0.0; 0.0; 0.0; 0.0; 0.0; 0.0; 0.0; 0.0; 0.0; 0.0; 0.0; 0.0; 0.0; 0.0; 1.75; 0.92; 4.66; 347.5; 25.0; -25.0; 0.0; 0; 0; 0.0; 0.0; 1; 6.03888072887; 2.49359925967; 2.06714207612; 0; 0; 0; 0; 0.0; 0.0; 0.0; -1.0; 0.0; 0.0; 0.0; 0.0; 0.0; 1.0;0; 0;0; 0; 
40.2400829792; 107440; 0.0; 0.0; -0.17896; 0.0; 0.0; 0.0; 0.0; 0.0; 0.0; 0.0; 0.0; 0.0; 0.0; 0.0; 0.0; 0.0; 0.0; 1.75; 0.92; 4.66; 347.5; 25.0; -25.0; 0.0; 0; 0; 0.0; 0.0; 1; 6.03888072887; 2.49359925967; 2.06714207612; 0; 0; 0; 0; 0.0; 0.0; 0.0; -1.0; 0.0; 0.0; 0.0; 0.0; 0.0; 1.0;0; 0;0; 0; 
40.2515501976; 107450; 0.0; 0.0; -0.17989; 0.0; 0.0; 0.0; 0.0; 0.0; 0.0; 0.0; 0.0; 0.0; 0.0; 0.0; 0.0; 0.0; 0.0; 1.75; 0.92; 4.66; 347.5; 25.0; -25.0; 0.0; 0; 0; 0.0; 0.0; 1; 6.03888072887; 2.49359925967; 2.06714207612; 0; 0; 0; 0; 0.0; 0.0; 0.0; -1.0; 0.0; 0.0; 0.0; 0.0; 0.0; 1.0;0; 0;0; 0; 
40.2623810768; 107450; 0.0; 0.0; -0.18062; 0.0; 0.0; 0.0; 0.0; 0.0; 0.0; 0.0; 0.0; 0.0; 0.0; 0.0; 0.0; 0.0; 0.0; 1.75; 0.92; 4.66; 347.5; 25.0; -25.0; 0.0; 0; 0; 0.0; 0.0; 1; 6.03888072887; 2.49359925967; 2.06714207612; 0; 0; 0; 0; 0.0; 0.0; 0.0; -1.0; 0.0; 0.0; 0.0; 0.0; 0.0; 1.0;0; 0;0; 0; 
40.2734520435; 107460; 0.0; 0.0; -0.18106; 0.0; 0.0; 0.0; 0.0; 0.0; 0.0; 0.0; 0.0; 0.0; 0.0; 0.0; 0.0; 0.0; 0.0; 1.75; 0.92; 4.66; 347.5; 25.0; -25.0; 0.0; 0; 0; 0.0; 0.0; 1; 6.03888072887; 2.49359925967; 2.06714207612; 0; 0; 0; 0; 0.0; 0.0; 0.0; -1.0; 0.0; 0.0; 0.0; 0.0; 0.0; 1.0;0; 0;0; 0; 
40.2838721275; 107460; 0.0; 0.0; -0.18115; 0.0; 0.0; 0.0; 0.0; 0.0; 0.0; 0.0; 0.0; 0.0; 0.0; 0.0; 0.0; 0.0; 0.0; 1.75; 0.92; 4.66; 347.5; 25.0; -25.0; 0.0; 0; 0; 0.0; 0.0; 1; 6.03888072887; 2.49359925967; 2.06714207612; 0; 0; 0; 0; 0.0; 0.0; 0.0; -1.0; 0.0; 0.0; 0.0; 0.0; 0.0; 1.0;0; 0;0; 0; 
40.2946691513; 107470; 0.0; 0.0; -0.18092; 0.0; 0.0; 0.0; 0.0; 0.0; 0.0; 0.0; 0.0; 0.0; 0.0; 0.0; 0.0; 0.0; 0.0; 1.75; 0.92; 4.66; 347.5; 25.0; -25.0; 0.0; 0; 0; 0.0; 0.0; 1; 6.03888072887; 2.49359925967; 2.06714207612; 0; 0; 0; 0; 0.0; 0.0; 0.0; -1.0; 0.0; 0.0; 0.0; 0.0; 0.0; 1.0;0; 0;0; 0; 
40.3061981201; 107470; 0.0; 0.0; -0.18043; 0.0; 0.0; 0.0; 0.0; 0.0; 0.0; 0.0; 0.0; 0.0; 0.0; 0.0; 0.0; 0.0; 0.0; 1.75; 0.92; 4.66; 347.5; 25.0; -25.0; 0.0; 0; 0; 0.0; 0.0; 1; 6.03888072887; 2.49359925967; 2.06714207612; 0; 0; 0; 0; 0.0; 0.0; 0.0; -1.0; 0.0; 0.0; 0.0; 0.0; 0.0; 1.0;0; 0;0; 0; 
40.3169660568; 107480; 0.0; 0.0; -0.17987; 0.0; 0.0; 0.0; 0.0; 0.0; 0.0; 0.0; 0.0; 0.0; 0.0; 0.0; 0.0; 0.0; 0.0; 1.75; 0.92; 4.66; 347.5; 25.0; -25.0; 0.0; 0; 0; 0.0; 0.0; 1; 6.03888072887; 2.49359925967; 2.06714207612; 0; 0; 0; 0; 0.0; 0.0; 0.0; -1.0; 0.0; 0.0; 0.0; 0.0; 0.0; 1.0;0; 0;0; 0; 
40.3292920589; 107480; 0.0; 0.0; -0.1792; 0.0; 0.0; 0.0; 0.0; 0.0; 0.0; 0.0; 0.0; 0.0; 0.0; 0.0; 0.0; 0.0; 0.0; 1.75; 0.92; 4.66; 347.5; 25.0; -25.0; 0.0; 0; 0; 0.0; 0.0; 1; 6.03888072887; 2.49359925967; 2.06714207612; 0; 0; 0; 0; 0.0; 0.0; 0.0; -1.0; 0.0; 0.0; 0.0; 0.0; 0.0; 1.0;0; 0;0; 0; 
40.340708971; 107490; 0.0; 0.0; -0.17851; 0.0; 0.0; 0.0; 0.0; 0.0; 0.0; 0.0; 0.0; 0.0; 0.0; 0.0; 0.0; 0.0; 0.0; 1.75; 0.92; 4.66; 347.5; 25.0; -25.0; 0.0; 0; 0; 0.0; 0.0; 1; 6.03888072887; 2.49359925967; 2.06714207612; 0; 0; 0; 0; 0.0; 0.0; 0.0; -1.0; 0.0; 0.0; 0.0; 0.0; 0.0; 1.0;0; 0;0; 0; 
40.3515121937; 107490; 0.0; 0.0; -0.17786; 0.0; 0.0; 0.0; 0.0; 0.0; 0.0; 0.0; 0.0; 0.0; 0.0; 0.0; 0.0; 0.0; 0.0; 1.75; 0.92; 4.66; 347.5; 25.0; -25.0; 0.0; 0; 0; 0.0; 0.0; 1; 6.03888072887; 2.49359925967; 2.06714207612; 0; 0; 0; 0; 0.0; 0.0; 0.0; -1.0; 0.0; 0.0; 0.0; 0.0; 0.0; 1.0;0; 0;0; 0; 
40.3621730804; 107500; 0.0; 0.0; -0.17729; 0.0; 0.0; 0.0; 0.0; 0.0; 0.0; 0.0; 0.0; 0.0; 0.0; 0.0; 0.0; 0.0; 0.0; 1.75; 0.92; 4.66; 347.5; 25.0; -25.0; 0.0; 0; 0; 0.0; 0.0; 1; 6.03888072887; 2.49359925967; 2.06714207612; 0; 0; 0; 0; 0.0; 0.0; 0.0; -1.0; 0.0; 0.0; 0.0; 0.0; 0.0; 1.0;0; 0;0; 0; 
40.3734951019; 107500; 0.0; 0.0; -0.17683; 0.0; 0.0; 0.0; 0.0; 0.0; 0.0; 0.0; 0.0; 0.0; 0.0; 0.0; 0.0; 0.0; 0.0; 1.75; 0.92; 4.66; 347.5; 25.0; -25.0; 0.0; 0; 0; 0.0; 0.0; 1; 6.03888072887; 2.49359925967; 2.06714207612; 0; 0; 0; 0; 0.0; 0.0; 0.0; -1.0; 0.0; 0.0; 0.0; 0.0; 0.0; 1.0;0; 0;0; 0; 
40.3842730522; 107510; 0.0; 0.0; -0.17647; 0.0; 0.0; 0.0; 0.0; 0.0; 0.0; 0.0; 0.0; 0.0; 0.0; 0.0; 0.0; 0.0; 0.0; 1.75; 0.92; 4.66; 347.5; 25.0; -25.0; 0.0; 0; 0; 0.0; 0.0; 1; 6.03888072887; 2.49359925967; 2.06714207612; 0; 0; 0; 0; 0.0; 0.0; 0.0; -1.0; 0.0; 0.0; 0.0; 0.0; 0.0; 1.0;0; 0;0; 0; 
40.3949739933; 107510; 0.0; 0.0; -0.17623; 0.0; 0.0; 0.0; 0.0; 0.0; 0.0; 0.0; 0.0; 0.0; 0.0; 0.0; 0.0; 0.0; 0.0; 1.75; 0.92; 4.66; 347.5; 25.0; -25.0; 0.0; 0; 0; 0.0; 0.0; 1; 6.0257525802; 2.51736495965; 2.08603557652; 0; 0; 0; 0; 0.0; 0.0; 0.0; -1.0; 0.0; 0.0; 0.0; 0.0; 0.0; 1.0;0; 0;0; 0; 
40.4062440395; 107520; 0.0; 0.0; -0.17618; 0.0; 0.0; 0.0; 0.0; 0.0; 0.0; 0.0; 0.0; 0.0; 0.0; 0.0; 0.0; 0.0; 0.0; 1.75; 0.92; 4.66; 347.5; 25.0; -25.0; 0.0; 0; 0; 0.0; 0.0; 1; 6.0257525802; 2.51736495965; 2.08603557652; 0; 0; 0; 0; 0.0; 0.0; 0.0; -1.0; 0.0; 0.0; 0.0; 0.0; 0.0; 1.0;0; 0;0; 0; 
40.417468071; 107520; 0.0; 0.0; -0.17634; 0.0; 0.0; 0.0; 0.0; 0.0; 0.0; 0.0; 0.0; 0.0; 0.0; 0.0; 0.0; 0.0; 0.0; 1.75; 0.92; 4.66; 347.5; 25.0; -25.0; 0.0; 0; 0; 0.0; 0.0; 1; 6.0257525802; 2.51736495965; 2.08603557652; 0; 0; 0; 0; 0.0; 0.0; 0.0; -1.0; 0.0; 0.0; 0.0; 0.0; 0.0; 1.0;0; 0;0; 0; 
40.4281589985; 107530; 0.0; 0.0; -0.17663; 0.0; 0.0; 0.0; 0.0; 0.0; 0.0; 0.0; 0.0; 0.0; 0.0; 0.0; 0.0; 0.0; 0.0; 1.75; 0.92; 4.66; 347.5; 25.0; -25.0; 0.0; 0; 0; 0.0; 0.0; 1; 6.0257525802; 2.51736495965; 2.08603557652; 0; 0; 0; 0; 0.0; 0.0; 0.0; -1.0; 0.0; 0.0; 0.0; 0.0; 0.0; 1.0;0; 0;0; 0; 
40.4389781952; 107530; 0.0; 0.0; -0.17699; 0.0; 0.0; 0.0; 0.0; 0.0; 0.0; 0.0; 0.0; 0.0; 0.0; 0.0; 0.0; 0.0; 0.0; 1.75; 0.92; 4.66; 347.5; 25.0; -25.0; 0.0; 0; 0; 0.0; 0.0; 1; 6.0257525802; 2.51736495965; 2.08603557652; 0; 0; 0; 0; 0.0; 0.0; 0.0; -1.0; 0.0; 0.0; 0.0; 0.0; 0.0; 1.0;0; 0;0; 0; 
40.4508650303; 107540; 0.0; 0.0; -0.17737; 0.0; 0.0; 0.0; 0.0; 0.0; 0.0; 0.0; 0.0; 0.0; 0.0; 0.0; 0.0; 0.0; 0.0; 1.75; 0.91; 4.65; 5.03; 25.0; -25.0; 0.0; 0; 0; 0.0; 0.0; 1; 6.0257525802; 2.51736495965; 2.08603557652; 0; 0; 0; 0; 0.0; 0.0; 0.0; -1.0; 0.0; 0.0; 0.0; 0.0; 0.0; 1.0;0; 0;0; 0; 
40.4614269733; 107540; 0.0; 0.0; -0.17779; 0.0; 0.0; 0.0; 0.0; 0.0; 0.0; 0.0; 0.0; 0.0; 0.0; 0.0; 0.0; 0.0; 0.0; 1.75; 0.91; 4.65; 5.03; 25.0; -25.0; 0.0; 0; 0; 0.0; 0.0; 1; 6.0257525802; 2.51736495965; 2.08603557652; 0; 0; 0; 0; 0.0; 0.0; 0.0; -1.0; 0.0; 0.0; 0.0; 0.0; 0.0; 1.0;0; 0;0; 0; 
40.4720599651; 107550; 0.0; 0.0; -0.17825; 0.0; 0.0; 0.0; 0.0; 0.0; 0.0; 0.0; 0.0; 0.0; 0.0; 0.0; 0.0; 0.0; 0.0; 1.75; 0.91; 4.65; 5.03; 25.0; -25.0; 0.0; 0; 0; 0.0; 0.0; 1; 6.0257525802; 2.51736495965; 2.08603557652; 0; 0; 0; 0; 0.0; 0.0; 0.0; -1.0; 0.0; 0.0; 0.0; 0.0; 0.0; 1.0;0; 0;0; 0; 
40.4830191135; 107550; 0.0; 0.0; -0.17862; 0.0; 0.0; 0.0; 0.0; 0.0; 0.0; 0.0; 0.0; 0.0; 0.0; 0.0; 0.0; 0.0; 0.0; 1.75; 0.91; 4.65; 5.03; 25.0; -25.0; 0.0; 0; 0; 0.0; 0.0; 1; 6.0257525802; 2.51736495965; 2.08603557652; 0; 0; 0; 0; 0.0; 0.0; 0.0; -1.0; 0.0; 0.0; 0.0; 0.0; 0.0; 1.0;0; 0;0; 0; 
40.4952349663; 107560; 0.0; 0.0; -0.17887; 0.0; 0.0; 0.0; 0.0; 0.0; 0.0; 0.0; 0.0; 0.0; 0.0; 0.0; 0.0; 0.0; 0.0; 1.75; 0.91; 4.65; 5.03; 25.0; -25.0; 0.0; 0; 0; 0.0; 0.0; 1; 6.0257525802; 2.51736495965; 2.08603557652; 0; 0; 0; 0; 0.0; 0.0; 0.0; -1.0; 0.0; 0.0; 0.0; 0.0; 0.0; 1.0;0; 0;0; 0; 
40.5066699982; 107560; 0.0; 0.0; -0.17902; 0.0; 0.0; 0.0; 0.0; 0.0; 0.0; 0.0; 0.0; 0.0; 0.0; 0.0; 0.0; 0.0; 0.0; 1.75; 0.91; 4.65; 5.03; 25.0; -25.0; 0.0; 0; 0; 0.0; 0.0; 1; 6.0257525802; 2.51736495965; 2.08603557652; 0; 0; 0; 0; 0.0; 0.0; 0.0; -1.0; 0.0; 0.0; 0.0; 0.0; 0.0; 1.0;0; 0;0; 0; 
40.5178921223; 107570; 0.0; 0.0; -0.179; 0.0; 0.0; 0.0; 0.0; 0.0; 0.0; 0.0; 0.0; 0.0; 0.0; 0.0; 0.0; 0.0; 0.0; 1.75; 0.91; 4.65; 5.03; 25.0; -25.0; 0.0; 0; 0; 0.0; 0.0; 1; 6.0257525802; 2.51736495965; 2.08603557652; 0; 0; 0; 0; 0.0; 0.0; 0.0; -1.0; 0.0; 0.0; 0.0; 0.0; 0.0; 1.0;0; 0;0; 0; 
40.5295071602; 107570; 0.0; 0.0; -0.17872; 0.0; 0.0; 0.0; 0.0; 0.0; 0.0; 0.0; 0.0; 0.0; 0.0; 0.0; 0.0; 0.0; 0.0; 1.75; 0.91; 4.65; 5.03; 25.0; -25.0; 0.0; 0; 0; 0.0; 0.0; 1; 6.0257525802; 2.51736495965; 2.08603557652; 0; 0; 0; 0; 0.0; 0.0; 0.0; -1.0; 0.0; 0.0; 0.0; 0.0; 0.0; 1.0;0; 0;0; 0; 
40.541162014; 107580; 0.0; 0.0; -0.1781; 0.0; 0.0; 0.0; 0.0; 0.0; 0.0; 0.0; 0.0; 0.0; 0.0; 0.0; 0.0; 0.0; 0.0; 1.75; 0.91; 4.65; 5.03; 25.0; -25.0; 0.0; 0; 0; 0.0; 0.0; 1; 6.0257525802; 2.51736495965; 2.08603557652; 0; 0; 0; 0; 0.0; 0.0; 0.0; -1.0; 0.0; 0.0; 0.0; 0.0; 0.0; 1.0;0; 0;0; 0; 
40.5527751446; 107580; 0.0; 0.0; -0.17722; 0.0; 0.0; 0.0; 0.0; 0.0; 0.0; 0.0; 0.0; 0.0; 0.0; 0.0; 0.0; 0.0; 0.0; 1.75; 0.91; 4.65; 5.03; 25.0; -25.0; 0.0; 0; 0; 0.0; 0.0; 1; 6.0257525802; 2.51736495965; 2.08603557652; 0; 0; 0; 0; 0.0; 0.0; 0.0; -1.0; 0.0; 0.0; 0.0; 0.0; 0.0; 1.0;0; 0;0; 0; 
40.5637321472; 107590; 0.0; 0.0; -0.17621; 0.0; 0.0; 0.0; 0.0; 0.0; 0.0; 0.0; 0.0; 0.0; 0.0; 0.0; 0.0; 0.0; 0.0; 1.75; 0.91; 4.65; 5.03; 25.0; -25.0; 0.0; 0; 0; 0.0; 0.0; 1; 6.0257525802; 2.51736495965; 2.08603557652; 0; 0; 0; 0; 0.0; 0.0; 0.0; -1.0; 0.0; 0.0; 0.0; 0.0; 0.0; 1.0;0; 0;0; 0; 
40.5750691891; 107590; 0.0; 0.0; -0.1751; 0.0; 0.0; 0.0; 0.0; 0.0; 0.0; 0.0; 0.0; 0.0; 0.0; 0.0; 0.0; 0.0; 0.0; 1.75; 0.91; 4.65; 5.03; 25.0; -25.0; 0.0; 0; 0; 0.0; 0.0; 1; 6.0257525802; 2.51736495965; 2.08603557652; 0; 0; 0; 0; 0.0; 0.0; 0.0; -1.0; 0.0; 0.0; 0.0; 0.0; 0.0; 1.0;0; 0;0; 0; 
40.5861961842; 107600; 0.0; 0.0; -0.17393; 0.0; 0.0; 0.0; 0.0; 0.0; 0.0; 0.0; 0.0; 0.0; 0.0; 0.0; 0.0; 0.0; 0.0; 1.75; 0.91; 4.65; 5.03; 25.0; -25.0; 0.0; 0; 0; 0.0; 0.0; 1; 6.0257525802; 2.51736495965; 2.08603557652; 0; 0; 0; 0; 0.0; 0.0; 0.0; -1.0; 0.0; 0.0; 0.0; 0.0; 0.0; 1.0;0; 0;0; 0; 
40.5984041691; 107600; 0.0; 0.0; -0.17282; 0.0; 0.0; 0.0; 0.0; 0.0; 0.0; 0.0; 0.0; 0.0; 0.0; 0.0; 0.0; 0.0; 0.0; 1.75; 0.91; 4.65; 5.03; 25.0; -25.0; 0.0; 0; 0; 0.0; 0.0; 1; 6.0257525802; 2.51736495965; 2.08603557652; 0; 0; 0; 0; 0.0; 0.0; 0.0; -1.0; 0.0; 0.0; 0.0; 0.0; 0.0; 1.0;0; 0;0; 0; 
40.6097681522; 107610; 0.0; 0.0; -0.1718; 0.0; 0.0; 0.0; 0.0; 0.0; 0.0; 0.0; 0.0; 0.0; 0.0; 0.0; 0.0; 0.0; 0.0; 1.75; 0.91; 4.65; 5.03; 25.0; -25.0; 0.0; 0; 0; 0.0; 0.0; 1; 6.0257525802; 2.51736495965; 2.08603557652; 0; 0; 0; 0; 0.0; 0.0; 0.0; -1.0; 0.0; 0.0; 0.0; 0.0; 0.0; 1.0;0; 0;0; 0; 
40.6210491657; 107610; 0.0; 0.0; -0.17085; 0.0; 0.0; 0.0; 0.0; 0.0; 0.0; 0.0; 0.0; 0.0; 0.0; 0.0; 0.0; 0.0; 0.0; 1.75; 0.91; 4.65; 5.03; 25.0; -25.0; 0.0; 0; 0; 0.0; 0.0; 1; 6.01201648572; 2.54113480708; 2.10486355218; 0; 0; 0; 0; 0.0; 0.0; 0.0; -1.0; 0.0; 0.0; 0.0; 0.0; 0.0; 1.0;0; 0;0; 0; 
40.6327769756; 107620; 0.0; 0.0; -0.17002; 0.0; 0.0; 0.0; 0.0; 0.0; 0.0; 0.0; 0.0; 0.0; 0.0; 0.0; 0.0; 0.0; 0.0; 1.75; 0.91; 4.65; 5.03; 25.0; -25.0; 0.0; 0; 0; 0.0; 0.0; 1; 6.01201648572; 2.54113480708; 2.10486355218; 0; 0; 0; 0; 0.0; 0.0; 0.0; -1.0; 0.0; 0.0; 0.0; 0.0; 0.0; 1.0;0; 0;0; 0; 
40.6447331905; 107620; 0.0; 0.0; -0.16937; 0.0; 0.0; 0.0; 0.0; 0.0; 0.0; 0.0; 0.0; 0.0; 0.0; 0.0; 0.0; 0.0; 0.0; 1.75; 0.91; 4.65; 5.03; 25.0; -25.0; 0.0; 0; 0; 0.0; 0.0; 1; 6.01201648572; 2.54113480708; 2.10486355218; 0; 0; 0; 0; 0.0; 0.0; 0.0; -1.0; 0.0; 0.0; 0.0; 0.0; 0.0; 1.0;0; 0;0; 0; 
40.6567590237; 107630; 0.0; 0.0; -0.16902; 0.0; 0.0; 0.0; 0.0; 0.0; 0.0; 0.0; 0.0; 0.0; 0.0; 0.0; 0.0; 0.0; 0.0; 1.75; 0.91; 4.65; 5.03; 25.0; -25.0; 0.0; 0; 0; 0.0; 0.0; 1; 6.01201648572; 2.54113480708; 2.10486355218; 0; 0; 0; 0; 0.0; 0.0; 0.0; -1.0; 0.0; 0.0; 0.0; 0.0; 0.0; 1.0;0; 0;0; 0; 
40.6682679653; 107630; 0.0; 0.0; -0.16902; 0.0; 0.0; 0.0; 0.0; 0.0; 0.0; 0.0; 0.0; 0.0; 0.0; 0.0; 0.0; 0.0; 0.0; 1.75; 0.91; 4.65; 5.03; 25.0; -25.0; 0.0; 0; 0; 0.0; 0.0; 1; 6.01201648572; 2.54113480708; 2.10486355218; 0; 0; 0; 0; 0.0; 0.0; 0.0; -1.0; 0.0; 0.0; 0.0; 0.0; 0.0; 1.0;0; 0;0; 0; 
40.6795141697; 107640; 0.0; 0.0; -0.16942; 0.0; 0.0; 0.0; 0.0; 0.0; 0.0; 0.0; 0.0; 0.0; 0.0; 0.0; 0.0; 0.0; 0.0; 1.75; 0.91; 4.65; 5.03; 25.0; -25.0; 0.0; 0; 0; 0.0; 0.0; 1; 6.01201648572; 2.54113480708; 2.10486355218; 0; 0; 0; 0; 0.0; 0.0; 0.0; -1.0; 0.0; 0.0; 0.0; 0.0; 0.0; 1.0;0; 0;0; 0; 
40.6912961006; 107640; 0.0; 0.0; -0.17021; 0.0; 0.0; 0.0; 0.0; 0.0; 0.0; 0.0; 0.0; 0.0; 0.0; 0.0; 0.0; 0.0; 0.0; 1.75; 0.91; 4.65; 5.03; 25.0; -25.0; 0.0; 0; 0; 0.0; 0.0; 1; 6.01201648572; 2.54113480708; 2.10486355218; 0; 0; 0; 0; 0.0; 0.0; 0.0; -1.0; 0.0; 0.0; 0.0; 0.0; 0.0; 1.0;0; 0;0; 0; 
40.7027561665; 107650; 0.0; 0.0; -0.17134; 0.0; 0.0; 0.0; 0.0; 0.0; 0.0; 0.0; 0.0; 0.0; 0.0; 0.0; 0.0; 0.0; 0.0; 1.75; 0.91; 4.65; 5.03; 25.0; -25.0; 0.0; 0; 0; 0.0; 0.0; 1; 6.01201648572; 2.54113480708; 2.10486355218; 0; 0; 0; 0; 0.0; 0.0; 0.0; -1.0; 0.0; 0.0; 0.0; 0.0; 0.0; 1.0;0; 0;0; 0; 
40.7137980461; 107650; 0.0; 0.0; -0.17266; 0.0; 0.0; 0.0; 0.0; 0.0; 0.0; 0.0; 0.0; 0.0; 0.0; 0.0; 0.0; 0.0; 0.0; 1.75; 0.91; 4.65; 5.03; 25.0; -25.0; 0.0; 0; 0; 0.0; 0.0; 1; 6.01201648572; 2.54113480708; 2.10486355218; 0; 0; 0; 0; 0.0; 0.0; 0.0; -1.0; 0.0; 0.0; 0.0; 0.0; 0.0; 1.0;0; 0;0; 0; 
40.7250761986; 107660; 0.0; 0.0; -0.17417; 0.0; 0.0; 0.0; 0.0; 0.0; 0.0; 0.0; 0.0; 0.0; 0.0; 0.0; 0.0; 0.0; 0.0; 1.75; 0.91; 4.65; 5.03; 25.0; -25.0; 0.0; 0; 0; 0.0; 0.0; 1; 6.01201648572; 2.54113480708; 2.10486355218; 0; 0; 0; 0; 0.0; 0.0; 0.0; -1.0; 0.0; 0.0; 0.0; 0.0; 0.0; 1.0;0; 0;0; 0; 
40.7367360592; 107660; 0.0; 0.0; -0.17573; 0.0; 0.0; 0.0; 0.0; 0.0; 0.0; 0.0; 0.0; 0.0; 0.0; 0.0; 0.0; 0.0; 0.0; 1.75; 0.91; 4.65; 5.03; 25.0; -25.0; 0.0; 0; 0; 0.0; 0.0; 1; 6.01201648572; 2.54113480708; 2.10486355218; 0; 0; 0; 0; 0.0; 0.0; 0.0; -1.0; 0.0; 0.0; 0.0; 0.0; 0.0; 1.0;0; 0;0; 0; 
40.7475731373; 107670; 0.0; 0.0; -0.17727; 0.0; 0.0; 0.0; 0.0; 0.0; 0.0; 0.0; 0.0; 0.0; 0.0; 0.0; 0.0; 0.0; 0.0; 1.75; 0.91; 4.65; 5.03; 25.0; -25.0; 0.0; 0; 0; 0.0; 0.0; 1; 6.01201648572; 2.54113480708; 2.10486355218; 0; 0; 0; 0; 0.0; 0.0; 0.0; -1.0; 0.0; 0.0; 0.0; 0.0; 0.0; 1.0;0; 0;0; 0; 
40.7584290504; 107670; 0.0; 0.0; -0.17875; 0.0; 0.0; 0.0; 0.0; 0.0; 0.0; 0.0; 0.0; 0.0; 0.0; 0.0; 0.0; 0.0; 0.0; 1.75; 0.91; 4.65; 5.03; 25.0; -25.0; 0.0; 0; 0; 0.0; 0.0; 1; 6.01201648572; 2.54113480708; 2.10486355218; 0; 0; 0; 0; 0.0; 0.0; 0.0; -1.0; 0.0; 0.0; 0.0; 0.0; 0.0; 1.0;0; 0;0; 0; 
40.7691261768; 107680; 0.0; 0.0; -0.18004; 0.0; 0.0; 0.0; 0.0; 0.0; 0.0; 0.0; 0.0; 0.0; 0.0; 0.0; 0.0; 0.0; 0.0; 1.75; 0.91; 4.65; 5.03; 25.0; -25.0; 0.0; 0; 0; 0.0; 0.0; 1; 6.01201648572; 2.54113480708; 2.10486355218; 0; 0; 0; 0; 0.0; 0.0; 0.0; -1.0; 0.0; 0.0; 0.0; 0.0; 0.0; 1.0;0; 0;0; 0; 
40.7802801132; 107680; 0.0; 0.0; -0.18114; 0.0; 0.0; 0.0; 0.0; 0.0; 0.0; 0.0; 0.0; 0.0; 0.0; 0.0; 0.0; 0.0; 0.0; 1.75; 0.91; 4.65; 5.03; 25.0; -25.0; 0.0; 0; 0; 0.0; 0.0; 1; 6.01201648572; 2.54113480708; 2.10486355218; 0; 0; 0; 0; 0.0; 0.0; 0.0; -1.0; 0.0; 0.0; 0.0; 0.0; 0.0; 1.0;0; 0;0; 0; 
40.7912900448; 107690; 0.0; 0.0; -0.18192; 0.0; 0.0; 0.0; 0.0; 0.0; 0.0; 0.0; 0.0; 0.0; 0.0; 0.0; 0.0; 0.0; 0.0; 1.75; 0.91; 4.65; 5.03; 25.0; -25.0; 0.0; 0; 0; 0.0; 0.0; 1; 6.01201648572; 2.54113480708; 2.10486355218; 0; 0; 0; 0; 0.0; 0.0; 0.0; -1.0; 0.0; 0.0; 0.0; 0.0; 0.0; 1.0;0; 0;0; 0; 
40.8030560017; 107690; 0.0; 0.0; -0.18231; 0.0; 0.0; 0.0; 0.0; 0.0; 0.0; 0.0; 0.0; 0.0; 0.0; 0.0; 0.0; 0.0; 0.0; 1.75; 0.91; 4.65; 5.03; 25.0; -25.0; 0.0; 0; 0; 0.0; 0.0; 1; 6.01201648572; 2.54113480708; 2.10486355218; 0; 0; 0; 0; 0.0; 0.0; 0.0; -1.0; 0.0; 0.0; 0.0; 0.0; 0.0; 1.0;0; 0;0; 0; 
40.813803196; 107700; 0.0; 0.0; -0.18234; 0.0; 0.0; 0.0; 0.0; 0.0; 0.0; 0.0; 0.0; 0.0; 0.0; 0.0; 0.0; 0.0; 0.0; 1.75; 0.91; 4.65; 5.03; 25.0; -25.0; 0.0; 0; 0; 0.0; 0.0; 1; 6.01201648572; 2.54113480708; 2.10486355218; 0; 0; 0; 0; 0.0; 0.0; 0.0; -1.0; 0.0; 0.0; 0.0; 0.0; 0.0; 1.0;0; 0;0; 0; 
40.8245761395; 107700; 0.0; 0.0; -0.18206; 0.0; 0.0; 0.0; 0.0; 0.0; 0.0; 0.0; 0.0; 0.0; 0.0; 0.0; 0.0; 0.0; 0.0; 1.75; 0.91; 4.65; 5.03; 25.0; -25.0; 0.0; 0; 0; 0.0; 0.0; 1; 6.01201648572; 2.54113480708; 2.10486355218; 0; 0; 0; 0; 0.0; 0.0; 0.0; -1.0; 0.0; 0.0; 0.0; 0.0; 0.0; 1.0;0; 0;0; 0; 
40.8367221355; 107710; 0.0; 0.0; -0.18157; 0.0; 0.0; 0.0; 0.0; 0.0; 0.0; 0.0; 0.0; 0.0; 0.0; 0.0; 0.0; 0.0; 0.0; 1.75; 0.91; 4.65; 5.03; 25.0; -25.0; 0.0; 0; 0; 0.0; 0.0; 1; 6.01201648572; 2.54113480708; 2.10486355218; 0; 0; 0; 0; 0.0; 0.0; 0.0; -1.0; 0.0; 0.0; 0.0; 0.0; 0.0; 1.0;0; 0;0; 0; 
40.8481760025; 107710; 0.0; 0.0; -0.18095; 0.0; 0.0; 0.0; 0.0; 0.0; 0.0; 0.0; 0.0; 0.0; 0.0; 0.0; 0.0; 0.0; 0.0; 1.75; 0.91; 4.65; 5.03; 25.0; -25.0; 0.0; 0; 0; 0.0; 0.0; 1; 5.99510096412; 2.56917941561; 2.12406945469; 0; 0; 0; 0; 0.0; 0.0; 0.0; -1.0; 0.0; 0.0; 0.0; 0.0; 0.0; 1.0;0; 0;0; 0; 
40.8605539799; 107720; 0.0; 0.0; -0.18024; 0.0; 0.0; 0.0; 0.0; 0.0; 0.0; 0.0; 0.0; 0.0; 0.0; 0.0; 0.0; 0.0; 0.0; 1.75; 0.91; 4.65; 5.03; 25.0; -25.0; 0.0; 0; 0; 0.0; 0.0; 1; 5.99510096412; 2.56917941561; 2.12406945469; 0; 0; 0; 0; 0.0; 0.0; 0.0; -1.0; 0.0; 0.0; 0.0; 0.0; 0.0; 1.0;0; 0;0; 0; 
40.8721339703; 107720; 0.0; 0.0; -0.17951; 0.0; 0.0; 0.0; 0.0; 0.0; 0.0; 0.0; 0.0; 0.0; 0.0; 0.0; 0.0; 0.0; 0.0; 1.75; 0.91; 4.65; 5.03; 25.0; -25.0; 0.0; 0; 0; 0.0; 0.0; 1; 5.99510096412; 2.56917941561; 2.12406945469; 0; 0; 0; 0; 0.0; 0.0; 0.0; -1.0; 0.0; 0.0; 0.0; 0.0; 0.0; 1.0;0; 0;0; 0; 
40.8830721378; 107730; 0.0; 0.0; -0.17875; 0.0; 0.0; 0.0; 0.0; 0.0; 0.0; 0.0; 0.0; 0.0; 0.0; 0.0; 0.0; 0.0; 0.0; 1.75; 0.91; 4.65; 5.03; 25.0; -25.0; 0.0; 0; 0; 0.0; 0.0; 1; 5.99510096412; 2.56917941561; 2.12406945469; 0; 0; 0; 0; 0.0; 0.0; 0.0; -1.0; 0.0; 0.0; 0.0; 0.0; 0.0; 1.0;0; 0;0; 0; 
40.8945610523; 107730; 0.0; 0.0; -0.17798; 0.0; 0.0; 0.0; 0.0; 0.0; 0.0; 0.0; 0.0; 0.0; 0.0; 0.0; 0.0; 0.0; 0.0; 1.75; 0.91; 4.65; 5.03; 25.0; -25.0; 0.0; 0; 0; 0.0; 0.0; 1; 5.99510096412; 2.56917941561; 2.12406945469; 0; 0; 0; 0; 0.0; 0.0; 0.0; -1.0; 0.0; 0.0; 0.0; 0.0; 0.0; 1.0;0; 0;0; 0; 
40.9061210155; 107740; 0.0; 0.0; -0.17723; 0.0; 0.0; 0.0; 0.0; 0.0; 0.0; 0.0; 0.0; 0.0; 0.0; 0.0; 0.0; 0.0; 0.0; 1.75; 0.91; 4.65; 5.03; 25.0; -25.0; 0.0; 0; 0; 0.0; 0.0; 1; 5.99510096412; 2.56917941561; 2.12406945469; 0; 0; 0; 0; 0.0; 0.0; 0.0; -1.0; 0.0; 0.0; 0.0; 0.0; 0.0; 1.0;0; 0;0; 0; 
40.9177629948; 107740; 0.0; 0.0; -0.17652; 0.0; 0.0; 0.0; 0.0; 0.0; 0.0; 0.0; 0.0; 0.0; 0.0; 0.0; 0.0; 0.0; 0.0; 1.75; 0.91; 4.65; 5.03; 25.0; -25.0; 0.0; 0; 0; 0.0; 0.0; 1; 5.99510096412; 2.56917941561; 2.12406945469; 0; 0; 0; 0; 0.0; 0.0; 0.0; -1.0; 0.0; 0.0; 0.0; 0.0; 0.0; 1.0;0; 0;0; 0; 
40.9288611412; 107750; 0.0; 0.0; -0.17596; 0.0; 0.0; 0.0; 0.0; 0.0; 0.0; 0.0; 0.0; 0.0; 0.0; 0.0; 0.0; 0.0; 0.0; 1.75; 0.91; 4.65; 5.03; 25.0; -25.0; 0.0; 0; 0; 0.0; 0.0; 1; 5.99510096412; 2.56917941561; 2.12406945469; 0; 0; 0; 0; 0.0; 0.0; 0.0; -1.0; 0.0; 0.0; 0.0; 0.0; 0.0; 1.0;0; 0;0; 0; 
40.9402530193; 107750; 0.0; 0.0; -0.17561; 0.0; 0.0; 0.0; 0.0; 0.0; 0.0; 0.0; 0.0; 0.0; 0.0; 0.0; 0.0; 0.0; 0.0; 1.75; 0.91; 4.65; 5.03; 25.0; -25.0; 0.0; 0; 0; 0.0; 0.0; 1; 5.99510096412; 2.56917941561; 2.12406945469; 0; 0; 0; 0; 0.0; 0.0; 0.0; -1.0; 0.0; 0.0; 0.0; 0.0; 0.0; 1.0;0; 0;0; 0; 
40.9525151253; 107760; 0.0; 0.0; -0.17549; 0.0; 0.0; 0.0; 0.0; 0.0; 0.0; 0.0; 0.0; 0.0; 0.0; 0.0; 0.0; 0.0; 0.0; 1.75; 0.91; 4.65; 5.03; 25.0; -25.0; 0.0; 0; 0; 0.0; 0.0; 1; 5.99510096412; 2.56917941561; 2.12406945469; 0; 0; 0; 0; 0.0; 0.0; 0.0; -1.0; 0.0; 0.0; 0.0; 0.0; 0.0; 1.0;0; 0;0; 0; 
40.9643599987; 107760; 0.0; 0.0; -0.17569; 0.0; 0.0; 0.0; 0.0; 0.0; 0.0; 0.0; 0.0; 0.0; 0.0; 0.0; 0.0; 0.0; 0.0; 1.75; 0.91; 4.65; 5.03; 25.0; -25.0; 0.0; 0; 0; 0.0; 0.0; 1; 5.99510096412; 2.56917941561; 2.12406945469; 0; 0; 0; 0; 0.0; 0.0; 0.0; -1.0; 0.0; 0.0; 0.0; 0.0; 0.0; 1.0;0; 0;0; 0; 
40.9752240181; 107770; 0.0; 0.0; -0.17611; 0.0; 0.0; 0.0; 0.0; 0.0; 0.0; 0.0; 0.0; 0.0; 0.0; 0.0; 0.0; 0.0; 0.0; 1.75; 0.91; 4.75; 9.65; 25.0; -25.0; 0.0; 0; 0; 0.0; 0.0; 1; 5.99510096412; 2.56917941561; 2.12406945469; 0; 0; 0; 0; 0.0; 0.0; 0.0; -1.0; 0.0; 0.0; 0.0; 0.0; 0.0; 1.0;0; 0;0; 0; 
40.986520052; 107770; 0.0; 0.0; -0.17671; 0.0; 0.0; 0.0; 0.0; 0.0; 0.0; 0.0; 0.0; 0.0; 0.0; 0.0; 0.0; 0.0; 0.0; 1.75; 0.91; 4.75; 9.65; 25.0; -25.0; 0.0; 0; 0; 0.0; 0.0; 1; 5.99510096412; 2.56917941561; 2.12406945469; 0; 0; 0; 0; 0.0; 0.0; 0.0; -1.0; 0.0; 0.0; 0.0; 0.0; 0.0; 1.0;0; 0;0; 0; 
40.9978280067; 107780; 0.0; 0.0; -0.17735; 0.0; 0.0; 0.0; 0.0; 0.0; 0.0; 0.0; 0.0; 0.0; 0.0; 0.0; 0.0; 0.0; 0.0; 1.75; 0.91; 4.75; 9.65; 25.0; -25.0; 0.0; 0; 0; 0.0; 0.0; 1; 5.99510096412; 2.56917941561; 2.12406945469; 0; 0; 0; 0; 0.0; 0.0; 0.0; -1.0; 0.0; 0.0; 0.0; 0.0; 0.0; 1.0;0; 0;0; 0; 
41.0095500946; 107780; 0.0; 0.0; -0.17794; 0.0; 0.0; 0.0; 0.0; 0.0; 0.0; 0.0; 0.0; 0.0; 0.0; 0.0; 0.0; 0.0; 0.0; 1.75; 0.91; 4.75; 9.65; 25.0; -25.0; 0.0; 0; 0; 0.0; 0.0; 1; 5.99510096412; 2.56917941561; 2.12406945469; 0; 0; 0; 0; 0.0; 0.0; 0.0; -1.0; 0.0; 0.0; 0.0; 0.0; 0.0; 1.0;0; 0;0; 0; 
41.0212380886; 107790; 0.0; 0.0; -0.17843; 0.0; 0.0; 0.0; 0.0; 0.0; 0.0; 0.0; 0.0; 0.0; 0.0; 0.0; 0.0; 0.0; 0.0; 1.75; 0.91; 4.75; 9.65; 25.0; -25.0; 0.0; 0; 0; 0.0; 0.0; 1; 5.99510096412; 2.56917941561; 2.12406945469; 0; 0; 0; 0; 0.0; 0.0; 0.0; -1.0; 0.0; 0.0; 0.0; 0.0; 0.0; 1.0;0; 0;0; 0; 
41.0320429802; 107790; 0.0; 0.0; -0.17876; 0.0; 0.0; 0.0; 0.0; 0.0; 0.0; 0.0; 0.0; 0.0; 0.0; 0.0; 0.0; 0.0; 0.0; 1.75; 0.91; 4.75; 9.65; 25.0; -25.0; 0.0; 0; 0; 0.0; 0.0; 1; 5.99510096412; 2.56917941561; 2.12406945469; 0; 0; 0; 0; 0.0; 0.0; 0.0; -1.0; 0.0; 0.0; 0.0; 0.0; 0.0; 1.0;0; 0;0; 0; 
41.0428731441; 107800; 0.0; 0.0; -0.17887; 0.0; 0.0; 0.0; 0.0; 0.0; 0.0; 0.0; 0.0; 0.0; 0.0; 0.0; 0.0; 0.0; 0.0; 1.75; 0.91; 4.75; 9.65; 25.0; -25.0; 0.0; 0; 0; 0.0; 0.0; 1; 5.99510096412; 2.56917941561; 2.12406945469; 0; 0; 0; 0; 0.0; 0.0; 0.0; -1.0; 0.0; 0.0; 0.0; 0.0; 0.0; 1.0;0; 0;0; 0; 
41.054484129; 107800; 0.0; 0.0; -0.17881; 0.0; 0.0; 0.0; 0.0; 0.0; 0.0; 0.0; 0.0; 0.0; 0.0; 0.0; 0.0; 0.0; 0.0; 1.75; 0.91; 4.75; 9.65; 25.0; -25.0; 0.0; 0; 0; 0.0; 0.0; 1; 5.99510096412; 2.56917941561; 2.12406945469; 0; 0; 0; 0; 0.0; 0.0; 0.0; -1.0; 0.0; 0.0; 0.0; 0.0; 0.0; 1.0;0; 0;0; 0; 
41.0655319691; 107810; 0.0; 0.0; -0.17864; 0.0; 0.0; 0.0; 0.0; 0.0; 0.0; 0.0; 0.0; 0.0; 0.0; 0.0; 0.0; 0.0; 0.0; 1.75; 0.91; 4.75; 9.65; 25.0; -25.0; 0.0; 0; 0; 0.0; 0.0; 1; 5.99510096412; 2.56917941561; 2.12406945469; 0; 0; 0; 0; 0.0; 0.0; 0.0; -1.0; 0.0; 0.0; 0.0; 0.0; 0.0; 1.0;0; 0;0; 0; 
41.0767450333; 107810; 0.0; 0.0; -0.1784; 0.0; 0.0; 0.0; 0.0; 0.0; 0.0; 0.0; 0.0; 0.0; 0.0; 0.0; 0.0; 0.0; 0.0; 1.75; 0.91; 4.75; 9.65; 25.0; -25.0; 0.0; 0; 0; 0.0; 0.0; 1; 5.975648891; 2.60004143632; 2.1438884444; 0; 0; 0; 0; 0.0; 0.0; 0.0; -1.0; 0.0; 0.0; 0.0; 0.0; 0.0; 1.0;0; 0;0; 0; 
41.0876011848; 107820; 0.0; 0.0; -0.17811; 0.0; 0.0; 0.0; 0.0; 0.0; 0.0; 0.0; 0.0; 0.0; 0.0; 0.0; 0.0; 0.0; 0.0; 1.75; 0.91; 4.75; 9.65; 25.0; -25.0; 0.0; 0; 0; 0.0; 0.0; 1; 5.975648891; 2.60004143632; 2.1438884444; 0; 0; 0; 0; 0.0; 0.0; 0.0; -1.0; 0.0; 0.0; 0.0; 0.0; 0.0; 1.0;0; 0;0; 0; 
41.0994541645; 107820; 0.0; 0.0; -0.17773; 0.0; 0.0; 0.0; 0.0; 0.0; 0.0; 0.0; 0.0; 0.0; 0.0; 0.0; 0.0; 0.0; 0.0; 1.75; 0.91; 4.75; 9.65; 25.0; -25.0; 0.0; 0; 0; 0.0; 0.0; 1; 5.975648891; 2.60004143632; 2.1438884444; 0; 0; 0; 0; 0.0; 0.0; 0.0; -1.0; 0.0; 0.0; 0.0; 0.0; 0.0; 1.0;0; 0;0; 0; 
41.1102821827; 107830; 0.0; 0.0; -0.17733; 0.0; 0.0; 0.0; 0.0; 0.0; 0.0; 0.0; 0.0; 0.0; 0.0; 0.0; 0.0; 0.0; 0.0; 1.75; 0.91; 4.75; 9.65; 25.0; -25.0; 0.0; 0; 0; 0.0; 0.0; 1; 5.975648891; 2.60004143632; 2.1438884444; 0; 0; 0; 0; 0.0; 0.0; 0.0; -1.0; 0.0; 0.0; 0.0; 0.0; 0.0; 1.0;0; 0;0; 0; 
41.1212301254; 107830; 0.0; 0.0; -0.17696; 0.0; 0.0; 0.0; 0.0; 0.0; 0.0; 0.0; 0.0; 0.0; 0.0; 0.0; 0.0; 0.0; 0.0; 1.75; 0.91; 4.75; 9.65; 25.0; -25.0; 0.0; 0; 0; 0.0; 0.0; 1; 5.975648891; 2.60004143632; 2.1438884444; 0; 0; 0; 0; 0.0; 0.0; 0.0; -1.0; 0.0; 0.0; 0.0; 0.0; 0.0; 1.0;0; 0;0; 0; 
41.1319830418; 107840; 0.0; 0.0; -0.17657; 0.0; 0.0; 0.0; 0.0; 0.0; 0.0; 0.0; 0.0; 0.0; 0.0; 0.0; 0.0; 0.0; 0.0; 1.75; 0.91; 4.75; 9.65; 25.0; -25.0; 0.0; 0; 0; 0.0; 0.0; 1; 5.975648891; 2.60004143632; 2.1438884444; 0; 0; 0; 0; 0.0; 0.0; 0.0; -1.0; 0.0; 0.0; 0.0; 0.0; 0.0; 1.0;0; 0;0; 0; 
41.1427671909; 107840; 0.0; 0.0; -0.17617; 0.0; 0.0; 0.0; 0.0; 0.0; 0.0; 0.0; 0.0; 0.0; 0.0; 0.0; 0.0; 0.0; 0.0; 1.75; 0.91; 4.75; 9.65; 25.0; -25.0; 0.0; 0; 0; 0.0; 0.0; 1; 5.975648891; 2.60004143632; 2.1438884444; 0; 0; 0; 0; 0.0; 0.0; 0.0; -1.0; 0.0; 0.0; 0.0; 0.0; 0.0; 1.0;0; 0;0; 0; 
41.1540400982; 107850; 0.0; 0.0; -0.17584; 0.0; 0.0; 0.0; 0.0; 0.0; 0.0; 0.0; 0.0; 0.0; 0.0; 0.0; 0.0; 0.0; 0.0; 1.75; 0.91; 4.75; 9.65; 25.0; -25.0; 0.0; 0; 0; 0.0; 0.0; 1; 5.975648891; 2.60004143632; 2.1438884444; 0; 0; 0; 0; 0.0; 0.0; 0.0; -1.0; 0.0; 0.0; 0.0; 0.0; 0.0; 1.0;0; 0;0; 0; 
41.1654880047; 107850; 0.0; 0.0; -0.17562; 0.0; 0.0; 0.0; 0.0; 0.0; 0.0; 0.0; 0.0; 0.0; 0.0; 0.0; 0.0; 0.0; 0.0; 1.75; 0.91; 4.75; 9.65; 25.0; -25.0; 0.0; 0; 0; 0.0; 0.0; 1; 5.975648891; 2.60004143632; 2.1438884444; 0; 0; 0; 0; 0.0; 0.0; 0.0; -1.0; 0.0; 0.0; 0.0; 0.0; 0.0; 1.0;0; 0;0; 0; 
41.17714715; 107860; 0.0; 0.0; -0.17556; 0.0; 0.0; 0.0; 0.0; 0.0; 0.0; 0.0; 0.0; 0.0; 0.0; 0.0; 0.0; 0.0; 0.0; 1.75; 0.91; 4.75; 9.65; 25.0; -25.0; 0.0; 0; 0; 0.0; 0.0; 1; 5.975648891; 2.60004143632; 2.1438884444; 0; 0; 0; 0; 0.0; 0.0; 0.0; -1.0; 0.0; 0.0; 0.0; 0.0; 0.0; 1.0;0; 0;0; 0; 
41.1884381771; 107860; 0.0; 0.0; -0.17569; 0.0; 0.0; 0.0; 0.0; 0.0; 0.0; 0.0; 0.0; 0.0; 0.0; 0.0; 0.0; 0.0; 0.0; 1.75; 0.91; 4.75; 9.65; 25.0; -25.0; 0.0; 0; 0; 0.0; 0.0; 1; 5.975648891; 2.60004143632; 2.1438884444; 0; 0; 0; 0; 0.0; 0.0; 0.0; -1.0; 0.0; 0.0; 0.0; 0.0; 0.0; 1.0;0; 0;0; 0; 
41.1995191574; 107870; 0.0; 0.0; -0.17603; 0.0; 0.0; 0.0; 0.0; 0.0; 0.0; 0.0; 0.0; 0.0; 0.0; 0.0; 0.0; 0.0; 0.0; 1.76; 0.9; 3.07; 283.67; 25.0; -25.0; 0.0; 0; 0; 0.0; 0.0; 1; 5.975648891; 2.60004143632; 2.1438884444; 0; 0; 0; 0; 0.0; 0.0; 0.0; -1.0; 0.0; 0.0; 0.0; 0.0; 0.0; 1.0;0; 0;0; 0; 
41.2102851868; 107870; 0.0; 0.0; -0.17669; 0.0; 0.0; 0.0; 0.0; 0.0; 0.0; 0.0; 0.0; 0.0; 0.0; 0.0; 0.0; 0.0; 0.0; 1.76; 0.9; 3.07; 283.67; 25.0; -25.0; 0.0; 0; 0; 0.0; 0.0; 1; 5.975648891; 2.60004143632; 2.1438884444; 0; 0; 0; 0; 0.0; 0.0; 0.0; -1.0; 0.0; 0.0; 0.0; 0.0; 0.0; 1.0;0; 0;0; 0; 
41.2214210033; 107880; 0.0; 0.0; -0.17762; 0.0; 0.0; 0.0; 0.0; 0.0; 0.0; 0.0; 0.0; 0.0; 0.0; 0.0; 0.0; 0.0; 0.0; 1.76; 0.9; 3.07; 283.67; 25.0; -25.0; 0.0; 0; 0; 0.0; 0.0; 1; 5.975648891; 2.60004143632; 2.1438884444; 0; 0; 0; 0; 0.0; 0.0; 0.0; -1.0; 0.0; 0.0; 0.0; 0.0; 0.0; 1.0;0; 0;0; 0; 
41.232129097; 107880; 0.0; 0.0; -0.1788; 0.0; 0.0; 0.0; 0.0; 0.0; 0.0; 0.0; 0.0; 0.0; 0.0; 0.0; 0.0; 0.0; 0.0; 1.76; 0.9; 3.07; 283.67; 25.0; -25.0; 0.0; 0; 0; 0.0; 0.0; 1; 5.975648891; 2.60004143632; 2.1438884444; 0; 0; 0; 0; 0.0; 0.0; 0.0; -1.0; 0.0; 0.0; 0.0; 0.0; 0.0; 1.0;0; 0;0; 0; 
41.2432510853; 107890; 0.0; 0.0; -0.18019; 0.0; 0.0; 0.0; 0.0; 0.0; 0.0; 0.0; 0.0; 0.0; 0.0; 0.0; 0.0; 0.0; 0.0; 1.76; 0.9; 3.07; 283.67; 25.0; -25.0; 0.0; 0; 0; 0.0; 0.0; 1; 5.975648891; 2.60004143632; 2.1438884444; 0; 0; 0; 0; 0.0; 0.0; 0.0; -1.0; 0.0; 0.0; 0.0; 0.0; 0.0; 1.0;0; 0;0; 0; 
41.2542440891; 107890; 0.0; 0.0; -0.18169; 0.0; 0.0; 0.0; 0.0; 0.0; 0.0; 0.0; 0.0; 0.0; 0.0; 0.0; 0.0; 0.0; 0.0; 1.76; 0.9; 3.07; 283.67; 25.0; -25.0; 0.0; 0; 0; 0.0; 0.0; 1; 5.975648891; 2.60004143632; 2.1438884444; 0; 0; 0; 0; 0.0; 0.0; 0.0; -1.0; 0.0; 0.0; 0.0; 0.0; 0.0; 1.0;0; 0;0; 0; 
41.2658450603; 107900; 0.0; 0.0; -0.18325; 0.0; 0.0; 0.0; 0.0; 0.0; 0.0; 0.0; 0.0; 0.0; 0.0; 0.0; 0.0; 0.0; 0.0; 1.76; 0.9; 3.07; 283.67; 25.0; -25.0; 0.0; 0; 0; 0.0; 0.0; 1; 5.975648891; 2.60004143632; 2.1438884444; 0; 0; 0; 0; 0.0; 0.0; 0.0; -1.0; 0.0; 0.0; 0.0; 0.0; 0.0; 1.0;0; 0;0; 0; 
41.2766029835; 107900; 0.0; 0.0; -0.18477; 0.0; 0.0; 0.0; 0.0; 0.0; 0.0; 0.0; 0.0; 0.0; 0.0; 0.0; 0.0; 0.0; 0.0; 1.76; 0.9; 3.07; 283.67; 25.0; -25.0; 0.0; 0; 0; 0.0; 0.0; 1; 5.975648891; 2.60004143632; 2.1438884444; 0; 0; 0; 0; 0.0; 0.0; 0.0; -1.0; 0.0; 0.0; 0.0; 0.0; 0.0; 1.0;0; 0;0; 0; 
41.2875001431; 107910; 0.0; 0.0; -0.18622; 0.0; 0.0; 0.0; 0.0; 0.0; 0.0; 0.0; 0.0; 0.0; 0.0; 0.0; 0.0; 0.0; 0.0; 1.76; 0.9; 3.07; 283.67; 25.0; -25.0; 0.0; 0; 0; 0.0; 0.0; 1; 5.975648891; 2.60004143632; 2.1438884444; 0; 0; 0; 0; 0.0; 0.0; 0.0; -1.0; 0.0; 0.0; 0.0; 0.0; 0.0; 1.0;0; 0;0; 0; 
41.2987589836; 107910; 0.0; 0.0; -0.1876; 0.0; 0.0; 0.0; 0.0; 0.0; 0.0; 0.0; 0.0; 0.0; 0.0; 0.0; 0.0; 0.0; 0.0; 1.76; 0.9; 3.07; 283.67; 25.0; -25.0; 0.0; 0; 0; 0.0; 0.0; 1; 5.95252897272; 2.63516138782; 2.16430122081; 0; 0; 0; 0; 0.0; 0.0; 0.0; -1.0; 0.0; 0.0; 0.0; 0.0; 0.0; 1.0;0; 0;0; 0; 
41.3104109764; 107920; 0.0; 0.0; -0.1889; 0.0; 0.0; 0.0; 0.0; 0.0; 0.0; 0.0; 0.0; 0.0; 0.0; 0.0; 0.0; 0.0; 0.0; 1.76; 0.9; 3.07; 283.67; 25.0; -25.0; 0.0; 0; 0; 0.0; 0.0; 1; 5.95252897272; 2.63516138782; 2.16430122081; 0; 0; 0; 0; 0.0; 0.0; 0.0; -1.0; 0.0; 0.0; 0.0; 0.0; 0.0; 1.0;0; 0;0; 0; 
41.321844101; 107920; 0.0; 0.0; -0.19016; 0.0; 0.0; 0.0; 0.0; 0.0; 0.0; 0.0; 0.0; 0.0; 0.0; 0.0; 0.0; 0.0; 0.0; 1.76; 0.9; 3.07; 283.67; 25.0; -25.0; 0.0; 0; 0; 0.0; 0.0; 1; 5.95252897272; 2.63516138782; 2.16430122081; 0; 0; 0; 0; 0.0; 0.0; 0.0; -1.0; 0.0; 0.0; 0.0; 0.0; 0.0; 1.0;0; 0;0; 0; 
41.3328549862; 107930; 0.0; 0.0; -0.19139; 0.0; 0.0; 0.0; 0.0; 0.0; 0.0; 0.0; 0.0; 0.0; 0.0; 0.0; 0.0; 0.0; 0.0; 1.76; 0.9; 3.07; 283.67; 25.0; -25.0; 0.0; 0; 0; 0.0; 0.0; 1; 5.95252897272; 2.63516138782; 2.16430122081; 0; 0; 0; 0; 0.0; 0.0; 0.0; -1.0; 0.0; 0.0; 0.0; 0.0; 0.0; 1.0;0; 0;0; 0; 
41.3438181877; 107930; 0.0; 0.0; -0.19257; 0.0; 0.0; 0.0; 0.0; 0.0; 0.0; 0.0; 0.0; 0.0; 0.0; 0.0; 0.0; 0.0; 0.0; 1.76; 0.9; 3.07; 283.67; 25.0; -25.0; 0.0; 0; 0; 0.0; 0.0; 1; 5.95252897272; 2.63516138782; 2.16430122081; 0; 0; 0; 0; 0.0; 0.0; 0.0; -1.0; 0.0; 0.0; 0.0; 0.0; 0.0; 1.0;0; 0;0; 0; 
41.3551440239; 107940; 0.0; 0.0; -0.19369; 0.0; 0.0; 0.0; 0.0; 0.0; 0.0; 0.0; 0.0; 0.0; 0.0; 0.0; 0.0; 0.0; 0.0; 1.76; 0.9; 3.07; 283.67; 25.0; -25.0; 0.0; 0; 0; 0.0; 0.0; 1; 5.95252897272; 2.63516138782; 2.16430122081; 0; 0; 0; 0; 0.0; 0.0; 0.0; -1.0; 0.0; 0.0; 0.0; 0.0; 0.0; 1.0;0; 0;0; 0; 
41.3667461872; 107940; 0.0; 0.0; -0.19472; 0.0; 0.0; 0.0; 0.0; 0.0; 0.0; 0.0; 0.0; 0.0; 0.0; 0.0; 0.0; 0.0; 0.0; 1.76; 0.9; 3.07; 283.67; 25.0; -25.0; 0.0; 0; 0; 0.0; 0.0; 1; 5.95252897272; 2.63516138782; 2.16430122081; 0; 0; 0; 0; 0.0; 0.0; 0.0; -1.0; 0.0; 0.0; 0.0; 0.0; 0.0; 1.0;0; 0;0; 0; 
41.3778259754; 107950; 0.0; 0.0; -0.19565; 0.0; 0.0; 0.0; 0.0; 0.0; 0.0; 0.0; 0.0; 0.0; 0.0; 0.0; 0.0; 0.0; 0.0; 1.76; 0.9; 3.07; 283.67; 25.0; -25.0; 0.0; 0; 0; 0.0; 0.0; 1; 5.95252897272; 2.63516138782; 2.16430122081; 0; 0; 0; 0; 0.0; 0.0; 0.0; -1.0; 0.0; 0.0; 0.0; 0.0; 0.0; 1.0;0; 0;0; 0; 
41.3892190456; 107950; 0.0; 0.0; -0.19647; 0.0; 0.0; 0.0; 0.0; 0.0; 0.0; 0.0; 0.0; 0.0; 0.0; 0.0; 0.0; 0.0; 0.0; 1.76; 0.9; 3.07; 283.67; 25.0; -25.0; 0.0; 0; 0; 0.0; 0.0; 1; 5.95252897272; 2.63516138782; 2.16430122081; 0; 0; 0; 0; 0.0; 0.0; 0.0; -1.0; 0.0; 0.0; 0.0; 0.0; 0.0; 1.0;0; 0;0; 0; 
41.4005050659; 107960; 0.0; 0.0; -0.19718; 0.0; 0.0; 0.0; 0.0; 0.0; 0.0; 0.0; 0.0; 0.0; 0.0; 0.0; 0.0; 0.0; 0.0; 1.76; 0.9; 3.07; 283.67; 25.0; -25.0; 0.0; 0; 0; 0.0; 0.0; 1; 5.95252897272; 2.63516138782; 2.16430122081; 0; 0; 0; 0; 0.0; 0.0; 0.0; -1.0; 0.0; 0.0; 0.0; 0.0; 0.0; 1.0;0; 0;0; 0; 
41.4114441872; 107960; 0.0; 0.0; -0.1978; 0.0; 0.0; 0.0; 0.0; 0.0; 0.0; 0.0; 0.0; 0.0; 0.0; 0.0; 0.0; 0.0; 0.0; 1.76; 0.9; 3.07; 283.67; 25.0; -25.0; 0.0; 0; 0; 0.0; 0.0; 1; 5.95252897272; 2.63516138782; 2.16430122081; 0; 0; 0; 0; 0.0; 0.0; 0.0; -1.0; 0.0; 0.0; 0.0; 0.0; 0.0; 1.0;0; 0;0; 0; 
41.4224619865; 107970; 0.0; 0.0; -0.19829; 0.0; 0.0; 0.0; 0.0; 0.0; 0.0; 0.0; 0.0; 0.0; 0.0; 0.0; 0.0; 0.0; 0.0; 1.76; 0.9; 4.42; 5.41; 25.0; -25.0; 0.0; 0; 0; 0.0; 0.0; 1; 5.95252897272; 2.63516138782; 2.16430122081; 0; 0; 0; 0; 0.0; 0.0; 0.0; -1.0; 0.0; 0.0; 0.0; 0.0; 0.0; 1.0;0; 0;0; 0; 
41.4336681366; 107970; 0.0; 0.0; -0.19872; 0.0; 0.0; 0.0; 0.0; 0.0; 0.0; 0.0; 0.0; 0.0; 0.0; 0.0; 0.0; 0.0; 0.0; 1.76; 0.9; 4.42; 5.41; 25.0; -25.0; 0.0; 0; 0; 0.0; 0.0; 1; 5.95252897272; 2.63516138782; 2.16430122081; 0; 0; 0; 0; 0.0; 0.0; 0.0; -1.0; 0.0; 0.0; 0.0; 0.0; 0.0; 1.0;0; 0;0; 0; 
41.4446849823; 107980; 0.0; 0.0; -0.19911; 0.0; 0.0; 0.0; 0.0; 0.0; 0.0; 0.0; 0.0; 0.0; 0.0; 0.0; 0.0; 0.0; 0.0; 1.76; 0.9; 4.42; 5.41; 25.0; -25.0; 0.0; 0; 0; 0.0; 0.0; 1; 5.95252897272; 2.63516138782; 2.16430122081; 0; 0; 0; 0; 0.0; 0.0; 0.0; -1.0; 0.0; 0.0; 0.0; 0.0; 0.0; 1.0;0; 0;0; 0; 
41.4563100338; 107980; 0.0; 0.0; -0.19946; 0.0; 0.0; 0.0; 0.0; 0.0; 0.0; 0.0; 0.0; 0.0; 0.0; 0.0; 0.0; 0.0; 0.0; 1.76; 0.9; 4.42; 5.41; 25.0; -25.0; 0.0; 0; 0; 0.0; 0.0; 1; 5.95252897272; 2.63516138782; 2.16430122081; 0; 0; 0; 0; 0.0; 0.0; 0.0; -1.0; 0.0; 0.0; 0.0; 0.0; 0.0; 1.0;0; 0;0; 0; 
41.4680991173; 107990; 0.0; 0.0; -0.1998; 0.0; 0.0; 0.0; 0.0; 0.0; 0.0; 0.0; 0.0; 0.0; 0.0; 0.0; 0.0; 0.0; 0.0; 1.76; 0.9; 4.42; 5.41; 25.0; -25.0; 0.0; 0; 0; 0.0; 0.0; 1; 5.95252897272; 2.63516138782; 2.16430122081; 0; 0; 0; 0; 0.0; 0.0; 0.0; -1.0; 0.0; 0.0; 0.0; 0.0; 0.0; 1.0;0; 0;0; 0; 
41.4790480137; 107990; 0.0; 0.0; -0.20012; 0.0; 0.0; 0.0; 0.0; 0.0; 0.0; 0.0; 0.0; 0.0; 0.0; 0.0; 0.0; 0.0; 0.0; 1.76; 0.9; 4.42; 5.41; 25.0; -25.0; 0.0; 0; 0; 0.0; 0.0; 1; 5.95252897272; 2.63516138782; 2.16430122081; 0; 0; 0; 0; 0.0; 0.0; 0.0; -1.0; 0.0; 0.0; 0.0; 0.0; 0.0; 1.0;0; 0;0; 0; 
41.4906361103; 108000; 0.0; 0.0; -0.20047; 0.0; 0.0; 0.0; 0.0; 0.0; 0.0; 0.0; 0.0; 0.0; 0.0; 0.0; 0.0; 0.0; 0.0; 1.76; 0.9; 4.42; 5.41; 25.0; -25.0; 0.0; 0; 0; 0.0; 0.0; 1; 5.95252897272; 2.63516138782; 2.16430122081; 0; 0; 0; 0; 0.0; 0.0; 0.0; -1.0; 0.0; 0.0; 0.0; 0.0; 0.0; 1.0;0; 0;0; 0; 
41.50172019; 108000; 0.0; 0.0; -0.20085; 0.0; 0.0; 0.0; 0.0; 0.0; 0.0; 0.0; 0.0; 0.0; 0.0; 0.0; 0.0; 0.0; 0.0; 1.76; 0.9; 4.42; 5.41; 25.0; -25.0; 0.0; 0; 0; 0.0; 0.0; 1; 5.95252897272; 2.63516138782; 2.16430122081; 0; 0; 0; 0; 0.0; 0.0; 0.0; -1.0; 0.0; 0.0; 0.0; 0.0; 0.0; 1.0;0; 0;0; 0; 
41.5138599873; 108010; 0.0; 0.0; -0.20112; 0.0; 0.0; 0.0; 0.0; 0.0; 0.0; 0.0; 0.0; 0.0; 0.0; 0.0; 0.0; 0.0; 0.0; 1.76; 0.9; 4.42; 5.41; 25.0; -25.0; 0.0; 0; 0; 0.0; 0.0; 1; 5.95252897272; 2.63516138782; 2.16430122081; 0; 0; 0; 0; 0.0; 0.0; 0.0; -1.0; 0.0; 0.0; 0.0; 0.0; 0.0; 1.0;0; 0;0; 0; 
41.5245680809; 108010; 0.0; 0.0; -0.20128; 0.0; 0.0; 0.0; 0.0; 0.0; 0.0; 0.0; 0.0; 0.0; 0.0; 0.0; 0.0; 0.0; 0.0; 1.76; 0.9; 4.42; 5.41; 25.0; -25.0; 0.0; 0; 0; 0.0; 0.0; 1; 5.9332447913; 2.66318501058; 2.18550998823; 0; 0; 0; 0; 0.0; 0.0; 0.0; -1.0; 0.0; 0.0; 0.0; 0.0; 0.0; 1.0;0; 0;0; 0; 
41.5357451439; 108020; 0.0; 0.0; -0.2013; 0.0; 0.0; 0.0; 0.0; 0.0; 0.0; 0.0; 0.0; 0.0; 0.0; 0.0; 0.0; 0.0; 0.0; 1.76; 0.9; 4.42; 5.41; 25.0; -25.0; 0.0; 0; 0; 0.0; 0.0; 1; 5.9332447913; 2.66318501058; 2.18550998823; 0; 0; 0; 0; 0.0; 0.0; 0.0; -1.0; 0.0; 0.0; 0.0; 0.0; 0.0; 1.0;0; 0;0; 0; 
41.5471930504; 108020; 0.0; 0.0; -0.20118; 0.0; 0.0; 0.0; 0.0; 0.0; 0.0; 0.0; 0.0; 0.0; 0.0; 0.0; 0.0; 0.0; 0.0; 1.76; 0.9; 4.42; 5.41; 25.0; -25.0; 0.0; 0; 0; 0.0; 0.0; 1; 5.9332447913; 2.66318501058; 2.18550998823; 0; 0; 0; 0; 0.0; 0.0; 0.0; -1.0; 0.0; 0.0; 0.0; 0.0; 0.0; 1.0;0; 0;0; 0; 
41.5586590767; 108030; 0.0; 0.0; -0.20096; 0.0; 0.0; 0.0; 0.0; 0.0; 0.0; 0.0; 0.0; 0.0; 0.0; 0.0; 0.0; 0.0; 0.0; 1.76; 0.9; 4.42; 5.41; 25.0; -25.0; 0.0; 0; 0; 0.0; 0.0; 1; 5.9332447913; 2.66318501058; 2.18550998823; 0; 0; 0; 0; 0.0; 0.0; 0.0; -1.0; 0.0; 0.0; 0.0; 0.0; 0.0; 1.0;0; 0;0; 0; 
41.5697650909; 108030; 0.0; 0.0; -0.20072; 0.0; 0.0; 0.0; 0.0; 0.0; 0.0; 0.0; 0.0; 0.0; 0.0; 0.0; 0.0; 0.0; 0.0; 1.76; 0.9; 4.42; 5.41; 25.0; -25.0; 0.0; 0; 0; 0.0; 0.0; 1; 5.9332447913; 2.66318501058; 2.18550998823; 0; 0; 0; 0; 0.0; 0.0; 0.0; -1.0; 0.0; 0.0; 0.0; 0.0; 0.0; 1.0;0; 0;0; 0; 
41.5806241035; 108040; 0.0; 0.0; -0.20049; 0.0; 0.0; 0.0; 0.0; 0.0; 0.0; 0.0; 0.0; 0.0; 0.0; 0.0; 0.0; 0.0; 0.0; 1.76; 0.9; 4.42; 5.41; 25.0; -25.0; 0.0; 0; 0; 0.0; 0.0; 1; 5.9332447913; 2.66318501058; 2.18550998823; 0; 0; 0; 0; 0.0; 0.0; 0.0; -1.0; 0.0; 0.0; 0.0; 0.0; 0.0; 1.0;0; 0;0; 0; 
41.5915601254; 108040; 0.0; 0.0; -0.20038; 0.0; 0.0; 0.0; 0.0; 0.0; 0.0; 0.0; 0.0; 0.0; 0.0; 0.0; 0.0; 0.0; 0.0; 1.76; 0.9; 4.42; 5.41; 25.0; -25.0; 0.0; 0; 0; 0.0; 0.0; 1; 5.9332447913; 2.66318501058; 2.18550998823; 0; 0; 0; 0; 0.0; 0.0; 0.0; -1.0; 0.0; 0.0; 0.0; 0.0; 0.0; 1.0;0; 0;0; 0; 
41.6031951904; 108050; 0.0; 0.0; -0.20032; 0.0; 0.0; 0.0; 0.0; 0.0; 0.0; 0.0; 0.0; 0.0; 0.0; 0.0; 0.0; 0.0; 0.0; 1.76; 0.9; 4.42; 5.41; 25.0; -25.0; 0.0; 0; 0; 0.0; 0.0; 1; 5.9332447913; 2.66318501058; 2.18550998823; 0; 0; 0; 0; 0.0; 0.0; 0.0; -1.0; 0.0; 0.0; 0.0; 0.0; 0.0; 1.0;0; 0;0; 0; 
41.6144859791; 108050; 0.0; 0.0; -0.20032; 0.0; 0.0; 0.0; 0.0; 0.0; 0.0; 0.0; 0.0; 0.0; 0.0; 0.0; 0.0; 0.0; 0.0; 1.76; 0.9; 4.42; 5.41; 25.0; -25.0; 0.0; 0; 0; 0.0; 0.0; 1; 5.9332447913; 2.66318501058; 2.18550998823; 0; 0; 0; 0; 0.0; 0.0; 0.0; -1.0; 0.0; 0.0; 0.0; 0.0; 0.0; 1.0;0; 0;0; 0; 
41.6250271797; 108060; 0.0; 0.0; -0.20041; 0.0; 0.0; 0.0; 0.0; 0.0; 0.0; 0.0; 0.0; 0.0; 0.0; 0.0; 0.0; 0.0; 0.0; 1.76; 0.9; 4.42; 5.41; 25.0; -25.0; 0.0; 0; 0; 0.0; 0.0; 1; 5.9332447913; 2.66318501058; 2.18550998823; 0; 0; 0; 0; 0.0; 0.0; 0.0; -1.0; 0.0; 0.0; 0.0; 0.0; 0.0; 1.0;0; 0;0; 0; 
41.6356911659; 108060; 0.0; 0.0; -0.20053; 0.0; 0.0; 0.0; 0.0; 0.0; 0.0; 0.0; 0.0; 0.0; 0.0; 0.0; 0.0; 0.0; 0.0; 1.77; 0.89; 3.32; 11.26; 25.0; -25.0; 0.0; 0; 0; 0.0; 0.0; 1; 5.9332447913; 2.66318501058; 2.18550998823; 0; 0; 0; 0; 0.0; 0.0; 0.0; -1.0; 0.0; 0.0; 0.0; 0.0; 0.0; 1.0;0; 0;0; 0; 
41.6466891766; 108070; 0.0; 0.0; -0.20068; 0.0; 0.0; 0.0; 0.0; 0.0; 0.0; 0.0; 0.0; 0.0; 0.0; 0.0; 0.0; 0.0; 0.0; 1.77; 0.89; 3.32; 11.26; 25.0; -25.0; 0.0; 0; 0; 0.0; 0.0; 1; 5.9332447913; 2.66318501058; 2.18550998823; 0; 0; 0; 0; 0.0; 0.0; 0.0; -1.0; 0.0; 0.0; 0.0; 0.0; 0.0; 1.0;0; 0;0; 0; 
41.6576421261; 108070; 0.0; 0.0; -0.20084; 0.0; 0.0; 0.0; 0.0; 0.0; 0.0; 0.0; 0.0; 0.0; 0.0; 0.0; 0.0; 0.0; 0.0; 1.77; 0.89; 3.32; 11.26; 25.0; -25.0; 0.0; 0; 0; 0.0; 0.0; 1; 5.9332447913; 2.66318501058; 2.18550998823; 0; 0; 0; 0; 0.0; 0.0; 0.0; -1.0; 0.0; 0.0; 0.0; 0.0; 0.0; 1.0;0; 0;0; 0; 
41.6686880589; 108080; 0.0; 0.0; -0.20105; 0.0; 0.0; 0.0; 0.0; 0.0; 0.0; 0.0; 0.0; 0.0; 0.0; 0.0; 0.0; 0.0; 0.0; 1.77; 0.89; 3.32; 11.26; 25.0; -25.0; 0.0; 0; 0; 0.0; 0.0; 1; 5.9332447913; 2.66318501058; 2.18550998823; 0; 0; 0; 0; 0.0; 0.0; 0.0; -1.0; 0.0; 0.0; 0.0; 0.0; 0.0; 1.0;0; 0;0; 0; 
41.6796751022; 108080; 0.0; 0.0; -0.20132; 0.0; 0.0; 0.0; 0.0; 0.0; 0.0; 0.0; 0.0; 0.0; 0.0; 0.0; 0.0; 0.0; 0.0; 1.77; 0.89; 3.32; 11.26; 25.0; -25.0; 0.0; 0; 0; 0.0; 0.0; 1; 5.9332447913; 2.66318501058; 2.18550998823; 0; 0; 0; 0; 0.0; 0.0; 0.0; -1.0; 0.0; 0.0; 0.0; 0.0; 0.0; 1.0;0; 0;0; 0; 
41.6912350655; 108090; 0.0; 0.0; -0.20162; 0.0; 0.0; 0.0; 0.0; 0.0; 0.0; 0.0; 0.0; 0.0; 0.0; 0.0; 0.0; 0.0; 0.0; 1.77; 0.89; 3.32; 11.26; 25.0; -25.0; 0.0; 0; 0; 0.0; 0.0; 1; 5.9332447913; 2.66318501058; 2.18550998823; 0; 0; 0; 0; 0.0; 0.0; 0.0; -1.0; 0.0; 0.0; 0.0; 0.0; 0.0; 1.0;0; 0;0; 0; 
41.7021000385; 108090; 0.0; 0.0; -0.20186; 0.0; 0.0; 0.0; 0.0; 0.0; 0.0; 0.0; 0.0; 0.0; 0.0; 0.0; 0.0; 0.0; 0.0; 1.77; 0.89; 3.32; 11.26; 25.0; -25.0; 0.0; 0; 0; 0.0; 0.0; 1; 5.9332447913; 2.66318501058; 2.18550998823; 0; 0; 0; 0; 0.0; 0.0; 0.0; -1.0; 0.0; 0.0; 0.0; 0.0; 0.0; 1.0;0; 0;0; 0; 
41.713586092; 108100; 0.0; 0.0; -0.20202; 0.0; 0.0; 0.0; 0.0; 0.0; 0.0; 0.0; 0.0; 0.0; 0.0; 0.0; 0.0; 0.0; 0.0; 1.77; 0.89; 3.32; 11.26; 25.0; -25.0; 0.0; 0; 0; 0.0; 0.0; 1; 5.9332447913; 2.66318501058; 2.18550998823; 0; 0; 0; 0; 0.0; 0.0; 0.0; -1.0; 0.0; 0.0; 0.0; 0.0; 0.0; 1.0;0; 0;0; 0; 
41.7253639698; 108100; 0.0; 0.0; -0.2021; 0.0; 0.0; 0.0; 0.0; 0.0; 0.0; 0.0; 0.0; 0.0; 0.0; 0.0; 0.0; 0.0; 0.0; 1.77; 0.89; 3.32; 11.26; 25.0; -25.0; 0.0; 0; 0; 0.0; 0.0; 1; 5.9332447913; 2.66318501058; 2.18550998823; 0; 0; 0; 0; 0.0; 0.0; 0.0; -1.0; 0.0; 0.0; 0.0; 0.0; 0.0; 1.0;0; 0;0; 0; 
41.7357871532; 108110; 0.0; 0.0; -0.20207; 0.0; 0.0; 0.0; 0.0; 0.0; 0.0; 0.0; 0.0; 0.0; 0.0; 0.0; 0.0; 0.0; 0.0; 1.77; 0.89; 3.32; 11.26; 25.0; -25.0; 0.0; 0; 0; 0.0; 0.0; 1; 5.9332447913; 2.66318501058; 2.18550998823; 0; 0; 0; 0; 0.0; 0.0; 0.0; -1.0; 0.0; 0.0; 0.0; 0.0; 0.0; 1.0;0; 0;0; 0; 
41.7472519875; 108110; 0.0; 0.0; -0.20186; 0.0; 0.0; 0.0; 0.0; 0.0; 0.0; 0.0; 0.0; 0.0; 0.0; 0.0; 0.0; 0.0; 0.0; 1.77; 0.89; 3.32; 11.26; 25.0; -25.0; 0.0; 0; 0; 0.0; 0.0; 1; 5.91213910478; 2.69244852226; 2.20739847703; 0; 0; 0; 0; 0.0; 0.0; 0.0; -1.0; 0.0; 0.0; 0.0; 0.0; 0.0; 1.0;0; 0;0; 0; 
41.7589030266; 108120; 0.0; 0.0; -0.20152; 0.0; 0.0; 0.0; 0.0; 0.0; 0.0; 0.0; 0.0; 0.0; 0.0; 0.0; 0.0; 0.0; 0.0; 1.77; 0.89; 3.32; 11.26; 25.0; -25.0; 0.0; 0; 0; 0.0; 0.0; 1; 5.91213910478; 2.69244852226; 2.20739847703; 0; 0; 0; 0; 0.0; 0.0; 0.0; -1.0; 0.0; 0.0; 0.0; 0.0; 0.0; 1.0;0; 0;0; 0; 
41.7696399689; 108120; 0.0; 0.0; -0.20111; 0.0; 0.0; 0.0; 0.0; 0.0; 0.0; 0.0; 0.0; 0.0; 0.0; 0.0; 0.0; 0.0; 0.0; 1.77; 0.89; 3.32; 11.26; 25.0; -25.0; 0.0; 0; 0; 0.0; 0.0; 1; 5.91213910478; 2.69244852226; 2.20739847703; 0; 0; 0; 0; 0.0; 0.0; 0.0; -1.0; 0.0; 0.0; 0.0; 0.0; 0.0; 1.0;0; 0;0; 0; 
41.7813019753; 108130; 0.0; 0.0; -0.20063; 0.0; 0.0; 0.0; 0.0; 0.0; 0.0; 0.0; 0.0; 0.0; 0.0; 0.0; 0.0; 0.0; 0.0; 1.77; 0.89; 3.32; 11.26; 25.0; -25.0; 0.0; 0; 0; 0.0; 0.0; 1; 5.91213910478; 2.69244852226; 2.20739847703; 0; 0; 0; 0; 0.0; 0.0; 0.0; -1.0; 0.0; 0.0; 0.0; 0.0; 0.0; 1.0;0; 0;0; 0; 
41.7923049927; 108130; 0.0; 0.0; -0.20015; 0.0; 0.0; 0.0; 0.0; 0.0; 0.0; 0.0; 0.0; 0.0; 0.0; 0.0; 0.0; 0.0; 0.0; 1.77; 0.89; 3.32; 11.26; 25.0; -25.0; 0.0; 0; 0; 0.0; 0.0; 1; 5.91213910478; 2.69244852226; 2.20739847703; 0; 0; 0; 0; 0.0; 0.0; 0.0; -1.0; 0.0; 0.0; 0.0; 0.0; 0.0; 1.0;0; 0;0; 0; 
41.8029019833; 108140; 0.0; 0.0; -0.19974; 0.0; 0.0; 0.0; 0.0; 0.0; 0.0; 0.0; 0.0; 0.0; 0.0; 0.0; 0.0; 0.0; 0.0; 1.77; 0.89; 3.32; 11.26; 25.0; -25.0; 0.0; 0; 0; 0.0; 0.0; 1; 5.91213910478; 2.69244852226; 2.20739847703; 0; 0; 0; 0; 0.0; 0.0; 0.0; -1.0; 0.0; 0.0; 0.0; 0.0; 0.0; 1.0;0; 0;0; 0; 
41.8138329983; 108140; 0.0; 0.0; -0.19946; 0.0; 0.0; 0.0; 0.0; 0.0; 0.0; 0.0; 0.0; 0.0; 0.0; 0.0; 0.0; 0.0; 0.0; 1.77; 0.89; 3.32; 11.26; 25.0; -25.0; 0.0; 0; 0; 0.0; 0.0; 1; 5.91213910478; 2.69244852226; 2.20739847703; 0; 0; 0; 0; 0.0; 0.0; 0.0; -1.0; 0.0; 0.0; 0.0; 0.0; 0.0; 1.0;0; 0;0; 0; 
41.8247861862; 108150; 0.0; 0.0; -0.19941; 0.0; 0.0; 0.0; 0.0; 0.0; 0.0; 0.0; 0.0; 0.0; 0.0; 0.0; 0.0; 0.0; 0.0; 1.77; 0.89; 3.32; 11.26; 25.0; -25.0; 0.0; 0; 0; 0.0; 0.0; 1; 5.91213910478; 2.69244852226; 2.20739847703; 0; 0; 0; 0; 0.0; 0.0; 0.0; -1.0; 0.0; 0.0; 0.0; 0.0; 0.0; 1.0;0; 0;0; 0; 
41.8360221386; 108150; 0.0; 0.0; -0.1996; 0.0; 0.0; 0.0; 0.0; 0.0; 0.0; 0.0; 0.0; 0.0; 0.0; 0.0; 0.0; 0.0; 0.0; 1.77; 0.89; 3.32; 11.26; 25.0; -25.0; 0.0; 0; 0; 0.0; 0.0; 1; 5.91213910478; 2.69244852226; 2.20739847703; 0; 0; 0; 0; 0.0; 0.0; 0.0; -1.0; 0.0; 0.0; 0.0; 0.0; 0.0; 1.0;0; 0;0; 0; 
41.8472030163; 108160; 0.0; 0.0; -0.20003; 0.0; 0.0; 0.0; 0.0; 0.0; 0.0; 0.0; 0.0; 0.0; 0.0; 0.0; 0.0; 0.0; 0.0; 1.77; 0.89; 3.32; 11.26; 25.0; -25.0; 0.0; 0; 0; 0.0; 0.0; 1; 5.91213910478; 2.69244852226; 2.20739847703; 0; 0; 0; 0; 0.0; 0.0; 0.0; -1.0; 0.0; 0.0; 0.0; 0.0; 0.0; 1.0;0; 0;0; 0; 
41.8589169979; 108160; 0.0; 0.0; -0.20069; 0.0; 0.0; 0.0; 0.0; 0.0; 0.0; 0.0; 0.0; 0.0; 0.0; 0.0; 0.0; 0.0; 0.0; 1.81; 0.89; 3.39; 11.26; 25.0; -25.0; 0.0; 0; 0; 0.0; 0.0; 1; 5.91213910478; 2.69244852226; 2.20739847703; 0; 0; 0; 0; 0.0; 0.0; 0.0; -1.0; 0.0; 0.0; 0.0; 0.0; 0.0; 1.0;0; 0;0; 0; 
41.8692400455; 108170; 0.0; 0.0; -0.20149; 0.0; 0.0; 0.0; 0.0; 0.0; 0.0; 0.0; 0.0; 0.0; 0.0; 0.0; 0.0; 0.0; 0.0; 1.81; 0.89; 3.39; 11.26; 25.0; -25.0; 0.0; 0; 0; 0.0; 0.0; 1; 5.91213910478; 2.69244852226; 2.20739847703; 0; 0; 0; 0; 0.0; 0.0; 0.0; -1.0; 0.0; 0.0; 0.0; 0.0; 0.0; 1.0;0; 0;0; 0; 
41.8803792; 108170; 0.0; 0.0; -0.20236; 0.0; 0.0; 0.0; 0.0; 0.0; 0.0; 0.0; 0.0; 0.0; 0.0; 0.0; 0.0; 0.0; 0.0; 1.81; 0.89; 3.39; 11.26; 25.0; -25.0; 0.0; 0; 0; 0.0; 0.0; 1; 5.91213910478; 2.69244852226; 2.20739847703; 0; 0; 0; 0; 0.0; 0.0; 0.0; -1.0; 0.0; 0.0; 0.0; 0.0; 0.0; 1.0;0; 0;0; 0; 
41.8923630714; 108180; 0.0; 0.0; -0.20322; 0.0; 0.0; 0.0; 0.0; 0.0; 0.0; 0.0; 0.0; 0.0; 0.0; 0.0; 0.0; 0.0; 0.0; 1.81; 0.89; 3.39; 11.26; 25.0; -25.0; 0.0; 0; 0; 0.0; 0.0; 1; 5.91213910478; 2.69244852226; 2.20739847703; 0; 0; 0; 0; 0.0; 0.0; 0.0; -1.0; 0.0; 0.0; 0.0; 0.0; 0.0; 1.0;0; 0;0; 0; 
41.9028120041; 108180; 0.0; 0.0; -0.20392; 0.0; 0.0; 0.0; 0.0; 0.0; 0.0; 0.0; 0.0; 0.0; 0.0; 0.0; 0.0; 0.0; 0.0; 1.81; 0.89; 3.39; 11.26; 25.0; -25.0; 0.0; 0; 0; 0.0; 0.0; 1; 5.91213910478; 2.69244852226; 2.20739847703; 0; 0; 0; 0; 0.0; 0.0; 0.0; -1.0; 0.0; 0.0; 0.0; 0.0; 0.0; 1.0;0; 0;0; 0; 
41.913724184; 108190; 0.0; 0.0; -0.20451; 0.0; 0.0; 0.0; 0.0; 0.0; 0.0; 0.0; 0.0; 0.0; 0.0; 0.0; 0.0; 0.0; 0.0; 1.81; 0.89; 3.39; 11.26; 25.0; -25.0; 0.0; 0; 0; 0.0; 0.0; 1; 5.91213910478; 2.69244852226; 2.20739847703; 0; 0; 0; 0; 0.0; 0.0; 0.0; -1.0; 0.0; 0.0; 0.0; 0.0; 0.0; 1.0;0; 0;0; 0; 
41.9246101379; 108190; 0.0; 0.0; -0.20498; 0.0; 0.0; 0.0; 0.0; 0.0; 0.0; 0.0; 0.0; 0.0; 0.0; 0.0; 0.0; 0.0; 0.0; 1.81; 0.89; 3.39; 11.26; 25.0; -25.0; 0.0; 0; 0; 0.0; 0.0; 1; 5.91213910478; 2.69244852226; 2.20739847703; 0; 0; 0; 0; 0.0; 0.0; 0.0; -1.0; 0.0; 0.0; 0.0; 0.0; 0.0; 1.0;0; 0;0; 0; 
41.9354560375; 108200; 0.0; 0.0; -0.20536; 0.0; 0.0; 0.0; 0.0; 0.0; 0.0; 0.0; 0.0; 0.0; 0.0; 0.0; 0.0; 0.0; 0.0; 1.81; 0.89; 3.39; 11.26; 25.0; -25.0; 0.0; 0; 0; 0.0; 0.0; 1; 5.91213910478; 2.69244852226; 2.20739847703; 0; 0; 0; 0; 0.0; 0.0; 0.0; -1.0; 0.0; 0.0; 0.0; 0.0; 0.0; 1.0;0; 0;0; 0; 
41.9458701611; 108200; 0.0; 0.0; -0.20573; 0.0; 0.0; 0.0; 0.0; 0.0; 0.0; 0.0; 0.0; 0.0; 0.0; 0.0; 0.0; 0.0; 0.0; 1.81; 0.89; 3.39; 11.26; 25.0; -25.0; 0.0; 0; 0; 0.0; 0.0; 1; 5.91213910478; 2.69244852226; 2.20739847703; 0; 0; 0; 0; 0.0; 0.0; 0.0; -1.0; 0.0; 0.0; 0.0; 0.0; 0.0; 1.0;0; 0;0; 0; 
41.957198143; 108210; 0.0; 0.0; -0.206; 0.0; 0.0; 0.0; 0.0; 0.0; 0.0; 0.0; 0.0; 0.0; 0.0; 0.0; 0.0; 0.0; 0.0; 1.81; 0.89; 3.39; 11.26; 25.0; -25.0; 0.0; 0; 0; 0.0; 0.0; 1; 5.91213910478; 2.69244852226; 2.20739847703; 0; 0; 0; 0; 0.0; 0.0; 0.0; -1.0; 0.0; 0.0; 0.0; 0.0; 0.0; 1.0;0; 0;0; 0; 
41.9691619873; 108210; 0.0; 0.0; -0.20632; 0.0; 0.0; 0.0; 0.0; 0.0; 0.0; 0.0; 0.0; 0.0; 0.0; 0.0; 0.0; 0.0; 0.0; 1.81; 0.89; 3.39; 11.26; 25.0; -25.0; 0.0; 0; 0; 0.0; 0.0; 1; 5.88555996185; 2.72762708192; 2.23017344229; 0; 0; 0; 0; 0.0; 0.0; 0.0; -1.0; 0.0; 0.0; 0.0; 0.0; 0.0; 1.0;0; 0;0; 0; 
41.9797830582; 108220; 0.0; 0.0; -0.20659; 0.0; 0.0; 0.0; 0.0; 0.0; 0.0; 0.0; 0.0; 0.0; 0.0; 0.0; 0.0; 0.0; 0.0; 1.81; 0.89; 3.39; 11.26; 25.0; -25.0; 0.0; 0; 0; 0.0; 0.0; 1; 5.88555996185; 2.72762708192; 2.23017344229; 0; 0; 0; 0; 0.0; 0.0; 0.0; -1.0; 0.0; 0.0; 0.0; 0.0; 0.0; 1.0;0; 0;0; 0; 
41.9903120995; 108220; 0.0; 0.0; -0.20682; 0.0; 0.0; 0.0; 0.0; 0.0; 0.0; 0.0; 0.0; 0.0; 0.0; 0.0; 0.0; 0.0; 0.0; 1.81; 0.89; 3.39; 11.26; 25.0; -25.0; 0.0; 0; 0; 0.0; 0.0; 1; 5.88555996185; 2.72762708192; 2.23017344229; 0; 0; 0; 0; 0.0; 0.0; 0.0; -1.0; 0.0; 0.0; 0.0; 0.0; 0.0; 1.0;0; 0;0; 0; 
42.0017449856; 108230; 0.0; 0.0; -0.20703; 0.0; 0.0; 0.0; 0.0; 0.0; 0.0; 0.0; 0.0; 0.0; 0.0; 0.0; 0.0; 0.0; 0.0; 1.81; 0.89; 3.39; 11.26; 25.0; -25.0; 0.0; 0; 0; 0.0; 0.0; 1; 5.88555996185; 2.72762708192; 2.23017344229; 0; 0; 0; 0; 0.0; 0.0; 0.0; -1.0; 0.0; 0.0; 0.0; 0.0; 0.0; 1.0;0; 0;0; 0; 
42.0121061802; 108230; 0.0; 0.0; -0.20717; 0.0; 0.0; 0.0; 0.0; 0.0; 0.0; 0.0; 0.0; 0.0; 0.0; 0.0; 0.0; 0.0; 0.0; 1.81; 0.89; 3.39; 11.26; 25.0; -25.0; 0.0; 0; 0; 0.0; 0.0; 1; 5.88555996185; 2.72762708192; 2.23017344229; 0; 0; 0; 0; 0.0; 0.0; 0.0; -1.0; 0.0; 0.0; 0.0; 0.0; 0.0; 1.0;0; 0;0; 0; 
42.0229840279; 108240; 0.0; 0.0; -0.20736; 0.0; 0.0; 0.0; 0.0; 0.0; 0.0; 0.0; 0.0; 0.0; 0.0; 0.0; 0.0; 0.0; 0.0; 1.81; 0.89; 3.39; 11.26; 25.0; -25.0; 0.0; 0; 0; 0.0; 0.0; 1; 5.88555996185; 2.72762708192; 2.23017344229; 0; 0; 0; 0; 0.0; 0.0; 0.0; -1.0; 0.0; 0.0; 0.0; 0.0; 0.0; 1.0;0; 0;0; 0; 
42.0345611572; 108240; 0.0; 0.0; -0.20755; 0.0; 0.0; 0.0; 0.0; 0.0; 0.0; 0.0; 0.0; 0.0; 0.0; 0.0; 0.0; 0.0; 0.0; 1.81; 0.89; 3.39; 11.26; 25.0; -25.0; 0.0; 0; 0; 0.0; 0.0; 1; 5.88555996185; 2.72762708192; 2.23017344229; 0; 0; 0; 0; 0.0; 0.0; 0.0; -1.0; 0.0; 0.0; 0.0; 0.0; 0.0; 1.0;0; 0;0; 0; 
42.0457770824; 108250; 0.0; 0.0; -0.20778; 0.0; 0.0; 0.0; 0.0; 0.0; 0.0; 0.0; 0.0; 0.0; 0.0; 0.0; 0.0; 0.0; 0.0; 1.81; 0.89; 3.39; 11.26; 25.0; -25.0; 0.0; 0; 0; 0.0; 0.0; 1; 5.88555996185; 2.72762708192; 2.23017344229; 0; 0; 0; 0; 0.0; 0.0; 0.0; -1.0; 0.0; 0.0; 0.0; 0.0; 0.0; 1.0;0; 0;0; 0; 
42.0564069748; 108250; 0.0; 0.0; -0.20806; 0.0; 0.0; 0.0; 0.0; 0.0; 0.0; 0.0; 0.0; 0.0; 0.0; 0.0; 0.0; 0.0; 0.0; 1.81; 0.89; 3.39; 11.26; 25.0; -25.0; 0.0; 0; 0; 0.0; 0.0; 1; 5.88555996185; 2.72762708192; 2.23017344229; 0; 0; 0; 0; 0.0; 0.0; 0.0; -1.0; 0.0; 0.0; 0.0; 0.0; 0.0; 1.0;0; 0;0; 0; 
42.0676920414; 108260; 0.0; 0.0; -0.2084; 0.0; 0.0; 0.0; 0.0; 0.0; 0.0; 0.0; 0.0; 0.0; 0.0; 0.0; 0.0; 0.0; 0.0; 1.81; 0.89; 3.39; 11.26; 25.0; -25.0; 0.0; 0; 0; 0.0; 0.0; 1; 5.88555996185; 2.72762708192; 2.23017344229; 0; 0; 0; 0; 0.0; 0.0; 0.0; -1.0; 0.0; 0.0; 0.0; 0.0; 0.0; 1.0;0; 0;0; 0; 
42.0791480541; 108260; 0.0; 0.0; -0.20881; 0.0; 0.0; 0.0; 0.0; 0.0; 0.0; 0.0; 0.0; 0.0; 0.0; 0.0; 0.0; 0.0; 0.0; 1.81; 0.89; 3.39; 11.26; 25.0; -25.0; 0.0; 0; 0; 0.0; 0.0; 1; 5.88555996185; 2.72762708192; 2.23017344229; 0; 0; 0; 0; 0.0; 0.0; 0.0; -1.0; 0.0; 0.0; 0.0; 0.0; 0.0; 1.0;0; 0;0; 0; 
42.0904941559; 108270; 0.0; 0.0; -0.20925; 0.0; 0.0; 0.0; 0.0; 0.0; 0.0; 0.0; 0.0; 0.0; 0.0; 0.0; 0.0; 0.0; 0.0; 1.81; 0.89; 3.39; 11.26; 25.0; -25.0; 0.0; 0; 0; 0.0; 0.0; 1; 5.88555996185; 2.72762708192; 2.23017344229; 0; 0; 0; 0; 0.0; 0.0; 0.0; -1.0; 0.0; 0.0; 0.0; 0.0; 0.0; 1.0;0; 0;0; 0; 
42.1027801037; 108270; 0.0; 0.0; -0.20976; 0.0; 0.0; 0.0; 0.0; 0.0; 0.0; 0.0; 0.0; 0.0; 0.0; 0.0; 0.0; 0.0; 0.0; 1.81; 0.89; 3.39; 11.26; 25.0; -25.0; 0.0; 0; 0; 0.0; 0.0; 1; 5.88555996185; 2.72762708192; 2.23017344229; 0; 0; 0; 0; 0.0; 0.0; 0.0; -1.0; 0.0; 0.0; 0.0; 0.0; 0.0; 1.0;0; 0;0; 0; 
42.1137361526; 108280; 0.0; 0.0; -0.21036; 0.0; 0.0; 0.0; 0.0; 0.0; 0.0; 0.0; 0.0; 0.0; 0.0; 0.0; 0.0; 0.0; 0.0; 1.81; 0.89; 3.39; 11.26; 25.0; -25.0; 0.0; 0; 0; 0.0; 0.0; 1; 5.88555996185; 2.72762708192; 2.23017344229; 0; 0; 0; 0; 0.0; 0.0; 0.0; -1.0; 0.0; 0.0; 0.0; 0.0; 0.0; 1.0;0; 0;0; 0; 
42.1254050732; 108280; 0.0; 0.0; -0.21106; 0.0; 0.0; 0.0; 0.0; 0.0; 0.0; 0.0; 0.0; 0.0; 0.0; 0.0; 0.0; 0.0; 0.0; 1.81; 0.89; 3.39; 11.26; 25.0; -25.0; 0.0; 0; 0; 0.0; 0.0; 1; 5.88555996185; 2.72762708192; 2.23017344229; 0; 0; 0; 0; 0.0; 0.0; 0.0; -1.0; 0.0; 0.0; 0.0; 0.0; 0.0; 1.0;0; 0;0; 0; 
42.136701107; 108290; 0.0; 0.0; -0.21183; 0.0; 0.0; 0.0; 0.0; 0.0; 0.0; 0.0; 0.0; 0.0; 0.0; 0.0; 0.0; 0.0; 0.0; 1.81; 0.89; 3.39; 11.26; 25.0; -25.0; 0.0; 0; 0; 0.0; 0.0; 1; 5.88555996185; 2.72762708192; 2.23017344229; 0; 0; 0; 0; 0.0; 0.0; 0.0; -1.0; 0.0; 0.0; 0.0; 0.0; 0.0; 1.0;0; 0;0; 0; 
42.1478481293; 108290; 0.0; 0.0; -0.21262; 0.0; 0.0; 0.0; 0.0; 0.0; 0.0; 0.0; 0.0; 0.0; 0.0; 0.0; 0.0; 0.0; 0.0; 1.81; 0.89; 3.39; 11.26; 25.0; -25.0; 0.0; 0; 0; 0.0; 0.0; 1; 5.88555996185; 2.72762708192; 2.23017344229; 0; 0; 0; 0; 0.0; 0.0; 0.0; -1.0; 0.0; 0.0; 0.0; 0.0; 0.0; 1.0;0; 0;0; 0; 
42.1592199802; 108300; 0.0; 0.0; -0.21341; 0.0; 0.0; 0.0; 0.0; 0.0; 0.0; 0.0; 0.0; 0.0; 0.0; 0.0; 0.0; 0.0; 0.0; 1.81; 0.89; 3.39; 11.26; 25.0; -25.0; 0.0; 0; 0; 0.0; 0.0; 1; 5.88555996185; 2.72762708192; 2.23017344229; 0; 0; 0; 0; 0.0; 0.0; 0.0; -1.0; 0.0; 0.0; 0.0; 0.0; 0.0; 1.0;0; 0;0; 0; 
42.170317173; 108300; 0.0; 0.0; -0.21415; 0.0; 0.0; 0.0; 0.0; 0.0; 0.0; 0.0; 0.0; 0.0; 0.0; 0.0; 0.0; 0.0; 0.0; 1.81; 0.89; 3.39; 11.26; 25.0; -25.0; 0.0; 0; 0; 0.0; 0.0; 1; 5.88555996185; 2.72762708192; 2.23017344229; 0; 0; 0; 0; 0.0; 0.0; 0.0; -1.0; 0.0; 0.0; 0.0; 0.0; 0.0; 1.0;0; 0;0; 0; 
42.1812942028; 108310; 0.0; 0.0; -0.21468; 0.0; 0.0; 0.0; 0.0; 0.0; 0.0; 0.0; 0.0; 0.0; 0.0; 0.0; 0.0; 0.0; 0.0; 1.81; 0.89; 3.39; 11.26; 25.0; -25.0; 0.0; 0; 0; 0.0; 0.0; 1; 5.88555996185; 2.72762708192; 2.23017344229; 0; 0; 0; 0; 0.0; 0.0; 0.0; -1.0; 0.0; 0.0; 0.0; 0.0; 0.0; 1.0;0; 0;0; 0; 
42.1925389767; 108310; 0.0; 0.0; -0.21499; 0.0; 0.0; 0.0; 0.0; 0.0; 0.0; 0.0; 0.0; 0.0; 0.0; 0.0; 0.0; 0.0; 0.0; 1.81; 0.89; 3.39; 11.26; 25.0; -25.0; 0.0; 0; 0; 0.0; 0.0; 1; 5.85499313474; 2.76619293454; 2.25411952958; 0; 0; 0; 0; 0.0; 0.0; 0.0; -1.0; 0.0; 0.0; 0.0; 0.0; 0.0; 1.0;0; 0;0; 0; 
42.2047431469; 108320; 0.0; 0.0; -0.21495; 0.0; 0.0; 0.0; 0.0; 0.0; 0.0; 0.0; 0.0; 0.0; 0.0; 0.0; 0.0; 0.0; 0.0; 1.81; 0.89; 3.39; 11.26; 25.0; -25.0; 0.0; 0; 0; 0.0; 0.0; 1; 5.85499313474; 2.76619293454; 2.25411952958; 0; 0; 0; 0; 0.0; 0.0; 0.0; -1.0; 0.0; 0.0; 0.0; 0.0; 0.0; 1.0;0; 0;0; 0; 
42.215970993; 108320; 0.0; 0.0; -0.2146; 0.0; 0.0; 0.0; 0.0; 0.0; 0.0; 0.0; 0.0; 0.0; 0.0; 0.0; 0.0; 0.0; 0.0; 1.81; 0.89; 3.39; 11.26; 25.0; -25.0; 0.0; 0; 0; 0.0; 0.0; 1; 5.85499313474; 2.76619293454; 2.25411952958; 0; 0; 0; 0; 0.0; 0.0; 0.0; -1.0; 0.0; 0.0; 0.0; 0.0; 0.0; 1.0;0; 0;0; 0; 
42.2270979881; 108330; 0.0; 0.0; -0.21389; 0.0; 0.0; 0.0; 0.0; 0.0; 0.0; 0.0; 0.0; 0.0; 0.0; 0.0; 0.0; 0.0; 0.0; 1.81; 0.89; 3.39; 11.26; 25.0; -25.0; 0.0; 0; 0; 0.0; 0.0; 1; 5.85499313474; 2.76619293454; 2.25411952958; 0; 0; 0; 0; 0.0; 0.0; 0.0; -1.0; 0.0; 0.0; 0.0; 0.0; 0.0; 1.0;0; 0;0; 0; 
42.2386829853; 108330; 0.0; 0.0; -0.21289; 0.0; 0.0; 0.0; 0.0; 0.0; 0.0; 0.0; 0.0; 0.0; 0.0; 0.0; 0.0; 0.0; 0.0; 1.81; 0.89; 3.39; 11.26; 25.0; -25.0; 0.0; 0; 0; 0.0; 0.0; 1; 5.85499313474; 2.76619293454; 2.25411952958; 0; 0; 0; 0; 0.0; 0.0; 0.0; -1.0; 0.0; 0.0; 0.0; 0.0; 0.0; 1.0;0; 0;0; 0; 
42.2508330345; 108340; 0.0; 0.0; -0.21168; 0.0; 0.0; 0.0; 0.0; 0.0; 0.0; 0.0; 0.0; 0.0; 0.0; 0.0; 0.0; 0.0; 0.0; 1.81; 0.89; 3.39; 11.26; 25.0; -25.0; 0.0; 0; 0; 0.0; 0.0; 1; 5.85499313474; 2.76619293454; 2.25411952958; 0; 0; 0; 0; 0.0; 0.0; 0.0; -1.0; 0.0; 0.0; 0.0; 0.0; 0.0; 1.0;0; 0;0; 0; 
42.2626771927; 108340; 0.0; 0.0; -0.21038; 0.0; 0.0; 0.0; 0.0; 0.0; 0.0; 0.0; 0.0; 0.0; 0.0; 0.0; 0.0; 0.0; 0.0; 1.81; 0.89; 3.39; 11.26; 25.0; -25.0; 0.0; 0; 0; 0.0; 0.0; 1; 5.85499313474; 2.76619293454; 2.25411952958; 0; 0; 0; 0; 0.0; 0.0; 0.0; -1.0; 0.0; 0.0; 0.0; 0.0; 0.0; 1.0;0; 0;0; 0; 
42.2736999989; 108350; 0.0; 0.0; -0.20902; 0.0; 0.0; 0.0; 0.0; 0.0; 0.0; 0.0; 0.0; 0.0; 0.0; 0.0; 0.0; 0.0; 0.0; 1.81; 0.89; 3.39; 11.26; 25.0; -25.0; 0.0; 0; 0; 0.0; 0.0; 1; 5.85499313474; 2.76619293454; 2.25411952958; 0; 0; 0; 0; 0.0; 0.0; 0.0; -1.0; 0.0; 0.0; 0.0; 0.0; 0.0; 1.0;0; 0;0; 0; 
42.2845180035; 108350; 0.0; 0.0; -0.20766; 0.0; 0.0; 0.0; 0.0; 0.0; 0.0; 0.0; 0.0; 0.0; 0.0; 0.0; 0.0; 0.0; 0.0; 1.81; 0.89; 3.39; 11.26; 25.0; -25.0; 0.0; 0; 0; 0.0; 0.0; 1; 5.85499313474; 2.76619293454; 2.25411952958; 0; 0; 0; 0; 0.0; 0.0; 0.0; -1.0; 0.0; 0.0; 0.0; 0.0; 0.0; 1.0;0; 0;0; 0; 
42.29560709; 108360; 0.0; 0.0; -0.20635; 0.0; 0.0; 0.0; 0.0; 0.0; 0.0; 0.0; 0.0; 0.0; 0.0; 0.0; 0.0; 0.0; 0.0; 1.81; 0.89; 3.39; 11.26; 25.0; -25.0; 0.0; 0; 0; 0.0; 0.0; 1; 5.85499313474; 2.76619293454; 2.25411952958; 0; 0; 0; 0; 0.0; 0.0; 0.0; -1.0; 0.0; 0.0; 0.0; 0.0; 0.0; 1.0;0; 0;0; 0; 
42.3076300621; 108360; 0.0; 0.0; -0.20517; 0.0; 0.0; 0.0; 0.0; 0.0; 0.0; 0.0; 0.0; 0.0; 0.0; 0.0; 0.0; 0.0; 0.0; 1.82; 0.88; 5.38; 5.49; 25.0; -25.0; 0.0; 0; 0; 0.0; 0.0; 1; 5.85499313474; 2.76619293454; 2.25411952958; 0; 0; 0; 0; 0.0; 0.0; 0.0; -1.0; 0.0; 0.0; 0.0; 0.0; 0.0; 1.0;0; 0;0; 0; 
42.3191809654; 108370; 0.0; 0.0; -0.2041; 0.0; 0.0; 0.0; 0.0; 0.0; 0.0; 0.0; 0.0; 0.0; 0.0; 0.0; 0.0; 0.0; 0.0; 1.82; 0.88; 5.38; 5.49; 25.0; -25.0; 0.0; 0; 0; 0.0; 0.0; 1; 5.85499313474; 2.76619293454; 2.25411952958; 0; 0; 0; 0; 0.0; 0.0; 0.0; -1.0; 0.0; 0.0; 0.0; 0.0; 0.0; 1.0;0; 0;0; 0; 
42.329941988; 108370; 0.0; 0.0; -0.20311; 0.0; 0.0; 0.0; 0.0; 0.0; 0.0; 0.0; 0.0; 0.0; 0.0; 0.0; 0.0; 0.0; 0.0; 1.82; 0.88; 5.38; 5.49; 25.0; -25.0; 0.0; 0; 0; 0.0; 0.0; 1; 5.85499313474; 2.76619293454; 2.25411952958; 0; 0; 0; 0; 0.0; 0.0; 0.0; -1.0; 0.0; 0.0; 0.0; 0.0; 0.0; 1.0;0; 0;0; 0; 
42.3408281803; 108380; 0.0; 0.0; -0.20228; 0.0; 0.0; 0.0; 0.0; 0.0; 0.0; 0.0; 0.0; 0.0; 0.0; 0.0; 0.0; 0.0; 0.0; 1.82; 0.88; 5.38; 5.49; 25.0; -25.0; 0.0; 0; 0; 0.0; 0.0; 1; 5.85499313474; 2.76619293454; 2.25411952958; 0; 0; 0; 0; 0.0; 0.0; 0.0; -1.0; 0.0; 0.0; 0.0; 0.0; 0.0; 1.0;0; 0;0; 0; 
42.3513400555; 108380; 0.0; 0.0; -0.20163; 0.0; 0.0; 0.0; 0.0; 0.0; 0.0; 0.0; 0.0; 0.0; 0.0; 0.0; 0.0; 0.0; 0.0; 1.82; 0.88; 5.38; 5.49; 25.0; -25.0; 0.0; 0; 0; 0.0; 0.0; 1; 5.85499313474; 2.76619293454; 2.25411952958; 0; 0; 0; 0; 0.0; 0.0; 0.0; -1.0; 0.0; 0.0; 0.0; 0.0; 0.0; 1.0;0; 0;0; 0; 
42.3619031906; 108390; 0.0; 0.0; -0.20121; 0.0; 0.0; 0.0; 0.0; 0.0; 0.0; 0.0; 0.0; 0.0; 0.0; 0.0; 0.0; 0.0; 0.0; 1.82; 0.88; 5.38; 5.49; 25.0; -25.0; 0.0; 0; 0; 0.0; 0.0; 1; 5.85499313474; 2.76619293454; 2.25411952958; 0; 0; 0; 0; 0.0; 0.0; 0.0; -1.0; 0.0; 0.0; 0.0; 0.0; 0.0; 1.0;0; 0;0; 0; 
42.3729610443; 108390; 0.0; 0.0; -0.20102; 0.0; 0.0; 0.0; 0.0; 0.0; 0.0; 0.0; 0.0; 0.0; 0.0; 0.0; 0.0; 0.0; 0.0; 1.82; 0.88; 5.38; 5.49; 25.0; -25.0; 0.0; 0; 0; 0.0; 0.0; 1; 5.85499313474; 2.76619293454; 2.25411952958; 0; 0; 0; 0; 0.0; 0.0; 0.0; -1.0; 0.0; 0.0; 0.0; 0.0; 0.0; 1.0;0; 0;0; 0; 
42.3843011856; 108400; 0.0; 0.0; -0.20103; 0.0; 0.0; 0.0; 0.0; 0.0; 0.0; 0.0; 0.0; 0.0; 0.0; 0.0; 0.0; 0.0; 0.0; 1.82; 0.88; 5.38; 5.49; 25.0; -25.0; 0.0; 0; 0; 0.0; 0.0; 1; 5.85499313474; 2.76619293454; 2.25411952958; 0; 0; 0; 0; 0.0; 0.0; 0.0; -1.0; 0.0; 0.0; 0.0; 0.0; 0.0; 1.0;0; 0;0; 0; 
42.3955101967; 108400; 0.0; 0.0; -0.20127; 0.0; 0.0; 0.0; 0.0; 0.0; 0.0; 0.0; 0.0; 0.0; 0.0; 0.0; 0.0; 0.0; 0.0; 1.82; 0.88; 5.38; 5.49; 25.0; -25.0; 0.0; 0; 0; 0.0; 0.0; 1; 5.85499313474; 2.76619293454; 2.25411952958; 0; 0; 0; 0; 0.0; 0.0; 0.0; -1.0; 0.0; 0.0; 0.0; 0.0; 0.0; 1.0;0; 0;0; 0; 
42.4077131748; 108410; 0.0; 0.0; -0.20169; 0.0; 0.0; 0.0; 0.0; 0.0; 0.0; 0.0; 0.0; 0.0; 0.0; 0.0; 0.0; 0.0; 0.0; 1.82; 0.88; 5.38; 5.49; 25.0; -25.0; 0.0; 0; 0; 0.0; 0.0; 1; 5.85499313474; 2.76619293454; 2.25411952958; 0; 0; 0; 0; 0.0; 0.0; 0.0; -1.0; 0.0; 0.0; 0.0; 0.0; 0.0; 1.0;0; 0;0; 0; 
42.4187531471; 108410; 0.0; 0.0; -0.20222; 0.0; 0.0; 0.0; 0.0; 0.0; 0.0; 0.0; 0.0; 0.0; 0.0; 0.0; 0.0; 0.0; 0.0; 1.82; 0.88; 5.38; 5.49; 25.0; -25.0; 0.0; 0; 0; 0.0; 0.0; 1; 5.82227041837; 2.80550266783; 2.27808127604; 0; 0; 0; 0; 0.0; 0.0; 0.0; -1.0; 0.0; 0.0; 0.0; 0.0; 0.0; 1.0;0; 0;0; 0; 
42.4306750298; 108420; 0.0; 0.0; -0.20278; 0.0; 0.0; 0.0; 0.0; 0.0; 0.0; 0.0; 0.0; 0.0; 0.0; 0.0; 0.0; 0.0; 0.0; 1.82; 0.88; 5.38; 5.49; 25.0; -25.0; 0.0; 0; 0; 0.0; 0.0; 1; 5.82227041837; 2.80550266783; 2.27808127604; 0; 0; 0; 0; 0.0; 0.0; 0.0; -1.0; 0.0; 0.0; 0.0; 0.0; 0.0; 1.0;0; 0;0; 0; 
42.4424791336; 108420; 0.0; 0.0; -0.2032; 0.0; 0.0; 0.0; 0.0; 0.0; 0.0; 0.0; 0.0; 0.0; 0.0; 0.0; 0.0; 0.0; 0.0; 1.82; 0.88; 5.38; 5.49; 25.0; -25.0; 0.0; 0; 0; 0.0; 0.0; 1; 5.82227041837; 2.80550266783; 2.27808127604; 0; 0; 0; 0; 0.0; 0.0; 0.0; -1.0; 0.0; 0.0; 0.0; 0.0; 0.0; 1.0;0; 0;0; 0; 
42.4543001652; 108430; 0.0; 0.0; -0.20346; 0.0; 0.0; 0.0; 0.0; 0.0; 0.0; 0.0; 0.0; 0.0; 0.0; 0.0; 0.0; 0.0; 0.0; 1.82; 0.88; 5.38; 5.49; 25.0; -25.0; 0.0; 0; 0; 0.0; 0.0; 1; 5.82227041837; 2.80550266783; 2.27808127604; 0; 0; 0; 0; 0.0; 0.0; 0.0; -1.0; 0.0; 0.0; 0.0; 0.0; 0.0; 1.0;0; 0;0; 0; 
42.4657051563; 108430; 0.0; 0.0; -0.20349; 0.0; 0.0; 0.0; 0.0; 0.0; 0.0; 0.0; 0.0; 0.0; 0.0; 0.0; 0.0; 0.0; 0.0; 1.82; 0.88; 5.38; 5.49; 25.0; -25.0; 0.0; 0; 0; 0.0; 0.0; 1; 5.82227041837; 2.80550266783; 2.27808127604; 0; 0; 0; 0; 0.0; 0.0; 0.0; -1.0; 0.0; 0.0; 0.0; 0.0; 0.0; 1.0;0; 0;0; 0; 
42.4768221378; 108440; 0.0; 0.0; -0.20324; 0.0; 0.0; 0.0; 0.0; 0.0; 0.0; 0.0; 0.0; 0.0; 0.0; 0.0; 0.0; 0.0; 0.0; 1.82; 0.88; 5.38; 5.49; 25.0; -25.0; 0.0; 0; 0; 0.0; 0.0; 1; 5.82227041837; 2.80550266783; 2.27808127604; 0; 0; 0; 0; 0.0; 0.0; 0.0; -1.0; 0.0; 0.0; 0.0; 0.0; 0.0; 1.0;0; 0;0; 0; 
42.4881939888; 108440; 0.0; 0.0; -0.2027; 0.0; 0.0; 0.0; 0.0; 0.0; 0.0; 0.0; 0.0; 0.0; 0.0; 0.0; 0.0; 0.0; 0.0; 1.82; 0.88; 5.38; 5.49; 25.0; -25.0; 0.0; 0; 0; 0.0; 0.0; 1; 5.82227041837; 2.80550266783; 2.27808127604; 0; 0; 0; 0; 0.0; 0.0; 0.0; -1.0; 0.0; 0.0; 0.0; 0.0; 0.0; 1.0;0; 0;0; 0; 
42.4991099834; 108450; 0.0; 0.0; -0.20197; 0.0; 0.0; 0.0; 0.0; 0.0; 0.0; 0.0; 0.0; 0.0; 0.0; 0.0; 0.0; 0.0; 0.0; 1.82; 0.88; 5.38; 5.49; 25.0; -25.0; 0.0; 0; 0; 0.0; 0.0; 1; 5.82227041837; 2.80550266783; 2.27808127604; 0; 0; 0; 0; 0.0; 0.0; 0.0; -1.0; 0.0; 0.0; 0.0; 0.0; 0.0; 1.0;0; 0;0; 0; 
42.5110061169; 108450; 0.0; 0.0; -0.20122; 0.0; 0.0; 0.0; 0.0; 0.0; 0.0; 0.0; 0.0; 0.0; 0.0; 0.0; 0.0; 0.0; 0.0; 1.82; 0.88; 5.38; 5.49; 25.0; -25.0; 0.0; 0; 0; 0.0; 0.0; 1; 5.82227041837; 2.80550266783; 2.27808127604; 0; 0; 0; 0; 0.0; 0.0; 0.0; -1.0; 0.0; 0.0; 0.0; 0.0; 0.0; 1.0;0; 0;0; 0; 
42.5217661858; 108460; 0.0; 0.0; -0.20056; 0.0; 0.0; 0.0; 0.0; 0.0; 0.0; 0.0; 0.0; 0.0; 0.0; 0.0; 0.0; 0.0; 0.0; 1.82; 0.88; 5.38; 5.49; 25.0; -25.0; 0.0; 0; 0; 0.0; 0.0; 1; 5.82227041837; 2.80550266783; 2.27808127604; 0; 0; 0; 0; 0.0; 0.0; 0.0; -1.0; 0.0; 0.0; 0.0; 0.0; 0.0; 1.0;0; 0;0; 0; 
42.5333170891; 108460; 0.0; 0.0; -0.20005; 0.0; 0.0; 0.0; 0.0; 0.0; 0.0; 0.0; 0.0; 0.0; 0.0; 0.0; 0.0; 0.0; 0.0; 1.84; 0.88; 3.56; 5.49; 25.0; -25.0; 0.0; 0; 0; 0.0; 0.0; 1; 5.82227041837; 2.80550266783; 2.27808127604; 0; 0; 0; 0; 0.0; 0.0; 0.0; -1.0; 0.0; 0.0; 0.0; 0.0; 0.0; 1.0;0; 0;0; 0; 
42.5443441868; 108470; 0.0; 0.0; -0.19973; 0.0; 0.0; 0.0; 0.0; 0.0; 0.0; 0.0; 0.0; 0.0; 0.0; 0.0; 0.0; 0.0; 0.0; 1.84; 0.88; 3.56; 5.49; 25.0; -25.0; 0.0; 0; 0; 0.0; 0.0; 1; 5.82227041837; 2.80550266783; 2.27808127604; 0; 0; 0; 0; 0.0; 0.0; 0.0; -1.0; 0.0; 0.0; 0.0; 0.0; 0.0; 1.0;0; 0;0; 0; 
42.5554351807; 108470; 0.0; 0.0; -0.19971; 0.0; 0.0; 0.0; 0.0; 0.0; 0.0; 0.0; 0.0; 0.0; 0.0; 0.0; 0.0; 0.0; 0.0; 1.84; 0.88; 3.56; 5.49; 25.0; -25.0; 0.0; 0; 0; 0.0; 0.0; 1; 5.82227041837; 2.80550266783; 2.27808127604; 0; 0; 0; 0; 0.0; 0.0; 0.0; -1.0; 0.0; 0.0; 0.0; 0.0; 0.0; 1.0;0; 0;0; 0; 
42.566598177; 108480; 0.0; 0.0; -0.19998; 0.0; 0.0; 0.0; 0.0; 0.0; 0.0; 0.0; 0.0; 0.0; 0.0; 0.0; 0.0; 0.0; 0.0; 1.84; 0.88; 3.56; 5.49; 25.0; -25.0; 0.0; 0; 0; 0.0; 0.0; 1; 5.82227041837; 2.80550266783; 2.27808127604; 0; 0; 0; 0; 0.0; 0.0; 0.0; -1.0; 0.0; 0.0; 0.0; 0.0; 0.0; 1.0;0; 0;0; 0; 
42.5775330067; 108480; 0.0; 0.0; -0.20043; 0.0; 0.0; 0.0; 0.0; 0.0; 0.0; 0.0; 0.0; 0.0; 0.0; 0.0; 0.0; 0.0; 0.0; 1.84; 0.88; 3.56; 5.49; 25.0; -25.0; 0.0; 0; 0; 0.0; 0.0; 1; 5.82227041837; 2.80550266783; 2.27808127604; 0; 0; 0; 0; 0.0; 0.0; 0.0; -1.0; 0.0; 0.0; 0.0; 0.0; 0.0; 1.0;0; 0;0; 0; 
42.5887510777; 108490; 0.0; 0.0; -0.20103; 0.0; 0.0; 0.0; 0.0; 0.0; 0.0; 0.0; 0.0; 0.0; 0.0; 0.0; 0.0; 0.0; 0.0; 1.84; 0.88; 3.56; 5.49; 25.0; -25.0; 0.0; 0; 0; 0.0; 0.0; 1; 5.82227041837; 2.80550266783; 2.27808127604; 0; 0; 0; 0; 0.0; 0.0; 0.0; -1.0; 0.0; 0.0; 0.0; 0.0; 0.0; 1.0;0; 0;0; 0; 
42.5995640755; 108490; 0.0; 0.0; -0.20182; 0.0; 0.0; 0.0; 0.0; 0.0; 0.0; 0.0; 0.0; 0.0; 0.0; 0.0; 0.0; 0.0; 0.0; 1.84; 0.88; 3.56; 5.49; 25.0; -25.0; 0.0; 0; 0; 0.0; 0.0; 1; 5.82227041837; 2.80550266783; 2.27808127604; 0; 0; 0; 0; 0.0; 0.0; 0.0; -1.0; 0.0; 0.0; 0.0; 0.0; 0.0; 1.0;0; 0;0; 0; 
42.6115231514; 108500; 0.0; 0.0; -0.20279; 0.0; 0.0; 0.0; 0.0; 0.0; 0.0; 0.0; 0.0; 0.0; 0.0; 0.0; 0.0; 0.0; 0.0; 1.84; 0.88; 3.56; 5.49; 25.0; -25.0; 0.0; 0; 0; 0.0; 0.0; 1; 5.82227041837; 2.80550266783; 2.27808127604; 0; 0; 0; 0; 0.0; 0.0; 0.0; -1.0; 0.0; 0.0; 0.0; 0.0; 0.0; 1.0;0; 0;0; 0; 
42.6224451065; 108500; 0.0; 0.0; -0.20386; 0.0; 0.0; 0.0; 0.0; 0.0; 0.0; 0.0; 0.0; 0.0; 0.0; 0.0; 0.0; 0.0; 0.0; 1.84; 0.88; 3.56; 5.49; 25.0; -25.0; 0.0; 0; 0; 0.0; 0.0; 1; 5.82227041837; 2.80550266783; 2.27808127604; 0; 0; 0; 0; 0.0; 0.0; 0.0; -1.0; 0.0; 0.0; 0.0; 0.0; 0.0; 1.0;0; 0;0; 0; 
42.6333770752; 108510; 0.0; 0.0; -0.205; 0.0; 0.0; 0.0; 0.0; 0.0; 0.0; 0.0; 0.0; 0.0; 0.0; 0.0; 0.0; 0.0; 0.0; 1.84; 0.88; 3.56; 5.49; 25.0; -25.0; 0.0; 0; 0; 0.0; 0.0; 1; 5.82227041837; 2.80550266783; 2.27808127604; 0; 0; 0; 0; 0.0; 0.0; 0.0; -1.0; 0.0; 0.0; 0.0; 0.0; 0.0; 1.0;0; 0;0; 0; 
42.6452741623; 108510; 0.0; 0.0; -0.20623; 0.0; 0.0; 0.0; 0.0; 0.0; 0.0; 0.0; 0.0; 0.0; 0.0; 0.0; 0.0; 0.0; 0.0; 1.84; 0.88; 3.56; 5.49; 25.0; -25.0; 0.0; 0; 0; 0.0; 0.0; 1; 5.79106484376; 2.84125917724; 2.30118276851; 0; 0; 0; 0; 0.0; 0.0; 0.0; -1.0; 0.0; 0.0; 0.0; 0.0; 0.0; 1.0;0; 0;0; 0; 
42.6560270786; 108520; 0.0; 0.0; -0.20751; 0.0; 0.0; 0.0; 0.0; 0.0; 0.0; 0.0; 0.0; 0.0; 0.0; 0.0; 0.0; 0.0; 0.0; 1.84; 0.88; 3.56; 5.49; 25.0; -25.0; 0.0; 0; 0; 0.0; 0.0; 1; 5.79106484376; 2.84125917724; 2.30118276851; 0; 0; 0; 0; 0.0; 0.0; 0.0; -1.0; 0.0; 0.0; 0.0; 0.0; 0.0; 1.0;0; 0;0; 0; 
42.6680400372; 108520; 0.0; 0.0; -0.20871; 0.0; 0.0; 0.0; 0.0; 0.0; 0.0; 0.0; 0.0; 0.0; 0.0; 0.0; 0.0; 0.0; 0.0; 1.84; 0.88; 3.56; 5.49; 25.0; -25.0; 0.0; 0; 0; 0.0; 0.0; 1; 5.79106484376; 2.84125917724; 2.30118276851; 0; 0; 0; 0; 0.0; 0.0; 0.0; -1.0; 0.0; 0.0; 0.0; 0.0; 0.0; 1.0;0; 0;0; 0; 
42.6794521809; 108530; 0.0; 0.0; -0.20979; 0.0; 0.0; 0.0; 0.0; 0.0; 0.0; 0.0; 0.0; 0.0; 0.0; 0.0; 0.0; 0.0; 0.0; 1.84; 0.88; 3.56; 5.49; 25.0; -25.0; 0.0; 0; 0; 0.0; 0.0; 1; 5.79106484376; 2.84125917724; 2.30118276851; 0; 0; 0; 0; 0.0; 0.0; 0.0; -1.0; 0.0; 0.0; 0.0; 0.0; 0.0; 1.0;0; 0;0; 0; 
42.6906270981; 108530; 0.0; 0.0; -0.21081; 0.0; 0.0; 0.0; 0.0; 0.0; 0.0; 0.0; 0.0; 0.0; 0.0; 0.0; 0.0; 0.0; 0.0; 1.84; 0.88; 3.56; 5.49; 25.0; -25.0; 0.0; 0; 0; 0.0; 0.0; 1; 5.79106484376; 2.84125917724; 2.30118276851; 0; 0; 0; 0; 0.0; 0.0; 0.0; -1.0; 0.0; 0.0; 0.0; 0.0; 0.0; 1.0;0; 0;0; 0; 
42.7020001411; 108540; 0.0; 0.0; -0.21178; 0.0; 0.0; 0.0; 0.0; 0.0; 0.0; 0.0; 0.0; 0.0; 0.0; 0.0; 0.0; 0.0; 0.0; 1.84; 0.88; 3.56; 5.49; 25.0; -25.0; 0.0; 0; 0; 0.0; 0.0; 1; 5.79106484376; 2.84125917724; 2.30118276851; 0; 0; 0; 0; 0.0; 0.0; 0.0; -1.0; 0.0; 0.0; 0.0; 0.0; 0.0; 1.0;0; 0;0; 0; 
42.7135469913; 108540; 0.0; 0.0; -0.2126; 0.0; 0.0; 0.0; 0.0; 0.0; 0.0; 0.0; 0.0; 0.0; 0.0; 0.0; 0.0; 0.0; 0.0; 1.84; 0.88; 3.56; 5.49; 25.0; -25.0; 0.0; 0; 0; 0.0; 0.0; 1; 5.79106484376; 2.84125917724; 2.30118276851; 0; 0; 0; 0; 0.0; 0.0; 0.0; -1.0; 0.0; 0.0; 0.0; 0.0; 0.0; 1.0;0; 0;0; 0; 
42.7246501446; 108550; 0.0; 0.0; -0.21329; 0.0; 0.0; 0.0; 0.0; 0.0; 0.0; 0.0; 0.0; 0.0; 0.0; 0.0; 0.0; 0.0; 0.0; 1.84; 0.88; 3.56; 5.49; 25.0; -25.0; 0.0; 0; 0; 0.0; 0.0; 1; 5.79106484376; 2.84125917724; 2.30118276851; 0; 0; 0; 0; 0.0; 0.0; 0.0; -1.0; 0.0; 0.0; 0.0; 0.0; 0.0; 1.0;0; 0;0; 0; 
42.7355391979; 108550; 0.0; 0.0; -0.21397; 0.0; 0.0; 0.0; 0.0; 0.0; 0.0; 0.0; 0.0; 0.0; 0.0; 0.0; 0.0; 0.0; 0.0; 1.84; 0.88; 3.56; 5.49; 25.0; -25.0; 0.0; 0; 0; 0.0; 0.0; 1; 5.79106484376; 2.84125917724; 2.30118276851; 0; 0; 0; 0; 0.0; 0.0; 0.0; -1.0; 0.0; 0.0; 0.0; 0.0; 0.0; 1.0;0; 0;0; 0; 
42.7464911938; 108560; 0.0; 0.0; -0.21457; 0.0; 0.0; 0.0; 0.0; 0.0; 0.0; 0.0; 0.0; 0.0; 0.0; 0.0; 0.0; 0.0; 0.0; 1.86; 0.0; 3.42; 5.56; 25.0; -25.0; 0.0; 0; 0; 0.0; 0.0; 1; 5.79106484376; 2.84125917724; 2.30118276851; 0; 0; 0; 0; 0.0; 0.0; 0.0; -1.0; 0.0; 0.0; 0.0; 0.0; 0.0; 1.0;0; 0;0; 0; 
42.7583441734; 108560; 0.0; 0.0; -0.21507; 0.0; 0.0; 0.0; 0.0; 0.0; 0.0; 0.0; 0.0; 0.0; 0.0; 0.0; 0.0; 0.0; 0.0; 1.86; 0.0; 3.42; 5.56; 25.0; -25.0; 0.0; 0; 0; 0.0; 0.0; 1; 5.79106484376; 2.84125917724; 2.30118276851; 0; 0; 0; 0; 0.0; 0.0; 0.0; -1.0; 0.0; 0.0; 0.0; 0.0; 0.0; 1.0;0; 0;0; 0; 
42.7695851326; 108570; 0.0; 0.0; -0.21548; 0.0; 0.0; 0.0; 0.0; 0.0; 0.0; 0.0; 0.0; 0.0; 0.0; 0.0; 0.0; 0.0; 0.0; 1.86; 0.0; 3.42; 5.56; 25.0; -25.0; 0.0; 0; 0; 0.0; 0.0; 1; 5.79106484376; 2.84125917724; 2.30118276851; 0; 0; 0; 0; 0.0; 0.0; 0.0; -1.0; 0.0; 0.0; 0.0; 0.0; 0.0; 1.0;0; 0;0; 0; 
42.7803339958; 108570; 0.0; 0.0; -0.21583; 0.0; 0.0; 0.0; 0.0; 0.0; 0.0; 0.0; 0.0; 0.0; 0.0; 0.0; 0.0; 0.0; 0.0; 1.86; 0.0; 3.42; 5.56; 25.0; -25.0; 0.0; 0; 0; 0.0; 0.0; 1; 5.79106484376; 2.84125917724; 2.30118276851; 0; 0; 0; 0; 0.0; 0.0; 0.0; -1.0; 0.0; 0.0; 0.0; 0.0; 0.0; 1.0;0; 0;0; 0; 
42.7915771008; 108580; 0.0; 0.0; -0.21623; 0.0; 0.0; 0.0; 0.0; 0.0; 0.0; 0.0; 0.0; 0.0; 0.0; 0.0; 0.0; 0.0; 0.0; 1.86; 0.0; 3.42; 5.56; 25.0; -25.0; 0.0; 0; 0; 0.0; 0.0; 1; 5.79106484376; 2.84125917724; 2.30118276851; 0; 0; 0; 0; 0.0; 0.0; 0.0; -1.0; 0.0; 0.0; 0.0; 0.0; 0.0; 1.0;0; 0;0; 0; 
42.802489996; 108580; 0.0; 0.0; -0.21663; 0.0; 0.0; 0.0; 0.0; 0.0; 0.0; 0.0; 0.0; 0.0; 0.0; 0.0; 0.0; 0.0; 0.0; 1.86; 0.0; 3.42; 5.56; 25.0; -25.0; 0.0; 0; 0; 0.0; 0.0; 1; 5.79106484376; 2.84125917724; 2.30118276851; 0; 0; 0; 0; 0.0; 0.0; 0.0; -1.0; 0.0; 0.0; 0.0; 0.0; 0.0; 1.0;0; 0;0; 0; 
42.8147721291; 108590; 0.0; 0.0; -0.21709; 0.0; 0.0; 0.0; 0.0; 0.0; 0.0; 0.0; 0.0; 0.0; 0.0; 0.0; 0.0; 0.0; 0.0; 1.86; 0.0; 3.42; 5.56; 25.0; -25.0; 0.0; 0; 0; 0.0; 0.0; 1; 5.79106484376; 2.84125917724; 2.30118276851; 0; 0; 0; 0; 0.0; 0.0; 0.0; -1.0; 0.0; 0.0; 0.0; 0.0; 0.0; 1.0;0; 0;0; 0; 
42.826292038; 108590; 0.0; 0.0; -0.21768; 0.0; 0.0; 0.0; 0.0; 0.0; 0.0; 0.0; 0.0; 0.0; 0.0; 0.0; 0.0; 0.0; 0.0; 1.86; 0.0; 3.42; 5.56; 25.0; -25.0; 0.0; 0; 0; 0.0; 0.0; 1; 5.79106484376; 2.84125917724; 2.30118276851; 0; 0; 0; 0; 0.0; 0.0; 0.0; -1.0; 0.0; 0.0; 0.0; 0.0; 0.0; 1.0;0; 0;0; 0; 
42.8378679752; 108600; 0.0; 0.0; -0.21842; 0.0; 0.0; 0.0; 0.0; 0.0; 0.0; 0.0; 0.0; 0.0; 0.0; 0.0; 0.0; 0.0; 0.0; 1.86; 0.0; 3.42; 5.56; 25.0; -25.0; 0.0; 0; 0; 0.0; 0.0; 1; 5.79106484376; 2.84125917724; 2.30118276851; 0; 0; 0; 0; 0.0; 0.0; 0.0; -1.0; 0.0; 0.0; 0.0; 0.0; 0.0; 1.0;0; 0;0; 0; 
42.8494889736; 108600; 0.0; 0.0; -0.21938; 0.0; 0.0; 0.0; 0.0; 0.0; 0.0; 0.0; 0.0; 0.0; 0.0; 0.0; 0.0; 0.0; 0.0; 1.86; 0.0; 3.42; 5.56; 25.0; -25.0; 0.0; 0; 0; 0.0; 0.0; 1; 5.79106484376; 2.84125917724; 2.30118276851; 0; 0; 0; 0; 0.0; 0.0; 0.0; -1.0; 0.0; 0.0; 0.0; 0.0; 0.0; 1.0;0; 0;0; 0; 
42.8606460094; 108610; 0.0; 0.0; -0.22055; 0.0; 0.0; 0.0; 0.0; 0.0; 0.0; 0.0; 0.0; 0.0; 0.0; 0.0; 0.0; 0.0; 0.0; 1.86; 0.0; 3.42; 5.56; 25.0; -25.0; 0.0; 0; 0; 0.0; 0.0; 1; 5.79106484376; 2.84125917724; 2.30118276851; 0; 0; 0; 0; 0.0; 0.0; 0.0; -1.0; 0.0; 0.0; 0.0; 0.0; 0.0; 1.0;0; 0;0; 0; 
42.8723611832; 108610; 0.0; 0.0; -0.22194; 0.0; 0.0; 0.0; 0.0; 0.0; 0.0; 0.0; 0.0; 0.0; 0.0; 0.0; 0.0; 0.0; 0.0; 1.86; 0.0; 3.42; 5.56; 25.0; -25.0; 0.0; 0; 0; 0.0; 0.0; 1; 5.76232468355; 2.8726860147; 2.32487134208; 0; 0; 0; 0; 0.0; 0.0; 0.0; -1.0; 0.0; 0.0; 0.0; 0.0; 0.0; 1.0;0; 0;0; 0; 
42.88529706; 108620; 0.0; 0.0; -0.22362; 0.0; 0.0; 0.0; 0.0; 0.0; 0.0; 0.0; 0.0; 0.0; 0.0; 0.0; 0.0; 0.0; 0.0; 1.86; 0.0; 3.42; 5.56; 25.0; -25.0; 0.0; 0; 0; 0.0; 0.0; 1; 5.76232468355; 2.8726860147; 2.32487134208; 0; 0; 0; 0; 0.0; 0.0; 0.0; -1.0; 0.0; 0.0; 0.0; 0.0; 0.0; 1.0;0; 0;0; 0; 
42.8966829777; 108620; 0.0; 0.0; -0.22551; 0.0; 0.0; 0.0; 0.0; 0.0; 0.0; 0.0; 0.0; 0.0; 0.0; 0.0; 0.0; 0.0; 0.0; 1.86; 0.0; 3.42; 5.56; 25.0; -25.0; 0.0; 0; 0; 0.0; 0.0; 1; 5.76232468355; 2.8726860147; 2.32487134208; 0; 0; 0; 0; 0.0; 0.0; 0.0; -1.0; 0.0; 0.0; 0.0; 0.0; 0.0; 1.0;0; 0;0; 0; 
42.9075100422; 108630; 0.0; 0.0; -0.22751; 0.0; 0.0; 0.0; 0.0; 0.0; 0.0; 0.0; 0.0; 0.0; 0.0; 0.0; 0.0; 0.0; 0.0; 1.86; 0.0; 3.42; 5.56; 25.0; -25.0; 0.0; 0; 0; 0.0; 0.0; 1; 5.76232468355; 2.8726860147; 2.32487134208; 0; 0; 0; 0; 0.0; 0.0; 0.0; -1.0; 0.0; 0.0; 0.0; 0.0; 0.0; 1.0;0; 0;0; 0; 
42.9197170734; 108630; 0.0; 0.0; -0.22949; 0.0; 0.0; 0.0; 0.0; 0.0; 0.0; 0.0; 0.0; 0.0; 0.0; 0.0; 0.0; 0.0; 0.0; 1.86; 0.0; 3.42; 5.56; 25.0; -25.0; 0.0; 0; 0; 0.0; 0.0; 1; 5.76232468355; 2.8726860147; 2.32487134208; 0; 0; 0; 0; 0.0; 0.0; 0.0; -1.0; 0.0; 0.0; 0.0; 0.0; 0.0; 1.0;0; 0;0; 0; 
42.9309539795; 108640; 0.0; 0.0; -0.2314; 0.0; 0.0; 0.0; 0.0; 0.0; 0.0; 0.0; 0.0; 0.0; 0.0; 0.0; 0.0; 0.0; 0.0; 1.86; 0.0; 3.42; 5.56; 25.0; -25.0; 0.0; 0; 0; 0.0; 0.0; 1; 5.76232468355; 2.8726860147; 2.32487134208; 0; 0; 0; 0; 0.0; 0.0; 0.0; -1.0; 0.0; 0.0; 0.0; 0.0; 0.0; 1.0;0; 0;0; 0; 
42.9420540333; 108640; 0.0; 0.0; -0.23316; 0.0; 0.0; 0.0; 0.0; 0.0; 0.0; 0.0; 0.0; 0.0; 0.0; 0.0; 0.0; 0.0; 0.0; 1.86; 0.0; 3.42; 5.56; 25.0; -25.0; 0.0; 0; 0; 0.0; 0.0; 1; 5.76232468355; 2.8726860147; 2.32487134208; 0; 0; 0; 0; 0.0; 0.0; 0.0; -1.0; 0.0; 0.0; 0.0; 0.0; 0.0; 1.0;0; 0;0; 0; 
42.9531290531; 108650; 0.0; 0.0; -0.23469; 0.0; 0.0; 0.0; 0.0; 0.0; 0.0; 0.0; 0.0; 0.0; 0.0; 0.0; 0.0; 0.0; 0.0; 1.86; 0.0; 3.42; 5.56; 25.0; -25.0; 0.0; 0; 0; 0.0; 0.0; 1; 5.76232468355; 2.8726860147; 2.32487134208; 0; 0; 0; 0; 0.0; 0.0; 0.0; -1.0; 0.0; 0.0; 0.0; 0.0; 0.0; 1.0;0; 0;0; 0; 
42.9636101723; 108650; 0.0; 0.0; -0.23591; 0.0; 0.0; 0.0; 0.0; 0.0; 0.0; 0.0; 0.0; 0.0; 0.0; 0.0; 0.0; 0.0; 0.0; 1.86; 0.0; 3.42; 5.56; 25.0; -25.0; 0.0; 0; 0; 0.0; 0.0; 1; 5.76232468355; 2.8726860147; 2.32487134208; 0; 0; 0; 0; 0.0; 0.0; 0.0; -1.0; 0.0; 0.0; 0.0; 0.0; 0.0; 1.0;0; 0;0; 0; 
42.9749901295; 108660; 0.0; 0.0; -0.23681; 0.0; 0.0; 0.0; 0.0; 0.0; 0.0; 0.0; 0.0; 0.0; 0.0; 0.0; 0.0; 0.0; 0.0; 1.94; 0.86; 3.66; 3.11; 25.0; -25.0; 0.0; 0; 0; 0.0; 0.0; 1; 5.76232468355; 2.8726860147; 2.32487134208; 0; 0; 0; 0; 0.0; 0.0; 0.0; -1.0; 0.0; 0.0; 0.0; 0.0; 0.0; 1.0;0; 0;0; 0; 
42.9863471985; 108660; 0.0; 0.0; -0.23746; 0.0; 0.0; 0.0; 0.0; 0.0; 0.0; 0.0; 0.0; 0.0; 0.0; 0.0; 0.0; 0.0; 0.0; 1.94; 0.86; 3.66; 3.11; 25.0; -25.0; 0.0; 0; 0; 0.0; 0.0; 1; 5.76232468355; 2.8726860147; 2.32487134208; 0; 0; 0; 0; 0.0; 0.0; 0.0; -1.0; 0.0; 0.0; 0.0; 0.0; 0.0; 1.0;0; 0;0; 0; 
42.9977619648; 108670; 0.0; 0.0; -0.23783; 0.0; 0.0; 0.0; 0.0; 0.0; 0.0; 0.0; 0.0; 0.0; 0.0; 0.0; 0.0; 0.0; 0.0; 1.94; 0.86; 3.66; 3.11; 25.0; -25.0; 0.0; 0; 0; 0.0; 0.0; 1; 5.76232468355; 2.8726860147; 2.32487134208; 0; 0; 0; 0; 0.0; 0.0; 0.0; -1.0; 0.0; 0.0; 0.0; 0.0; 0.0; 1.0;0; 0;0; 0; 
43.0103430748; 108670; 0.0; 0.0; -0.23791; 0.0; 0.0; 0.0; 0.0; 0.0; 0.0; 0.0; 0.0; 0.0; 0.0; 0.0; 0.0; 0.0; 0.0; 1.94; 0.86; 3.66; 3.11; 25.0; -25.0; 0.0; 0; 0; 0.0; 0.0; 1; 5.76232468355; 2.8726860147; 2.32487134208; 0; 0; 0; 0; 0.0; 0.0; 0.0; -1.0; 0.0; 0.0; 0.0; 0.0; 0.0; 1.0;0; 0;0; 0; 
43.0225851536; 108680; 0.0; 0.0; -0.23771; 0.0; 0.0; 0.0; 0.0; 0.0; 0.0; 0.0; 0.0; 0.0; 0.0; 0.0; 0.0; 0.0; 0.0; 1.94; 0.86; 3.66; 3.11; 25.0; -25.0; 0.0; 0; 0; 0.0; 0.0; 1; 5.76232468355; 2.8726860147; 2.32487134208; 0; 0; 0; 0; 0.0; 0.0; 0.0; -1.0; 0.0; 0.0; 0.0; 0.0; 0.0; 1.0;0; 0;0; 0; 
43.0343241692; 108680; 0.0; 0.0; -0.2373; 0.0; 0.0; 0.0; 0.0; 0.0; 0.0; 0.0; 0.0; 0.0; 0.0; 0.0; 0.0; 0.0; 0.0; 1.94; 0.86; 3.66; 3.11; 25.0; -25.0; 0.0; 0; 0; 0.0; 0.0; 1; 5.76232468355; 2.8726860147; 2.32487134208; 0; 0; 0; 0; 0.0; 0.0; 0.0; -1.0; 0.0; 0.0; 0.0; 0.0; 0.0; 1.0;0; 0;0; 0; 
43.0456380844; 108690; 0.0; 0.0; -0.23684; 0.0; 0.0; 0.0; 0.0; 0.0; 0.0; 0.0; 0.0; 0.0; 0.0; 0.0; 0.0; 0.0; 0.0; 1.94; 0.86; 3.66; 3.11; 25.0; -25.0; 0.0; 0; 0; 0.0; 0.0; 1; 5.76232468355; 2.8726860147; 2.32487134208; 0; 0; 0; 0; 0.0; 0.0; 0.0; -1.0; 0.0; 0.0; 0.0; 0.0; 0.0; 1.0;0; 0;0; 0; 
43.0569870472; 108690; 0.0; 0.0; -0.23634; 0.0; 0.0; 0.0; 0.0; 0.0; 0.0; 0.0; 0.0; 0.0; 0.0; 0.0; 0.0; 0.0; 0.0; 1.94; 0.86; 3.66; 3.11; 25.0; -25.0; 0.0; 0; 0; 0.0; 0.0; 1; 5.76232468355; 2.8726860147; 2.32487134208; 0; 0; 0; 0; 0.0; 0.0; 0.0; -1.0; 0.0; 0.0; 0.0; 0.0; 0.0; 1.0;0; 0;0; 0; 
43.069494009; 108700; 0.0; 0.0; -0.23585; 0.0; 0.0; 0.0; 0.0; 0.0; 0.0; 0.0; 0.0; 0.0; 0.0; 0.0; 0.0; 0.0; 0.0; 1.94; 0.86; 3.66; 3.11; 25.0; -25.0; 0.0; 0; 0; 0.0; 0.0; 1; 5.76232468355; 2.8726860147; 2.32487134208; 0; 0; 0; 0; 0.0; 0.0; 0.0; -1.0; 0.0; 0.0; 0.0; 0.0; 0.0; 1.0;0; 0;0; 0; 
43.0803940296; 108700; 0.0; 0.0; -0.23549; 0.0; 0.0; 0.0; 0.0; 0.0; 0.0; 0.0; 0.0; 0.0; 0.0; 0.0; 0.0; 0.0; 0.0; 1.94; 0.86; 3.66; 3.11; 25.0; -25.0; 0.0; 0; 0; 0.0; 0.0; 1; 5.76232468355; 2.8726860147; 2.32487134208; 0; 0; 0; 0; 0.0; 0.0; 0.0; -1.0; 0.0; 0.0; 0.0; 0.0; 0.0; 1.0;0; 0;0; 0; 
43.092056036; 108710; 0.0; 0.0; -0.23526; 0.0; 0.0; 0.0; 0.0; 0.0; 0.0; 0.0; 0.0; 0.0; 0.0; 0.0; 0.0; 0.0; 0.0; 1.94; 0.86; 3.66; 3.11; 25.0; -25.0; 0.0; 0; 0; 0.0; 0.0; 1; 5.76232468355; 2.8726860147; 2.32487134208; 0; 0; 0; 0; 0.0; 0.0; 0.0; -1.0; 0.0; 0.0; 0.0; 0.0; 0.0; 1.0;0; 0;0; 0; 
43.1027619839; 108710; 0.0; 0.0; -0.23519; 0.0; 0.0; 0.0; 0.0; 0.0; 0.0; 0.0; 0.0; 0.0; 0.0; 0.0; 0.0; 0.0; 0.0; 1.94; 0.86; 3.66; 3.11; 25.0; -25.0; 0.0; 0; 0; 0.0; 0.0; 1; 5.73573741098; 2.90037872011; 2.34989986962; 0; 0; 0; 0; 0.0; 0.0; 0.0; -1.0; 0.0; 0.0; 0.0; 0.0; 0.0; 1.0;0; 0;0; 0; 
43.1142520905; 108720; 0.0; 0.0; -0.23524; 0.0; 0.0; 0.0; 0.0; 0.0; 0.0; 0.0; 0.0; 0.0; 0.0; 0.0; 0.0; 0.0; 0.0; 1.94; 0.86; 3.66; 3.11; 25.0; -25.0; 0.0; 0; 0; 0.0; 0.0; 1; 5.73573741098; 2.90037872011; 2.34989986962; 0; 0; 0; 0; 0.0; 0.0; 0.0; -1.0; 0.0; 0.0; 0.0; 0.0; 0.0; 1.0;0; 0;0; 0; 
43.1257321835; 108720; 0.0; 0.0; -0.23536; 0.0; 0.0; 0.0; 0.0; 0.0; 0.0; 0.0; 0.0; 0.0; 0.0; 0.0; 0.0; 0.0; 0.0; 1.94; 0.86; 3.66; 3.11; 25.0; -25.0; 0.0; 0; 0; 0.0; 0.0; 1; 5.73573741098; 2.90037872011; 2.34989986962; 0; 0; 0; 0; 0.0; 0.0; 0.0; -1.0; 0.0; 0.0; 0.0; 0.0; 0.0; 1.0;0; 0;0; 0; 
43.1364080906; 108730; 0.0; 0.0; -0.23559; 0.0; 0.0; 0.0; 0.0; 0.0; 0.0; 0.0; 0.0; 0.0; 0.0; 0.0; 0.0; 0.0; 0.0; 1.94; 0.86; 3.66; 3.11; 25.0; -25.0; 0.0; 0; 0; 0.0; 0.0; 1; 5.73573741098; 2.90037872011; 2.34989986962; 0; 0; 0; 0; 0.0; 0.0; 0.0; -1.0; 0.0; 0.0; 0.0; 0.0; 0.0; 1.0;0; 0;0; 0; 
43.1476500034; 108730; 0.0; 0.0; -0.23589; 0.0; 0.0; 0.0; 0.0; 0.0; 0.0; 0.0; 0.0; 0.0; 0.0; 0.0; 0.0; 0.0; 0.0; 1.94; 0.86; 3.66; 3.11; 25.0; -25.0; 0.0; 0; 0; 0.0; 0.0; 1; 5.73573741098; 2.90037872011; 2.34989986962; 0; 0; 0; 0; 0.0; 0.0; 0.0; -1.0; 0.0; 0.0; 0.0; 0.0; 0.0; 1.0;0; 0;0; 0; 
43.1592340469; 108740; 0.0; 0.0; -0.23625; 0.0; 0.0; 0.0; 0.0; 0.0; 0.0; 0.0; 0.0; 0.0; 0.0; 0.0; 0.0; 0.0; 0.0; 1.94; 0.86; 3.66; 3.11; 25.0; -25.0; 0.0; 0; 0; 0.0; 0.0; 1; 5.73573741098; 2.90037872011; 2.34989986962; 0; 0; 0; 0; 0.0; 0.0; 0.0; -1.0; 0.0; 0.0; 0.0; 0.0; 0.0; 1.0;0; 0;0; 0; 
43.1702711582; 108740; 0.0; 0.0; -0.23672; 0.0; 0.0; 0.0; 0.0; 0.0; 0.0; 0.0; 0.0; 0.0; 0.0; 0.0; 0.0; 0.0; 0.0; 1.94; 0.86; 3.66; 3.11; 25.0; -25.0; 0.0; 0; 0; 0.0; 0.0; 1; 5.73573741098; 2.90037872011; 2.34989986962; 0; 0; 0; 0; 0.0; 0.0; 0.0; -1.0; 0.0; 0.0; 0.0; 0.0; 0.0; 1.0;0; 0;0; 0; 
43.181563139; 108750; 0.0; 0.0; -0.23725; 0.0; 0.0; 0.0; 0.0; 0.0; 0.0; 0.0; 0.0; 0.0; 0.0; 0.0; 0.0; 0.0; 0.0; 1.94; 0.86; 3.66; 3.11; 25.0; -25.0; 0.0; 0; 0; 0.0; 0.0; 1; 5.73573741098; 2.90037872011; 2.34989986962; 0; 0; 0; 0; 0.0; 0.0; 0.0; -1.0; 0.0; 0.0; 0.0; 0.0; 0.0; 1.0;0; 0;0; 0; 
43.192538023; 108750; 0.0; 0.0; -0.23787; 0.0; 0.0; 0.0; 0.0; 0.0; 0.0; 0.0; 0.0; 0.0; 0.0; 0.0; 0.0; 0.0; 0.0; 1.94; 0.86; 3.66; 3.11; 25.0; -25.0; 0.0; 0; 0; 0.0; 0.0; 1; 5.73573741098; 2.90037872011; 2.34989986962; 0; 0; 0; 0; 0.0; 0.0; 0.0; -1.0; 0.0; 0.0; 0.0; 0.0; 0.0; 1.0;0; 0;0; 0; 
43.2030420303; 108760; 0.0; 0.0; -0.23846; 0.0; 0.0; 0.0; 0.0; 0.0; 0.0; 0.0; 0.0; 0.0; 0.0; 0.0; 0.0; 0.0; 0.0; 1.94; 0.86; 3.66; 3.11; 25.0; -25.0; 0.0; 0; 0; 0.0; 0.0; 1; 5.73573741098; 2.90037872011; 2.34989986962; 0; 0; 0; 0; 0.0; 0.0; 0.0; -1.0; 0.0; 0.0; 0.0; 0.0; 0.0; 1.0;0; 0;0; 0; 
43.2136120796; 108760; 0.0; 0.0; -0.23897; 0.0; 0.0; 0.0; 0.0; 0.0; 0.0; 0.0; 0.0; 0.0; 0.0; 0.0; 0.0; 0.0; 0.0; 1.97; 0.86; 3.82; 6.28; 25.0; -25.0; 0.0; 0; 0; 0.0; 0.0; 1; 5.73573741098; 2.90037872011; 2.34989986962; 0; 0; 0; 0; 0.0; 0.0; 0.0; -1.0; 0.0; 0.0; 0.0; 0.0; 0.0; 1.0;0; 0;0; 0; 
43.2241489887; 108770; 0.0; 0.0; -0.23933; 0.0; 0.0; 0.0; 0.0; 0.0; 0.0; 0.0; 0.0; 0.0; 0.0; 0.0; 0.0; 0.0; 0.0; 1.97; 0.86; 3.82; 6.28; 25.0; -25.0; 0.0; 0; 0; 0.0; 0.0; 1; 5.73573741098; 2.90037872011; 2.34989986962; 0; 0; 0; 0; 0.0; 0.0; 0.0; -1.0; 0.0; 0.0; 0.0; 0.0; 0.0; 1.0;0; 0;0; 0; 
43.2358059883; 108770; 0.0; 0.0; -0.23948; 0.0; 0.0; 0.0; 0.0; 0.0; 0.0; 0.0; 0.0; 0.0; 0.0; 0.0; 0.0; 0.0; 0.0; 1.97; 0.86; 3.82; 6.28; 25.0; -25.0; 0.0; 0; 0; 0.0; 0.0; 1; 5.73573741098; 2.90037872011; 2.34989986962; 0; 0; 0; 0; 0.0; 0.0; 0.0; -1.0; 0.0; 0.0; 0.0; 0.0; 0.0; 1.0;0; 0;0; 0; 
43.2468140125; 108780; 0.0; 0.0; -0.23948; 0.0; 0.0; 0.0; 0.0; 0.0; 0.0; 0.0; 0.0; 0.0; 0.0; 0.0; 0.0; 0.0; 0.0; 1.97; 0.86; 3.82; 6.28; 25.0; -25.0; 0.0; 0; 0; 0.0; 0.0; 1; 5.73573741098; 2.90037872011; 2.34989986962; 0; 0; 0; 0; 0.0; 0.0; 0.0; -1.0; 0.0; 0.0; 0.0; 0.0; 0.0; 1.0;0; 0;0; 0; 
43.2579460144; 108780; 0.0; 0.0; -0.23935; 0.0; 0.0; 0.0; 0.0; 0.0; 0.0; 0.0; 0.0; 0.0; 0.0; 0.0; 0.0; 0.0; 0.0; 1.97; 0.86; 3.82; 6.28; 25.0; -25.0; 0.0; 0; 0; 0.0; 0.0; 1; 5.73573741098; 2.90037872011; 2.34989986962; 0; 0; 0; 0; 0.0; 0.0; 0.0; -1.0; 0.0; 0.0; 0.0; 0.0; 0.0; 1.0;0; 0;0; 0; 
43.268764019; 108790; 0.0; 0.0; -0.23909; 0.0; 0.0; 0.0; 0.0; 0.0; 0.0; 0.0; 0.0; 0.0; 0.0; 0.0; 0.0; 0.0; 0.0; 1.97; 0.86; 3.82; 6.28; 25.0; -25.0; 0.0; 0; 0; 0.0; 0.0; 1; 5.73573741098; 2.90037872011; 2.34989986962; 0; 0; 0; 0; 0.0; 0.0; 0.0; -1.0; 0.0; 0.0; 0.0; 0.0; 0.0; 1.0;0; 0;0; 0; 
43.2793591022; 108790; 0.0; 0.0; -0.23884; 0.0; 0.0; 0.0; 0.0; 0.0; 0.0; 0.0; 0.0; 0.0; 0.0; 0.0; 0.0; 0.0; 0.0; 1.97; 0.86; 3.82; 6.28; 25.0; -25.0; 0.0; 0; 0; 0.0; 0.0; 1; 5.73573741098; 2.90037872011; 2.34989986962; 0; 0; 0; 0; 0.0; 0.0; 0.0; -1.0; 0.0; 0.0; 0.0; 0.0; 0.0; 1.0;0; 0;0; 0; 
43.2907450199; 108800; 0.0; 0.0; -0.23859; 0.0; 0.0; 0.0; 0.0; 0.0; 0.0; 0.0; 0.0; 0.0; 0.0; 0.0; 0.0; 0.0; 0.0; 1.97; 0.86; 3.82; 6.28; 25.0; -25.0; 0.0; 0; 0; 0.0; 0.0; 1; 5.73573741098; 2.90037872011; 2.34989986962; 0; 0; 0; 0; 0.0; 0.0; 0.0; -1.0; 0.0; 0.0; 0.0; 0.0; 0.0; 1.0;0; 0;0; 0; 
43.3013300896; 108800; 0.0; 0.0; -0.23844; 0.0; 0.0; 0.0; 0.0; 0.0; 0.0; 0.0; 0.0; 0.0; 0.0; 0.0; 0.0; 0.0; 0.0; 1.97; 0.86; 3.82; 6.28; 25.0; -25.0; 0.0; 0; 0; 0.0; 0.0; 1; 5.73573741098; 2.90037872011; 2.34989986962; 0; 0; 0; 0; 0.0; 0.0; 0.0; -1.0; 0.0; 0.0; 0.0; 0.0; 0.0; 1.0;0; 0;0; 0; 
43.3120791912; 108810; 0.0; 0.0; -0.23829; 0.0; 0.0; 0.0; 0.0; 0.0; 0.0; 0.0; 0.0; 0.0; 0.0; 0.0; 0.0; 0.0; 0.0; 1.97; 0.86; 3.82; 6.28; 25.0; -25.0; 0.0; 0; 0; 0.0; 0.0; 1; 5.73573741098; 2.90037872011; 2.34989986962; 0; 0; 0; 0; 0.0; 0.0; 0.0; -1.0; 0.0; 0.0; 0.0; 0.0; 0.0; 1.0;0; 0;0; 0; 
43.3232240677; 108810; 0.0; 0.0; -0.2381; 0.0; 0.0; 0.0; 0.0; 0.0; 0.0; 0.0; 0.0; 0.0; 0.0; 0.0; 0.0; 0.0; 0.0; 1.97; 0.86; 3.82; 6.28; 25.0; -25.0; 0.0; 0; 0; 0.0; 0.0; 1; 5.71054978239; 2.9253157667; 2.37504812938; 0; 0; 0; 0; 0.0; 0.0; 0.0; -1.0; 0.0; 0.0; 0.0; 0.0; 0.0; 1.0;0; 0;0; 0; 
43.3341991901; 108820; 0.0; 0.0; -0.23794; 0.0; 0.0; 0.0; 0.0; 0.0; 0.0; 0.0; 0.0; 0.0; 0.0; 0.0; 0.0; 0.0; 0.0; 1.97; 0.86; 3.82; 6.28; 25.0; -25.0; 0.0; 0; 0; 0.0; 0.0; 1; 5.71054978239; 2.9253157667; 2.37504812938; 0; 0; 0; 0; 0.0; 0.0; 0.0; -1.0; 0.0; 0.0; 0.0; 0.0; 0.0; 1.0;0; 0;0; 0; 
43.3454899788; 108820; 0.0; 0.0; -0.23777; 0.0; 0.0; 0.0; 0.0; 0.0; 0.0; 0.0; 0.0; 0.0; 0.0; 0.0; 0.0; 0.0; 0.0; 1.97; 0.86; 3.82; 6.28; 25.0; -25.0; 0.0; 0; 0; 0.0; 0.0; 1; 5.71054978239; 2.9253157667; 2.37504812938; 0; 0; 0; 0; 0.0; 0.0; 0.0; -1.0; 0.0; 0.0; 0.0; 0.0; 0.0; 1.0;0; 0;0; 0; 
43.3564300537; 108830; 0.0; 0.0; -0.23764; 0.0; 0.0; 0.0; 0.0; 0.0; 0.0; 0.0; 0.0; 0.0; 0.0; 0.0; 0.0; 0.0; 0.0; 1.97; 0.86; 3.82; 6.28; 25.0; -25.0; 0.0; 0; 0; 0.0; 0.0; 1; 5.71054978239; 2.9253157667; 2.37504812938; 0; 0; 0; 0; 0.0; 0.0; 0.0; -1.0; 0.0; 0.0; 0.0; 0.0; 0.0; 1.0;0; 0;0; 0; 
43.3667600155; 108830; 0.0; 0.0; -0.23759; 0.0; 0.0; 0.0; 0.0; 0.0; 0.0; 0.0; 0.0; 0.0; 0.0; 0.0; 0.0; 0.0; 0.0; 1.97; 0.86; 3.82; 6.28; 25.0; -25.0; 0.0; 0; 0; 0.0; 0.0; 1; 5.71054978239; 2.9253157667; 2.37504812938; 0; 0; 0; 0; 0.0; 0.0; 0.0; -1.0; 0.0; 0.0; 0.0; 0.0; 0.0; 1.0;0; 0;0; 0; 
43.3781821728; 108840; 0.0; 0.0; -0.23761; 0.0; 0.0; 0.0; 0.0; 0.0; 0.0; 0.0; 0.0; 0.0; 0.0; 0.0; 0.0; 0.0; 0.0; 1.97; 0.86; 3.82; 6.28; 25.0; -25.0; 0.0; 0; 0; 0.0; 0.0; 1; 5.71054978239; 2.9253157667; 2.37504812938; 0; 0; 0; 0; 0.0; 0.0; 0.0; -1.0; 0.0; 0.0; 0.0; 0.0; 0.0; 1.0;0; 0;0; 0; 
43.3896520138; 108840; 0.0; 0.0; -0.23775; 0.0; 0.0; 0.0; 0.0; 0.0; 0.0; 0.0; 0.0; 0.0; 0.0; 0.0; 0.0; 0.0; 0.0; 1.97; 0.86; 3.82; 6.28; 25.0; -25.0; 0.0; 0; 0; 0.0; 0.0; 1; 5.71054978239; 2.9253157667; 2.37504812938; 0; 0; 0; 0; 0.0; 0.0; 0.0; -1.0; 0.0; 0.0; 0.0; 0.0; 0.0; 1.0;0; 0;0; 0; 
43.400673151; 108850; 0.0; 0.0; -0.23792; 0.0; 0.0; 0.0; 0.0; 0.0; 0.0; 0.0; 0.0; 0.0; 0.0; 0.0; 0.0; 0.0; 0.0; 1.97; 0.86; 3.82; 6.28; 25.0; -25.0; 0.0; 0; 0; 0.0; 0.0; 1; 5.71054978239; 2.9253157667; 2.37504812938; 0; 0; 0; 0; 0.0; 0.0; 0.0; -1.0; 0.0; 0.0; 0.0; 0.0; 0.0; 1.0;0; 0;0; 0; 
43.4116899967; 108850; 0.0; 0.0; -0.23808; 0.0; 0.0; 0.0; 0.0; 0.0; 0.0; 0.0; 0.0; 0.0; 0.0; 0.0; 0.0; 0.0; 0.0; 1.97; 0.86; 3.82; 6.28; 25.0; -25.0; 0.0; 0; 0; 0.0; 0.0; 1; 5.71054978239; 2.9253157667; 2.37504812938; 0; 0; 0; 0; 0.0; 0.0; 0.0; -1.0; 0.0; 0.0; 0.0; 0.0; 0.0; 1.0;0; 0;0; 0; 
43.4237501621; 108860; 0.0; 0.0; -0.23823; 0.0; 0.0; 0.0; 0.0; 0.0; 0.0; 0.0; 0.0; 0.0; 0.0; 0.0; 0.0; 0.0; 0.0; 1.97; 0.86; 3.82; 6.28; 25.0; -25.0; 0.0; 0; 0; 0.0; 0.0; 1; 5.71054978239; 2.9253157667; 2.37504812938; 0; 0; 0; 0; 0.0; 0.0; 0.0; -1.0; 0.0; 0.0; 0.0; 0.0; 0.0; 1.0;0; 0;0; 0; 
43.4350581169; 108860; 0.0; 0.0; -0.23829; 0.0; 0.0; 0.0; 0.0; 0.0; 0.0; 0.0; 0.0; 0.0; 0.0; 0.0; 0.0; 0.0; 0.0; 1.97; 0.86; 3.82; 6.28; 25.0; -25.0; 0.0; 0; 0; 0.0; 0.0; 1; 5.71054978239; 2.9253157667; 2.37504812938; 0; 0; 0; 0; 0.0; 0.0; 0.0; -1.0; 0.0; 0.0; 0.0; 0.0; 0.0; 1.0;0; 0;0; 0; 
43.4471189976; 108870; 0.0; 0.0; -0.23823; 0.0; 0.0; 0.0; 0.0; 0.0; 0.0; 0.0; 0.0; 0.0; 0.0; 0.0; 0.0; 0.0; 0.0; 1.97; 0.86; 3.82; 6.28; 25.0; -25.0; 0.0; 0; 0; 0.0; 0.0; 1; 5.71054978239; 2.9253157667; 2.37504812938; 0; 0; 0; 0; 0.0; 0.0; 0.0; -1.0; 0.0; 0.0; 0.0; 0.0; 0.0; 1.0;0; 0;0; 0; 
43.4583361149; 108870; 0.0; 0.0; -0.23801; 0.0; 0.0; 0.0; 0.0; 0.0; 0.0; 0.0; 0.0; 0.0; 0.0; 0.0; 0.0; 0.0; 0.0; 1.97; 0.86; 3.82; 6.28; 25.0; -25.0; 0.0; 0; 0; 0.0; 0.0; 1; 5.71054978239; 2.9253157667; 2.37504812938; 0; 0; 0; 0; 0.0; 0.0; 0.0; -1.0; 0.0; 0.0; 0.0; 0.0; 0.0; 1.0;0; 0;0; 0; 
43.4702970982; 108880; 0.0; 0.0; -0.2377; 0.0; 0.0; 0.0; 0.0; 0.0; 0.0; 0.0; 0.0; 0.0; 0.0; 0.0; 0.0; 0.0; 0.0; 1.97; 0.86; 3.82; 6.28; 25.0; -25.0; 0.0; 0; 0; 0.0; 0.0; 1; 5.71054978239; 2.9253157667; 2.37504812938; 0; 0; 0; 0; 0.0; 0.0; 0.0; -1.0; 0.0; 0.0; 0.0; 0.0; 0.0; 1.0;0; 0;0; 0; 
43.4812951088; 108880; 0.0; 0.0; -0.23732; 0.0; 0.0; 0.0; 0.0; 0.0; 0.0; 0.0; 0.0; 0.0; 0.0; 0.0; 0.0; 0.0; 0.0; 1.97; 0.86; 3.82; 6.28; 25.0; -25.0; 0.0; 0; 0; 0.0; 0.0; 1; 5.71054978239; 2.9253157667; 2.37504812938; 0; 0; 0; 0; 0.0; 0.0; 0.0; -1.0; 0.0; 0.0; 0.0; 0.0; 0.0; 1.0;0; 0;0; 0; 
43.4953691959; 108890; 0.0; 0.0; -0.23691; 0.0; 0.0; 0.0; 0.0; 0.0; 0.0; 0.0; 0.0; 0.0; 0.0; 0.0; 0.0; 0.0; 0.0; 1.97; 0.86; 3.82; 6.28; 25.0; -25.0; 0.0; 0; 0; 0.0; 0.0; 1; 5.71054978239; 2.9253157667; 2.37504812938; 0; 0; 0; 0; 0.0; 0.0; 0.0; -1.0; 0.0; 0.0; 0.0; 0.0; 0.0; 1.0;0; 0;0; 0; 
43.5075790882; 108890; 0.0; 0.0; -0.23645; 0.0; 0.0; 0.0; 0.0; 0.0; 0.0; 0.0; 0.0; 0.0; 0.0; 0.0; 0.0; 0.0; 0.0; 1.97; 0.86; 3.82; 6.28; 25.0; -25.0; 0.0; 0; 0; 0.0; 0.0; 1; 5.71054978239; 2.9253157667; 2.37504812938; 0; 0; 0; 0; 0.0; 0.0; 0.0; -1.0; 0.0; 0.0; 0.0; 0.0; 0.0; 1.0;0; 0;0; 0; 
43.5187780857; 108900; 0.0; 0.0; -0.236; 0.0; 0.0; 0.0; 0.0; 0.0; 0.0; 0.0; 0.0; 0.0; 0.0; 0.0; 0.0; 0.0; 0.0; 1.97; 0.86; 3.82; 6.28; 25.0; -25.0; 0.0; 0; 0; 0.0; 0.0; 1; 5.71054978239; 2.9253157667; 2.37504812938; 0; 0; 0; 0; 0.0; 0.0; 0.0; -1.0; 0.0; 0.0; 0.0; 0.0; 0.0; 1.0;0; 0;0; 0; 
43.5327780247; 108900; 0.0; 0.0; -0.23567; 0.0; 0.0; 0.0; 0.0; 0.0; 0.0; 0.0; 0.0; 0.0; 0.0; 0.0; 0.0; 0.0; 0.0; 1.97; 0.86; 3.82; 6.28; 25.0; -25.0; 0.0; 0; 0; 0.0; 0.0; 1; 5.71054978239; 2.9253157667; 2.37504812938; 0; 0; 0; 0; 0.0; 0.0; 0.0; -1.0; 0.0; 0.0; 0.0; 0.0; 0.0; 1.0;0; 0;0; 0; 
43.5443210602; 108910; 0.0; 0.0; -0.23546; 0.0; 0.0; 0.0; 0.0; 0.0; 0.0; 0.0; 0.0; 0.0; 0.0; 0.0; 0.0; 0.0; 0.0; 1.97; 0.86; 3.82; 6.28; 25.0; -25.0; 0.0; 0; 0; 0.0; 0.0; 1; 5.71054978239; 2.9253157667; 2.37504812938; 0; 0; 0; 0; 0.0; 0.0; 0.0; -1.0; 0.0; 0.0; 0.0; 0.0; 0.0; 1.0;0; 0;0; 0; 
43.5538561344; 108910; 0.0; 0.0; -0.23542; 0.0; 0.0; 0.0; 0.0; 0.0; 0.0; 0.0; 0.0; 0.0; 0.0; 0.0; 0.0; 0.0; 0.0; 1.97; 0.86; 3.82; 6.28; 25.0; -25.0; 0.0; 0; 0; 0.0; 0.0; 1; 5.6832039067; 2.95104877452; 2.40039732368; 0; 0; 0; 0; 0.0; 0.0; 0.0; -1.0; 0.0; 0.0; 0.0; 0.0; 0.0; 1.0;0; 0;0; 0; 
43.5651311874; 108920; 0.0; 0.0; -0.23557; 0.0; 0.0; 0.0; 0.0; 0.0; 0.0; 0.0; 0.0; 0.0; 0.0; 0.0; 0.0; 0.0; 0.0; 1.97; 0.86; 3.82; 6.28; 25.0; -25.0; 0.0; 0; 0; 0.0; 0.0; 1; 5.6832039067; 2.95104877452; 2.40039732368; 0; 0; 0; 0; 0.0; 0.0; 0.0; -1.0; 0.0; 0.0; 0.0; 0.0; 0.0; 1.0;0; 0;0; 0; 
43.5761740208; 108920; 0.0; 0.0; -0.23596; 0.0; 0.0; 0.0; 0.0; 0.0; 0.0; 0.0; 0.0; 0.0; 0.0; 0.0; 0.0; 0.0; 0.0; 1.97; 0.86; 3.82; 6.28; 25.0; -25.0; 0.0; 0; 0; 0.0; 0.0; 1; 5.6832039067; 2.95104877452; 2.40039732368; 0; 0; 0; 0; 0.0; 0.0; 0.0; -1.0; 0.0; 0.0; 0.0; 0.0; 0.0; 1.0;0; 0;0; 0; 
43.5870871544; 108930; 0.0; 0.0; -0.23659; 0.0; 0.0; 0.0; 0.0; 0.0; 0.0; 0.0; 0.0; 0.0; 0.0; 0.0; 0.0; 0.0; 0.0; 1.97; 0.86; 3.82; 6.28; 25.0; -25.0; 0.0; 0; 0; 0.0; 0.0; 1; 5.6832039067; 2.95104877452; 2.40039732368; 0; 0; 0; 0; 0.0; 0.0; 0.0; -1.0; 0.0; 0.0; 0.0; 0.0; 0.0; 1.0;0; 0;0; 0; 
43.5977320671; 108930; 0.0; 0.0; -0.23741; 0.0; 0.0; 0.0; 0.0; 0.0; 0.0; 0.0; 0.0; 0.0; 0.0; 0.0; 0.0; 0.0; 0.0; 1.97; 0.86; 3.82; 6.28; 25.0; -25.0; 0.0; 0; 0; 0.0; 0.0; 1; 5.6832039067; 2.95104877452; 2.40039732368; 0; 0; 0; 0; 0.0; 0.0; 0.0; -1.0; 0.0; 0.0; 0.0; 0.0; 0.0; 1.0;0; 0;0; 0; 
43.6085281372; 108940; 0.0; 0.0; -0.23839; 0.0; 0.0; 0.0; 0.0; 0.0; 0.0; 0.0; 0.0; 0.0; 0.0; 0.0; 0.0; 0.0; 0.0; 1.97; 0.86; 3.82; 6.28; 25.0; -25.0; 0.0; 0; 0; 0.0; 0.0; 1; 5.6832039067; 2.95104877452; 2.40039732368; 0; 0; 0; 0; 0.0; 0.0; 0.0; -1.0; 0.0; 0.0; 0.0; 0.0; 0.0; 1.0;0; 0;0; 0; 
43.619934082; 108940; 0.0; 0.0; -0.2395; 0.0; 0.0; 0.0; 0.0; 0.0; 0.0; 0.0; 0.0; 0.0; 0.0; 0.0; 0.0; 0.0; 0.0; 1.97; 0.86; 3.82; 6.28; 25.0; -25.0; 0.0; 0; 0; 0.0; 0.0; 1; 5.6832039067; 2.95104877452; 2.40039732368; 0; 0; 0; 0; 0.0; 0.0; 0.0; -1.0; 0.0; 0.0; 0.0; 0.0; 0.0; 1.0;0; 0;0; 0; 
43.6309630871; 108950; 0.0; 0.0; -0.24061; 0.0; 0.0; 0.0; 0.0; 0.0; 0.0; 0.0; 0.0; 0.0; 0.0; 0.0; 0.0; 0.0; 0.0; 1.97; 0.86; 3.82; 6.28; 25.0; -25.0; 0.0; 0; 0; 0.0; 0.0; 1; 5.6832039067; 2.95104877452; 2.40039732368; 0; 0; 0; 0; 0.0; 0.0; 0.0; -1.0; 0.0; 0.0; 0.0; 0.0; 0.0; 1.0;0; 0;0; 0; 
43.6416549683; 108950; 0.0; 0.0; -0.24173; 0.0; 0.0; 0.0; 0.0; 0.0; 0.0; 0.0; 0.0; 0.0; 0.0; 0.0; 0.0; 0.0; 0.0; 1.97; 0.86; 3.82; 6.28; 25.0; -25.0; 0.0; 0; 0; 0.0; 0.0; 1; 5.6832039067; 2.95104877452; 2.40039732368; 0; 0; 0; 0; 0.0; 0.0; 0.0; -1.0; 0.0; 0.0; 0.0; 0.0; 0.0; 1.0;0; 0;0; 0; 
43.6526050568; 108960; 0.0; 0.0; -0.24278; 0.0; 0.0; 0.0; 0.0; 0.0; 0.0; 0.0; 0.0; 0.0; 0.0; 0.0; 0.0; 0.0; 0.0; 2.03; 0.86; 5.81; 6.69; 25.0; -25.0; 0.0; 0; 0; 0.0; 0.0; 1; 5.6832039067; 2.95104877452; 2.40039732368; 0; 0; 0; 0; 0.0; 0.0; 0.0; -1.0; 0.0; 0.0; 0.0; 0.0; 0.0; 1.0;0; 0;0; 0; 
43.6637680531; 108960; 0.0; 0.0; -0.24372; 0.0; 0.0; 0.0; 0.0; 0.0; 0.0; 0.0; 0.0; 0.0; 0.0; 0.0; 0.0; 0.0; 0.0; 2.03; 0.86; 5.81; 6.69; 25.0; -25.0; 0.0; 0; 0; 0.0; 0.0; 1; 5.6832039067; 2.95104877452; 2.40039732368; 0; 0; 0; 0; 0.0; 0.0; 0.0; -1.0; 0.0; 0.0; 0.0; 0.0; 0.0; 1.0;0; 0;0; 0; 
43.6744091511; 108970; 0.0; 0.0; -0.2445; 0.0; 0.0; 0.0; 0.0; 0.0; 0.0; 0.0; 0.0; 0.0; 0.0; 0.0; 0.0; 0.0; 0.0; 2.03; 0.86; 5.81; 6.69; 25.0; -25.0; 0.0; 0; 0; 0.0; 0.0; 1; 5.6832039067; 2.95104877452; 2.40039732368; 0; 0; 0; 0; 0.0; 0.0; 0.0; -1.0; 0.0; 0.0; 0.0; 0.0; 0.0; 1.0;0; 0;0; 0; 
43.685667038; 108970; 0.0; 0.0; -0.24503; 0.0; 0.0; 0.0; 0.0; 0.0; 0.0; 0.0; 0.0; 0.0; 0.0; 0.0; 0.0; 0.0; 0.0; 2.03; 0.86; 5.81; 6.69; 25.0; -25.0; 0.0; 0; 0; 0.0; 0.0; 1; 5.6832039067; 2.95104877452; 2.40039732368; 0; 0; 0; 0; 0.0; 0.0; 0.0; -1.0; 0.0; 0.0; 0.0; 0.0; 0.0; 1.0;0; 0;0; 0; 
43.6960480213; 108980; 0.0; 0.0; -0.24527; 0.0; 0.0; 0.0; 0.0; 0.0; 0.0; 0.0; 0.0; 0.0; 0.0; 0.0; 0.0; 0.0; 0.0; 2.03; 0.86; 5.81; 6.69; 25.0; -25.0; 0.0; 0; 0; 0.0; 0.0; 1; 5.6832039067; 2.95104877452; 2.40039732368; 0; 0; 0; 0; 0.0; 0.0; 0.0; -1.0; 0.0; 0.0; 0.0; 0.0; 0.0; 1.0;0; 0;0; 0; 
43.706608057; 108980; 0.0; 0.0; -0.2452; 0.0; 0.0; 0.0; 0.0; 0.0; 0.0; 0.0; 0.0; 0.0; 0.0; 0.0; 0.0; 0.0; 0.0; 2.03; 0.86; 5.81; 6.69; 25.0; -25.0; 0.0; 0; 0; 0.0; 0.0; 1; 5.6832039067; 2.95104877452; 2.40039732368; 0; 0; 0; 0; 0.0; 0.0; 0.0; -1.0; 0.0; 0.0; 0.0; 0.0; 0.0; 1.0;0; 0;0; 0; 
43.7172970772; 108990; 0.0; 0.0; -0.24474; 0.0; 0.0; 0.0; 0.0; 0.0; 0.0; 0.0; 0.0; 0.0; 0.0; 0.0; 0.0; 0.0; 0.0; 2.03; 0.86; 5.81; 6.69; 25.0; -25.0; 0.0; 0; 0; 0.0; 0.0; 1; 5.6832039067; 2.95104877452; 2.40039732368; 0; 0; 0; 0; 0.0; 0.0; 0.0; -1.0; 0.0; 0.0; 0.0; 0.0; 0.0; 1.0;0; 0;0; 0; 
43.7282841206; 108990; 0.0; 0.0; -0.24396; 0.0; 0.0; 0.0; 0.0; 0.0; 0.0; 0.0; 0.0; 0.0; 0.0; 0.0; 0.0; 0.0; 0.0; 2.03; 0.86; 5.81; 6.69; 25.0; -25.0; 0.0; 0; 0; 0.0; 0.0; 1; 5.6832039067; 2.95104877452; 2.40039732368; 0; 0; 0; 0; 0.0; 0.0; 0.0; -1.0; 0.0; 0.0; 0.0; 0.0; 0.0; 1.0;0; 0;0; 0; 
43.7395660877; 109000; 0.0; 0.0; -0.2429; 0.0; 0.0; 0.0; 0.0; 0.0; 0.0; 0.0; 0.0; 0.0; 0.0; 0.0; 0.0; 0.0; 0.0; 2.03; 0.86; 5.81; 6.69; 25.0; -25.0; 0.0; 0; 0; 0.0; 0.0; 1; 5.6832039067; 2.95104877452; 2.40039732368; 0; 0; 0; 0; 0.0; 0.0; 0.0; -1.0; 0.0; 0.0; 0.0; 0.0; 0.0; 1.0;0; 0;0; 0; 
43.7503490448; 109000; 0.0; 0.0; -0.24167; 0.0; 0.0; 0.0; 0.0; 0.0; 0.0; 0.0; 0.0; 0.0; 0.0; 0.0; 0.0; 0.0; 0.0; 2.03; 0.86; 5.81; 6.69; 25.0; -25.0; 0.0; 0; 0; 0.0; 0.0; 1; 5.6832039067; 2.95104877452; 2.40039732368; 0; 0; 0; 0; 0.0; 0.0; 0.0; -1.0; 0.0; 0.0; 0.0; 0.0; 0.0; 1.0;0; 0;0; 0; 
43.761357069; 109010; 0.0; 0.0; -0.24038; 0.0; 0.0; 0.0; 0.0; 0.0; 0.0; 0.0; 0.0; 0.0; 0.0; 0.0; 0.0; 0.0; 0.0; 2.03; 0.86; 5.81; 6.69; 25.0; -25.0; 0.0; 0; 0; 0.0; 0.0; 1; 5.6832039067; 2.95104877452; 2.40039732368; 0; 0; 0; 0; 0.0; 0.0; 0.0; -1.0; 0.0; 0.0; 0.0; 0.0; 0.0; 1.0;0; 0;0; 0; 
43.7725250721; 109010; 0.0; 0.0; -0.23916; 0.0; 0.0; 0.0; 0.0; 0.0; 0.0; 0.0; 0.0; 0.0; 0.0; 0.0; 0.0; 0.0; 0.0; 2.03; 0.86; 5.81; 6.69; 25.0; -25.0; 0.0; 0; 0; 0.0; 0.0; 1; 5.65359265523; 2.97752019161; 2.42627784824; 0; 0; 0; 0; 0.0; 0.0; 0.0; -1.0; 0.0; 0.0; 0.0; 0.0; 0.0; 1.0;0; 0;0; 0; 
43.7838330269; 109020; 0.0; 0.0; -0.23823; 0.0; 0.0; 0.0; 0.0; 0.0; 0.0; 0.0; 0.0; 0.0; 0.0; 0.0; 0.0; 0.0; 0.0; 2.03; 0.86; 5.81; 6.69; 25.0; -25.0; 0.0; 0; 0; 0.0; 0.0; 1; 5.65359265523; 2.97752019161; 2.42627784824; 0; 0; 0; 0; 0.0; 0.0; 0.0; -1.0; 0.0; 0.0; 0.0; 0.0; 0.0; 1.0;0; 0;0; 0; 
43.7946419716; 109020; 0.0; 0.0; -0.23765; 0.0; 0.0; 0.0; 0.0; 0.0; 0.0; 0.0; 0.0; 0.0; 0.0; 0.0; 0.0; 0.0; 0.0; 2.03; 0.86; 5.81; 6.69; 25.0; -25.0; 0.0; 0; 0; 0.0; 0.0; 1; 5.65359265523; 2.97752019161; 2.42627784824; 0; 0; 0; 0; 0.0; 0.0; 0.0; -1.0; 0.0; 0.0; 0.0; 0.0; 0.0; 1.0;0; 0;0; 0; 
43.8061029911; 109030; 0.0; 0.0; -0.23747; 0.0; 0.0; 0.0; 0.0; 0.0; 0.0; 0.0; 0.0; 0.0; 0.0; 0.0; 0.0; 0.0; 0.0; 2.03; 0.86; 5.81; 6.69; 25.0; -25.0; 0.0; 0; 0; 0.0; 0.0; 1; 5.65359265523; 2.97752019161; 2.42627784824; 0; 0; 0; 0; 0.0; 0.0; 0.0; -1.0; 0.0; 0.0; 0.0; 0.0; 0.0; 1.0;0; 0;0; 0; 
43.8167011738; 109030; 0.0; 0.0; -0.23764; 0.0; 0.0; 0.0; 0.0; 0.0; 0.0; 0.0; 0.0; 0.0; 0.0; 0.0; 0.0; 0.0; 0.0; 2.03; 0.86; 5.81; 6.69; 25.0; -25.0; 0.0; 0; 0; 0.0; 0.0; 1; 5.65359265523; 2.97752019161; 2.42627784824; 0; 0; 0; 0; 0.0; 0.0; 0.0; -1.0; 0.0; 0.0; 0.0; 0.0; 0.0; 1.0;0; 0;0; 0; 
43.8278040886; 109040; 0.0; 0.0; -0.23817; 0.0; 0.0; 0.0; 0.0; 0.0; 0.0; 0.0; 0.0; 0.0; 0.0; 0.0; 0.0; 0.0; 0.0; 2.03; 0.86; 5.81; 6.69; 25.0; -25.0; 0.0; 0; 0; 0.0; 0.0; 1; 5.65359265523; 2.97752019161; 2.42627784824; 0; 0; 0; 0; 0.0; 0.0; 0.0; -1.0; 0.0; 0.0; 0.0; 0.0; 0.0; 1.0;0; 0;0; 0; 
43.8386540413; 109040; 0.0; 0.0; -0.23909; 0.0; 0.0; 0.0; 0.0; 0.0; 0.0; 0.0; 0.0; 0.0; 0.0; 0.0; 0.0; 0.0; 0.0; 2.03; 0.86; 5.81; 6.69; 25.0; -25.0; 0.0; 0; 0; 0.0; 0.0; 1; 5.65359265523; 2.97752019161; 2.42627784824; 0; 0; 0; 0; 0.0; 0.0; 0.0; -1.0; 0.0; 0.0; 0.0; 0.0; 0.0; 1.0;0; 0;0; 0; 
43.8497900963; 109050; 0.0; 0.0; -0.24023; 0.0; 0.0; 0.0; 0.0; 0.0; 0.0; 0.0; 0.0; 0.0; 0.0; 0.0; 0.0; 0.0; 0.0; 2.03; 0.86; 5.81; 6.69; 25.0; -25.0; 0.0; 0; 0; 0.0; 0.0; 1; 5.65359265523; 2.97752019161; 2.42627784824; 0; 0; 0; 0; 0.0; 0.0; 0.0; -1.0; 0.0; 0.0; 0.0; 0.0; 0.0; 1.0;0; 0;0; 0; 
43.8602221012; 109050; 0.0; 0.0; -0.24143; 0.0; 0.0; 0.0; 0.0; 0.0; 0.0; 0.0; 0.0; 0.0; 0.0; 0.0; 0.0; 0.0; 0.0; 2.1; 0.88; 6.02; 3.3; 25.0; -25.0; 0.0; 0; 0; 0.0; 0.0; 1; 5.65359265523; 2.97752019161; 2.42627784824; 0; 0; 0; 0; 0.0; 0.0; 0.0; -1.0; 0.0; 0.0; 0.0; 0.0; 0.0; 1.0;0; 0;0; 0; 
43.8710560799; 109060; 0.0; 0.0; -0.24267; 0.0; 0.0; 0.0; 0.0; 0.0; 0.0; 0.0; 0.0; 0.0; 0.0; 0.0; 0.0; 0.0; 0.0; 2.1; 0.88; 6.02; 3.3; 25.0; -25.0; 0.0; 0; 0; 0.0; 0.0; 1; 5.65359265523; 2.97752019161; 2.42627784824; 0; 0; 0; 0; 0.0; 0.0; 0.0; -1.0; 0.0; 0.0; 0.0; 0.0; 0.0; 1.0;0; 0;0; 0; 
43.8827831745; 109060; 0.0; 0.0; -0.24378; 0.0; 0.0; 0.0; 0.0; 0.0; 0.0; 0.0; 0.0; 0.0; 0.0; 0.0; 0.0; 0.0; 0.0; 2.1; 0.88; 6.02; 3.3; 25.0; -25.0; 0.0; 0; 0; 0.0; 0.0; 1; 5.65359265523; 2.97752019161; 2.42627784824; 0; 0; 0; 0; 0.0; 0.0; 0.0; -1.0; 0.0; 0.0; 0.0; 0.0; 0.0; 1.0;0; 0;0; 0; 
43.8942620754; 109070; 0.0; 0.0; -0.24474; 0.0; 0.0; 0.0; 0.0; 0.0; 0.0; 0.0; 0.0; 0.0; 0.0; 0.0; 0.0; 0.0; 0.0; 2.1; 0.88; 6.02; 3.3; 25.0; -25.0; 0.0; 0; 0; 0.0; 0.0; 1; 5.65359265523; 2.97752019161; 2.42627784824; 0; 0; 0; 0; 0.0; 0.0; 0.0; -1.0; 0.0; 0.0; 0.0; 0.0; 0.0; 1.0;0; 0;0; 0; 
43.9059371948; 109070; 0.0; 0.0; -0.24541; 0.0; 0.0; 0.0; 0.0; 0.0; 0.0; 0.0; 0.0; 0.0; 0.0; 0.0; 0.0; 0.0; 0.0; 2.1; 0.88; 6.02; 3.3; 25.0; -25.0; 0.0; 0; 0; 0.0; 0.0; 1; 5.65359265523; 2.97752019161; 2.42627784824; 0; 0; 0; 0; 0.0; 0.0; 0.0; -1.0; 0.0; 0.0; 0.0; 0.0; 0.0; 1.0;0; 0;0; 0; 
43.9167661667; 109080; 0.0; 0.0; -0.24568; 0.0; 0.0; 0.0; 0.0; 0.0; 0.0; 0.0; 0.0; 0.0; 0.0; 0.0; 0.0; 0.0; 0.0; 2.1; 0.88; 6.02; 3.3; 25.0; -25.0; 0.0; 0; 0; 0.0; 0.0; 1; 5.65359265523; 2.97752019161; 2.42627784824; 0; 0; 0; 0; 0.0; 0.0; 0.0; -1.0; 0.0; 0.0; 0.0; 0.0; 0.0; 1.0;0; 0;0; 0; 
43.9283401966; 109080; 0.0; 0.0; -0.24561; 0.0; 0.0; 0.0; 0.0; 0.0; 0.0; 0.0; 0.0; 0.0; 0.0; 0.0; 0.0; 0.0; 0.0; 2.1; 0.88; 6.02; 3.3; 25.0; -25.0; 0.0; 0; 0; 0.0; 0.0; 1; 5.65359265523; 2.97752019161; 2.42627784824; 0; 0; 0; 0; 0.0; 0.0; 0.0; -1.0; 0.0; 0.0; 0.0; 0.0; 0.0; 1.0;0; 0;0; 0; 
43.9396080971; 109090; 0.0; 0.0; -0.24511; 0.0; 0.0; 0.0; 0.0; 0.0; 0.0; 0.0; 0.0; 0.0; 0.0; 0.0; 0.0; 0.0; 0.0; 2.1; 0.88; 6.02; 3.3; 25.0; -25.0; 0.0; 0; 0; 0.0; 0.0; 1; 5.65359265523; 2.97752019161; 2.42627784824; 0; 0; 0; 0; 0.0; 0.0; 0.0; -1.0; 0.0; 0.0; 0.0; 0.0; 0.0; 1.0;0; 0;0; 0; 
43.9508199692; 109090; 0.0; 0.0; -0.24424; 0.0; 0.0; 0.0; 0.0; 0.0; 0.0; 0.0; 0.0; 0.0; 0.0; 0.0; 0.0; 0.0; 0.0; 2.1; 0.88; 6.02; 3.3; 25.0; -25.0; 0.0; 0; 0; 0.0; 0.0; 1; 5.65359265523; 2.97752019161; 2.42627784824; 0; 0; 0; 0; 0.0; 0.0; 0.0; -1.0; 0.0; 0.0; 0.0; 0.0; 0.0; 1.0;0; 0;0; 0; 
43.9621331692; 109100; 0.0; 0.0; -0.24318; 0.0; 0.0; 0.0; 0.0; 0.0; 0.0; 0.0; 0.0; 0.0; 0.0; 0.0; 0.0; 0.0; 0.0; 2.1; 0.88; 6.02; 3.3; 25.0; -25.0; 0.0; 0; 0; 0.0; 0.0; 1; 5.65359265523; 2.97752019161; 2.42627784824; 0; 0; 0; 0; 0.0; 0.0; 0.0; -1.0; 0.0; 0.0; 0.0; 0.0; 0.0; 1.0;0; 0;0; 0; 
43.9730210304; 109100; 0.0; 0.0; -0.24197; 0.0; 0.0; 0.0; 0.0; 0.0; 0.0; 0.0; 0.0; 0.0; 0.0; 0.0; 0.0; 0.0; 0.0; 2.1; 0.88; 6.02; 3.3; 25.0; -25.0; 0.0; 0; 0; 0.0; 0.0; 1; 5.65359265523; 2.97752019161; 2.42627784824; 0; 0; 0; 0; 0.0; 0.0; 0.0; -1.0; 0.0; 0.0; 0.0; 0.0; 0.0; 1.0;0; 0;0; 0; 
43.9841990471; 109110; 0.0; 0.0; -0.24075; 0.0; 0.0; 0.0; 0.0; 0.0; 0.0; 0.0; 0.0; 0.0; 0.0; 0.0; 0.0; 0.0; 0.0; 2.1; 0.88; 6.02; 3.3; 25.0; -25.0; 0.0; 0; 0; 0.0; 0.0; 1; 5.65359265523; 2.97752019161; 2.42627784824; 0; 0; 0; 0; 0.0; 0.0; 0.0; -1.0; 0.0; 0.0; 0.0; 0.0; 0.0; 1.0;0; 0;0; 0; 
43.9950480461; 109110; 0.0; 0.0; -0.23962; 0.0; 0.0; 0.0; 0.0; 0.0; 0.0; 0.0; 0.0; 0.0; 0.0; 0.0; 0.0; 0.0; 0.0; 2.1; 0.88; 6.02; 3.3; 25.0; -25.0; 0.0; 0; 0; 0.0; 0.0; 1; 5.62098630337; 3.00518360956; 2.45252079293; 0; 0; 0; 0; 0.0; 0.0; 0.0; -1.0; 0.0; 0.0; 0.0; 0.0; 0.0; 1.0;0; 0;0; 0; 
44.007158041; 109120; 0.0; 0.0; -0.23868; 0.0; 0.0; 0.0; 0.0; 0.0; 0.0; 0.0; 0.0; 0.0; 0.0; 0.0; 0.0; 0.0; 0.0; 2.1; 0.88; 6.02; 3.3; 25.0; -25.0; 0.0; 0; 0; 0.0; 0.0; 1; 5.62098630337; 3.00518360956; 2.45252079293; 0; 0; 0; 0; 0.0; 0.0; 0.0; -1.0; 0.0; 0.0; 0.0; 0.0; 0.0; 1.0;0; 0;0; 0; 
44.0181679726; 109120; 0.0; 0.0; -0.23801; 0.0; 0.0; 0.0; 0.0; 0.0; 0.0; 0.0; 0.0; 0.0; 0.0; 0.0; 0.0; 0.0; 0.0; 2.1; 0.88; 6.02; 3.3; 25.0; -25.0; 0.0; 0; 0; 0.0; 0.0; 1; 5.62098630337; 3.00518360956; 2.45252079293; 0; 0; 0; 0; 0.0; 0.0; 0.0; -1.0; 0.0; 0.0; 0.0; 0.0; 0.0; 1.0;0; 0;0; 0; 
44.02850914; 109130; 0.0; 0.0; -0.23762; 0.0; 0.0; 0.0; 0.0; 0.0; 0.0; 0.0; 0.0; 0.0; 0.0; 0.0; 0.0; 0.0; 0.0; 2.1; 0.88; 6.02; 3.3; 25.0; -25.0; 0.0; 0; 0; 0.0; 0.0; 1; 5.62098630337; 3.00518360956; 2.45252079293; 0; 0; 0; 0; 0.0; 0.0; 0.0; -1.0; 0.0; 0.0; 0.0; 0.0; 0.0; 1.0;0; 0;0; 0; 
44.0390319824; 109130; 0.0; 0.0; -0.2375; 0.0; 0.0; 0.0; 0.0; 0.0; 0.0; 0.0; 0.0; 0.0; 0.0; 0.0; 0.0; 0.0; 0.0; 2.1; 0.88; 6.02; 3.3; 25.0; -25.0; 0.0; 0; 0; 0.0; 0.0; 1; 5.62098630337; 3.00518360956; 2.45252079293; 0; 0; 0; 0; 0.0; 0.0; 0.0; -1.0; 0.0; 0.0; 0.0; 0.0; 0.0; 1.0;0; 0;0; 0; 
44.0501861572; 109140; 0.0; 0.0; -0.23768; 0.0; 0.0; 0.0; 0.0; 0.0; 0.0; 0.0; 0.0; 0.0; 0.0; 0.0; 0.0; 0.0; 0.0; 2.1; 0.88; 6.02; 3.3; 25.0; -25.0; 0.0; 0; 0; 0.0; 0.0; 1; 5.62098630337; 3.00518360956; 2.45252079293; 0; 0; 0; 0; 0.0; 0.0; 0.0; -1.0; 0.0; 0.0; 0.0; 0.0; 0.0; 1.0;0; 0;0; 0; 
44.0609161854; 109140; 0.0; 0.0; -0.23812; 0.0; 0.0; 0.0; 0.0; 0.0; 0.0; 0.0; 0.0; 0.0; 0.0; 0.0; 0.0; 0.0; 0.0; 2.1; 0.88; 6.02; 3.3; 25.0; -25.0; 0.0; 0; 0; 0.0; 0.0; 1; 5.62098630337; 3.00518360956; 2.45252079293; 0; 0; 0; 0; 0.0; 0.0; 0.0; -1.0; 0.0; 0.0; 0.0; 0.0; 0.0; 1.0;0; 0;0; 0; 
44.071254015; 109150; 0.0; 0.0; -0.23881; 0.0; 0.0; 0.0; 0.0; 0.0; 0.0; 0.0; 0.0; 0.0; 0.0; 0.0; 0.0; 0.0; 0.0; 2.1; 0.88; 6.02; 3.3; 25.0; -25.0; 0.0; 0; 0; 0.0; 0.0; 1; 5.62098630337; 3.00518360956; 2.45252079293; 0; 0; 0; 0; 0.0; 0.0; 0.0; -1.0; 0.0; 0.0; 0.0; 0.0; 0.0; 1.0;0; 0;0; 0; 
44.0817270279; 109150; 0.0; 0.0; -0.23968; 0.0; 0.0; 0.0; 0.0; 0.0; 0.0; 0.0; 0.0; 0.0; 0.0; 0.0; 0.0; 0.0; 0.0; 2.14; 0.88; 3.99; 6.72; 25.0; -25.0; 0.0; 0; 0; 0.0; 0.0; 1; 5.62098630337; 3.00518360956; 2.45252079293; 0; 0; 0; 0; 0.0; 0.0; 0.0; -1.0; 0.0; 0.0; 0.0; 0.0; 0.0; 1.0;0; 0;0; 0; 
44.0935370922; 109160; 0.0; 0.0; -0.24063; 0.0; 0.0; 0.0; 0.0; 0.0; 0.0; 0.0; 0.0; 0.0; 0.0; 0.0; 0.0; 0.0; 0.0; 2.14; 0.88; 3.99; 6.72; 25.0; -25.0; 0.0; 0; 0; 0.0; 0.0; 1; 5.62098630337; 3.00518360956; 2.45252079293; 0; 0; 0; 0; 0.0; 0.0; 0.0; -1.0; 0.0; 0.0; 0.0; 0.0; 0.0; 1.0;0; 0;0; 0; 
44.1041440964; 109160; 0.0; 0.0; -0.24157; 0.0; 0.0; 0.0; 0.0; 0.0; 0.0; 0.0; 0.0; 0.0; 0.0; 0.0; 0.0; 0.0; 0.0; 2.14; 0.88; 3.99; 6.72; 25.0; -25.0; 0.0; 0; 0; 0.0; 0.0; 1; 5.62098630337; 3.00518360956; 2.45252079293; 0; 0; 0; 0; 0.0; 0.0; 0.0; -1.0; 0.0; 0.0; 0.0; 0.0; 0.0; 1.0;0; 0;0; 0; 
44.1152670383; 109170; 0.0; 0.0; -0.24237; 0.0; 0.0; 0.0; 0.0; 0.0; 0.0; 0.0; 0.0; 0.0; 0.0; 0.0; 0.0; 0.0; 0.0; 2.14; 0.88; 3.99; 6.72; 25.0; -25.0; 0.0; 0; 0; 0.0; 0.0; 1; 5.62098630337; 3.00518360956; 2.45252079293; 0; 0; 0; 0; 0.0; 0.0; 0.0; -1.0; 0.0; 0.0; 0.0; 0.0; 0.0; 1.0;0; 0;0; 0; 
44.126707077; 109170; 0.0; 0.0; -0.243; 0.0; 0.0; 0.0; 0.0; 0.0; 0.0; 0.0; 0.0; 0.0; 0.0; 0.0; 0.0; 0.0; 0.0; 2.14; 0.88; 3.99; 6.72; 25.0; -25.0; 0.0; 0; 0; 0.0; 0.0; 1; 5.62098630337; 3.00518360956; 2.45252079293; 0; 0; 0; 0; 0.0; 0.0; 0.0; -1.0; 0.0; 0.0; 0.0; 0.0; 0.0; 1.0;0; 0;0; 0; 
44.1372079849; 109180; 0.0; 0.0; -0.24344; 0.0; 0.0; 0.0; 0.0; 0.0; 0.0; 0.0; 0.0; 0.0; 0.0; 0.0; 0.0; 0.0; 0.0; 2.14; 0.88; 3.99; 6.72; 25.0; -25.0; 0.0; 0; 0; 0.0; 0.0; 1; 5.62098630337; 3.00518360956; 2.45252079293; 0; 0; 0; 0; 0.0; 0.0; 0.0; -1.0; 0.0; 0.0; 0.0; 0.0; 0.0; 1.0;0; 0;0; 0; 
44.1479361057; 109180; 0.0; 0.0; -0.24365; 0.0; 0.0; 0.0; 0.0; 0.0; 0.0; 0.0; 0.0; 0.0; 0.0; 0.0; 0.0; 0.0; 0.0; 2.14; 0.88; 3.99; 6.72; 25.0; -25.0; 0.0; 0; 0; 0.0; 0.0; 1; 5.62098630337; 3.00518360956; 2.45252079293; 0; 0; 0; 0; 0.0; 0.0; 0.0; -1.0; 0.0; 0.0; 0.0; 0.0; 0.0; 1.0;0; 0;0; 0; 
44.1590349674; 109190; 0.0; 0.0; -0.24377; 0.0; 0.0; 0.0; 0.0; 0.0; 0.0; 0.0; 0.0; 0.0; 0.0; 0.0; 0.0; 0.0; 0.0; 2.14; 0.88; 3.99; 6.72; 25.0; -25.0; 0.0; 0; 0; 0.0; 0.0; 1; 5.62098630337; 3.00518360956; 2.45252079293; 0; 0; 0; 0; 0.0; 0.0; 0.0; -1.0; 0.0; 0.0; 0.0; 0.0; 0.0; 1.0;0; 0;0; 0; 
44.1703660488; 109190; 0.0; 0.0; -0.24374; 0.0; 0.0; 0.0; 0.0; 0.0; 0.0; 0.0; 0.0; 0.0; 0.0; 0.0; 0.0; 0.0; 0.0; 2.14; 0.88; 3.99; 6.72; 25.0; -25.0; 0.0; 0; 0; 0.0; 0.0; 1; 5.62098630337; 3.00518360956; 2.45252079293; 0; 0; 0; 0; 0.0; 0.0; 0.0; -1.0; 0.0; 0.0; 0.0; 0.0; 0.0; 1.0;0; 0;0; 0; 
44.1814391613; 109200; 0.0; 0.0; -0.24362; 0.0; 0.0; 0.0; 0.0; 0.0; 0.0; 0.0; 0.0; 0.0; 0.0; 0.0; 0.0; 0.0; 0.0; 2.14; 0.88; 3.99; 6.72; 25.0; -25.0; 0.0; 0; 0; 0.0; 0.0; 1; 5.62098630337; 3.00518360956; 2.45252079293; 0; 0; 0; 0; 0.0; 0.0; 0.0; -1.0; 0.0; 0.0; 0.0; 0.0; 0.0; 1.0;0; 0;0; 0; 
44.1927630901; 109200; 0.0; 0.0; -0.24342; 0.0; 0.0; 0.0; 0.0; 0.0; 0.0; 0.0; 0.0; 0.0; 0.0; 0.0; 0.0; 0.0; 0.0; 2.14; 0.88; 3.99; 6.72; 25.0; -25.0; 0.0; 0; 0; 0.0; 0.0; 1; 5.62098630337; 3.00518360956; 2.45252079293; 0; 0; 0; 0; 0.0; 0.0; 0.0; -1.0; 0.0; 0.0; 0.0; 0.0; 0.0; 1.0;0; 0;0; 0; 
44.2048110962; 109210; 0.0; 0.0; -0.24305; 0.0; 0.0; 0.0; 0.0; 0.0; 0.0; 0.0; 0.0; 0.0; 0.0; 0.0; 0.0; 0.0; 0.0; 2.14; 0.88; 3.99; 6.72; 25.0; -25.0; 0.0; 0; 0; 0.0; 0.0; 1; 5.62098630337; 3.00518360956; 2.45252079293; 0; 0; 0; 0; 0.0; 0.0; 0.0; -1.0; 0.0; 0.0; 0.0; 0.0; 0.0; 1.0;0; 0;0; 0; 
44.2166490555; 109210; 0.0; 0.0; -0.24255; 0.0; 0.0; 0.0; 0.0; 0.0; 0.0; 0.0; 0.0; 0.0; 0.0; 0.0; 0.0; 0.0; 0.0; 2.14; 0.88; 3.99; 6.72; 25.0; -25.0; 0.0; 0; 0; 0.0; 0.0; 1; 5.58854614015; 3.03127760599; 2.47858113831; 0; 0; 0; 0; 0.0; 0.0; 0.0; -1.0; 0.0; 0.0; 0.0; 0.0; 0.0; 1.0;0; 0;0; 0; 
44.228454113; 109220; 0.0; 0.0; -0.24196; 0.0; 0.0; 0.0; 0.0; 0.0; 0.0; 0.0; 0.0; 0.0; 0.0; 0.0; 0.0; 0.0; 0.0; 2.14; 0.88; 3.99; 6.72; 25.0; -25.0; 0.0; 0; 0; 0.0; 0.0; 1; 5.58854614015; 3.03127760599; 2.47858113831; 0; 0; 0; 0; 0.0; 0.0; 0.0; -1.0; 0.0; 0.0; 0.0; 0.0; 0.0; 1.0;0; 0;0; 0; 
44.2403941154; 109220; 0.0; 0.0; -0.24133; 0.0; 0.0; 0.0; 0.0; 0.0; 0.0; 0.0; 0.0; 0.0; 0.0; 0.0; 0.0; 0.0; 0.0; 2.14; 0.88; 3.99; 6.72; 25.0; -25.0; 0.0; 0; 0; 0.0; 0.0; 1; 5.58854614015; 3.03127760599; 2.47858113831; 0; 0; 0; 0; 0.0; 0.0; 0.0; -1.0; 0.0; 0.0; 0.0; 0.0; 0.0; 1.0;0; 0;0; 0; 
44.2518780231; 109230; 0.0; 0.0; -0.24073; 0.0; 0.0; 0.0; 0.0; 0.0; 0.0; 0.0; 0.0; 0.0; 0.0; 0.0; 0.0; 0.0; 0.0; 2.14; 0.88; 3.99; 6.72; 25.0; -25.0; 0.0; 0; 0; 0.0; 0.0; 1; 5.58854614015; 3.03127760599; 2.47858113831; 0; 0; 0; 0; 0.0; 0.0; 0.0; -1.0; 0.0; 0.0; 0.0; 0.0; 0.0; 1.0;0; 0;0; 0; 
44.2624151707; 109230; 0.0; 0.0; -0.24027; 0.0; 0.0; 0.0; 0.0; 0.0; 0.0; 0.0; 0.0; 0.0; 0.0; 0.0; 0.0; 0.0; 0.0; 2.14; 0.88; 3.99; 6.72; 25.0; -25.0; 0.0; 0; 0; 0.0; 0.0; 1; 5.58854614015; 3.03127760599; 2.47858113831; 0; 0; 0; 0; 0.0; 0.0; 0.0; -1.0; 0.0; 0.0; 0.0; 0.0; 0.0; 1.0;0; 0;0; 0; 
44.2745690346; 109240; 0.0; 0.0; -0.23999; 0.0; 0.0; 0.0; 0.0; 0.0; 0.0; 0.0; 0.0; 0.0; 0.0; 0.0; 0.0; 0.0; 0.0; 2.14; 0.88; 3.99; 6.72; 25.0; -25.0; 0.0; 0; 0; 0.0; 0.0; 1; 5.58854614015; 3.03127760599; 2.47858113831; 0; 0; 0; 0; 0.0; 0.0; 0.0; -1.0; 0.0; 0.0; 0.0; 0.0; 0.0; 1.0;0; 0;0; 0; 
44.2869820595; 109240; 0.0; 0.0; -0.23992; 0.0; 0.0; 0.0; 0.0; 0.0; 0.0; 0.0; 0.0; 0.0; 0.0; 0.0; 0.0; 0.0; 0.0; 2.14; 0.88; 3.99; 6.72; 25.0; -25.0; 0.0; 0; 0; 0.0; 0.0; 1; 5.58854614015; 3.03127760599; 2.47858113831; 0; 0; 0; 0; 0.0; 0.0; 0.0; -1.0; 0.0; 0.0; 0.0; 0.0; 0.0; 1.0;0; 0;0; 0; 
44.2989041805; 109250; 0.0; 0.0; -0.23999; 0.0; 0.0; 0.0; 0.0; 0.0; 0.0; 0.0; 0.0; 0.0; 0.0; 0.0; 0.0; 0.0; 0.0; 2.14; 0.88; 3.99; 6.72; 25.0; -25.0; 0.0; 0; 0; 0.0; 0.0; 1; 5.58854614015; 3.03127760599; 2.47858113831; 0; 0; 0; 0; 0.0; 0.0; 0.0; -1.0; 0.0; 0.0; 0.0; 0.0; 0.0; 1.0;0; 0;0; 0; 
44.3100690842; 109250; 0.0; 0.0; -0.24007; 0.0; 0.0; 0.0; 0.0; 0.0; 0.0; 0.0; 0.0; 0.0; 0.0; 0.0; 0.0; 0.0; 0.0; 2.17; 0.9; 3.97; 6.54; 25.0; -25.0; 0.0; 0; 0; 0.0; 0.0; 1; 5.58854614015; 3.03127760599; 2.47858113831; 0; 0; 0; 0; 0.0; 0.0; 0.0; -1.0; 0.0; 0.0; 0.0; 0.0; 0.0; 1.0;0; 0;0; 0; 
44.322368145; 109260; 0.0; 0.0; -0.24007; 0.0; 0.0; 0.0; 0.0; 0.0; 0.0; 0.0; 0.0; 0.0; 0.0; 0.0; 0.0; 0.0; 0.0; 2.17; 0.9; 3.97; 6.54; 25.0; -25.0; 0.0; 0; 0; 0.0; 0.0; 1; 5.58854614015; 3.03127760599; 2.47858113831; 0; 0; 0; 0; 0.0; 0.0; 0.0; -1.0; 0.0; 0.0; 0.0; 0.0; 0.0; 1.0;0; 0;0; 0; 
44.334403038; 109260; 0.0; 0.0; -0.23995; 0.0; 0.0; 0.0; 0.0; 0.0; 0.0; 0.0; 0.0; 0.0; 0.0; 0.0; 0.0; 0.0; 0.0; 2.17; 0.9; 3.97; 6.54; 25.0; -25.0; 0.0; 0; 0; 0.0; 0.0; 1; 5.58854614015; 3.03127760599; 2.47858113831; 0; 0; 0; 0; 0.0; 0.0; 0.0; -1.0; 0.0; 0.0; 0.0; 0.0; 0.0; 1.0;0; 0;0; 0; 
44.3463101387; 109270; 0.0; 0.0; -0.23967; 0.0; 0.0; 0.0; 0.0; 0.0; 0.0; 0.0; 0.0; 0.0; 0.0; 0.0; 0.0; 0.0; 0.0; 2.17; 0.9; 3.97; 6.54; 25.0; -25.0; 0.0; 0; 0; 0.0; 0.0; 1; 5.58854614015; 3.03127760599; 2.47858113831; 0; 0; 0; 0; 0.0; 0.0; 0.0; -1.0; 0.0; 0.0; 0.0; 0.0; 0.0; 1.0;0; 0;0; 0; 
44.3576030731; 109270; 0.0; 0.0; -0.23929; 0.0; 0.0; 0.0; 0.0; 0.0; 0.0; 0.0; 0.0; 0.0; 0.0; 0.0; 0.0; 0.0; 0.0; 2.17; 0.9; 3.97; 6.54; 25.0; -25.0; 0.0; 0; 0; 0.0; 0.0; 1; 5.58854614015; 3.03127760599; 2.47858113831; 0; 0; 0; 0; 0.0; 0.0; 0.0; -1.0; 0.0; 0.0; 0.0; 0.0; 0.0; 1.0;0; 0;0; 0; 
44.3698949814; 109280; 0.0; 0.0; -0.23883; 0.0; 0.0; 0.0; 0.0; 0.0; 0.0; 0.0; 0.0; 0.0; 0.0; 0.0; 0.0; 0.0; 0.0; 2.17; 0.9; 3.97; 6.54; 25.0; -25.0; 0.0; 0; 0; 0.0; 0.0; 1; 5.58854614015; 3.03127760599; 2.47858113831; 0; 0; 0; 0; 0.0; 0.0; 0.0; -1.0; 0.0; 0.0; 0.0; 0.0; 0.0; 1.0;0; 0;0; 0; 
44.3809621334; 109280; 0.0; 0.0; -0.23845; 0.0; 0.0; 0.0; 0.0; 0.0; 0.0; 0.0; 0.0; 0.0; 0.0; 0.0; 0.0; 0.0; 0.0; 2.17; 0.9; 3.97; 6.54; 25.0; -25.0; 0.0; 0; 0; 0.0; 0.0; 1; 5.58854614015; 3.03127760599; 2.47858113831; 0; 0; 0; 0; 0.0; 0.0; 0.0; -1.0; 0.0; 0.0; 0.0; 0.0; 0.0; 1.0;0; 0;0; 0; 
44.392373085; 109290; 0.0; 0.0; -0.23826; 0.0; 0.0; 0.0; 0.0; 0.0; 0.0; 0.0; 0.0; 0.0; 0.0; 0.0; 0.0; 0.0; 0.0; 2.17; 0.9; 3.97; 6.54; 25.0; -25.0; 0.0; 0; 0; 0.0; 0.0; 1; 5.58854614015; 3.03127760599; 2.47858113831; 0; 0; 0; 0; 0.0; 0.0; 0.0; -1.0; 0.0; 0.0; 0.0; 0.0; 0.0; 1.0;0; 0;0; 0; 
44.4041900635; 109290; 0.0; 0.0; -0.23834; 0.0; 0.0; 0.0; 0.0; 0.0; 0.0; 0.0; 0.0; 0.0; 0.0; 0.0; 0.0; 0.0; 0.0; 2.17; 0.9; 3.97; 6.54; 25.0; -25.0; 0.0; 0; 0; 0.0; 0.0; 1; 5.58854614015; 3.03127760599; 2.47858113831; 0; 0; 0; 0; 0.0; 0.0; 0.0; -1.0; 0.0; 0.0; 0.0; 0.0; 0.0; 1.0;0; 0;0; 0; 
44.4147310257; 109300; 0.0; 0.0; -0.23874; 0.0; 0.0; 0.0; 0.0; 0.0; 0.0; 0.0; 0.0; 0.0; 0.0; 0.0; 0.0; 0.0; 0.0; 2.17; 0.9; 3.97; 6.54; 25.0; -25.0; 0.0; 0; 0; 0.0; 0.0; 1; 5.58854614015; 3.03127760599; 2.47858113831; 0; 0; 0; 0; 0.0; 0.0; 0.0; -1.0; 0.0; 0.0; 0.0; 0.0; 0.0; 1.0;0; 0;0; 0; 
44.42582798; 109300; 0.0; 0.0; -0.23942; 0.0; 0.0; 0.0; 0.0; 0.0; 0.0; 0.0; 0.0; 0.0; 0.0; 0.0; 0.0; 0.0; 0.0; 2.17; 0.9; 3.97; 6.54; 25.0; -25.0; 0.0; 0; 0; 0.0; 0.0; 1; 5.58854614015; 3.03127760599; 2.47858113831; 0; 0; 0; 0; 0.0; 0.0; 0.0; -1.0; 0.0; 0.0; 0.0; 0.0; 0.0; 1.0;0; 0;0; 0; 
44.4372780323; 109310; 0.0; 0.0; -0.24041; 0.0; 0.0; 0.0; 0.0; 0.0; 0.0; 0.0; 0.0; 0.0; 0.0; 0.0; 0.0; 0.0; 0.0; 2.17; 0.9; 3.97; 6.54; 25.0; -25.0; 0.0; 0; 0; 0.0; 0.0; 1; 5.58854614015; 3.03127760599; 2.47858113831; 0; 0; 0; 0; 0.0; 0.0; 0.0; -1.0; 0.0; 0.0; 0.0; 0.0; 0.0; 1.0;0; 0;0; 0; 
44.4503881931; 109310; 0.0; 0.0; -0.24174; 0.0; 0.0; 0.0; 0.0; 0.0; 0.0; 0.0; 0.0; 0.0; 0.0; 0.0; 0.0; 0.0; 0.0; 2.17; 0.9; 3.97; 6.54; 25.0; -25.0; 0.0; 0; 0; 0.0; 0.0; 1; 5.55494161552; 3.05688984157; 2.50462423858; 0; 0; 0; 0; 0.0; 0.0; 0.0; -1.0; 0.0; 0.0; 0.0; 0.0; 0.0; 1.0;0; 0;0; 0; 
44.4623250961; 109320; 0.0; 0.0; -0.24338; 0.0; 0.0; 0.0; 0.0; 0.0; 0.0; 0.0; 0.0; 0.0; 0.0; 0.0; 0.0; 0.0; 0.0; 2.17; 0.9; 3.97; 6.54; 25.0; -25.0; 0.0; 0; 0; 0.0; 0.0; 1; 5.55494161552; 3.05688984157; 2.50462423858; 0; 0; 0; 0; 0.0; 0.0; 0.0; -1.0; 0.0; 0.0; 0.0; 0.0; 0.0; 1.0;0; 0;0; 0; 
44.4744009972; 109320; 0.0; 0.0; -0.24532; 0.0; 0.0; 0.0; 0.0; 0.0; 0.0; 0.0; 0.0; 0.0; 0.0; 0.0; 0.0; 0.0; 0.0; 2.17; 0.9; 3.97; 6.54; 25.0; -25.0; 0.0; 0; 0; 0.0; 0.0; 1; 5.55494161552; 3.05688984157; 2.50462423858; 0; 0; 0; 0; 0.0; 0.0; 0.0; -1.0; 0.0; 0.0; 0.0; 0.0; 0.0; 1.0;0; 0;0; 0; 
44.4859960079; 109330; 0.0; 0.0; -0.24749; 0.0; 0.0; 0.0; 0.0; 0.0; 0.0; 0.0; 0.0; 0.0; 0.0; 0.0; 0.0; 0.0; 0.0; 2.17; 0.9; 3.97; 6.54; 25.0; -25.0; 0.0; 0; 0; 0.0; 0.0; 1; 5.55494161552; 3.05688984157; 2.50462423858; 0; 0; 0; 0; 0.0; 0.0; 0.0; -1.0; 0.0; 0.0; 0.0; 0.0; 0.0; 1.0;0; 0;0; 0; 
44.4980750084; 109330; 0.0; 0.0; -0.24992; 0.0; 0.0; 0.0; 0.0; 0.0; 0.0; 0.0; 0.0; 0.0; 0.0; 0.0; 0.0; 0.0; 0.0; 2.17; 0.9; 3.97; 6.54; 25.0; -25.0; 0.0; 0; 0; 0.0; 0.0; 1; 5.55494161552; 3.05688984157; 2.50462423858; 0; 0; 0; 0; 0.0; 0.0; 0.0; -1.0; 0.0; 0.0; 0.0; 0.0; 0.0; 1.0;0; 0;0; 0; 
44.5092821121; 109340; 0.0; 0.0; -0.25259; 0.0; 0.0; 0.0; 0.0; 0.0; 0.0; 0.0; 0.0; 0.0; 0.0; 0.0; 0.0; 0.0; 0.0; 2.17; 0.9; 3.97; 6.54; 25.0; -25.0; 0.0; 0; 0; 0.0; 0.0; 1; 5.55494161552; 3.05688984157; 2.50462423858; 0; 0; 0; 0; 0.0; 0.0; 0.0; -1.0; 0.0; 0.0; 0.0; 0.0; 0.0; 1.0;0; 0;0; 0; 
44.5209810734; 109340; 0.0; 0.0; -0.25519; 0.0; 0.0; 0.0; 0.0; 0.0; 0.0; 0.0; 0.0; 0.0; 0.0; 0.0; 0.0; 0.0; 0.0; 2.17; 0.9; 3.97; 6.54; 25.0; -25.0; 0.0; 0; 0; 0.0; 0.0; 1; 5.55494161552; 3.05688984157; 2.50462423858; 0; 0; 0; 0; 0.0; 0.0; 0.0; -1.0; 0.0; 0.0; 0.0; 0.0; 0.0; 1.0;0; 0;0; 0; 
44.53266716; 109350; 0.0; 0.0; -0.25759; 0.0; 0.0; 0.0; 0.0; 0.0; 0.0; 0.0; 0.0; 0.0; 0.0; 0.0; 0.0; 0.0; 0.0; 2.17; 0.9; 3.97; 6.54; 25.0; -25.0; 0.0; 0; 0; 0.0; 0.0; 1; 5.55494161552; 3.05688984157; 2.50462423858; 0; 0; 0; 0; 0.0; 0.0; 0.0; -1.0; 0.0; 0.0; 0.0; 0.0; 0.0; 1.0;0; 0;0; 0; 
44.5436639786; 109350; 0.0; 0.0; -0.2597; 0.0; 0.0; 0.0; 0.0; 0.0; 0.0; 0.0; 0.0; 0.0; 0.0; 0.0; 0.0; 0.0; 0.0; 2.17; 0.9; 3.97; 6.54; 25.0; -25.0; 0.0; 0; 0; 0.0; 0.0; 1; 5.55494161552; 3.05688984157; 2.50462423858; 0; 0; 0; 0; 0.0; 0.0; 0.0; -1.0; 0.0; 0.0; 0.0; 0.0; 0.0; 1.0;0; 0;0; 0; 
44.5556659698; 109360; 0.0; 0.0; -0.26139; 0.0; 0.0; 0.0; 0.0; 0.0; 0.0; 0.0; 0.0; 0.0; 0.0; 0.0; 0.0; 0.0; 0.0; 2.21; 0.9; 6.3; 6.54; 25.0; -25.0; 0.0; 0; 0; 0.0; 0.0; 1; 5.55494161552; 3.05688984157; 2.50462423858; 0; 0; 0; 0; 0.0; 0.0; 0.0; -1.0; 0.0; 0.0; 0.0; 0.0; 0.0; 1.0;0; 0;0; 0; 
44.5676531792; 109360; 0.0; 0.0; -0.26266; 0.0; 0.0; 0.0; 0.0; 0.0; 0.0; 0.0; 0.0; 0.0; 0.0; 0.0; 0.0; 0.0; 0.0; 2.21; 0.9; 6.3; 6.54; 25.0; -25.0; 0.0; 0; 0; 0.0; 0.0; 1; 5.55494161552; 3.05688984157; 2.50462423858; 0; 0; 0; 0; 0.0; 0.0; 0.0; -1.0; 0.0; 0.0; 0.0; 0.0; 0.0; 1.0;0; 0;0; 0; 
44.5795459747; 109370; 0.0; 0.0; -0.26335; 0.0; 0.0; 0.0; 0.0; 0.0; 0.0; 0.0; 0.0; 0.0; 0.0; 0.0; 0.0; 0.0; 0.0; 2.21; 0.9; 6.3; 6.54; 25.0; -25.0; 0.0; 0; 0; 0.0; 0.0; 1; 5.55494161552; 3.05688984157; 2.50462423858; 0; 0; 0; 0; 0.0; 0.0; 0.0; -1.0; 0.0; 0.0; 0.0; 0.0; 0.0; 1.0;0; 0;0; 0; 
44.5912270546; 109370; 0.0; 0.0; -0.26354; 0.0; 0.0; 0.0; 0.0; 0.0; 0.0; 0.0; 0.0; 0.0; 0.0; 0.0; 0.0; 0.0; 0.0; 2.21; 0.9; 6.3; 6.54; 25.0; -25.0; 0.0; 0; 0; 0.0; 0.0; 1; 5.55494161552; 3.05688984157; 2.50462423858; 0; 0; 0; 0; 0.0; 0.0; 0.0; -1.0; 0.0; 0.0; 0.0; 0.0; 0.0; 1.0;0; 0;0; 0; 
44.6021411419; 109380; 0.0; 0.0; -0.26338; 0.0; 0.0; 0.0; 0.0; 0.0; 0.0; 0.0; 0.0; 0.0; 0.0; 0.0; 0.0; 0.0; 0.0; 2.21; 0.9; 6.3; 6.54; 25.0; -25.0; 0.0; 0; 0; 0.0; 0.0; 1; 5.55494161552; 3.05688984157; 2.50462423858; 0; 0; 0; 0; 0.0; 0.0; 0.0; -1.0; 0.0; 0.0; 0.0; 0.0; 0.0; 1.0;0; 0;0; 0; 
44.6143300533; 109380; 0.0; 0.0; -0.26283; 0.0; 0.0; 0.0; 0.0; 0.0; 0.0; 0.0; 0.0; 0.0; 0.0; 0.0; 0.0; 0.0; 0.0; 2.21; 0.9; 6.3; 6.54; 25.0; -25.0; 0.0; 0; 0; 0.0; 0.0; 1; 5.55494161552; 3.05688984157; 2.50462423858; 0; 0; 0; 0; 0.0; 0.0; 0.0; -1.0; 0.0; 0.0; 0.0; 0.0; 0.0; 1.0;0; 0;0; 0; 
44.625562191; 109390; 0.0; 0.0; -0.26204; 0.0; 0.0; 0.0; 0.0; 0.0; 0.0; 0.0; 0.0; 0.0; 0.0; 0.0; 0.0; 0.0; 0.0; 2.21; 0.9; 6.3; 6.54; 25.0; -25.0; 0.0; 0; 0; 0.0; 0.0; 1; 5.55494161552; 3.05688984157; 2.50462423858; 0; 0; 0; 0; 0.0; 0.0; 0.0; -1.0; 0.0; 0.0; 0.0; 0.0; 0.0; 1.0;0; 0;0; 0; 
44.6378610134; 109390; 0.0; 0.0; -0.26103; 0.0; 0.0; 0.0; 0.0; 0.0; 0.0; 0.0; 0.0; 0.0; 0.0; 0.0; 0.0; 0.0; 0.0; 2.21; 0.9; 6.3; 6.54; 25.0; -25.0; 0.0; 0; 0; 0.0; 0.0; 1; 5.55494161552; 3.05688984157; 2.50462423858; 0; 0; 0; 0; 0.0; 0.0; 0.0; -1.0; 0.0; 0.0; 0.0; 0.0; 0.0; 1.0;0; 0;0; 0; 
44.6488230228; 109400; 0.0; 0.0; -0.2599; 0.0; 0.0; 0.0; 0.0; 0.0; 0.0; 0.0; 0.0; 0.0; 0.0; 0.0; 0.0; 0.0; 0.0; 2.21; 0.9; 6.3; 6.54; 25.0; -25.0; 0.0; 0; 0; 0.0; 0.0; 1; 5.55494161552; 3.05688984157; 2.50462423858; 0; 0; 0; 0; 0.0; 0.0; 0.0; -1.0; 0.0; 0.0; 0.0; 0.0; 0.0; 1.0;0; 0;0; 0; 
44.660695076; 109400; 0.0; 0.0; -0.25876; 0.0; 0.0; 0.0; 0.0; 0.0; 0.0; 0.0; 0.0; 0.0; 0.0; 0.0; 0.0; 0.0; 0.0; 2.21; 0.9; 6.3; 6.54; 25.0; -25.0; 0.0; 0; 0; 0.0; 0.0; 1; 5.55494161552; 3.05688984157; 2.50462423858; 0; 0; 0; 0; 0.0; 0.0; 0.0; -1.0; 0.0; 0.0; 0.0; 0.0; 0.0; 1.0;0; 0;0; 0; 
44.6721920967; 109410; 0.0; 0.0; -0.25766; 0.0; 0.0; 0.0; 0.0; 0.0; 0.0; 0.0; 0.0; 0.0; 0.0; 0.0; 0.0; 0.0; 0.0; 2.21; 0.9; 6.3; 6.54; 25.0; -25.0; 0.0; 0; 0; 0.0; 0.0; 1; 5.55494161552; 3.05688984157; 2.50462423858; 0; 0; 0; 0; 0.0; 0.0; 0.0; -1.0; 0.0; 0.0; 0.0; 0.0; 0.0; 1.0;0; 0;0; 0; 
44.6862711906; 109410; 0.0; 0.0; -0.25668; 0.0; 0.0; 0.0; 0.0; 0.0; 0.0; 0.0; 0.0; 0.0; 0.0; 0.0; 0.0; 0.0; 0.0; 2.21; 0.9; 6.3; 6.54; 25.0; -25.0; 0.0; 0; 0; 0.0; 0.0; 1; 5.51986351411; 3.08217605364; 2.53223095197; 0; 0; 0; 0; 0.0; 0.0; 0.0; -1.0; 0.0; 0.0; 0.0; 0.0; 0.0; 1.0;0; 0;0; 0; 
44.6973891258; 109420; 0.0; 0.0; -0.25586; 0.0; 0.0; 0.0; 0.0; 0.0; 0.0; 0.0; 0.0; 0.0; 0.0; 0.0; 0.0; 0.0; 0.0; 2.21; 0.9; 6.3; 6.54; 25.0; -25.0; 0.0; 0; 0; 0.0; 0.0; 1; 5.51986351411; 3.08217605364; 2.53223095197; 0; 0; 0; 0; 0.0; 0.0; 0.0; -1.0; 0.0; 0.0; 0.0; 0.0; 0.0; 1.0;0; 0;0; 0; 
44.7088470459; 109420; 0.0; 0.0; -0.25521; 0.0; 0.0; 0.0; 0.0; 0.0; 0.0; 0.0; 0.0; 0.0; 0.0; 0.0; 0.0; 0.0; 0.0; 2.21; 0.9; 6.3; 6.54; 25.0; -25.0; 0.0; 0; 0; 0.0; 0.0; 1; 5.51986351411; 3.08217605364; 2.53223095197; 0; 0; 0; 0; 0.0; 0.0; 0.0; -1.0; 0.0; 0.0; 0.0; 0.0; 0.0; 1.0;0; 0;0; 0; 
44.7210741043; 109430; 0.0; 0.0; -0.25475; 0.0; 0.0; 0.0; 0.0; 0.0; 0.0; 0.0; 0.0; 0.0; 0.0; 0.0; 0.0; 0.0; 0.0; 2.21; 0.9; 6.3; 6.54; 25.0; -25.0; 0.0; 0; 0; 0.0; 0.0; 1; 5.51986351411; 3.08217605364; 2.53223095197; 0; 0; 0; 0; 0.0; 0.0; 0.0; -1.0; 0.0; 0.0; 0.0; 0.0; 0.0; 1.0;0; 0;0; 0; 
44.7318470478; 109430; 0.0; 0.0; -0.25445; 0.0; 0.0; 0.0; 0.0; 0.0; 0.0; 0.0; 0.0; 0.0; 0.0; 0.0; 0.0; 0.0; 0.0; 2.21; 0.9; 6.3; 6.54; 25.0; -25.0; 0.0; 0; 0; 0.0; 0.0; 1; 5.51986351411; 3.08217605364; 2.53223095197; 0; 0; 0; 0; 0.0; 0.0; 0.0; -1.0; 0.0; 0.0; 0.0; 0.0; 0.0; 1.0;0; 0;0; 0; 
44.7429690361; 109440; 0.0; 0.0; -0.25436; 0.0; 0.0; 0.0; 0.0; 0.0; 0.0; 0.0; 0.0; 0.0; 0.0; 0.0; 0.0; 0.0; 0.0; 2.21; 0.9; 6.3; 6.54; 25.0; -25.0; 0.0; 0; 0; 0.0; 0.0; 1; 5.51986351411; 3.08217605364; 2.53223095197; 0; 0; 0; 0; 0.0; 0.0; 0.0; -1.0; 0.0; 0.0; 0.0; 0.0; 0.0; 1.0;0; 0;0; 0; 
44.7558012009; 109440; 0.0; 0.0; -0.2545; 0.0; 0.0; 0.0; 0.0; 0.0; 0.0; 0.0; 0.0; 0.0; 0.0; 0.0; 0.0; 0.0; 0.0; 2.21; 0.9; 6.3; 6.54; 25.0; -25.0; 0.0; 0; 0; 0.0; 0.0; 1; 5.51986351411; 3.08217605364; 2.53223095197; 0; 0; 0; 0; 0.0; 0.0; 0.0; -1.0; 0.0; 0.0; 0.0; 0.0; 0.0; 1.0;0; 0;0; 0; 
44.767013073; 109450; 0.0; 0.0; -0.25493; 0.0; 0.0; 0.0; 0.0; 0.0; 0.0; 0.0; 0.0; 0.0; 0.0; 0.0; 0.0; 0.0; 0.0; 2.21; 0.9; 6.3; 6.54; 25.0; -25.0; 0.0; 0; 0; 0.0; 0.0; 1; 5.51986351411; 3.08217605364; 2.53223095197; 0; 0; 0; 0; 0.0; 0.0; 0.0; -1.0; 0.0; 0.0; 0.0; 0.0; 0.0; 1.0;0; 0;0; 0; 
44.7782170773; 109450; 0.0; 0.0; -0.25565; 0.0; 0.0; 0.0; 0.0; 0.0; 0.0; 0.0; 0.0; 0.0; 0.0; 0.0; 0.0; 0.0; 0.0; 2.21; 0.9; 6.3; 6.54; 25.0; -25.0; 0.0; 0; 0; 0.0; 0.0; 1; 5.51986351411; 3.08217605364; 2.53223095197; 0; 0; 0; 0; 0.0; 0.0; 0.0; -1.0; 0.0; 0.0; 0.0; 0.0; 0.0; 1.0;0; 0;0; 0; 
44.7911081314; 109460; 0.0; 0.0; -0.25665; 0.0; 0.0; 0.0; 0.0; 0.0; 0.0; 0.0; 0.0; 0.0; 0.0; 0.0; 0.0; 0.0; 0.0; 2.21; 0.9; 6.3; 6.54; 25.0; -25.0; 0.0; 0; 0; 0.0; 0.0; 1; 5.51986351411; 3.08217605364; 2.53223095197; 0; 0; 0; 0; 0.0; 0.0; 0.0; -1.0; 0.0; 0.0; 0.0; 0.0; 0.0; 1.0;0; 0;0; 0; 
44.7988781929; 109460; 0.0; 0.0; -0.25789; 0.0; 0.0; 0.0; 0.0; 0.0; 0.0; 0.0; 0.0; 0.0; 0.0; 0.0; 0.0; 0.0; 0.0; 2.21; 0.9; 6.3; 6.54; 25.0; -25.0; 0.0; 0; 0; 0.0; 0.0; 1; 5.51986351411; 3.08217605364; 2.53223095197; 0; 0; 0; 0; 0.0; 0.0; 0.0; -1.0; 0.0; 0.0; 0.0; 0.0; 0.0; 1.0;0; 0;0; 0; 
44.8106529713; 109470; 0.0; 0.0; -0.25929; 0.0; 0.0; 0.0; 0.0; 0.0; 0.0; 0.0; 0.0; 0.0; 0.0; 0.0; 0.0; 0.0; 0.0; 2.21; 0.9; 6.3; 6.54; 25.0; -25.0; 0.0; 0; 0; 0.0; 0.0; 1; 5.51986351411; 3.08217605364; 2.53223095197; 0; 0; 0; 0; 0.0; 0.0; 0.0; -1.0; 0.0; 0.0; 0.0; 0.0; 0.0; 1.0;0; 0;0; 0; 
44.8222680092; 109470; 0.0; 0.0; -0.2608; 0.0; 0.0; 0.0; 0.0; 0.0; 0.0; 0.0; 0.0; 0.0; 0.0; 0.0; 0.0; 0.0; 0.0; 2.21; 0.9; 6.3; 6.54; 25.0; -25.0; 0.0; 0; 0; 0.0; 0.0; 1; 5.51986351411; 3.08217605364; 2.53223095197; 0; 0; 0; 0; 0.0; 0.0; 0.0; -1.0; 0.0; 0.0; 0.0; 0.0; 0.0; 1.0;0; 0;0; 0; 
44.832873106; 109480; 0.0; 0.0; -0.26231; 0.0; 0.0; 0.0; 0.0; 0.0; 0.0; 0.0; 0.0; 0.0; 0.0; 0.0; 0.0; 0.0; 0.0; 2.21; 0.9; 6.3; 6.54; 25.0; -25.0; 0.0; 0; 0; 0.0; 0.0; 1; 5.51986351411; 3.08217605364; 2.53223095197; 0; 0; 0; 0; 0.0; 0.0; 0.0; -1.0; 0.0; 0.0; 0.0; 0.0; 0.0; 1.0;0; 0;0; 0; 
44.8438651562; 109480; 0.0; 0.0; -0.26373; 0.0; 0.0; 0.0; 0.0; 0.0; 0.0; 0.0; 0.0; 0.0; 0.0; 0.0; 0.0; 0.0; 0.0; 2.21; 0.9; 6.3; 6.54; 25.0; -25.0; 0.0; 0; 0; 0.0; 0.0; 1; 5.51986351411; 3.08217605364; 2.53223095197; 0; 0; 0; 0; 0.0; 0.0; 0.0; -1.0; 0.0; 0.0; 0.0; 0.0; 0.0; 1.0;0; 0;0; 0; 
44.8554210663; 109490; 0.0; 0.0; -0.26499; 0.0; 0.0; 0.0; 0.0; 0.0; 0.0; 0.0; 0.0; 0.0; 0.0; 0.0; 0.0; 0.0; 0.0; 2.21; 0.9; 6.3; 6.54; 25.0; -25.0; 0.0; 0; 0; 0.0; 0.0; 1; 5.51986351411; 3.08217605364; 2.53223095197; 0; 0; 0; 0; 0.0; 0.0; 0.0; -1.0; 0.0; 0.0; 0.0; 0.0; 0.0; 1.0;0; 0;0; 0; 
44.8665812016; 109490; 0.0; 0.0; -0.26606; 0.0; 0.0; 0.0; 0.0; 0.0; 0.0; 0.0; 0.0; 0.0; 0.0; 0.0; 0.0; 0.0; 0.0; 2.21; 0.9; 6.3; 6.54; 25.0; -25.0; 0.0; 0; 0; 0.0; 0.0; 1; 5.51986351411; 3.08217605364; 2.53223095197; 0; 0; 0; 0; 0.0; 0.0; 0.0; -1.0; 0.0; 0.0; 0.0; 0.0; 0.0; 1.0;0; 0;0; 0; 
44.8775091171; 109500; 0.0; 0.0; -0.267; 0.0; 0.0; 0.0; 0.0; 0.0; 0.0; 0.0; 0.0; 0.0; 0.0; 0.0; 0.0; 0.0; 0.0; 2.21; 0.9; 6.3; 6.54; 25.0; -25.0; 0.0; 0; 0; 0.0; 0.0; 1; 5.51986351411; 3.08217605364; 2.53223095197; 0; 0; 0; 0; 0.0; 0.0; 0.0; -1.0; 0.0; 0.0; 0.0; 0.0; 0.0; 1.0;0; 0;0; 0; 
44.8891751766; 109500; 0.0; 0.0; -0.26781; 0.0; 0.0; 0.0; 0.0; 0.0; 0.0; 0.0; 0.0; 0.0; 0.0; 0.0; 0.0; 0.0; 0.0; 2.21; 0.9; 6.3; 6.54; 25.0; -25.0; 0.0; 0; 0; 0.0; 0.0; 1; 5.51986351411; 3.08217605364; 2.53223095197; 0; 0; 0; 0; 0.0; 0.0; 0.0; -1.0; 0.0; 0.0; 0.0; 0.0; 0.0; 1.0;0; 0;0; 0; 
44.8995621204; 109510; 0.0; 0.0; -0.26853; 0.0; 0.0; 0.0; 0.0; 0.0; 0.0; 0.0; 0.0; 0.0; 0.0; 0.0; 0.0; 0.0; 0.0; 2.21; 0.9; 6.3; 6.54; 25.0; -25.0; 0.0; 0; 0; 0.0; 0.0; 1; 5.51986351411; 3.08217605364; 2.53223095197; 0; 0; 0; 0; 0.0; 0.0; 0.0; -1.0; 0.0; 0.0; 0.0; 0.0; 0.0; 1.0;0; 0;0; 0; 
44.9101331234; 109510; 0.0; 0.0; -0.26919; 0.0; 0.0; 0.0; 0.0; 0.0; 0.0; 0.0; 0.0; 0.0; 0.0; 0.0; 0.0; 0.0; 0.0; 2.21; 0.9; 6.3; 6.54; 25.0; -25.0; 0.0; 0; 0; 0.0; 0.0; 1; 5.48148310672; 3.10824621744; 2.56044518816; 0; 0; 0; 0; 0.0; 0.0; 0.0; -1.0; 0.0; 0.0; 0.0; 0.0; 0.0; 1.0;0; 0;0; 0; 
44.9220330715; 109520; 0.0; 0.0; -0.26993; 0.0; 0.0; 0.0; 0.0; 0.0; 0.0; 0.0; 0.0; 0.0; 0.0; 0.0; 0.0; 0.0; 0.0; 2.21; 0.9; 6.3; 6.54; 25.0; -25.0; 0.0; 0; 0; 0.0; 0.0; 1; 5.48148310672; 3.10824621744; 2.56044518816; 0; 0; 0; 0; 0.0; 0.0; 0.0; -1.0; 0.0; 0.0; 0.0; 0.0; 0.0; 1.0;0; 0;0; 0; 
44.9336760044; 109520; 0.0; 0.0; -0.27077; 0.0; 0.0; 0.0; 0.0; 0.0; 0.0; 0.0; 0.0; 0.0; 0.0; 0.0; 0.0; 0.0; 0.0; 2.21; 0.9; 6.3; 6.54; 25.0; -25.0; 0.0; 0; 0; 0.0; 0.0; 1; 5.48148310672; 3.10824621744; 2.56044518816; 0; 0; 0; 0; 0.0; 0.0; 0.0; -1.0; 0.0; 0.0; 0.0; 0.0; 0.0; 1.0;0; 0;0; 0; 
44.9449269772; 109530; 0.0; 0.0; -0.27185; 0.0; 0.0; 0.0; 0.0; 0.0; 0.0; 0.0; 0.0; 0.0; 0.0; 0.0; 0.0; 0.0; 0.0; 2.21; 0.9; 6.3; 6.54; 25.0; -25.0; 0.0; 0; 0; 0.0; 0.0; 1; 5.48148310672; 3.10824621744; 2.56044518816; 0; 0; 0; 0; 0.0; 0.0; 0.0; -1.0; 0.0; 0.0; 0.0; 0.0; 0.0; 1.0;0; 0;0; 0; 
44.9554650784; 109530; 0.0; 0.0; -0.27308; 0.0; 0.0; 0.0; 0.0; 0.0; 0.0; 0.0; 0.0; 0.0; 0.0; 0.0; 0.0; 0.0; 0.0; 2.21; 0.9; 6.3; 6.54; 25.0; -25.0; 0.0; 0; 0; 0.0; 0.0; 1; 5.48148310672; 3.10824621744; 2.56044518816; 0; 0; 0; 0; 0.0; 0.0; 0.0; -1.0; 0.0; 0.0; 0.0; 0.0; 0.0; 1.0;0; 0;0; 0; 
44.9658811092; 109540; 0.0; 0.0; -0.27445; 0.0; 0.0; 0.0; 0.0; 0.0; 0.0; 0.0; 0.0; 0.0; 0.0; 0.0; 0.0; 0.0; 0.0; 2.21; 0.9; 6.3; 6.54; 25.0; -25.0; 0.0; 0; 0; 0.0; 0.0; 1; 5.48148310672; 3.10824621744; 2.56044518816; 0; 0; 0; 0; 0.0; 0.0; 0.0; -1.0; 0.0; 0.0; 0.0; 0.0; 0.0; 1.0;0; 0;0; 0; 
44.9768531322; 109540; 0.0; 0.0; -0.27584; 0.0; 0.0; 0.0; 0.0; 0.0; 0.0; 0.0; 0.0; 0.0; 0.0; 0.0; 0.0; 0.0; 0.0; 2.21; 0.9; 6.3; 6.54; 25.0; -25.0; 0.0; 0; 0; 0.0; 0.0; 1; 5.48148310672; 3.10824621744; 2.56044518816; 0; 0; 0; 0; 0.0; 0.0; 0.0; -1.0; 0.0; 0.0; 0.0; 0.0; 0.0; 1.0;0; 0;0; 0; 
44.987432003; 109550; 0.0; 0.0; -0.27715; 0.0; 0.0; 0.0; 0.0; 0.0; 0.0; 0.0; 0.0; 0.0; 0.0; 0.0; 0.0; 0.0; 0.0; 2.32; 0.94; 4.43; 3.7; 25.0; -25.0; 0.0; 0; 0; 0.0; 0.0; 1; 5.48148310672; 3.10824621744; 2.56044518816; 0; 0; 0; 0; 0.0; 0.0; 0.0; -1.0; 0.0; 0.0; 0.0; 0.0; 0.0; 1.0;0; 0;0; 0; 
44.9986040592; 109550; 0.0; 0.0; -0.27827; 0.0; 0.0; 0.0; 0.0; 0.0; 0.0; 0.0; 0.0; 0.0; 0.0; 0.0; 0.0; 0.0; 0.0; 2.32; 0.94; 4.43; 3.7; 25.0; -25.0; 0.0; 0; 0; 0.0; 0.0; 1; 5.48148310672; 3.10824621744; 2.56044518816; 0; 0; 0; 0; 0.0; 0.0; 0.0; -1.0; 0.0; 0.0; 0.0; 0.0; 0.0; 1.0;0; 0;0; 0; 
45.0100519657; 109560; 0.0; 0.0; -0.2791; 0.0; 0.0; 0.0; 0.0; 0.0; 0.0; 0.0; 0.0; 0.0; 0.0; 0.0; 0.0; 0.0; 0.0; 2.32; 0.94; 4.43; 3.7; 25.0; -25.0; 0.0; 0; 0; 0.0; 0.0; 1; 5.48148310672; 3.10824621744; 2.56044518816; 0; 0; 0; 0; 0.0; 0.0; 0.0; -1.0; 0.0; 0.0; 0.0; 0.0; 0.0; 1.0;0; 0;0; 0; 
45.0209300518; 109560; 0.0; 0.0; -0.27958; 0.0; 0.0; 0.0; 0.0; 0.0; 0.0; 0.0; 0.0; 0.0; 0.0; 0.0; 0.0; 0.0; 0.0; 2.32; 0.94; 4.43; 3.7; 25.0; -25.0; 0.0; 0; 0; 0.0; 0.0; 1; 5.48148310672; 3.10824621744; 2.56044518816; 0; 0; 0; 0; 0.0; 0.0; 0.0; -1.0; 0.0; 0.0; 0.0; 0.0; 0.0; 1.0;0; 0;0; 0; 
45.0318219662; 109570; 0.0; 0.0; -0.27965; 0.0; 0.0; 0.0; 0.0; 0.0; 0.0; 0.0; 0.0; 0.0; 0.0; 0.0; 0.0; 0.0; 0.0; 2.32; 0.94; 4.43; 3.7; 25.0; -25.0; 0.0; 0; 0; 0.0; 0.0; 1; 5.48148310672; 3.10824621744; 2.56044518816; 0; 0; 0; 0; 0.0; 0.0; 0.0; -1.0; 0.0; 0.0; 0.0; 0.0; 0.0; 1.0;0; 0;0; 0; 
45.0439341068; 109570; 0.0; 0.0; -0.27941; 0.0; 0.0; 0.0; 0.0; 0.0; 0.0; 0.0; 0.0; 0.0; 0.0; 0.0; 0.0; 0.0; 0.0; 2.32; 0.94; 4.43; 3.7; 25.0; -25.0; 0.0; 0; 0; 0.0; 0.0; 1; 5.48148310672; 3.10824621744; 2.56044518816; 0; 0; 0; 0; 0.0; 0.0; 0.0; -1.0; 0.0; 0.0; 0.0; 0.0; 0.0; 1.0;0; 0;0; 0; 
45.0556931496; 109580; 0.0; 0.0; -0.27883; 0.0; 0.0; 0.0; 0.0; 0.0; 0.0; 0.0; 0.0; 0.0; 0.0; 0.0; 0.0; 0.0; 0.0; 2.32; 0.94; 4.43; 3.7; 25.0; -25.0; 0.0; 0; 0; 0.0; 0.0; 1; 5.48148310672; 3.10824621744; 2.56044518816; 0; 0; 0; 0; 0.0; 0.0; 0.0; -1.0; 0.0; 0.0; 0.0; 0.0; 0.0; 1.0;0; 0;0; 0; 
45.0663020611; 109580; 0.0; 0.0; -0.27799; 0.0; 0.0; 0.0; 0.0; 0.0; 0.0; 0.0; 0.0; 0.0; 0.0; 0.0; 0.0; 0.0; 0.0; 2.32; 0.94; 4.43; 3.7; 25.0; -25.0; 0.0; 0; 0; 0.0; 0.0; 1; 5.48148310672; 3.10824621744; 2.56044518816; 0; 0; 0; 0; 0.0; 0.0; 0.0; -1.0; 0.0; 0.0; 0.0; 0.0; 0.0; 1.0;0; 0;0; 0; 
45.0772299767; 109590; 0.0; 0.0; -0.27692; 0.0; 0.0; 0.0; 0.0; 0.0; 0.0; 0.0; 0.0; 0.0; 0.0; 0.0; 0.0; 0.0; 0.0; 2.32; 0.94; 4.43; 3.7; 25.0; -25.0; 0.0; 0; 0; 0.0; 0.0; 1; 5.48148310672; 3.10824621744; 2.56044518816; 0; 0; 0; 0; 0.0; 0.0; 0.0; -1.0; 0.0; 0.0; 0.0; 0.0; 0.0; 1.0;0; 0;0; 0; 
45.0886621475; 109590; 0.0; 0.0; -0.27573; 0.0; 0.0; 0.0; 0.0; 0.0; 0.0; 0.0; 0.0; 0.0; 0.0; 0.0; 0.0; 0.0; 0.0; 2.32; 0.94; 4.43; 3.7; 25.0; -25.0; 0.0; 0; 0; 0.0; 0.0; 1; 5.48148310672; 3.10824621744; 2.56044518816; 0; 0; 0; 0; 0.0; 0.0; 0.0; -1.0; 0.0; 0.0; 0.0; 0.0; 0.0; 1.0;0; 0;0; 0; 
45.0990931988; 109600; 0.0; 0.0; -0.27452; 0.0; 0.0; 0.0; 0.0; 0.0; 0.0; 0.0; 0.0; 0.0; 0.0; 0.0; 0.0; 0.0; 0.0; 2.32; 0.94; 4.43; 3.7; 25.0; -25.0; 0.0; 0; 0; 0.0; 0.0; 1; 5.48148310672; 3.10824621744; 2.56044518816; 0; 0; 0; 0; 0.0; 0.0; 0.0; -1.0; 0.0; 0.0; 0.0; 0.0; 0.0; 1.0;0; 0;0; 0; 
45.110229969; 109600; 0.0; 0.0; -0.27338; 0.0; 0.0; 0.0; 0.0; 0.0; 0.0; 0.0; 0.0; 0.0; 0.0; 0.0; 0.0; 0.0; 0.0; 2.32; 0.94; 4.43; 3.7; 25.0; -25.0; 0.0; 0; 0; 0.0; 0.0; 1; 5.48148310672; 3.10824621744; 2.56044518816; 0; 0; 0; 0; 0.0; 0.0; 0.0; -1.0; 0.0; 0.0; 0.0; 0.0; 0.0; 1.0;0; 0;0; 0; 
45.1209881306; 109610; 0.0; 0.0; -0.27243; 0.0; 0.0; 0.0; 0.0; 0.0; 0.0; 0.0; 0.0; 0.0; 0.0; 0.0; 0.0; 0.0; 0.0; 2.32; 0.94; 4.43; 3.7; 25.0; -25.0; 0.0; 0; 0; 0.0; 0.0; 1; 5.48148310672; 3.10824621744; 2.56044518816; 0; 0; 0; 0; 0.0; 0.0; 0.0; -1.0; 0.0; 0.0; 0.0; 0.0; 0.0; 1.0;0; 0;0; 0; 
45.1344721317; 109610; 0.0; 0.0; -0.27178; 0.0; 0.0; 0.0; 0.0; 0.0; 0.0; 0.0; 0.0; 0.0; 0.0; 0.0; 0.0; 0.0; 0.0; 2.32; 0.94; 4.43; 3.7; 25.0; -25.0; 0.0; 0; 0; 0.0; 0.0; 1; 5.44204996274; 3.13341078645; 2.59015632293; 0; 0; 0; 0; 0.0; 0.0; 0.0; -1.0; 0.0; 0.0; 0.0; 0.0; 0.0; 1.0;0; 0;0; 0; 
45.1456041336; 109620; 0.0; 0.0; -0.27143; 0.0; 0.0; 0.0; 0.0; 0.0; 0.0; 0.0; 0.0; 0.0; 0.0; 0.0; 0.0; 0.0; 0.0; 2.32; 0.94; 4.43; 3.7; 25.0; -25.0; 0.0; 0; 0; 0.0; 0.0; 1; 5.44204996274; 3.13341078645; 2.59015632293; 0; 0; 0; 0; 0.0; 0.0; 0.0; -1.0; 0.0; 0.0; 0.0; 0.0; 0.0; 1.0;0; 0;0; 0; 
45.1578409672; 109620; 0.0; 0.0; -0.27133; 0.0; 0.0; 0.0; 0.0; 0.0; 0.0; 0.0; 0.0; 0.0; 0.0; 0.0; 0.0; 0.0; 0.0; 2.32; 0.94; 4.43; 3.7; 25.0; -25.0; 0.0; 0; 0; 0.0; 0.0; 1; 5.44204996274; 3.13341078645; 2.59015632293; 0; 0; 0; 0; 0.0; 0.0; 0.0; -1.0; 0.0; 0.0; 0.0; 0.0; 0.0; 1.0;0; 0;0; 0; 
45.1692430973; 109630; 0.0; 0.0; -0.2715; 0.0; 0.0; 0.0; 0.0; 0.0; 0.0; 0.0; 0.0; 0.0; 0.0; 0.0; 0.0; 0.0; 0.0; 2.32; 0.94; 4.43; 3.7; 25.0; -25.0; 0.0; 0; 0; 0.0; 0.0; 1; 5.44204996274; 3.13341078645; 2.59015632293; 0; 0; 0; 0; 0.0; 0.0; 0.0; -1.0; 0.0; 0.0; 0.0; 0.0; 0.0; 1.0;0; 0;0; 0; 
45.1819980145; 109630; 0.0; 0.0; -0.27185; 0.0; 0.0; 0.0; 0.0; 0.0; 0.0; 0.0; 0.0; 0.0; 0.0; 0.0; 0.0; 0.0; 0.0; 2.32; 0.94; 4.43; 3.7; 25.0; -25.0; 0.0; 0; 0; 0.0; 0.0; 1; 5.44204996274; 3.13341078645; 2.59015632293; 0; 0; 0; 0; 0.0; 0.0; 0.0; -1.0; 0.0; 0.0; 0.0; 0.0; 0.0; 1.0;0; 0;0; 0; 
45.1930961609; 109640; 0.0; 0.0; -0.27228; 0.0; 0.0; 0.0; 0.0; 0.0; 0.0; 0.0; 0.0; 0.0; 0.0; 0.0; 0.0; 0.0; 0.0; 2.32; 0.94; 4.43; 3.7; 25.0; -25.0; 0.0; 0; 0; 0.0; 0.0; 1; 5.44204996274; 3.13341078645; 2.59015632293; 0; 0; 0; 0; 0.0; 0.0; 0.0; -1.0; 0.0; 0.0; 0.0; 0.0; 0.0; 1.0;0; 0;0; 0; 
45.2052471638; 109640; 0.0; 0.0; -0.27273; 0.0; 0.0; 0.0; 0.0; 0.0; 0.0; 0.0; 0.0; 0.0; 0.0; 0.0; 0.0; 0.0; 0.0; 2.32; 0.94; 4.43; 3.7; 25.0; -25.0; 0.0; 0; 0; 0.0; 0.0; 1; 5.44204996274; 3.13341078645; 2.59015632293; 0; 0; 0; 0; 0.0; 0.0; 0.0; -1.0; 0.0; 0.0; 0.0; 0.0; 0.0; 1.0;0; 0;0; 0; 
45.2170081139; 109650; 0.0; 0.0; -0.27305; 0.0; 0.0; 0.0; 0.0; 0.0; 0.0; 0.0; 0.0; 0.0; 0.0; 0.0; 0.0; 0.0; 0.0; 2.4; 0.99; 4.51; 3.79; 25.0; -25.0; 0.0; 0; 0; 0.0; 0.0; 1; 5.44204996274; 3.13341078645; 2.59015632293; 0; 0; 0; 0; 0.0; 0.0; 0.0; -1.0; 0.0; 0.0; 0.0; 0.0; 0.0; 1.0;0; 0;0; 0; 
45.2285180092; 109650; 0.0; 0.0; -0.27325; 0.0; 0.0; 0.0; 0.0; 0.0; 0.0; 0.0; 0.0; 0.0; 0.0; 0.0; 0.0; 0.0; 0.0; 2.4; 0.99; 4.51; 3.79; 25.0; -25.0; 0.0; 0; 0; 0.0; 0.0; 1; 5.44204996274; 3.13341078645; 2.59015632293; 0; 0; 0; 0; 0.0; 0.0; 0.0; -1.0; 0.0; 0.0; 0.0; 0.0; 0.0; 1.0;0; 0;0; 0; 
45.2405250072; 109660; 0.0; 0.0; -0.27335; 0.0; 0.0; 0.0; 0.0; 0.0; 0.0; 0.0; 0.0; 0.0; 0.0; 0.0; 0.0; 0.0; 0.0; 2.4; 0.99; 4.51; 3.79; 25.0; -25.0; 0.0; 0; 0; 0.0; 0.0; 1; 5.44204996274; 3.13341078645; 2.59015632293; 0; 0; 0; 0; 0.0; 0.0; 0.0; -1.0; 0.0; 0.0; 0.0; 0.0; 0.0; 1.0;0; 0;0; 0; 
45.2525360584; 109660; 0.0; 0.0; -0.27321; 0.0; 0.0; 0.0; 0.0; 0.0; 0.0; 0.0; 0.0; 0.0; 0.0; 0.0; 0.0; 0.0; 0.0; 2.4; 0.99; 4.51; 3.79; 25.0; -25.0; 0.0; 0; 0; 0.0; 0.0; 1; 5.44204996274; 3.13341078645; 2.59015632293; 0; 0; 0; 0; 0.0; 0.0; 0.0; -1.0; 0.0; 0.0; 0.0; 0.0; 0.0; 1.0;0; 0;0; 0; 
45.2646369934; 109670; 0.0; 0.0; -0.27293; 0.0; 0.0; 0.0; 0.0; 0.0; 0.0; 0.0; 0.0; 0.0; 0.0; 0.0; 0.0; 0.0; 0.0; 2.4; 0.99; 4.51; 3.79; 25.0; -25.0; 0.0; 0; 0; 0.0; 0.0; 1; 5.44204996274; 3.13341078645; 2.59015632293; 0; 0; 0; 0; 0.0; 0.0; 0.0; -1.0; 0.0; 0.0; 0.0; 0.0; 0.0; 1.0;0; 0;0; 0; 
45.2770659924; 109670; 0.0; 0.0; -0.27247; 0.0; 0.0; 0.0; 0.0; 0.0; 0.0; 0.0; 0.0; 0.0; 0.0; 0.0; 0.0; 0.0; 0.0; 2.4; 0.99; 4.51; 3.79; 25.0; -25.0; 0.0; 0; 0; 0.0; 0.0; 1; 5.44204996274; 3.13341078645; 2.59015632293; 0; 0; 0; 0; 0.0; 0.0; 0.0; -1.0; 0.0; 0.0; 0.0; 0.0; 0.0; 1.0;0; 0;0; 0; 
45.2896931171; 109680; 0.0; 0.0; -0.27186; 0.0; 0.0; 0.0; 0.0; 0.0; 0.0; 0.0; 0.0; 0.0; 0.0; 0.0; 0.0; 0.0; 0.0; 2.4; 0.99; 4.51; 3.79; 25.0; -25.0; 0.0; 0; 0; 0.0; 0.0; 1; 5.44204996274; 3.13341078645; 2.59015632293; 0; 0; 0; 0; 0.0; 0.0; 0.0; -1.0; 0.0; 0.0; 0.0; 0.0; 0.0; 1.0;0; 0;0; 0; 
45.3004310131; 109680; 0.0; 0.0; -0.27133; 0.0; 0.0; 0.0; 0.0; 0.0; 0.0; 0.0; 0.0; 0.0; 0.0; 0.0; 0.0; 0.0; 0.0; 2.4; 0.99; 4.51; 3.79; 25.0; -25.0; 0.0; 0; 0; 0.0; 0.0; 1; 5.44204996274; 3.13341078645; 2.59015632293; 0; 0; 0; 0; 0.0; 0.0; 0.0; -1.0; 0.0; 0.0; 0.0; 0.0; 0.0; 1.0;0; 0;0; 0; 
45.3145151138; 109690; 0.0; 0.0; -0.27083; 0.0; 0.0; 0.0; 0.0; 0.0; 0.0; 0.0; 0.0; 0.0; 0.0; 0.0; 0.0; 0.0; 0.0; 2.4; 0.99; 4.51; 3.79; 25.0; -25.0; 0.0; 0; 0; 0.0; 0.0; 1; 5.44204996274; 3.13341078645; 2.59015632293; 0; 0; 0; 0; 0.0; 0.0; 0.0; -1.0; 0.0; 0.0; 0.0; 0.0; 0.0; 1.0;0; 0;0; 0; 
45.326734066; 109690; 0.0; 0.0; -0.27047; 0.0; 0.0; 0.0; 0.0; 0.0; 0.0; 0.0; 0.0; 0.0; 0.0; 0.0; 0.0; 0.0; 0.0; 2.4; 0.99; 4.51; 3.79; 25.0; -25.0; 0.0; 0; 0; 0.0; 0.0; 1; 5.44204996274; 3.13341078645; 2.59015632293; 0; 0; 0; 0; 0.0; 0.0; 0.0; -1.0; 0.0; 0.0; 0.0; 0.0; 0.0; 1.0;0; 0;0; 0; 
45.3385851383; 109700; 0.0; 0.0; -0.27027; 0.0; 0.0; 0.0; 0.0; 0.0; 0.0; 0.0; 0.0; 0.0; 0.0; 0.0; 0.0; 0.0; 0.0; 2.4; 0.99; 4.51; 3.79; 25.0; -25.0; 0.0; 0; 0; 0.0; 0.0; 1; 5.44204996274; 3.13341078645; 2.59015632293; 0; 0; 0; 0; 0.0; 0.0; 0.0; -1.0; 0.0; 0.0; 0.0; 0.0; 0.0; 1.0;0; 0;0; 0; 
45.3510320187; 109700; 0.0; 0.0; -0.27024; 0.0; 0.0; 0.0; 0.0; 0.0; 0.0; 0.0; 0.0; 0.0; 0.0; 0.0; 0.0; 0.0; 0.0; 2.4; 0.99; 4.51; 3.79; 25.0; -25.0; 0.0; 0; 0; 0.0; 0.0; 1; 5.44204996274; 3.13341078645; 2.59015632293; 0; 0; 0; 0; 0.0; 0.0; 0.0; -1.0; 0.0; 0.0; 0.0; 0.0; 0.0; 1.0;0; 0;0; 0; 
45.3623051643; 109710; 0.0; 0.0; -0.27048; 0.0; 0.0; 0.0; 0.0; 0.0; 0.0; 0.0; 0.0; 0.0; 0.0; 0.0; 0.0; 0.0; 0.0; 2.4; 0.99; 4.51; 3.79; 25.0; -25.0; 0.0; 0; 0; 0.0; 0.0; 1; 5.44204996274; 3.13341078645; 2.59015632293; 0; 0; 0; 0; 0.0; 0.0; 0.0; -1.0; 0.0; 0.0; 0.0; 0.0; 0.0; 1.0;0; 0;0; 0; 
45.3732659817; 109710; 0.0; 0.0; -0.27093; 0.0; 0.0; 0.0; 0.0; 0.0; 0.0; 0.0; 0.0; 0.0; 0.0; 0.0; 0.0; 0.0; 0.0; 2.4; 0.99; 4.51; 3.79; 25.0; -25.0; 0.0; 0; 0; 0.0; 0.0; 1; 5.40592113055; 3.15499789775; 2.61908352927; 0; 0; 0; 0; 0.0; 0.0; 0.0; -1.0; 0.0; 0.0; 0.0; 0.0; 0.0; 1.0;0; 0;0; 0; 
45.3842129707; 109720; 0.0; 0.0; -0.27153; 0.0; 0.0; 0.0; 0.0; 0.0; 0.0; 0.0; 0.0; 0.0; 0.0; 0.0; 0.0; 0.0; 0.0; 2.4; 0.99; 4.51; 3.79; 25.0; -25.0; 0.0; 0; 0; 0.0; 0.0; 1; 5.40592113055; 3.15499789775; 2.61908352927; 0; 0; 0; 0; 0.0; 0.0; 0.0; -1.0; 0.0; 0.0; 0.0; 0.0; 0.0; 1.0;0; 0;0; 0; 
45.3956091404; 109720; 0.0; 0.0; -0.27216; 0.0; 0.0; 0.0; 0.0; 0.0; 0.0; 0.0; 0.0; 0.0; 0.0; 0.0; 0.0; 0.0; 0.0; 2.4; 0.99; 4.51; 3.79; 25.0; -25.0; 0.0; 0; 0; 0.0; 0.0; 1; 5.40592113055; 3.15499789775; 2.61908352927; 0; 0; 0; 0; 0.0; 0.0; 0.0; -1.0; 0.0; 0.0; 0.0; 0.0; 0.0; 1.0;0; 0;0; 0; 
45.4073390961; 109730; 0.0; 0.0; -0.27274; 0.0; 0.0; 0.0; 0.0; 0.0; 0.0; 0.0; 0.0; 0.0; 0.0; 0.0; 0.0; 0.0; 0.0; 2.4; 0.99; 4.51; 3.79; 25.0; -25.0; 0.0; 0; 0; 0.0; 0.0; 1; 5.40592113055; 3.15499789775; 2.61908352927; 0; 0; 0; 0; 0.0; 0.0; 0.0; -1.0; 0.0; 0.0; 0.0; 0.0; 0.0; 1.0;0; 0;0; 0; 
45.4187521935; 109730; 0.0; 0.0; -0.27324; 0.0; 0.0; 0.0; 0.0; 0.0; 0.0; 0.0; 0.0; 0.0; 0.0; 0.0; 0.0; 0.0; 0.0; 2.4; 0.99; 4.51; 3.79; 25.0; -25.0; 0.0; 0; 0; 0.0; 0.0; 1; 5.40592113055; 3.15499789775; 2.61908352927; 0; 0; 0; 0; 0.0; 0.0; 0.0; -1.0; 0.0; 0.0; 0.0; 0.0; 0.0; 1.0;0; 0;0; 0; 
45.4299051762; 109740; 0.0; 0.0; -0.27353; 0.0; 0.0; 0.0; 0.0; 0.0; 0.0; 0.0; 0.0; 0.0; 0.0; 0.0; 0.0; 0.0; 0.0; 2.4; 0.99; 4.51; 3.79; 25.0; -25.0; 0.0; 0; 0; 0.0; 0.0; 1; 5.40592113055; 3.15499789775; 2.61908352927; 0; 0; 0; 0; 0.0; 0.0; 0.0; -1.0; 0.0; 0.0; 0.0; 0.0; 0.0; 1.0;0; 0;0; 0; 
45.4424431324; 109740; 0.0; 0.0; -0.27354; 0.0; 0.0; 0.0; 0.0; 0.0; 0.0; 0.0; 0.0; 0.0; 0.0; 0.0; 0.0; 0.0; 0.0; 2.4; 0.99; 4.51; 3.79; 25.0; -25.0; 0.0; 0; 0; 0.0; 0.0; 1; 5.40592113055; 3.15499789775; 2.61908352927; 0; 0; 0; 0; 0.0; 0.0; 0.0; -1.0; 0.0; 0.0; 0.0; 0.0; 0.0; 1.0;0; 0;0; 0; 
45.4526422024; 109750; 0.0; 0.0; -0.27326; 0.0; 0.0; 0.0; 0.0; 0.0; 0.0; 0.0; 0.0; 0.0; 0.0; 0.0; 0.0; 0.0; 0.0; 2.4; 0.99; 4.51; 3.79; 25.0; -25.0; 0.0; 0; 0; 0.0; 0.0; 1; 5.40592113055; 3.15499789775; 2.61908352927; 0; 0; 0; 0; 0.0; 0.0; 0.0; -1.0; 0.0; 0.0; 0.0; 0.0; 0.0; 1.0;0; 0;0; 0; 
45.4648270607; 109750; 0.0; 0.0; -0.27267; 0.0; 0.0; 0.0; 0.0; 0.0; 0.0; 0.0; 0.0; 0.0; 0.0; 0.0; 0.0; 0.0; 0.0; 2.4; 0.99; 4.51; 3.79; 25.0; -25.0; 0.0; 0; 0; 0.0; 0.0; 1; 5.40592113055; 3.15499789775; 2.61908352927; 0; 0; 0; 0; 0.0; 0.0; 0.0; -1.0; 0.0; 0.0; 0.0; 0.0; 0.0; 1.0;0; 0;0; 0; 
45.4768390656; 109760; 0.0; 0.0; -0.27192; 0.0; 0.0; 0.0; 0.0; 0.0; 0.0; 0.0; 0.0; 0.0; 0.0; 0.0; 0.0; 0.0; 0.0; 2.4; 0.99; 4.51; 3.79; 25.0; -25.0; 0.0; 0; 0; 0.0; 0.0; 1; 5.40592113055; 3.15499789775; 2.61908352927; 0; 0; 0; 0; 0.0; 0.0; 0.0; -1.0; 0.0; 0.0; 0.0; 0.0; 0.0; 1.0;0; 0;0; 0; 
45.4915571213; 109760; 0.0; 0.0; -0.27107; 0.0; 0.0; 0.0; 0.0; 0.0; 0.0; 0.0; 0.0; 0.0; 0.0; 0.0; 0.0; 0.0; 0.0; 2.4; 0.99; 4.51; 3.79; 25.0; -25.0; 0.0; 0; 0; 0.0; 0.0; 1; 5.40592113055; 3.15499789775; 2.61908352927; 0; 0; 0; 0; 0.0; 0.0; 0.0; -1.0; 0.0; 0.0; 0.0; 0.0; 0.0; 1.0;0; 0;0; 0; 
45.5012249947; 109770; 0.0; 0.0; -0.27016; 0.0; 0.0; 0.0; 0.0; 0.0; 0.0; 0.0; 0.0; 0.0; 0.0; 0.0; 0.0; 0.0; 0.0; 2.4; 0.99; 4.51; 3.79; 25.0; -25.0; 0.0; 0; 0; 0.0; 0.0; 1; 5.40592113055; 3.15499789775; 2.61908352927; 0; 0; 0; 0; 0.0; 0.0; 0.0; -1.0; 0.0; 0.0; 0.0; 0.0; 0.0; 1.0;0; 0;0; 0; 
45.5123071671; 109770; 0.0; 0.0; -0.26925; 0.0; 0.0; 0.0; 0.0; 0.0; 0.0; 0.0; 0.0; 0.0; 0.0; 0.0; 0.0; 0.0; 0.0; 2.4; 0.99; 4.51; 3.79; 25.0; -25.0; 0.0; 0; 0; 0.0; 0.0; 1; 5.40592113055; 3.15499789775; 2.61908352927; 0; 0; 0; 0; 0.0; 0.0; 0.0; -1.0; 0.0; 0.0; 0.0; 0.0; 0.0; 1.0;0; 0;0; 0; 
45.5234999657; 109780; 0.0; 0.0; -0.26834; 0.0; 0.0; 0.0; 0.0; 0.0; 0.0; 0.0; 0.0; 0.0; 0.0; 0.0; 0.0; 0.0; 0.0; 2.4; 0.99; 4.51; 3.79; 25.0; -25.0; 0.0; 0; 0; 0.0; 0.0; 1; 5.40592113055; 3.15499789775; 2.61908352927; 0; 0; 0; 0; 0.0; 0.0; 0.0; -1.0; 0.0; 0.0; 0.0; 0.0; 0.0; 1.0;0; 0;0; 0; 
45.5351550579; 109780; 0.0; 0.0; -0.26746; 0.0; 0.0; 0.0; 0.0; 0.0; 0.0; 0.0; 0.0; 0.0; 0.0; 0.0; 0.0; 0.0; 0.0; 2.41; 1.01; 4.46; 7.96; 25.0; -25.0; 0.0; 0; 0; 0.0; 0.0; 1; 5.40592113055; 3.15499789775; 2.61908352927; 0; 0; 0; 0; 0.0; 0.0; 0.0; -1.0; 0.0; 0.0; 0.0; 0.0; 0.0; 1.0;0; 0;0; 0; 
45.5466921329; 109790; 0.0; 0.0; -0.26671; 0.0; 0.0; 0.0; 0.0; 0.0; 0.0; 0.0; 0.0; 0.0; 0.0; 0.0; 0.0; 0.0; 0.0; 2.41; 1.01; 4.46; 7.96; 25.0; -25.0; 0.0; 0; 0; 0.0; 0.0; 1; 5.40592113055; 3.15499789775; 2.61908352927; 0; 0; 0; 0; 0.0; 0.0; 0.0; -1.0; 0.0; 0.0; 0.0; 0.0; 0.0; 1.0;0; 0;0; 0; 
45.5587751865; 109790; 0.0; 0.0; -0.26605; 0.0; 0.0; 0.0; 0.0; 0.0; 0.0; 0.0; 0.0; 0.0; 0.0; 0.0; 0.0; 0.0; 0.0; 2.41; 1.01; 4.46; 7.96; 25.0; -25.0; 0.0; 0; 0; 0.0; 0.0; 1; 5.40592113055; 3.15499789775; 2.61908352927; 0; 0; 0; 0; 0.0; 0.0; 0.0; -1.0; 0.0; 0.0; 0.0; 0.0; 0.0; 1.0;0; 0;0; 0; 
45.5695409775; 109800; 0.0; 0.0; -0.26558; 0.0; 0.0; 0.0; 0.0; 0.0; 0.0; 0.0; 0.0; 0.0; 0.0; 0.0; 0.0; 0.0; 0.0; 2.41; 1.01; 4.46; 7.96; 25.0; -25.0; 0.0; 0; 0; 0.0; 0.0; 1; 5.40592113055; 3.15499789775; 2.61908352927; 0; 0; 0; 0; 0.0; 0.0; 0.0; -1.0; 0.0; 0.0; 0.0; 0.0; 0.0; 1.0;0; 0;0; 0; 
45.5814290047; 109800; 0.0; 0.0; -0.26531; 0.0; 0.0; 0.0; 0.0; 0.0; 0.0; 0.0; 0.0; 0.0; 0.0; 0.0; 0.0; 0.0; 0.0; 2.41; 1.01; 4.46; 7.96; 25.0; -25.0; 0.0; 0; 0; 0.0; 0.0; 1; 5.40592113055; 3.15499789775; 2.61908352927; 0; 0; 0; 0; 0.0; 0.0; 0.0; -1.0; 0.0; 0.0; 0.0; 0.0; 0.0; 1.0;0; 0;0; 0; 
45.5922911167; 109810; 0.0; 0.0; -0.26526; 0.0; 0.0; 0.0; 0.0; 0.0; 0.0; 0.0; 0.0; 0.0; 0.0; 0.0; 0.0; 0.0; 0.0; 2.41; 1.01; 4.46; 7.96; 25.0; -25.0; 0.0; 0; 0; 0.0; 0.0; 1; 5.40592113055; 3.15499789775; 2.61908352927; 0; 0; 0; 0; 0.0; 0.0; 0.0; -1.0; 0.0; 0.0; 0.0; 0.0; 0.0; 1.0;0; 0;0; 0; 
45.6034870148; 109810; 0.0; 0.0; -0.26541; 0.0; 0.0; 0.0; 0.0; 0.0; 0.0; 0.0; 0.0; 0.0; 0.0; 0.0; 0.0; 0.0; 0.0; 2.41; 1.01; 4.46; 7.96; 25.0; -25.0; 0.0; 0; 0; 0.0; 0.0; 1; 5.37104757138; 3.17448608135; 2.64764245738; 0; 0; 0; 0; 0.0; 0.0; 0.0; -1.0; 0.0; 0.0; 0.0; 0.0; 0.0; 1.0;0; 0;0; 0; 
45.6147551537; 109820; 0.0; 0.0; -0.26567; 0.0; 0.0; 0.0; 0.0; 0.0; 0.0; 0.0; 0.0; 0.0; 0.0; 0.0; 0.0; 0.0; 0.0; 2.41; 1.01; 4.46; 7.96; 25.0; -25.0; 0.0; 0; 0; 0.0; 0.0; 1; 5.37104757138; 3.17448608135; 2.64764245738; 0; 0; 0; 0; 0.0; 0.0; 0.0; -1.0; 0.0; 0.0; 0.0; 0.0; 0.0; 1.0;0; 0;0; 0; 
45.6268801689; 109820; 0.0; 0.0; -0.26595; 0.0; 0.0; 0.0; 0.0; 0.0; 0.0; 0.0; 0.0; 0.0; 0.0; 0.0; 0.0; 0.0; 0.0; 2.41; 1.01; 4.46; 7.96; 25.0; -25.0; 0.0; 0; 0; 0.0; 0.0; 1; 5.37104757138; 3.17448608135; 2.64764245738; 0; 0; 0; 0; 0.0; 0.0; 0.0; -1.0; 0.0; 0.0; 0.0; 0.0; 0.0; 1.0;0; 0;0; 0; 
45.6383771896; 109830; 0.0; 0.0; -0.26622; 0.0; 0.0; 0.0; 0.0; 0.0; 0.0; 0.0; 0.0; 0.0; 0.0; 0.0; 0.0; 0.0; 0.0; 2.41; 1.01; 4.46; 7.96; 25.0; -25.0; 0.0; 0; 0; 0.0; 0.0; 1; 5.37104757138; 3.17448608135; 2.64764245738; 0; 0; 0; 0; 0.0; 0.0; 0.0; -1.0; 0.0; 0.0; 0.0; 0.0; 0.0; 1.0;0; 0;0; 0; 
45.6504461765; 109830; 0.0; 0.0; -0.26635; 0.0; 0.0; 0.0; 0.0; 0.0; 0.0; 0.0; 0.0; 0.0; 0.0; 0.0; 0.0; 0.0; 0.0; 2.41; 1.01; 4.46; 7.96; 25.0; -25.0; 0.0; 0; 0; 0.0; 0.0; 1; 5.37104757138; 3.17448608135; 2.64764245738; 0; 0; 0; 0; 0.0; 0.0; 0.0; -1.0; 0.0; 0.0; 0.0; 0.0; 0.0; 1.0;0; 0;0; 0; 
45.662610054; 109840; 0.0; 0.0; -0.26637; 0.0; 0.0; 0.0; 0.0; 0.0; 0.0; 0.0; 0.0; 0.0; 0.0; 0.0; 0.0; 0.0; 0.0; 2.41; 1.01; 4.46; 7.96; 25.0; -25.0; 0.0; 0; 0; 0.0; 0.0; 1; 5.37104757138; 3.17448608135; 2.64764245738; 0; 0; 0; 0; 0.0; 0.0; 0.0; -1.0; 0.0; 0.0; 0.0; 0.0; 0.0; 1.0;0; 0;0; 0; 
45.6730461121; 109840; 0.0; 0.0; -0.26627; 0.0; 0.0; 0.0; 0.0; 0.0; 0.0; 0.0; 0.0; 0.0; 0.0; 0.0; 0.0; 0.0; 0.0; 2.41; 1.01; 4.46; 7.96; 25.0; -25.0; 0.0; 0; 0; 0.0; 0.0; 1; 5.37104757138; 3.17448608135; 2.64764245738; 0; 0; 0; 0; 0.0; 0.0; 0.0; -1.0; 0.0; 0.0; 0.0; 0.0; 0.0; 1.0;0; 0;0; 0; 
45.6855490208; 109850; 0.0; 0.0; -0.26608; 0.0; 0.0; 0.0; 0.0; 0.0; 0.0; 0.0; 0.0; 0.0; 0.0; 0.0; 0.0; 0.0; 0.0; 2.41; 1.01; 4.46; 7.96; 25.0; -25.0; 0.0; 0; 0; 0.0; 0.0; 1; 5.37104757138; 3.17448608135; 2.64764245738; 0; 0; 0; 0; 0.0; 0.0; 0.0; -1.0; 0.0; 0.0; 0.0; 0.0; 0.0; 1.0;0; 0;0; 0; 
45.697165966; 109850; 0.0; 0.0; -0.26585; 0.0; 0.0; 0.0; 0.0; 0.0; 0.0; 0.0; 0.0; 0.0; 0.0; 0.0; 0.0; 0.0; 0.0; 2.41; 1.01; 4.46; 7.96; 25.0; -25.0; 0.0; 0; 0; 0.0; 0.0; 1; 5.37104757138; 3.17448608135; 2.64764245738; 0; 0; 0; 0; 0.0; 0.0; 0.0; -1.0; 0.0; 0.0; 0.0; 0.0; 0.0; 1.0;0; 0;0; 0; 
45.7085430622; 109860; 0.0; 0.0; -0.26563; 0.0; 0.0; 0.0; 0.0; 0.0; 0.0; 0.0; 0.0; 0.0; 0.0; 0.0; 0.0; 0.0; 0.0; 2.41; 1.01; 4.46; 7.96; 25.0; -25.0; 0.0; 0; 0; 0.0; 0.0; 1; 5.37104757138; 3.17448608135; 2.64764245738; 0; 0; 0; 0; 0.0; 0.0; 0.0; -1.0; 0.0; 0.0; 0.0; 0.0; 0.0; 1.0;0; 0;0; 0; 
45.721227169; 109860; 0.0; 0.0; -0.26549; 0.0; 0.0; 0.0; 0.0; 0.0; 0.0; 0.0; 0.0; 0.0; 0.0; 0.0; 0.0; 0.0; 0.0; 2.41; 1.01; 4.46; 7.96; 25.0; -25.0; 0.0; 0; 0; 0.0; 0.0; 1; 5.37104757138; 3.17448608135; 2.64764245738; 0; 0; 0; 0; 0.0; 0.0; 0.0; -1.0; 0.0; 0.0; 0.0; 0.0; 0.0; 1.0;0; 0;0; 0; 
45.732489109; 109870; 0.0; 0.0; -0.26549; 0.0; 0.0; 0.0; 0.0; 0.0; 0.0; 0.0; 0.0; 0.0; 0.0; 0.0; 0.0; 0.0; 0.0; 2.41; 1.01; 4.46; 7.96; 25.0; -25.0; 0.0; 0; 0; 0.0; 0.0; 1; 5.37104757138; 3.17448608135; 2.64764245738; 0; 0; 0; 0; 0.0; 0.0; 0.0; -1.0; 0.0; 0.0; 0.0; 0.0; 0.0; 1.0;0; 0;0; 0; 
45.7438790798; 109870; 0.0; 0.0; -0.26578; 0.0; 0.0; 0.0; 0.0; 0.0; 0.0; 0.0; 0.0; 0.0; 0.0; 0.0; 0.0; 0.0; 0.0; 2.41; 1.01; 4.46; 7.96; 25.0; -25.0; 0.0; 0; 0; 0.0; 0.0; 1; 5.37104757138; 3.17448608135; 2.64764245738; 0; 0; 0; 0; 0.0; 0.0; 0.0; -1.0; 0.0; 0.0; 0.0; 0.0; 0.0; 1.0;0; 0;0; 0; 
45.7563490868; 109880; 0.0; 0.0; -0.2664; 0.0; 0.0; 0.0; 0.0; 0.0; 0.0; 0.0; 0.0; 0.0; 0.0; 0.0; 0.0; 0.0; 0.0; 2.41; 1.01; 4.46; 7.96; 25.0; -25.0; 0.0; 0; 0; 0.0; 0.0; 1; 5.37104757138; 3.17448608135; 2.64764245738; 0; 0; 0; 0; 0.0; 0.0; 0.0; -1.0; 0.0; 0.0; 0.0; 0.0; 0.0; 1.0;0; 0;0; 0; 
45.7673361301; 109880; 0.0; 0.0; -0.26741; 0.0; 0.0; 0.0; 0.0; 0.0; 0.0; 0.0; 0.0; 0.0; 0.0; 0.0; 0.0; 0.0; 0.0; 2.43; 1.01; 6.76; 7.17; 25.0; -25.0; 0.0; 0; 0; 0.0; 0.0; 1; 5.37104757138; 3.17448608135; 2.64764245738; 0; 0; 0; 0; 0.0; 0.0; 0.0; -1.0; 0.0; 0.0; 0.0; 0.0; 0.0; 1.0;0; 0;0; 0; 
45.7797641754; 109890; 0.0; 0.0; -0.26879; 0.0; 0.0; 0.0; 0.0; 0.0; 0.0; 0.0; 0.0; 0.0; 0.0; 0.0; 0.0; 0.0; 0.0; 2.43; 1.01; 6.76; 7.17; 25.0; -25.0; 0.0; 0; 0; 0.0; 0.0; 1; 5.37104757138; 3.17448608135; 2.64764245738; 0; 0; 0; 0; 0.0; 0.0; 0.0; -1.0; 0.0; 0.0; 0.0; 0.0; 0.0; 1.0;0; 0;0; 0; 
45.7916531563; 109890; 0.0; 0.0; -0.27048; 0.0; 0.0; 0.0; 0.0; 0.0; 0.0; 0.0; 0.0; 0.0; 0.0; 0.0; 0.0; 0.0; 0.0; 2.43; 1.01; 6.76; 7.17; 25.0; -25.0; 0.0; 0; 0; 0.0; 0.0; 1; 5.37104757138; 3.17448608135; 2.64764245738; 0; 0; 0; 0; 0.0; 0.0; 0.0; -1.0; 0.0; 0.0; 0.0; 0.0; 0.0; 1.0;0; 0;0; 0; 
45.8031699657; 109900; 0.0; 0.0; -0.27233; 0.0; 0.0; 0.0; 0.0; 0.0; 0.0; 0.0; 0.0; 0.0; 0.0; 0.0; 0.0; 0.0; 0.0; 2.43; 1.01; 6.76; 7.17; 25.0; -25.0; 0.0; 0; 0; 0.0; 0.0; 1; 5.37104757138; 3.17448608135; 2.64764245738; 0; 0; 0; 0; 0.0; 0.0; 0.0; -1.0; 0.0; 0.0; 0.0; 0.0; 0.0; 1.0;0; 0;0; 0; 
45.8149871826; 109900; 0.0; 0.0; -0.27421; 0.0; 0.0; 0.0; 0.0; 0.0; 0.0; 0.0; 0.0; 0.0; 0.0; 0.0; 0.0; 0.0; 0.0; 2.43; 1.01; 6.76; 7.17; 25.0; -25.0; 0.0; 0; 0; 0.0; 0.0; 1; 5.37104757138; 3.17448608135; 2.64764245738; 0; 0; 0; 0; 0.0; 0.0; 0.0; -1.0; 0.0; 0.0; 0.0; 0.0; 0.0; 1.0;0; 0;0; 0; 
45.826551199; 109910; 0.0; 0.0; -0.27587; 0.0; 0.0; 0.0; 0.0; 0.0; 0.0; 0.0; 0.0; 0.0; 0.0; 0.0; 0.0; 0.0; 0.0; 2.43; 1.01; 6.76; 7.17; 25.0; -25.0; 0.0; 0; 0; 0.0; 0.0; 1; 5.37104757138; 3.17448608135; 2.64764245738; 0; 0; 0; 0; 0.0; 0.0; 0.0; -1.0; 0.0; 0.0; 0.0; 0.0; 0.0; 1.0;0; 0;0; 0; 
45.8390500546; 109910; 0.0; 0.0; -0.27726; 0.0; 0.0; 0.0; 0.0; 0.0; 0.0; 0.0; 0.0; 0.0; 0.0; 0.0; 0.0; 0.0; 0.0; 2.43; 1.01; 6.76; 7.17; 25.0; -25.0; 0.0; 0; 0; 0.0; 0.0; 1; 5.33231748825; 3.19469251265; 2.67631626986; 0; 0; 0; 0; 0.0; 0.0; 0.0; -1.0; 0.0; 0.0; 0.0; 0.0; 0.0; 1.0;0; 0;0; 0; 
45.8497521877; 109920; 0.0; 0.0; -0.27834; 0.0; 0.0; 0.0; 0.0; 0.0; 0.0; 0.0; 0.0; 0.0; 0.0; 0.0; 0.0; 0.0; 0.0; 2.43; 1.01; 6.76; 7.17; 25.0; -25.0; 0.0; 0; 0; 0.0; 0.0; 1; 5.33231748825; 3.19469251265; 2.67631626986; 0; 0; 0; 0; 0.0; 0.0; 0.0; -1.0; 0.0; 0.0; 0.0; 0.0; 0.0; 1.0;0; 0;0; 0; 
45.8609781265; 109920; 0.0; 0.0; -0.27902; 0.0; 0.0; 0.0; 0.0; 0.0; 0.0; 0.0; 0.0; 0.0; 0.0; 0.0; 0.0; 0.0; 0.0; 2.43; 1.01; 6.76; 7.17; 25.0; -25.0; 0.0; 0; 0; 0.0; 0.0; 1; 5.33231748825; 3.19469251265; 2.67631626986; 0; 0; 0; 0; 0.0; 0.0; 0.0; -1.0; 0.0; 0.0; 0.0; 0.0; 0.0; 1.0;0; 0;0; 0; 
45.8717391491; 109930; 0.0; 0.0; -0.27939; 0.0; 0.0; 0.0; 0.0; 0.0; 0.0; 0.0; 0.0; 0.0; 0.0; 0.0; 0.0; 0.0; 0.0; 2.43; 1.01; 6.76; 7.17; 25.0; -25.0; 0.0; 0; 0; 0.0; 0.0; 1; 5.33231748825; 3.19469251265; 2.67631626986; 0; 0; 0; 0; 0.0; 0.0; 0.0; -1.0; 0.0; 0.0; 0.0; 0.0; 0.0; 1.0;0; 0;0; 0; 
45.882420063; 109930; 0.0; 0.0; -0.27945; 0.0; 0.0; 0.0; 0.0; 0.0; 0.0; 0.0; 0.0; 0.0; 0.0; 0.0; 0.0; 0.0; 0.0; 2.43; 1.01; 6.76; 7.17; 25.0; -25.0; 0.0; 0; 0; 0.0; 0.0; 1; 5.33231748825; 3.19469251265; 2.67631626986; 0; 0; 0; 0; 0.0; 0.0; 0.0; -1.0; 0.0; 0.0; 0.0; 0.0; 0.0; 1.0;0; 0;0; 0; 
45.8941831589; 109940; 0.0; 0.0; -0.27933; 0.0; 0.0; 0.0; 0.0; 0.0; 0.0; 0.0; 0.0; 0.0; 0.0; 0.0; 0.0; 0.0; 0.0; 2.43; 1.01; 6.76; 7.17; 25.0; -25.0; 0.0; 0; 0; 0.0; 0.0; 1; 5.33231748825; 3.19469251265; 2.67631626986; 0; 0; 0; 0; 0.0; 0.0; 0.0; -1.0; 0.0; 0.0; 0.0; 0.0; 0.0; 1.0;0; 0;0; 0; 
45.9054610729; 109940; 0.0; 0.0; -0.27914; 0.0; 0.0; 0.0; 0.0; 0.0; 0.0; 0.0; 0.0; 0.0; 0.0; 0.0; 0.0; 0.0; 0.0; 2.43; 1.01; 6.76; 7.17; 25.0; -25.0; 0.0; 0; 0; 0.0; 0.0; 1; 5.33231748825; 3.19469251265; 2.67631626986; 0; 0; 0; 0; 0.0; 0.0; 0.0; -1.0; 0.0; 0.0; 0.0; 0.0; 0.0; 1.0;0; 0;0; 0; 
45.9166171551; 109950; 0.0; 0.0; -0.27886; 0.0; 0.0; 0.0; 0.0; 0.0; 0.0; 0.0; 0.0; 0.0; 0.0; 0.0; 0.0; 0.0; 0.0; 2.43; 1.01; 6.76; 7.17; 25.0; -25.0; 0.0; 0; 0; 0.0; 0.0; 1; 5.33231748825; 3.19469251265; 2.67631626986; 0; 0; 0; 0; 0.0; 0.0; 0.0; -1.0; 0.0; 0.0; 0.0; 0.0; 0.0; 1.0;0; 0;0; 0; 
45.9278950691; 109950; 0.0; 0.0; -0.27855; 0.0; 0.0; 0.0; 0.0; 0.0; 0.0; 0.0; 0.0; 0.0; 0.0; 0.0; 0.0; 0.0; 0.0; 2.43; 1.01; 6.76; 7.17; 25.0; -25.0; 0.0; 0; 0; 0.0; 0.0; 1; 5.33231748825; 3.19469251265; 2.67631626986; 0; 0; 0; 0; 0.0; 0.0; 0.0; -1.0; 0.0; 0.0; 0.0; 0.0; 0.0; 1.0;0; 0;0; 0; 
45.9392750263; 109960; 0.0; 0.0; -0.27825; 0.0; 0.0; 0.0; 0.0; 0.0; 0.0; 0.0; 0.0; 0.0; 0.0; 0.0; 0.0; 0.0; 0.0; 2.43; 1.01; 6.76; 7.17; 25.0; -25.0; 0.0; 0; 0; 0.0; 0.0; 1; 5.33231748825; 3.19469251265; 2.67631626986; 0; 0; 0; 0; 0.0; 0.0; 0.0; -1.0; 0.0; 0.0; 0.0; 0.0; 0.0; 1.0;0; 0;0; 0; 
45.9505741596; 109960; 0.0; 0.0; -0.27804; 0.0; 0.0; 0.0; 0.0; 0.0; 0.0; 0.0; 0.0; 0.0; 0.0; 0.0; 0.0; 0.0; 0.0; 2.43; 1.01; 6.76; 7.17; 25.0; -25.0; 0.0; 0; 0; 0.0; 0.0; 1; 5.33231748825; 3.19469251265; 2.67631626986; 0; 0; 0; 0; 0.0; 0.0; 0.0; -1.0; 0.0; 0.0; 0.0; 0.0; 0.0; 1.0;0; 0;0; 0; 
45.9617750645; 109970; 0.0; 0.0; -0.27798; 0.0; 0.0; 0.0; 0.0; 0.0; 0.0; 0.0; 0.0; 0.0; 0.0; 0.0; 0.0; 0.0; 0.0; 2.43; 1.01; 6.76; 7.17; 25.0; -25.0; 0.0; 0; 0; 0.0; 0.0; 1; 5.33231748825; 3.19469251265; 2.67631626986; 0; 0; 0; 0; 0.0; 0.0; 0.0; -1.0; 0.0; 0.0; 0.0; 0.0; 0.0; 1.0;0; 0;0; 0; 
45.973085165; 109970; 0.0; 0.0; -0.27804; 0.0; 0.0; 0.0; 0.0; 0.0; 0.0; 0.0; 0.0; 0.0; 0.0; 0.0; 0.0; 0.0; 0.0; 2.43; 1.01; 6.76; 7.17; 25.0; -25.0; 0.0; 0; 0; 0.0; 0.0; 1; 5.33231748825; 3.19469251265; 2.67631626986; 0; 0; 0; 0; 0.0; 0.0; 0.0; -1.0; 0.0; 0.0; 0.0; 0.0; 0.0; 1.0;0; 0;0; 0; 
45.9839451313; 109980; 0.0; 0.0; -0.27821; 0.0; 0.0; 0.0; 0.0; 0.0; 0.0; 0.0; 0.0; 0.0; 0.0; 0.0; 0.0; 0.0; 0.0; 2.43; 1.01; 6.76; 7.17; 25.0; -25.0; 0.0; 0; 0; 0.0; 0.0; 1; 5.33231748825; 3.19469251265; 2.67631626986; 0; 0; 0; 0; 0.0; 0.0; 0.0; -1.0; 0.0; 0.0; 0.0; 0.0; 0.0; 1.0;0; 0;0; 0; 
45.9953660965; 109980; 0.0; 0.0; -0.27853; 0.0; 0.0; 0.0; 0.0; 0.0; 0.0; 0.0; 0.0; 0.0; 0.0; 0.0; 0.0; 0.0; 0.0; 2.48; 1.03; 4.55; 3.86; 25.0; -25.0; 0.0; 0; 0; 0.0; 0.0; 1; 5.33231748825; 3.19469251265; 2.67631626986; 0; 0; 0; 0; 0.0; 0.0; 0.0; -1.0; 0.0; 0.0; 0.0; 0.0; 0.0; 1.0;0; 0;0; 0; 
46.0069561005; 109990; 0.0; 0.0; -0.27901; 0.0; 0.0; 0.0; 0.0; 0.0; 0.0; 0.0; 0.0; 0.0; 0.0; 0.0; 0.0; 0.0; 0.0; 2.48; 1.03; 4.55; 3.86; 25.0; -25.0; 0.0; 0; 0; 0.0; 0.0; 1; 5.33231748825; 3.19469251265; 2.67631626986; 0; 0; 0; 0; 0.0; 0.0; 0.0; -1.0; 0.0; 0.0; 0.0; 0.0; 0.0; 1.0;0; 0;0; 0; 
46.0188961029; 109990; 0.0; 0.0; -0.27966; 0.0; 0.0; 0.0; 0.0; 0.0; 0.0; 0.0; 0.0; 0.0; 0.0; 0.0; 0.0; 0.0; 0.0; 2.48; 1.03; 4.55; 3.86; 25.0; -25.0; 0.0; 0; 0; 0.0; 0.0; 1; 5.33231748825; 3.19469251265; 2.67631626986; 0; 0; 0; 0; 0.0; 0.0; 0.0; -1.0; 0.0; 0.0; 0.0; 0.0; 0.0; 1.0;0; 0;0; 0; 
46.0298631191; 110000; 0.0; 0.0; -0.28045; 0.0; 0.0; 0.0; 0.0; 0.0; 0.0; 0.0; 0.0; 0.0; 0.0; 0.0; 0.0; 0.0; 0.0; 2.48; 1.03; 4.55; 3.86; 25.0; -25.0; 0.0; 0; 0; 0.0; 0.0; 1; 5.33231748825; 3.19469251265; 2.67631626986; 0; 0; 0; 0; 0.0; 0.0; 0.0; -1.0; 0.0; 0.0; 0.0; 0.0; 0.0; 1.0;0; 0;0; 0; 
46.0416371822; 110000; 0.0; 0.0; -0.28134; 0.0; 0.0; 0.0; 0.0; 0.0; 0.0; 0.0; 0.0; 0.0; 0.0; 0.0; 0.0; 0.0; 0.0; 2.48; 1.03; 4.55; 3.86; 25.0; -25.0; 0.0; 0; 0; 0.0; 0.0; 1; 5.33231748825; 3.19469251265; 2.67631626986; 0; 0; 0; 0; 0.0; 0.0; 0.0; -1.0; 0.0; 0.0; 0.0; 0.0; 0.0; 1.0;0; 0;0; 0; 
46.0528790951; 110010; 0.0; 0.0; -0.28227; 0.0; 0.0; 0.0; 0.0; 0.0; 0.0; 0.0; 0.0; 0.0; 0.0; 0.0; 0.0; 0.0; 0.0; 2.48; 1.03; 4.55; 3.86; 25.0; -25.0; 0.0; 0; 0; 0.0; 0.0; 1; 5.33231748825; 3.19469251265; 2.67631626986; 0; 0; 0; 0; 0.0; 0.0; 0.0; -1.0; 0.0; 0.0; 0.0; 0.0; 0.0; 1.0;0; 0;0; 0; 
46.0638420582; 110010; 0.0; 0.0; -0.28322; 0.0; 0.0; 0.0; 0.0; 0.0; 0.0; 0.0; 0.0; 0.0; 0.0; 0.0; 0.0; 0.0; 0.0; 2.48; 1.03; 4.55; 3.86; 25.0; -25.0; 0.0; 0; 0; 0.0; 0.0; 1; 5.2890368601; 3.21568706093; 2.7064854179; 0; 0; 0; 0; 0.0; 0.0; 0.0; -1.0; 0.0; 0.0; 0.0; 0.0; 0.0; 1.0;0; 0;0; 0; 
46.075024128; 110020; 0.0; 0.0; -0.28418; 0.0; 0.0; 0.0; 0.0; 0.0; 0.0; 0.0; 0.0; 0.0; 0.0; 0.0; 0.0; 0.0; 0.0; 2.48; 1.03; 4.55; 3.86; 25.0; -25.0; 0.0; 0; 0; 0.0; 0.0; 1; 5.2890368601; 3.21568706093; 2.7064854179; 0; 0; 0; 0; 0.0; 0.0; 0.0; -1.0; 0.0; 0.0; 0.0; 0.0; 0.0; 1.0;0; 0;0; 0; 
46.0866920948; 110020; 0.0; 0.0; -0.28508; 0.0; 0.0; 0.0; 0.0; 0.0; 0.0; 0.0; 0.0; 0.0; 0.0; 0.0; 0.0; 0.0; 0.0; 2.48; 1.03; 4.55; 3.86; 25.0; -25.0; 0.0; 0; 0; 0.0; 0.0; 1; 5.2890368601; 3.21568706093; 2.7064854179; 0; 0; 0; 0; 0.0; 0.0; 0.0; -1.0; 0.0; 0.0; 0.0; 0.0; 0.0; 1.0;0; 0;0; 0; 
46.0983669758; 110030; 0.0; 0.0; -0.2859; 0.0; 0.0; 0.0; 0.0; 0.0; 0.0; 0.0; 0.0; 0.0; 0.0; 0.0; 0.0; 0.0; 0.0; 2.48; 1.03; 4.55; 3.86; 25.0; -25.0; 0.0; 0; 0; 0.0; 0.0; 1; 5.2890368601; 3.21568706093; 2.7064854179; 0; 0; 0; 0; 0.0; 0.0; 0.0; -1.0; 0.0; 0.0; 0.0; 0.0; 0.0; 1.0;0; 0;0; 0; 
46.108864069; 110030; 0.0; 0.0; -0.28664; 0.0; 0.0; 0.0; 0.0; 0.0; 0.0; 0.0; 0.0; 0.0; 0.0; 0.0; 0.0; 0.0; 0.0; 2.48; 1.03; 4.55; 3.86; 25.0; -25.0; 0.0; 0; 0; 0.0; 0.0; 1; 5.2890368601; 3.21568706093; 2.7064854179; 0; 0; 0; 0; 0.0; 0.0; 0.0; -1.0; 0.0; 0.0; 0.0; 0.0; 0.0; 1.0;0; 0;0; 0; 
46.1199080944; 110040; 0.0; 0.0; -0.28719; 0.0; 0.0; 0.0; 0.0; 0.0; 0.0; 0.0; 0.0; 0.0; 0.0; 0.0; 0.0; 0.0; 0.0; 2.48; 1.03; 4.55; 3.86; 25.0; -25.0; 0.0; 0; 0; 0.0; 0.0; 1; 5.2890368601; 3.21568706093; 2.7064854179; 0; 0; 0; 0; 0.0; 0.0; 0.0; -1.0; 0.0; 0.0; 0.0; 0.0; 0.0; 1.0;0; 0;0; 0; 
46.1304571629; 110040; 0.0; 0.0; -0.28765; 0.0; 0.0; 0.0; 0.0; 0.0; 0.0; 0.0; 0.0; 0.0; 0.0; 0.0; 0.0; 0.0; 0.0; 2.48; 1.03; 4.55; 3.86; 25.0; -25.0; 0.0; 0; 0; 0.0; 0.0; 1; 5.2890368601; 3.21568706093; 2.7064854179; 0; 0; 0; 0; 0.0; 0.0; 0.0; -1.0; 0.0; 0.0; 0.0; 0.0; 0.0; 1.0;0; 0;0; 0; 
46.1417980194; 110050; 0.0; 0.0; -0.28802; 0.0; 0.0; 0.0; 0.0; 0.0; 0.0; 0.0; 0.0; 0.0; 0.0; 0.0; 0.0; 0.0; 0.0; 2.48; 1.03; 4.55; 3.86; 25.0; -25.0; 0.0; 0; 0; 0.0; 0.0; 1; 5.2890368601; 3.21568706093; 2.7064854179; 0; 0; 0; 0; 0.0; 0.0; 0.0; -1.0; 0.0; 0.0; 0.0; 0.0; 0.0; 1.0;0; 0;0; 0; 
46.1531729698; 110050; 0.0; 0.0; -0.28833; 0.0; 0.0; 0.0; 0.0; 0.0; 0.0; 0.0; 0.0; 0.0; 0.0; 0.0; 0.0; 0.0; 0.0; 2.48; 1.03; 4.55; 3.86; 25.0; -25.0; 0.0; 0; 0; 0.0; 0.0; 1; 5.2890368601; 3.21568706093; 2.7064854179; 0; 0; 0; 0; 0.0; 0.0; 0.0; -1.0; 0.0; 0.0; 0.0; 0.0; 0.0; 1.0;0; 0;0; 0; 
46.1642560959; 110060; 0.0; 0.0; -0.28858; 0.0; 0.0; 0.0; 0.0; 0.0; 0.0; 0.0; 0.0; 0.0; 0.0; 0.0; 0.0; 0.0; 0.0; 2.48; 1.03; 4.55; 3.86; 25.0; -25.0; 0.0; 0; 0; 0.0; 0.0; 1; 5.2890368601; 3.21568706093; 2.7064854179; 0; 0; 0; 0; 0.0; 0.0; 0.0; -1.0; 0.0; 0.0; 0.0; 0.0; 0.0; 1.0;0; 0;0; 0; 
46.1751019955; 110060; 0.0; 0.0; -0.28878; 0.0; 0.0; 0.0; 0.0; 0.0; 0.0; 0.0; 0.0; 0.0; 0.0; 0.0; 0.0; 0.0; 0.0; 2.48; 1.03; 4.55; 3.86; 25.0; -25.0; 0.0; 0; 0; 0.0; 0.0; 1; 5.2890368601; 3.21568706093; 2.7064854179; 0; 0; 0; 0; 0.0; 0.0; 0.0; -1.0; 0.0; 0.0; 0.0; 0.0; 0.0; 1.0;0; 0;0; 0; 
46.1861400604; 110070; 0.0; 0.0; -0.28901; 0.0; 0.0; 0.0; 0.0; 0.0; 0.0; 0.0; 0.0; 0.0; 0.0; 0.0; 0.0; 0.0; 0.0; 2.48; 1.03; 4.55; 3.86; 25.0; -25.0; 0.0; 0; 0; 0.0; 0.0; 1; 5.2890368601; 3.21568706093; 2.7064854179; 0; 0; 0; 0; 0.0; 0.0; 0.0; -1.0; 0.0; 0.0; 0.0; 0.0; 0.0; 1.0;0; 0;0; 0; 
46.1974999905; 110070; 0.0; 0.0; -0.28941; 0.0; 0.0; 0.0; 0.0; 0.0; 0.0; 0.0; 0.0; 0.0; 0.0; 0.0; 0.0; 0.0; 0.0; 2.48; 1.03; 4.55; 3.86; 25.0; -25.0; 0.0; 0; 0; 0.0; 0.0; 1; 5.2890368601; 3.21568706093; 2.7064854179; 0; 0; 0; 0; 0.0; 0.0; 0.0; -1.0; 0.0; 0.0; 0.0; 0.0; 0.0; 1.0;0; 0;0; 0; 
46.2095210552; 110080; 0.0; 0.0; -0.28989; 0.0; 0.0; 0.0; 0.0; 0.0; 0.0; 0.0; 0.0; 0.0; 0.0; 0.0; 0.0; 0.0; 0.0; 2.48; 1.03; 4.55; 3.86; 25.0; -25.0; 0.0; 0; 0; 0.0; 0.0; 1; 5.2890368601; 3.21568706093; 2.7064854179; 0; 0; 0; 0; 0.0; 0.0; 0.0; -1.0; 0.0; 0.0; 0.0; 0.0; 0.0; 1.0;0; 0;0; 0; 
46.2207450867; 110080; 0.0; 0.0; -0.29044; 0.0; 0.0; 0.0; 0.0; 0.0; 0.0; 0.0; 0.0; 0.0; 0.0; 0.0; 0.0; 0.0; 0.0; 2.48; 1.03; 4.55; 3.86; 25.0; -25.0; 0.0; 0; 0; 0.0; 0.0; 1; 5.2890368601; 3.21568706093; 2.7064854179; 0; 0; 0; 0; 0.0; 0.0; 0.0; -1.0; 0.0; 0.0; 0.0; 0.0; 0.0; 1.0;0; 0;0; 0; 
46.2320129871; 110090; 0.0; 0.0; -0.29108; 0.0; 0.0; 0.0; 0.0; 0.0; 0.0; 0.0; 0.0; 0.0; 0.0; 0.0; 0.0; 0.0; 0.0; 2.48; 1.03; 4.55; 3.86; 25.0; -25.0; 0.0; 0; 0; 0.0; 0.0; 1; 5.2890368601; 3.21568706093; 2.7064854179; 0; 0; 0; 0; 0.0; 0.0; 0.0; -1.0; 0.0; 0.0; 0.0; 0.0; 0.0; 1.0;0; 0;0; 0; 
46.2434761524; 110090; 0.0; 0.0; -0.29177; 0.0; 0.0; 0.0; 0.0; 0.0; 0.0; 0.0; 0.0; 0.0; 0.0; 0.0; 0.0; 0.0; 0.0; 2.48; 1.03; 4.55; 3.86; 25.0; -25.0; 0.0; 0; 0; 0.0; 0.0; 1; 5.2890368601; 3.21568706093; 2.7064854179; 0; 0; 0; 0; 0.0; 0.0; 0.0; -1.0; 0.0; 0.0; 0.0; 0.0; 0.0; 1.0;0; 0;0; 0; 
46.2542610168; 110100; 0.0; 0.0; -0.29262; 0.0; 0.0; 0.0; 0.0; 0.0; 0.0; 0.0; 0.0; 0.0; 0.0; 0.0; 0.0; 0.0; 0.0; 2.48; 1.03; 4.55; 3.86; 25.0; -25.0; 0.0; 0; 0; 0.0; 0.0; 1; 5.2890368601; 3.21568706093; 2.7064854179; 0; 0; 0; 0; 0.0; 0.0; 0.0; -1.0; 0.0; 0.0; 0.0; 0.0; 0.0; 1.0;0; 0;0; 0; 
46.2662739754; 110100; 0.0; 0.0; -0.29349; 0.0; 0.0; 0.0; 0.0; 0.0; 0.0; 0.0; 0.0; 0.0; 0.0; 0.0; 0.0; 0.0; 0.0; 2.48; 1.03; 4.55; 3.86; 25.0; -25.0; 0.0; 0; 0; 0.0; 0.0; 1; 5.2890368601; 3.21568706093; 2.7064854179; 0; 0; 0; 0; 0.0; 0.0; 0.0; -1.0; 0.0; 0.0; 0.0; 0.0; 0.0; 1.0;0; 0;0; 0; 
46.2777791023; 110110; 0.0; 0.0; -0.29446; 0.0; 0.0; 0.0; 0.0; 0.0; 0.0; 0.0; 0.0; 0.0; 0.0; 0.0; 0.0; 0.0; 0.0; 2.48; 1.03; 4.55; 3.86; 25.0; -25.0; 0.0; 0; 0; 0.0; 0.0; 1; 5.2890368601; 3.21568706093; 2.7064854179; 0; 0; 0; 0; 0.0; 0.0; 0.0; -1.0; 0.0; 0.0; 0.0; 0.0; 0.0; 1.0;0; 0;0; 0; 
46.2897481918; 110110; 0.0; 0.0; -0.29558; 0.0; 0.0; 0.0; 0.0; 0.0; 0.0; 0.0; 0.0; 0.0; 0.0; 0.0; 0.0; 0.0; 0.0; 2.48; 1.03; 4.55; 3.86; 25.0; -25.0; 0.0; 0; 0; 0.0; 0.0; 1; 5.24823562627; 3.23398561028; 2.73718629945; 0; 0; 0; 0; 0.0; 0.0; 0.0; -1.0; 0.0; 0.0; 0.0; 0.0; 0.0; 1.0;0; 0;0; 0; 
46.3029210567; 110120; 0.0; 0.0; -0.29682; 0.0; 0.0; 0.0; 0.0; 0.0; 0.0; 0.0; 0.0; 0.0; 0.0; 0.0; 0.0; 0.0; 0.0; 2.48; 1.03; 4.55; 3.86; 25.0; -25.0; 0.0; 0; 0; 0.0; 0.0; 1; 5.24823562627; 3.23398561028; 2.73718629945; 0; 0; 0; 0; 0.0; 0.0; 0.0; -1.0; 0.0; 0.0; 0.0; 0.0; 0.0; 1.0;0; 0;0; 0; 
46.3146150112; 110120; 0.0; 0.0; -0.29816; 0.0; 0.0; 0.0; 0.0; 0.0; 0.0; 0.0; 0.0; 0.0; 0.0; 0.0; 0.0; 0.0; 0.0; 2.48; 1.03; 4.55; 3.86; 25.0; -25.0; 0.0; 0; 0; 0.0; 0.0; 1; 5.24823562627; 3.23398561028; 2.73718629945; 0; 0; 0; 0; 0.0; 0.0; 0.0; -1.0; 0.0; 0.0; 0.0; 0.0; 0.0; 1.0;0; 0;0; 0; 
46.3253281116; 110130; 0.0; 0.0; -0.29954; 0.0; 0.0; 0.0; 0.0; 0.0; 0.0; 0.0; 0.0; 0.0; 0.0; 0.0; 0.0; 0.0; 0.0; 2.48; 1.03; 4.55; 3.86; 25.0; -25.0; 0.0; 0; 0; 0.0; 0.0; 1; 5.24823562627; 3.23398561028; 2.73718629945; 0; 0; 0; 0; 0.0; 0.0; 0.0; -1.0; 0.0; 0.0; 0.0; 0.0; 0.0; 1.0;0; 0;0; 0; 
46.3361940384; 110130; 0.0; 0.0; -0.30093; 0.0; 0.0; 0.0; 0.0; 0.0; 0.0; 0.0; 0.0; 0.0; 0.0; 0.0; 0.0; 0.0; 0.0; 2.48; 1.03; 4.55; 3.86; 25.0; -25.0; 0.0; 0; 0; 0.0; 0.0; 1; 5.24823562627; 3.23398561028; 2.73718629945; 0; 0; 0; 0; 0.0; 0.0; 0.0; -1.0; 0.0; 0.0; 0.0; 0.0; 0.0; 1.0;0; 0;0; 0; 
46.3474020958; 110140; 0.0; 0.0; -0.30234; 0.0; 0.0; 0.0; 0.0; 0.0; 0.0; 0.0; 0.0; 0.0; 0.0; 0.0; 0.0; 0.0; 0.0; 2.48; 1.03; 4.55; 3.86; 25.0; -25.0; 0.0; 0; 0; 0.0; 0.0; 1; 5.24823562627; 3.23398561028; 2.73718629945; 0; 0; 0; 0; 0.0; 0.0; 0.0; -1.0; 0.0; 0.0; 0.0; 0.0; 0.0; 1.0;0; 0;0; 0; 
46.3579649925; 110140; 0.0; 0.0; -0.30372; 0.0; 0.0; 0.0; 0.0; 0.0; 0.0; 0.0; 0.0; 0.0; 0.0; 0.0; 0.0; 0.0; 0.0; 2.48; 1.03; 4.55; 3.86; 25.0; -25.0; 0.0; 0; 0; 0.0; 0.0; 1; 5.24823562627; 3.23398561028; 2.73718629945; 0; 0; 0; 0; 0.0; 0.0; 0.0; -1.0; 0.0; 0.0; 0.0; 0.0; 0.0; 1.0;0; 0;0; 0; 
46.3691031933; 110150; 0.0; 0.0; -0.305; 0.0; 0.0; 0.0; 0.0; 0.0; 0.0; 0.0; 0.0; 0.0; 0.0; 0.0; 0.0; 0.0; 0.0; 2.48; 1.03; 4.55; 3.86; 25.0; -25.0; 0.0; 0; 0; 0.0; 0.0; 1; 5.24823562627; 3.23398561028; 2.73718629945; 0; 0; 0; 0; 0.0; 0.0; 0.0; -1.0; 0.0; 0.0; 0.0; 0.0; 0.0; 1.0;0; 0;0; 0; 
46.3804130554; 110150; 0.0; 0.0; -0.30623; 0.0; 0.0; 0.0; 0.0; 0.0; 0.0; 0.0; 0.0; 0.0; 0.0; 0.0; 0.0; 0.0; 0.0; 2.48; 1.03; 4.55; 3.86; 25.0; -25.0; 0.0; 0; 0; 0.0; 0.0; 1; 5.24823562627; 3.23398561028; 2.73718629945; 0; 0; 0; 0; 0.0; 0.0; 0.0; -1.0; 0.0; 0.0; 0.0; 0.0; 0.0; 1.0;0; 0;0; 0; 
46.3910570145; 110160; 0.0; 0.0; -0.30739; 0.0; 0.0; 0.0; 0.0; 0.0; 0.0; 0.0; 0.0; 0.0; 0.0; 0.0; 0.0; 0.0; 0.0; 2.48; 1.03; 4.55; 3.86; 25.0; -25.0; 0.0; 0; 0; 0.0; 0.0; 1; 5.24823562627; 3.23398561028; 2.73718629945; 0; 0; 0; 0; 0.0; 0.0; 0.0; -1.0; 0.0; 0.0; 0.0; 0.0; 0.0; 1.0;0; 0;0; 0; 
46.4024810791; 110160; 0.0; 0.0; -0.30848; 0.0; 0.0; 0.0; 0.0; 0.0; 0.0; 0.0; 0.0; 0.0; 0.0; 0.0; 0.0; 0.0; 0.0; 2.48; 1.03; 4.55; 3.86; 25.0; -25.0; 0.0; 0; 0; 0.0; 0.0; 1; 5.24823562627; 3.23398561028; 2.73718629945; 0; 0; 0; 0; 0.0; 0.0; 0.0; -1.0; 0.0; 0.0; 0.0; 0.0; 0.0; 1.0;0; 0;0; 0; 
46.4151949883; 110170; 0.0; 0.0; -0.30946; 0.0; 0.0; 0.0; 0.0; 0.0; 0.0; 0.0; 0.0; 0.0; 0.0; 0.0; 0.0; 0.0; 0.0; 2.48; 1.03; 4.55; 3.86; 25.0; -25.0; 0.0; 0; 0; 0.0; 0.0; 1; 5.24823562627; 3.23398561028; 2.73718629945; 0; 0; 0; 0; 0.0; 0.0; 0.0; -1.0; 0.0; 0.0; 0.0; 0.0; 0.0; 1.0;0; 0;0; 0; 
46.4266819954; 110170; 0.0; 0.0; -0.31024; 0.0; 0.0; 0.0; 0.0; 0.0; 0.0; 0.0; 0.0; 0.0; 0.0; 0.0; 0.0; 0.0; 0.0; 2.48; 1.03; 4.55; 3.86; 25.0; -25.0; 0.0; 0; 0; 0.0; 0.0; 1; 5.24823562627; 3.23398561028; 2.73718629945; 0; 0; 0; 0; 0.0; 0.0; 0.0; -1.0; 0.0; 0.0; 0.0; 0.0; 0.0; 1.0;0; 0;0; 0; 
46.4383060932; 110180; 0.0; 0.0; -0.31087; 0.0; 0.0; 0.0; 0.0; 0.0; 0.0; 0.0; 0.0; 0.0; 0.0; 0.0; 0.0; 0.0; 0.0; 2.59; 1.07; 4.95; 4.23; 25.0; -25.0; 0.0; 0; 0; 0.0; 0.0; 1; 5.24823562627; 3.23398561028; 2.73718629945; 0; 0; 0; 0; 0.0; 0.0; 0.0; -1.0; 0.0; 0.0; 0.0; 0.0; 0.0; 1.0;0; 0;0; 0; 
46.449903965; 110180; 0.0; 0.0; -0.31131; 0.0; 0.0; 0.0; 0.0; 0.0; 0.0; 0.0; 0.0; 0.0; 0.0; 0.0; 0.0; 0.0; 0.0; 2.59; 1.07; 4.95; 4.23; 25.0; -25.0; 0.0; 0; 0; 0.0; 0.0; 1; 5.24823562627; 3.23398561028; 2.73718629945; 0; 0; 0; 0; 0.0; 0.0; 0.0; -1.0; 0.0; 0.0; 0.0; 0.0; 0.0; 1.0;0; 0;0; 0; 
46.4624111652; 110190; 0.0; 0.0; -0.31157; 0.0; 0.0; 0.0; 0.0; 0.0; 0.0; 0.0; 0.0; 0.0; 0.0; 0.0; 0.0; 0.0; 0.0; 2.59; 1.07; 4.95; 4.23; 25.0; -25.0; 0.0; 0; 0; 0.0; 0.0; 1; 5.24823562627; 3.23398561028; 2.73718629945; 0; 0; 0; 0; 0.0; 0.0; 0.0; -1.0; 0.0; 0.0; 0.0; 0.0; 0.0; 1.0;0; 0;0; 0; 
46.4729251862; 110190; 0.0; 0.0; -0.31166; 0.0; 0.0; 0.0; 0.0; 0.0; 0.0; 0.0; 0.0; 0.0; 0.0; 0.0; 0.0; 0.0; 0.0; 2.59; 1.07; 4.95; 4.23; 25.0; -25.0; 0.0; 0; 0; 0.0; 0.0; 1; 5.24823562627; 3.23398561028; 2.73718629945; 0; 0; 0; 0; 0.0; 0.0; 0.0; -1.0; 0.0; 0.0; 0.0; 0.0; 0.0; 1.0;0; 0;0; 0; 
46.484224081; 110200; 0.0; 0.0; -0.31162; 0.0; 0.0; 0.0; 0.0; 0.0; 0.0; 0.0; 0.0; 0.0; 0.0; 0.0; 0.0; 0.0; 0.0; 2.59; 1.07; 4.95; 4.23; 25.0; -25.0; 0.0; 0; 0; 0.0; 0.0; 1; 5.24823562627; 3.23398561028; 2.73718629945; 0; 0; 0; 0; 0.0; 0.0; 0.0; -1.0; 0.0; 0.0; 0.0; 0.0; 0.0; 1.0;0; 0;0; 0; 
46.4955589771; 110200; 0.0; 0.0; -0.3115; 0.0; 0.0; 0.0; 0.0; 0.0; 0.0; 0.0; 0.0; 0.0; 0.0; 0.0; 0.0; 0.0; 0.0; 2.59; 1.07; 4.95; 4.23; 25.0; -25.0; 0.0; 0; 0; 0.0; 0.0; 1; 5.24823562627; 3.23398561028; 2.73718629945; 0; 0; 0; 0; 0.0; 0.0; 0.0; -1.0; 0.0; 0.0; 0.0; 0.0; 0.0; 1.0;0; 0;0; 0; 
46.5068790913; 110210; 0.0; 0.0; -0.31137; 0.0; 0.0; 0.0; 0.0; 0.0; 0.0; 0.0; 0.0; 0.0; 0.0; 0.0; 0.0; 0.0; 0.0; 2.59; 1.07; 4.95; 4.23; 25.0; -25.0; 0.0; 0; 0; 0.0; 0.0; 1; 5.24823562627; 3.23398561028; 2.73718629945; 0; 0; 0; 0; 0.0; 0.0; 0.0; -1.0; 0.0; 0.0; 0.0; 0.0; 0.0; 1.0;0; 0;0; 0; 
46.5185110569; 110210; 0.0; 0.0; -0.31129; 0.0; 0.0; 0.0; 0.0; 0.0; 0.0; 0.0; 0.0; 0.0; 0.0; 0.0; 0.0; 0.0; 0.0; 2.59; 1.07; 4.95; 4.23; 25.0; -25.0; 0.0; 0; 0; 0.0; 0.0; 1; 5.2099261104; 3.24974531806; 2.76913043519; 0; 0; 0; 0; 0.0; 0.0; 0.0; -1.0; 0.0; 0.0; 0.0; 0.0; 0.0; 1.0;0; 0;0; 0; 
46.5295801163; 110220; 0.0; 0.0; -0.31132; 0.0; 0.0; 0.0; 0.0; 0.0; 0.0; 0.0; 0.0; 0.0; 0.0; 0.0; 0.0; 0.0; 0.0; 2.59; 1.07; 4.95; 4.23; 25.0; -25.0; 0.0; 0; 0; 0.0; 0.0; 1; 5.2099261104; 3.24974531806; 2.76913043519; 0; 0; 0; 0; 0.0; 0.0; 0.0; -1.0; 0.0; 0.0; 0.0; 0.0; 0.0; 1.0;0; 0;0; 0; 
46.540405035; 110220; 0.0; 0.0; -0.31151; 0.0; 0.0; 0.0; 0.0; 0.0; 0.0; 0.0; 0.0; 0.0; 0.0; 0.0; 0.0; 0.0; 0.0; 2.59; 1.07; 4.95; 4.23; 25.0; -25.0; 0.0; 0; 0; 0.0; 0.0; 1; 5.2099261104; 3.24974531806; 2.76913043519; 0; 0; 0; 0; 0.0; 0.0; 0.0; -1.0; 0.0; 0.0; 0.0; 0.0; 0.0; 1.0;0; 0;0; 0; 
46.5516371727; 110230; 0.0; 0.0; -0.31193; 0.0; 0.0; 0.0; 0.0; 0.0; 0.0; 0.0; 0.0; 0.0; 0.0; 0.0; 0.0; 0.0; 0.0; 2.59; 1.07; 4.95; 4.23; 25.0; -25.0; 0.0; 0; 0; 0.0; 0.0; 1; 5.2099261104; 3.24974531806; 2.76913043519; 0; 0; 0; 0; 0.0; 0.0; 0.0; -1.0; 0.0; 0.0; 0.0; 0.0; 0.0; 1.0;0; 0;0; 0; 
46.5624210835; 110230; 0.0; 0.0; -0.31251; 0.0; 0.0; 0.0; 0.0; 0.0; 0.0; 0.0; 0.0; 0.0; 0.0; 0.0; 0.0; 0.0; 0.0; 2.59; 1.07; 4.95; 4.23; 25.0; -25.0; 0.0; 0; 0; 0.0; 0.0; 1; 5.2099261104; 3.24974531806; 2.76913043519; 0; 0; 0; 0; 0.0; 0.0; 0.0; -1.0; 0.0; 0.0; 0.0; 0.0; 0.0; 1.0;0; 0;0; 0; 
46.5738420486; 110240; 0.0; 0.0; -0.31324; 0.0; 0.0; 0.0; 0.0; 0.0; 0.0; 0.0; 0.0; 0.0; 0.0; 0.0; 0.0; 0.0; 0.0; 2.59; 1.07; 4.95; 4.23; 25.0; -25.0; 0.0; 0; 0; 0.0; 0.0; 1; 5.2099261104; 3.24974531806; 2.76913043519; 0; 0; 0; 0; 0.0; 0.0; 0.0; -1.0; 0.0; 0.0; 0.0; 0.0; 0.0; 1.0;0; 0;0; 0; 
46.5849831104; 110240; 0.0; 0.0; -0.31405; 0.0; 0.0; 0.0; 0.0; 0.0; 0.0; 0.0; 0.0; 0.0; 0.0; 0.0; 0.0; 0.0; 0.0; 2.59; 1.07; 4.95; 4.23; 25.0; -25.0; 0.0; 0; 0; 0.0; 0.0; 1; 5.2099261104; 3.24974531806; 2.76913043519; 0; 0; 0; 0; 0.0; 0.0; 0.0; -1.0; 0.0; 0.0; 0.0; 0.0; 0.0; 1.0;0; 0;0; 0; 
46.5962061882; 110250; 0.0; 0.0; -0.31487; 0.0; 0.0; 0.0; 0.0; 0.0; 0.0; 0.0; 0.0; 0.0; 0.0; 0.0; 0.0; 0.0; 0.0; 2.59; 1.07; 4.95; 4.23; 25.0; -25.0; 0.0; 0; 0; 0.0; 0.0; 1; 5.2099261104; 3.24974531806; 2.76913043519; 0; 0; 0; 0; 0.0; 0.0; 0.0; -1.0; 0.0; 0.0; 0.0; 0.0; 0.0; 1.0;0; 0;0; 0; 
46.6067700386; 110250; 0.0; 0.0; -0.31566; 0.0; 0.0; 0.0; 0.0; 0.0; 0.0; 0.0; 0.0; 0.0; 0.0; 0.0; 0.0; 0.0; 0.0; 2.59; 1.07; 4.95; 4.23; 25.0; -25.0; 0.0; 0; 0; 0.0; 0.0; 1; 5.2099261104; 3.24974531806; 2.76913043519; 0; 0; 0; 0; 0.0; 0.0; 0.0; -1.0; 0.0; 0.0; 0.0; 0.0; 0.0; 1.0;0; 0;0; 0; 
46.6179301739; 110260; 0.0; 0.0; -0.31622; 0.0; 0.0; 0.0; 0.0; 0.0; 0.0; 0.0; 0.0; 0.0; 0.0; 0.0; 0.0; 0.0; 0.0; 2.59; 1.07; 4.95; 4.23; 25.0; -25.0; 0.0; 0; 0; 0.0; 0.0; 1; 5.2099261104; 3.24974531806; 2.76913043519; 0; 0; 0; 0; 0.0; 0.0; 0.0; -1.0; 0.0; 0.0; 0.0; 0.0; 0.0; 1.0;0; 0;0; 0; 
46.6300020218; 110260; 0.0; 0.0; -0.31661; 0.0; 0.0; 0.0; 0.0; 0.0; 0.0; 0.0; 0.0; 0.0; 0.0; 0.0; 0.0; 0.0; 0.0; 2.59; 1.07; 4.95; 4.23; 25.0; -25.0; 0.0; 0; 0; 0.0; 0.0; 1; 5.2099261104; 3.24974531806; 2.76913043519; 0; 0; 0; 0; 0.0; 0.0; 0.0; -1.0; 0.0; 0.0; 0.0; 0.0; 0.0; 1.0;0; 0;0; 0; 
46.6405141354; 110270; 0.0; 0.0; -0.31686; 0.0; 0.0; 0.0; 0.0; 0.0; 0.0; 0.0; 0.0; 0.0; 0.0; 0.0; 0.0; 0.0; 0.0; 2.59; 1.07; 4.95; 4.23; 25.0; -25.0; 0.0; 0; 0; 0.0; 0.0; 1; 5.2099261104; 3.24974531806; 2.76913043519; 0; 0; 0; 0; 0.0; 0.0; 0.0; -1.0; 0.0; 0.0; 0.0; 0.0; 0.0; 1.0;0; 0;0; 0; 
46.652369976; 110270; 0.0; 0.0; -0.31697; 0.0; 0.0; 0.0; 0.0; 0.0; 0.0; 0.0; 0.0; 0.0; 0.0; 0.0; 0.0; 0.0; 0.0; 2.7; 1.1; 5.32; 4.5; 25.0; -25.0; 0.0; 0; 0; 0.0; 0.0; 1; 5.2099261104; 3.24974531806; 2.76913043519; 0; 0; 0; 0; 0.0; 0.0; 0.0; -1.0; 0.0; 0.0; 0.0; 0.0; 0.0; 1.0;0; 0;0; 0; 
46.6632800102; 110280; 0.0; 0.0; -0.31703; 0.0; 0.0; 0.0; 0.0; 0.0; 0.0; 0.0; 0.0; 0.0; 0.0; 0.0; 0.0; 0.0; 0.0; 2.7; 1.1; 5.32; 4.5; 25.0; -25.0; 0.0; 0; 0; 0.0; 0.0; 1; 5.2099261104; 3.24974531806; 2.76913043519; 0; 0; 0; 0; 0.0; 0.0; 0.0; -1.0; 0.0; 0.0; 0.0; 0.0; 0.0; 1.0;0; 0;0; 0; 
46.6745300293; 110280; 0.0; 0.0; -0.31704; 0.0; 0.0; 0.0; 0.0; 0.0; 0.0; 0.0; 0.0; 0.0; 0.0; 0.0; 0.0; 0.0; 0.0; 2.7; 1.1; 5.32; 4.5; 25.0; -25.0; 0.0; 0; 0; 0.0; 0.0; 1; 5.2099261104; 3.24974531806; 2.76913043519; 0; 0; 0; 0; 0.0; 0.0; 0.0; -1.0; 0.0; 0.0; 0.0; 0.0; 0.0; 1.0;0; 0;0; 0; 
46.6860961914; 110290; 0.0; 0.0; -0.31709; 0.0; 0.0; 0.0; 0.0; 0.0; 0.0; 0.0; 0.0; 0.0; 0.0; 0.0; 0.0; 0.0; 0.0; 2.7; 1.1; 5.32; 4.5; 25.0; -25.0; 0.0; 0; 0; 0.0; 0.0; 1; 5.2099261104; 3.24974531806; 2.76913043519; 0; 0; 0; 0; 0.0; 0.0; 0.0; -1.0; 0.0; 0.0; 0.0; 0.0; 0.0; 1.0;0; 0;0; 0; 
46.6974701881; 110290; 0.0; 0.0; -0.31729; 0.0; 0.0; 0.0; 0.0; 0.0; 0.0; 0.0; 0.0; 0.0; 0.0; 0.0; 0.0; 0.0; 0.0; 2.7; 1.1; 5.32; 4.5; 25.0; -25.0; 0.0; 0; 0; 0.0; 0.0; 1; 5.2099261104; 3.24974531806; 2.76913043519; 0; 0; 0; 0; 0.0; 0.0; 0.0; -1.0; 0.0; 0.0; 0.0; 0.0; 0.0; 1.0;0; 0;0; 0; 
46.7087070942; 110300; 0.0; 0.0; -0.31754; 0.0; 0.0; 0.0; 0.0; 0.0; 0.0; 0.0; 0.0; 0.0; 0.0; 0.0; 0.0; 0.0; 0.0; 2.7; 1.1; 5.32; 4.5; 25.0; -25.0; 0.0; 0; 0; 0.0; 0.0; 1; 5.2099261104; 3.24974531806; 2.76913043519; 0; 0; 0; 0; 0.0; 0.0; 0.0; -1.0; 0.0; 0.0; 0.0; 0.0; 0.0; 1.0;0; 0;0; 0; 
46.7200050354; 110300; 0.0; 0.0; -0.31782; 0.0; 0.0; 0.0; 0.0; 0.0; 0.0; 0.0; 0.0; 0.0; 0.0; 0.0; 0.0; 0.0; 0.0; 2.7; 1.1; 5.32; 4.5; 25.0; -25.0; 0.0; 0; 0; 0.0; 0.0; 1; 5.2099261104; 3.24974531806; 2.76913043519; 0; 0; 0; 0; 0.0; 0.0; 0.0; -1.0; 0.0; 0.0; 0.0; 0.0; 0.0; 1.0;0; 0;0; 0; 
46.731554985; 110310; 0.0; 0.0; -0.31803; 0.0; 0.0; 0.0; 0.0; 0.0; 0.0; 0.0; 0.0; 0.0; 0.0; 0.0; 0.0; 0.0; 0.0; 2.7; 1.1; 5.32; 4.5; 25.0; -25.0; 0.0; 0; 0; 0.0; 0.0; 1; 5.2099261104; 3.24974531806; 2.76913043519; 0; 0; 0; 0; 0.0; 0.0; 0.0; -1.0; 0.0; 0.0; 0.0; 0.0; 0.0; 1.0;0; 0;0; 0; 
46.742743969; 110310; 0.0; 0.0; -0.31824; 0.0; 0.0; 0.0; 0.0; 0.0; 0.0; 0.0; 0.0; 0.0; 0.0; 0.0; 0.0; 0.0; 0.0; 2.7; 1.1; 5.32; 4.5; 25.0; -25.0; 0.0; 0; 0; 0.0; 0.0; 1; 5.17164372351; 3.26405774209; 2.801864031; 0; 0; 0; 0; 0.0; 0.0; 0.0; -1.0; 0.0; 0.0; 0.0; 0.0; 0.0; 1.0;0; 0;0; 0; 
46.7548551559; 110320; 0.0; 0.0; -0.31837; 0.0; 0.0; 0.0; 0.0; 0.0; 0.0; 0.0; 0.0; 0.0; 0.0; 0.0; 0.0; 0.0; 0.0; 2.7; 1.1; 5.32; 4.5; 25.0; -25.0; 0.0; 0; 0; 0.0; 0.0; 1; 5.17164372351; 3.26405774209; 2.801864031; 0; 0; 0; 0; 0.0; 0.0; 0.0; -1.0; 0.0; 0.0; 0.0; 0.0; 0.0; 1.0;0; 0;0; 0; 
46.7656600475; 110320; 0.0; 0.0; -0.31823; 0.0; 0.0; 0.0; 0.0; 0.0; 0.0; 0.0; 0.0; 0.0; 0.0; 0.0; 0.0; 0.0; 0.0; 2.7; 1.1; 5.32; 4.5; 25.0; -25.0; 0.0; 0; 0; 0.0; 0.0; 1; 5.17164372351; 3.26405774209; 2.801864031; 0; 0; 0; 0; 0.0; 0.0; 0.0; -1.0; 0.0; 0.0; 0.0; 0.0; 0.0; 1.0;0; 0;0; 0; 
46.7764489651; 110330; 0.0; 0.0; -0.31787; 0.0; 0.0; 0.0; 0.0; 0.0; 0.0; 0.0; 0.0; 0.0; 0.0; 0.0; 0.0; 0.0; 0.0; 2.7; 1.1; 5.32; 4.5; 25.0; -25.0; 0.0; 0; 0; 0.0; 0.0; 1; 5.17164372351; 3.26405774209; 2.801864031; 0; 0; 0; 0; 0.0; 0.0; 0.0; -1.0; 0.0; 0.0; 0.0; 0.0; 0.0; 1.0;0; 0;0; 0; 
46.7875421047; 110330; 0.0; 0.0; -0.31729; 0.0; 0.0; 0.0; 0.0; 0.0; 0.0; 0.0; 0.0; 0.0; 0.0; 0.0; 0.0; 0.0; 0.0; 2.7; 1.1; 5.32; 4.5; 25.0; -25.0; 0.0; 0; 0; 0.0; 0.0; 1; 5.17164372351; 3.26405774209; 2.801864031; 0; 0; 0; 0; 0.0; 0.0; 0.0; -1.0; 0.0; 0.0; 0.0; 0.0; 0.0; 1.0;0; 0;0; 0; 
46.7984650135; 110340; 0.0; 0.0; -0.3166; 0.0; 0.0; 0.0; 0.0; 0.0; 0.0; 0.0; 0.0; 0.0; 0.0; 0.0; 0.0; 0.0; 0.0; 2.7; 1.1; 5.32; 4.5; 25.0; -25.0; 0.0; 0; 0; 0.0; 0.0; 1; 5.17164372351; 3.26405774209; 2.801864031; 0; 0; 0; 0; 0.0; 0.0; 0.0; -1.0; 0.0; 0.0; 0.0; 0.0; 0.0; 1.0;0; 0;0; 0; 
46.8098900318; 110340; 0.0; 0.0; -0.31586; 0.0; 0.0; 0.0; 0.0; 0.0; 0.0; 0.0; 0.0; 0.0; 0.0; 0.0; 0.0; 0.0; 0.0; 2.7; 1.1; 5.32; 4.5; 25.0; -25.0; 0.0; 0; 0; 0.0; 0.0; 1; 5.17164372351; 3.26405774209; 2.801864031; 0; 0; 0; 0; 0.0; 0.0; 0.0; -1.0; 0.0; 0.0; 0.0; 0.0; 0.0; 1.0;0; 0;0; 0; 
46.8212921619; 110350; 0.0; 0.0; -0.31504; 0.0; 0.0; 0.0; 0.0; 0.0; 0.0; 0.0; 0.0; 0.0; 0.0; 0.0; 0.0; 0.0; 0.0; 2.7; 1.1; 5.32; 4.5; 25.0; -25.0; 0.0; 0; 0; 0.0; 0.0; 1; 5.17164372351; 3.26405774209; 2.801864031; 0; 0; 0; 0; 0.0; 0.0; 0.0; -1.0; 0.0; 0.0; 0.0; 0.0; 0.0; 1.0;0; 0;0; 0; 
46.8331270218; 110350; 0.0; 0.0; -0.31435; 0.0; 0.0; 0.0; 0.0; 0.0; 0.0; 0.0; 0.0; 0.0; 0.0; 0.0; 0.0; 0.0; 0.0; 2.7; 1.1; 5.32; 4.5; 25.0; -25.0; 0.0; 0; 0; 0.0; 0.0; 1; 5.17164372351; 3.26405774209; 2.801864031; 0; 0; 0; 0; 0.0; 0.0; 0.0; -1.0; 0.0; 0.0; 0.0; 0.0; 0.0; 1.0;0; 0;0; 0; 
46.8441641331; 110360; 0.0; 0.0; -0.31393; 0.0; 0.0; 0.0; 0.0; 0.0; 0.0; 0.0; 0.0; 0.0; 0.0; 0.0; 0.0; 0.0; 0.0; 2.7; 1.1; 5.32; 4.5; 25.0; -25.0; 0.0; 0; 0; 0.0; 0.0; 1; 5.17164372351; 3.26405774209; 2.801864031; 0; 0; 0; 0; 0.0; 0.0; 0.0; -1.0; 0.0; 0.0; 0.0; 0.0; 0.0; 1.0;0; 0;0; 0; 
46.8556091785; 110360; 0.0; 0.0; -0.31387; 0.0; 0.0; 0.0; 0.0; 0.0; 0.0; 0.0; 0.0; 0.0; 0.0; 0.0; 0.0; 0.0; 0.0; 2.7; 1.1; 5.32; 4.5; 25.0; -25.0; 0.0; 0; 0; 0.0; 0.0; 1; 5.17164372351; 3.26405774209; 2.801864031; 0; 0; 0; 0; 0.0; 0.0; 0.0; -1.0; 0.0; 0.0; 0.0; 0.0; 0.0; 1.0;0; 0;0; 0; 
46.8666579723; 110370; 0.0; 0.0; -0.31418; 0.0; 0.0; 0.0; 0.0; 0.0; 0.0; 0.0; 0.0; 0.0; 0.0; 0.0; 0.0; 0.0; 0.0; 2.7; 1.1; 5.32; 4.5; 25.0; -25.0; 0.0; 0; 0; 0.0; 0.0; 1; 5.17164372351; 3.26405774209; 2.801864031; 0; 0; 0; 0; 0.0; 0.0; 0.0; -1.0; 0.0; 0.0; 0.0; 0.0; 0.0; 1.0;0; 0;0; 0; 
46.8774302006; 110370; 0.0; 0.0; -0.31483; 0.0; 0.0; 0.0; 0.0; 0.0; 0.0; 0.0; 0.0; 0.0; 0.0; 0.0; 0.0; 0.0; 0.0; 2.81; 1.1; 5.27; 4.44; 25.0; -25.0; 0.0; 0; 0; 0.0; 0.0; 1; 5.17164372351; 3.26405774209; 2.801864031; 0; 0; 0; 0; 0.0; 0.0; 0.0; -1.0; 0.0; 0.0; 0.0; 0.0; 0.0; 1.0;0; 0;0; 0; 
46.8895871639; 110380; 0.0; 0.0; -0.3159; 0.0; 0.0; 0.0; 0.0; 0.0; 0.0; 0.0; 0.0; 0.0; 0.0; 0.0; 0.0; 0.0; 0.0; 2.81; 1.1; 5.27; 4.44; 25.0; -25.0; 0.0; 0; 0; 0.0; 0.0; 1; 5.17164372351; 3.26405774209; 2.801864031; 0; 0; 0; 0; 0.0; 0.0; 0.0; -1.0; 0.0; 0.0; 0.0; 0.0; 0.0; 1.0;0; 0;0; 0; 
46.9005069733; 110380; 0.0; 0.0; -0.31732; 0.0; 0.0; 0.0; 0.0; 0.0; 0.0; 0.0; 0.0; 0.0; 0.0; 0.0; 0.0; 0.0; 0.0; 2.81; 1.1; 5.27; 4.44; 25.0; -25.0; 0.0; 0; 0; 0.0; 0.0; 1; 5.17164372351; 3.26405774209; 2.801864031; 0; 0; 0; 0; 0.0; 0.0; 0.0; -1.0; 0.0; 0.0; 0.0; 0.0; 0.0; 1.0;0; 0;0; 0; 
46.9120130539; 110390; 0.0; 0.0; -0.31885; 0.0; 0.0; 0.0; 0.0; 0.0; 0.0; 0.0; 0.0; 0.0; 0.0; 0.0; 0.0; 0.0; 0.0; 2.81; 1.1; 5.27; 4.44; 25.0; -25.0; 0.0; 0; 0; 0.0; 0.0; 1; 5.17164372351; 3.26405774209; 2.801864031; 0; 0; 0; 0; 0.0; 0.0; 0.0; -1.0; 0.0; 0.0; 0.0; 0.0; 0.0; 1.0;0; 0;0; 0; 
46.9232339859; 110390; 0.0; 0.0; -0.32038; 0.0; 0.0; 0.0; 0.0; 0.0; 0.0; 0.0; 0.0; 0.0; 0.0; 0.0; 0.0; 0.0; 0.0; 2.81; 1.1; 5.27; 4.44; 25.0; -25.0; 0.0; 0; 0; 0.0; 0.0; 1; 5.17164372351; 3.26405774209; 2.801864031; 0; 0; 0; 0; 0.0; 0.0; 0.0; -1.0; 0.0; 0.0; 0.0; 0.0; 0.0; 1.0;0; 0;0; 0; 
46.9350721836; 110400; 0.0; 0.0; -0.32177; 0.0; 0.0; 0.0; 0.0; 0.0; 0.0; 0.0; 0.0; 0.0; 0.0; 0.0; 0.0; 0.0; 0.0; 2.81; 1.1; 5.27; 4.44; 25.0; -25.0; 0.0; 0; 0; 0.0; 0.0; 1; 5.17164372351; 3.26405774209; 2.801864031; 0; 0; 0; 0; 0.0; 0.0; 0.0; -1.0; 0.0; 0.0; 0.0; 0.0; 0.0; 1.0;0; 0;0; 0; 
46.9457511902; 110400; 0.0; 0.0; -0.32298; 0.0; 0.0; 0.0; 0.0; 0.0; 0.0; 0.0; 0.0; 0.0; 0.0; 0.0; 0.0; 0.0; 0.0; 2.81; 1.1; 5.27; 4.44; 25.0; -25.0; 0.0; 0; 0; 0.0; 0.0; 1; 5.17164372351; 3.26405774209; 2.801864031; 0; 0; 0; 0; 0.0; 0.0; 0.0; -1.0; 0.0; 0.0; 0.0; 0.0; 0.0; 1.0;0; 0;0; 0; 
46.9568021297; 110410; 0.0; 0.0; -0.32386; 0.0; 0.0; 0.0; 0.0; 0.0; 0.0; 0.0; 0.0; 0.0; 0.0; 0.0; 0.0; 0.0; 0.0; 2.81; 1.1; 5.27; 4.44; 25.0; -25.0; 0.0; 0; 0; 0.0; 0.0; 1; 5.17164372351; 3.26405774209; 2.801864031; 0; 0; 0; 0; 0.0; 0.0; 0.0; -1.0; 0.0; 0.0; 0.0; 0.0; 0.0; 1.0;0; 0;0; 0; 
46.9684550762; 110410; 0.0; 0.0; -0.32433; 0.0; 0.0; 0.0; 0.0; 0.0; 0.0; 0.0; 0.0; 0.0; 0.0; 0.0; 0.0; 0.0; 0.0; 2.81; 1.1; 5.27; 4.44; 25.0; -25.0; 0.0; 0; 0; 0.0; 0.0; 1; 5.13211182318; 3.27737104762; 2.83488746538; 0; 0; 0; 0; 0.0; 0.0; 0.0; -1.0; 0.0; 0.0; 0.0; 0.0; 0.0; 1.0;0; 0;0; 0; 
46.9796969891; 110420; 0.0; 0.0; -0.32447; 0.0; 0.0; 0.0; 0.0; 0.0; 0.0; 0.0; 0.0; 0.0; 0.0; 0.0; 0.0; 0.0; 0.0; 2.81; 1.1; 5.27; 4.44; 25.0; -25.0; 0.0; 0; 0; 0.0; 0.0; 1; 5.13211182318; 3.27737104762; 2.83488746538; 0; 0; 0; 0; 0.0; 0.0; 0.0; -1.0; 0.0; 0.0; 0.0; 0.0; 0.0; 1.0;0; 0;0; 0; 
46.9905390739; 110420; 0.0; 0.0; -0.32434; 0.0; 0.0; 0.0; 0.0; 0.0; 0.0; 0.0; 0.0; 0.0; 0.0; 0.0; 0.0; 0.0; 0.0; 2.81; 1.1; 5.27; 4.44; 25.0; -25.0; 0.0; 0; 0; 0.0; 0.0; 1; 5.13211182318; 3.27737104762; 2.83488746538; 0; 0; 0; 0; 0.0; 0.0; 0.0; -1.0; 0.0; 0.0; 0.0; 0.0; 0.0; 1.0;0; 0;0; 0; 
47.0023331642; 110430; 0.0; 0.0; -0.32401; 0.0; 0.0; 0.0; 0.0; 0.0; 0.0; 0.0; 0.0; 0.0; 0.0; 0.0; 0.0; 0.0; 0.0; 2.81; 1.1; 5.27; 4.44; 25.0; -25.0; 0.0; 0; 0; 0.0; 0.0; 1; 5.13211182318; 3.27737104762; 2.83488746538; 0; 0; 0; 0; 0.0; 0.0; 0.0; -1.0; 0.0; 0.0; 0.0; 0.0; 0.0; 1.0;0; 0;0; 0; 
47.0139701366; 110430; 0.0; 0.0; -0.32347; 0.0; 0.0; 0.0; 0.0; 0.0; 0.0; 0.0; 0.0; 0.0; 0.0; 0.0; 0.0; 0.0; 0.0; 2.81; 1.1; 5.27; 4.44; 25.0; -25.0; 0.0; 0; 0; 0.0; 0.0; 1; 5.13211182318; 3.27737104762; 2.83488746538; 0; 0; 0; 0; 0.0; 0.0; 0.0; -1.0; 0.0; 0.0; 0.0; 0.0; 0.0; 1.0;0; 0;0; 0; 
47.0243570805; 110440; 0.0; 0.0; -0.32277; 0.0; 0.0; 0.0; 0.0; 0.0; 0.0; 0.0; 0.0; 0.0; 0.0; 0.0; 0.0; 0.0; 0.0; 2.81; 1.1; 5.27; 4.44; 25.0; -25.0; 0.0; 0; 0; 0.0; 0.0; 1; 5.13211182318; 3.27737104762; 2.83488746538; 0; 0; 0; 0; 0.0; 0.0; 0.0; -1.0; 0.0; 0.0; 0.0; 0.0; 0.0; 1.0;0; 0;0; 0; 
47.0365581512; 110440; 0.0; 0.0; -0.32202; 0.0; 0.0; 0.0; 0.0; 0.0; 0.0; 0.0; 0.0; 0.0; 0.0; 0.0; 0.0; 0.0; 0.0; 2.81; 1.1; 5.27; 4.44; 25.0; -25.0; 0.0; 0; 0; 0.0; 0.0; 1; 5.13211182318; 3.27737104762; 2.83488746538; 0; 0; 0; 0; 0.0; 0.0; 0.0; -1.0; 0.0; 0.0; 0.0; 0.0; 0.0; 1.0;0; 0;0; 0; 
47.0472710133; 110450; 0.0; 0.0; -0.32129; 0.0; 0.0; 0.0; 0.0; 0.0; 0.0; 0.0; 0.0; 0.0; 0.0; 0.0; 0.0; 0.0; 0.0; 2.81; 1.1; 5.27; 4.44; 25.0; -25.0; 0.0; 0; 0; 0.0; 0.0; 1; 5.13211182318; 3.27737104762; 2.83488746538; 0; 0; 0; 0; 0.0; 0.0; 0.0; -1.0; 0.0; 0.0; 0.0; 0.0; 0.0; 1.0;0; 0;0; 0; 
47.0582261086; 110450; 0.0; 0.0; -0.32059; 0.0; 0.0; 0.0; 0.0; 0.0; 0.0; 0.0; 0.0; 0.0; 0.0; 0.0; 0.0; 0.0; 0.0; 2.81; 1.1; 5.27; 4.44; 25.0; -25.0; 0.0; 0; 0; 0.0; 0.0; 1; 5.13211182318; 3.27737104762; 2.83488746538; 0; 0; 0; 0; 0.0; 0.0; 0.0; -1.0; 0.0; 0.0; 0.0; 0.0; 0.0; 1.0;0; 0;0; 0; 
47.0698211193; 110460; 0.0; 0.0; -0.31993; 0.0; 0.0; 0.0; 0.0; 0.0; 0.0; 0.0; 0.0; 0.0; 0.0; 0.0; 0.0; 0.0; 0.0; 2.81; 1.1; 5.27; 4.44; 25.0; -25.0; 0.0; 0; 0; 0.0; 0.0; 1; 5.13211182318; 3.27737104762; 2.83488746538; 0; 0; 0; 0; 0.0; 0.0; 0.0; -1.0; 0.0; 0.0; 0.0; 0.0; 0.0; 1.0;0; 0;0; 0; 
47.0810301304; 110460; 0.0; 0.0; -0.31934; 0.0; 0.0; 0.0; 0.0; 0.0; 0.0; 0.0; 0.0; 0.0; 0.0; 0.0; 0.0; 0.0; 0.0; 2.81; 1.1; 5.27; 4.44; 25.0; -25.0; 0.0; 0; 0; 0.0; 0.0; 1; 5.13211182318; 3.27737104762; 2.83488746538; 0; 0; 0; 0; 0.0; 0.0; 0.0; -1.0; 0.0; 0.0; 0.0; 0.0; 0.0; 1.0;0; 0;0; 0; 
47.092468977; 110470; 0.0; 0.0; -0.31891; 0.0; 0.0; 0.0; 0.0; 0.0; 0.0; 0.0; 0.0; 0.0; 0.0; 0.0; 0.0; 0.0; 0.0; 2.81; 1.1; 5.27; 4.44; 25.0; -25.0; 0.0; 0; 0; 0.0; 0.0; 1; 5.13211182318; 3.27737104762; 2.83488746538; 0; 0; 0; 0; 0.0; 0.0; 0.0; -1.0; 0.0; 0.0; 0.0; 0.0; 0.0; 1.0;0; 0;0; 0; 
47.1035311222; 110470; 0.0; 0.0; -0.31862; 0.0; 0.0; 0.0; 0.0; 0.0; 0.0; 0.0; 0.0; 0.0; 0.0; 0.0; 0.0; 0.0; 0.0; 2.81; 1.1; 5.27; 4.44; 25.0; -25.0; 0.0; 0; 0; 0.0; 0.0; 1; 5.13211182318; 3.27737104762; 2.83488746538; 0; 0; 0; 0; 0.0; 0.0; 0.0; -1.0; 0.0; 0.0; 0.0; 0.0; 0.0; 1.0;0; 0;0; 0; 
47.1142439842; 110480; 0.0; 0.0; -0.31842; 0.0; 0.0; 0.0; 0.0; 0.0; 0.0; 0.0; 0.0; 0.0; 0.0; 0.0; 0.0; 0.0; 0.0; 2.86; 1.13; 5.38; 4.52; 25.0; -25.0; 0.0; 0; 0; 0.0; 0.0; 1; 5.13211182318; 3.27737104762; 2.83488746538; 0; 0; 0; 0; 0.0; 0.0; 0.0; -1.0; 0.0; 0.0; 0.0; 0.0; 0.0; 1.0;0; 0;0; 0; 
47.1250691414; 110480; 0.0; 0.0; -0.31824; 0.0; 0.0; 0.0; 0.0; 0.0; 0.0; 0.0; 0.0; 0.0; 0.0; 0.0; 0.0; 0.0; 0.0; 2.86; 1.13; 5.38; 4.52; 25.0; -25.0; 0.0; 0; 0; 0.0; 0.0; 1; 5.13211182318; 3.27737104762; 2.83488746538; 0; 0; 0; 0; 0.0; 0.0; 0.0; -1.0; 0.0; 0.0; 0.0; 0.0; 0.0; 1.0;0; 0;0; 0; 
47.1361601353; 110490; 0.0; 0.0; -0.31807; 0.0; 0.0; 0.0; 0.0; 0.0; 0.0; 0.0; 0.0; 0.0; 0.0; 0.0; 0.0; 0.0; 0.0; 2.86; 1.13; 5.38; 4.52; 25.0; -25.0; 0.0; 0; 0; 0.0; 0.0; 1; 5.13211182318; 3.27737104762; 2.83488746538; 0; 0; 0; 0; 0.0; 0.0; 0.0; -1.0; 0.0; 0.0; 0.0; 0.0; 0.0; 1.0;0; 0;0; 0; 
47.1475131512; 110490; 0.0; 0.0; -0.31797; 0.0; 0.0; 0.0; 0.0; 0.0; 0.0; 0.0; 0.0; 0.0; 0.0; 0.0; 0.0; 0.0; 0.0; 2.86; 1.13; 5.38; 4.52; 25.0; -25.0; 0.0; 0; 0; 0.0; 0.0; 1; 5.13211182318; 3.27737104762; 2.83488746538; 0; 0; 0; 0; 0.0; 0.0; 0.0; -1.0; 0.0; 0.0; 0.0; 0.0; 0.0; 1.0;0; 0;0; 0; 
47.1587910652; 110500; 0.0; 0.0; -0.31787; 0.0; 0.0; 0.0; 0.0; 0.0; 0.0; 0.0; 0.0; 0.0; 0.0; 0.0; 0.0; 0.0; 0.0; 2.86; 1.13; 5.38; 4.52; 25.0; -25.0; 0.0; 0; 0; 0.0; 0.0; 1; 5.13211182318; 3.27737104762; 2.83488746538; 0; 0; 0; 0; 0.0; 0.0; 0.0; -1.0; 0.0; 0.0; 0.0; 0.0; 0.0; 1.0;0; 0;0; 0; 
47.1696660519; 110500; 0.0; 0.0; -0.31777; 0.0; 0.0; 0.0; 0.0; 0.0; 0.0; 0.0; 0.0; 0.0; 0.0; 0.0; 0.0; 0.0; 0.0; 2.86; 1.13; 5.38; 4.52; 25.0; -25.0; 0.0; 0; 0; 0.0; 0.0; 1; 5.13211182318; 3.27737104762; 2.83488746538; 0; 0; 0; 0; 0.0; 0.0; 0.0; -1.0; 0.0; 0.0; 0.0; 0.0; 0.0; 1.0;0; 0;0; 0; 
47.1807341576; 110510; 0.0; 0.0; -0.31771; 0.0; 0.0; 0.0; 0.0; 0.0; 0.0; 0.0; 0.0; 0.0; 0.0; 0.0; 0.0; 0.0; 0.0; 2.86; 1.13; 5.38; 4.52; 25.0; -25.0; 0.0; 0; 0; 0.0; 0.0; 1; 5.13211182318; 3.27737104762; 2.83488746538; 0; 0; 0; 0; 0.0; 0.0; 0.0; -1.0; 0.0; 0.0; 0.0; 0.0; 0.0; 1.0;0; 0;0; 0; 
47.1913871765; 110510; 0.0; 0.0; -0.31783; 0.0; 0.0; 0.0; 0.0; 0.0; 0.0; 0.0; 0.0; 0.0; 0.0; 0.0; 0.0; 0.0; 0.0; 2.86; 1.13; 5.38; 4.52; 25.0; -25.0; 0.0; 0; 0; 0.0; 0.0; 1; 5.09151774057; 3.28955472959; 2.86828100656; 0; 0; 0; 0; 0.0; 0.0; 0.0; -1.0; 0.0; 0.0; 0.0; 0.0; 0.0; 1.0;0; 0;0; 0; 
47.2019910812; 110520; 0.0; 0.0; -0.31825; 0.0; 0.0; 0.0; 0.0; 0.0; 0.0; 0.0; 0.0; 0.0; 0.0; 0.0; 0.0; 0.0; 0.0; 2.86; 1.13; 5.38; 4.52; 25.0; -25.0; 0.0; 0; 0; 0.0; 0.0; 1; 5.09151774057; 3.28955472959; 2.86828100656; 0; 0; 0; 0; 0.0; 0.0; 0.0; -1.0; 0.0; 0.0; 0.0; 0.0; 0.0; 1.0;0; 0;0; 0; 
47.2136571407; 110520; 0.0; 0.0; -0.31884; 0.0; 0.0; 0.0; 0.0; 0.0; 0.0; 0.0; 0.0; 0.0; 0.0; 0.0; 0.0; 0.0; 0.0; 2.86; 1.13; 5.38; 4.52; 25.0; -25.0; 0.0; 0; 0; 0.0; 0.0; 1; 5.09151774057; 3.28955472959; 2.86828100656; 0; 0; 0; 0; 0.0; 0.0; 0.0; -1.0; 0.0; 0.0; 0.0; 0.0; 0.0; 1.0;0; 0;0; 0; 
47.2251300812; 110530; 0.0; 0.0; -0.31963; 0.0; 0.0; 0.0; 0.0; 0.0; 0.0; 0.0; 0.0; 0.0; 0.0; 0.0; 0.0; 0.0; 0.0; 2.86; 1.13; 5.38; 4.52; 25.0; -25.0; 0.0; 0; 0; 0.0; 0.0; 1; 5.09151774057; 3.28955472959; 2.86828100656; 0; 0; 0; 0; 0.0; 0.0; 0.0; -1.0; 0.0; 0.0; 0.0; 0.0; 0.0; 1.0;0; 0;0; 0; 
47.236697197; 110530; 0.0; 0.0; -0.32069; 0.0; 0.0; 0.0; 0.0; 0.0; 0.0; 0.0; 0.0; 0.0; 0.0; 0.0; 0.0; 0.0; 0.0; 2.86; 1.13; 5.38; 4.52; 25.0; -25.0; 0.0; 0; 0; 0.0; 0.0; 1; 5.09151774057; 3.28955472959; 2.86828100656; 0; 0; 0; 0; 0.0; 0.0; 0.0; -1.0; 0.0; 0.0; 0.0; 0.0; 0.0; 1.0;0; 0;0; 0; 
47.247492075; 110540; 0.0; 0.0; -0.322; 0.0; 0.0; 0.0; 0.0; 0.0; 0.0; 0.0; 0.0; 0.0; 0.0; 0.0; 0.0; 0.0; 0.0; 2.86; 1.13; 5.38; 4.52; 25.0; -25.0; 0.0; 0; 0; 0.0; 0.0; 1; 5.09151774057; 3.28955472959; 2.86828100656; 0; 0; 0; 0; 0.0; 0.0; 0.0; -1.0; 0.0; 0.0; 0.0; 0.0; 0.0; 1.0;0; 0;0; 0; 
47.258409977; 110540; 0.0; 0.0; -0.32345; 0.0; 0.0; 0.0; 0.0; 0.0; 0.0; 0.0; 0.0; 0.0; 0.0; 0.0; 0.0; 0.0; 0.0; 2.86; 1.13; 5.38; 4.52; 25.0; -25.0; 0.0; 0; 0; 0.0; 0.0; 1; 5.09151774057; 3.28955472959; 2.86828100656; 0; 0; 0; 0; 0.0; 0.0; 0.0; -1.0; 0.0; 0.0; 0.0; 0.0; 0.0; 1.0;0; 0;0; 0; 
47.2689931393; 110550; 0.0; 0.0; -0.32488; 0.0; 0.0; 0.0; 0.0; 0.0; 0.0; 0.0; 0.0; 0.0; 0.0; 0.0; 0.0; 0.0; 0.0; 2.86; 1.13; 5.38; 4.52; 25.0; -25.0; 0.0; 0; 0; 0.0; 0.0; 1; 5.09151774057; 3.28955472959; 2.86828100656; 0; 0; 0; 0; 0.0; 0.0; 0.0; -1.0; 0.0; 0.0; 0.0; 0.0; 0.0; 1.0;0; 0;0; 0; 
47.2797071934; 110550; 0.0; 0.0; -0.32621; 0.0; 0.0; 0.0; 0.0; 0.0; 0.0; 0.0; 0.0; 0.0; 0.0; 0.0; 0.0; 0.0; 0.0; 2.86; 1.13; 5.38; 4.52; 25.0; -25.0; 0.0; 0; 0; 0.0; 0.0; 1; 5.09151774057; 3.28955472959; 2.86828100656; 0; 0; 0; 0; 0.0; 0.0; 0.0; -1.0; 0.0; 0.0; 0.0; 0.0; 0.0; 1.0;0; 0;0; 0; 
47.2909760475; 110560; 0.0; 0.0; -0.32752; 0.0; 0.0; 0.0; 0.0; 0.0; 0.0; 0.0; 0.0; 0.0; 0.0; 0.0; 0.0; 0.0; 0.0; 2.86; 1.13; 5.38; 4.52; 25.0; -25.0; 0.0; 0; 0; 0.0; 0.0; 1; 5.09151774057; 3.28955472959; 2.86828100656; 0; 0; 0; 0; 0.0; 0.0; 0.0; -1.0; 0.0; 0.0; 0.0; 0.0; 0.0; 1.0;0; 0;0; 0; 
47.3026840687; 110560; 0.0; 0.0; -0.3286; 0.0; 0.0; 0.0; 0.0; 0.0; 0.0; 0.0; 0.0; 0.0; 0.0; 0.0; 0.0; 0.0; 0.0; 2.86; 1.13; 5.38; 4.52; 25.0; -25.0; 0.0; 0; 0; 0.0; 0.0; 1; 5.09151774057; 3.28955472959; 2.86828100656; 0; 0; 0; 0; 0.0; 0.0; 0.0; -1.0; 0.0; 0.0; 0.0; 0.0; 0.0; 1.0;0; 0;0; 0; 
47.3145070076; 110570; 0.0; 0.0; -0.32938; 0.0; 0.0; 0.0; 0.0; 0.0; 0.0; 0.0; 0.0; 0.0; 0.0; 0.0; 0.0; 0.0; 0.0; 2.86; 1.13; 5.38; 4.52; 25.0; -25.0; 0.0; 0; 0; 0.0; 0.0; 1; 5.09151774057; 3.28955472959; 2.86828100656; 0; 0; 0; 0; 0.0; 0.0; 0.0; -1.0; 0.0; 0.0; 0.0; 0.0; 0.0; 1.0;0; 0;0; 0; 
47.3259921074; 110570; 0.0; 0.0; -0.32982; 0.0; 0.0; 0.0; 0.0; 0.0; 0.0; 0.0; 0.0; 0.0; 0.0; 0.0; 0.0; 0.0; 0.0; 2.89; 1.17; 5.47; 4.81; 25.0; -25.0; 0.0; 0; 0; 0.0; 0.0; 1; 5.09151774057; 3.28955472959; 2.86828100656; 0; 0; 0; 0; 0.0; 0.0; 0.0; -1.0; 0.0; 0.0; 0.0; 0.0; 0.0; 1.0;0; 0;0; 0; 
47.3379421234; 110580; 0.0; 0.0; -0.32996; 0.0; 0.0; 0.0; 0.0; 0.0; 0.0; 0.0; 0.0; 0.0; 0.0; 0.0; 0.0; 0.0; 0.0; 2.89; 1.17; 5.47; 4.81; 25.0; -25.0; 0.0; 0; 0; 0.0; 0.0; 1; 5.09151774057; 3.28955472959; 2.86828100656; 0; 0; 0; 0; 0.0; 0.0; 0.0; -1.0; 0.0; 0.0; 0.0; 0.0; 0.0; 1.0;0; 0;0; 0; 
47.3493959904; 110580; 0.0; 0.0; -0.32988; 0.0; 0.0; 0.0; 0.0; 0.0; 0.0; 0.0; 0.0; 0.0; 0.0; 0.0; 0.0; 0.0; 0.0; 2.89; 1.17; 5.47; 4.81; 25.0; -25.0; 0.0; 0; 0; 0.0; 0.0; 1; 5.09151774057; 3.28955472959; 2.86828100656; 0; 0; 0; 0; 0.0; 0.0; 0.0; -1.0; 0.0; 0.0; 0.0; 0.0; 0.0; 1.0;0; 0;0; 0; 
47.3598840237; 110590; 0.0; 0.0; -0.32952; 0.0; 0.0; 0.0; 0.0; 0.0; 0.0; 0.0; 0.0; 0.0; 0.0; 0.0; 0.0; 0.0; 0.0; 2.89; 1.17; 5.47; 4.81; 25.0; -25.0; 0.0; 0; 0; 0.0; 0.0; 1; 5.09151774057; 3.28955472959; 2.86828100656; 0; 0; 0; 0; 0.0; 0.0; 0.0; -1.0; 0.0; 0.0; 0.0; 0.0; 0.0; 1.0;0; 0;0; 0; 
47.3710930347; 110590; 0.0; 0.0; -0.32903; 0.0; 0.0; 0.0; 0.0; 0.0; 0.0; 0.0; 0.0; 0.0; 0.0; 0.0; 0.0; 0.0; 0.0; 2.89; 1.17; 5.47; 4.81; 25.0; -25.0; 0.0; 0; 0; 0.0; 0.0; 1; 5.09151774057; 3.28955472959; 2.86828100656; 0; 0; 0; 0; 0.0; 0.0; 0.0; -1.0; 0.0; 0.0; 0.0; 0.0; 0.0; 1.0;0; 0;0; 0; 
47.3817431927; 110600; 0.0; 0.0; -0.32854; 0.0; 0.0; 0.0; 0.0; 0.0; 0.0; 0.0; 0.0; 0.0; 0.0; 0.0; 0.0; 0.0; 0.0; 2.89; 1.17; 5.47; 4.81; 25.0; -25.0; 0.0; 0; 0; 0.0; 0.0; 1; 5.09151774057; 3.28955472959; 2.86828100656; 0; 0; 0; 0; 0.0; 0.0; 0.0; -1.0; 0.0; 0.0; 0.0; 0.0; 0.0; 1.0;0; 0;0; 0; 
47.3926692009; 110600; 0.0; 0.0; -0.32811; 0.0; 0.0; 0.0; 0.0; 0.0; 0.0; 0.0; 0.0; 0.0; 0.0; 0.0; 0.0; 0.0; 0.0; 2.89; 1.17; 5.47; 4.81; 25.0; -25.0; 0.0; 0; 0; 0.0; 0.0; 1; 5.09151774057; 3.28955472959; 2.86828100656; 0; 0; 0; 0; 0.0; 0.0; 0.0; -1.0; 0.0; 0.0; 0.0; 0.0; 0.0; 1.0;0; 0;0; 0; 
47.403534174; 110610; 0.0; 0.0; -0.3278; 0.0; 0.0; 0.0; 0.0; 0.0; 0.0; 0.0; 0.0; 0.0; 0.0; 0.0; 0.0; 0.0; 0.0; 2.89; 1.17; 5.47; 4.81; 25.0; -25.0; 0.0; 0; 0; 0.0; 0.0; 1; 5.09151774057; 3.28955472959; 2.86828100656; 0; 0; 0; 0; 0.0; 0.0; 0.0; -1.0; 0.0; 0.0; 0.0; 0.0; 0.0; 1.0;0; 0;0; 0; 
47.4148311615; 110610; 0.0; 0.0; -0.32761; 0.0; 0.0; 0.0; 0.0; 0.0; 0.0; 0.0; 0.0; 0.0; 0.0; 0.0; 0.0; 0.0; 0.0; 2.89; 1.17; 5.47; 4.81; 25.0; -25.0; 0.0; 0; 0; 0.0; 0.0; 1; 5.04985308166; 3.30055482106; 2.90216162889; 0; 0; 0; 0; 0.0; 0.0; 0.0; -1.0; 0.0; 0.0; 0.0; 0.0; 0.0; 1.0;0; 0;0; 0; 
47.4272780418; 110620; 0.0; 0.0; -0.32759; 0.0; 0.0; 0.0; 0.0; 0.0; 0.0; 0.0; 0.0; 0.0; 0.0; 0.0; 0.0; 0.0; 0.0; 2.89; 1.17; 5.47; 4.81; 25.0; -25.0; 0.0; 0; 0; 0.0; 0.0; 1; 5.04985308166; 3.30055482106; 2.90216162889; 0; 0; 0; 0; 0.0; 0.0; 0.0; -1.0; 0.0; 0.0; 0.0; 0.0; 0.0; 1.0;0; 0;0; 0; 
47.4391441345; 110620; 0.0; 0.0; -0.32774; 0.0; 0.0; 0.0; 0.0; 0.0; 0.0; 0.0; 0.0; 0.0; 0.0; 0.0; 0.0; 0.0; 0.0; 2.89; 1.17; 5.47; 4.81; 25.0; -25.0; 0.0; 0; 0; 0.0; 0.0; 1; 5.04985308166; 3.30055482106; 2.90216162889; 0; 0; 0; 0; 0.0; 0.0; 0.0; -1.0; 0.0; 0.0; 0.0; 0.0; 0.0; 1.0;0; 0;0; 0; 
47.4507601261; 110630; 0.0; 0.0; -0.32795; 0.0; 0.0; 0.0; 0.0; 0.0; 0.0; 0.0; 0.0; 0.0; 0.0; 0.0; 0.0; 0.0; 0.0; 2.89; 1.17; 5.47; 4.81; 25.0; -25.0; 0.0; 0; 0; 0.0; 0.0; 1; 5.04985308166; 3.30055482106; 2.90216162889; 0; 0; 0; 0; 0.0; 0.0; 0.0; -1.0; 0.0; 0.0; 0.0; 0.0; 0.0; 1.0;0; 0;0; 0; 
47.4622271061; 110630; 0.0; 0.0; -0.32808; 0.0; 0.0; 0.0; 0.0; 0.0; 0.0; 0.0; 0.0; 0.0; 0.0; 0.0; 0.0; 0.0; 0.0; 2.89; 1.17; 5.47; 4.81; 25.0; -25.0; 0.0; 0; 0; 0.0; 0.0; 1; 5.04985308166; 3.30055482106; 2.90216162889; 0; 0; 0; 0; 0.0; 0.0; 0.0; -1.0; 0.0; 0.0; 0.0; 0.0; 0.0; 1.0;0; 0;0; 0; 
47.4732010365; 110640; 0.0; 0.0; -0.32814; 0.0; 0.0; 0.0; 0.0; 0.0; 0.0; 0.0; 0.0; 0.0; 0.0; 0.0; 0.0; 0.0; 0.0; 2.89; 1.17; 5.47; 4.81; 25.0; -25.0; 0.0; 0; 0; 0.0; 0.0; 1; 5.04985308166; 3.30055482106; 2.90216162889; 0; 0; 0; 0; 0.0; 0.0; 0.0; -1.0; 0.0; 0.0; 0.0; 0.0; 0.0; 1.0;0; 0;0; 0; 
47.4840660095; 110640; 0.0; 0.0; -0.32805; 0.0; 0.0; 0.0; 0.0; 0.0; 0.0; 0.0; 0.0; 0.0; 0.0; 0.0; 0.0; 0.0; 0.0; 2.89; 1.17; 5.47; 4.81; 25.0; -25.0; 0.0; 0; 0; 0.0; 0.0; 1; 5.04985308166; 3.30055482106; 2.90216162889; 0; 0; 0; 0; 0.0; 0.0; 0.0; -1.0; 0.0; 0.0; 0.0; 0.0; 0.0; 1.0;0; 0;0; 0; 
47.4949281216; 110650; 0.0; 0.0; -0.32774; 0.0; 0.0; 0.0; 0.0; 0.0; 0.0; 0.0; 0.0; 0.0; 0.0; 0.0; 0.0; 0.0; 0.0; 2.89; 1.17; 5.47; 4.81; 25.0; -25.0; 0.0; 0; 0; 0.0; 0.0; 1; 5.04985308166; 3.30055482106; 2.90216162889; 0; 0; 0; 0; 0.0; 0.0; 0.0; -1.0; 0.0; 0.0; 0.0; 0.0; 0.0; 1.0;0; 0;0; 0; 
47.5063831806; 110650; 0.0; 0.0; -0.32708; 0.0; 0.0; 0.0; 0.0; 0.0; 0.0; 0.0; 0.0; 0.0; 0.0; 0.0; 0.0; 0.0; 0.0; 2.89; 1.17; 5.47; 4.81; 25.0; -25.0; 0.0; 0; 0; 0.0; 0.0; 1; 5.04985308166; 3.30055482106; 2.90216162889; 0; 0; 0; 0; 0.0; 0.0; 0.0; -1.0; 0.0; 0.0; 0.0; 0.0; 0.0; 1.0;0; 0;0; 0; 
47.517001152; 110660; 0.0; 0.0; -0.3262; 0.0; 0.0; 0.0; 0.0; 0.0; 0.0; 0.0; 0.0; 0.0; 0.0; 0.0; 0.0; 0.0; 0.0; 2.89; 1.17; 5.47; 4.81; 25.0; -25.0; 0.0; 0; 0; 0.0; 0.0; 1; 5.04985308166; 3.30055482106; 2.90216162889; 0; 0; 0; 0; 0.0; 0.0; 0.0; -1.0; 0.0; 0.0; 0.0; 0.0; 0.0; 1.0;0; 0;0; 0; 
47.5276319981; 110660; 0.0; 0.0; -0.32529; 0.0; 0.0; 0.0; 0.0; 0.0; 0.0; 0.0; 0.0; 0.0; 0.0; 0.0; 0.0; 0.0; 0.0; 2.89; 1.17; 5.47; 4.81; 25.0; -25.0; 0.0; 0; 0; 0.0; 0.0; 1; 5.04985308166; 3.30055482106; 2.90216162889; 0; 0; 0; 0; 0.0; 0.0; 0.0; -1.0; 0.0; 0.0; 0.0; 0.0; 0.0; 1.0;0; 0;0; 0; 
47.5382430553; 110670; 0.0; 0.0; -0.32448; 0.0; 0.0; 0.0; 0.0; 0.0; 0.0; 0.0; 0.0; 0.0; 0.0; 0.0; 0.0; 0.0; 0.0; 2.89; 1.17; 5.47; 4.81; 25.0; -25.0; 0.0; 0; 0; 0.0; 0.0; 1; 5.04985308166; 3.30055482106; 2.90216162889; 0; 0; 0; 0; 0.0; 0.0; 0.0; -1.0; 0.0; 0.0; 0.0; 0.0; 0.0; 1.0;0; 0;0; 0; 
47.548871994; 110670; 0.0; 0.0; -0.32387; 0.0; 0.0; 0.0; 0.0; 0.0; 0.0; 0.0; 0.0; 0.0; 0.0; 0.0; 0.0; 0.0; 0.0; 2.89; 1.17; 5.47; 4.81; 25.0; -25.0; 0.0; 0; 0; 0.0; 0.0; 1; 5.04985308166; 3.30055482106; 2.90216162889; 0; 0; 0; 0; 0.0; 0.0; 0.0; -1.0; 0.0; 0.0; 0.0; 0.0; 0.0; 1.0;0; 0;0; 0; 
47.5602881908; 110680; 0.0; 0.0; -0.32359; 0.0; 0.0; 0.0; 0.0; 0.0; 0.0; 0.0; 0.0; 0.0; 0.0; 0.0; 0.0; 0.0; 0.0; 2.89; 1.17; 5.47; 4.81; 25.0; -25.0; 0.0; 0; 0; 0.0; 0.0; 1; 5.04985308166; 3.30055482106; 2.90216162889; 0; 0; 0; 0; 0.0; 0.0; 0.0; -1.0; 0.0; 0.0; 0.0; 0.0; 0.0; 1.0;0; 0;0; 0; 
47.5709171295; 110680; 0.0; 0.0; -0.32385; 0.0; 0.0; 0.0; 0.0; 0.0; 0.0; 0.0; 0.0; 0.0; 0.0; 0.0; 0.0; 0.0; 0.0; 2.89; 1.17; 5.47; 4.81; 25.0; -25.0; 0.0; 0; 0; 0.0; 0.0; 1; 5.04985308166; 3.30055482106; 2.90216162889; 0; 0; 0; 0; 0.0; 0.0; 0.0; -1.0; 0.0; 0.0; 0.0; 0.0; 0.0; 1.0;0; 0;0; 0; 
47.5823311806; 110690; 0.0; 0.0; -0.32468; 0.0; 0.0; 0.0; 0.0; 0.0; 0.0; 0.0; 0.0; 0.0; 0.0; 0.0; 0.0; 0.0; 0.0; 2.89; 1.17; 5.47; 4.81; 25.0; -25.0; 0.0; 0; 0; 0.0; 0.0; 1; 5.04985308166; 3.30055482106; 2.90216162889; 0; 0; 0; 0; 0.0; 0.0; 0.0; -1.0; 0.0; 0.0; 0.0; 0.0; 0.0; 1.0;0; 0;0; 0; 
47.5928730965; 110690; 0.0; 0.0; -0.32591; 0.0; 0.0; 0.0; 0.0; 0.0; 0.0; 0.0; 0.0; 0.0; 0.0; 0.0; 0.0; 0.0; 0.0; 2.89; 1.17; 5.47; 4.81; 25.0; -25.0; 0.0; 0; 0; 0.0; 0.0; 1; 5.04985308166; 3.30055482106; 2.90216162889; 0; 0; 0; 0; 0.0; 0.0; 0.0; -1.0; 0.0; 0.0; 0.0; 0.0; 0.0; 1.0;0; 0;0; 0; 
47.6041681767; 110700; 0.0; 0.0; -0.32738; 0.0; 0.0; 0.0; 0.0; 0.0; 0.0; 0.0; 0.0; 0.0; 0.0; 0.0; 0.0; 0.0; 0.0; 2.89; 1.17; 5.47; 4.81; 25.0; -25.0; 0.0; 0; 0; 0.0; 0.0; 1; 5.04985308166; 3.30055482106; 2.90216162889; 0; 0; 0; 0; 0.0; 0.0; 0.0; -1.0; 0.0; 0.0; 0.0; 0.0; 0.0; 1.0;0; 0;0; 0; 
47.6152791977; 110700; 0.0; 0.0; -0.329; 0.0; 0.0; 0.0; 0.0; 0.0; 0.0; 0.0; 0.0; 0.0; 0.0; 0.0; 0.0; 0.0; 0.0; 2.89; 1.17; 5.47; 4.81; 25.0; -25.0; 0.0; 0; 0; 0.0; 0.0; 1; 5.04985308166; 3.30055482106; 2.90216162889; 0; 0; 0; 0; 0.0; 0.0; 0.0; -1.0; 0.0; 0.0; 0.0; 0.0; 0.0; 1.0;0; 0;0; 0; 
47.6256661415; 110710; 0.0; 0.0; -0.3307; 0.0; 0.0; 0.0; 0.0; 0.0; 0.0; 0.0; 0.0; 0.0; 0.0; 0.0; 0.0; 0.0; 0.0; 2.89; 1.17; 5.47; 4.81; 25.0; -25.0; 0.0; 0; 0; 0.0; 0.0; 1; 5.04985308166; 3.30055482106; 2.90216162889; 0; 0; 0; 0; 0.0; 0.0; 0.0; -1.0; 0.0; 0.0; 0.0; 0.0; 0.0; 1.0;0; 0;0; 0; 
47.6365911961; 110710; 0.0; 0.0; -0.3323; 0.0; 0.0; 0.0; 0.0; 0.0; 0.0; 0.0; 0.0; 0.0; 0.0; 0.0; 0.0; 0.0; 0.0; 2.89; 1.17; 5.47; 4.81; 25.0; -25.0; 0.0; 0; 0; 0.0; 0.0; 1; 5.00690920313; 3.31033944734; 2.93626500491; 0; 0; 0; 0; 0.0; 0.0; 0.0; -1.0; 0.0; 0.0; 0.0; 0.0; 0.0; 1.0;0; 0;0; 0; 
47.6481800079; 110720; 0.0; 0.0; -0.33372; 0.0; 0.0; 0.0; 0.0; 0.0; 0.0; 0.0; 0.0; 0.0; 0.0; 0.0; 0.0; 0.0; 0.0; 2.89; 1.17; 5.47; 4.81; 25.0; -25.0; 0.0; 0; 0; 0.0; 0.0; 1; 5.00690920313; 3.31033944734; 2.93626500491; 0; 0; 0; 0; 0.0; 0.0; 0.0; -1.0; 0.0; 0.0; 0.0; 0.0; 0.0; 1.0;0; 0;0; 0; 
47.6601290703; 110720; 0.0; 0.0; -0.33496; 0.0; 0.0; 0.0; 0.0; 0.0; 0.0; 0.0; 0.0; 0.0; 0.0; 0.0; 0.0; 0.0; 0.0; 2.89; 1.17; 5.47; 4.81; 25.0; -25.0; 0.0; 0; 0; 0.0; 0.0; 1; 5.00690920313; 3.31033944734; 2.93626500491; 0; 0; 0; 0; 0.0; 0.0; 0.0; -1.0; 0.0; 0.0; 0.0; 0.0; 0.0; 1.0;0; 0;0; 0; 
47.6714110374; 110730; 0.0; 0.0; -0.33616; 0.0; 0.0; 0.0; 0.0; 0.0; 0.0; 0.0; 0.0; 0.0; 0.0; 0.0; 0.0; 0.0; 0.0; 2.89; 1.17; 5.47; 4.81; 25.0; -25.0; 0.0; 0; 0; 0.0; 0.0; 1; 5.00690920313; 3.31033944734; 2.93626500491; 0; 0; 0; 0; 0.0; 0.0; 0.0; -1.0; 0.0; 0.0; 0.0; 0.0; 0.0; 1.0;0; 0;0; 0; 
47.6822361946; 110730; 0.0; 0.0; -0.33735; 0.0; 0.0; 0.0; 0.0; 0.0; 0.0; 0.0; 0.0; 0.0; 0.0; 0.0; 0.0; 0.0; 0.0; 2.89; 1.17; 5.47; 4.81; 25.0; -25.0; 0.0; 0; 0; 0.0; 0.0; 1; 5.00690920313; 3.31033944734; 2.93626500491; 0; 0; 0; 0; 0.0; 0.0; 0.0; -1.0; 0.0; 0.0; 0.0; 0.0; 0.0; 1.0;0; 0;0; 0; 
47.693374157; 110740; 0.0; 0.0; -0.3385; 0.0; 0.0; 0.0; 0.0; 0.0; 0.0; 0.0; 0.0; 0.0; 0.0; 0.0; 0.0; 0.0; 0.0; 2.89; 1.17; 5.47; 4.81; 25.0; -25.0; 0.0; 0; 0; 0.0; 0.0; 1; 5.00690920313; 3.31033944734; 2.93626500491; 0; 0; 0; 0; 0.0; 0.0; 0.0; -1.0; 0.0; 0.0; 0.0; 0.0; 0.0; 1.0;0; 0;0; 0; 
47.7050030231; 110740; 0.0; 0.0; -0.33962; 0.0; 0.0; 0.0; 0.0; 0.0; 0.0; 0.0; 0.0; 0.0; 0.0; 0.0; 0.0; 0.0; 0.0; 2.89; 1.17; 5.47; 4.81; 25.0; -25.0; 0.0; 0; 0; 0.0; 0.0; 1; 5.00690920313; 3.31033944734; 2.93626500491; 0; 0; 0; 0; 0.0; 0.0; 0.0; -1.0; 0.0; 0.0; 0.0; 0.0; 0.0; 1.0;0; 0;0; 0; 
47.7159981728; 110750; 0.0; 0.0; -0.34075; 0.0; 0.0; 0.0; 0.0; 0.0; 0.0; 0.0; 0.0; 0.0; 0.0; 0.0; 0.0; 0.0; 0.0; 2.89; 1.17; 5.47; 4.81; 25.0; -25.0; 0.0; 0; 0; 0.0; 0.0; 1; 5.00690920313; 3.31033944734; 2.93626500491; 0; 0; 0; 0; 0.0; 0.0; 0.0; -1.0; 0.0; 0.0; 0.0; 0.0; 0.0; 1.0;0; 0;0; 0; 
47.7274830341; 110750; 0.0; 0.0; -0.34185; 0.0; 0.0; 0.0; 0.0; 0.0; 0.0; 0.0; 0.0; 0.0; 0.0; 0.0; 0.0; 0.0; 0.0; 2.89; 1.17; 5.47; 4.81; 25.0; -25.0; 0.0; 0; 0; 0.0; 0.0; 1; 5.00690920313; 3.31033944734; 2.93626500491; 0; 0; 0; 0; 0.0; 0.0; 0.0; -1.0; 0.0; 0.0; 0.0; 0.0; 0.0; 1.0;0; 0;0; 0; 
47.7385830879; 110760; 0.0; 0.0; -0.34286; 0.0; 0.0; 0.0; 0.0; 0.0; 0.0; 0.0; 0.0; 0.0; 0.0; 0.0; 0.0; 0.0; 0.0; 2.89; 1.17; 5.47; 4.81; 25.0; -25.0; 0.0; 0; 0; 0.0; 0.0; 1; 5.00690920313; 3.31033944734; 2.93626500491; 0; 0; 0; 0; 0.0; 0.0; 0.0; -1.0; 0.0; 0.0; 0.0; 0.0; 0.0; 1.0;0; 0;0; 0; 
47.7495441437; 110760; 0.0; 0.0; -0.34364; 0.0; 0.0; 0.0; 0.0; 0.0; 0.0; 0.0; 0.0; 0.0; 0.0; 0.0; 0.0; 0.0; 0.0; 2.89; 1.17; 5.47; 4.81; 25.0; -25.0; 0.0; 0; 0; 0.0; 0.0; 1; 5.00690920313; 3.31033944734; 2.93626500491; 0; 0; 0; 0; 0.0; 0.0; 0.0; -1.0; 0.0; 0.0; 0.0; 0.0; 0.0; 1.0;0; 0;0; 0; 
47.7610471249; 110770; 0.0; 0.0; -0.34426; 0.0; 0.0; 0.0; 0.0; 0.0; 0.0; 0.0; 0.0; 0.0; 0.0; 0.0; 0.0; 0.0; 0.0; 2.89; 1.17; 5.47; 4.81; 25.0; -25.0; 0.0; 0; 0; 0.0; 0.0; 1; 5.00690920313; 3.31033944734; 2.93626500491; 0; 0; 0; 0; 0.0; 0.0; 0.0; -1.0; 0.0; 0.0; 0.0; 0.0; 0.0; 1.0;0; 0;0; 0; 
47.7723250389; 110770; 0.0; 0.0; -0.34475; 0.0; 0.0; 0.0; 0.0; 0.0; 0.0; 0.0; 0.0; 0.0; 0.0; 0.0; 0.0; 0.0; 0.0; 2.96; 1.22; 4.26; 3.29; 25.0; -25.0; 0.0; 0; 0; 0.0; 0.0; 1; 5.00690920313; 3.31033944734; 2.93626500491; 0; 0; 0; 0; 0.0; 0.0; 0.0; -1.0; 0.0; 0.0; 0.0; 0.0; 0.0; 1.0;0; 0;0; 0; 
47.7826471329; 110780; 0.0; 0.0; -0.34517; 0.0; 0.0; 0.0; 0.0; 0.0; 0.0; 0.0; 0.0; 0.0; 0.0; 0.0; 0.0; 0.0; 0.0; 2.96; 1.22; 4.26; 3.29; 25.0; -25.0; 0.0; 0; 0; 0.0; 0.0; 1; 5.00690920313; 3.31033944734; 2.93626500491; 0; 0; 0; 0; 0.0; 0.0; 0.0; -1.0; 0.0; 0.0; 0.0; 0.0; 0.0; 1.0;0; 0;0; 0; 
47.7947151661; 110780; 0.0; 0.0; -0.34553; 0.0; 0.0; 0.0; 0.0; 0.0; 0.0; 0.0; 0.0; 0.0; 0.0; 0.0; 0.0; 0.0; 0.0; 2.96; 1.22; 4.26; 3.29; 25.0; -25.0; 0.0; 0; 0; 0.0; 0.0; 1; 5.00690920313; 3.31033944734; 2.93626500491; 0; 0; 0; 0; 0.0; 0.0; 0.0; -1.0; 0.0; 0.0; 0.0; 0.0; 0.0; 1.0;0; 0;0; 0; 
47.8058261871; 110790; 0.0; 0.0; -0.34586; 0.0; 0.0; 0.0; 0.0; 0.0; 0.0; 0.0; 0.0; 0.0; 0.0; 0.0; 0.0; 0.0; 0.0; 2.96; 1.22; 4.26; 3.29; 25.0; -25.0; 0.0; 0; 0; 0.0; 0.0; 1; 5.00690920313; 3.31033944734; 2.93626500491; 0; 0; 0; 0; 0.0; 0.0; 0.0; -1.0; 0.0; 0.0; 0.0; 0.0; 0.0; 1.0;0; 0;0; 0; 
47.817111969; 110790; 0.0; 0.0; -0.34629; 0.0; 0.0; 0.0; 0.0; 0.0; 0.0; 0.0; 0.0; 0.0; 0.0; 0.0; 0.0; 0.0; 0.0; 2.96; 1.22; 4.26; 3.29; 25.0; -25.0; 0.0; 0; 0; 0.0; 0.0; 1; 5.00690920313; 3.31033944734; 2.93626500491; 0; 0; 0; 0; 0.0; 0.0; 0.0; -1.0; 0.0; 0.0; 0.0; 0.0; 0.0; 1.0;0; 0;0; 0; 
47.8280479908; 110800; 0.0; 0.0; -0.3468; 0.0; 0.0; 0.0; 0.0; 0.0; 0.0; 0.0; 0.0; 0.0; 0.0; 0.0; 0.0; 0.0; 0.0; 2.96; 1.22; 4.26; 3.29; 25.0; -25.0; 0.0; 0; 0; 0.0; 0.0; 1; 5.00690920313; 3.31033944734; 2.93626500491; 0; 0; 0; 0; 0.0; 0.0; 0.0; -1.0; 0.0; 0.0; 0.0; 0.0; 0.0; 1.0;0; 0;0; 0; 
47.8386120796; 110800; 0.0; 0.0; -0.34731; 0.0; 0.0; 0.0; 0.0; 0.0; 0.0; 0.0; 0.0; 0.0; 0.0; 0.0; 0.0; 0.0; 0.0; 2.96; 1.22; 4.26; 3.29; 25.0; -25.0; 0.0; 0; 0; 0.0; 0.0; 1; 5.00690920313; 3.31033944734; 2.93626500491; 0; 0; 0; 0; 0.0; 0.0; 0.0; -1.0; 0.0; 0.0; 0.0; 0.0; 0.0; 1.0;0; 0;0; 0; 
47.8497262001; 110810; 0.0; 0.0; -0.34779; 0.0; 0.0; 0.0; 0.0; 0.0; 0.0; 0.0; 0.0; 0.0; 0.0; 0.0; 0.0; 0.0; 0.0; 2.96; 1.22; 4.26; 3.29; 25.0; -25.0; 0.0; 0; 0; 0.0; 0.0; 1; 5.00690920313; 3.31033944734; 2.93626500491; 0; 0; 0; 0; 0.0; 0.0; 0.0; -1.0; 0.0; 0.0; 0.0; 0.0; 0.0; 1.0;0; 0;0; 0; 
47.8607230186; 110810; 0.0; 0.0; -0.34829; 0.0; 0.0; 0.0; 0.0; 0.0; 0.0; 0.0; 0.0; 0.0; 0.0; 0.0; 0.0; 0.0; 0.0; 2.96; 1.22; 4.26; 3.29; 25.0; -25.0; 0.0; 0; 0; 0.0; 0.0; 1; 4.96345722261; 3.31867685338; 2.97172588392; 0; 0; 0; 0; 0.0; 0.0; 0.0; -1.0; 0.0; 0.0; 0.0; 0.0; 0.0; 1.0;0; 0;0; 0; 
47.8727400303; 110820; 0.0; 0.0; -0.34872; 0.0; 0.0; 0.0; 0.0; 0.0; 0.0; 0.0; 0.0; 0.0; 0.0; 0.0; 0.0; 0.0; 0.0; 2.96; 1.22; 4.26; 3.29; 25.0; -25.0; 0.0; 0; 0; 0.0; 0.0; 1; 4.96345722261; 3.31867685338; 2.97172588392; 0; 0; 0; 0; 0.0; 0.0; 0.0; -1.0; 0.0; 0.0; 0.0; 0.0; 0.0; 1.0;0; 0;0; 0; 
47.8852300644; 110820; 0.0; 0.0; -0.34908; 0.0; 0.0; 0.0; 0.0; 0.0; 0.0; 0.0; 0.0; 0.0; 0.0; 0.0; 0.0; 0.0; 0.0; 2.96; 1.22; 4.26; 3.29; 25.0; -25.0; 0.0; 0; 0; 0.0; 0.0; 1; 4.96345722261; 3.31867685338; 2.97172588392; 0; 0; 0; 0; 0.0; 0.0; 0.0; -1.0; 0.0; 0.0; 0.0; 0.0; 0.0; 1.0;0; 0;0; 0; 
47.8967959881; 110830; 0.0; 0.0; -0.3493; 0.0; 0.0; 0.0; 0.0; 0.0; 0.0; 0.0; 0.0; 0.0; 0.0; 0.0; 0.0; 0.0; 0.0; 2.96; 1.22; 4.26; 3.29; 25.0; -25.0; 0.0; 0; 0; 0.0; 0.0; 1; 4.96345722261; 3.31867685338; 2.97172588392; 0; 0; 0; 0; 0.0; 0.0; 0.0; -1.0; 0.0; 0.0; 0.0; 0.0; 0.0; 1.0;0; 0;0; 0; 
47.9078700542; 110830; 0.0; 0.0; -0.34945; 0.0; 0.0; 0.0; 0.0; 0.0; 0.0; 0.0; 0.0; 0.0; 0.0; 0.0; 0.0; 0.0; 0.0; 2.96; 1.22; 4.26; 3.29; 25.0; -25.0; 0.0; 0; 0; 0.0; 0.0; 1; 4.96345722261; 3.31867685338; 2.97172588392; 0; 0; 0; 0; 0.0; 0.0; 0.0; -1.0; 0.0; 0.0; 0.0; 0.0; 0.0; 1.0;0; 0;0; 0; 
47.9191291332; 110840; 0.0; 0.0; -0.34954; 0.0; 0.0; 0.0; 0.0; 0.0; 0.0; 0.0; 0.0; 0.0; 0.0; 0.0; 0.0; 0.0; 0.0; 2.96; 1.22; 4.26; 3.29; 25.0; -25.0; 0.0; 0; 0; 0.0; 0.0; 1; 4.96345722261; 3.31867685338; 2.97172588392; 0; 0; 0; 0; 0.0; 0.0; 0.0; -1.0; 0.0; 0.0; 0.0; 0.0; 0.0; 1.0;0; 0;0; 0; 
47.9300370216; 110840; 0.0; 0.0; -0.34957; 0.0; 0.0; 0.0; 0.0; 0.0; 0.0; 0.0; 0.0; 0.0; 0.0; 0.0; 0.0; 0.0; 0.0; 2.96; 1.22; 4.26; 3.29; 25.0; -25.0; 0.0; 0; 0; 0.0; 0.0; 1; 4.96345722261; 3.31867685338; 2.97172588392; 0; 0; 0; 0; 0.0; 0.0; 0.0; -1.0; 0.0; 0.0; 0.0; 0.0; 0.0; 1.0;0; 0;0; 0; 
47.9413070679; 110850; 0.0; 0.0; -0.34965; 0.0; 0.0; 0.0; 0.0; 0.0; 0.0; 0.0; 0.0; 0.0; 0.0; 0.0; 0.0; 0.0; 0.0; 2.96; 1.22; 4.26; 3.29; 25.0; -25.0; 0.0; 0; 0; 0.0; 0.0; 1; 4.96345722261; 3.31867685338; 2.97172588392; 0; 0; 0; 0; 0.0; 0.0; 0.0; -1.0; 0.0; 0.0; 0.0; 0.0; 0.0; 1.0;0; 0;0; 0; 
47.9529981613; 110850; 0.0; 0.0; -0.34983; 0.0; 0.0; 0.0; 0.0; 0.0; 0.0; 0.0; 0.0; 0.0; 0.0; 0.0; 0.0; 0.0; 0.0; 2.96; 1.22; 4.26; 3.29; 25.0; -25.0; 0.0; 0; 0; 0.0; 0.0; 1; 4.96345722261; 3.31867685338; 2.97172588392; 0; 0; 0; 0; 0.0; 0.0; 0.0; -1.0; 0.0; 0.0; 0.0; 0.0; 0.0; 1.0;0; 0;0; 0; 
47.9642400742; 110860; 0.0; 0.0; -0.35021; 0.0; 0.0; 0.0; 0.0; 0.0; 0.0; 0.0; 0.0; 0.0; 0.0; 0.0; 0.0; 0.0; 0.0; 2.96; 1.22; 4.26; 3.29; 25.0; -25.0; 0.0; 0; 0; 0.0; 0.0; 1; 4.96345722261; 3.31867685338; 2.97172588392; 0; 0; 0; 0; 0.0; 0.0; 0.0; -1.0; 0.0; 0.0; 0.0; 0.0; 0.0; 1.0;0; 0;0; 0; 
47.9758751392; 110860; 0.0; 0.0; -0.35084; 0.0; 0.0; 0.0; 0.0; 0.0; 0.0; 0.0; 0.0; 0.0; 0.0; 0.0; 0.0; 0.0; 0.0; 2.96; 1.22; 4.26; 3.29; 25.0; -25.0; 0.0; 0; 0; 0.0; 0.0; 1; 4.96345722261; 3.31867685338; 2.97172588392; 0; 0; 0; 0; 0.0; 0.0; 0.0; -1.0; 0.0; 0.0; 0.0; 0.0; 0.0; 1.0;0; 0;0; 0; 
47.9883210659; 110870; 0.0; 0.0; -0.35179; 0.0; 0.0; 0.0; 0.0; 0.0; 0.0; 0.0; 0.0; 0.0; 0.0; 0.0; 0.0; 0.0; 0.0; 2.96; 1.22; 4.26; 3.29; 25.0; -25.0; 0.0; 0; 0; 0.0; 0.0; 1; 4.96345722261; 3.31867685338; 2.97172588392; 0; 0; 0; 0; 0.0; 0.0; 0.0; -1.0; 0.0; 0.0; 0.0; 0.0; 0.0; 1.0;0; 0;0; 0; 
47.999404192; 110870; 0.0; 0.0; -0.35314; 0.0; 0.0; 0.0; 0.0; 0.0; 0.0; 0.0; 0.0; 0.0; 0.0; 0.0; 0.0; 0.0; 0.0; 3.03; 1.25; 4.4; 5.07; 25.0; -25.0; 0.0; 0; 0; 0.0; 0.0; 1; 4.96345722261; 3.31867685338; 2.97172588392; 0; 0; 0; 0; 0.0; 0.0; 0.0; -1.0; 0.0; 0.0; 0.0; 0.0; 0.0; 1.0;0; 0;0; 0; 
48.0123200417; 110880; 0.0; 0.0; -0.35484; 0.0; 0.0; 0.0; 0.0; 0.0; 0.0; 0.0; 0.0; 0.0; 0.0; 0.0; 0.0; 0.0; 0.0; 3.03; 1.25; 4.4; 5.07; 25.0; -25.0; 0.0; 0; 0; 0.0; 0.0; 1; 4.96345722261; 3.31867685338; 2.97172588392; 0; 0; 0; 0; 0.0; 0.0; 0.0; -1.0; 0.0; 0.0; 0.0; 0.0; 0.0; 1.0;0; 0;0; 0; 
48.0245261192; 110880; 0.0; 0.0; -0.35683; 0.0; 0.0; 0.0; 0.0; 0.0; 0.0; 0.0; 0.0; 0.0; 0.0; 0.0; 0.0; 0.0; 0.0; 3.03; 1.25; 4.4; 5.07; 25.0; -25.0; 0.0; 0; 0; 0.0; 0.0; 1; 4.96345722261; 3.31867685338; 2.97172588392; 0; 0; 0; 0; 0.0; 0.0; 0.0; -1.0; 0.0; 0.0; 0.0; 0.0; 0.0; 1.0;0; 0;0; 0; 
48.0359611511; 110890; 0.0; 0.0; -0.35904; 0.0; 0.0; 0.0; 0.0; 0.0; 0.0; 0.0; 0.0; 0.0; 0.0; 0.0; 0.0; 0.0; 0.0; 3.03; 1.25; 4.4; 5.07; 25.0; -25.0; 0.0; 0; 0; 0.0; 0.0; 1; 4.96345722261; 3.31867685338; 2.97172588392; 0; 0; 0; 0; 0.0; 0.0; 0.0; -1.0; 0.0; 0.0; 0.0; 0.0; 0.0; 1.0;0; 0;0; 0; 
48.0465230942; 110890; 0.0; 0.0; -0.36142; 0.0; 0.0; 0.0; 0.0; 0.0; 0.0; 0.0; 0.0; 0.0; 0.0; 0.0; 0.0; 0.0; 0.0; 3.03; 1.25; 4.4; 5.07; 25.0; -25.0; 0.0; 0; 0; 0.0; 0.0; 1; 4.96345722261; 3.31867685338; 2.97172588392; 0; 0; 0; 0; 0.0; 0.0; 0.0; -1.0; 0.0; 0.0; 0.0; 0.0; 0.0; 1.0;0; 0;0; 0; 
48.05788517; 110900; 0.0; 0.0; -0.36381; 0.0; 0.0; 0.0; 0.0; 0.0; 0.0; 0.0; 0.0; 0.0; 0.0; 0.0; 0.0; 0.0; 0.0; 3.03; 1.25; 4.4; 5.07; 25.0; -25.0; 0.0; 0; 0; 0.0; 0.0; 1; 4.96345722261; 3.31867685338; 2.97172588392; 0; 0; 0; 0; 0.0; 0.0; 0.0; -1.0; 0.0; 0.0; 0.0; 0.0; 0.0; 1.0;0; 0;0; 0; 
48.0685040951; 110900; 0.0; 0.0; -0.36595; 0.0; 0.0; 0.0; 0.0; 0.0; 0.0; 0.0; 0.0; 0.0; 0.0; 0.0; 0.0; 0.0; 0.0; 3.03; 1.25; 4.4; 5.07; 25.0; -25.0; 0.0; 0; 0; 0.0; 0.0; 1; 4.96345722261; 3.31867685338; 2.97172588392; 0; 0; 0; 0; 0.0; 0.0; 0.0; -1.0; 0.0; 0.0; 0.0; 0.0; 0.0; 1.0;0; 0;0; 0; 
48.0799310207; 110910; 0.0; 0.0; -0.36779; 0.0; 0.0; 0.0; 0.0; 0.0; 0.0; 0.0; 0.0; 0.0; 0.0; 0.0; 0.0; 0.0; 0.0; 3.03; 1.25; 4.4; 5.07; 25.0; -25.0; 0.0; 0; 0; 0.0; 0.0; 1; 4.96345722261; 3.31867685338; 2.97172588392; 0; 0; 0; 0; 0.0; 0.0; 0.0; -1.0; 0.0; 0.0; 0.0; 0.0; 0.0; 1.0;0; 0;0; 0; 
48.0910220146; 110910; 0.0; 0.0; -0.36924; 0.0; 0.0; 0.0; 0.0; 0.0; 0.0; 0.0; 0.0; 0.0; 0.0; 0.0; 0.0; 0.0; 0.0; 3.03; 1.25; 4.4; 5.07; 25.0; -25.0; 0.0; 0; 0; 0.0; 0.0; 1; 4.92227448173; 3.32505923501; 3.00802771546; 0; 0; 0; 0; 0.0; 0.0; 0.0; -1.0; 0.0; 0.0; 0.0; 0.0; 0.0; 1.0;0; 0;0; 0; 
48.1018030643; 110920; 0.0; 0.0; -0.37026; 0.0; 0.0; 0.0; 0.0; 0.0; 0.0; 0.0; 0.0; 0.0; 0.0; 0.0; 0.0; 0.0; 0.0; 3.03; 1.25; 4.4; 5.07; 25.0; -25.0; 0.0; 0; 0; 0.0; 0.0; 1; 4.92227448173; 3.32505923501; 3.00802771546; 0; 0; 0; 0; 0.0; 0.0; 0.0; -1.0; 0.0; 0.0; 0.0; 0.0; 0.0; 1.0;0; 0;0; 0; 
48.1122369766; 110920; 0.0; 0.0; -0.37079; 0.0; 0.0; 0.0; 0.0; 0.0; 0.0; 0.0; 0.0; 0.0; 0.0; 0.0; 0.0; 0.0; 0.0; 3.03; 1.25; 4.4; 5.07; 25.0; -25.0; 0.0; 0; 0; 0.0; 0.0; 1; 4.92227448173; 3.32505923501; 3.00802771546; 0; 0; 0; 0; 0.0; 0.0; 0.0; -1.0; 0.0; 0.0; 0.0; 0.0; 0.0; 1.0;0; 0;0; 0; 
48.123180151; 110930; 0.0; 0.0; -0.37095; 0.0; 0.0; 0.0; 0.0; 0.0; 0.0; 0.0; 0.0; 0.0; 0.0; 0.0; 0.0; 0.0; 0.0; 3.03; 1.25; 4.4; 5.07; 25.0; -25.0; 0.0; 0; 0; 0.0; 0.0; 1; 4.92227448173; 3.32505923501; 3.00802771546; 0; 0; 0; 0; 0.0; 0.0; 0.0; -1.0; 0.0; 0.0; 0.0; 0.0; 0.0; 1.0;0; 0;0; 0; 
48.1337530613; 110930; 0.0; 0.0; -0.37103; 0.0; 0.0; 0.0; 0.0; 0.0; 0.0; 0.0; 0.0; 0.0; 0.0; 0.0; 0.0; 0.0; 0.0; 3.03; 1.25; 4.4; 5.07; 25.0; -25.0; 0.0; 0; 0; 0.0; 0.0; 1; 4.92227448173; 3.32505923501; 3.00802771546; 0; 0; 0; 0; 0.0; 0.0; 0.0; -1.0; 0.0; 0.0; 0.0; 0.0; 0.0; 1.0;0; 0;0; 0; 
48.144149065; 110940; 0.0; 0.0; -0.37114; 0.0; 0.0; 0.0; 0.0; 0.0; 0.0; 0.0; 0.0; 0.0; 0.0; 0.0; 0.0; 0.0; 0.0; 3.03; 1.25; 4.4; 5.07; 25.0; -25.0; 0.0; 0; 0; 0.0; 0.0; 1; 4.92227448173; 3.32505923501; 3.00802771546; 0; 0; 0; 0; 0.0; 0.0; 0.0; -1.0; 0.0; 0.0; 0.0; 0.0; 0.0; 1.0;0; 0;0; 0; 
48.1554441452; 110940; 0.0; 0.0; -0.37139; 0.0; 0.0; 0.0; 0.0; 0.0; 0.0; 0.0; 0.0; 0.0; 0.0; 0.0; 0.0; 0.0; 0.0; 3.03; 1.25; 4.4; 5.07; 25.0; -25.0; 0.0; 0; 0; 0.0; 0.0; 1; 4.92227448173; 3.32505923501; 3.00802771546; 0; 0; 0; 0; 0.0; 0.0; 0.0; -1.0; 0.0; 0.0; 0.0; 0.0; 0.0; 1.0;0; 0;0; 0; 
48.1665251255; 110950; 0.0; 0.0; -0.37193; 0.0; 0.0; 0.0; 0.0; 0.0; 0.0; 0.0; 0.0; 0.0; 0.0; 0.0; 0.0; 0.0; 0.0; 3.03; 1.25; 4.4; 5.07; 25.0; -25.0; 0.0; 0; 0; 0.0; 0.0; 1; 4.92227448173; 3.32505923501; 3.00802771546; 0; 0; 0; 0; 0.0; 0.0; 0.0; -1.0; 0.0; 0.0; 0.0; 0.0; 0.0; 1.0;0; 0;0; 0; 
48.1778581142; 110950; 0.0; 0.0; -0.37285; 0.0; 0.0; 0.0; 0.0; 0.0; 0.0; 0.0; 0.0; 0.0; 0.0; 0.0; 0.0; 0.0; 0.0; 3.03; 1.25; 4.4; 5.07; 25.0; -25.0; 0.0; 0; 0; 0.0; 0.0; 1; 4.92227448173; 3.32505923501; 3.00802771546; 0; 0; 0; 0; 0.0; 0.0; 0.0; -1.0; 0.0; 0.0; 0.0; 0.0; 0.0; 1.0;0; 0;0; 0; 
48.1887581348; 110960; 0.0; 0.0; -0.37413; 0.0; 0.0; 0.0; 0.0; 0.0; 0.0; 0.0; 0.0; 0.0; 0.0; 0.0; 0.0; 0.0; 0.0; 3.03; 1.25; 4.4; 5.07; 25.0; -25.0; 0.0; 0; 0; 0.0; 0.0; 1; 4.92227448173; 3.32505923501; 3.00802771546; 0; 0; 0; 0; 0.0; 0.0; 0.0; -1.0; 0.0; 0.0; 0.0; 0.0; 0.0; 1.0;0; 0;0; 0; 
48.1999070644; 110960; 0.0; 0.0; -0.37561; 0.0; 0.0; 0.0; 0.0; 0.0; 0.0; 0.0; 0.0; 0.0; 0.0; 0.0; 0.0; 0.0; 0.0; 3.03; 1.25; 4.4; 5.07; 25.0; -25.0; 0.0; 0; 0; 0.0; 0.0; 1; 4.92227448173; 3.32505923501; 3.00802771546; 0; 0; 0; 0; 0.0; 0.0; 0.0; -1.0; 0.0; 0.0; 0.0; 0.0; 0.0; 1.0;0; 0;0; 0; 
48.211012125; 110970; 0.0; 0.0; -0.37708; 0.0; 0.0; 0.0; 0.0; 0.0; 0.0; 0.0; 0.0; 0.0; 0.0; 0.0; 0.0; 0.0; 0.0; 3.03; 1.25; 4.4; 5.07; 25.0; -25.0; 0.0; 0; 0; 0.0; 0.0; 1; 4.92227448173; 3.32505923501; 3.00802771546; 0; 0; 0; 0; 0.0; 0.0; 0.0; -1.0; 0.0; 0.0; 0.0; 0.0; 0.0; 1.0;0; 0;0; 0; 
48.2226400375; 110970; 0.0; 0.0; -0.3784; 0.0; 0.0; 0.0; 0.0; 0.0; 0.0; 0.0; 0.0; 0.0; 0.0; 0.0; 0.0; 0.0; 0.0; 3.2; 1.25; 4.61; 3.51; 25.0; -25.0; 0.0; 0; 0; 0.0; 0.0; 1; 4.92227448173; 3.32505923501; 3.00802771546; 0; 0; 0; 0; 0.0; 0.0; 0.0; -1.0; 0.0; 0.0; 0.0; 0.0; 0.0; 1.0;0; 0;0; 0; 
48.235555172; 110980; 0.0; 0.0; -0.37935; 0.0; 0.0; 0.0; 0.0; 0.0; 0.0; 0.0; 0.0; 0.0; 0.0; 0.0; 0.0; 0.0; 0.0; 3.2; 1.25; 4.61; 3.51; 25.0; -25.0; 0.0; 0; 0; 0.0; 0.0; 1; 4.92227448173; 3.32505923501; 3.00802771546; 0; 0; 0; 0; 0.0; 0.0; 0.0; -1.0; 0.0; 0.0; 0.0; 0.0; 0.0; 1.0;0; 0;0; 0; 
48.244822979; 110980; 0.0; 0.0; -0.37976; 0.0; 0.0; 0.0; 0.0; 0.0; 0.0; 0.0; 0.0; 0.0; 0.0; 0.0; 0.0; 0.0; 0.0; 3.2; 1.25; 4.61; 3.51; 25.0; -25.0; 0.0; 0; 0; 0.0; 0.0; 1; 4.92227448173; 3.32505923501; 3.00802771546; 0; 0; 0; 0; 0.0; 0.0; 0.0; -1.0; 0.0; 0.0; 0.0; 0.0; 0.0; 1.0;0; 0;0; 0; 
48.2559540272; 110990; 0.0; 0.0; -0.37954; 0.0; 0.0; 0.0; 0.0; 0.0; 0.0; 0.0; 0.0; 0.0; 0.0; 0.0; 0.0; 0.0; 0.0; 3.2; 1.25; 4.61; 3.51; 25.0; -25.0; 0.0; 0; 0; 0.0; 0.0; 1; 4.92227448173; 3.32505923501; 3.00802771546; 0; 0; 0; 0; 0.0; 0.0; 0.0; -1.0; 0.0; 0.0; 0.0; 0.0; 0.0; 1.0;0; 0;0; 0; 
48.2680511475; 110990; 0.0; 0.0; -0.37868; 0.0; 0.0; 0.0; 0.0; 0.0; 0.0; 0.0; 0.0; 0.0; 0.0; 0.0; 0.0; 0.0; 0.0; 3.2; 1.25; 4.61; 3.51; 25.0; -25.0; 0.0; 0; 0; 0.0; 0.0; 1; 4.92227448173; 3.32505923501; 3.00802771546; 0; 0; 0; 0; 0.0; 0.0; 0.0; -1.0; 0.0; 0.0; 0.0; 0.0; 0.0; 1.0;0; 0;0; 0; 
48.2786090374; 111000; 0.0; 0.0; -0.37729; 0.0; 0.0; 0.0; 0.0; 0.0; 0.0; 0.0; 0.0; 0.0; 0.0; 0.0; 0.0; 0.0; 0.0; 3.2; 1.25; 4.61; 3.51; 25.0; -25.0; 0.0; 0; 0; 0.0; 0.0; 1; 4.92227448173; 3.32505923501; 3.00802771546; 0; 0; 0; 0; 0.0; 0.0; 0.0; -1.0; 0.0; 0.0; 0.0; 0.0; 0.0; 1.0;0; 0;0; 0; 
48.289963007; 111000; 0.0; 0.0; -0.37556; 0.0; 0.0; 0.0; 0.0; 0.0; 0.0; 0.0; 0.0; 0.0; 0.0; 0.0; 0.0; 0.0; 0.0; 3.2; 1.25; 4.61; 3.51; 25.0; -25.0; 0.0; 0; 0; 0.0; 0.0; 1; 4.92227448173; 3.32505923501; 3.00802771546; 0; 0; 0; 0; 0.0; 0.0; 0.0; -1.0; 0.0; 0.0; 0.0; 0.0; 0.0; 1.0;0; 0;0; 0; 
48.3008511066; 111010; 0.0; 0.0; -0.37378; 0.0; 0.0; 0.0; 0.0; 0.0; 0.0; 0.0; 0.0; 0.0; 0.0; 0.0; 0.0; 0.0; 0.0; 3.2; 1.25; 4.61; 3.51; 25.0; -25.0; 0.0; 0; 0; 0.0; 0.0; 1; 4.92227448173; 3.32505923501; 3.00802771546; 0; 0; 0; 0; 0.0; 0.0; 0.0; -1.0; 0.0; 0.0; 0.0; 0.0; 0.0; 1.0;0; 0;0; 0; 
48.3127009869; 111010; 0.0; 0.0; -0.37224; 0.0; 0.0; 0.0; 0.0; 0.0; 0.0; 0.0; 0.0; 0.0; 0.0; 0.0; 0.0; 0.0; 0.0; 3.2; 1.25; 4.61; 3.51; 25.0; -25.0; 0.0; 0; 0; 0.0; 0.0; 1; 4.88064470062; 3.3299286054; 3.04625269607; 0; 0; 0; 0; 0.0; 0.0; 0.0; -1.0; 0.0; 0.0; 0.0; 0.0; 0.0; 1.0;0; 0;0; 0; 
48.3242621422; 111020; 0.0; 0.0; -0.3712; 0.0; 0.0; 0.0; 0.0; 0.0; 0.0; 0.0; 0.0; 0.0; 0.0; 0.0; 0.0; 0.0; 0.0; 3.2; 1.25; 4.61; 3.51; 25.0; -25.0; 0.0; 0; 0; 0.0; 0.0; 1; 4.88064470062; 3.3299286054; 3.04625269607; 0; 0; 0; 0; 0.0; 0.0; 0.0; -1.0; 0.0; 0.0; 0.0; 0.0; 0.0; 1.0;0; 0;0; 0; 
48.3358020782; 111020; 0.0; 0.0; -0.37083; 0.0; 0.0; 0.0; 0.0; 0.0; 0.0; 0.0; 0.0; 0.0; 0.0; 0.0; 0.0; 0.0; 0.0; 3.2; 1.25; 4.61; 3.51; 25.0; -25.0; 0.0; 0; 0; 0.0; 0.0; 1; 4.88064470062; 3.3299286054; 3.04625269607; 0; 0; 0; 0; 0.0; 0.0; 0.0; -1.0; 0.0; 0.0; 0.0; 0.0; 0.0; 1.0;0; 0;0; 0; 
48.3461611271; 111030; 0.0; 0.0; -0.37124; 0.0; 0.0; 0.0; 0.0; 0.0; 0.0; 0.0; 0.0; 0.0; 0.0; 0.0; 0.0; 0.0; 0.0; 3.2; 1.25; 4.61; 3.51; 25.0; -25.0; 0.0; 0; 0; 0.0; 0.0; 1; 4.88064470062; 3.3299286054; 3.04625269607; 0; 0; 0; 0; 0.0; 0.0; 0.0; -1.0; 0.0; 0.0; 0.0; 0.0; 0.0; 1.0;0; 0;0; 0; 
48.3569540977; 111030; 0.0; 0.0; -0.37236; 0.0; 0.0; 0.0; 0.0; 0.0; 0.0; 0.0; 0.0; 0.0; 0.0; 0.0; 0.0; 0.0; 0.0; 3.2; 1.25; 4.61; 3.51; 25.0; -25.0; 0.0; 0; 0; 0.0; 0.0; 1; 4.88064470062; 3.3299286054; 3.04625269607; 0; 0; 0; 0; 0.0; 0.0; 0.0; -1.0; 0.0; 0.0; 0.0; 0.0; 0.0; 1.0;0; 0;0; 0; 
48.3678710461; 111040; 0.0; 0.0; -0.37404; 0.0; 0.0; 0.0; 0.0; 0.0; 0.0; 0.0; 0.0; 0.0; 0.0; 0.0; 0.0; 0.0; 0.0; 3.2; 1.25; 4.61; 3.51; 25.0; -25.0; 0.0; 0; 0; 0.0; 0.0; 1; 4.88064470062; 3.3299286054; 3.04625269607; 0; 0; 0; 0; 0.0; 0.0; 0.0; -1.0; 0.0; 0.0; 0.0; 0.0; 0.0; 1.0;0; 0;0; 0; 
48.3793551922; 111040; 0.0; 0.0; -0.37609; 0.0; 0.0; 0.0; 0.0; 0.0; 0.0; 0.0; 0.0; 0.0; 0.0; 0.0; 0.0; 0.0; 0.0; 3.2; 1.25; 4.61; 3.51; 25.0; -25.0; 0.0; 0; 0; 0.0; 0.0; 1; 4.88064470062; 3.3299286054; 3.04625269607; 0; 0; 0; 0; 0.0; 0.0; 0.0; -1.0; 0.0; 0.0; 0.0; 0.0; 0.0; 1.0;0; 0;0; 0; 
48.3910901546; 111050; 0.0; 0.0; -0.3782; 0.0; 0.0; 0.0; 0.0; 0.0; 0.0; 0.0; 0.0; 0.0; 0.0; 0.0; 0.0; 0.0; 0.0; 3.2; 1.25; 4.61; 3.51; 25.0; -25.0; 0.0; 0; 0; 0.0; 0.0; 1; 4.88064470062; 3.3299286054; 3.04625269607; 0; 0; 0; 0; 0.0; 0.0; 0.0; -1.0; 0.0; 0.0; 0.0; 0.0; 0.0; 1.0;0; 0;0; 0; 
48.401540041; 111050; 0.0; 0.0; -0.38014; 0.0; 0.0; 0.0; 0.0; 0.0; 0.0; 0.0; 0.0; 0.0; 0.0; 0.0; 0.0; 0.0; 0.0; 3.2; 1.25; 4.61; 3.51; 25.0; -25.0; 0.0; 0; 0; 0.0; 0.0; 1; 4.88064470062; 3.3299286054; 3.04625269607; 0; 0; 0; 0; 0.0; 0.0; 0.0; -1.0; 0.0; 0.0; 0.0; 0.0; 0.0; 1.0;0; 0;0; 0; 
48.4130630493; 111060; 0.0; 0.0; -0.38176; 0.0; 0.0; 0.0; 0.0; 0.0; 0.0; 0.0; 0.0; 0.0; 0.0; 0.0; 0.0; 0.0; 0.0; 3.2; 1.25; 4.61; 3.51; 25.0; -25.0; 0.0; 0; 0; 0.0; 0.0; 1; 4.88064470062; 3.3299286054; 3.04625269607; 0; 0; 0; 0; 0.0; 0.0; 0.0; -1.0; 0.0; 0.0; 0.0; 0.0; 0.0; 1.0;0; 0;0; 0; 
48.4243721962; 111060; 0.0; 0.0; -0.383; 0.0; 0.0; 0.0; 0.0; 0.0; 0.0; 0.0; 0.0; 0.0; 0.0; 0.0; 0.0; 0.0; 0.0; 3.2; 1.25; 4.61; 3.51; 25.0; -25.0; 0.0; 0; 0; 0.0; 0.0; 1; 4.88064470062; 3.3299286054; 3.04625269607; 0; 0; 0; 0; 0.0; 0.0; 0.0; -1.0; 0.0; 0.0; 0.0; 0.0; 0.0; 1.0;0; 0;0; 0; 
48.4380409718; 111070; 0.0; 0.0; -0.38392; 0.0; 0.0; 0.0; 0.0; 0.0; 0.0; 0.0; 0.0; 0.0; 0.0; 0.0; 0.0; 0.0; 0.0; 3.36; 1.35; 4.72; 5.52; 25.0; -25.0; 0.0; 0; 0; 0.0; 0.0; 1; 4.88064470062; 3.3299286054; 3.04625269607; 0; 0; 0; 0; 0.0; 0.0; 0.0; -1.0; 0.0; 0.0; 0.0; 0.0; 0.0; 1.0;0; 0;0; 0; 
48.4471120834; 111070; 0.0; 0.0; -0.3845; 0.0; 0.0; 0.0; 0.0; 0.0; 0.0; 0.0; 0.0; 0.0; 0.0; 0.0; 0.0; 0.0; 0.0; 3.36; 1.35; 4.72; 5.52; 25.0; -25.0; 0.0; 0; 0; 0.0; 0.0; 1; 4.88064470062; 3.3299286054; 3.04625269607; 0; 0; 0; 0; 0.0; 0.0; 0.0; -1.0; 0.0; 0.0; 0.0; 0.0; 0.0; 1.0;0; 0;0; 0; 
48.4584000111; 111080; 0.0; 0.0; -0.38485; 0.0; 0.0; 0.0; 0.0; 0.0; 0.0; 0.0; 0.0; 0.0; 0.0; 0.0; 0.0; 0.0; 0.0; 3.36; 1.35; 4.72; 5.52; 25.0; -25.0; 0.0; 0; 0; 0.0; 0.0; 1; 4.88064470062; 3.3299286054; 3.04625269607; 0; 0; 0; 0; 0.0; 0.0; 0.0; -1.0; 0.0; 0.0; 0.0; 0.0; 0.0; 1.0;0; 0;0; 0; 
48.4695670605; 111080; 0.0; 0.0; -0.38508; 0.0; 0.0; 0.0; 0.0; 0.0; 0.0; 0.0; 0.0; 0.0; 0.0; 0.0; 0.0; 0.0; 0.0; 3.36; 1.35; 4.72; 5.52; 25.0; -25.0; 0.0; 0; 0; 0.0; 0.0; 1; 4.88064470062; 3.3299286054; 3.04625269607; 0; 0; 0; 0; 0.0; 0.0; 0.0; -1.0; 0.0; 0.0; 0.0; 0.0; 0.0; 1.0;0; 0;0; 0; 
48.4803841114; 111090; 0.0; 0.0; -0.38509; 0.0; 0.0; 0.0; 0.0; 0.0; 0.0; 0.0; 0.0; 0.0; 0.0; 0.0; 0.0; 0.0; 0.0; 3.36; 1.35; 4.72; 5.52; 25.0; -25.0; 0.0; 0; 0; 0.0; 0.0; 1; 4.88064470062; 3.3299286054; 3.04625269607; 0; 0; 0; 0; 0.0; 0.0; 0.0; -1.0; 0.0; 0.0; 0.0; 0.0; 0.0; 1.0;0; 0;0; 0; 
48.4919781685; 111090; 0.0; 0.0; -0.38492; 0.0; 0.0; 0.0; 0.0; 0.0; 0.0; 0.0; 0.0; 0.0; 0.0; 0.0; 0.0; 0.0; 0.0; 3.36; 1.35; 4.72; 5.52; 25.0; -25.0; 0.0; 0; 0; 0.0; 0.0; 1; 4.88064470062; 3.3299286054; 3.04625269607; 0; 0; 0; 0; 0.0; 0.0; 0.0; -1.0; 0.0; 0.0; 0.0; 0.0; 0.0; 1.0;0; 0;0; 0; 
48.5036010742; 111100; 0.0; 0.0; -0.38446; 0.0; 0.0; 0.0; 0.0; 0.0; 0.0; 0.0; 0.0; 0.0; 0.0; 0.0; 0.0; 0.0; 0.0; 3.36; 1.35; 4.72; 5.52; 25.0; -25.0; 0.0; 0; 0; 0.0; 0.0; 1; 4.88064470062; 3.3299286054; 3.04625269607; 0; 0; 0; 0; 0.0; 0.0; 0.0; -1.0; 0.0; 0.0; 0.0; 0.0; 0.0; 1.0;0; 0;0; 0; 
48.5149261951; 111100; 0.0; 0.0; -0.38371; 0.0; 0.0; 0.0; 0.0; 0.0; 0.0; 0.0; 0.0; 0.0; 0.0; 0.0; 0.0; 0.0; 0.0; 3.36; 1.35; 4.72; 5.52; 25.0; -25.0; 0.0; 0; 0; 0.0; 0.0; 1; 4.88064470062; 3.3299286054; 3.04625269607; 0; 0; 0; 0; 0.0; 0.0; 0.0; -1.0; 0.0; 0.0; 0.0; 0.0; 0.0; 1.0;0; 0;0; 0; 
48.5260431767; 111110; 0.0; 0.0; -0.38264; 0.0; 0.0; 0.0; 0.0; 0.0; 0.0; 0.0; 0.0; 0.0; 0.0; 0.0; 0.0; 0.0; 0.0; 3.36; 1.35; 4.72; 5.52; 25.0; -25.0; 0.0; 0; 0; 0.0; 0.0; 1; 4.88064470062; 3.3299286054; 3.04625269607; 0; 0; 0; 0; 0.0; 0.0; 0.0; -1.0; 0.0; 0.0; 0.0; 0.0; 0.0; 1.0;0; 0;0; 0; 
48.5375640392; 111110; 0.0; 0.0; -0.38132; 0.0; 0.0; 0.0; 0.0; 0.0; 0.0; 0.0; 0.0; 0.0; 0.0; 0.0; 0.0; 0.0; 0.0; 3.36; 1.35; 4.72; 5.52; 25.0; -25.0; 0.0; 0; 0; 0.0; 0.0; 1; 4.83927328674; 3.33316373381; 3.08488660576; 0; 0; 0; 0; 0.0; 0.0; 0.0; -1.0; 0.0; 0.0; 0.0; 0.0; 0.0; 1.0;0; 0;0; 0; 
48.5494470596; 111120; 0.0; 0.0; -0.37999; 0.0; 0.0; 0.0; 0.0; 0.0; 0.0; 0.0; 0.0; 0.0; 0.0; 0.0; 0.0; 0.0; 0.0; 3.36; 1.35; 4.72; 5.52; 25.0; -25.0; 0.0; 0; 0; 0.0; 0.0; 1; 4.83927328674; 3.33316373381; 3.08488660576; 0; 0; 0; 0; 0.0; 0.0; 0.0; -1.0; 0.0; 0.0; 0.0; 0.0; 0.0; 1.0;0; 0;0; 0; 
48.5604681969; 111120; 0.0; 0.0; -0.37885; 0.0; 0.0; 0.0; 0.0; 0.0; 0.0; 0.0; 0.0; 0.0; 0.0; 0.0; 0.0; 0.0; 0.0; 3.36; 1.35; 4.72; 5.52; 25.0; -25.0; 0.0; 0; 0; 0.0; 0.0; 1; 4.83927328674; 3.33316373381; 3.08488660576; 0; 0; 0; 0; 0.0; 0.0; 0.0; -1.0; 0.0; 0.0; 0.0; 0.0; 0.0; 1.0;0; 0;0; 0; 
48.5724511147; 111130; 0.0; 0.0; -0.37807; 0.0; 0.0; 0.0; 0.0; 0.0; 0.0; 0.0; 0.0; 0.0; 0.0; 0.0; 0.0; 0.0; 0.0; 3.36; 1.35; 4.72; 5.52; 25.0; -25.0; 0.0; 0; 0; 0.0; 0.0; 1; 4.83927328674; 3.33316373381; 3.08488660576; 0; 0; 0; 0; 0.0; 0.0; 0.0; -1.0; 0.0; 0.0; 0.0; 0.0; 0.0; 1.0;0; 0;0; 0; 
48.5836839676; 111130; 0.0; 0.0; -0.37782; 0.0; 0.0; 0.0; 0.0; 0.0; 0.0; 0.0; 0.0; 0.0; 0.0; 0.0; 0.0; 0.0; 0.0; 3.36; 1.35; 4.72; 5.52; 25.0; -25.0; 0.0; 0; 0; 0.0; 0.0; 1; 4.83927328674; 3.33316373381; 3.08488660576; 0; 0; 0; 0; 0.0; 0.0; 0.0; -1.0; 0.0; 0.0; 0.0; 0.0; 0.0; 1.0;0; 0;0; 0; 
48.5945851803; 111140; 0.0; 0.0; -0.37828; 0.0; 0.0; 0.0; 0.0; 0.0; 0.0; 0.0; 0.0; 0.0; 0.0; 0.0; 0.0; 0.0; 0.0; 3.36; 1.35; 4.72; 5.52; 25.0; -25.0; 0.0; 0; 0; 0.0; 0.0; 1; 4.83927328674; 3.33316373381; 3.08488660576; 0; 0; 0; 0; 0.0; 0.0; 0.0; -1.0; 0.0; 0.0; 0.0; 0.0; 0.0; 1.0;0; 0;0; 0; 
48.6051411629; 111140; 0.0; 0.0; -0.37951; 0.0; 0.0; 0.0; 0.0; 0.0; 0.0; 0.0; 0.0; 0.0; 0.0; 0.0; 0.0; 0.0; 0.0; 3.36; 1.35; 4.72; 5.52; 25.0; -25.0; 0.0; 0; 0; 0.0; 0.0; 1; 4.83927328674; 3.33316373381; 3.08488660576; 0; 0; 0; 0; 0.0; 0.0; 0.0; -1.0; 0.0; 0.0; 0.0; 0.0; 0.0; 1.0;0; 0;0; 0; 
48.6156179905; 111150; 0.0; 0.0; -0.38146; 0.0; 0.0; 0.0; 0.0; 0.0; 0.0; 0.0; 0.0; 0.0; 0.0; 0.0; 0.0; 0.0; 0.0; 3.36; 1.35; 4.72; 5.52; 25.0; -25.0; 0.0; 0; 0; 0.0; 0.0; 1; 4.83927328674; 3.33316373381; 3.08488660576; 0; 0; 0; 0; 0.0; 0.0; 0.0; -1.0; 0.0; 0.0; 0.0; 0.0; 0.0; 1.0;0; 0;0; 0; 
48.6264631748; 111150; 0.0; 0.0; -0.38407; 0.0; 0.0; 0.0; 0.0; 0.0; 0.0; 0.0; 0.0; 0.0; 0.0; 0.0; 0.0; 0.0; 0.0; 3.36; 1.35; 4.72; 5.52; 25.0; -25.0; 0.0; 0; 0; 0.0; 0.0; 1; 4.83927328674; 3.33316373381; 3.08488660576; 0; 0; 0; 0; 0.0; 0.0; 0.0; -1.0; 0.0; 0.0; 0.0; 0.0; 0.0; 1.0;0; 0;0; 0; 
48.6381449699; 111160; 0.0; 0.0; -0.38725; 0.0; 0.0; 0.0; 0.0; 0.0; 0.0; 0.0; 0.0; 0.0; 0.0; 0.0; 0.0; 0.0; 0.0; 3.36; 1.35; 4.72; 5.52; 25.0; -25.0; 0.0; 0; 0; 0.0; 0.0; 1; 4.83927328674; 3.33316373381; 3.08488660576; 0; 0; 0; 0; 0.0; 0.0; 0.0; -1.0; 0.0; 0.0; 0.0; 0.0; 0.0; 1.0;0; 0;0; 0; 
48.6492831707; 111160; 0.0; 0.0; -0.39074; 0.0; 0.0; 0.0; 0.0; 0.0; 0.0; 0.0; 0.0; 0.0; 0.0; 0.0; 0.0; 0.0; 0.0; 3.36; 1.35; 4.72; 5.52; 25.0; -25.0; 0.0; 0; 0; 0.0; 0.0; 1; 4.83927328674; 3.33316373381; 3.08488660576; 0; 0; 0; 0; 0.0; 0.0; 0.0; -1.0; 0.0; 0.0; 0.0; 0.0; 0.0; 1.0;0; 0;0; 0; 
48.6615619659; 111170; 0.0; 0.0; -0.39436; 0.0; 0.0; 0.0; 0.0; 0.0; 0.0; 0.0; 0.0; 0.0; 0.0; 0.0; 0.0; 0.0; 0.0; 3.36; 1.35; 4.72; 5.52; 25.0; -25.0; 0.0; 0; 0; 0.0; 0.0; 1; 4.83927328674; 3.33316373381; 3.08488660576; 0; 0; 0; 0; 0.0; 0.0; 0.0; -1.0; 0.0; 0.0; 0.0; 0.0; 0.0; 1.0;0; 0;0; 0; 
48.6729249954; 111170; 0.0; 0.0; -0.39781; 0.0; 0.0; 0.0; 0.0; 0.0; 0.0; 0.0; 0.0; 0.0; 0.0; 0.0; 0.0; 0.0; 0.0; 3.46; 1.41; 4.94; 5.69; 25.0; -25.0; 0.0; 0; 0; 0.0; 0.0; 1; 4.83927328674; 3.33316373381; 3.08488660576; 0; 0; 0; 0; 0.0; 0.0; 0.0; -1.0; 0.0; 0.0; 0.0; 0.0; 0.0; 1.0;0; 0;0; 0; 
48.6846110821; 111180; 0.0; 0.0; -0.40092; 0.0; 0.0; 0.0; 0.0; 0.0; 0.0; 0.0; 0.0; 0.0; 0.0; 0.0; 0.0; 0.0; 0.0; 3.46; 1.41; 4.94; 5.69; 25.0; -25.0; 0.0; 0; 0; 0.0; 0.0; 1; 4.83927328674; 3.33316373381; 3.08488660576; 0; 0; 0; 0; 0.0; 0.0; 0.0; -1.0; 0.0; 0.0; 0.0; 0.0; 0.0; 1.0;0; 0;0; 0; 
48.6965761185; 111180; 0.0; 0.0; -0.40347; 0.0; 0.0; 0.0; 0.0; 0.0; 0.0; 0.0; 0.0; 0.0; 0.0; 0.0; 0.0; 0.0; 0.0; 3.46; 1.41; 4.94; 5.69; 25.0; -25.0; 0.0; 0; 0; 0.0; 0.0; 1; 4.83927328674; 3.33316373381; 3.08488660576; 0; 0; 0; 0; 0.0; 0.0; 0.0; -1.0; 0.0; 0.0; 0.0; 0.0; 0.0; 1.0;0; 0;0; 0; 
48.7083170414; 111190; 0.0; 0.0; -0.40528; 0.0; 0.0; 0.0; 0.0; 0.0; 0.0; 0.0; 0.0; 0.0; 0.0; 0.0; 0.0; 0.0; 0.0; 3.46; 1.41; 4.94; 5.69; 25.0; -25.0; 0.0; 0; 0; 0.0; 0.0; 1; 4.83927328674; 3.33316373381; 3.08488660576; 0; 0; 0; 0; 0.0; 0.0; 0.0; -1.0; 0.0; 0.0; 0.0; 0.0; 0.0; 1.0;0; 0;0; 0; 
48.7209541798; 111190; 0.0; 0.0; -0.40637; 0.0; 0.0; 0.0; 0.0; 0.0; 0.0; 0.0; 0.0; 0.0; 0.0; 0.0; 0.0; 0.0; 0.0; 3.46; 1.41; 4.94; 5.69; 25.0; -25.0; 0.0; 0; 0; 0.0; 0.0; 1; 4.83927328674; 3.33316373381; 3.08488660576; 0; 0; 0; 0; 0.0; 0.0; 0.0; -1.0; 0.0; 0.0; 0.0; 0.0; 0.0; 1.0;0; 0;0; 0; 
48.7325890064; 111200; 0.0; 0.0; -0.40671; 0.0; 0.0; 0.0; 0.0; 0.0; 0.0; 0.0; 0.0; 0.0; 0.0; 0.0; 0.0; 0.0; 0.0; 3.46; 1.41; 4.94; 5.69; 25.0; -25.0; 0.0; 0; 0; 0.0; 0.0; 1; 4.83927328674; 3.33316373381; 3.08488660576; 0; 0; 0; 0; 0.0; 0.0; 0.0; -1.0; 0.0; 0.0; 0.0; 0.0; 0.0; 1.0;0; 0;0; 0; 
48.7458920479; 111200; 0.0; 0.0; -0.40641; 0.0; 0.0; 0.0; 0.0; 0.0; 0.0; 0.0; 0.0; 0.0; 0.0; 0.0; 0.0; 0.0; 0.0; 3.46; 1.41; 4.94; 5.69; 25.0; -25.0; 0.0; 0; 0; 0.0; 0.0; 1; 4.83927328674; 3.33316373381; 3.08488660576; 0; 0; 0; 0; 0.0; 0.0; 0.0; -1.0; 0.0; 0.0; 0.0; 0.0; 0.0; 1.0;0; 0;0; 0; 
48.7587761879; 111210; 0.0; 0.0; -0.40557; 0.0; 0.0; 0.0; 0.0; 0.0; 0.0; 0.0; 0.0; 0.0; 0.0; 0.0; 0.0; 0.0; 0.0; 3.46; 1.41; 4.94; 5.69; 25.0; -25.0; 0.0; 0; 0; 0.0; 0.0; 1; 4.83927328674; 3.33316373381; 3.08488660576; 0; 0; 0; 0; 0.0; 0.0; 0.0; -1.0; 0.0; 0.0; 0.0; 0.0; 0.0; 1.0;0; 0;0; 0; 
48.7703070641; 111210; 0.0; 0.0; -0.40422; 0.0; 0.0; 0.0; 0.0; 0.0; 0.0; 0.0; 0.0; 0.0; 0.0; 0.0; 0.0; 0.0; 0.0; 3.46; 1.41; 4.94; 5.69; 25.0; -25.0; 0.0; 0; 0; 0.0; 0.0; 1; 4.79546273222; 3.33486666732; 3.12478713736; 0; 0; 0; 0; 0.0; 0.0; 0.0; -1.0; 0.0; 0.0; 0.0; 0.0; 0.0; 1.0;0; 0;0; 0; 
48.7802090645; 111220; 0.0; 0.0; -0.40251; 0.0; 0.0; 0.0; 0.0; 0.0; 0.0; 0.0; 0.0; 0.0; 0.0; 0.0; 0.0; 0.0; 0.0; 3.46; 1.41; 4.94; 5.69; 25.0; -25.0; 0.0; 0; 0; 0.0; 0.0; 1; 4.79546273222; 3.33486666732; 3.12478713736; 0; 0; 0; 0; 0.0; 0.0; 0.0; -1.0; 0.0; 0.0; 0.0; 0.0; 0.0; 1.0;0; 0;0; 0; 
48.7917621136; 111220; 0.0; 0.0; -0.40053; 0.0; 0.0; 0.0; 0.0; 0.0; 0.0; 0.0; 0.0; 0.0; 0.0; 0.0; 0.0; 0.0; 0.0; 3.46; 1.41; 4.94; 5.69; 25.0; -25.0; 0.0; 0; 0; 0.0; 0.0; 1; 4.79546273222; 3.33486666732; 3.12478713736; 0; 0; 0; 0; 0.0; 0.0; 0.0; -1.0; 0.0; 0.0; 0.0; 0.0; 0.0; 1.0;0; 0;0; 0; 
48.8036551476; 111230; 0.0; 0.0; -0.39835; 0.0; 0.0; 0.0; 0.0; 0.0; 0.0; 0.0; 0.0; 0.0; 0.0; 0.0; 0.0; 0.0; 0.0; 3.46; 1.41; 4.94; 5.69; 25.0; -25.0; 0.0; 0; 0; 0.0; 0.0; 1; 4.79546273222; 3.33486666732; 3.12478713736; 0; 0; 0; 0; 0.0; 0.0; 0.0; -1.0; 0.0; 0.0; 0.0; 0.0; 0.0; 1.0;0; 0;0; 0; 
48.8153991699; 111230; 0.0; 0.0; -0.39606; 0.0; 0.0; 0.0; 0.0; 0.0; 0.0; 0.0; 0.0; 0.0; 0.0; 0.0; 0.0; 0.0; 0.0; 3.46; 1.41; 4.94; 5.69; 25.0; -25.0; 0.0; 0; 0; 0.0; 0.0; 1; 4.79546273222; 3.33486666732; 3.12478713736; 0; 0; 0; 0; 0.0; 0.0; 0.0; -1.0; 0.0; 0.0; 0.0; 0.0; 0.0; 1.0;0; 0;0; 0; 
48.8259141445; 111240; 0.0; 0.0; -0.39372; 0.0; 0.0; 0.0; 0.0; 0.0; 0.0; 0.0; 0.0; 0.0; 0.0; 0.0; 0.0; 0.0; 0.0; 3.46; 1.41; 4.94; 5.69; 25.0; -25.0; 0.0; 0; 0; 0.0; 0.0; 1; 4.79546273222; 3.33486666732; 3.12478713736; 0; 0; 0; 0; 0.0; 0.0; 0.0; -1.0; 0.0; 0.0; 0.0; 0.0; 0.0; 1.0;0; 0;0; 0; 
48.8373429775; 111240; 0.0; 0.0; -0.39145; 0.0; 0.0; 0.0; 0.0; 0.0; 0.0; 0.0; 0.0; 0.0; 0.0; 0.0; 0.0; 0.0; 0.0; 3.46; 1.41; 4.94; 5.69; 25.0; -25.0; 0.0; 0; 0; 0.0; 0.0; 1; 4.79546273222; 3.33486666732; 3.12478713736; 0; 0; 0; 0; 0.0; 0.0; 0.0; -1.0; 0.0; 0.0; 0.0; 0.0; 0.0; 1.0;0; 0;0; 0; 
48.849601984; 111250; 0.0; 0.0; -0.38937; 0.0; 0.0; 0.0; 0.0; 0.0; 0.0; 0.0; 0.0; 0.0; 0.0; 0.0; 0.0; 0.0; 0.0; 3.46; 1.41; 4.94; 5.69; 25.0; -25.0; 0.0; 0; 0; 0.0; 0.0; 1; 4.79546273222; 3.33486666732; 3.12478713736; 0; 0; 0; 0; 0.0; 0.0; 0.0; -1.0; 0.0; 0.0; 0.0; 0.0; 0.0; 1.0;0; 0;0; 0; 
48.8616881371; 111250; 0.0; 0.0; -0.38751; 0.0; 0.0; 0.0; 0.0; 0.0; 0.0; 0.0; 0.0; 0.0; 0.0; 0.0; 0.0; 0.0; 0.0; 3.46; 1.41; 4.94; 5.69; 25.0; -25.0; 0.0; 0; 0; 0.0; 0.0; 1; 4.79546273222; 3.33486666732; 3.12478713736; 0; 0; 0; 0; 0.0; 0.0; 0.0; -1.0; 0.0; 0.0; 0.0; 0.0; 0.0; 1.0;0; 0;0; 0; 
48.8736810684; 111260; 0.0; 0.0; -0.38597; 0.0; 0.0; 0.0; 0.0; 0.0; 0.0; 0.0; 0.0; 0.0; 0.0; 0.0; 0.0; 0.0; 0.0; 3.46; 1.41; 4.94; 5.69; 25.0; -25.0; 0.0; 0; 0; 0.0; 0.0; 1; 4.79546273222; 3.33486666732; 3.12478713736; 0; 0; 0; 0; 0.0; 0.0; 0.0; -1.0; 0.0; 0.0; 0.0; 0.0; 0.0; 1.0;0; 0;0; 0; 
48.8857851028; 111260; 0.0; 0.0; -0.38479; 0.0; 0.0; 0.0; 0.0; 0.0; 0.0; 0.0; 0.0; 0.0; 0.0; 0.0; 0.0; 0.0; 0.0; 3.46; 1.41; 4.94; 5.69; 25.0; -25.0; 0.0; 0; 0; 0.0; 0.0; 1; 4.79546273222; 3.33486666732; 3.12478713736; 0; 0; 0; 0; 0.0; 0.0; 0.0; -1.0; 0.0; 0.0; 0.0; 0.0; 0.0; 1.0;0; 0;0; 0; 
48.8973920345; 111270; 0.0; 0.0; -0.38405; 0.0; 0.0; 0.0; 0.0; 0.0; 0.0; 0.0; 0.0; 0.0; 0.0; 0.0; 0.0; 0.0; 0.0; 3.46; 1.41; 4.94; 5.69; 25.0; -25.0; 0.0; 0; 0; 0.0; 0.0; 1; 4.79546273222; 3.33486666732; 3.12478713736; 0; 0; 0; 0; 0.0; 0.0; 0.0; -1.0; 0.0; 0.0; 0.0; 0.0; 0.0; 1.0;0; 0;0; 0; 
48.9093141556; 111270; 0.0; 0.0; -0.38373; 0.0; 0.0; 0.0; 0.0; 0.0; 0.0; 0.0; 0.0; 0.0; 0.0; 0.0; 0.0; 0.0; 0.0; 3.46; 1.41; 4.94; 5.69; 25.0; -25.0; 0.0; 0; 0; 0.0; 0.0; 1; 4.79546273222; 3.33486666732; 3.12478713736; 0; 0; 0; 0; 0.0; 0.0; 0.0; -1.0; 0.0; 0.0; 0.0; 0.0; 0.0; 1.0;0; 0;0; 0; 
48.9204630852; 111280; 0.0; 0.0; -0.38375; 0.0; 0.0; 0.0; 0.0; 0.0; 0.0; 0.0; 0.0; 0.0; 0.0; 0.0; 0.0; 0.0; 0.0; 3.46; 1.41; 4.94; 5.69; 25.0; -25.0; 0.0; 0; 0; 0.0; 0.0; 1; 4.79546273222; 3.33486666732; 3.12478713736; 0; 0; 0; 0; 0.0; 0.0; 0.0; -1.0; 0.0; 0.0; 0.0; 0.0; 0.0; 1.0;0; 0;0; 0; 
48.930809021; 111280; 0.0; 0.0; -0.38413; 0.0; 0.0; 0.0; 0.0; 0.0; 0.0; 0.0; 0.0; 0.0; 0.0; 0.0; 0.0; 0.0; 0.0; 3.46; 1.41; 4.94; 5.69; 25.0; -25.0; 0.0; 0; 0; 0.0; 0.0; 1; 4.79546273222; 3.33486666732; 3.12478713736; 0; 0; 0; 0; 0.0; 0.0; 0.0; -1.0; 0.0; 0.0; 0.0; 0.0; 0.0; 1.0;0; 0;0; 0; 
48.942043066; 111290; 0.0; 0.0; -0.38477; 0.0; 0.0; 0.0; 0.0; 0.0; 0.0; 0.0; 0.0; 0.0; 0.0; 0.0; 0.0; 0.0; 0.0; 3.46; 1.41; 4.94; 5.69; 25.0; -25.0; 0.0; 0; 0; 0.0; 0.0; 1; 4.79546273222; 3.33486666732; 3.12478713736; 0; 0; 0; 0; 0.0; 0.0; 0.0; -1.0; 0.0; 0.0; 0.0; 0.0; 0.0; 1.0;0; 0;0; 0; 
48.9533090591; 111290; 0.0; 0.0; -0.38562; 0.0; 0.0; 0.0; 0.0; 0.0; 0.0; 0.0; 0.0; 0.0; 0.0; 0.0; 0.0; 0.0; 0.0; 3.46; 1.41; 4.94; 5.69; 25.0; -25.0; 0.0; 0; 0; 0.0; 0.0; 1; 4.79546273222; 3.33486666732; 3.12478713736; 0; 0; 0; 0; 0.0; 0.0; 0.0; -1.0; 0.0; 0.0; 0.0; 0.0; 0.0; 1.0;0; 0;0; 0; 
48.9643580914; 111300; 0.0; 0.0; -0.3866; 0.0; 0.0; 0.0; 0.0; 0.0; 0.0; 0.0; 0.0; 0.0; 0.0; 0.0; 0.0; 0.0; 0.0; 3.46; 1.41; 4.94; 5.69; 25.0; -25.0; 0.0; 0; 0; 0.0; 0.0; 1; 4.79546273222; 3.33486666732; 3.12478713736; 0; 0; 0; 0; 0.0; 0.0; 0.0; -1.0; 0.0; 0.0; 0.0; 0.0; 0.0; 1.0;0; 0;0; 0; 
48.974943161; 111300; 0.0; 0.0; -0.38765; 0.0; 0.0; 0.0; 0.0; 0.0; 0.0; 0.0; 0.0; 0.0; 0.0; 0.0; 0.0; 0.0; 0.0; 3.46; 1.41; 4.94; 5.69; 25.0; -25.0; 0.0; 0; 0; 0.0; 0.0; 1; 4.79546273222; 3.33486666732; 3.12478713736; 0; 0; 0; 0; 0.0; 0.0; 0.0; -1.0; 0.0; 0.0; 0.0; 0.0; 0.0; 1.0;0; 0;0; 0; 
48.9861841202; 111310; 0.0; 0.0; -0.38876; 0.0; 0.0; 0.0; 0.0; 0.0; 0.0; 0.0; 0.0; 0.0; 0.0; 0.0; 0.0; 0.0; 0.0; 3.46; 1.41; 4.94; 5.69; 25.0; -25.0; 0.0; 0; 0; 0.0; 0.0; 1; 4.79546273222; 3.33486666732; 3.12478713736; 0; 0; 0; 0; 0.0; 0.0; 0.0; -1.0; 0.0; 0.0; 0.0; 0.0; 0.0; 1.0;0; 0;0; 0; 
48.9969160557; 111310; 0.0; 0.0; -0.38994; 0.0; 0.0; 0.0; 0.0; 0.0; 0.0; 0.0; 0.0; 0.0; 0.0; 0.0; 0.0; 0.0; 0.0; 3.46; 1.41; 4.94; 5.69; 25.0; -25.0; 0.0; 0; 0; 0.0; 0.0; 1; 4.74925627008; 3.3347963158; -3.11826732565; 0; 0; 0; 0; 0.0; 0.0; 0.0; -1.0; 0.0; 0.0; 0.0; 0.0; 0.0; 1.0;0; 0;0; 0; 
49.0087330341; 111320; 0.0; 0.0; -0.39123; 0.0; 0.0; 0.0; 0.0; 0.0; 0.0; 0.0; 0.0; 0.0; 0.0; 0.0; 0.0; 0.0; 0.0; 3.46; 1.41; 4.94; 5.69; 25.0; -25.0; 0.0; 0; 0; 0.0; 0.0; 1; 4.74925627008; 3.3347963158; -3.11826732565; 0; 0; 0; 0; 0.0; 0.0; 0.0; -1.0; 0.0; 0.0; 0.0; 0.0; 0.0; 1.0;0; 0;0; 0; 
49.0204331875; 111320; 0.0; 0.0; -0.3926; 0.0; 0.0; 0.0; 0.0; 0.0; 0.0; 0.0; 0.0; 0.0; 0.0; 0.0; 0.0; 0.0; 0.0; 3.46; 1.41; 4.94; 5.69; 25.0; -25.0; 0.0; 0; 0; 0.0; 0.0; 1; 4.74925627008; 3.3347963158; -3.11826732565; 0; 0; 0; 0; 0.0; 0.0; 0.0; -1.0; 0.0; 0.0; 0.0; 0.0; 0.0; 1.0;0; 0;0; 0; 
49.0321471691; 111330; 0.0; 0.0; -0.39407; 0.0; 0.0; 0.0; 0.0; 0.0; 0.0; 0.0; 0.0; 0.0; 0.0; 0.0; 0.0; 0.0; 0.0; 3.46; 1.41; 4.94; 5.69; 25.0; -25.0; 0.0; 0; 0; 0.0; 0.0; 1; 4.74925627008; 3.3347963158; -3.11826732565; 0; 0; 0; 0; 0.0; 0.0; 0.0; -1.0; 0.0; 0.0; 0.0; 0.0; 0.0; 1.0;0; 0;0; 0; 
49.0432879925; 111330; 0.0; 0.0; -0.39555; 0.0; 0.0; 0.0; 0.0; 0.0; 0.0; 0.0; 0.0; 0.0; 0.0; 0.0; 0.0; 0.0; 0.0; 3.46; 1.41; 4.94; 5.69; 25.0; -25.0; 0.0; 0; 0; 0.0; 0.0; 1; 4.74925627008; 3.3347963158; -3.11826732565; 0; 0; 0; 0; 0.0; 0.0; 0.0; -1.0; 0.0; 0.0; 0.0; 0.0; 0.0; 1.0;0; 0;0; 0; 
49.0563440323; 111340; 0.0; 0.0; -0.39705; 0.0; 0.0; 0.0; 0.0; 0.0; 0.0; 0.0; 0.0; 0.0; 0.0; 0.0; 0.0; 0.0; 0.0; 3.46; 1.41; 4.94; 5.69; 25.0; -25.0; 0.0; 0; 0; 0.0; 0.0; 1; 4.74925627008; 3.3347963158; -3.11826732565; 0; 0; 0; 0; 0.0; 0.0; 0.0; -1.0; 0.0; 0.0; 0.0; 0.0; 0.0; 1.0;0; 0;0; 0; 
49.0665850639; 111340; 0.0; 0.0; -0.39847; 0.0; 0.0; 0.0; 0.0; 0.0; 0.0; 0.0; 0.0; 0.0; 0.0; 0.0; 0.0; 0.0; 0.0; 3.46; 1.41; 4.94; 5.69; 25.0; -25.0; 0.0; 0; 0; 0.0; 0.0; 1; 4.74925627008; 3.3347963158; -3.11826732565; 0; 0; 0; 0; 0.0; 0.0; 0.0; -1.0; 0.0; 0.0; 0.0; 0.0; 0.0; 1.0;0; 0;0; 0; 
49.077586174; 111350; 0.0; 0.0; -0.39967; 0.0; 0.0; 0.0; 0.0; 0.0; 0.0; 0.0; 0.0; 0.0; 0.0; 0.0; 0.0; 0.0; 0.0; 3.46; 1.41; 4.94; 5.69; 25.0; -25.0; 0.0; 0; 0; 0.0; 0.0; 1; 4.74925627008; 3.3347963158; -3.11826732565; 0; 0; 0; 0; 0.0; 0.0; 0.0; -1.0; 0.0; 0.0; 0.0; 0.0; 0.0; 1.0;0; 0;0; 0; 
49.0890541077; 111350; 0.0; 0.0; -0.40059; 0.0; 0.0; 0.0; 0.0; 0.0; 0.0; 0.0; 0.0; 0.0; 0.0; 0.0; 0.0; 0.0; 0.0; 3.46; 1.41; 4.94; 5.69; 25.0; -25.0; 0.0; 0; 0; 0.0; 0.0; 1; 4.74925627008; 3.3347963158; -3.11826732565; 0; 0; 0; 0; 0.0; 0.0; 0.0; -1.0; 0.0; 0.0; 0.0; 0.0; 0.0; 1.0;0; 0;0; 0; 
49.1002190113; 111360; 0.0; 0.0; -0.40121; 0.0; 0.0; 0.0; 0.0; 0.0; 0.0; 0.0; 0.0; 0.0; 0.0; 0.0; 0.0; 0.0; 0.0; 3.46; 1.41; 4.94; 5.69; 25.0; -25.0; 0.0; 0; 0; 0.0; 0.0; 1; 4.74925627008; 3.3347963158; -3.11826732565; 0; 0; 0; 0; 0.0; 0.0; 0.0; -1.0; 0.0; 0.0; 0.0; 0.0; 0.0; 1.0;0; 0;0; 0; 
49.1127111912; 111360; 0.0; 0.0; -0.40156; 0.0; 0.0; 0.0; 0.0; 0.0; 0.0; 0.0; 0.0; 0.0; 0.0; 0.0; 0.0; 0.0; 0.0; 3.46; 1.41; 4.94; 5.69; 25.0; -25.0; 0.0; 0; 0; 0.0; 0.0; 1; 4.74925627008; 3.3347963158; -3.11826732565; 0; 0; 0; 0; 0.0; 0.0; 0.0; -1.0; 0.0; 0.0; 0.0; 0.0; 0.0; 1.0;0; 0;0; 0; 
49.1244380474; 111370; 0.0; 0.0; -0.40169; 0.0; 0.0; 0.0; 0.0; 0.0; 0.0; 0.0; 0.0; 0.0; 0.0; 0.0; 0.0; 0.0; 0.0; 3.49; 1.47; 4.93; 5.52; 25.0; -25.0; 0.0; 0; 0; 0.0; 0.0; 1; 4.74925627008; 3.3347963158; -3.11826732565; 0; 0; 0; 0; 0.0; 0.0; 0.0; -1.0; 0.0; 0.0; 0.0; 0.0; 0.0; 1.0;0; 0;0; 0; 
49.135543108; 111370; 0.0; 0.0; -0.40165; 0.0; 0.0; 0.0; 0.0; 0.0; 0.0; 0.0; 0.0; 0.0; 0.0; 0.0; 0.0; 0.0; 0.0; 3.49; 1.47; 4.93; 5.52; 25.0; -25.0; 0.0; 0; 0; 0.0; 0.0; 1; 4.74925627008; 3.3347963158; -3.11826732565; 0; 0; 0; 0; 0.0; 0.0; 0.0; -1.0; 0.0; 0.0; 0.0; 0.0; 0.0; 1.0;0; 0;0; 0; 
49.1477251053; 111380; 0.0; 0.0; -0.40157; 0.0; 0.0; 0.0; 0.0; 0.0; 0.0; 0.0; 0.0; 0.0; 0.0; 0.0; 0.0; 0.0; 0.0; 3.49; 1.47; 4.93; 5.52; 25.0; -25.0; 0.0; 0; 0; 0.0; 0.0; 1; 4.74925627008; 3.3347963158; -3.11826732565; 0; 0; 0; 0; 0.0; 0.0; 0.0; -1.0; 0.0; 0.0; 0.0; 0.0; 0.0; 1.0;0; 0;0; 0; 
49.1594521999; 111380; 0.0; 0.0; -0.40152; 0.0; 0.0; 0.0; 0.0; 0.0; 0.0; 0.0; 0.0; 0.0; 0.0; 0.0; 0.0; 0.0; 0.0; 3.49; 1.47; 4.93; 5.52; 25.0; -25.0; 0.0; 0; 0; 0.0; 0.0; 1; 4.74925627008; 3.3347963158; -3.11826732565; 0; 0; 0; 0; 0.0; 0.0; 0.0; -1.0; 0.0; 0.0; 0.0; 0.0; 0.0; 1.0;0; 0;0; 0; 
49.1707940102; 111390; 0.0; 0.0; -0.40154; 0.0; 0.0; 0.0; 0.0; 0.0; 0.0; 0.0; 0.0; 0.0; 0.0; 0.0; 0.0; 0.0; 0.0; 3.49; 1.47; 4.93; 5.52; 25.0; -25.0; 0.0; 0; 0; 0.0; 0.0; 1; 4.74925627008; 3.3347963158; -3.11826732565; 0; 0; 0; 0; 0.0; 0.0; 0.0; -1.0; 0.0; 0.0; 0.0; 0.0; 0.0; 1.0;0; 0;0; 0; 
49.1820881367; 111390; 0.0; 0.0; -0.40166; 0.0; 0.0; 0.0; 0.0; 0.0; 0.0; 0.0; 0.0; 0.0; 0.0; 0.0; 0.0; 0.0; 0.0; 3.49; 1.47; 4.93; 5.52; 25.0; -25.0; 0.0; 0; 0; 0.0; 0.0; 1; 4.74925627008; 3.3347963158; -3.11826732565; 0; 0; 0; 0; 0.0; 0.0; 0.0; -1.0; 0.0; 0.0; 0.0; 0.0; 0.0; 1.0;0; 0;0; 0; 
49.1936860085; 111400; 0.0; 0.0; -0.40188; 0.0; 0.0; 0.0; 0.0; 0.0; 0.0; 0.0; 0.0; 0.0; 0.0; 0.0; 0.0; 0.0; 0.0; 3.49; 1.47; 4.93; 5.52; 25.0; -25.0; 0.0; 0; 0; 0.0; 0.0; 1; 4.74925627008; 3.3347963158; -3.11826732565; 0; 0; 0; 0; 0.0; 0.0; 0.0; -1.0; 0.0; 0.0; 0.0; 0.0; 0.0; 1.0;0; 0;0; 0; 
49.2045600414; 111400; 0.0; 0.0; -0.40217; 0.0; 0.0; 0.0; 0.0; 0.0; 0.0; 0.0; 0.0; 0.0; 0.0; 0.0; 0.0; 0.0; 0.0; 3.49; 1.47; 4.93; 5.52; 25.0; -25.0; 0.0; 0; 0; 0.0; 0.0; 1; 4.74925627008; 3.3347963158; -3.11826732565; 0; 0; 0; 0; 0.0; 0.0; 0.0; -1.0; 0.0; 0.0; 0.0; 0.0; 0.0; 1.0;0; 0;0; 0; 
49.2166330814; 111410; 0.0; 0.0; -0.40241; 0.0; 0.0; 0.0; 0.0; 0.0; 0.0; 0.0; 0.0; 0.0; 0.0; 0.0; 0.0; 0.0; 0.0; 3.49; 1.47; 4.93; 5.52; 25.0; -25.0; 0.0; 0; 0; 0.0; 0.0; 1; 4.74925627008; 3.3347963158; -3.11826732565; 0; 0; 0; 0; 0.0; 0.0; 0.0; -1.0; 0.0; 0.0; 0.0; 0.0; 0.0; 1.0;0; 0;0; 0; 
49.2287371159; 111410; 0.0; 0.0; -0.40247; 0.0; 0.0; 0.0; 0.0; 0.0; 0.0; 0.0; 0.0; 0.0; 0.0; 0.0; 0.0; 0.0; 0.0; 3.49; 1.47; 4.93; 5.52; 25.0; -25.0; 0.0; 0; 0; 0.0; 0.0; 1; 4.70176767955; 3.33281353057; -3.0772765546; 0; 0; 0; 0; 0.0; 0.0; 0.0; -1.0; 0.0; 0.0; 0.0; 0.0; 0.0; 1.0;0; 0;0; 0; 
49.2406430244; 111420; 0.0; 0.0; -0.40233; 0.0; 0.0; 0.0; 0.0; 0.0; 0.0; 0.0; 0.0; 0.0; 0.0; 0.0; 0.0; 0.0; 0.0; 3.49; 1.47; 4.93; 5.52; 25.0; -25.0; 0.0; 0; 0; 0.0; 0.0; 1; 4.70176767955; 3.33281353057; -3.0772765546; 0; 0; 0; 0; 0.0; 0.0; 0.0; -1.0; 0.0; 0.0; 0.0; 0.0; 0.0; 1.0;0; 0;0; 0; 
49.2528781891; 111420; 0.0; 0.0; -0.402; 0.0; 0.0; 0.0; 0.0; 0.0; 0.0; 0.0; 0.0; 0.0; 0.0; 0.0; 0.0; 0.0; 0.0; 3.49; 1.47; 4.93; 5.52; 25.0; -25.0; 0.0; 0; 0; 0.0; 0.0; 1; 4.70176767955; 3.33281353057; -3.0772765546; 0; 0; 0; 0; 0.0; 0.0; 0.0; -1.0; 0.0; 0.0; 0.0; 0.0; 0.0; 1.0;0; 0;0; 0; 
49.2645549774; 111430; 0.0; 0.0; -0.4014; 0.0; 0.0; 0.0; 0.0; 0.0; 0.0; 0.0; 0.0; 0.0; 0.0; 0.0; 0.0; 0.0; 0.0; 3.49; 1.47; 4.93; 5.52; 25.0; -25.0; 0.0; 0; 0; 0.0; 0.0; 1; 4.70176767955; 3.33281353057; -3.0772765546; 0; 0; 0; 0; 0.0; 0.0; 0.0; -1.0; 0.0; 0.0; 0.0; 0.0; 0.0; 1.0;0; 0;0; 0; 
49.2783479691; 111430; 0.0; 0.0; -0.40047; 0.0; 0.0; 0.0; 0.0; 0.0; 0.0; 0.0; 0.0; 0.0; 0.0; 0.0; 0.0; 0.0; 0.0; 3.49; 1.47; 4.93; 5.52; 25.0; -25.0; 0.0; 0; 0; 0.0; 0.0; 1; 4.70176767955; 3.33281353057; -3.0772765546; 0; 0; 0; 0; 0.0; 0.0; 0.0; -1.0; 0.0; 0.0; 0.0; 0.0; 0.0; 1.0;0; 0;0; 0; 
49.2907459736; 111440; 0.0; 0.0; -0.39933; 0.0; 0.0; 0.0; 0.0; 0.0; 0.0; 0.0; 0.0; 0.0; 0.0; 0.0; 0.0; 0.0; 0.0; 3.49; 1.47; 4.93; 5.52; 25.0; -25.0; 0.0; 0; 0; 0.0; 0.0; 1; 4.70176767955; 3.33281353057; -3.0772765546; 0; 0; 0; 0; 0.0; 0.0; 0.0; -1.0; 0.0; 0.0; 0.0; 0.0; 0.0; 1.0;0; 0;0; 0; 
49.3052811623; 111440; 0.0; 0.0; -0.39822; 0.0; 0.0; 0.0; 0.0; 0.0; 0.0; 0.0; 0.0; 0.0; 0.0; 0.0; 0.0; 0.0; 0.0; 3.49; 1.47; 4.93; 5.52; 25.0; -25.0; 0.0; 0; 0; 0.0; 0.0; 1; 4.70176767955; 3.33281353057; -3.0772765546; 0; 0; 0; 0; 0.0; 0.0; 0.0; -1.0; 0.0; 0.0; 0.0; 0.0; 0.0; 1.0;0; 0;0; 0; 
49.3171479702; 111450; 0.0; 0.0; -0.39716; 0.0; 0.0; 0.0; 0.0; 0.0; 0.0; 0.0; 0.0; 0.0; 0.0; 0.0; 0.0; 0.0; 0.0; 3.49; 1.47; 4.93; 5.52; 25.0; -25.0; 0.0; 0; 0; 0.0; 0.0; 1; 4.70176767955; 3.33281353057; -3.0772765546; 0; 0; 0; 0; 0.0; 0.0; 0.0; -1.0; 0.0; 0.0; 0.0; 0.0; 0.0; 1.0;0; 0;0; 0; 
49.330821991; 111450; 0.0; 0.0; -0.39621; 0.0; 0.0; 0.0; 0.0; 0.0; 0.0; 0.0; 0.0; 0.0; 0.0; 0.0; 0.0; 0.0; 0.0; 3.49; 1.47; 4.93; 5.52; 25.0; -25.0; 0.0; 0; 0; 0.0; 0.0; 1; 4.70176767955; 3.33281353057; -3.0772765546; 0; 0; 0; 0; 0.0; 0.0; 0.0; -1.0; 0.0; 0.0; 0.0; 0.0; 0.0; 1.0;0; 0;0; 0; 
49.3437490463; 111460; 0.0; 0.0; -0.39537; 0.0; 0.0; 0.0; 0.0; 0.0; 0.0; 0.0; 0.0; 0.0; 0.0; 0.0; 0.0; 0.0; 0.0; 3.49; 1.47; 4.93; 5.52; 25.0; -25.0; 0.0; 0; 0; 0.0; 0.0; 1; 4.70176767955; 3.33281353057; -3.0772765546; 0; 0; 0; 0; 0.0; 0.0; 0.0; -1.0; 0.0; 0.0; 0.0; 0.0; 0.0; 1.0;0; 0;0; 0; 
49.3533990383; 111460; 0.0; 0.0; -0.39465; 0.0; 0.0; 0.0; 0.0; 0.0; 0.0; 0.0; 0.0; 0.0; 0.0; 0.0; 0.0; 0.0; 0.0; 3.49; 1.47; 4.93; 5.52; 25.0; -25.0; 0.0; 0; 0; 0.0; 0.0; 1; 4.70176767955; 3.33281353057; -3.0772765546; 0; 0; 0; 0; 0.0; 0.0; 0.0; -1.0; 0.0; 0.0; 0.0; 0.0; 0.0; 1.0;0; 0;0; 0; 
49.3670401573; 111470; 0.0; 0.0; -0.39402; 0.0; 0.0; 0.0; 0.0; 0.0; 0.0; 0.0; 0.0; 0.0; 0.0; 0.0; 0.0; 0.0; 0.0; 3.54; 1.5; 6.58; 5.61; 25.0; -25.0; 0.0; 0; 0; 0.0; 0.0; 1; 4.70176767955; 3.33281353057; -3.0772765546; 0; 0; 0; 0; 0.0; 0.0; 0.0; -1.0; 0.0; 0.0; 0.0; 0.0; 0.0; 1.0;0; 0;0; 0; 
49.3801431656; 111470; 0.0; 0.0; -0.3933; 0.0; 0.0; 0.0; 0.0; 0.0; 0.0; 0.0; 0.0; 0.0; 0.0; 0.0; 0.0; 0.0; 0.0; 3.54; 1.5; 6.58; 5.61; 25.0; -25.0; 0.0; 0; 0; 0.0; 0.0; 1; 4.70176767955; 3.33281353057; -3.0772765546; 0; 0; 0; 0; 0.0; 0.0; 0.0; -1.0; 0.0; 0.0; 0.0; 0.0; 0.0; 1.0;0; 0;0; 0; 
49.3930871487; 111480; 0.0; 0.0; -0.39243; 0.0; 0.0; 0.0; 0.0; 0.0; 0.0; 0.0; 0.0; 0.0; 0.0; 0.0; 0.0; 0.0; 0.0; 3.54; 1.5; 6.58; 5.61; 25.0; -25.0; 0.0; 0; 0; 0.0; 0.0; 1; 4.70176767955; 3.33281353057; -3.0772765546; 0; 0; 0; 0; 0.0; 0.0; 0.0; -1.0; 0.0; 0.0; 0.0; 0.0; 0.0; 1.0;0; 0;0; 0; 
49.4063360691; 111480; 0.0; 0.0; -0.39138; 0.0; 0.0; 0.0; 0.0; 0.0; 0.0; 0.0; 0.0; 0.0; 0.0; 0.0; 0.0; 0.0; 0.0; 3.54; 1.5; 6.58; 5.61; 25.0; -25.0; 0.0; 0; 0; 0.0; 0.0; 1; 4.70176767955; 3.33281353057; -3.0772765546; 0; 0; 0; 0; 0.0; 0.0; 0.0; -1.0; 0.0; 0.0; 0.0; 0.0; 0.0; 1.0;0; 0;0; 0; 
49.4188671112; 111490; 0.0; 0.0; -0.39015; 0.0; 0.0; 0.0; 0.0; 0.0; 0.0; 0.0; 0.0; 0.0; 0.0; 0.0; 0.0; 0.0; 0.0; 3.54; 1.5; 6.58; 5.61; 25.0; -25.0; 0.0; 0; 0; 0.0; 0.0; 1; 4.70176767955; 3.33281353057; -3.0772765546; 0; 0; 0; 0; 0.0; 0.0; 0.0; -1.0; 0.0; 0.0; 0.0; 0.0; 0.0; 1.0;0; 0;0; 0; 
49.4318571091; 111490; 0.0; 0.0; -0.38892; 0.0; 0.0; 0.0; 0.0; 0.0; 0.0; 0.0; 0.0; 0.0; 0.0; 0.0; 0.0; 0.0; 0.0; 3.54; 1.5; 6.58; 5.61; 25.0; -25.0; 0.0; 0; 0; 0.0; 0.0; 1; 4.70176767955; 3.33281353057; -3.0772765546; 0; 0; 0; 0; 0.0; 0.0; 0.0; -1.0; 0.0; 0.0; 0.0; 0.0; 0.0; 1.0;0; 0;0; 0; 
49.4432961941; 111500; 0.0; 0.0; -0.38784; 0.0; 0.0; 0.0; 0.0; 0.0; 0.0; 0.0; 0.0; 0.0; 0.0; 0.0; 0.0; 0.0; 0.0; 3.54; 1.5; 6.58; 5.61; 25.0; -25.0; 0.0; 0; 0; 0.0; 0.0; 1; 4.70176767955; 3.33281353057; -3.0772765546; 0; 0; 0; 0; 0.0; 0.0; 0.0; -1.0; 0.0; 0.0; 0.0; 0.0; 0.0; 1.0;0; 0;0; 0; 
49.4542560577; 111500; 0.0; 0.0; -0.38702; 0.0; 0.0; 0.0; 0.0; 0.0; 0.0; 0.0; 0.0; 0.0; 0.0; 0.0; 0.0; 0.0; 0.0; 3.54; 1.5; 6.58; 5.61; 25.0; -25.0; 0.0; 0; 0; 0.0; 0.0; 1; 4.70176767955; 3.33281353057; -3.0772765546; 0; 0; 0; 0; 0.0; 0.0; 0.0; -1.0; 0.0; 0.0; 0.0; 0.0; 0.0; 1.0;0; 0;0; 0; 
49.4654901028; 111510; 0.0; 0.0; -0.38657; 0.0; 0.0; 0.0; 0.0; 0.0; 0.0; 0.0; 0.0; 0.0; 0.0; 0.0; 0.0; 0.0; 0.0; 3.54; 1.5; 6.58; 5.61; 25.0; -25.0; 0.0; 0; 0; 0.0; 0.0; 1; 4.70176767955; 3.33281353057; -3.0772765546; 0; 0; 0; 0; 0.0; 0.0; 0.0; -1.0; 0.0; 0.0; 0.0; 0.0; 0.0; 1.0;0; 0;0; 0; 
49.4767751694; 111510; 0.0; 0.0; -0.38657; 0.0; 0.0; 0.0; 0.0; 0.0; 0.0; 0.0; 0.0; 0.0; 0.0; 0.0; 0.0; 0.0; 0.0; 3.54; 1.5; 6.58; 5.61; 25.0; -25.0; 0.0; 0; 0; 0.0; 0.0; 1; 4.65346939715; 3.3287992717; -3.03647467432; 0; 0; 0; 0; 0.0; 0.0; 0.0; -1.0; 0.0; 0.0; 0.0; 0.0; 0.0; 1.0;0; 0;0; 0; 
49.4887471199; 111520; 0.0; 0.0; -0.38702; 0.0; 0.0; 0.0; 0.0; 0.0; 0.0; 0.0; 0.0; 0.0; 0.0; 0.0; 0.0; 0.0; 0.0; 3.54; 1.5; 6.58; 5.61; 25.0; -25.0; 0.0; 0; 0; 0.0; 0.0; 1; 4.65346939715; 3.3287992717; -3.03647467432; 0; 0; 0; 0; 0.0; 0.0; 0.0; -1.0; 0.0; 0.0; 0.0; 0.0; 0.0; 1.0;0; 0;0; 0; 
49.4996910095; 111520; 0.0; 0.0; -0.38788; 0.0; 0.0; 0.0; 0.0; 0.0; 0.0; 0.0; 0.0; 0.0; 0.0; 0.0; 0.0; 0.0; 0.0; 3.54; 1.5; 6.58; 5.61; 25.0; -25.0; 0.0; 0; 0; 0.0; 0.0; 1; 4.65346939715; 3.3287992717; -3.03647467432; 0; 0; 0; 0; 0.0; 0.0; 0.0; -1.0; 0.0; 0.0; 0.0; 0.0; 0.0; 1.0;0; 0;0; 0; 
49.5110499859; 111530; 0.0; 0.0; -0.38899; 0.0; 0.0; 0.0; 0.0; 0.0; 0.0; 0.0; 0.0; 0.0; 0.0; 0.0; 0.0; 0.0; 0.0; 3.54; 1.5; 6.58; 5.61; 25.0; -25.0; 0.0; 0; 0; 0.0; 0.0; 1; 4.65346939715; 3.3287992717; -3.03647467432; 0; 0; 0; 0; 0.0; 0.0; 0.0; -1.0; 0.0; 0.0; 0.0; 0.0; 0.0; 1.0;0; 0;0; 0; 
49.5224220753; 111530; 0.0; 0.0; -0.39013; 0.0; 0.0; 0.0; 0.0; 0.0; 0.0; 0.0; 0.0; 0.0; 0.0; 0.0; 0.0; 0.0; 0.0; 3.54; 1.5; 6.58; 5.61; 25.0; -25.0; 0.0; 0; 0; 0.0; 0.0; 1; 4.65346939715; 3.3287992717; -3.03647467432; 0; 0; 0; 0; 0.0; 0.0; 0.0; -1.0; 0.0; 0.0; 0.0; 0.0; 0.0; 1.0;0; 0;0; 0; 
49.5331020355; 111540; 0.0; 0.0; -0.39121; 0.0; 0.0; 0.0; 0.0; 0.0; 0.0; 0.0; 0.0; 0.0; 0.0; 0.0; 0.0; 0.0; 0.0; 3.54; 1.5; 6.58; 5.61; 25.0; -25.0; 0.0; 0; 0; 0.0; 0.0; 1; 4.65346939715; 3.3287992717; -3.03647467432; 0; 0; 0; 0; 0.0; 0.0; 0.0; -1.0; 0.0; 0.0; 0.0; 0.0; 0.0; 1.0;0; 0;0; 0; 
49.5438101292; 111540; 0.0; 0.0; -0.39212; 0.0; 0.0; 0.0; 0.0; 0.0; 0.0; 0.0; 0.0; 0.0; 0.0; 0.0; 0.0; 0.0; 0.0; 3.54; 1.5; 6.58; 5.61; 25.0; -25.0; 0.0; 0; 0; 0.0; 0.0; 1; 4.65346939715; 3.3287992717; -3.03647467432; 0; 0; 0; 0; 0.0; 0.0; 0.0; -1.0; 0.0; 0.0; 0.0; 0.0; 0.0; 1.0;0; 0;0; 0; 
49.5551650524; 111550; 0.0; 0.0; -0.39284; 0.0; 0.0; 0.0; 0.0; 0.0; 0.0; 0.0; 0.0; 0.0; 0.0; 0.0; 0.0; 0.0; 0.0; 3.54; 1.5; 6.58; 5.61; 25.0; -25.0; 0.0; 0; 0; 0.0; 0.0; 1; 4.65346939715; 3.3287992717; -3.03647467432; 0; 0; 0; 0; 0.0; 0.0; 0.0; -1.0; 0.0; 0.0; 0.0; 0.0; 0.0; 1.0;0; 0;0; 0; 
49.5660700798; 111550; 0.0; 0.0; -0.39334; 0.0; 0.0; 0.0; 0.0; 0.0; 0.0; 0.0; 0.0; 0.0; 0.0; 0.0; 0.0; 0.0; 0.0; 3.54; 1.5; 6.58; 5.61; 25.0; -25.0; 0.0; 0; 0; 0.0; 0.0; 1; 4.65346939715; 3.3287992717; -3.03647467432; 0; 0; 0; 0; 0.0; 0.0; 0.0; -1.0; 0.0; 0.0; 0.0; 0.0; 0.0; 1.0;0; 0;0; 0; 
49.5771241188; 111560; 0.0; 0.0; -0.39367; 0.0; 0.0; 0.0; 0.0; 0.0; 0.0; 0.0; 0.0; 0.0; 0.0; 0.0; 0.0; 0.0; 0.0; 3.54; 1.5; 6.58; 5.61; 25.0; -25.0; 0.0; 0; 0; 0.0; 0.0; 1; 4.65346939715; 3.3287992717; -3.03647467432; 0; 0; 0; 0; 0.0; 0.0; 0.0; -1.0; 0.0; 0.0; 0.0; 0.0; 0.0; 1.0;0; 0;0; 0; 
49.588752985; 111560; 0.0; 0.0; -0.39389; 0.0; 0.0; 0.0; 0.0; 0.0; 0.0; 0.0; 0.0; 0.0; 0.0; 0.0; 0.0; 0.0; 0.0; 3.52; 1.52; 6.5; 3.78; 25.0; -25.0; 0.0; 0; 0; 0.0; 0.0; 1; 4.65346939715; 3.3287992717; -3.03647467432; 0; 0; 0; 0; 0.0; 0.0; 0.0; -1.0; 0.0; 0.0; 0.0; 0.0; 0.0; 1.0;0; 0;0; 0; 
49.6002411842; 111570; 0.0; 0.0; -0.39406; 0.0; 0.0; 0.0; 0.0; 0.0; 0.0; 0.0; 0.0; 0.0; 0.0; 0.0; 0.0; 0.0; 0.0; 3.52; 1.52; 6.5; 3.78; 25.0; -25.0; 0.0; 0; 0; 0.0; 0.0; 1; 4.65346939715; 3.3287992717; -3.03647467432; 0; 0; 0; 0; 0.0; 0.0; 0.0; -1.0; 0.0; 0.0; 0.0; 0.0; 0.0; 1.0;0; 0;0; 0; 
49.6112370491; 111570; 0.0; 0.0; -0.39422; 0.0; 0.0; 0.0; 0.0; 0.0; 0.0; 0.0; 0.0; 0.0; 0.0; 0.0; 0.0; 0.0; 0.0; 3.52; 1.52; 6.5; 3.78; 25.0; -25.0; 0.0; 0; 0; 0.0; 0.0; 1; 4.65346939715; 3.3287992717; -3.03647467432; 0; 0; 0; 0; 0.0; 0.0; 0.0; -1.0; 0.0; 0.0; 0.0; 0.0; 0.0; 1.0;0; 0;0; 0; 
49.6223781109; 111580; 0.0; 0.0; -0.39436; 0.0; 0.0; 0.0; 0.0; 0.0; 0.0; 0.0; 0.0; 0.0; 0.0; 0.0; 0.0; 0.0; 0.0; 3.52; 1.52; 6.5; 3.78; 25.0; -25.0; 0.0; 0; 0; 0.0; 0.0; 1; 4.65346939715; 3.3287992717; -3.03647467432; 0; 0; 0; 0; 0.0; 0.0; 0.0; -1.0; 0.0; 0.0; 0.0; 0.0; 0.0; 1.0;0; 0;0; 0; 
49.6335141659; 111580; 0.0; 0.0; -0.39443; 0.0; 0.0; 0.0; 0.0; 0.0; 0.0; 0.0; 0.0; 0.0; 0.0; 0.0; 0.0; 0.0; 0.0; 3.52; 1.52; 6.5; 3.78; 25.0; -25.0; 0.0; 0; 0; 0.0; 0.0; 1; 4.65346939715; 3.3287992717; -3.03647467432; 0; 0; 0; 0; 0.0; 0.0; 0.0; -1.0; 0.0; 0.0; 0.0; 0.0; 0.0; 1.0;0; 0;0; 0; 
49.6446990967; 111590; 0.0; 0.0; -0.39441; 0.0; 0.0; 0.0; 0.0; 0.0; 0.0; 0.0; 0.0; 0.0; 0.0; 0.0; 0.0; 0.0; 0.0; 3.52; 1.52; 6.5; 3.78; 25.0; -25.0; 0.0; 0; 0; 0.0; 0.0; 1; 4.65346939715; 3.3287992717; -3.03647467432; 0; 0; 0; 0; 0.0; 0.0; 0.0; -1.0; 0.0; 0.0; 0.0; 0.0; 0.0; 1.0;0; 0;0; 0; 
49.6561901569; 111590; 0.0; 0.0; -0.39429; 0.0; 0.0; 0.0; 0.0; 0.0; 0.0; 0.0; 0.0; 0.0; 0.0; 0.0; 0.0; 0.0; 0.0; 3.52; 1.52; 6.5; 3.78; 25.0; -25.0; 0.0; 0; 0; 0.0; 0.0; 1; 4.65346939715; 3.3287992717; -3.03647467432; 0; 0; 0; 0; 0.0; 0.0; 0.0; -1.0; 0.0; 0.0; 0.0; 0.0; 0.0; 1.0;0; 0;0; 0; 
49.6673929691; 111600; 0.0; 0.0; -0.3941; 0.0; 0.0; 0.0; 0.0; 0.0; 0.0; 0.0; 0.0; 0.0; 0.0; 0.0; 0.0; 0.0; 0.0; 3.52; 1.52; 6.5; 3.78; 25.0; -25.0; 0.0; 0; 0; 0.0; 0.0; 1; 4.65346939715; 3.3287992717; -3.03647467432; 0; 0; 0; 0; 0.0; 0.0; 0.0; -1.0; 0.0; 0.0; 0.0; 0.0; 0.0; 1.0;0; 0;0; 0; 
49.6781160831; 111600; 0.0; 0.0; -0.39388; 0.0; 0.0; 0.0; 0.0; 0.0; 0.0; 0.0; 0.0; 0.0; 0.0; 0.0; 0.0; 0.0; 0.0; 3.52; 1.52; 6.5; 3.78; 25.0; -25.0; 0.0; 0; 0; 0.0; 0.0; 1; 4.65346939715; 3.3287992717; -3.03647467432; 0; 0; 0; 0; 0.0; 0.0; 0.0; -1.0; 0.0; 0.0; 0.0; 0.0; 0.0; 1.0;0; 0;0; 0; 
49.6891961098; 111610; 0.0; 0.0; -0.39364; 0.0; 0.0; 0.0; 0.0; 0.0; 0.0; 0.0; 0.0; 0.0; 0.0; 0.0; 0.0; 0.0; 0.0; 3.52; 1.52; 6.5; 3.78; 25.0; -25.0; 0.0; 0; 0; 0.0; 0.0; 1; 4.65346939715; 3.3287992717; -3.03647467432; 0; 0; 0; 0; 0.0; 0.0; 0.0; -1.0; 0.0; 0.0; 0.0; 0.0; 0.0; 1.0;0; 0;0; 0; 
49.7005901337; 111610; 0.0; 0.0; -0.39341; 0.0; 0.0; 0.0; 0.0; 0.0; 0.0; 0.0; 0.0; 0.0; 0.0; 0.0; 0.0; 0.0; 0.0; 3.52; 1.52; 6.5; 3.78; 25.0; -25.0; 0.0; 0; 0; 0.0; 0.0; 1; 4.60320386996; 3.32256403924; -2.99576210775; 0; 0; 0; 0; 0.0; 0.0; 0.0; -1.0; 0.0; 0.0; 0.0; 0.0; 0.0; 1.0;0; 0;0; 0; 
49.7127351761; 111620; 0.0; 0.0; -0.39323; 0.0; 0.0; 0.0; 0.0; 0.0; 0.0; 0.0; 0.0; 0.0; 0.0; 0.0; 0.0; 0.0; 0.0; 3.52; 1.52; 6.5; 3.78; 25.0; -25.0; 0.0; 0; 0; 0.0; 0.0; 1; 4.60320386996; 3.32256403924; -2.99576210775; 0; 0; 0; 0; 0.0; 0.0; 0.0; -1.0; 0.0; 0.0; 0.0; 0.0; 0.0; 1.0;0; 0;0; 0; 
49.7249000072; 111620; 0.0; 0.0; -0.39301; 0.0; 0.0; 0.0; 0.0; 0.0; 0.0; 0.0; 0.0; 0.0; 0.0; 0.0; 0.0; 0.0; 0.0; 3.52; 1.52; 6.5; 3.78; 25.0; -25.0; 0.0; 0; 0; 0.0; 0.0; 1; 4.60320386996; 3.32256403924; -2.99576210775; 0; 0; 0; 0; 0.0; 0.0; 0.0; -1.0; 0.0; 0.0; 0.0; 0.0; 0.0; 1.0;0; 0;0; 0; 
49.7365870476; 111630; 0.0; 0.0; -0.39286; 0.0; 0.0; 0.0; 0.0; 0.0; 0.0; 0.0; 0.0; 0.0; 0.0; 0.0; 0.0; 0.0; 0.0; 3.52; 1.52; 6.5; 3.78; 25.0; -25.0; 0.0; 0; 0; 0.0; 0.0; 1; 4.60320386996; 3.32256403924; -2.99576210775; 0; 0; 0; 0; 0.0; 0.0; 0.0; -1.0; 0.0; 0.0; 0.0; 0.0; 0.0; 1.0;0; 0;0; 0; 
49.7481560707; 111630; 0.0; 0.0; -0.39273; 0.0; 0.0; 0.0; 0.0; 0.0; 0.0; 0.0; 0.0; 0.0; 0.0; 0.0; 0.0; 0.0; 0.0; 3.52; 1.52; 6.5; 3.78; 25.0; -25.0; 0.0; 0; 0; 0.0; 0.0; 1; 4.60320386996; 3.32256403924; -2.99576210775; 0; 0; 0; 0; 0.0; 0.0; 0.0; -1.0; 0.0; 0.0; 0.0; 0.0; 0.0; 1.0;0; 0;0; 0; 
49.7592251301; 111640; 0.0; 0.0; -0.39269; 0.0; 0.0; 0.0; 0.0; 0.0; 0.0; 0.0; 0.0; 0.0; 0.0; 0.0; 0.0; 0.0; 0.0; 3.52; 1.52; 6.5; 3.78; 25.0; -25.0; 0.0; 0; 0; 0.0; 0.0; 1; 4.60320386996; 3.32256403924; -2.99576210775; 0; 0; 0; 0; 0.0; 0.0; 0.0; -1.0; 0.0; 0.0; 0.0; 0.0; 0.0; 1.0;0; 0;0; 0; 
49.7709510326; 111640; 0.0; 0.0; -0.39266; 0.0; 0.0; 0.0; 0.0; 0.0; 0.0; 0.0; 0.0; 0.0; 0.0; 0.0; 0.0; 0.0; 0.0; 3.52; 1.52; 6.5; 3.78; 25.0; -25.0; 0.0; 0; 0; 0.0; 0.0; 1; 4.60320386996; 3.32256403924; -2.99576210775; 0; 0; 0; 0; 0.0; 0.0; 0.0; -1.0; 0.0; 0.0; 0.0; 0.0; 0.0; 1.0;0; 0;0; 0; 
49.7822561264; 111650; 0.0; 0.0; -0.39259; 0.0; 0.0; 0.0; 0.0; 0.0; 0.0; 0.0; 0.0; 0.0; 0.0; 0.0; 0.0; 0.0; 0.0; 3.52; 1.52; 6.5; 3.78; 25.0; -25.0; 0.0; 0; 0; 0.0; 0.0; 1; 4.60320386996; 3.32256403924; -2.99576210775; 0; 0; 0; 0; 0.0; 0.0; 0.0; -1.0; 0.0; 0.0; 0.0; 0.0; 0.0; 1.0;0; 0;0; 0; 
49.7939729691; 111650; 0.0; 0.0; -0.39259; 0.0; 0.0; 0.0; 0.0; 0.0; 0.0; 0.0; 0.0; 0.0; 0.0; 0.0; 0.0; 0.0; 0.0; 3.52; 1.52; 6.5; 3.78; 25.0; -25.0; 0.0; 0; 0; 0.0; 0.0; 1; 4.60320386996; 3.32256403924; -2.99576210775; 0; 0; 0; 0; 0.0; 0.0; 0.0; -1.0; 0.0; 0.0; 0.0; 0.0; 0.0; 1.0;0; 0;0; 0; 
49.805327177; 111660; 0.0; 0.0; -0.39257; 0.0; 0.0; 0.0; 0.0; 0.0; 0.0; 0.0; 0.0; 0.0; 0.0; 0.0; 0.0; 0.0; 0.0; 3.52; 1.52; 6.5; 3.78; 25.0; -25.0; 0.0; 0; 0; 0.0; 0.0; 1; 4.60320386996; 3.32256403924; -2.99576210775; 0; 0; 0; 0; 0.0; 0.0; 0.0; -1.0; 0.0; 0.0; 0.0; 0.0; 0.0; 1.0;0; 0;0; 0; 
49.8162581921; 111660; 0.0; 0.0; -0.39243; 0.0; 0.0; 0.0; 0.0; 0.0; 0.0; 0.0; 0.0; 0.0; 0.0; 0.0; 0.0; 0.0; 0.0; 3.47; 1.51; 6.47; 3.75; 25.0; -25.0; 0.0; 0; 0; 0.0; 0.0; 1; 4.60320386996; 3.32256403924; -2.99576210775; 0; 0; 0; 0; 0.0; 0.0; 0.0; -1.0; 0.0; 0.0; 0.0; 0.0; 0.0; 1.0;0; 0;0; 0; 
49.8273231983; 111670; 0.0; 0.0; -0.39217; 0.0; 0.0; 0.0; 0.0; 0.0; 0.0; 0.0; 0.0; 0.0; 0.0; 0.0; 0.0; 0.0; 0.0; 3.47; 1.51; 6.47; 3.75; 25.0; -25.0; 0.0; 0; 0; 0.0; 0.0; 1; 4.60320386996; 3.32256403924; -2.99576210775; 0; 0; 0; 0; 0.0; 0.0; 0.0; -1.0; 0.0; 0.0; 0.0; 0.0; 0.0; 1.0;0; 0;0; 0; 
49.8386340141; 111670; 0.0; 0.0; -0.3918; 0.0; 0.0; 0.0; 0.0; 0.0; 0.0; 0.0; 0.0; 0.0; 0.0; 0.0; 0.0; 0.0; 0.0; 3.47; 1.51; 6.47; 3.75; 25.0; -25.0; 0.0; 0; 0; 0.0; 0.0; 1; 4.60320386996; 3.32256403924; -2.99576210775; 0; 0; 0; 0; 0.0; 0.0; 0.0; -1.0; 0.0; 0.0; 0.0; 0.0; 0.0; 1.0;0; 0;0; 0; 
49.8502261639; 111680; 0.0; 0.0; -0.3914; 0.0; 0.0; 0.0; 0.0; 0.0; 0.0; 0.0; 0.0; 0.0; 0.0; 0.0; 0.0; 0.0; 0.0; 3.47; 1.51; 6.47; 3.75; 25.0; -25.0; 0.0; 0; 0; 0.0; 0.0; 1; 4.60320386996; 3.32256403924; -2.99576210775; 0; 0; 0; 0; 0.0; 0.0; 0.0; -1.0; 0.0; 0.0; 0.0; 0.0; 0.0; 1.0;0; 0;0; 0; 
49.8620359898; 111680; 0.0; 0.0; -0.39102; 0.0; 0.0; 0.0; 0.0; 0.0; 0.0; 0.0; 0.0; 0.0; 0.0; 0.0; 0.0; 0.0; 0.0; 3.47; 1.51; 6.47; 3.75; 25.0; -25.0; 0.0; 0; 0; 0.0; 0.0; 1; 4.60320386996; 3.32256403924; -2.99576210775; 0; 0; 0; 0; 0.0; 0.0; 0.0; -1.0; 0.0; 0.0; 0.0; 0.0; 0.0; 1.0;0; 0;0; 0; 
49.8729109764; 111690; 0.0; 0.0; -0.39068; 0.0; 0.0; 0.0; 0.0; 0.0; 0.0; 0.0; 0.0; 0.0; 0.0; 0.0; 0.0; 0.0; 0.0; 3.47; 1.51; 6.47; 3.75; 25.0; -25.0; 0.0; 0; 0; 0.0; 0.0; 1; 4.60320386996; 3.32256403924; -2.99576210775; 0; 0; 0; 0; 0.0; 0.0; 0.0; -1.0; 0.0; 0.0; 0.0; 0.0; 0.0; 1.0;0; 0;0; 0; 
49.884073019; 111690; 0.0; 0.0; -0.3904; 0.0; 0.0; 0.0; 0.0; 0.0; 0.0; 0.0; 0.0; 0.0; 0.0; 0.0; 0.0; 0.0; 0.0; 3.47; 1.51; 6.47; 3.75; 25.0; -25.0; 0.0; 0; 0; 0.0; 0.0; 1; 4.60320386996; 3.32256403924; -2.99576210775; 0; 0; 0; 0; 0.0; 0.0; 0.0; -1.0; 0.0; 0.0; 0.0; 0.0; 0.0; 1.0;0; 0;0; 0; 
49.8945879936; 111700; 0.0; 0.0; -0.39021; 0.0; 0.0; 0.0; 0.0; 0.0; 0.0; 0.0; 0.0; 0.0; 0.0; 0.0; 0.0; 0.0; 0.0; 3.47; 1.51; 6.47; 3.75; 25.0; -25.0; 0.0; 0; 0; 0.0; 0.0; 1; 4.60320386996; 3.32256403924; -2.99576210775; 0; 0; 0; 0; 0.0; 0.0; 0.0; -1.0; 0.0; 0.0; 0.0; 0.0; 0.0; 1.0;0; 0;0; 0; 
49.9053430557; 111700; 0.0; 0.0; -0.39001; 0.0; 0.0; 0.0; 0.0; 0.0; 0.0; 0.0; 0.0; 0.0; 0.0; 0.0; 0.0; 0.0; 0.0; 3.47; 1.51; 6.47; 3.75; 25.0; -25.0; 0.0; 0; 0; 0.0; 0.0; 1; 4.60320386996; 3.32256403924; -2.99576210775; 0; 0; 0; 0; 0.0; 0.0; 0.0; -1.0; 0.0; 0.0; 0.0; 0.0; 0.0; 1.0;0; 0;0; 0; 
49.9163920879; 111710; 0.0; 0.0; -0.38979; 0.0; 0.0; 0.0; 0.0; 0.0; 0.0; 0.0; 0.0; 0.0; 0.0; 0.0; 0.0; 0.0; 0.0; 3.47; 1.51; 6.47; 3.75; 25.0; -25.0; 0.0; 0; 0; 0.0; 0.0; 1; 4.60320386996; 3.32256403924; -2.99576210775; 0; 0; 0; 0; 0.0; 0.0; 0.0; -1.0; 0.0; 0.0; 0.0; 0.0; 0.0; 1.0;0; 0;0; 0; 
49.92750597; 111710; 0.0; 0.0; -0.38944; 0.0; 0.0; 0.0; 0.0; 0.0; 0.0; 0.0; 0.0; 0.0; 0.0; 0.0; 0.0; 0.0; 0.0; 3.47; 1.51; 6.47; 3.75; 25.0; -25.0; 0.0; 0; 0; 0.0; 0.0; 1; 4.55398308624; 3.31441472976; -2.95513187063; 0; 0; 0; 0; 0.0; 0.0; 0.0; -1.0; 0.0; 0.0; 0.0; 0.0; 0.0; 1.0;0; 0;0; 0; 
49.9381949902; 111720; 0.0; 0.0; -0.38891; 0.0; 0.0; 0.0; 0.0; 0.0; 0.0; 0.0; 0.0; 0.0; 0.0; 0.0; 0.0; 0.0; 0.0; 3.47; 1.51; 6.47; 3.75; 25.0; -25.0; 0.0; 0; 0; 0.0; 0.0; 1; 4.55398308624; 3.31441472976; -2.95513187063; 0; 0; 0; 0; 0.0; 0.0; 0.0; -1.0; 0.0; 0.0; 0.0; 0.0; 0.0; 1.0;0; 0;0; 0; 
49.9499661922; 111720; 0.0; 0.0; -0.38826; 0.0; 0.0; 0.0; 0.0; 0.0; 0.0; 0.0; 0.0; 0.0; 0.0; 0.0; 0.0; 0.0; 0.0; 3.47; 1.51; 6.47; 3.75; 25.0; -25.0; 0.0; 0; 0; 0.0; 0.0; 1; 4.55398308624; 3.31441472976; -2.95513187063; 0; 0; 0; 0; 0.0; 0.0; 0.0; -1.0; 0.0; 0.0; 0.0; 0.0; 0.0; 1.0;0; 0;0; 0; 
49.961014986; 111730; 0.0; 0.0; -0.38749; 0.0; 0.0; 0.0; 0.0; 0.0; 0.0; 0.0; 0.0; 0.0; 0.0; 0.0; 0.0; 0.0; 0.0; 3.47; 1.51; 6.47; 3.75; 25.0; -25.0; 0.0; 0; 0; 0.0; 0.0; 1; 4.55398308624; 3.31441472976; -2.95513187063; 0; 0; 0; 0; 0.0; 0.0; 0.0; -1.0; 0.0; 0.0; 0.0; 0.0; 0.0; 1.0;0; 0;0; 0; 
49.9725620747; 111730; 0.0; 0.0; -0.38672; 0.0; 0.0; 0.0; 0.0; 0.0; 0.0; 0.0; 0.0; 0.0; 0.0; 0.0; 0.0; 0.0; 0.0; 3.47; 1.51; 6.47; 3.75; 25.0; -25.0; 0.0; 0; 0; 0.0; 0.0; 1; 4.55398308624; 3.31441472976; -2.95513187063; 0; 0; 0; 0; 0.0; 0.0; 0.0; -1.0; 0.0; 0.0; 0.0; 0.0; 0.0; 1.0;0; 0;0; 0; 
49.9837331772; 111740; 0.0; 0.0; -0.38604; 0.0; 0.0; 0.0; 0.0; 0.0; 0.0; 0.0; 0.0; 0.0; 0.0; 0.0; 0.0; 0.0; 0.0; 3.47; 1.51; 6.47; 3.75; 25.0; -25.0; 0.0; 0; 0; 0.0; 0.0; 1; 4.55398308624; 3.31441472976; -2.95513187063; 0; 0; 0; 0; 0.0; 0.0; 0.0; -1.0; 0.0; 0.0; 0.0; 0.0; 0.0; 1.0;0; 0;0; 0; 
49.9944810867; 111740; 0.0; 0.0; -0.38551; 0.0; 0.0; 0.0; 0.0; 0.0; 0.0; 0.0; 0.0; 0.0; 0.0; 0.0; 0.0; 0.0; 0.0; 3.47; 1.51; 6.47; 3.75; 25.0; -25.0; 0.0; 0; 0; 0.0; 0.0; 1; 4.55398308624; 3.31441472976; -2.95513187063; 0; 0; 0; 0; 0.0; 0.0; 0.0; -1.0; 0.0; 0.0; 0.0; 0.0; 0.0; 1.0;0; 0;0; 0; 
50.0052042007; 111750; 0.0; 0.0; -0.38522; 0.0; 0.0; 0.0; 0.0; 0.0; 0.0; 0.0; 0.0; 0.0; 0.0; 0.0; 0.0; 0.0; 0.0; 3.47; 1.51; 6.47; 3.75; 25.0; -25.0; 0.0; 0; 0; 0.0; 0.0; 1; 4.55398308624; 3.31441472976; -2.95513187063; 0; 0; 0; 0; 0.0; 0.0; 0.0; -1.0; 0.0; 0.0; 0.0; 0.0; 0.0; 1.0;0; 0;0; 0; 
50.0164141655; 111750; 0.0; 0.0; -0.38516; 0.0; 0.0; 0.0; 0.0; 0.0; 0.0; 0.0; 0.0; 0.0; 0.0; 0.0; 0.0; 0.0; 0.0; 3.47; 1.51; 6.47; 3.75; 25.0; -25.0; 0.0; 0; 0; 0.0; 0.0; 1; 4.55398308624; 3.31441472976; -2.95513187063; 0; 0; 0; 0; 0.0; 0.0; 0.0; -1.0; 0.0; 0.0; 0.0; 0.0; 0.0; 1.0;0; 0;0; 0; 
50.0276851654; 111760; 0.0; 0.0; -0.38532; 0.0; 0.0; 0.0; 0.0; 0.0; 0.0; 0.0; 0.0; 0.0; 0.0; 0.0; 0.0; 0.0; 0.0; 3.44; 1.51; 6.58; 3.85; 25.0; -25.0; 0.0; 0; 0; 0.0; 0.0; 1; 4.55398308624; 3.31441472976; -2.95513187063; 0; 0; 0; 0; 0.0; 0.0; 0.0; -1.0; 0.0; 0.0; 0.0; 0.0; 0.0; 1.0;0; 0;0; 0; 
50.0384581089; 111760; 0.0; 0.0; -0.38566; 0.0; 0.0; 0.0; 0.0; 0.0; 0.0; 0.0; 0.0; 0.0; 0.0; 0.0; 0.0; 0.0; 0.0; 3.44; 1.51; 6.58; 3.85; 25.0; -25.0; 0.0; 0; 0; 0.0; 0.0; 1; 4.55398308624; 3.31441472976; -2.95513187063; 0; 0; 0; 0; 0.0; 0.0; 0.0; -1.0; 0.0; 0.0; 0.0; 0.0; 0.0; 1.0;0; 0;0; 0; 
50.0494740009; 111770; 0.0; 0.0; -0.38613; 0.0; 0.0; 0.0; 0.0; 0.0; 0.0; 0.0; 0.0; 0.0; 0.0; 0.0; 0.0; 0.0; 0.0; 3.44; 1.51; 6.58; 3.85; 25.0; -25.0; 0.0; 0; 0; 0.0; 0.0; 1; 4.55398308624; 3.31441472976; -2.95513187063; 0; 0; 0; 0; 0.0; 0.0; 0.0; -1.0; 0.0; 0.0; 0.0; 0.0; 0.0; 1.0;0; 0;0; 0; 
50.0617489815; 111770; 0.0; 0.0; -0.38674; 0.0; 0.0; 0.0; 0.0; 0.0; 0.0; 0.0; 0.0; 0.0; 0.0; 0.0; 0.0; 0.0; 0.0; 3.44; 1.51; 6.58; 3.85; 25.0; -25.0; 0.0; 0; 0; 0.0; 0.0; 1; 4.55398308624; 3.31441472976; -2.95513187063; 0; 0; 0; 0; 0.0; 0.0; 0.0; -1.0; 0.0; 0.0; 0.0; 0.0; 0.0; 1.0;0; 0;0; 0; 
50.0735001564; 111780; 0.0; 0.0; -0.38746; 0.0; 0.0; 0.0; 0.0; 0.0; 0.0; 0.0; 0.0; 0.0; 0.0; 0.0; 0.0; 0.0; 0.0; 3.44; 1.51; 6.58; 3.85; 25.0; -25.0; 0.0; 0; 0; 0.0; 0.0; 1; 4.55398308624; 3.31441472976; -2.95513187063; 0; 0; 0; 0; 0.0; 0.0; 0.0; -1.0; 0.0; 0.0; 0.0; 0.0; 0.0; 1.0;0; 0;0; 0; 
50.0845000744; 111780; 0.0; 0.0; -0.38828; 0.0; 0.0; 0.0; 0.0; 0.0; 0.0; 0.0; 0.0; 0.0; 0.0; 0.0; 0.0; 0.0; 0.0; 3.44; 1.51; 6.58; 3.85; 25.0; -25.0; 0.0; 0; 0; 0.0; 0.0; 1; 4.55398308624; 3.31441472976; -2.95513187063; 0; 0; 0; 0; 0.0; 0.0; 0.0; -1.0; 0.0; 0.0; 0.0; 0.0; 0.0; 1.0;0; 0;0; 0; 
50.0953559875; 111790; 0.0; 0.0; -0.38928; 0.0; 0.0; 0.0; 0.0; 0.0; 0.0; 0.0; 0.0; 0.0; 0.0; 0.0; 0.0; 0.0; 0.0; 3.44; 1.51; 6.58; 3.85; 25.0; -25.0; 0.0; 0; 0; 0.0; 0.0; 1; 4.55398308624; 3.31441472976; -2.95513187063; 0; 0; 0; 0; 0.0; 0.0; 0.0; -1.0; 0.0; 0.0; 0.0; 0.0; 0.0; 1.0;0; 0;0; 0; 
50.1067390442; 111790; 0.0; 0.0; -0.39054; 0.0; 0.0; 0.0; 0.0; 0.0; 0.0; 0.0; 0.0; 0.0; 0.0; 0.0; 0.0; 0.0; 0.0; 3.44; 1.51; 6.58; 3.85; 25.0; -25.0; 0.0; 0; 0; 0.0; 0.0; 1; 4.55398308624; 3.31441472976; -2.95513187063; 0; 0; 0; 0; 0.0; 0.0; 0.0; -1.0; 0.0; 0.0; 0.0; 0.0; 0.0; 1.0;0; 0;0; 0; 
50.1187829971; 111800; 0.0; 0.0; -0.39208; 0.0; 0.0; 0.0; 0.0; 0.0; 0.0; 0.0; 0.0; 0.0; 0.0; 0.0; 0.0; 0.0; 0.0; 3.44; 1.51; 6.58; 3.85; 25.0; -25.0; 0.0; 0; 0; 0.0; 0.0; 1; 4.55398308624; 3.31441472976; -2.95513187063; 0; 0; 0; 0; 0.0; 0.0; 0.0; -1.0; 0.0; 0.0; 0.0; 0.0; 0.0; 1.0;0; 0;0; 0; 
50.1295950413; 111800; 0.0; 0.0; -0.39383; 0.0; 0.0; 0.0; 0.0; 0.0; 0.0; 0.0; 0.0; 0.0; 0.0; 0.0; 0.0; 0.0; 0.0; 3.44; 1.51; 6.58; 3.85; 25.0; -25.0; 0.0; 0; 0; 0.0; 0.0; 1; 4.55398308624; 3.31441472976; -2.95513187063; 0; 0; 0; 0; 0.0; 0.0; 0.0; -1.0; 0.0; 0.0; 0.0; 0.0; 0.0; 1.0;0; 0;0; 0; 
50.1410720348; 111810; 0.0; 0.0; -0.39572; 0.0; 0.0; 0.0; 0.0; 0.0; 0.0; 0.0; 0.0; 0.0; 0.0; 0.0; 0.0; 0.0; 0.0; 3.44; 1.51; 6.58; 3.85; 25.0; -25.0; 0.0; 0; 0; 0.0; 0.0; 1; 4.55398308624; 3.31441472976; -2.95513187063; 0; 0; 0; 0; 0.0; 0.0; 0.0; -1.0; 0.0; 0.0; 0.0; 0.0; 0.0; 1.0;0; 0;0; 0; 
50.1524341106; 111810; 0.0; 0.0; -0.39765; 0.0; 0.0; 0.0; 0.0; 0.0; 0.0; 0.0; 0.0; 0.0; 0.0; 0.0; 0.0; 0.0; 0.0; 3.44; 1.51; 6.58; 3.85; 25.0; -25.0; 0.0; 0; 0; 0.0; 0.0; 1; 4.50594460642; 3.30445233531; -2.91494764521; 0; 0; 0; 0; 0.0; 0.0; 0.0; -1.0; 0.0; 0.0; 0.0; 0.0; 0.0; 1.0;0; 0;0; 0; 
50.1640861034; 111820; 0.0; 0.0; -0.39956; 0.0; 0.0; 0.0; 0.0; 0.0; 0.0; 0.0; 0.0; 0.0; 0.0; 0.0; 0.0; 0.0; 0.0; 3.44; 1.51; 6.58; 3.85; 25.0; -25.0; 0.0; 0; 0; 0.0; 0.0; 1; 4.50594460642; 3.30445233531; -2.91494764521; 0; 0; 0; 0; 0.0; 0.0; 0.0; -1.0; 0.0; 0.0; 0.0; 0.0; 0.0; 1.0;0; 0;0; 0; 
50.1758890152; 111820; 0.0; 0.0; -0.40122; 0.0; 0.0; 0.0; 0.0; 0.0; 0.0; 0.0; 0.0; 0.0; 0.0; 0.0; 0.0; 0.0; 0.0; 3.44; 1.51; 6.58; 3.85; 25.0; -25.0; 0.0; 0; 0; 0.0; 0.0; 1; 4.50594460642; 3.30445233531; -2.91494764521; 0; 0; 0; 0; 0.0; 0.0; 0.0; -1.0; 0.0; 0.0; 0.0; 0.0; 0.0; 1.0;0; 0;0; 0; 
50.1866691113; 111830; 0.0; 0.0; -0.40251; 0.0; 0.0; 0.0; 0.0; 0.0; 0.0; 0.0; 0.0; 0.0; 0.0; 0.0; 0.0; 0.0; 0.0; 3.44; 1.51; 6.58; 3.85; 25.0; -25.0; 0.0; 0; 0; 0.0; 0.0; 1; 4.50594460642; 3.30445233531; -2.91494764521; 0; 0; 0; 0; 0.0; 0.0; 0.0; -1.0; 0.0; 0.0; 0.0; 0.0; 0.0; 1.0;0; 0;0; 0; 
50.1975140572; 111830; 0.0; 0.0; -0.40331; 0.0; 0.0; 0.0; 0.0; 0.0; 0.0; 0.0; 0.0; 0.0; 0.0; 0.0; 0.0; 0.0; 0.0; 3.44; 1.51; 6.58; 3.85; 25.0; -25.0; 0.0; 0; 0; 0.0; 0.0; 1; 4.50594460642; 3.30445233531; -2.91494764521; 0; 0; 0; 0; 0.0; 0.0; 0.0; -1.0; 0.0; 0.0; 0.0; 0.0; 0.0; 1.0;0; 0;0; 0; 
50.2085521221; 111840; 0.0; 0.0; -0.40363; 0.0; 0.0; 0.0; 0.0; 0.0; 0.0; 0.0; 0.0; 0.0; 0.0; 0.0; 0.0; 0.0; 0.0; 3.44; 1.51; 6.58; 3.85; 25.0; -25.0; 0.0; 0; 0; 0.0; 0.0; 1; 4.50594460642; 3.30445233531; -2.91494764521; 0; 0; 0; 0; 0.0; 0.0; 0.0; -1.0; 0.0; 0.0; 0.0; 0.0; 0.0; 1.0;0; 0;0; 0; 
50.2194280624; 111840; 0.0; 0.0; -0.40353; 0.0; 0.0; 0.0; 0.0; 0.0; 0.0; 0.0; 0.0; 0.0; 0.0; 0.0; 0.0; 0.0; 0.0; 3.44; 1.51; 6.58; 3.85; 25.0; -25.0; 0.0; 0; 0; 0.0; 0.0; 1; 4.50594460642; 3.30445233531; -2.91494764521; 0; 0; 0; 0; 0.0; 0.0; 0.0; -1.0; 0.0; 0.0; 0.0; 0.0; 0.0; 1.0;0; 0;0; 0; 
50.230877161; 111850; 0.0; 0.0; -0.40298; 0.0; 0.0; 0.0; 0.0; 0.0; 0.0; 0.0; 0.0; 0.0; 0.0; 0.0; 0.0; 0.0; 0.0; 3.44; 1.51; 6.58; 3.85; 25.0; -25.0; 0.0; 0; 0; 0.0; 0.0; 1; 4.50594460642; 3.30445233531; -2.91494764521; 0; 0; 0; 0; 0.0; 0.0; 0.0; -1.0; 0.0; 0.0; 0.0; 0.0; 0.0; 1.0;0; 0;0; 0; 
50.2422590256; 111850; 0.0; 0.0; -0.40203; 0.0; 0.0; 0.0; 0.0; 0.0; 0.0; 0.0; 0.0; 0.0; 0.0; 0.0; 0.0; 0.0; 0.0; 3.44; 1.51; 6.58; 3.85; 25.0; -25.0; 0.0; 0; 0; 0.0; 0.0; 1; 4.50594460642; 3.30445233531; -2.91494764521; 0; 0; 0; 0; 0.0; 0.0; 0.0; -1.0; 0.0; 0.0; 0.0; 0.0; 0.0; 1.0;0; 0;0; 0; 
50.2533700466; 111860; 0.0; 0.0; -0.40072; 0.0; 0.0; 0.0; 0.0; 0.0; 0.0; 0.0; 0.0; 0.0; 0.0; 0.0; 0.0; 0.0; 0.0; 3.44; 1.51; 6.58; 3.85; 25.0; -25.0; 0.0; 0; 0; 0.0; 0.0; 1; 4.50594460642; 3.30445233531; -2.91494764521; 0; 0; 0; 0; 0.0; 0.0; 0.0; -1.0; 0.0; 0.0; 0.0; 0.0; 0.0; 1.0;0; 0;0; 0; 
50.2651259899; 111860; 0.0; 0.0; -0.39913; 0.0; 0.0; 0.0; 0.0; 0.0; 0.0; 0.0; 0.0; 0.0; 0.0; 0.0; 0.0; 0.0; 0.0; 3.44; 1.51; 6.58; 3.85; 25.0; -25.0; 0.0; 0; 0; 0.0; 0.0; 1; 4.50594460642; 3.30445233531; -2.91494764521; 0; 0; 0; 0; 0.0; 0.0; 0.0; -1.0; 0.0; 0.0; 0.0; 0.0; 0.0; 1.0;0; 0;0; 0; 
50.2765040398; 111870; 0.0; 0.0; -0.39738; 0.0; 0.0; 0.0; 0.0; 0.0; 0.0; 0.0; 0.0; 0.0; 0.0; 0.0; 0.0; 0.0; 0.0; 3.44; 1.51; 6.58; 3.85; 25.0; -25.0; 0.0; 0; 0; 0.0; 0.0; 1; 4.50594460642; 3.30445233531; -2.91494764521; 0; 0; 0; 0; 0.0; 0.0; 0.0; -1.0; 0.0; 0.0; 0.0; 0.0; 0.0; 1.0;0; 0;0; 0; 
50.2872951031; 111870; 0.0; 0.0; -0.39553; 0.0; 0.0; 0.0; 0.0; 0.0; 0.0; 0.0; 0.0; 0.0; 0.0; 0.0; 0.0; 0.0; 0.0; 3.44; 1.51; 6.58; 3.85; 25.0; -25.0; 0.0; 0; 0; 0.0; 0.0; 1; 4.50594460642; 3.30445233531; -2.91494764521; 0; 0; 0; 0; 0.0; 0.0; 0.0; -1.0; 0.0; 0.0; 0.0; 0.0; 0.0; 1.0;0; 0;0; 0; 
50.2981441021; 111880; 0.0; 0.0; -0.39373; 0.0; 0.0; 0.0; 0.0; 0.0; 0.0; 0.0; 0.0; 0.0; 0.0; 0.0; 0.0; 0.0; 0.0; 3.44; 1.51; 6.58; 3.85; 25.0; -25.0; 0.0; 0; 0; 0.0; 0.0; 1; 4.50594460642; 3.30445233531; -2.91494764521; 0; 0; 0; 0; 0.0; 0.0; 0.0; -1.0; 0.0; 0.0; 0.0; 0.0; 0.0; 1.0;0; 0;0; 0; 
50.3101460934; 111880; 0.0; 0.0; -0.39223; 0.0; 0.0; 0.0; 0.0; 0.0; 0.0; 0.0; 0.0; 0.0; 0.0; 0.0; 0.0; 0.0; 0.0; 3.44; 1.51; 6.58; 3.85; 25.0; -25.0; 0.0; 0; 0; 0.0; 0.0; 1; 4.50594460642; 3.30445233531; -2.91494764521; 0; 0; 0; 0; 0.0; 0.0; 0.0; -1.0; 0.0; 0.0; 0.0; 0.0; 0.0; 1.0;0; 0;0; 0; 
50.3211910725; 111890; 0.0; 0.0; -0.39116; 0.0; 0.0; 0.0; 0.0; 0.0; 0.0; 0.0; 0.0; 0.0; 0.0; 0.0; 0.0; 0.0; 0.0; 3.44; 1.51; 6.58; 3.85; 25.0; -25.0; 0.0; 0; 0; 0.0; 0.0; 1; 4.50594460642; 3.30445233531; -2.91494764521; 0; 0; 0; 0; 0.0; 0.0; 0.0; -1.0; 0.0; 0.0; 0.0; 0.0; 0.0; 1.0;0; 0;0; 0; 
50.3325850964; 111890; 0.0; 0.0; -0.39077; 0.0; 0.0; 0.0; 0.0; 0.0; 0.0; 0.0; 0.0; 0.0; 0.0; 0.0; 0.0; 0.0; 0.0; 3.44; 1.51; 6.58; 3.85; 25.0; -25.0; 0.0; 0; 0; 0.0; 0.0; 1; 4.50594460642; 3.30445233531; -2.91494764521; 0; 0; 0; 0; 0.0; 0.0; 0.0; -1.0; 0.0; 0.0; 0.0; 0.0; 0.0; 1.0;0; 0;0; 0; 
50.3430609703; 111900; 0.0; 0.0; -0.39113; 0.0; 0.0; 0.0; 0.0; 0.0; 0.0; 0.0; 0.0; 0.0; 0.0; 0.0; 0.0; 0.0; 0.0; 3.44; 1.51; 6.58; 3.85; 25.0; -25.0; 0.0; 0; 0; 0.0; 0.0; 1; 4.50594460642; 3.30445233531; -2.91494764521; 0; 0; 0; 0; 0.0; 0.0; 0.0; -1.0; 0.0; 0.0; 0.0; 0.0; 0.0; 1.0;0; 0;0; 0; 
50.3544690609; 111900; 0.0; 0.0; -0.3923; 0.0; 0.0; 0.0; 0.0; 0.0; 0.0; 0.0; 0.0; 0.0; 0.0; 0.0; 0.0; 0.0; 0.0; 3.44; 1.51; 6.58; 3.85; 25.0; -25.0; 0.0; 0; 0; 0.0; 0.0; 1; 4.50594460642; 3.30445233531; -2.91494764521; 0; 0; 0; 0; 0.0; 0.0; 0.0; -1.0; 0.0; 0.0; 0.0; 0.0; 0.0; 1.0;0; 0;0; 0; 
50.3658530712; 111910; 0.0; 0.0; -0.39414; 0.0; 0.0; 0.0; 0.0; 0.0; 0.0; 0.0; 0.0; 0.0; 0.0; 0.0; 0.0; 0.0; 0.0; 3.44; 1.51; 6.58; 3.85; 25.0; -25.0; 0.0; 0; 0; 0.0; 0.0; 1; 4.50594460642; 3.30445233531; -2.91494764521; 0; 0; 0; 0; 0.0; 0.0; 0.0; -1.0; 0.0; 0.0; 0.0; 0.0; 0.0; 1.0;0; 0;0; 0; 
50.3769721985; 111910; 0.0; 0.0; -0.39644; 0.0; 0.0; 0.0; 0.0; 0.0; 0.0; 0.0; 0.0; 0.0; 0.0; 0.0; 0.0; 0.0; 0.0; 3.44; 1.51; 6.58; 3.85; 25.0; -25.0; 0.0; 0; 0; 0.0; 0.0; 1; 4.45858957782; 3.29260243035; -2.87390106093; 0; 0; 0; 0; 0.0; 0.0; 0.0; -1.0; 0.0; 0.0; 0.0; 0.0; 0.0; 1.0;0; 0;0; 0; 
50.3886740208; 111920; 0.0; 0.0; -0.39896; 0.0; 0.0; 0.0; 0.0; 0.0; 0.0; 0.0; 0.0; 0.0; 0.0; 0.0; 0.0; 0.0; 0.0; 3.44; 1.51; 6.58; 3.85; 25.0; -25.0; 0.0; 0; 0; 0.0; 0.0; 1; 4.45858957782; 3.29260243035; -2.87390106093; 0; 0; 0; 0; 0.0; 0.0; 0.0; -1.0; 0.0; 0.0; 0.0; 0.0; 0.0; 1.0;0; 0;0; 0; 
50.3995940685; 111920; 0.0; 0.0; -0.40148; 0.0; 0.0; 0.0; 0.0; 0.0; 0.0; 0.0; 0.0; 0.0; 0.0; 0.0; 0.0; 0.0; 0.0; 3.44; 1.51; 6.58; 3.85; 25.0; -25.0; 0.0; 0; 0; 0.0; 0.0; 1; 4.45858957782; 3.29260243035; -2.87390106093; 0; 0; 0; 0; 0.0; 0.0; 0.0; -1.0; 0.0; 0.0; 0.0; 0.0; 0.0; 1.0;0; 0;0; 0; 
50.4108700752; 111930; 0.0; 0.0; -0.4038; 0.0; 0.0; 0.0; 0.0; 0.0; 0.0; 0.0; 0.0; 0.0; 0.0; 0.0; 0.0; 0.0; 0.0; 3.44; 1.51; 6.58; 3.85; 25.0; -25.0; 0.0; 0; 0; 0.0; 0.0; 1; 4.45858957782; 3.29260243035; -2.87390106093; 0; 0; 0; 0; 0.0; 0.0; 0.0; -1.0; 0.0; 0.0; 0.0; 0.0; 0.0; 1.0;0; 0;0; 0; 
50.4215390682; 111930; 0.0; 0.0; -0.40568; 0.0; 0.0; 0.0; 0.0; 0.0; 0.0; 0.0; 0.0; 0.0; 0.0; 0.0; 0.0; 0.0; 0.0; 3.44; 1.51; 6.58; 3.85; 25.0; -25.0; 0.0; 0; 0; 0.0; 0.0; 1; 4.45858957782; 3.29260243035; -2.87390106093; 0; 0; 0; 0; 0.0; 0.0; 0.0; -1.0; 0.0; 0.0; 0.0; 0.0; 0.0; 1.0;0; 0;0; 0; 
50.4328520298; 111940; 0.0; 0.0; -0.40703; 0.0; 0.0; 0.0; 0.0; 0.0; 0.0; 0.0; 0.0; 0.0; 0.0; 0.0; 0.0; 0.0; 0.0; 3.44; 1.51; 6.58; 3.85; 25.0; -25.0; 0.0; 0; 0; 0.0; 0.0; 1; 4.45858957782; 3.29260243035; -2.87390106093; 0; 0; 0; 0; 0.0; 0.0; 0.0; -1.0; 0.0; 0.0; 0.0; 0.0; 0.0; 1.0;0; 0;0; 0; 
50.4439241886; 111940; 0.0; 0.0; -0.40785; 0.0; 0.0; 0.0; 0.0; 0.0; 0.0; 0.0; 0.0; 0.0; 0.0; 0.0; 0.0; 0.0; 0.0; 3.44; 1.51; 6.58; 3.85; 25.0; -25.0; 0.0; 0; 0; 0.0; 0.0; 1; 4.45858957782; 3.29260243035; -2.87390106093; 0; 0; 0; 0; 0.0; 0.0; 0.0; -1.0; 0.0; 0.0; 0.0; 0.0; 0.0; 1.0;0; 0;0; 0; 
50.4551970959; 111950; 0.0; 0.0; -0.40816; 0.0; 0.0; 0.0; 0.0; 0.0; 0.0; 0.0; 0.0; 0.0; 0.0; 0.0; 0.0; 0.0; 0.0; 3.44; 1.51; 6.58; 3.85; 25.0; -25.0; 0.0; 0; 0; 0.0; 0.0; 1; 4.45858957782; 3.29260243035; -2.87390106093; 0; 0; 0; 0; 0.0; 0.0; 0.0; -1.0; 0.0; 0.0; 0.0; 0.0; 0.0; 1.0;0; 0;0; 0; 
50.4671611786; 111950; 0.0; 0.0; -0.40804; 0.0; 0.0; 0.0; 0.0; 0.0; 0.0; 0.0; 0.0; 0.0; 0.0; 0.0; 0.0; 0.0; 0.0; 3.44; 1.51; 6.58; 3.85; 25.0; -25.0; 0.0; 0; 0; 0.0; 0.0; 1; 4.45858957782; 3.29260243035; -2.87390106093; 0; 0; 0; 0; 0.0; 0.0; 0.0; -1.0; 0.0; 0.0; 0.0; 0.0; 0.0; 1.0;0; 0;0; 0; 
50.4785490036; 111960; 0.0; 0.0; -0.4075; 0.0; 0.0; 0.0; 0.0; 0.0; 0.0; 0.0; 0.0; 0.0; 0.0; 0.0; 0.0; 0.0; 0.0; 3.5; 1.49; 6.59; 3.91; 25.0; -25.0; 0.0; 0; 0; 0.0; 0.0; 1; 4.45858957782; 3.29260243035; -2.87390106093; 0; 0; 0; 0; 0.0; 0.0; 0.0; -1.0; 0.0; 0.0; 0.0; 0.0; 0.0; 1.0;0; 0;0; 0; 
50.4895880222; 111960; 0.0; 0.0; -0.40664; 0.0; 0.0; 0.0; 0.0; 0.0; 0.0; 0.0; 0.0; 0.0; 0.0; 0.0; 0.0; 0.0; 0.0; 3.5; 1.49; 6.59; 3.91; 25.0; -25.0; 0.0; 0; 0; 0.0; 0.0; 1; 4.45858957782; 3.29260243035; -2.87390106093; 0; 0; 0; 0; 0.0; 0.0; 0.0; -1.0; 0.0; 0.0; 0.0; 0.0; 0.0; 1.0;0; 0;0; 0; 
50.4999260902; 111970; 0.0; 0.0; -0.4056; 0.0; 0.0; 0.0; 0.0; 0.0; 0.0; 0.0; 0.0; 0.0; 0.0; 0.0; 0.0; 0.0; 0.0; 3.5; 1.49; 6.59; 3.91; 25.0; -25.0; 0.0; 0; 0; 0.0; 0.0; 1; 4.45858957782; 3.29260243035; -2.87390106093; 0; 0; 0; 0; 0.0; 0.0; 0.0; -1.0; 0.0; 0.0; 0.0; 0.0; 0.0; 1.0;0; 0;0; 0; 
50.5105540752; 111970; 0.0; 0.0; -0.40454; 0.0; 0.0; 0.0; 0.0; 0.0; 0.0; 0.0; 0.0; 0.0; 0.0; 0.0; 0.0; 0.0; 0.0; 3.5; 1.49; 6.59; 3.91; 25.0; -25.0; 0.0; 0; 0; 0.0; 0.0; 1; 4.45858957782; 3.29260243035; -2.87390106093; 0; 0; 0; 0; 0.0; 0.0; 0.0; -1.0; 0.0; 0.0; 0.0; 0.0; 0.0; 1.0;0; 0;0; 0; 
50.5219140053; 111980; 0.0; 0.0; -0.40349; 0.0; 0.0; 0.0; 0.0; 0.0; 0.0; 0.0; 0.0; 0.0; 0.0; 0.0; 0.0; 0.0; 0.0; 3.5; 1.49; 6.59; 3.91; 25.0; -25.0; 0.0; 0; 0; 0.0; 0.0; 1; 4.45858957782; 3.29260243035; -2.87390106093; 0; 0; 0; 0; 0.0; 0.0; 0.0; -1.0; 0.0; 0.0; 0.0; 0.0; 0.0; 1.0;0; 0;0; 0; 
50.53236413; 111980; 0.0; 0.0; -0.40257; 0.0; 0.0; 0.0; 0.0; 0.0; 0.0; 0.0; 0.0; 0.0; 0.0; 0.0; 0.0; 0.0; 0.0; 3.5; 1.49; 6.59; 3.91; 25.0; -25.0; 0.0; 0; 0; 0.0; 0.0; 1; 4.45858957782; 3.29260243035; -2.87390106093; 0; 0; 0; 0; 0.0; 0.0; 0.0; -1.0; 0.0; 0.0; 0.0; 0.0; 0.0; 1.0;0; 0;0; 0; 
50.5431761742; 111990; 0.0; 0.0; -0.40188; 0.0; 0.0; 0.0; 0.0; 0.0; 0.0; 0.0; 0.0; 0.0; 0.0; 0.0; 0.0; 0.0; 0.0; 3.5; 1.49; 6.59; 3.91; 25.0; -25.0; 0.0; 0; 0; 0.0; 0.0; 1; 4.45858957782; 3.29260243035; -2.87390106093; 0; 0; 0; 0; 0.0; 0.0; 0.0; -1.0; 0.0; 0.0; 0.0; 0.0; 0.0; 1.0;0; 0;0; 0; 
50.5544900894; 111990; 0.0; 0.0; -0.40147; 0.0; 0.0; 0.0; 0.0; 0.0; 0.0; 0.0; 0.0; 0.0; 0.0; 0.0; 0.0; 0.0; 0.0; 3.5; 1.49; 6.59; 3.91; 25.0; -25.0; 0.0; 0; 0; 0.0; 0.0; 1; 4.45858957782; 3.29260243035; -2.87390106093; 0; 0; 0; 0; 0.0; 0.0; 0.0; -1.0; 0.0; 0.0; 0.0; 0.0; 0.0; 1.0;0; 0;0; 0; 
50.5652370453; 112000; 0.0; 0.0; -0.40131; 0.0; 0.0; 0.0; 0.0; 0.0; 0.0; 0.0; 0.0; 0.0; 0.0; 0.0; 0.0; 0.0; 0.0; 3.5; 1.49; 6.59; 3.91; 25.0; -25.0; 0.0; 0; 0; 0.0; 0.0; 1; 4.45858957782; 3.29260243035; -2.87390106093; 0; 0; 0; 0; 0.0; 0.0; 0.0; -1.0; 0.0; 0.0; 0.0; 0.0; 0.0; 1.0;0; 0;0; 0; 
50.5764679909; 112000; 0.0; 0.0; -0.40138; 0.0; 0.0; 0.0; 0.0; 0.0; 0.0; 0.0; 0.0; 0.0; 0.0; 0.0; 0.0; 0.0; 0.0; 3.5; 1.49; 6.59; 3.91; 25.0; -25.0; 0.0; 0; 0; 0.0; 0.0; 1; 4.45858957782; 3.29260243035; -2.87390106093; 0; 0; 0; 0; 0.0; 0.0; 0.0; -1.0; 0.0; 0.0; 0.0; 0.0; 0.0; 1.0;0; 0;0; 0; 
50.5871319771; 112010; 0.0; 0.0; -0.40166; 0.0; 0.0; 0.0; 0.0; 0.0; 0.0; 0.0; 0.0; 0.0; 0.0; 0.0; 0.0; 0.0; 0.0; 3.5; 1.49; 6.59; 3.91; 25.0; -25.0; 0.0; 0; 0; 0.0; 0.0; 1; 4.45858957782; 3.29260243035; -2.87390106093; 0; 0; 0; 0; 0.0; 0.0; 0.0; -1.0; 0.0; 0.0; 0.0; 0.0; 0.0; 1.0;0; 0;0; 0; 
50.5982789993; 112010; 0.0; 0.0; -0.40212; 0.0; 0.0; 0.0; 0.0; 0.0; 0.0; 0.0; 0.0; 0.0; 0.0; 0.0; 0.0; 0.0; 0.0; 3.5; 1.49; 6.59; 3.91; 25.0; -25.0; 0.0; 0; 0; 0.0; 0.0; 1; 4.41183303425; 3.27883318714; -2.83233098797; 0; 0; 0; 0; 0.0; 0.0; 0.0; -1.0; 0.0; 0.0; 0.0; 0.0; 0.0; 1.0;0; 0;0; 0; 
50.6091361046; 112020; 0.0; 0.0; -0.40262; 0.0; 0.0; 0.0; 0.0; 0.0; 0.0; 0.0; 0.0; 0.0; 0.0; 0.0; 0.0; 0.0; 0.0; 3.5; 1.49; 6.59; 3.91; 25.0; -25.0; 0.0; 0; 0; 0.0; 0.0; 1; 4.41183303425; 3.27883318714; -2.83233098797; 0; 0; 0; 0; 0.0; 0.0; 0.0; -1.0; 0.0; 0.0; 0.0; 0.0; 0.0; 1.0;0; 0;0; 0; 
50.6206681728; 112020; 0.0; 0.0; -0.40307; 0.0; 0.0; 0.0; 0.0; 0.0; 0.0; 0.0; 0.0; 0.0; 0.0; 0.0; 0.0; 0.0; 0.0; 3.5; 1.49; 6.59; 3.91; 25.0; -25.0; 0.0; 0; 0; 0.0; 0.0; 1; 4.41183303425; 3.27883318714; -2.83233098797; 0; 0; 0; 0; 0.0; 0.0; 0.0; -1.0; 0.0; 0.0; 0.0; 0.0; 0.0; 1.0;0; 0;0; 0; 
50.6311199665; 112030; 0.0; 0.0; -0.40338; 0.0; 0.0; 0.0; 0.0; 0.0; 0.0; 0.0; 0.0; 0.0; 0.0; 0.0; 0.0; 0.0; 0.0; 3.5; 1.49; 6.59; 3.91; 25.0; -25.0; 0.0; 0; 0; 0.0; 0.0; 1; 4.41183303425; 3.27883318714; -2.83233098797; 0; 0; 0; 0; 0.0; 0.0; 0.0; -1.0; 0.0; 0.0; 0.0; 0.0; 0.0; 1.0;0; 0;0; 0; 
50.6420640945; 112030; 0.0; 0.0; -0.40354; 0.0; 0.0; 0.0; 0.0; 0.0; 0.0; 0.0; 0.0; 0.0; 0.0; 0.0; 0.0; 0.0; 0.0; 3.5; 1.49; 6.59; 3.91; 25.0; -25.0; 0.0; 0; 0; 0.0; 0.0; 1; 4.41183303425; 3.27883318714; -2.83233098797; 0; 0; 0; 0; 0.0; 0.0; 0.0; -1.0; 0.0; 0.0; 0.0; 0.0; 0.0; 1.0;0; 0;0; 0; 
50.6530070305; 112040; 0.0; 0.0; -0.40349; 0.0; 0.0; 0.0; 0.0; 0.0; 0.0; 0.0; 0.0; 0.0; 0.0; 0.0; 0.0; 0.0; 0.0; 3.5; 1.49; 6.59; 3.91; 25.0; -25.0; 0.0; 0; 0; 0.0; 0.0; 1; 4.41183303425; 3.27883318714; -2.83233098797; 0; 0; 0; 0; 0.0; 0.0; 0.0; -1.0; 0.0; 0.0; 0.0; 0.0; 0.0; 1.0;0; 0;0; 0; 
50.664098978; 112040; 0.0; 0.0; -0.40318; 0.0; 0.0; 0.0; 0.0; 0.0; 0.0; 0.0; 0.0; 0.0; 0.0; 0.0; 0.0; 0.0; 0.0; 3.5; 1.49; 6.59; 3.91; 25.0; -25.0; 0.0; 0; 0; 0.0; 0.0; 1; 4.41183303425; 3.27883318714; -2.83233098797; 0; 0; 0; 0; 0.0; 0.0; 0.0; -1.0; 0.0; 0.0; 0.0; 0.0; 0.0; 1.0;0; 0;0; 0; 
50.6750230789; 112050; 0.0; 0.0; -0.40275; 0.0; 0.0; 0.0; 0.0; 0.0; 0.0; 0.0; 0.0; 0.0; 0.0; 0.0; 0.0; 0.0; 0.0; 3.5; 1.49; 6.59; 3.91; 25.0; -25.0; 0.0; 0; 0; 0.0; 0.0; 1; 4.41183303425; 3.27883318714; -2.83233098797; 0; 0; 0; 0; 0.0; 0.0; 0.0; -1.0; 0.0; 0.0; 0.0; 0.0; 0.0; 1.0;0; 0;0; 0; 
50.6862330437; 112050; 0.0; 0.0; -0.4023; 0.0; 0.0; 0.0; 0.0; 0.0; 0.0; 0.0; 0.0; 0.0; 0.0; 0.0; 0.0; 0.0; 0.0; 3.5; 1.49; 6.59; 3.91; 25.0; -25.0; 0.0; 0; 0; 0.0; 0.0; 1; 4.41183303425; 3.27883318714; -2.83233098797; 0; 0; 0; 0; 0.0; 0.0; 0.0; -1.0; 0.0; 0.0; 0.0; 0.0; 0.0; 1.0;0; 0;0; 0; 
50.6969180107; 112060; 0.0; 0.0; -0.40193; 0.0; 0.0; 0.0; 0.0; 0.0; 0.0; 0.0; 0.0; 0.0; 0.0; 0.0; 0.0; 0.0; 0.0; 3.5; 1.49; 6.59; 3.91; 25.0; -25.0; 0.0; 0; 0; 0.0; 0.0; 1; 4.41183303425; 3.27883318714; -2.83233098797; 0; 0; 0; 0; 0.0; 0.0; 0.0; -1.0; 0.0; 0.0; 0.0; 0.0; 0.0; 1.0;0; 0;0; 0; 
50.7079150677; 112060; 0.0; 0.0; -0.40165; 0.0; 0.0; 0.0; 0.0; 0.0; 0.0; 0.0; 0.0; 0.0; 0.0; 0.0; 0.0; 0.0; 0.0; 3.5; 1.49; 6.59; 3.91; 25.0; -25.0; 0.0; 0; 0; 0.0; 0.0; 1; 4.41183303425; 3.27883318714; -2.83233098797; 0; 0; 0; 0; 0.0; 0.0; 0.0; -1.0; 0.0; 0.0; 0.0; 0.0; 0.0; 1.0;0; 0;0; 0; 
50.7186150551; 112070; 0.0; 0.0; -0.40146; 0.0; 0.0; 0.0; 0.0; 0.0; 0.0; 0.0; 0.0; 0.0; 0.0; 0.0; 0.0; 0.0; 0.0; 3.5; 1.49; 6.59; 3.91; 25.0; -25.0; 0.0; 0; 0; 0.0; 0.0; 1; 4.41183303425; 3.27883318714; -2.83233098797; 0; 0; 0; 0; 0.0; 0.0; 0.0; -1.0; 0.0; 0.0; 0.0; 0.0; 0.0; 1.0;0; 0;0; 0; 
50.7299599648; 112070; 0.0; 0.0; -0.40142; 0.0; 0.0; 0.0; 0.0; 0.0; 0.0; 0.0; 0.0; 0.0; 0.0; 0.0; 0.0; 0.0; 0.0; 3.5; 1.49; 6.59; 3.91; 25.0; -25.0; 0.0; 0; 0; 0.0; 0.0; 1; 4.41183303425; 3.27883318714; -2.83233098797; 0; 0; 0; 0; 0.0; 0.0; 0.0; -1.0; 0.0; 0.0; 0.0; 0.0; 0.0; 1.0;0; 0;0; 0; 
50.7408092022; 112080; 0.0; 0.0; -0.40151; 0.0; 0.0; 0.0; 0.0; 0.0; 0.0; 0.0; 0.0; 0.0; 0.0; 0.0; 0.0; 0.0; 0.0; 3.5; 1.49; 6.59; 3.91; 25.0; -25.0; 0.0; 0; 0; 0.0; 0.0; 1; 4.41183303425; 3.27883318714; -2.83233098797; 0; 0; 0; 0; 0.0; 0.0; 0.0; -1.0; 0.0; 0.0; 0.0; 0.0; 0.0; 1.0;0; 0;0; 0; 
50.75238204; 112080; 0.0; 0.0; -0.40155; 0.0; 0.0; 0.0; 0.0; 0.0; 0.0; 0.0; 0.0; 0.0; 0.0; 0.0; 0.0; 0.0; 0.0; 3.5; 1.49; 6.59; 3.91; 25.0; -25.0; 0.0; 0; 0; 0.0; 0.0; 1; 4.41183303425; 3.27883318714; -2.83233098797; 0; 0; 0; 0; 0.0; 0.0; 0.0; -1.0; 0.0; 0.0; 0.0; 0.0; 0.0; 1.0;0; 0;0; 0; 
50.7633020878; 112090; 0.0; 0.0; -0.40155; 0.0; 0.0; 0.0; 0.0; 0.0; 0.0; 0.0; 0.0; 0.0; 0.0; 0.0; 0.0; 0.0; 0.0; 3.56; 1.5; 5.11; 3.93; 25.0; -25.0; 0.0; 0; 0; 0.0; 0.0; 1; 4.41183303425; 3.27883318714; -2.83233098797; 0; 0; 0; 0; 0.0; 0.0; 0.0; -1.0; 0.0; 0.0; 0.0; 0.0; 0.0; 1.0;0; 0;0; 0; 
50.7741479874; 112090; 0.0; 0.0; -0.40142; 0.0; 0.0; 0.0; 0.0; 0.0; 0.0; 0.0; 0.0; 0.0; 0.0; 0.0; 0.0; 0.0; 0.0; 3.56; 1.5; 5.11; 3.93; 25.0; -25.0; 0.0; 0; 0; 0.0; 0.0; 1; 4.41183303425; 3.27883318714; -2.83233098797; 0; 0; 0; 0; 0.0; 0.0; 0.0; -1.0; 0.0; 0.0; 0.0; 0.0; 0.0; 1.0;0; 0;0; 0; 
50.7852871418; 112100; 0.0; 0.0; -0.40125; 0.0; 0.0; 0.0; 0.0; 0.0; 0.0; 0.0; 0.0; 0.0; 0.0; 0.0; 0.0; 0.0; 0.0; 3.56; 1.5; 5.11; 3.93; 25.0; -25.0; 0.0; 0; 0; 0.0; 0.0; 1; 4.41183303425; 3.27883318714; -2.83233098797; 0; 0; 0; 0; 0.0; 0.0; 0.0; -1.0; 0.0; 0.0; 0.0; 0.0; 0.0; 1.0;0; 0;0; 0; 
50.7963540554; 112100; 0.0; 0.0; -0.40102; 0.0; 0.0; 0.0; 0.0; 0.0; 0.0; 0.0; 0.0; 0.0; 0.0; 0.0; 0.0; 0.0; 0.0; 3.56; 1.5; 5.11; 3.93; 25.0; -25.0; 0.0; 0; 0; 0.0; 0.0; 1; 4.41183303425; 3.27883318714; -2.83233098797; 0; 0; 0; 0; 0.0; 0.0; 0.0; -1.0; 0.0; 0.0; 0.0; 0.0; 0.0; 1.0;0; 0;0; 0; 
50.8071429729; 112110; 0.0; 0.0; -0.40075; 0.0; 0.0; 0.0; 0.0; 0.0; 0.0; 0.0; 0.0; 0.0; 0.0; 0.0; 0.0; 0.0; 0.0; 3.56; 1.5; 5.11; 3.93; 25.0; -25.0; 0.0; 0; 0; 0.0; 0.0; 1; 4.41183303425; 3.27883318714; -2.83233098797; 0; 0; 0; 0; 0.0; 0.0; 0.0; -1.0; 0.0; 0.0; 0.0; 0.0; 0.0; 1.0;0; 0;0; 0; 
50.8182141781; 112110; 0.0; 0.0; -0.40046; 0.0; 0.0; 0.0; 0.0; 0.0; 0.0; 0.0; 0.0; 0.0; 0.0; 0.0; 0.0; 0.0; 0.0; 3.56; 1.5; 5.11; 3.93; 25.0; -25.0; 0.0; 0; 0; 0.0; 0.0; 1; 4.36566077941; 3.26312566012; -2.79089273458; 0; 0; 0; 0; 0.0; 0.0; 0.0; -1.0; 0.0; 0.0; 0.0; 0.0; 0.0; 1.0;0; 0;0; 0; 
50.8291740417; 112120; 0.0; 0.0; -0.40014; 0.0; 0.0; 0.0; 0.0; 0.0; 0.0; 0.0; 0.0; 0.0; 0.0; 0.0; 0.0; 0.0; 0.0; 3.56; 1.5; 5.11; 3.93; 25.0; -25.0; 0.0; 0; 0; 0.0; 0.0; 1; 4.36566077941; 3.26312566012; -2.79089273458; 0; 0; 0; 0; 0.0; 0.0; 0.0; -1.0; 0.0; 0.0; 0.0; 0.0; 0.0; 1.0;0; 0;0; 0; 
50.8406400681; 112120; 0.0; 0.0; -0.39984; 0.0; 0.0; 0.0; 0.0; 0.0; 0.0; 0.0; 0.0; 0.0; 0.0; 0.0; 0.0; 0.0; 0.0; 3.56; 1.5; 5.11; 3.93; 25.0; -25.0; 0.0; 0; 0; 0.0; 0.0; 1; 4.36566077941; 3.26312566012; -2.79089273458; 0; 0; 0; 0; 0.0; 0.0; 0.0; -1.0; 0.0; 0.0; 0.0; 0.0; 0.0; 1.0;0; 0;0; 0; 
50.851500988; 112130; 0.0; 0.0; -0.39955; 0.0; 0.0; 0.0; 0.0; 0.0; 0.0; 0.0; 0.0; 0.0; 0.0; 0.0; 0.0; 0.0; 0.0; 3.56; 1.5; 5.11; 3.93; 25.0; -25.0; 0.0; 0; 0; 0.0; 0.0; 1; 4.36566077941; 3.26312566012; -2.79089273458; 0; 0; 0; 0; 0.0; 0.0; 0.0; -1.0; 0.0; 0.0; 0.0; 0.0; 0.0; 1.0;0; 0;0; 0; 
50.8621771336; 112130; 0.0; 0.0; -0.39922; 0.0; 0.0; 0.0; 0.0; 0.0; 0.0; 0.0; 0.0; 0.0; 0.0; 0.0; 0.0; 0.0; 0.0; 3.56; 1.5; 5.11; 3.93; 25.0; -25.0; 0.0; 0; 0; 0.0; 0.0; 1; 4.36566077941; 3.26312566012; -2.79089273458; 0; 0; 0; 0; 0.0; 0.0; 0.0; -1.0; 0.0; 0.0; 0.0; 0.0; 0.0; 1.0;0; 0;0; 0; 
50.873237133; 112140; 0.0; 0.0; -0.39889; 0.0; 0.0; 0.0; 0.0; 0.0; 0.0; 0.0; 0.0; 0.0; 0.0; 0.0; 0.0; 0.0; 0.0; 3.56; 1.5; 5.11; 3.93; 25.0; -25.0; 0.0; 0; 0; 0.0; 0.0; 1; 4.36566077941; 3.26312566012; -2.79089273458; 0; 0; 0; 0; 0.0; 0.0; 0.0; -1.0; 0.0; 0.0; 0.0; 0.0; 0.0; 1.0;0; 0;0; 0; 
50.8842141628; 112140; 0.0; 0.0; -0.39852; 0.0; 0.0; 0.0; 0.0; 0.0; 0.0; 0.0; 0.0; 0.0; 0.0; 0.0; 0.0; 0.0; 0.0; 3.56; 1.5; 5.11; 3.93; 25.0; -25.0; 0.0; 0; 0; 0.0; 0.0; 1; 4.36566077941; 3.26312566012; -2.79089273458; 0; 0; 0; 0; 0.0; 0.0; 0.0; -1.0; 0.0; 0.0; 0.0; 0.0; 0.0; 1.0;0; 0;0; 0; 
50.8947451115; 112150; 0.0; 0.0; -0.39821; 0.0; 0.0; 0.0; 0.0; 0.0; 0.0; 0.0; 0.0; 0.0; 0.0; 0.0; 0.0; 0.0; 0.0; 3.56; 1.5; 5.11; 3.93; 25.0; -25.0; 0.0; 0; 0; 0.0; 0.0; 1; 4.36566077941; 3.26312566012; -2.79089273458; 0; 0; 0; 0; 0.0; 0.0; 0.0; -1.0; 0.0; 0.0; 0.0; 0.0; 0.0; 1.0;0; 0;0; 0; 
50.9057190418; 112150; 0.0; 0.0; -0.39791; 0.0; 0.0; 0.0; 0.0; 0.0; 0.0; 0.0; 0.0; 0.0; 0.0; 0.0; 0.0; 0.0; 0.0; 3.56; 1.5; 5.11; 3.93; 25.0; -25.0; 0.0; 0; 0; 0.0; 0.0; 1; 4.36566077941; 3.26312566012; -2.79089273458; 0; 0; 0; 0; 0.0; 0.0; 0.0; -1.0; 0.0; 0.0; 0.0; 0.0; 0.0; 1.0;0; 0;0; 0; 
50.9167251587; 112160; 0.0; 0.0; -0.39765; 0.0; 0.0; 0.0; 0.0; 0.0; 0.0; 0.0; 0.0; 0.0; 0.0; 0.0; 0.0; 0.0; 0.0; 3.56; 1.5; 5.11; 3.93; 25.0; -25.0; 0.0; 0; 0; 0.0; 0.0; 1; 4.36566077941; 3.26312566012; -2.79089273458; 0; 0; 0; 0; 0.0; 0.0; 0.0; -1.0; 0.0; 0.0; 0.0; 0.0; 0.0; 1.0;0; 0;0; 0; 
50.9278151989; 112160; 0.0; 0.0; -0.39745; 0.0; 0.0; 0.0; 0.0; 0.0; 0.0; 0.0; 0.0; 0.0; 0.0; 0.0; 0.0; 0.0; 0.0; 3.56; 1.5; 5.11; 3.93; 25.0; -25.0; 0.0; 0; 0; 0.0; 0.0; 1; 4.36566077941; 3.26312566012; -2.79089273458; 0; 0; 0; 0; 0.0; 0.0; 0.0; -1.0; 0.0; 0.0; 0.0; 0.0; 0.0; 1.0;0; 0;0; 0; 
50.9386451244; 112170; 0.0; 0.0; -0.3973; 0.0; 0.0; 0.0; 0.0; 0.0; 0.0; 0.0; 0.0; 0.0; 0.0; 0.0; 0.0; 0.0; 0.0; 3.56; 1.5; 5.11; 3.93; 25.0; -25.0; 0.0; 0; 0; 0.0; 0.0; 1; 4.36566077941; 3.26312566012; -2.79089273458; 0; 0; 0; 0; 0.0; 0.0; 0.0; -1.0; 0.0; 0.0; 0.0; 0.0; 0.0; 1.0;0; 0;0; 0; 
50.9493260384; 112170; 0.0; 0.0; -0.39729; 0.0; 0.0; 0.0; 0.0; 0.0; 0.0; 0.0; 0.0; 0.0; 0.0; 0.0; 0.0; 0.0; 0.0; 3.56; 1.5; 5.11; 3.93; 25.0; -25.0; 0.0; 0; 0; 0.0; 0.0; 1; 4.36566077941; 3.26312566012; -2.79089273458; 0; 0; 0; 0; 0.0; 0.0; 0.0; -1.0; 0.0; 0.0; 0.0; 0.0; 0.0; 1.0;0; 0;0; 0; 
50.9599051476; 112180; 0.0; 0.0; -0.3975; 0.0; 0.0; 0.0; 0.0; 0.0; 0.0; 0.0; 0.0; 0.0; 0.0; 0.0; 0.0; 0.0; 0.0; 3.56; 1.5; 5.11; 3.93; 25.0; -25.0; 0.0; 0; 0; 0.0; 0.0; 1; 4.36566077941; 3.26312566012; -2.79089273458; 0; 0; 0; 0; 0.0; 0.0; 0.0; -1.0; 0.0; 0.0; 0.0; 0.0; 0.0; 1.0;0; 0;0; 0; 
50.970687151; 112180; 0.0; 0.0; -0.39791; 0.0; 0.0; 0.0; 0.0; 0.0; 0.0; 0.0; 0.0; 0.0; 0.0; 0.0; 0.0; 0.0; 0.0; 3.56; 1.5; 5.11; 3.93; 25.0; -25.0; 0.0; 0; 0; 0.0; 0.0; 1; 4.36566077941; 3.26312566012; -2.79089273458; 0; 0; 0; 0; 0.0; 0.0; 0.0; -1.0; 0.0; 0.0; 0.0; 0.0; 0.0; 1.0;0; 0;0; 0; 
50.9816930294; 112190; 0.0; 0.0; -0.39858; 0.0; 0.0; 0.0; 0.0; 0.0; 0.0; 0.0; 0.0; 0.0; 0.0; 0.0; 0.0; 0.0; 0.0; 3.56; 1.53; 5.13; 3.87; 25.0; -25.0; 0.0; 0; 0; 0.0; 0.0; 1; 4.36566077941; 3.26312566012; -2.79089273458; 0; 0; 0; 0; 0.0; 0.0; 0.0; -1.0; 0.0; 0.0; 0.0; 0.0; 0.0; 1.0;0; 0;0; 0; 
50.995347023; 112190; 0.0; 0.0; -0.39954; 0.0; 0.0; 0.0; 0.0; 0.0; 0.0; 0.0; 0.0; 0.0; 0.0; 0.0; 0.0; 0.0; 0.0; 3.56; 1.53; 5.13; 3.87; 25.0; -25.0; 0.0; 0; 0; 0.0; 0.0; 1; 4.36566077941; 3.26312566012; -2.79089273458; 0; 0; 0; 0; 0.0; 0.0; 0.0; -1.0; 0.0; 0.0; 0.0; 0.0; 0.0; 1.0;0; 0;0; 0; 
51.0040590763; 112200; 0.0; 0.0; -0.40075; 0.0; 0.0; 0.0; 0.0; 0.0; 0.0; 0.0; 0.0; 0.0; 0.0; 0.0; 0.0; 0.0; 0.0; 3.56; 1.53; 5.13; 3.87; 25.0; -25.0; 0.0; 0; 0; 0.0; 0.0; 1; 4.36566077941; 3.26312566012; -2.79089273458; 0; 0; 0; 0; 0.0; 0.0; 0.0; -1.0; 0.0; 0.0; 0.0; 0.0; 0.0; 1.0;0; 0;0; 0; 
51.0146000385; 112200; 0.0; 0.0; -0.40213; 0.0; 0.0; 0.0; 0.0; 0.0; 0.0; 0.0; 0.0; 0.0; 0.0; 0.0; 0.0; 0.0; 0.0; 3.56; 1.53; 5.13; 3.87; 25.0; -25.0; 0.0; 0; 0; 0.0; 0.0; 1; 4.36566077941; 3.26312566012; -2.79089273458; 0; 0; 0; 0; 0.0; 0.0; 0.0; -1.0; 0.0; 0.0; 0.0; 0.0; 0.0; 1.0;0; 0;0; 0; 
51.0258581638; 112210; 0.0; 0.0; -0.4035; 0.0; 0.0; 0.0; 0.0; 0.0; 0.0; 0.0; 0.0; 0.0; 0.0; 0.0; 0.0; 0.0; 0.0; 3.56; 1.53; 5.13; 3.87; 25.0; -25.0; 0.0; 0; 0; 0.0; 0.0; 1; 4.36566077941; 3.26312566012; -2.79089273458; 0; 0; 0; 0; 0.0; 0.0; 0.0; -1.0; 0.0; 0.0; 0.0; 0.0; 0.0; 1.0;0; 0;0; 0; 
51.0368990898; 112210; 0.0; 0.0; -0.40477; 0.0; 0.0; 0.0; 0.0; 0.0; 0.0; 0.0; 0.0; 0.0; 0.0; 0.0; 0.0; 0.0; 0.0; 3.56; 1.53; 5.13; 3.87; 25.0; -25.0; 0.0; 0; 0; 0.0; 0.0; 1; 4.32153494831; 3.24605957452; -2.74988241384; 0; 0; 0; 0; 0.0; 0.0; 0.0; -1.0; 0.0; 0.0; 0.0; 0.0; 0.0; 1.0;0; 0;0; 0; 
51.0482041836; 112220; 0.0; 0.0; -0.4058; 0.0; 0.0; 0.0; 0.0; 0.0; 0.0; 0.0; 0.0; 0.0; 0.0; 0.0; 0.0; 0.0; 0.0; 3.56; 1.53; 5.13; 3.87; 25.0; -25.0; 0.0; 0; 0; 0.0; 0.0; 1; 4.32153494831; 3.24605957452; -2.74988241384; 0; 0; 0; 0; 0.0; 0.0; 0.0; -1.0; 0.0; 0.0; 0.0; 0.0; 0.0; 1.0;0; 0;0; 0; 
51.0631580353; 112220; 0.0; 0.0; -0.40649; 0.0; 0.0; 0.0; 0.0; 0.0; 0.0; 0.0; 0.0; 0.0; 0.0; 0.0; 0.0; 0.0; 0.0; 3.56; 1.53; 5.13; 3.87; 25.0; -25.0; 0.0; 0; 0; 0.0; 0.0; 1; 4.32153494831; 3.24605957452; -2.74988241384; 0; 0; 0; 0; 0.0; 0.0; 0.0; -1.0; 0.0; 0.0; 0.0; 0.0; 0.0; 1.0;0; 0;0; 0; 
51.0740761757; 112230; 0.0; 0.0; -0.40685; 0.0; 0.0; 0.0; 0.0; 0.0; 0.0; 0.0; 0.0; 0.0; 0.0; 0.0; 0.0; 0.0; 0.0; 3.56; 1.53; 5.13; 3.87; 25.0; -25.0; 0.0; 0; 0; 0.0; 0.0; 1; 4.32153494831; 3.24605957452; -2.74988241384; 0; 0; 0; 0; 0.0; 0.0; 0.0; -1.0; 0.0; 0.0; 0.0; 0.0; 0.0; 1.0;0; 0;0; 0; 
51.0847361088; 112230; 0.0; 0.0; -0.40684; 0.0; 0.0; 0.0; 0.0; 0.0; 0.0; 0.0; 0.0; 0.0; 0.0; 0.0; 0.0; 0.0; 0.0; 3.56; 1.53; 5.13; 3.87; 25.0; -25.0; 0.0; 0; 0; 0.0; 0.0; 1; 4.32153494831; 3.24605957452; -2.74988241384; 0; 0; 0; 0; 0.0; 0.0; 0.0; -1.0; 0.0; 0.0; 0.0; 0.0; 0.0; 1.0;0; 0;0; 0; 
51.0957520008; 112240; 0.0; 0.0; -0.40655; 0.0; 0.0; 0.0; 0.0; 0.0; 0.0; 0.0; 0.0; 0.0; 0.0; 0.0; 0.0; 0.0; 0.0; 3.56; 1.53; 5.13; 3.87; 25.0; -25.0; 0.0; 0; 0; 0.0; 0.0; 1; 4.32153494831; 3.24605957452; -2.74988241384; 0; 0; 0; 0; 0.0; 0.0; 0.0; -1.0; 0.0; 0.0; 0.0; 0.0; 0.0; 1.0;0; 0;0; 0; 
51.1062650681; 112240; 0.0; 0.0; -0.40614; 0.0; 0.0; 0.0; 0.0; 0.0; 0.0; 0.0; 0.0; 0.0; 0.0; 0.0; 0.0; 0.0; 0.0; 3.56; 1.53; 5.13; 3.87; 25.0; -25.0; 0.0; 0; 0; 0.0; 0.0; 1; 4.32153494831; 3.24605957452; -2.74988241384; 0; 0; 0; 0; 0.0; 0.0; 0.0; -1.0; 0.0; 0.0; 0.0; 0.0; 0.0; 1.0;0; 0;0; 0; 
51.1170229912; 112250; 0.0; 0.0; -0.40563; 0.0; 0.0; 0.0; 0.0; 0.0; 0.0; 0.0; 0.0; 0.0; 0.0; 0.0; 0.0; 0.0; 0.0; 3.56; 1.53; 5.13; 3.87; 25.0; -25.0; 0.0; 0; 0; 0.0; 0.0; 1; 4.32153494831; 3.24605957452; -2.74988241384; 0; 0; 0; 0; 0.0; 0.0; 0.0; -1.0; 0.0; 0.0; 0.0; 0.0; 0.0; 1.0;0; 0;0; 0; 
51.1293261051; 112250; 0.0; 0.0; -0.40508; 0.0; 0.0; 0.0; 0.0; 0.0; 0.0; 0.0; 0.0; 0.0; 0.0; 0.0; 0.0; 0.0; 0.0; 3.56; 1.53; 5.13; 3.87; 25.0; -25.0; 0.0; 0; 0; 0.0; 0.0; 1; 4.32153494831; 3.24605957452; -2.74988241384; 0; 0; 0; 0; 0.0; 0.0; 0.0; -1.0; 0.0; 0.0; 0.0; 0.0; 0.0; 1.0;0; 0;0; 0; 
51.1397840977; 112260; 0.0; 0.0; -0.40454; 0.0; 0.0; 0.0; 0.0; 0.0; 0.0; 0.0; 0.0; 0.0; 0.0; 0.0; 0.0; 0.0; 0.0; 3.56; 1.53; 5.13; 3.87; 25.0; -25.0; 0.0; 0; 0; 0.0; 0.0; 1; 4.32153494831; 3.24605957452; -2.74988241384; 0; 0; 0; 0; 0.0; 0.0; 0.0; -1.0; 0.0; 0.0; 0.0; 0.0; 0.0; 1.0;0; 0;0; 0; 
51.1501221657; 112260; 0.0; 0.0; -0.404; 0.0; 0.0; 0.0; 0.0; 0.0; 0.0; 0.0; 0.0; 0.0; 0.0; 0.0; 0.0; 0.0; 0.0; 3.56; 1.53; 5.13; 3.87; 25.0; -25.0; 0.0; 0; 0; 0.0; 0.0; 1; 4.32153494831; 3.24605957452; -2.74988241384; 0; 0; 0; 0; 0.0; 0.0; 0.0; -1.0; 0.0; 0.0; 0.0; 0.0; 0.0; 1.0;0; 0;0; 0; 
51.1611711979; 112270; 0.0; 0.0; -0.40344; 0.0; 0.0; 0.0; 0.0; 0.0; 0.0; 0.0; 0.0; 0.0; 0.0; 0.0; 0.0; 0.0; 0.0; 3.56; 1.53; 5.13; 3.87; 25.0; -25.0; 0.0; 0; 0; 0.0; 0.0; 1; 4.32153494831; 3.24605957452; -2.74988241384; 0; 0; 0; 0; 0.0; 0.0; 0.0; -1.0; 0.0; 0.0; 0.0; 0.0; 0.0; 1.0;0; 0;0; 0; 
51.1727371216; 112280; 0.0; 0.0; -0.40276; 0.0; 0.0; 0.0; 0.0; 0.0; 0.0; 0.0; 0.0; 0.0; 0.0; 0.0; 0.0; 0.0; 0.0; 3.56; 1.53; 5.13; 3.87; 25.0; -25.0; 0.0; 0; 0; 0.0; 0.0; 1; 4.32153494831; 3.24605957452; -2.74988241384; 0; 0; 0; 0; 0.0; 0.0; 0.0; -1.0; 0.0; 0.0; 0.0; 0.0; 0.0; 1.0;0; 0;0; 0; 
51.1829161644; 112280; 0.0; 0.0; -0.40192; 0.0; 0.0; 0.0; 0.0; 0.0; 0.0; 0.0; 0.0; 0.0; 0.0; 0.0; 0.0; 0.0; 0.0; 3.56; 1.53; 5.13; 3.87; 25.0; -25.0; 0.0; 0; 0; 0.0; 0.0; 1; 4.32153494831; 3.24605957452; -2.74988241384; 0; 0; 0; 0; 0.0; 0.0; 0.0; -1.0; 0.0; 0.0; 0.0; 0.0; 0.0; 1.0;0; 0;0; 0; 
51.1939589977; 112290; 0.0; 0.0; -0.40096; 0.0; 0.0; 0.0; 0.0; 0.0; 0.0; 0.0; 0.0; 0.0; 0.0; 0.0; 0.0; 0.0; 0.0; 3.56; 1.53; 5.13; 3.87; 25.0; -25.0; 0.0; 0; 0; 0.0; 0.0; 1; 4.32153494831; 3.24605957452; -2.74988241384; 0; 0; 0; 0; 0.0; 0.0; 0.0; -1.0; 0.0; 0.0; 0.0; 0.0; 0.0; 1.0;0; 0;0; 0; 
51.2052621841; 112290; 0.0; 0.0; -0.3999; 0.0; 0.0; 0.0; 0.0; 0.0; 0.0; 0.0; 0.0; 0.0; 0.0; 0.0; 0.0; 0.0; 0.0; 3.54; 1.55; 6.67; 3.79; 25.0; -25.0; 0.0; 0; 0; 0.0; 0.0; 1; 4.32153494831; 3.24605957452; -2.74988241384; 0; 0; 0; 0; 0.0; 0.0; 0.0; -1.0; 0.0; 0.0; 0.0; 0.0; 0.0; 1.0;0; 0;0; 0; 
51.2158269882; 112300; 0.0; 0.0; -0.39882; 0.0; 0.0; 0.0; 0.0; 0.0; 0.0; 0.0; 0.0; 0.0; 0.0; 0.0; 0.0; 0.0; 0.0; 3.54; 1.55; 6.67; 3.79; 25.0; -25.0; 0.0; 0; 0; 0.0; 0.0; 1; 4.32153494831; 3.24605957452; -2.74988241384; 0; 0; 0; 0; 0.0; 0.0; 0.0; -1.0; 0.0; 0.0; 0.0; 0.0; 0.0; 1.0;0; 0;0; 0; 
51.2275221348; 112300; 0.0; 0.0; -0.39771; 0.0; 0.0; 0.0; 0.0; 0.0; 0.0; 0.0; 0.0; 0.0; 0.0; 0.0; 0.0; 0.0; 0.0; 3.54; 1.55; 6.67; 3.79; 25.0; -25.0; 0.0; 0; 0; 0.0; 0.0; 1; 4.32153494831; 3.24605957452; -2.74988241384; 0; 0; 0; 0; 0.0; 0.0; 0.0; -1.0; 0.0; 0.0; 0.0; 0.0; 0.0; 1.0;0; 0;0; 0; 
51.239328146; 112310; 0.0; 0.0; -0.39666; 0.0; 0.0; 0.0; 0.0; 0.0; 0.0; 0.0; 0.0; 0.0; 0.0; 0.0; 0.0; 0.0; 0.0; 3.54; 1.55; 6.67; 3.79; 25.0; -25.0; 0.0; 0; 0; 0.0; 0.0; 1; 4.32153494831; 3.24605957452; -2.74988241384; 0; 0; 0; 0; 0.0; 0.0; 0.0; -1.0; 0.0; 0.0; 0.0; 0.0; 0.0; 1.0;0; 0;0; 0; 
51.2505002022; 112310; 0.0; 0.0; -0.39576; 0.0; 0.0; 0.0; 0.0; 0.0; 0.0; 0.0; 0.0; 0.0; 0.0; 0.0; 0.0; 0.0; 0.0; 3.54; 1.55; 6.67; 3.79; 25.0; -25.0; 0.0; 0; 0; 0.0; 0.0; 1; 4.32153494831; 3.24605957452; -2.74988241384; 0; 0; 0; 0; 0.0; 0.0; 0.0; -1.0; 0.0; 0.0; 0.0; 0.0; 0.0; 1.0;0; 0;0; 0; 
51.2610230446; 112320; 0.0; 0.0; -0.39501; 0.0; 0.0; 0.0; 0.0; 0.0; 0.0; 0.0; 0.0; 0.0; 0.0; 0.0; 0.0; 0.0; 0.0; 3.54; 1.55; 6.67; 3.79; 25.0; -25.0; 0.0; 0; 0; 0.0; 0.0; 1; 4.27932680447; 3.22769884364; -2.70858206919; 0; 0; 0; 0; 0.0; 0.0; 0.0; -1.0; 0.0; 0.0; 0.0; 0.0; 0.0; 1.0;0; 0;0; 0; 
51.272755146; 112320; 0.0; 0.0; -0.39443; 0.0; 0.0; 0.0; 0.0; 0.0; 0.0; 0.0; 0.0; 0.0; 0.0; 0.0; 0.0; 0.0; 0.0; 3.54; 1.55; 6.67; 3.79; 25.0; -25.0; 0.0; 0; 0; 0.0; 0.0; 1; 4.27932680447; 3.22769884364; -2.70858206919; 0; 0; 0; 0; 0.0; 0.0; 0.0; -1.0; 0.0; 0.0; 0.0; 0.0; 0.0; 1.0;0; 0;0; 0; 
51.2841579914; 112330; 0.0; 0.0; -0.39391; 0.0; 0.0; 0.0; 0.0; 0.0; 0.0; 0.0; 0.0; 0.0; 0.0; 0.0; 0.0; 0.0; 0.0; 3.54; 1.55; 6.67; 3.79; 25.0; -25.0; 0.0; 0; 0; 0.0; 0.0; 1; 4.27932680447; 3.22769884364; -2.70858206919; 0; 0; 0; 0; 0.0; 0.0; 0.0; -1.0; 0.0; 0.0; 0.0; 0.0; 0.0; 1.0;0; 0;0; 0; 
51.2949991226; 112330; 0.0; 0.0; -0.39343; 0.0; 0.0; 0.0; 0.0; 0.0; 0.0; 0.0; 0.0; 0.0; 0.0; 0.0; 0.0; 0.0; 0.0; 3.54; 1.55; 6.67; 3.79; 25.0; -25.0; 0.0; 0; 0; 0.0; 0.0; 1; 4.27932680447; 3.22769884364; -2.70858206919; 0; 0; 0; 0; 0.0; 0.0; 0.0; -1.0; 0.0; 0.0; 0.0; 0.0; 0.0; 1.0;0; 0;0; 0; 
51.3060920238; 112340; 0.0; 0.0; -0.39292; 0.0; 0.0; 0.0; 0.0; 0.0; 0.0; 0.0; 0.0; 0.0; 0.0; 0.0; 0.0; 0.0; 0.0; 3.54; 1.55; 6.67; 3.79; 25.0; -25.0; 0.0; 0; 0; 0.0; 0.0; 1; 4.27932680447; 3.22769884364; -2.70858206919; 0; 0; 0; 0; 0.0; 0.0; 0.0; -1.0; 0.0; 0.0; 0.0; 0.0; 0.0; 1.0;0; 0;0; 0; 
51.3169810772; 112340; 0.0; 0.0; -0.39222; 0.0; 0.0; 0.0; 0.0; 0.0; 0.0; 0.0; 0.0; 0.0; 0.0; 0.0; 0.0; 0.0; 0.0; 3.54; 1.55; 6.67; 3.79; 25.0; -25.0; 0.0; 0; 0; 0.0; 0.0; 1; 4.27932680447; 3.22769884364; -2.70858206919; 0; 0; 0; 0; 0.0; 0.0; 0.0; -1.0; 0.0; 0.0; 0.0; 0.0; 0.0; 1.0;0; 0;0; 0; 
51.3280391693; 112350; 0.0; 0.0; -0.39123; 0.0; 0.0; 0.0; 0.0; 0.0; 0.0; 0.0; 0.0; 0.0; 0.0; 0.0; 0.0; 0.0; 0.0; 3.54; 1.55; 6.67; 3.79; 25.0; -25.0; 0.0; 0; 0; 0.0; 0.0; 1; 4.27932680447; 3.22769884364; -2.70858206919; 0; 0; 0; 0; 0.0; 0.0; 0.0; -1.0; 0.0; 0.0; 0.0; 0.0; 0.0; 1.0;0; 0;0; 0; 
51.3390500546; 112350; 0.0; 0.0; -0.38992; 0.0; 0.0; 0.0; 0.0; 0.0; 0.0; 0.0; 0.0; 0.0; 0.0; 0.0; 0.0; 0.0; 0.0; 3.54; 1.55; 6.67; 3.79; 25.0; -25.0; 0.0; 0; 0; 0.0; 0.0; 1; 4.27932680447; 3.22769884364; -2.70858206919; 0; 0; 0; 0; 0.0; 0.0; 0.0; -1.0; 0.0; 0.0; 0.0; 0.0; 0.0; 1.0;0; 0;0; 0; 
51.3499410152; 112360; 0.0; 0.0; -0.3884; 0.0; 0.0; 0.0; 0.0; 0.0; 0.0; 0.0; 0.0; 0.0; 0.0; 0.0; 0.0; 0.0; 0.0; 3.54; 1.55; 6.67; 3.79; 25.0; -25.0; 0.0; 0; 0; 0.0; 0.0; 1; 4.27932680447; 3.22769884364; -2.70858206919; 0; 0; 0; 0; 0.0; 0.0; 0.0; -1.0; 0.0; 0.0; 0.0; 0.0; 0.0; 1.0;0; 0;0; 0; 
51.3609039783; 112360; 0.0; 0.0; -0.38676; 0.0; 0.0; 0.0; 0.0; 0.0; 0.0; 0.0; 0.0; 0.0; 0.0; 0.0; 0.0; 0.0; 0.0; 3.54; 1.55; 6.67; 3.79; 25.0; -25.0; 0.0; 0; 0; 0.0; 0.0; 1; 4.27932680447; 3.22769884364; -2.70858206919; 0; 0; 0; 0; 0.0; 0.0; 0.0; -1.0; 0.0; 0.0; 0.0; 0.0; 0.0; 1.0;0; 0;0; 0; 
51.3723781109; 112370; 0.0; 0.0; -0.38506; 0.0; 0.0; 0.0; 0.0; 0.0; 0.0; 0.0; 0.0; 0.0; 0.0; 0.0; 0.0; 0.0; 0.0; 3.54; 1.55; 6.67; 3.79; 25.0; -25.0; 0.0; 0; 0; 0.0; 0.0; 1; 4.27932680447; 3.22769884364; -2.70858206919; 0; 0; 0; 0; 0.0; 0.0; 0.0; -1.0; 0.0; 0.0; 0.0; 0.0; 0.0; 1.0;0; 0;0; 0; 
51.3831970692; 112370; 0.0; 0.0; -0.38357; 0.0; 0.0; 0.0; 0.0; 0.0; 0.0; 0.0; 0.0; 0.0; 0.0; 0.0; 0.0; 0.0; 0.0; 3.54; 1.55; 6.67; 3.79; 25.0; -25.0; 0.0; 0; 0; 0.0; 0.0; 1; 4.27932680447; 3.22769884364; -2.70858206919; 0; 0; 0; 0; 0.0; 0.0; 0.0; -1.0; 0.0; 0.0; 0.0; 0.0; 0.0; 1.0;0; 0;0; 0; 
51.3942229748; 112380; 0.0; 0.0; -0.38254; 0.0; 0.0; 0.0; 0.0; 0.0; 0.0; 0.0; 0.0; 0.0; 0.0; 0.0; 0.0; 0.0; 0.0; 3.54; 1.55; 6.67; 3.79; 25.0; -25.0; 0.0; 0; 0; 0.0; 0.0; 1; 4.27932680447; 3.22769884364; -2.70858206919; 0; 0; 0; 0; 0.0; 0.0; 0.0; -1.0; 0.0; 0.0; 0.0; 0.0; 0.0; 1.0;0; 0;0; 0; 
51.4053339958; 112380; 0.0; 0.0; -0.38206; 0.0; 0.0; 0.0; 0.0; 0.0; 0.0; 0.0; 0.0; 0.0; 0.0; 0.0; 0.0; 0.0; 0.0; 3.54; 1.55; 6.67; 3.79; 25.0; -25.0; 0.0; 0; 0; 0.0; 0.0; 1; 4.27932680447; 3.22769884364; -2.70858206919; 0; 0; 0; 0; 0.0; 0.0; 0.0; -1.0; 0.0; 0.0; 0.0; 0.0; 0.0; 1.0;0; 0;0; 0; 
51.4164450169; 112390; 0.0; 0.0; -0.38216; 0.0; 0.0; 0.0; 0.0; 0.0; 0.0; 0.0; 0.0; 0.0; 0.0; 0.0; 0.0; 0.0; 0.0; 3.54; 1.55; 6.67; 3.79; 25.0; -25.0; 0.0; 0; 0; 0.0; 0.0; 1; 4.27932680447; 3.22769884364; -2.70858206919; 0; 0; 0; 0; 0.0; 0.0; 0.0; -1.0; 0.0; 0.0; 0.0; 0.0; 0.0; 1.0;0; 0;0; 0; 
51.4271321297; 112390; 0.0; 0.0; -0.38283; 0.0; 0.0; 0.0; 0.0; 0.0; 0.0; 0.0; 0.0; 0.0; 0.0; 0.0; 0.0; 0.0; 0.0; 3.49; 1.55; 4.77; 3.7; 0.0; 0.0; 0.0; 0; 0; 0.0; 0.0; 1; 4.27932680447; 3.22769884364; -2.70858206919; 0; 0; 0; 0; 0.0; 0.0; 0.0; -1.0; 0.0; 0.0; 0.0; 0.0; 0.0; 1.0;0; 0;0; 0; 
51.438024044; 112400; 0.0; 0.0; -0.38406; 0.0; 0.0; 0.0; 0.0; 0.0; 0.0; 0.0; 0.0; 0.0; 0.0; 0.0; 0.0; 0.0; 0.0; 3.49; 1.55; 4.77; 3.7; 0.0; 0.0; 0.0; 0; 0; 0.0; 0.0; 1; 4.27932680447; 3.22769884364; -2.70858206919; 0; 0; 0; 0; 0.0; 0.0; 0.0; -1.0; 0.0; 0.0; 0.0; 0.0; 0.0; 1.0;0; 0;0; 0; 
51.4490451813; 112400; 0.0; 0.0; -0.38578; 0.0; 0.0; 0.0; 0.0; 0.0; 0.0; 0.0; 0.0; 0.0; 0.0; 0.0; 0.0; 0.0; 0.0; 3.49; 1.55; 4.77; 3.7; 0.0; 0.0; 0.0; 0; 0; 0.0; 0.0; 1; 4.27932680447; 3.22769884364; -2.70858206919; 0; 0; 0; 0; 0.0; 0.0; 0.0; -1.0; 0.0; 0.0; 0.0; 0.0; 0.0; 1.0;0; 0;0; 0; 
51.4603841305; 112410; 0.0; 0.0; -0.38776; 0.0; 0.0; 0.0; 0.0; 0.0; 0.0; 0.0; 0.0; 0.0; 0.0; 0.0; 0.0; 0.0; 0.0; 3.49; 1.55; 4.77; 3.7; 0.0; 0.0; 0.0; 0; 0; 0.0; 0.0; 1; 4.27932680447; 3.22769884364; -2.70858206919; 0; 0; 0; 0; 0.0; 0.0; 0.0; -1.0; 0.0; 0.0; 0.0; 0.0; 0.0; 1.0;0; 0;0; 0; 
51.470785141; 112410; 0.0; 0.0; -0.38991; 0.0; 0.0; 0.0; 0.0; 0.0; 0.0; 0.0; 0.0; 0.0; 0.0; 0.0; 0.0; 0.0; 0.0; 3.49; 1.55; 4.77; 3.7; 0.0; 0.0; 0.0; 0; 0; 0.0; 0.0; 1; 4.27932680447; 3.22769884364; -2.70858206919; 0; 0; 0; 0; 0.0; 0.0; 0.0; -1.0; 0.0; 0.0; 0.0; 0.0; 0.0; 1.0;0; 0;0; 0; 
51.4817421436; 112420; 0.0; 0.0; -0.39208; 0.0; 0.0; 0.0; 0.0; 0.0; 0.0; 0.0; 0.0; 0.0; 0.0; 0.0; 0.0; 0.0; 0.0; 3.49; 1.55; 4.77; 3.7; 0.0; 0.0; 0.0; 0; 0; 0.0; 0.0; 1; 4.23718516337; 3.20728143508; -2.66950607023; 0; 0; 0; 0; 0.0; 0.0; 0.0; -1.0; 0.0; 0.0; 0.0; 0.0; 0.0; 1.0;0; 0;0; 0; 
51.4924709797; 112420; 0.0; 0.0; -0.39393; 0.0; 0.0; 0.0; 0.0; 0.0; 0.0; 0.0; 0.0; 0.0; 0.0; 0.0; 0.0; 0.0; 0.0; 3.49; 1.55; 4.77; 3.7; 0.0; 0.0; 0.0; 0; 0; 0.0; 0.0; 1; 4.23718516337; 3.20728143508; -2.66950607023; 0; 0; 0; 0; 0.0; 0.0; 0.0; -1.0; 0.0; 0.0; 0.0; 0.0; 0.0; 1.0;0; 0;0; 0; 
51.5040850639; 112430; 0.0; 0.0; -0.39521; 0.0; 0.0; 0.0; 0.0; 0.0; 0.0; 0.0; 0.0; 0.0; 0.0; 0.0; 0.0; 0.0; 0.0; 3.49; 1.55; 4.77; 3.7; 0.0; 0.0; 0.0; 0; 0; 0.0; 0.0; 1; 4.23718516337; 3.20728143508; -2.66950607023; 0; 0; 0; 0; 0.0; 0.0; 0.0; -1.0; 0.0; 0.0; 0.0; 0.0; 0.0; 1.0;0; 0;0; 0; 
51.5145699978; 112430; 0.0; 0.0; -0.39549; 0.0; 0.0; 0.0; 0.0; 0.0; 0.0; 0.0; 0.0; 0.0; 0.0; 0.0; 0.0; 0.0; 0.0; 3.49; 1.55; 4.77; 3.7; 0.0; 0.0; 0.0; 0; 0; 0.0; 0.0; 1; 4.23718516337; 3.20728143508; -2.66950607023; 0; 0; 0; 0; 0.0; 0.0; 0.0; -1.0; 0.0; 0.0; 0.0; 0.0; 0.0; 1.0;0; 0;0; 0; 
51.5250871181; 112440; 0.0; 0.0; -0.39456; 0.0; 0.0; 0.0; 0.0; 0.0; 0.0; 0.0; 0.0; 0.0; 0.0; 0.0; 0.0; 0.0; 0.0; 3.49; 1.55; 4.77; 3.7; 0.0; 0.0; 0.0; 0; 0; 0.0; 0.0; 1; 4.23718516337; 3.20728143508; -2.66950607023; 0; 0; 0; 0; 0.0; 0.0; 0.0; -1.0; 0.0; 0.0; 0.0; 0.0; 0.0; 1.0;0; 0;0; 0; 
51.53642416; 112440; 0.0; 0.0; -0.39225; 0.0; 0.0; 0.0; 0.0; 0.0; 0.0; 0.0; 0.0; 0.0; 0.0; 0.0; 0.0; 0.0; 0.0; 3.49; 1.55; 4.77; 3.7; 0.0; 0.0; 0.0; 0; 0; 0.0; 0.0; 1; 4.23718516337; 3.20728143508; -2.66950607023; 0; 0; 0; 0; 0.0; 0.0; 0.0; -1.0; 0.0; 0.0; 0.0; 0.0; 0.0; 1.0;0; 0;0; 0; 
51.5473001003; 112450; 0.0; 0.0; -0.3884; 0.0; 0.0; 0.0; 0.0; 0.0; 0.0; 0.0; 0.0; 0.0; 0.0; 0.0; 0.0; 0.0; 0.0; 3.49; 1.55; 4.77; 3.7; 0.0; 0.0; 0.0; 0; 0; 0.0; 0.0; 1; 4.23718516337; 3.20728143508; -2.66950607023; 0; 0; 0; 0; 0.0; 0.0; 0.0; -1.0; 0.0; 0.0; 0.0; 0.0; 0.0; 1.0;0; 0;0; 0; 
51.5585050583; 112450; 0.0; 0.0; -0.38313; 0.0; 0.0; 0.0; 0.0; 0.0; 0.0; 0.0; 0.0; 0.0; 0.0; 0.0; 0.0; 0.0; 0.0; 3.49; 1.55; 4.77; 3.7; 0.0; 0.0; 0.0; 0; 0; 0.0; 0.0; 1; 4.23718516337; 3.20728143508; -2.66950607023; 0; 0; 0; 0; 0.0; 0.0; 0.0; -1.0; 0.0; 0.0; 0.0; 0.0; 0.0; 1.0;0; 0;0; 0; 
51.5696530342; 112460; 0.0; 0.0; -0.37672; 0.0; 0.0; 0.0; 0.0; 0.0; 0.0; 0.0; 0.0; 0.0; 0.0; 0.0; 0.0; 0.0; 0.0; 3.49; 1.55; 4.77; 3.7; 0.0; 0.0; 0.0; 0; 0; 0.0; 0.0; 1; 4.23718516337; 3.20728143508; -2.66950607023; 0; 0; 0; 0; 0.0; 0.0; 0.0; -1.0; 0.0; 0.0; 0.0; 0.0; 0.0; 1.0;0; 0;0; 0; 
51.5812251568; 112460; 0.0; 0.0; -0.36966; 0.0; 0.0; 0.0; 0.0; 0.0; 0.0; 0.0; 0.0; 0.0; 0.0; 0.0; 0.0; 0.0; 0.0; 3.49; 1.55; 4.77; 3.7; 0.0; 0.0; 0.0; 0; 0; 0.0; 0.0; 1; 4.23718516337; 3.20728143508; -2.66950607023; 0; 0; 0; 0; 0.0; 0.0; 0.0; -1.0; 0.0; 0.0; 0.0; 0.0; 0.0; 1.0;0; 0;0; 0; 
51.5926420689; 112470; 0.0; 0.0; -0.3625; 0.0; 0.0; 0.0; 0.0; 0.0; 0.0; 0.0; 0.0; 0.0; 0.0; 0.0; 0.0; 0.0; 0.0; 3.49; 1.55; 4.77; 3.7; 0.0; 0.0; 0.0; 0; 0; 0.0; 0.0; 1; 4.23718516337; 3.20728143508; -2.66950607023; 0; 0; 0; 0; 0.0; 0.0; 0.0; -1.0; 0.0; 0.0; 0.0; 0.0; 0.0; 1.0;0; 0;0; 0; 
51.6044340134; 112470; 0.0; 0.0; -0.35552; 0.0; 0.0; 0.0; 0.0; 0.0; 0.0; 0.0; 0.0; 0.0; 0.0; 0.0; 0.0; 0.0; 0.0; 3.49; 1.55; 4.77; 3.7; 0.0; 0.0; 0.0; 0; 0; 0.0; 0.0; 1; 4.23718516337; 3.20728143508; -2.66950607023; 0; 0; 0; 0; 0.0; 0.0; 0.0; -1.0; 0.0; 0.0; 0.0; 0.0; 0.0; 1.0;0; 0;0; 0; 
51.6162719727; 112480; 0.0; 0.0; -0.349; 0.0; 0.0; 0.0; 0.0; 0.0; 0.0; 0.0; 0.0; 0.0; 0.0; 0.0; 0.0; 0.0; 0.0; 3.49; 1.55; 4.77; 3.7; 0.0; 0.0; 0.0; 0; 0; 0.0; 0.0; 1; 4.23718516337; 3.20728143508; -2.66950607023; 0; 0; 0; 0; 0.0; 0.0; 0.0; -1.0; 0.0; 0.0; 0.0; 0.0; 0.0; 1.0;0; 0;0; 0; 
51.6277351379; 112480; 0.0; 0.0; -0.34315; 0.0; 0.0; 0.0; 0.0; 0.0; 0.0; 0.0; 0.0; 0.0; 0.0; 0.0; 0.0; 0.0; 0.0; 3.49; 1.55; 4.77; 3.7; 0.0; 0.0; 0.0; 0; 0; 0.0; 0.0; 1; 4.23718516337; 3.20728143508; -2.66950607023; 0; 0; 0; 0; 0.0; 0.0; 0.0; -1.0; 0.0; 0.0; 0.0; 0.0; 0.0; 1.0;0; 0;0; 0; 
51.6389009953; 112490; 0.0; 0.0; -0.33812; 0.0; 0.0; 0.0; 0.0; 0.0; 0.0; 0.0; 0.0; 0.0; 0.0; 0.0; 0.0; 0.0; 0.0; 3.49; 1.55; 4.77; 3.7; 0.0; 0.0; 0.0; 0; 0; 0.0; 0.0; 1; 4.23718516337; 3.20728143508; -2.66950607023; 0; 0; 0; 0; 0.0; 0.0; 0.0; -1.0; 0.0; 0.0; 0.0; 0.0; 0.0; 1.0;0; 0;0; 0; 
51.6508800983; 112490; 0.0; 0.0; -0.33393; 0.0; 0.0; 0.0; 0.0; 0.0; 0.0; 0.0; 0.0; 0.0; 0.0; 0.0; 0.0; 0.0; 0.0; 2.94; 1.56; 4.39; 3.7; 0.0; 0.0; 0.0; 0; 0; 0.0; 0.0; 1; 4.23718516337; 3.20728143508; -2.66950607023; 0; 0; 0; 0; 0.0; 0.0; 0.0; -1.0; 0.0; 0.0; 0.0; 0.0; 0.0; 1.0;0; 0;0; 0; 
51.6624381542; 112500; 0.0; 0.0; -0.33024; 0.0; 0.0; 0.0; 0.0; 0.0; 0.0; 0.0; 0.0; 0.0; 0.0; 0.0; 0.0; 0.0; 0.0; 2.94; 1.56; 4.39; 3.7; 0.0; 0.0; 0.0; 0; 0; 0.0; 0.0; 1; 4.23718516337; 3.20728143508; -2.66950607023; 0; 0; 0; 0; 0.0; 0.0; 0.0; -1.0; 0.0; 0.0; 0.0; 0.0; 0.0; 1.0;0; 0;0; 0; 
51.6733350754; 112500; 0.0; 0.0; -0.32676; 0.0; 0.0; 0.0; 0.0; 0.0; 0.0; 0.0; 0.0; 0.0; 0.0; 0.0; 0.0; 0.0; 0.0; 2.94; 1.56; 4.39; 3.7; 0.0; 0.0; 0.0; 0; 0; 0.0; 0.0; 1; 4.23718516337; 3.20728143508; -2.66950607023; 0; 0; 0; 0; 0.0; 0.0; 0.0; -1.0; 0.0; 0.0; 0.0; 0.0; 0.0; 1.0;0; 0;0; 0; 
51.6846590042; 112510; 0.0; 0.0; -0.32324; 0.0; 0.0; 0.0; 0.0; 0.0; 0.0; 0.0; 0.0; 0.0; 0.0; 0.0; 0.0; 0.0; 0.0; 2.94; 1.56; 4.39; 3.7; 0.0; 0.0; 0.0; 0; 0; 0.0; 0.0; 1; 4.23718516337; 3.20728143508; -2.66950607023; 0; 0; 0; 0; 0.0; 0.0; 0.0; -1.0; 0.0; 0.0; 0.0; 0.0; 0.0; 1.0;0; 0;0; 0; 
51.6965501308; 112510; 0.0; 0.0; -0.31948; 0.0; 0.0; 0.0; 0.0; 0.0; 0.0; 0.0; 0.0; 0.0; 0.0; 0.0; 0.0; 0.0; 0.0; 2.94; 1.56; 4.39; 3.7; 0.0; 0.0; 0.0; 0; 0; 0.0; 0.0; 1; 4.23718516337; 3.20728143508; -2.66950607023; 0; 0; 0; 0; 0.0; 0.0; 0.0; -1.0; 0.0; 0.0; 0.0; 0.0; 0.0; 1.0;0; 0;0; 0; 
51.7080900669; 112520; 0.0; 0.0; -0.31512; 0.0; 0.0; 0.0; 0.0; 0.0; 0.0; 0.0; 0.0; 0.0; 0.0; 0.0; 0.0; 0.0; 0.0; 2.94; 1.56; 4.39; 3.7; 0.0; 0.0; 0.0; 0; 0; 0.0; 0.0; 1; 4.19673640619; 3.18582841741; -2.63601761569; 0; 0; 0; 0; 0.0; 0.0; 0.0; -1.0; 0.0; 0.0; 0.0; 0.0; 0.0; 1.0;0; 0;0; 0; 
51.719312191; 112520; 0.0; 0.0; -0.30971; 0.0; 0.0; 0.0; 0.0; 0.0; 0.0; 0.0; 0.0; 0.0; 0.0; 0.0; 0.0; 0.0; 0.0; 2.94; 1.56; 4.39; 3.7; 0.0; 0.0; 0.0; 0; 0; 0.0; 0.0; 1; 4.19673640619; 3.18582841741; -2.63601761569; 0; 0; 0; 0; 0.0; 0.0; 0.0; -1.0; 0.0; 0.0; 0.0; 0.0; 0.0; 1.0;0; 0;0; 0; 
51.7304341793; 112530; 0.0; 0.0; -0.30306; 0.0; 0.0; 0.0; 0.0; 0.0; 0.0; 0.0; 0.0; 0.0; 0.0; 0.0; 0.0; 0.0; 0.0; 2.94; 1.56; 4.39; 3.7; 0.0; 0.0; 0.0; 0; 0; 0.0; 0.0; 1; 4.19673640619; 3.18582841741; -2.63601761569; 0; 0; 0; 0; 0.0; 0.0; 0.0; -1.0; 0.0; 0.0; 0.0; 0.0; 0.0; 1.0;0; 0;0; 0; 
51.7414190769; 112530; 0.0; 0.0; -0.29519; 0.0; 0.0; 0.0; 0.0; 0.0; 0.0; 0.0; 0.0; 0.0; 0.0; 0.0; 0.0; 0.0; 0.0; 2.94; 1.56; 4.39; 3.7; 0.0; 0.0; 0.0; 0; 0; 0.0; 0.0; 1; 4.19673640619; 3.18582841741; -2.63601761569; 0; 0; 0; 0; 0.0; 0.0; 0.0; -1.0; 0.0; 0.0; 0.0; 0.0; 0.0; 1.0;0; 0;0; 0; 
51.752281189; 112540; 0.0; 0.0; -0.28633; 0.0; 0.0; 0.0; 0.0; 0.0; 0.0; 0.0; 0.0; 0.0; 0.0; 0.0; 0.0; 0.0; 0.0; 2.94; 1.56; 4.39; 3.7; 0.0; 0.0; 0.0; 0; 0; 0.0; 0.0; 1; 4.19673640619; 3.18582841741; -2.63601761569; 0; 0; 0; 0; 0.0; 0.0; 0.0; -1.0; 0.0; 0.0; 0.0; 0.0; 0.0; 1.0;0; 0;0; 0; 
51.7633500099; 112540; 0.0; 0.0; -0.27672; 0.0; 0.0; 0.0; 0.0; 0.0; 0.0; 0.0; 0.0; 0.0; 0.0; 0.0; 0.0; 0.0; 0.0; 2.94; 1.56; 4.39; 3.7; 0.0; 0.0; 0.0; 0; 0; 0.0; 0.0; 1; 4.19673640619; 3.18582841741; -2.63601761569; 0; 0; 0; 0; 0.0; 0.0; 0.0; -1.0; 0.0; 0.0; 0.0; 0.0; 0.0; 1.0;0; 0;0; 0; 
51.7741889954; 112550; 0.0; 0.0; -0.26671; 0.0; 0.0; 0.0; 0.0; 0.0; 0.0; 0.0; 0.0; 0.0; 0.0; 0.0; 0.0; 0.0; 0.0; 2.94; 1.56; 4.39; 3.7; 0.0; 0.0; 0.0; 0; 0; 0.0; 0.0; 1; 4.19673640619; 3.18582841741; -2.63601761569; 0; 0; 0; 0; 0.0; 0.0; 0.0; -1.0; 0.0; 0.0; 0.0; 0.0; 0.0; 1.0;0; 0;0; 0; 
51.785544157; 112550; 0.0; 0.0; -0.25684; 0.0; 0.0; 0.0; 0.0; 0.0; 0.0; 0.0; 0.0; 0.0; 0.0; 0.0; 0.0; 0.0; 0.0; 2.94; 1.56; 4.39; 3.7; 0.0; 0.0; 0.0; 0; 0; 0.0; 0.0; 1; 4.19673640619; 3.18582841741; -2.63601761569; 0; 0; 0; 0; 0.0; 0.0; 0.0; -1.0; 0.0; 0.0; 0.0; 0.0; 0.0; 1.0;0; 0;0; 0; 
51.7962331772; 112560; 0.0; 0.0; -0.24754; 0.0; 0.0; 0.0; 0.0; 0.0; 0.0; 0.0; 0.0; 0.0; 0.0; 0.0; 0.0; 0.0; 0.0; 2.94; 1.56; 4.39; 3.7; 0.0; 0.0; 0.0; 0; 0; 0.0; 0.0; 1; 4.19673640619; 3.18582841741; -2.63601761569; 0; 0; 0; 0; 0.0; 0.0; 0.0; -1.0; 0.0; 0.0; 0.0; 0.0; 0.0; 1.0;0; 0;0; 0; 
51.8079411983; 112560; 0.0; 0.0; -0.23923; 0.0; 0.0; 0.0; 0.0; 0.0; 0.0; 0.0; 0.0; 0.0; 0.0; 0.0; 0.0; 0.0; 0.0; 2.94; 1.56; 4.39; 3.7; 0.0; 0.0; 0.0; 0; 0; 0.0; 0.0; 1; 4.19673640619; 3.18582841741; -2.63601761569; 0; 0; 0; 0; 0.0; 0.0; 0.0; -1.0; 0.0; 0.0; 0.0; 0.0; 0.0; 1.0;0; 0;0; 0; 
51.819617033; 112570; 0.0; 0.0; -0.23211; 0.0; 0.0; 0.0; 0.0; 0.0; 0.0; 0.0; 0.0; 0.0; 0.0; 0.0; 0.0; 0.0; 0.0; 2.94; 1.56; 4.39; 3.7; 0.0; 0.0; 0.0; 0; 0; 0.0; 0.0; 1; 4.19673640619; 3.18582841741; -2.63601761569; 0; 0; 0; 0; 0.0; 0.0; 0.0; -1.0; 0.0; 0.0; 0.0; 0.0; 0.0; 1.0;0; 0;0; 0; 
51.8310730457; 112570; 0.0; 0.0; -0.22607; 0.0; 0.0; 0.0; 0.0; 0.0; 0.0; 0.0; 0.0; 0.0; 0.0; 0.0; 0.0; 0.0; 0.0; 2.94; 1.56; 4.39; 3.7; 0.0; 0.0; 0.0; 0; 0; 0.0; 0.0; 1; 4.19673640619; 3.18582841741; -2.63601761569; 0; 0; 0; 0; 0.0; 0.0; 0.0; -1.0; 0.0; 0.0; 0.0; 0.0; 0.0; 1.0;0; 0;0; 0; 
51.8419251442; 112580; 0.0; 0.0; -0.22108; 0.0; 0.0; 0.0; 0.0; 0.0; 0.0; 0.0; 0.0; 0.0; 0.0; 0.0; 0.0; 0.0; 0.0; 2.94; 1.56; 4.39; 3.7; 0.0; 0.0; 0.0; 0; 0; 0.0; 0.0; 1; 4.19673640619; 3.18582841741; -2.63601761569; 0; 0; 0; 0; 0.0; 0.0; 0.0; -1.0; 0.0; 0.0; 0.0; 0.0; 0.0; 1.0;0; 0;0; 0; 
51.8530180454; 112580; 0.0; 0.0; -0.2169; 0.0; 0.0; 0.0; 0.0; 0.0; 0.0; 0.0; 0.0; 0.0; 0.0; 0.0; 0.0; 0.0; 0.0; 2.94; 1.56; 4.39; 3.7; 0.0; 0.0; 0.0; 0; 0; 0.0; 0.0; 1; 4.19673640619; 3.18582841741; -2.63601761569; 0; 0; 0; 0; 0.0; 0.0; 0.0; -1.0; 0.0; 0.0; 0.0; 0.0; 0.0; 1.0;0; 0;0; 0; 
51.8639090061; 112590; 0.0; 0.0; -0.21321; 0.0; 0.0; 0.0; 0.0; 0.0; 0.0; 0.0; 0.0; 0.0; 0.0; 0.0; 0.0; 0.0; 0.0; 2.45; 1.53; 3.18; 3.7; 0.0; 0.0; 0.0; 0; 0; 0.0; 0.0; 1; 4.19673640619; 3.18582841741; -2.63601761569; 0; 0; 0; 0; 0.0; 0.0; 0.0; -1.0; 0.0; 0.0; 0.0; 0.0; 0.0; 1.0;0; 0;0; 0; 
51.8748311996; 112590; 0.0; 0.0; -0.20973; 0.0; 0.0; 0.0; 0.0; 0.0; 0.0; 0.0; 0.0; 0.0; 0.0; 0.0; 0.0; 0.0; 0.0; 2.45; 1.53; 3.18; 3.7; 0.0; 0.0; 0.0; 0; 0; 0.0; 0.0; 1; 4.19673640619; 3.18582841741; -2.63601761569; 0; 0; 0; 0; 0.0; 0.0; 0.0; -1.0; 0.0; 0.0; 0.0; 0.0; 0.0; 1.0;0; 0;0; 0; 
51.8860399723; 112600; 0.0; 0.0; -0.20614; 0.0; 0.0; 0.0; 0.0; 0.0; 0.0; 0.0; 0.0; 0.0; 0.0; 0.0; 0.0; 0.0; 0.0; 2.45; 1.53; 3.18; 3.7; 0.0; 0.0; 0.0; 0; 0; 0.0; 0.0; 1; 4.19673640619; 3.18582841741; -2.63601761569; 0; 0; 0; 0; 0.0; 0.0; 0.0; -1.0; 0.0; 0.0; 0.0; 0.0; 0.0; 1.0;0; 0;0; 0; 
51.8971700668; 112600; 0.0; 0.0; -0.20226; 0.0; 0.0; 0.0; 0.0; 0.0; 0.0; 0.0; 0.0; 0.0; 0.0; 0.0; 0.0; 0.0; 0.0; 2.45; 1.53; 3.18; 3.7; 0.0; 0.0; 0.0; 0; 0; 0.0; 0.0; 1; 4.19673640619; 3.18582841741; -2.63601761569; 0; 0; 0; 0; 0.0; 0.0; 0.0; -1.0; 0.0; 0.0; 0.0; 0.0; 0.0; 1.0;0; 0;0; 0; 
51.9084961414; 112610; 0.0; 0.0; -0.19793; 0.0; 0.0; 0.0; 0.0; 0.0; 0.0; 0.0; 0.0; 0.0; 0.0; 0.0; 0.0; 0.0; 0.0; 2.45; 1.53; 3.18; 3.7; 0.0; 0.0; 0.0; 0; 0; 0.0; 0.0; 1; 4.19673640619; 3.18582841741; -2.63601761569; 0; 0; 0; 0; 0.0; 0.0; 0.0; -1.0; 0.0; 0.0; 0.0; 0.0; 0.0; 1.0;0; 0;0; 0; 
51.9194340706; 112610; 0.0; 0.0; -0.19297; 0.0; 0.0; 0.0; 0.0; 0.0; 0.0; 0.0; 0.0; 0.0; 0.0; 0.0; 0.0; 0.0; 0.0; 2.45; 1.53; 3.18; 3.7; 0.0; 0.0; 0.0; 0; 0; 0.0; 0.0; 1; 4.19673640619; 3.18582841741; -2.63601761569; 0; 0; 0; 0; 0.0; 0.0; 0.0; -1.0; 0.0; 0.0; 0.0; 0.0; 0.0; 1.0;0; 0;0; 0; 
51.9306809902; 112620; 0.0; 0.0; -0.18743; 0.0; 0.0; 0.0; 0.0; 0.0; 0.0; 0.0; 0.0; 0.0; 0.0; 0.0; 0.0; 0.0; 0.0; 2.45; 1.53; 3.18; 3.7; 0.0; 0.0; 0.0; 0; 0; 0.0; 0.0; 1; 4.15911239111; 3.16443851847; -2.61281643387; 0; 0; 0; 0; 0.0; 0.0; 0.0; -1.0; 0.0; 0.0; 0.0; 0.0; 0.0; 1.0;0; 0;0; 0; 
51.9417090416; 112620; 0.0; 0.0; -0.18132; 0.0; 0.0; 0.0; 0.0; 0.0; 0.0; 0.0; 0.0; 0.0; 0.0; 0.0; 0.0; 0.0; 0.0; 2.45; 1.53; 3.18; 3.7; 0.0; 0.0; 0.0; 0; 0; 0.0; 0.0; 1; 4.15911239111; 3.16443851847; -2.61281643387; 0; 0; 0; 0; 0.0; 0.0; 0.0; -1.0; 0.0; 0.0; 0.0; 0.0; 0.0; 1.0;0; 0;0; 0; 
51.9524509907; 112630; 0.0; 0.0; -0.17474; 0.0; 0.0; 0.0; 0.0; 0.0; 0.0; 0.0; 0.0; 0.0; 0.0; 0.0; 0.0; 0.0; 0.0; 2.45; 1.53; 3.18; 3.7; 0.0; 0.0; 0.0; 0; 0; 0.0; 0.0; 1; 4.15911239111; 3.16443851847; -2.61281643387; 0; 0; 0; 0; 0.0; 0.0; 0.0; -1.0; 0.0; 0.0; 0.0; 0.0; 0.0; 1.0;0; 0;0; 0; 
51.9634790421; 112630; 0.0; 0.0; -0.16787; 0.0; 0.0; 0.0; 0.0; 0.0; 0.0; 0.0; 0.0; 0.0; 0.0; 0.0; 0.0; 0.0; 0.0; 2.45; 1.53; 3.18; 3.7; 0.0; 0.0; 0.0; 0; 0; 0.0; 0.0; 1; 4.15911239111; 3.16443851847; -2.61281643387; 0; 0; 0; 0; 0.0; 0.0; 0.0; -1.0; 0.0; 0.0; 0.0; 0.0; 0.0; 1.0;0; 0;0; 0; 
51.9742131233; 112640; 0.0; 0.0; -0.16093; 0.0; 0.0; 0.0; 0.0; 0.0; 0.0; 0.0; 0.0; 0.0; 0.0; 0.0; 0.0; 0.0; 0.0; 2.45; 1.53; 3.18; 3.7; 0.0; 0.0; 0.0; 0; 0; 0.0; 0.0; 1; 4.15911239111; 3.16443851847; -2.61281643387; 0; 0; 0; 0; 0.0; 0.0; 0.0; -1.0; 0.0; 0.0; 0.0; 0.0; 0.0; 1.0;0; 0;0; 0; 
51.9857079983; 112640; 0.0; 0.0; -0.15421; 0.0; 0.0; 0.0; 0.0; 0.0; 0.0; 0.0; 0.0; 0.0; 0.0; 0.0; 0.0; 0.0; 0.0; 2.45; 1.53; 3.18; 3.7; 0.0; 0.0; 0.0; 0; 0; 0.0; 0.0; 1; 4.15911239111; 3.16443851847; -2.61281643387; 0; 0; 0; 0; 0.0; 0.0; 0.0; -1.0; 0.0; 0.0; 0.0; 0.0; 0.0; 1.0;0; 0;0; 0; 
51.9966590405; 112650; 0.0; 0.0; -0.14796; 0.0; 0.0; 0.0; 0.0; 0.0; 0.0; 0.0; 0.0; 0.0; 0.0; 0.0; 0.0; 0.0; 0.0; 2.45; 1.53; 3.18; 3.7; 0.0; 0.0; 0.0; 0; 0; 0.0; 0.0; 1; 4.15911239111; 3.16443851847; -2.61281643387; 0; 0; 0; 0; 0.0; 0.0; 0.0; -1.0; 0.0; 0.0; 0.0; 0.0; 0.0; 1.0;0; 0;0; 0; 
52.0084769726; 112650; 0.0; 0.0; -0.14228; 0.0; 0.0; 0.0; 0.0; 0.0; 0.0; 0.0; 0.0; 0.0; 0.0; 0.0; 0.0; 0.0; 0.0; 2.45; 1.53; 3.18; 3.7; 0.0; 0.0; 0.0; 0; 0; 0.0; 0.0; 1; 4.15911239111; 3.16443851847; -2.61281643387; 0; 0; 0; 0; 0.0; 0.0; 0.0; -1.0; 0.0; 0.0; 0.0; 0.0; 0.0; 1.0;0; 0;0; 0; 
52.0194911957; 112660; 0.0; 0.0; -0.1372; 0.0; 0.0; 0.0; 0.0; 0.0; 0.0; 0.0; 0.0; 0.0; 0.0; 0.0; 0.0; 0.0; 0.0; 2.45; 1.53; 3.18; 3.7; 0.0; 0.0; 0.0; 0; 0; 0.0; 0.0; 1; 4.15911239111; 3.16443851847; -2.61281643387; 0; 0; 0; 0; 0.0; 0.0; 0.0; -1.0; 0.0; 0.0; 0.0; 0.0; 0.0; 1.0;0; 0;0; 0; 
52.0310151577; 112660; 0.0; 0.0; -0.13264; 0.0; 0.0; 0.0; 0.0; 0.0; 0.0; 0.0; 0.0; 0.0; 0.0; 0.0; 0.0; 0.0; 0.0; 2.45; 1.53; 3.18; 3.7; 0.0; 0.0; 0.0; 0; 0; 0.0; 0.0; 1; 4.15911239111; 3.16443851847; -2.61281643387; 0; 0; 0; 0; 0.0; 0.0; 0.0; -1.0; 0.0; 0.0; 0.0; 0.0; 0.0; 1.0;0; 0;0; 0; 
52.0422961712; 112670; 0.0; 0.0; -0.12844; 0.0; 0.0; 0.0; 0.0; 0.0; 0.0; 0.0; 0.0; 0.0; 0.0; 0.0; 0.0; 0.0; 0.0; 2.45; 1.53; 3.18; 3.7; 0.0; 0.0; 0.0; 0; 0; 0.0; 0.0; 1; 4.15911239111; 3.16443851847; -2.61281643387; 0; 0; 0; 0; 0.0; 0.0; 0.0; -1.0; 0.0; 0.0; 0.0; 0.0; 0.0; 1.0;0; 0;0; 0; 
52.0530910492; 112670; 0.0; 0.0; -0.12445; 0.0; 0.0; 0.0; 0.0; 0.0; 0.0; 0.0; 0.0; 0.0; 0.0; 0.0; 0.0; 0.0; 0.0; 2.45; 1.53; 3.18; 3.7; 0.0; 0.0; 0.0; 0; 0; 0.0; 0.0; 1; 4.15911239111; 3.16443851847; -2.61281643387; 0; 0; 0; 0; 0.0; 0.0; 0.0; -1.0; 0.0; 0.0; 0.0; 0.0; 0.0; 1.0;0; 0;0; 0; 
52.0642280579; 112680; 0.0; 0.0; -0.12048; 0.0; 0.0; 0.0; 0.0; 0.0; 0.0; 0.0; 0.0; 0.0; 0.0; 0.0; 0.0; 0.0; 0.0; 2.45; 1.53; 3.18; 3.7; 0.0; 0.0; 0.0; 0; 0; 0.0; 0.0; 1; 4.15911239111; 3.16443851847; -2.61281643387; 0; 0; 0; 0; 0.0; 0.0; 0.0; -1.0; 0.0; 0.0; 0.0; 0.0; 0.0; 1.0;0; 0;0; 0; 
52.0753960609; 112680; 0.0; 0.0; -0.11644; 0.0; 0.0; 0.0; 0.0; 0.0; 0.0; 0.0; 0.0; 0.0; 0.0; 0.0; 0.0; 0.0; 0.0; 2.45; 1.53; 3.18; 3.7; 0.0; 0.0; 0.0; 0; 0; 0.0; 0.0; 1; 4.15911239111; 3.16443851847; -2.61281643387; 0; 0; 0; 0; 0.0; 0.0; 0.0; -1.0; 0.0; 0.0; 0.0; 0.0; 0.0; 1.0;0; 0;0; 0; 
52.0866241455; 112690; 0.0; 0.0; -0.11243; 0.0; 0.0; 0.0; 0.0; 0.0; 0.0; 0.0; 0.0; 0.0; 0.0; 0.0; 0.0; 0.0; 0.0; 2.45; 1.53; 2.62; 3.7; 0.0; 0.0; 0.0; 0; 0; 0.0; 0.0; 1; 4.15911239111; 3.16443851847; -2.61281643387; 0; 0; 0; 0; 0.0; 0.0; 0.0; -1.0; 0.0; 0.0; 0.0; 0.0; 0.0; 1.0;0; 0;0; 0; 
52.0976669788; 112690; 0.0; 0.0; -0.10855; 0.0; 0.0; 0.0; 0.0; 0.0; 0.0; 0.0; 0.0; 0.0; 0.0; 0.0; 0.0; 0.0; 0.0; 2.45; 1.53; 2.62; 3.7; 0.0; 0.0; 0.0; 0; 0; 0.0; 0.0; 1; 4.15911239111; 3.16443851847; -2.61281643387; 0; 0; 0; 0; 0.0; 0.0; 0.0; -1.0; 0.0; 0.0; 0.0; 0.0; 0.0; 1.0;0; 0;0; 0; 
52.1090831757; 112700; 0.0; 0.0; -0.10496; 0.0; 0.0; 0.0; 0.0; 0.0; 0.0; 0.0; 0.0; 0.0; 0.0; 0.0; 0.0; 0.0; 0.0; 2.45; 1.53; 2.62; 3.7; 0.0; 0.0; 0.0; 0; 0; 0.0; 0.0; 1; 4.15911239111; 3.16443851847; -2.61281643387; 0; 0; 0; 0; 0.0; 0.0; 0.0; -1.0; 0.0; 0.0; 0.0; 0.0; 0.0; 1.0;0; 0;0; 0; 
52.1210150719; 112700; 0.0; 0.0; -0.10181; 0.0; 0.0; 0.0; 0.0; 0.0; 0.0; 0.0; 0.0; 0.0; 0.0; 0.0; 0.0; 0.0; 0.0; 2.45; 1.53; 2.62; 3.7; 0.0; 0.0; 0.0; 0; 0; 0.0; 0.0; 1; 4.15911239111; 3.16443851847; -2.61281643387; 0; 0; 0; 0; 0.0; 0.0; 0.0; -1.0; 0.0; 0.0; 0.0; 0.0; 0.0; 1.0;0; 0;0; 0; 
52.1319060326; 112710; 0.0; 0.0; -0.099135; 0.0; 0.0; 0.0; 0.0; 0.0; 0.0; 0.0; 0.0; 0.0; 0.0; 0.0; 0.0; 0.0; 0.0; 2.45; 1.53; 2.62; 3.7; 0.0; 0.0; 0.0; 0; 0; 0.0; 0.0; 1; 4.15911239111; 3.16443851847; -2.61281643387; 0; 0; 0; 0; 0.0; 0.0; 0.0; -1.0; 0.0; 0.0; 0.0; 0.0; 0.0; 1.0;0; 0;0; 0; 
52.1435821056; 112710; 0.0; 0.0; -0.096955; 0.0; 0.0; 0.0; 0.0; 0.0; 0.0; 0.0; 0.0; 0.0; 0.0; 0.0; 0.0; 0.0; 0.0; 2.45; 1.53; 2.62; 3.7; 0.0; 0.0; 0.0; 0; 0; 0.0; 0.0; 1; 4.15911239111; 3.16443851847; -2.61281643387; 0; 0; 0; 0; 0.0; 0.0; 0.0; -1.0; 0.0; 0.0; 0.0; 0.0; 0.0; 1.0;0; 0;0; 0; 
52.1547679901; 112720; 0.0; 0.0; -0.095162; 0.0; 0.0; 0.0; 0.0; 0.0; 0.0; 0.0; 0.0; 0.0; 0.0; 0.0; 0.0; 0.0; 0.0; 2.45; 1.53; 2.62; 3.7; 0.0; 0.0; 0.0; 0; 0; 0.0; 0.0; 1; 4.12498988868; 3.14420360013; -2.59988425205; 0; 0; 0; 0; 0.0; 0.0; 0.0; -1.0; 0.0; 0.0; 0.0; 0.0; 0.0; 1.0;0; 0;0; 0; 
52.1667351723; 112720; 0.0; 0.0; -0.093604; 0.0; 0.0; 0.0; 0.0; 0.0; 0.0; 0.0; 0.0; 0.0; 0.0; 0.0; 0.0; 0.0; 0.0; 2.45; 1.53; 2.62; 3.7; 0.0; 0.0; 0.0; 0; 0; 0.0; 0.0; 1; 4.12498988868; 3.14420360013; -2.59988425205; 0; 0; 0; 0; 0.0; 0.0; 0.0; -1.0; 0.0; 0.0; 0.0; 0.0; 0.0; 1.0;0; 0;0; 0; 
52.1774439812; 112730; 0.0; 0.0; -0.092133; 0.0; 0.0; 0.0; 0.0; 0.0; 0.0; 0.0; 0.0; 0.0; 0.0; 0.0; 0.0; 0.0; 0.0; 2.45; 1.53; 2.62; 3.7; 0.0; 0.0; 0.0; 0; 0; 0.0; 0.0; 1; 4.12498988868; 3.14420360013; -2.59988425205; 0; 0; 0; 0; 0.0; 0.0; 0.0; -1.0; 0.0; 0.0; 0.0; 0.0; 0.0; 1.0;0; 0;0; 0; 
52.1883261204; 112730; 0.0; 0.0; -0.090601; 0.0; 0.0; 0.0; 0.0; 0.0; 0.0; 0.0; 0.0; 0.0; 0.0; 0.0; 0.0; 0.0; 0.0; 2.45; 1.53; 2.62; 3.7; 0.0; 0.0; 0.0; 0; 0; 0.0; 0.0; 1; 4.12498988868; 3.14420360013; -2.59988425205; 0; 0; 0; 0; 0.0; 0.0; 0.0; -1.0; 0.0; 0.0; 0.0; 0.0; 0.0; 1.0;0; 0;0; 0; 
52.1993601322; 112740; 0.0; 0.0; -0.088863; 0.0; 0.0; 0.0; 0.0; 0.0; 0.0; 0.0; 0.0; 0.0; 0.0; 0.0; 0.0; 0.0; 0.0; 2.45; 1.53; 2.62; 3.7; 0.0; 0.0; 0.0; 0; 0; 0.0; 0.0; 1; 4.12498988868; 3.14420360013; -2.59988425205; 0; 0; 0; 0; 0.0; 0.0; 0.0; -1.0; 0.0; 0.0; 0.0; 0.0; 0.0; 1.0;0; 0;0; 0; 
52.2111110687; 112740; 0.0; 0.0; -0.08689; 0.0; 0.0; 0.0; 0.0; 0.0; 0.0; 0.0; 0.0; 0.0; 0.0; 0.0; 0.0; 0.0; 0.0; 2.45; 1.53; 2.62; 3.7; 0.0; 0.0; 0.0; 0; 0; 0.0; 0.0; 1; 4.12498988868; 3.14420360013; -2.59988425205; 0; 0; 0; 0; 0.0; 0.0; 0.0; -1.0; 0.0; 0.0; 0.0; 0.0; 0.0; 1.0;0; 0;0; 0; 
52.2219481468; 112750; 0.0; 0.0; -0.084647; 0.0; 0.0; 0.0; 0.0; 0.0; 0.0; 0.0; 0.0; 0.0; 0.0; 0.0; 0.0; 0.0; 0.0; 2.45; 1.53; 2.62; 3.7; 0.0; 0.0; 0.0; 0; 0; 0.0; 0.0; 1; 4.12498988868; 3.14420360013; -2.59988425205; 0; 0; 0; 0; 0.0; 0.0; 0.0; -1.0; 0.0; 0.0; 0.0; 0.0; 0.0; 1.0;0; 0;0; 0; 
52.2329921722; 112750; 0.0; 0.0; -0.082129; 0.0; 0.0; 0.0; 0.0; 0.0; 0.0; 0.0; 0.0; 0.0; 0.0; 0.0; 0.0; 0.0; 0.0; 2.45; 1.53; 2.62; 3.7; 0.0; 0.0; 0.0; 0; 0; 0.0; 0.0; 1; 4.12498988868; 3.14420360013; -2.59988425205; 0; 0; 0; 0; 0.0; 0.0; 0.0; -1.0; 0.0; 0.0; 0.0; 0.0; 0.0; 1.0;0; 0;0; 0; 
52.2443501949; 112760; 0.0; 0.0; -0.079359; 0.0; 0.0; 0.0; 0.0; 0.0; 0.0; 0.0; 0.0; 0.0; 0.0; 0.0; 0.0; 0.0; 0.0; 2.45; 1.53; 2.62; 3.7; 0.0; 0.0; 0.0; 0; 0; 0.0; 0.0; 1; 4.12498988868; 3.14420360013; -2.59988425205; 0; 0; 0; 0; 0.0; 0.0; 0.0; -1.0; 0.0; 0.0; 0.0; 0.0; 0.0; 1.0;0; 0;0; 0; 
52.2559421062; 112760; 0.0; 0.0; -0.076339; 0.0; 0.0; 0.0; 0.0; 0.0; 0.0; 0.0; 0.0; 0.0; 0.0; 0.0; 0.0; 0.0; 0.0; 2.45; 1.53; 2.62; 3.7; 0.0; 0.0; 0.0; 0; 0; 0.0; 0.0; 1; 4.12498988868; 3.14420360013; -2.59988425205; 0; 0; 0; 0; 0.0; 0.0; 0.0; -1.0; 0.0; 0.0; 0.0; 0.0; 0.0; 1.0;0; 0;0; 0; 
52.2671940327; 112770; 0.0; 0.0; -0.073162; 0.0; 0.0; 0.0; 0.0; 0.0; 0.0; 0.0; 0.0; 0.0; 0.0; 0.0; 0.0; 0.0; 0.0; 2.45; 1.53; 2.62; 3.7; 0.0; 0.0; 0.0; 0; 0; 0.0; 0.0; 1; 4.12498988868; 3.14420360013; -2.59988425205; 0; 0; 0; 0; 0.0; 0.0; 0.0; -1.0; 0.0; 0.0; 0.0; 0.0; 0.0; 1.0;0; 0;0; 0; 
52.2778491974; 112770; 0.0; 0.0; -0.069913; 0.0; 0.0; 0.0; 0.0; 0.0; 0.0; 0.0; 0.0; 0.0; 0.0; 0.0; 0.0; 0.0; 0.0; 2.45; 1.53; 2.62; 3.7; 0.0; 0.0; 0.0; 0; 0; 0.0; 0.0; 1; 4.12498988868; 3.14420360013; -2.59988425205; 0; 0; 0; 0; 0.0; 0.0; 0.0; -1.0; 0.0; 0.0; 0.0; 0.0; 0.0; 1.0;0; 0;0; 0; 
52.2886590958; 112780; 0.0; 0.0; -0.06665; 0.0; 0.0; 0.0; 0.0; 0.0; 0.0; 0.0; 0.0; 0.0; 0.0; 0.0; 0.0; 0.0; 0.0; 2.45; 1.53; 2.62; 3.7; 0.0; 0.0; 0.0; 0; 0; 0.0; 0.0; 1; 4.12498988868; 3.14420360013; -2.59988425205; 0; 0; 0; 0; 0.0; 0.0; 0.0; -1.0; 0.0; 0.0; 0.0; 0.0; 0.0; 1.0;0; 0;0; 0; 
52.3000860214; 112780; 0.0; 0.0; -0.063459; 0.0; 0.0; 0.0; 0.0; 0.0; 0.0; 0.0; 0.0; 0.0; 0.0; 0.0; 0.0; 0.0; 0.0; 2.45; 1.53; 2.62; 3.7; 0.0; 0.0; 0.0; 0; 0; 0.0; 0.0; 1; 4.12498988868; 3.14420360013; -2.59988425205; 0; 0; 0; 0; 0.0; 0.0; 0.0; -1.0; 0.0; 0.0; 0.0; 0.0; 0.0; 1.0;0; 0;0; 0; 
52.3109731674; 112790; 0.0; 0.0; -0.060423; 0.0; 0.0; 0.0; 0.0; 0.0; 0.0; 0.0; 0.0; 0.0; 0.0; 0.0; 0.0; 0.0; 0.0; 2.45; 1.34; 1.8; 1.33; 0.0; 0.0; 0.0; 0; 0; 0.0; 0.0; 1; 4.12498988868; 3.14420360013; -2.59988425205; 0; 0; 0; 0; 0.0; 0.0; 0.0; -1.0; 0.0; 0.0; 0.0; 0.0; 0.0; 1.0;0; 0;0; 0; 
52.3225450516; 112790; 0.0; 0.0; -0.057607; 0.0; 0.0; 0.0; 0.0; 0.0; 0.0; 0.0; 0.0; 0.0; 0.0; 0.0; 0.0; 0.0; 0.0; 2.45; 1.34; 1.8; 1.33; 0.0; 0.0; 0.0; 0; 0; 0.0; 0.0; 1; 4.12498988868; 3.14420360013; -2.59988425205; 0; 0; 0; 0; 0.0; 0.0; 0.0; -1.0; 0.0; 0.0; 0.0; 0.0; 0.0; 1.0;0; 0;0; 0; 
52.3335762024; 112800; 0.0; 0.0; -0.055025; 0.0; 0.0; 0.0; 0.0; 0.0; 0.0; 0.0; 0.0; 0.0; 0.0; 0.0; 0.0; 0.0; 0.0; 2.45; 1.34; 1.8; 1.33; 0.0; 0.0; 0.0; 0; 0; 0.0; 0.0; 1; 4.12498988868; 3.14420360013; -2.59988425205; 0; 0; 0; 0; 0.0; 0.0; 0.0; -1.0; 0.0; 0.0; 0.0; 0.0; 0.0; 1.0;0; 0;0; 0; 
52.3447341919; 112800; 0.0; 0.0; -0.052671; 0.0; 0.0; 0.0; 0.0; 0.0; 0.0; 0.0; 0.0; 0.0; 0.0; 0.0; 0.0; 0.0; 0.0; 2.45; 1.34; 1.8; 1.33; 0.0; 0.0; 0.0; 0; 0; 0.0; 0.0; 1; 4.12498988868; 3.14420360013; -2.59988425205; 0; 0; 0; 0; 0.0; 0.0; 0.0; -1.0; 0.0; 0.0; 0.0; 0.0; 0.0; 1.0;0; 0;0; 0; 
52.3559541702; 112810; 0.0; 0.0; -0.050476; 0.0; 0.0; 0.0; 0.0; 0.0; 0.0; 0.0; 0.0; 0.0; 0.0; 0.0; 0.0; 0.0; 0.0; 2.45; 1.34; 1.8; 1.33; 0.0; 0.0; 0.0; 0; 0; 0.0; 0.0; 1; 4.12498988868; 3.14420360013; -2.59988425205; 0; 0; 0; 0; 0.0; 0.0; 0.0; -1.0; 0.0; 0.0; 0.0; 0.0; 0.0; 1.0;0; 0;0; 0; 
52.3676719666; 112810; 0.0; 0.0; -0.048438; 0.0; 0.0; 0.0; 0.0; 0.0; 0.0; 0.0; 0.0; 0.0; 0.0; 0.0; 0.0; 0.0; 0.0; 2.45; 1.34; 1.8; 1.33; 0.0; 0.0; 0.0; 0; 0; 0.0; 0.0; 1; 4.12498988868; 3.14420360013; -2.59988425205; 0; 0; 0; 0; 0.0; 0.0; 0.0; -1.0; 0.0; 0.0; 0.0; 0.0; 0.0; 1.0;0; 0;0; 0; 
52.3794059753; 112820; 0.0; 0.0; -0.046553; 0.0; 0.0; 0.0; 0.0; 0.0; 0.0; 0.0; 0.0; 0.0; 0.0; 0.0; 0.0; 0.0; 0.0; 2.45; 1.34; 1.8; 1.33; 0.0; 0.0; 0.0; 0; 0; 0.0; 0.0; 1; 4.09390884296; 3.12535279564; -2.59288272478; 0; 0; 0; 0; 0.0; 0.0; 0.0; -1.0; 0.0; 0.0; 0.0; 0.0; 0.0; 1.0;0; 0;0; 0; 
52.3903400898; 112820; 0.0; 0.0; -0.044788; 0.0; 0.0; 0.0; 0.0; 0.0; 0.0; 0.0; 0.0; 0.0; 0.0; 0.0; 0.0; 0.0; 0.0; 2.45; 1.34; 1.8; 1.33; 0.0; 0.0; 0.0; 0; 0; 0.0; 0.0; 1; 4.09390884296; 3.12535279564; -2.59288272478; 0; 0; 0; 0; 0.0; 0.0; 0.0; -1.0; 0.0; 0.0; 0.0; 0.0; 0.0; 1.0;0; 0;0; 0; 
52.4019711018; 112830; 0.0; 0.0; -0.043154; 0.0; 0.0; 0.0; 0.0; 0.0; 0.0; 0.0; 0.0; 0.0; 0.0; 0.0; 0.0; 0.0; 0.0; 2.45; 1.34; 1.8; 1.33; 0.0; 0.0; 0.0; 0; 0; 0.0; 0.0; 1; 4.09390884296; 3.12535279564; -2.59288272478; 0; 0; 0; 0; 0.0; 0.0; 0.0; -1.0; 0.0; 0.0; 0.0; 0.0; 0.0; 1.0;0; 0;0; 0; 
52.4130101204; 112830; 0.0; 0.0; -0.041607; 0.0; 0.0; 0.0; 0.0; 0.0; 0.0; 0.0; 0.0; 0.0; 0.0; 0.0; 0.0; 0.0; 0.0; 2.45; 1.34; 1.8; 1.33; 0.0; 0.0; 0.0; 0; 0; 0.0; 0.0; 1; 4.09390884296; 3.12535279564; -2.59288272478; 0; 0; 0; 0; 0.0; 0.0; 0.0; -1.0; 0.0; 0.0; 0.0; 0.0; 0.0; 1.0;0; 0;0; 0; 
52.4241521358; 112840; 0.0; 0.0; -0.040118; 0.0; 0.0; 0.0; 0.0; 0.0; 0.0; 0.0; 0.0; 0.0; 0.0; 0.0; 0.0; 0.0; 0.0; 2.45; 1.34; 1.8; 1.33; 0.0; 0.0; 0.0; 0; 0; 0.0; 0.0; 1; 4.09390884296; 3.12535279564; -2.59288272478; 0; 0; 0; 0; 0.0; 0.0; 0.0; -1.0; 0.0; 0.0; 0.0; 0.0; 0.0; 1.0;0; 0;0; 0; 
52.4353141785; 112840; 0.0; 0.0; -0.038752; 0.0; 0.0; 0.0; 0.0; 0.0; 0.0; 0.0; 0.0; 0.0; 0.0; 0.0; 0.0; 0.0; 0.0; 2.45; 1.34; 1.8; 1.33; 0.0; 0.0; 0.0; 0; 0; 0.0; 0.0; 1; 4.09390884296; 3.12535279564; -2.59288272478; 0; 0; 0; 0; 0.0; 0.0; 0.0; -1.0; 0.0; 0.0; 0.0; 0.0; 0.0; 1.0;0; 0;0; 0; 
52.4466671944; 112850; 0.0; 0.0; -0.037414; 0.0; 0.0; 0.0; 0.0; 0.0; 0.0; 0.0; 0.0; 0.0; 0.0; 0.0; 0.0; 0.0; 0.0; 2.45; 1.34; 1.8; 1.33; 0.0; 0.0; 0.0; 0; 0; 0.0; 0.0; 1; 4.09390884296; 3.12535279564; -2.59288272478; 0; 0; 0; 0; 0.0; 0.0; 0.0; -1.0; 0.0; 0.0; 0.0; 0.0; 0.0; 1.0;0; 0;0; 0; 
52.4583570957; 112850; 0.0; 0.0; -0.036088; 0.0; 0.0; 0.0; 0.0; 0.0; 0.0; 0.0; 0.0; 0.0; 0.0; 0.0; 0.0; 0.0; 0.0; 2.45; 1.34; 1.8; 1.33; 0.0; 0.0; 0.0; 0; 0; 0.0; 0.0; 1; 4.09390884296; 3.12535279564; -2.59288272478; 0; 0; 0; 0; 0.0; 0.0; 0.0; -1.0; 0.0; 0.0; 0.0; 0.0; 0.0; 1.0;0; 0;0; 0; 
52.4705190659; 112860; 0.0; 0.0; -0.034713; 0.0; 0.0; 0.0; 0.0; 0.0; 0.0; 0.0; 0.0; 0.0; 0.0; 0.0; 0.0; 0.0; 0.0; 2.45; 1.34; 1.8; 1.33; 0.0; 0.0; 0.0; 0; 0; 0.0; 0.0; 1; 4.09390884296; 3.12535279564; -2.59288272478; 0; 0; 0; 0; 0.0; 0.0; 0.0; -1.0; 0.0; 0.0; 0.0; 0.0; 0.0; 1.0;0; 0;0; 0; 
52.4815070629; 112860; 0.0; 0.0; -0.033284; 0.0; 0.0; 0.0; 0.0; 0.0; 0.0; 0.0; 0.0; 0.0; 0.0; 0.0; 0.0; 0.0; 0.0; 2.45; 1.34; 1.8; 1.33; 0.0; 0.0; 0.0; 0; 0; 0.0; 0.0; 1; 4.09390884296; 3.12535279564; -2.59288272478; 0; 0; 0; 0; 0.0; 0.0; 0.0; -1.0; 0.0; 0.0; 0.0; 0.0; 0.0; 1.0;0; 0;0; 0; 
52.492688179; 112870; 0.0; 0.0; -0.031913; 0.0; 0.0; 0.0; 0.0; 0.0; 0.0; 0.0; 0.0; 0.0; 0.0; 0.0; 0.0; 0.0; 0.0; 2.45; 1.34; 1.8; 1.33; 0.0; 0.0; 0.0; 0; 0; 0.0; 0.0; 1; 4.09390884296; 3.12535279564; -2.59288272478; 0; 0; 0; 0; 0.0; 0.0; 0.0; -1.0; 0.0; 0.0; 0.0; 0.0; 0.0; 1.0;0; 0;0; 0; 
52.506180048; 112870; 0.0; 0.0; -0.030571; 0.0; 0.0; 0.0; 0.0; 0.0; 0.0; 0.0; 0.0; 0.0; 0.0; 0.0; 0.0; 0.0; 0.0; 2.45; 1.34; 1.8; 1.33; 0.0; 0.0; 0.0; 0; 0; 0.0; 0.0; 1; 4.09390884296; 3.12535279564; -2.59288272478; 0; 0; 0; 0; 0.0; 0.0; 0.0; -1.0; 0.0; 0.0; 0.0; 0.0; 0.0; 1.0;0; 0;0; 0; 
52.5184781551; 112880; 0.0; 0.0; -0.029313; 0.0; 0.0; 0.0; 0.0; 0.0; 0.0; 0.0; 0.0; 0.0; 0.0; 0.0; 0.0; 0.0; 0.0; 2.45; 1.34; 1.8; 1.33; 0.0; 0.0; 0.0; 0; 0; 0.0; 0.0; 1; 4.09390884296; 3.12535279564; -2.59288272478; 0; 0; 0; 0; 0.0; 0.0; 0.0; -1.0; 0.0; 0.0; 0.0; 0.0; 0.0; 1.0;0; 0;0; 0; 
52.5301561356; 112880; 0.0; 0.0; -0.028179; 0.0; 0.0; 0.0; 0.0; 0.0; 0.0; 0.0; 0.0; 0.0; 0.0; 0.0; 0.0; 0.0; 0.0; 2.45; 1.34; 1.8; 1.33; 0.0; 0.0; 0.0; 0; 0; 0.0; 0.0; 1; 4.09390884296; 3.12535279564; -2.59288272478; 0; 0; 0; 0; 0.0; 0.0; 0.0; -1.0; 0.0; 0.0; 0.0; 0.0; 0.0; 1.0;0; 0;0; 0; 
52.5426959991; 112890; 0.0; 0.0; -0.027232; 0.0; 0.0; 0.0; 0.0; 0.0; 0.0; 0.0; 0.0; 0.0; 0.0; 0.0; 0.0; 0.0; 0.0; 2.45; 1.34; 1.8; 1.33; 0.0; 0.0; 0.0; 0; 0; 0.0; 0.0; 1; 4.09390884296; 3.12535279564; -2.59288272478; 0; 0; 0; 0; 0.0; 0.0; 0.0; -1.0; 0.0; 0.0; 0.0; 0.0; 0.0; 1.0;0; 0;0; 0; 
52.5534100533; 112890; 0.0; 0.0; -0.026516; 0.0; 0.0; 0.0; 0.0; 0.0; 0.0; 0.0; 0.0; 0.0; 0.0; 0.0; 0.0; 0.0; 0.0; 0.0; 1.34; 1.8; 1.33; 0.0; 0.0; 0.0; 0; 0; 0.0; 0.0; 1; 4.09390884296; 3.12535279564; -2.59288272478; 0; 0; 0; 0; 0.0; 0.0; 0.0; -1.0; 0.0; 0.0; 0.0; 0.0; 0.0; 1.0;0; 0;0; 0; 
52.5645651817; 112900; 0.0; 0.0; -0.025972; 0.0; 0.0; 0.0; 0.0; 0.0; 0.0; 0.0; 0.0; 0.0; 0.0; 0.0; 0.0; 0.0; 0.0; 0.0; 1.34; 1.8; 1.33; 0.0; 0.0; 0.0; 0; 0; 0.0; 0.0; 1; 4.09390884296; 3.12535279564; -2.59288272478; 0; 0; 0; 0; 0.0; 0.0; 0.0; -1.0; 0.0; 0.0; 0.0; 0.0; 0.0; 1.0;0; 0;0; 0; 
52.5755779743; 112900; 0.0; 0.0; -0.025551; 0.0; 0.0; 0.0; 0.0; 0.0; 0.0; 0.0; 0.0; 0.0; 0.0; 0.0; 0.0; 0.0; 0.0; 0.0; 1.34; 1.8; 1.33; 0.0; 0.0; 0.0; 0; 0; 0.0; 0.0; 1; 4.09390884296; 3.12535279564; -2.59288272478; 0; 0; 0; 0; 0.0; 0.0; 0.0; -1.0; 0.0; 0.0; 0.0; 0.0; 0.0; 1.0;0; 0;0; 0; 
52.5864651203; 112910; 0.0; 0.0; -0.025208; 0.0; 0.0; 0.0; 0.0; 0.0; 0.0; 0.0; 0.0; 0.0; 0.0; 0.0; 0.0; 0.0; 0.0; 0.0; 1.34; 1.8; 1.33; 0.0; 0.0; 0.0; 0; 0; 0.0; 0.0; 1; 4.09390884296; 3.12535279564; -2.59288272478; 0; 0; 0; 0; 0.0; 0.0; 0.0; -1.0; 0.0; 0.0; 0.0; 0.0; 0.0; 1.0;0; 0;0; 0; 
52.5970680714; 112910; 0.0; 0.0; -0.024876; 0.0; 0.0; 0.0; 0.0; 0.0; 0.0; 0.0; 0.0; 0.0; 0.0; 0.0; 0.0; 0.0; 0.0; 0.0; 1.34; 1.8; 1.33; 0.0; 0.0; 0.0; 0; 0; 0.0; 0.0; 1; 4.09390884296; 3.12535279564; -2.59288272478; 0; 0; 0; 0; 0.0; 0.0; 0.0; -1.0; 0.0; 0.0; 0.0; 0.0; 0.0; 1.0;0; 0;0; 0; 
52.610270977; 112920; 0.0; 0.0; -0.024564; 0.0; 0.0; 0.0; 0.0; 0.0; 0.0; 0.0; 0.0; 0.0; 0.0; 0.0; 0.0; 0.0; 0.0; 0.0; 1.34; 1.8; 1.33; 0.0; 0.0; 0.0; 0; 0; 0.0; 0.0; 1; 4.06776725631; 3.10931460881; -2.58966659751; 0; 0; 0; 0; 0.0; 0.0; 0.0; -1.0; 0.0; 0.0; 0.0; 0.0; 0.0; 1.0;0; 0;0; 0; 
52.6215450764; 112920; 0.0; 0.0; -0.024282; 0.0; 0.0; 0.0; 0.0; 0.0; 0.0; 0.0; 0.0; 0.0; 0.0; 0.0; 0.0; 0.0; 0.0; 0.0; 1.34; 1.8; 1.33; 0.0; 0.0; 0.0; 0; 0; 0.0; 0.0; 1; 4.06776725631; 3.10931460881; -2.58966659751; 0; 0; 0; 0; 0.0; 0.0; 0.0; -1.0; 0.0; 0.0; 0.0; 0.0; 0.0; 1.0;0; 0;0; 0; 
52.6316680908; 112930; 0.0; 0.0; -0.024084; 0.0; 0.0; 0.0; 0.0; 0.0; 0.0; 0.0; 0.0; 0.0; 0.0; 0.0; 0.0; 0.0; 0.0; 0.0; 1.34; 1.8; 1.33; 0.0; 0.0; 0.0; 0; 0; 0.0; 0.0; 1; 4.06776725631; 3.10931460881; -2.58966659751; 0; 0; 0; 0; 0.0; 0.0; 0.0; -1.0; 0.0; 0.0; 0.0; 0.0; 0.0; 1.0;0; 0;0; 0; 
52.6430840492; 112930; 0.0; 0.0; -0.024023; 0.0; 0.0; 0.0; 0.0; 0.0; 0.0; 0.0; 0.0; 0.0; 0.0; 0.0; 0.0; 0.0; 0.0; 0.0; 1.34; 1.8; 1.33; 0.0; 0.0; 0.0; 0; 0; 0.0; 0.0; 1; 4.06776725631; 3.10931460881; -2.58966659751; 0; 0; 0; 0; 0.0; 0.0; 0.0; -1.0; 0.0; 0.0; 0.0; 0.0; 0.0; 1.0;0; 0;0; 0; 
52.6529381275; 112940; 0.0; 0.0; -0.024164; 0.0; 0.0; 0.0; 0.0; 0.0; 0.0; 0.0; 0.0; 0.0; 0.0; 0.0; 0.0; 0.0; 0.0; 0.0; 1.34; 1.8; 1.33; 0.0; 0.0; 0.0; 0; 0; 0.0; 0.0; 1; 4.06776725631; 3.10931460881; -2.58966659751; 0; 0; 0; 0; 0.0; 0.0; 0.0; -1.0; 0.0; 0.0; 0.0; 0.0; 0.0; 1.0;0; 0;0; 0; 
52.6631779671; 112940; 0.0; 0.0; -0.024542; 0.0; 0.0; 0.0; 0.0; 0.0; 0.0; 0.0; 0.0; 0.0; 0.0; 0.0; 0.0; 0.0; 0.0; 0.0; 1.34; 1.8; 1.33; 0.0; 0.0; 0.0; 0; 0; 0.0; 0.0; 1; 4.06776725631; 3.10931460881; -2.58966659751; 0; 0; 0; 0; 0.0; 0.0; 0.0; -1.0; 0.0; 0.0; 0.0; 0.0; 0.0; 1.0;0; 0;0; 0; 
52.6741189957; 112950; 0.0; 0.0; -0.025128; 0.0; 0.0; 0.0; 0.0; 0.0; 0.0; 0.0; 0.0; 0.0; 0.0; 0.0; 0.0; 0.0; 0.0; 0.0; 1.34; 1.8; 1.33; 0.0; 0.0; 0.0; 0; 0; 0.0; 0.0; 1; 4.06776725631; 3.10931460881; -2.58966659751; 0; 0; 0; 0; 0.0; 0.0; 0.0; -1.0; 0.0; 0.0; 0.0; 0.0; 0.0; 1.0;0; 0;0; 0; 
52.685393095; 112950; 0.0; 0.0; -0.025825; 0.0; 0.0; 0.0; 0.0; 0.0; 0.0; 0.0; 0.0; 0.0; 0.0; 0.0; 0.0; 0.0; 0.0; 0.0; 1.34; 1.8; 1.33; 0.0; 0.0; 0.0; 0; 0; 0.0; 0.0; 1; 4.06776725631; 3.10931460881; -2.58966659751; 0; 0; 0; 0; 0.0; 0.0; 0.0; -1.0; 0.0; 0.0; 0.0; 0.0; 0.0; 1.0;0; 0;0; 0; 
52.6964859962; 112960; 0.0; 0.0; -0.026475; 0.0; 0.0; 0.0; 0.0; 0.0; 0.0; 0.0; 0.0; 0.0; 0.0; 0.0; 0.0; 0.0; 0.0; 0.0; 1.34; 1.8; 1.33; 0.0; 0.0; 0.0; 0; 0; 0.0; 0.0; 1; 4.06776725631; 3.10931460881; -2.58966659751; 0; 0; 0; 0; 0.0; 0.0; 0.0; -1.0; 0.0; 0.0; 0.0; 0.0; 0.0; 1.0;0; 0;0; 0; 
52.7099921703; 112960; 0.0; 0.0; -0.026922; 0.0; 0.0; 0.0; 0.0; 0.0; 0.0; 0.0; 0.0; 0.0; 0.0; 0.0; 0.0; 0.0; 0.0; 0.0; 1.34; 1.8; 1.33; 0.0; 0.0; 0.0; 0; 0; 0.0; 0.0; 1; 4.06776725631; 3.10931460881; -2.58966659751; 0; 0; 0; 0; 0.0; 0.0; 0.0; -1.0; 0.0; 0.0; 0.0; 0.0; 0.0; 1.0;0; 0;0; 0; 
52.7223420143; 112970; 0.0; 0.0; -0.027062; 0.0; 0.0; 0.0; 0.0; 0.0; 0.0; 0.0; 0.0; 0.0; 0.0; 0.0; 0.0; 0.0; 0.0; 0.0; 1.34; 1.8; 1.33; 0.0; 0.0; 0.0; 0; 0; 0.0; 0.0; 1; 4.06776725631; 3.10931460881; -2.58966659751; 0; 0; 0; 0; 0.0; 0.0; 0.0; -1.0; 0.0; 0.0; 0.0; 0.0; 0.0; 1.0;0; 0;0; 0; 
52.7342021465; 112970; 0.0; 0.0; -0.026788; 0.0; 0.0; 0.0; 0.0; 0.0; 0.0; 0.0; 0.0; 0.0; 0.0; 0.0; 0.0; 0.0; 0.0; 0.0; 1.34; 1.8; 1.33; 0.0; 0.0; 0.0; 0; 0; 0.0; 0.0; 1; 4.06776725631; 3.10931460881; -2.58966659751; 0; 0; 0; 0; 0.0; 0.0; 0.0; -1.0; 0.0; 0.0; 0.0; 0.0; 0.0; 1.0;0; 0;0; 0; 
52.7455821037; 112980; 0.0; 0.0; -0.026072; 0.0; 0.0; 0.0; 0.0; 0.0; 0.0; 0.0; 0.0; 0.0; 0.0; 0.0; 0.0; 0.0; 0.0; 0.0; 1.34; 1.8; 1.33; 0.0; 0.0; 0.0; 0; 0; 0.0; 0.0; 1; 4.06776725631; 3.10931460881; -2.58966659751; 0; 0; 0; 0; 0.0; 0.0; 0.0; -1.0; 0.0; 0.0; 0.0; 0.0; 0.0; 1.0;0; 0;0; 0; 
52.7574131489; 112980; 0.0; 0.0; -0.024947; 0.0; 0.0; 0.0; 0.0; 0.0; 0.0; 0.0; 0.0; 0.0; 0.0; 0.0; 0.0; 0.0; 0.0; 0.0; 1.34; 1.8; 1.33; 0.0; 0.0; 0.0; 0; 0; 0.0; 0.0; 1; 4.06776725631; 3.10931460881; -2.58966659751; 0; 0; 0; 0; 0.0; 0.0; 0.0; -1.0; 0.0; 0.0; 0.0; 0.0; 0.0; 1.0;0; 0;0; 0; 
52.7685141563; 112990; 0.0; 0.0; -0.023487; 0.0; 0.0; 0.0; 0.0; 0.0; 0.0; 0.0; 0.0; 0.0; 0.0; 0.0; 0.0; 0.0; 0.0; 0.0; 1.34; 1.8; 1.33; 0.0; 0.0; 0.0; 0; 0; 0.0; 0.0; 1; 4.06776725631; 3.10931460881; -2.58966659751; 0; 0; 0; 0; 0.0; 0.0; 0.0; -1.0; 0.0; 0.0; 0.0; 0.0; 0.0; 1.0;0; 0;0; 0; 
52.7793982029; 112990; 0.0; 0.0; -0.021807; 0.0; 0.0; 0.0; 0.0; 0.0; 0.0; 0.0; 0.0; 0.0; 0.0; 0.0; 0.0; 0.0; 0.0; 0.0; 1.34; 1.8; 1.33; 0.0; 0.0; 0.0; 0; 0; 0.0; 0.0; 1; 4.06776725631; 3.10931460881; -2.58966659751; 0; 0; 0; 0; 0.0; 0.0; 0.0; -1.0; 0.0; 0.0; 0.0; 0.0; 0.0; 1.0;0; 0;0; 0; 
52.7908291817; 113000; 0.0; 0.0; -0.02; 0.0; 0.0; 0.0; 0.0; 0.0; 0.0; 0.0; 0.0; 0.0; 0.0; 0.0; 0.0; 0.0; 0.0; 0.0; 1.34; 1.8; 1.33; 0.0; 0.0; 0.0; 0; 0; 0.0; 0.0; 1; 4.06776725631; 3.10931460881; -2.58966659751; 0; 0; 0; 0; 0.0; 0.0; 0.0; -1.0; 0.0; 0.0; 0.0; 0.0; 0.0; 1.0;0; 0;0; 0; 
52.8029921055; 113000; 0.0; 0.0; -0.018168; 0.0; 0.0; 0.0; 0.0; 0.0; 0.0; 0.0; 0.0; 0.0; 0.0; 0.0; 0.0; 0.0; 0.0; 0.0; 1.34; 1.8; 1.33; 0.0; 0.0; 0.0; 0; 0; 0.0; 0.0; 1; 4.06776725631; 3.10931460881; -2.58966659751; 0; 0; 0; 0; 0.0; 0.0; 0.0; -1.0; 0.0; 0.0; 0.0; 0.0; 0.0; 1.0;0; 0;0; 0; 
52.8152530193; 113010; 0.0; 0.0; -0.016394; 0.0; 0.0; 0.0; 0.0; 0.0; 0.0; 0.0; 0.0; 0.0; 0.0; 0.0; 0.0; 0.0; 0.0; 0.0; 1.34; 1.8; 1.33; 0.0; 0.0; 0.0; 0; 0; 0.0; 0.0; 1; 4.06776725631; 3.10931460881; -2.58966659751; 0; 0; 0; 0; 0.0; 0.0; 0.0; -1.0; 0.0; 0.0; 0.0; 0.0; 0.0; 1.0;0; 0;0; 0; 
52.8269059658; 113010; 0.0; 0.0; -0.014718; 0.0; 0.0; 0.0; 0.0; 0.0; 0.0; 0.0; 0.0; 0.0; 0.0; 0.0; 0.0; 0.0; 0.0; 0.0; 1.34; 1.8; 1.33; 0.0; 0.0; 0.0; 0; 0; 0.0; 0.0; 1; 4.06776725631; 3.10931460881; -2.58966659751; 0; 0; 0; 0; 0.0; 0.0; 0.0; -1.0; 0.0; 0.0; 0.0; 0.0; 0.0; 1.0;0; 0;0; 0; 
52.8378250599; 113020; 0.0; 0.0; -0.013143; 0.0; 0.0; 0.0; 0.0; 0.0; 0.0; 0.0; 0.0; 0.0; 0.0; 0.0; 0.0; 0.0; 0.0; 0.0; 1.34; 1.8; 1.33; 0.0; 0.0; 0.0; 0; 0; 0.0; 0.0; 1; 4.04758545788; 3.0968604609; -2.58746496114; 0; 0; 0; 0; 0.0; 0.0; 0.0; -1.0; 0.0; 0.0; 0.0; 0.0; 0.0; 1.0;0; 0;0; 0; 
52.8486981392; 113020; 0.0; 0.0; -0.011694; 0.0; 0.0; 0.0; 0.0; 0.0; 0.0; 0.0; 0.0; 0.0; 0.0; 0.0; 0.0; 0.0; 0.0; 0.0; 1.34; 1.8; 1.33; 0.0; 0.0; 0.0; 0; 0; 0.0; 0.0; 1; 4.04758545788; 3.0968604609; -2.58746496114; 0; 0; 0; 0; 0.0; 0.0; 0.0; -1.0; 0.0; 0.0; 0.0; 0.0; 0.0; 1.0;0; 0;0; 0; 
52.8604910374; 113030; 0.0; 0.0; -0.010437; 0.0; 0.0; 0.0; 0.0; 0.0; 0.0; 0.0; 0.0; 0.0; 0.0; 0.0; 0.0; 0.0; 0.0; 0.0; 1.34; 1.8; 1.33; 0.0; 0.0; 0.0; 0; 0; 0.0; 0.0; 1; 4.04758545788; 3.0968604609; -2.58746496114; 0; 0; 0; 0; 0.0; 0.0; 0.0; -1.0; 0.0; 0.0; 0.0; 0.0; 0.0; 1.0;0; 0;0; 0; 
52.8725681305; 113030; 0.0; 0.0; -0.0093806; 0.0; 0.0; 0.0; 0.0; 0.0; 0.0; 0.0; 0.0; 0.0; 0.0; 0.0; 0.0; 0.0; 0.0; 0.0; 1.34; 1.8; 1.33; 0.0; 0.0; 0.0; 0; 0; 0.0; 0.0; 1; 4.04758545788; 3.0968604609; -2.58746496114; 0; 0; 0; 0; 0.0; 0.0; 0.0; -1.0; 0.0; 0.0; 0.0; 0.0; 0.0; 1.0;0; 0;0; 0; 
52.8853201866; 113040; 0.0; 0.0; -0.0085075; 0.0; 0.0; 0.0; 0.0; 0.0; 0.0; 0.0; 0.0; 0.0; 0.0; 0.0; 0.0; 0.0; 0.0; 0.0; 1.34; 1.8; 1.33; 0.0; 0.0; 0.0; 0; 0; 0.0; 0.0; 1; 4.04758545788; 3.0968604609; -2.58746496114; 0; 0; 0; 0; 0.0; 0.0; 0.0; -1.0; 0.0; 0.0; 0.0; 0.0; 0.0; 1.0;0; 0;0; 0; 
52.8975651264; 113040; 0.0; 0.0; -0.0078408; 0.0; 0.0; 0.0; 0.0; 0.0; 0.0; 0.0; 0.0; 0.0; 0.0; 0.0; 0.0; 0.0; 0.0; 0.0; 1.34; 1.8; 1.33; 0.0; 0.0; 0.0; 0; 0; 0.0; 0.0; 1; 4.04758545788; 3.0968604609; -2.58746496114; 0; 0; 0; 0; 0.0; 0.0; 0.0; -1.0; 0.0; 0.0; 0.0; 0.0; 0.0; 1.0;0; 0;0; 0; 
52.9103190899; 113050; 0.0; 0.0; -0.007421; 0.0; 0.0; 0.0; 0.0; 0.0; 0.0; 0.0; 0.0; 0.0; 0.0; 0.0; 0.0; 0.0; 0.0; 0.0; 1.34; 1.8; 1.33; 0.0; 0.0; 0.0; 0; 0; 0.0; 0.0; 1; 4.04758545788; 3.0968604609; -2.58746496114; 0; 0; 0; 0; 0.0; 0.0; 0.0; -1.0; 0.0; 0.0; 0.0; 0.0; 0.0; 1.0;0; 0;0; 0; 
52.923787117; 113050; 0.0; 0.0; -0.0072972; 0.0; 0.0; 0.0; 0.0; 0.0; 0.0; 0.0; 0.0; 0.0; 0.0; 0.0; 0.0; 0.0; 0.0; 0.0; 1.34; 1.8; 1.33; 0.0; 0.0; 0.0; 0; 0; 0.0; 0.0; 1; 4.04758545788; 3.0968604609; -2.58746496114; 0; 0; 0; 0; 0.0; 0.0; 0.0; -1.0; 0.0; 0.0; 0.0; 0.0; 0.0; 1.0;0; 0;0; 0; 
52.936398983; 113060; 0.0; 0.0; -0.007439; 0.0; 0.0; 0.0; 0.0; 0.0; 0.0; 0.0; 0.0; 0.0; 0.0; 0.0; 0.0; 0.0; 0.0; 0.0; 1.34; 1.8; 1.33; 0.0; 0.0; 0.0; 0; 0; 0.0; 0.0; 1; 4.04758545788; 3.0968604609; -2.58746496114; 0; 0; 0; 0; 0.0; 0.0; 0.0; -1.0; 0.0; 0.0; 0.0; 0.0; 0.0; 1.0;0; 0;0; 0; 
52.9490561485; 113060; 0.0; 0.0; -0.0078044; 0.0; 0.0; 0.0; 0.0; 0.0; 0.0; 0.0; 0.0; 0.0; 0.0; 0.0; 0.0; 0.0; 0.0; 0.0; 1.34; 1.8; 1.33; 0.0; 0.0; 0.0; 0; 0; 0.0; 0.0; 1; 4.04758545788; 3.0968604609; -2.58746496114; 0; 0; 0; 0; 0.0; 0.0; 0.0; -1.0; 0.0; 0.0; 0.0; 0.0; 0.0; 1.0;0; 0;0; 0; 
52.9621891975; 113070; 0.0; 0.0; -0.0083699; 0.0; 0.0; 0.0; 0.0; 0.0; 0.0; 0.0; 0.0; 0.0; 0.0; 0.0; 0.0; 0.0; 0.0; 0.0; 1.34; 1.8; 1.33; 0.0; 0.0; 0.0; 0; 0; 0.0; 0.0; 1; 4.04758545788; 3.0968604609; -2.58746496114; 0; 0; 0; 0; 0.0; 0.0; 0.0; -1.0; 0.0; 0.0; 0.0; 0.0; 0.0; 1.0;0; 0;0; 0; 
52.9732000828; 113070; 0.0; 0.0; -0.0089507; 0.0; 0.0; 0.0; 0.0; 0.0; 0.0; 0.0; 0.0; 0.0; 0.0; 0.0; 0.0; 0.0; 0.0; 0.0; 1.34; 1.8; 1.33; 0.0; 0.0; 0.0; 0; 0; 0.0; 0.0; 1; 4.04758545788; 3.0968604609; -2.58746496114; 0; 0; 0; 0; 0.0; 0.0; 0.0; -1.0; 0.0; 0.0; 0.0; 0.0; 0.0; 1.0;0; 0;0; 0; 
52.9844450951; 113080; 0.0; 0.0; -0.0092676; 0.0; 0.0; 0.0; 0.0; 0.0; 0.0; 0.0; 0.0; 0.0; 0.0; 0.0; 0.0; 0.0; 0.0; 0.0; 1.34; 1.8; 1.33; 0.0; 0.0; 0.0; 0; 0; 0.0; 0.0; 1; 4.04758545788; 3.0968604609; -2.58746496114; 0; 0; 0; 0; 0.0; 0.0; 0.0; -1.0; 0.0; 0.0; 0.0; 0.0; 0.0; 1.0;0; 0;0; 0; 
52.9968631268; 113080; 0.0; 0.0; -0.0091731; 0.0; 0.0; 0.0; 0.0; 0.0; 0.0; 0.0; 0.0; 0.0; 0.0; 0.0; 0.0; 0.0; 0.0; 0.0; 0.0; 0.0; 0.0; 0.0; 0.0; 0.0; 0; 0; 0.0; 0.0; 1; 4.04758545788; 3.0968604609; -2.58746496114; 0; 0; 0; 0; 0.0; 0.0; 0.0; -1.0; 0.0; 0.0; 0.0; 0.0; 0.0; 1.0;0; 0;0; 0; 
53.0082030296; 113090; 0.0; 0.0; -0.008636; 0.0; 0.0; 0.0; 0.0; 0.0; 0.0; 0.0; 0.0; 0.0; 0.0; 0.0; 0.0; 0.0; 0.0; 0.0; 0.0; 0.0; 0.0; 0.0; 0.0; 0.0; 0; 0; 0.0; 0.0; 1; 4.04758545788; 3.0968604609; -2.58746496114; 0; 0; 0; 0; 0.0; 0.0; 0.0; -1.0; 0.0; 0.0; 0.0; 0.0; 0.0; 1.0;0; 0;0; 0; 
53.019767046; 113090; 0.0; 0.0; -0.0077191; 0.0; 0.0; 0.0; 0.0; 0.0; 0.0; 0.0; 0.0; 0.0; 0.0; 0.0; 0.0; 0.0; 0.0; 0.0; 0.0; 0.0; 0.0; 0.0; 0.0; 0.0; 0; 0; 0.0; 0.0; 1; 4.04758545788; 3.0968604609; -2.58746496114; 0; 0; 0; 0; 0.0; 0.0; 0.0; -1.0; 0.0; 0.0; 0.0; 0.0; 0.0; 1.0;0; 0;0; 0; 
53.0312070847; 113100; 0.0; 0.0; -0.0065512; 0.0; 0.0; 0.0; 0.0; 0.0; 0.0; 0.0; 0.0; 0.0; 0.0; 0.0; 0.0; 0.0; 0.0; 0.0; 0.0; 0.0; 0.0; 0.0; 0.0; 0.0; 0; 0; 0.0; 0.0; 1; 4.04758545788; 3.0968604609; -2.58746496114; 0; 0; 0; 0; 0.0; 0.0; 0.0; -1.0; 0.0; 0.0; 0.0; 0.0; 0.0; 1.0;0; 0;0; 0; 
53.0427789688; 113100; 0.0; 0.0; -0.005376; 0.0; 0.0; 0.0; 0.0; 0.0; 0.0; 0.0; 0.0; 0.0; 0.0; 0.0; 0.0; 0.0; 0.0; 0.0; 0.0; 0.0; 0.0; 0.0; 0.0; 0.0; 0; 0; 0.0; 0.0; 1; 4.04758545788; 3.0968604609; -2.58746496114; 0; 0; 0; 0; 0.0; 0.0; 0.0; -1.0; 0.0; 0.0; 0.0; 0.0; 0.0; 1.0;0; 0;0; 0; 
53.0546281338; 113110; 0.0; 0.0; -0.0045373; 0.0; 0.0; 0.0; 0.0; 0.0; 0.0; 0.0; 0.0; 0.0; 0.0; 0.0; 0.0; 0.0; 0.0; 0.0; 0.0; 0.0; 0.0; 0.0; 0.0; 0.0; 0; 0; 0.0; 0.0; 1; 4.04758545788; 3.0968604609; -2.58746496114; 0; 0; 0; 0; 0.0; 0.0; 0.0; -1.0; 0.0; 0.0; 0.0; 0.0; 0.0; 1.0;0; 0;0; 0; 
53.0664880276; 113110; 0.0; 0.0; -0.0042288; 0.0; 0.0; 0.0; 0.0; 0.0; 0.0; 0.0; 0.0; 0.0; 0.0; 0.0; 0.0; 0.0; 0.0; 0.0; 0.0; 0.0; 0.0; 0.0; 0.0; 0.0; 0; 0; 0.0; 0.0; 1; 4.04758545788; 3.0968604609; -2.58746496114; 0; 0; 0; 0; 0.0; 0.0; 0.0; -1.0; 0.0; 0.0; 0.0; 0.0; 0.0; 1.0;0; 0;0; 0; 
53.0776381493; 113120; 0.0; 0.0; -0.0044291; 0.0; 0.0; 0.0; 0.0; 0.0; 0.0; 0.0; 0.0; 0.0; 0.0; 0.0; 0.0; 0.0; 0.0; 0.0; 0.0; 0.0; 0.0; 0.0; 0.0; 0.0; 0; 0; 0.0; 0.0; 1; 4.03157590681; 3.08694533992; -2.5868496366; 0; 0; 0; 0; 0.0; 0.0; 0.0; -1.0; 0.0; 0.0; 0.0; 0.0; 0.0; 1.0;0; 0;0; 0; 
53.0892691612; 113120; 0.0; 0.0; -0.0050032; 0.0; 0.0; 0.0; 0.0; 0.0; 0.0; 0.0; 0.0; 0.0; 0.0; 0.0; 0.0; 0.0; 0.0; 0.0; 0.0; 0.0; 0.0; 0.0; 0.0; 0.0; 0; 0; 0.0; 0.0; 1; 4.03157590681; 3.08694533992; -2.5868496366; 0; 0; 0; 0; 0.0; 0.0; 0.0; -1.0; 0.0; 0.0; 0.0; 0.0; 0.0; 1.0;0; 0;0; 0; 
53.0998520851; 113130; 0.0; 0.0; -0.0058006; 0.0; 0.0; 0.0; 0.0; 0.0; 0.0; 0.0; 0.0; 0.0; 0.0; 0.0; 0.0; 0.0; 0.0; 0.0; 0.0; 0.0; 0.0; 0.0; 0.0; 0.0; 0; 0; 0.0; 0.0; 1; 4.03157590681; 3.08694533992; -2.5868496366; 0; 0; 0; 0; 0.0; 0.0; 0.0; -1.0; 0.0; 0.0; 0.0; 0.0; 0.0; 1.0;0; 0;0; 0; 
53.1113159657; 113130; 0.0; 0.0; -0.0066843; 0.0; 0.0; 0.0; 0.0; 0.0; 0.0; 0.0; 0.0; 0.0; 0.0; 0.0; 0.0; 0.0; 0.0; 0.0; 0.0; 0.0; 0.0; 0.0; 0.0; 0.0; 0; 0; 0.0; 0.0; 1; 4.03157590681; 3.08694533992; -2.5868496366; 0; 0; 0; 0; 0.0; 0.0; 0.0; -1.0; 0.0; 0.0; 0.0; 0.0; 0.0; 1.0;0; 0;0; 0; 
53.1226971149; 113140; 0.0; 0.0; -0.0075674; 0.0; 0.0; 0.0; 0.0; 0.0; 0.0; 0.0; 0.0; 0.0; 0.0; 0.0; 0.0; 0.0; 0.0; 0.0; 0.0; 0.0; 0.0; 0.0; 0.0; 0.0; 0; 0; 0.0; 0.0; 1; 4.03157590681; 3.08694533992; -2.5868496366; 0; 0; 0; 0; 0.0; 0.0; 0.0; -1.0; 0.0; 0.0; 0.0; 0.0; 0.0; 1.0;0; 0;0; 0; 
53.1348052025; 113140; 0.0; 0.0; -0.0084617; 0.0; 0.0; 0.0; 0.0; 0.0; 0.0; 0.0; 0.0; 0.0; 0.0; 0.0; 0.0; 0.0; 0.0; 0.0; 0.0; 0.0; 0.0; 0.0; 0.0; 0.0; 0; 0; 0.0; 0.0; 1; 4.03157590681; 3.08694533992; -2.5868496366; 0; 0; 0; 0; 0.0; 0.0; 0.0; -1.0; 0.0; 0.0; 0.0; 0.0; 0.0; 1.0;0; 0;0; 0; 
53.1464111805; 113150; 0.0; 0.0; -0.0094059; 0.0; 0.0; 0.0; 0.0; 0.0; 0.0; 0.0; 0.0; 0.0; 0.0; 0.0; 0.0; 0.0; 0.0; 0.0; 0.0; 0.0; 0.0; 0.0; 0.0; 0.0; 0; 0; 0.0; 0.0; 1; 4.03157590681; 3.08694533992; -2.5868496366; 0; 0; 0; 0; 0.0; 0.0; 0.0; -1.0; 0.0; 0.0; 0.0; 0.0; 0.0; 1.0;0; 0;0; 0; 
53.1571211815; 113150; 0.0; 0.0; -0.010462; 0.0; 0.0; 0.0; 0.0; 0.0; 0.0; 0.0; 0.0; 0.0; 0.0; 0.0; 0.0; 0.0; 0.0; 0.0; 0.0; 0.0; 0.0; 0.0; 0.0; 0.0; 0; 0; 0.0; 0.0; 1; 4.03157590681; 3.08694533992; -2.5868496366; 0; 0; 0; 0; 0.0; 0.0; 0.0; -1.0; 0.0; 0.0; 0.0; 0.0; 0.0; 1.0;0; 0;0; 0; 
53.1676251888; 113160; 0.0; 0.0; -0.011603; 0.0; 0.0; 0.0; 0.0; 0.0; 0.0; 0.0; 0.0; 0.0; 0.0; 0.0; 0.0; 0.0; 0.0; 0.0; 0.0; 0.0; 0.0; 0.0; 0.0; 0.0; 0; 0; 0.0; 0.0; 1; 4.03157590681; 3.08694533992; -2.5868496366; 0; 0; 0; 0; 0.0; 0.0; 0.0; -1.0; 0.0; 0.0; 0.0; 0.0; 0.0; 1.0;0; 0;0; 0; 
53.1789460182; 113160; 0.0; 0.0; -0.01273; 0.0; 0.0; 0.0; 0.0; 0.0; 0.0; 0.0; 0.0; 0.0; 0.0; 0.0; 0.0; 0.0; 0.0; 0.0; 0.0; 0.0; 0.0; 0.0; 0.0; 0.0; 0; 0; 0.0; 0.0; 1; 4.03157590681; 3.08694533992; -2.5868496366; 0; 0; 0; 0; 0.0; 0.0; 0.0; -1.0; 0.0; 0.0; 0.0; 0.0; 0.0; 1.0;0; 0;0; 0; 
53.1903660297; 113170; 0.0; 0.0; -0.013744; 0.0; 0.0; 0.0; 0.0; 0.0; 0.0; 0.0; 0.0; 0.0; 0.0; 0.0; 0.0; 0.0; 0.0; 0.0; 0.0; 0.0; 0.0; 0.0; 0.0; 0.0; 0; 0; 0.0; 0.0; 1; 4.03157590681; 3.08694533992; -2.5868496366; 0; 0; 0; 0; 0.0; 0.0; 0.0; -1.0; 0.0; 0.0; 0.0; 0.0; 0.0; 1.0;0; 0;0; 0; 
53.2008280754; 113170; 0.0; 0.0; -0.014573; 0.0; 0.0; 0.0; 0.0; 0.0; 0.0; 0.0; 0.0; 0.0; 0.0; 0.0; 0.0; 0.0; 0.0; 0.0; 0.0; 0.0; 0.0; 0.0; 0.0; 0.0; 0; 0; 0.0; 0.0; 1; 4.03157590681; 3.08694533992; -2.5868496366; 0; 0; 0; 0; 0.0; 0.0; 0.0; -1.0; 0.0; 0.0; 0.0; 0.0; 0.0; 1.0;0; 0;0; 0; 
53.211523056; 113180; 0.0; 0.0; -0.015173; 0.0; 0.0; 0.0; 0.0; 0.0; 0.0; 0.0; 0.0; 0.0; 0.0; 0.0; 0.0; 0.0; 0.0; 0.0; 0.0; 0.0; 0.0; 0.0; 0.0; 0.0; 0; 0; 0.0; 0.0; 1; 4.03157590681; 3.08694533992; -2.5868496366; 0; 0; 0; 0; 0.0; 0.0; 0.0; -1.0; 0.0; 0.0; 0.0; 0.0; 0.0; 1.0;0; 0;0; 0; 
53.2225971222; 113180; 0.0; 0.0; -0.015602; 0.0; 0.0; 0.0; 0.0; 0.0; 0.0; 0.0; 0.0; 0.0; 0.0; 0.0; 0.0; 0.0; 0.0; 1.26; 1.61; 0.0; 1.02; 0.0; 0.0; 0.0; 0; 0; 0.0; 0.0; 1; 4.03157590681; 3.08694533992; -2.5868496366; 0; 0; 0; 0; 0.0; 0.0; 0.0; -1.0; 0.0; 0.0; 0.0; 0.0; 0.0; 1.0;0; 0;0; 0; 
53.2349040508; 113190; 0.0; 0.0; -0.015917; 0.0; 0.0; 0.0; 0.0; 0.0; 0.0; 0.0; 0.0; 0.0; 0.0; 0.0; 0.0; 0.0; 0.0; 1.26; 1.61; 0.0; 1.02; 0.0; 0.0; 0.0; 0; 0; 0.0; 0.0; 1; 4.03157590681; 3.08694533992; -2.5868496366; 0; 0; 0; 0; 0.0; 0.0; 0.0; -1.0; 0.0; 0.0; 0.0; 0.0; 0.0; 1.0;0; 0;0; 0; 
53.2460100651; 113190; 0.0; 0.0; -0.016171; 0.0; 0.0; 0.0; 0.0; 0.0; 0.0; 0.0; 0.0; 0.0; 0.0; 0.0; 0.0; 0.0; 0.0; 1.26; 1.61; 0.0; 1.02; 0.0; 0.0; 0.0; 0; 0; 0.0; 0.0; 1; 4.03157590681; 3.08694533992; -2.5868496366; 0; 0; 0; 0; 0.0; 0.0; 0.0; -1.0; 0.0; 0.0; 0.0; 0.0; 0.0; 1.0;0; 0;0; 0; 
53.2575631142; 113200; 0.0; 0.0; -0.016368; 0.0; 0.0; 0.0; 0.0; 0.0; 0.0; 0.0; 0.0; 0.0; 0.0; 0.0; 0.0; 0.0; 0.0; 1.26; 1.61; 0.0; 1.02; 0.0; 0.0; 0.0; 0; 0; 0.0; 0.0; 1; 4.03157590681; 3.08694533992; -2.5868496366; 0; 0; 0; 0; 0.0; 0.0; 0.0; -1.0; 0.0; 0.0; 0.0; 0.0; 0.0; 1.0;0; 0;0; 0; 
53.2693741322; 113200; 0.0; 0.0; -0.016414; 0.0; 0.0; 0.0; 0.0; 0.0; 0.0; 0.0; 0.0; 0.0; 0.0; 0.0; 0.0; 0.0; 0.0; 1.26; 1.61; 0.0; 1.02; 0.0; 0.0; 0.0; 0; 0; 0.0; 0.0; 1; 4.03157590681; 3.08694533992; -2.5868496366; 0; 0; 0; 0; 0.0; 0.0; 0.0; -1.0; 0.0; 0.0; 0.0; 0.0; 0.0; 1.0;0; 0;0; 0; 
53.2801980972; 113210; 0.0; 0.0; -0.016243; 0.0; 0.0; 0.0; 0.0; 0.0; 0.0; 0.0; 0.0; 0.0; 0.0; 0.0; 0.0; 0.0; 0.0; 1.26; 1.61; 0.0; 1.02; 0.0; 0.0; 0.0; 0; 0; 0.0; 0.0; 1; 4.03157590681; 3.08694533992; -2.5868496366; 0; 0; 0; 0; 0.0; 0.0; 0.0; -1.0; 0.0; 0.0; 0.0; 0.0; 0.0; 1.0;0; 0;0; 0; 
53.2912650108; 113210; 0.0; 0.0; -0.01574; 0.0; 0.0; 0.0; 0.0; 0.0; 0.0; 0.0; 0.0; 0.0; 0.0; 0.0; 0.0; 0.0; 0.0; 1.26; 1.61; 0.0; 1.02; 0.0; 0.0; 0.0; 0; 0; 0.0; 0.0; 1; 4.03157590681; 3.08694533992; -2.5868496366; 0; 0; 0; 0; 0.0; 0.0; 0.0; -1.0; 0.0; 0.0; 0.0; 0.0; 0.0; 1.0;0; 0;0; 0; 
53.303866148; 113220; 0.0; 0.0; -0.014851; 0.0; 0.0; 0.0; 0.0; 0.0; 0.0; 0.0; 0.0; 0.0; 0.0; 0.0; 0.0; 0.0; 0.0; 1.26; 1.61; 0.0; 1.02; 0.0; 0.0; 0.0; 0; 0; 0.0; 0.0; 1; 4.02172739728; 3.08084221282; -2.58641157296; 0; 0; 0; 0; 0.0; 0.0; 0.0; -1.0; 0.0; 0.0; 0.0; 0.0; 0.0; 1.0;0; 0;0; 0; 
53.3146460056; 113220; 0.0; 0.0; -0.013643; 0.0; 0.0; 0.0; 0.0; 0.0; 0.0; 0.0; 0.0; 0.0; 0.0; 0.0; 0.0; 0.0; 0.0; 1.26; 1.61; 0.0; 1.02; 0.0; 0.0; 0.0; 0; 0; 0.0; 0.0; 1; 4.02172739728; 3.08084221282; -2.58641157296; 0; 0; 0; 0; 0.0; 0.0; 0.0; -1.0; 0.0; 0.0; 0.0; 0.0; 0.0; 1.0;0; 0;0; 0; 
53.326210022; 113230; 0.0; 0.0; -0.012248; 0.0; 0.0; 0.0; 0.0; 0.0; 0.0; 0.0; 0.0; 0.0; 0.0; 0.0; 0.0; 0.0; 0.0; 1.26; 1.61; 0.0; 1.02; 0.0; 0.0; 0.0; 0; 0; 0.0; 0.0; 1; 4.02172739728; 3.08084221282; -2.58641157296; 0; 0; 0; 0; 0.0; 0.0; 0.0; -1.0; 0.0; 0.0; 0.0; 0.0; 0.0; 1.0;0; 0;0; 0; 
53.3375341892; 113230; 0.0; 0.0; -0.010859; 0.0; 0.0; 0.0; 0.0; 0.0; 0.0; 0.0; 0.0; 0.0; 0.0; 0.0; 0.0; 0.0; 0.0; 1.26; 1.61; 0.0; 1.02; 0.0; 0.0; 0.0; 0; 0; 0.0; 0.0; 1; 4.02172739728; 3.08084221282; -2.58641157296; 0; 0; 0; 0; 0.0; 0.0; 0.0; -1.0; 0.0; 0.0; 0.0; 0.0; 0.0; 1.0;0; 0;0; 0; 
53.3484401703; 113240; 0.0; 0.0; -0.0096178; 0.0; 0.0; 0.0; 0.0; 0.0; 0.0; 0.0; 0.0; 0.0; 0.0; 0.0; 0.0; 0.0; 0.0; 1.26; 1.61; 0.0; 1.02; 0.0; 0.0; 0.0; 0; 0; 0.0; 0.0; 1; 4.02172739728; 3.08084221282; -2.58641157296; 0; 0; 0; 0; 0.0; 0.0; 0.0; -1.0; 0.0; 0.0; 0.0; 0.0; 0.0; 1.0;0; 0;0; 0; 
53.3594970703; 113240; 0.0; 0.0; -0.0086862; 0.0; 0.0; 0.0; 0.0; 0.0; 0.0; 0.0; 0.0; 0.0; 0.0; 0.0; 0.0; 0.0; 0.0; 1.26; 1.61; 0.0; 1.02; 0.0; 0.0; 0.0; 0; 0; 0.0; 0.0; 1; 4.02172739728; 3.08084221282; -2.58641157296; 0; 0; 0; 0; 0.0; 0.0; 0.0; -1.0; 0.0; 0.0; 0.0; 0.0; 0.0; 1.0;0; 0;0; 0; 
53.3699879646; 113250; 0.0; 0.0; -0.0081646; 0.0; 0.0; 0.0; 0.0; 0.0; 0.0; 0.0; 0.0; 0.0; 0.0; 0.0; 0.0; 0.0; 0.0; 1.26; 1.61; 0.0; 1.02; 0.0; 0.0; 0.0; 0; 0; 0.0; 0.0; 1; 4.02172739728; 3.08084221282; -2.58641157296; 0; 0; 0; 0; 0.0; 0.0; 0.0; -1.0; 0.0; 0.0; 0.0; 0.0; 0.0; 1.0;0; 0;0; 0; 
53.3811969757; 113250; 0.0; 0.0; -0.0080692; 0.0; 0.0; 0.0; 0.0; 0.0; 0.0; 0.0; 0.0; 0.0; 0.0; 0.0; 0.0; 0.0; 0.0; 1.26; 1.61; 0.0; 1.02; 0.0; 0.0; 0.0; 0; 0; 0.0; 0.0; 1; 4.02172739728; 3.08084221282; -2.58641157296; 0; 0; 0; 0; 0.0; 0.0; 0.0; -1.0; 0.0; 0.0; 0.0; 0.0; 0.0; 1.0;0; 0;0; 0; 
53.3921821117; 113260; 0.0; 0.0; -0.0084178; 0.0; 0.0; 0.0; 0.0; 0.0; 0.0; 0.0; 0.0; 0.0; 0.0; 0.0; 0.0; 0.0; 0.0; 1.26; 1.61; 0.0; 1.02; 0.0; 0.0; 0.0; 0; 0; 0.0; 0.0; 1; 4.02172739728; 3.08084221282; -2.58641157296; 0; 0; 0; 0; 0.0; 0.0; 0.0; -1.0; 0.0; 0.0; 0.0; 0.0; 0.0; 1.0;0; 0;0; 0; 
53.4034230709; 113260; 0.0; 0.0; -0.0092205; 0.0; 0.0; 0.0; 0.0; 0.0; 0.0; 0.0; 0.0; 0.0; 0.0; 0.0; 0.0; 0.0; 0.0; 1.26; 1.61; 0.0; 1.02; 0.0; 0.0; 0.0; 0; 0; 0.0; 0.0; 1; 4.02172739728; 3.08084221282; -2.58641157296; 0; 0; 0; 0; 0.0; 0.0; 0.0; -1.0; 0.0; 0.0; 0.0; 0.0; 0.0; 1.0;0; 0;0; 0; 
53.4146580696; 113270; 0.0; 0.0; -0.010513; 0.0; 0.0; 0.0; 0.0; 0.0; 0.0; 0.0; 0.0; 0.0; 0.0; 0.0; 0.0; 0.0; 0.0; 1.26; 1.61; 0.0; 1.02; 0.0; 0.0; 0.0; 0; 0; 0.0; 0.0; 1; 4.02172739728; 3.08084221282; -2.58641157296; 0; 0; 0; 0; 0.0; 0.0; 0.0; -1.0; 0.0; 0.0; 0.0; 0.0; 0.0; 1.0;0; 0;0; 0; 
53.4260761738; 113270; 0.0; 0.0; -0.012282; 0.0; 0.0; 0.0; 0.0; 0.0; 0.0; 0.0; 0.0; 0.0; 0.0; 0.0; 0.0; 0.0; 0.0; 1.26; 1.61; 0.0; 1.02; 0.0; 0.0; 0.0; 0; 0; 0.0; 0.0; 1; 4.02172739728; 3.08084221282; -2.58641157296; 0; 0; 0; 0; 0.0; 0.0; 0.0; -1.0; 0.0; 0.0; 0.0; 0.0; 0.0; 1.0;0; 0;0; 0; 
53.4368960857; 113280; 0.0; 0.0; -0.014383; 0.0; 0.0; 0.0; 0.0; 0.0; 0.0; 0.0; 0.0; 0.0; 0.0; 0.0; 0.0; 0.0; 0.0; 1.26; 1.61; 0.0; 1.02; 0.0; 0.0; 0.0; 0; 0; 0.0; 0.0; 1; 4.02172739728; 3.08084221282; -2.58641157296; 0; 0; 0; 0; 0.0; 0.0; 0.0; -1.0; 0.0; 0.0; 0.0; 0.0; 0.0; 1.0;0; 0;0; 0; 
53.4486980438; 113280; 0.0; 0.0; -0.016723; 0.0; 0.0; 0.0; 0.0; 0.0; 0.0; 0.0; 0.0; 0.0; 0.0; 0.0; 0.0; 0.0; 0.0; 1.26; 1.61; 0.0; 1.02; 0.0; 0.0; 0.0; 0; 0; 0.0; 0.0; 1; 4.02172739728; 3.08084221282; -2.58641157296; 0; 0; 0; 0; 0.0; 0.0; 0.0; -1.0; 0.0; 0.0; 0.0; 0.0; 0.0; 1.0;0; 0;0; 0; 
53.4595980644; 113290; 0.0; 0.0; -0.019045; 0.0; 0.0; 0.0; 0.0; 0.0; 0.0; 0.0; 0.0; 0.0; 0.0; 0.0; 0.0; 0.0; 0.0; 1.26; 1.61; 0.0; 1.02; 0.0; 0.0; 0.0; 0; 0; 0.0; 0.0; 1; 4.02172739728; 3.08084221282; -2.58641157296; 0; 0; 0; 0; 0.0; 0.0; 0.0; -1.0; 0.0; 0.0; 0.0; 0.0; 0.0; 1.0;0; 0;0; 0; 
53.4711470604; 113290; 0.0; 0.0; -0.021065; 0.0; 0.0; 0.0; 0.0; 0.0; 0.0; 0.0; 0.0; 0.0; 0.0; 0.0; 0.0; 0.0; 0.0; 1.26; 1.61; 0.0; 1.02; 0.0; 0.0; 0.0; 0; 0; 0.0; 0.0; 1; 4.02172739728; 3.08084221282; -2.58641157296; 0; 0; 0; 0; 0.0; 0.0; 0.0; -1.0; 0.0; 0.0; 0.0; 0.0; 0.0; 1.0;0; 0;0; 0; 
53.4817810059; 113300; 0.0; 0.0; -0.022428; 0.0; 0.0; 0.0; 0.0; 0.0; 0.0; 0.0; 0.0; 0.0; 0.0; 0.0; 0.0; 0.0; 0.0; 1.26; 1.61; 0.0; 1.02; 0.0; 0.0; 0.0; 0; 0; 0.0; 0.0; 1; 4.02172739728; 3.08084221282; -2.58641157296; 0; 0; 0; 0; 0.0; 0.0; 0.0; -1.0; 0.0; 0.0; 0.0; 0.0; 0.0; 1.0;0; 0;0; 0; 
53.4947860241; 113300; 0.0; 0.0; -0.022862; 0.0; 0.0; 0.0; 0.0; 0.0; 0.0; 0.0; 0.0; 0.0; 0.0; 0.0; 0.0; 0.0; 0.0; 1.26; 1.61; 0.0; 1.02; 0.0; 0.0; 0.0; 0; 0; 0.0; 0.0; 1; 4.02172739728; 3.08084221282; -2.58641157296; 0; 0; 0; 0; 0.0; 0.0; 0.0; -1.0; 0.0; 0.0; 0.0; 0.0; 0.0; 1.0;0; 0;0; 0; 
53.504513979; 113310; 0.0; 0.0; -0.02232; 0.0; 0.0; 0.0; 0.0; 0.0; 0.0; 0.0; 0.0; 0.0; 0.0; 0.0; 0.0; 0.0; 0.0; 1.26; 1.61; 0.0; 1.02; 0.0; 0.0; 0.0; 0; 0; 0.0; 0.0; 1; 4.02172739728; 3.08084221282; -2.58641157296; 0; 0; 0; 0; 0.0; 0.0; 0.0; -1.0; 0.0; 0.0; 0.0; 0.0; 0.0; 1.0;0; 0;0; 0; 
53.5153691769; 113310; 0.0; 0.0; -0.020826; 0.0; 0.0; 0.0; 0.0; 0.0; 0.0; 0.0; 0.0; 0.0; 0.0; 0.0; 0.0; 0.0; 0.0; 1.26; 1.61; 0.0; 1.02; 0.0; 0.0; 0.0; 0; 0; 0.0; 0.0; 1; 4.02172739728; 3.08084221282; -2.58641157296; 0; 0; 0; 0; 0.0; 0.0; 0.0; -1.0; 0.0; 0.0; 0.0; 0.0; 0.0; 1.0;0; 0;0; 0; 
53.5266740322; 113320; 0.0; 0.0; -0.018572; 0.0; 0.0; 0.0; 0.0; 0.0; 0.0; 0.0; 0.0; 0.0; 0.0; 0.0; 0.0; 0.0; 0.0; 1.26; 1.61; 0.0; 1.02; 0.0; 0.0; 0.0; 0; 0; 0.0; 0.0; 1; 4.0127534559; 3.07526976178; -2.58514657387; 0; 0; 0; 0; 0.0; 0.0; 0.0; -1.0; 0.0; 0.0; 0.0; 0.0; 0.0; 1.0;0; 0;0; 0; 
53.5376091003; 113320; 0.0; 0.0; -0.01578; 0.0; 0.0; 0.0; 0.0; 0.0; 0.0; 0.0; 0.0; 0.0; 0.0; 0.0; 0.0; 0.0; 0.0; 1.26; 1.61; 0.0; 1.02; 0.0; 0.0; 0.0; 0; 0; 0.0; 0.0; 1; 4.0127534559; 3.07526976178; -2.58514657387; 0; 0; 0; 0; 0.0; 0.0; 0.0; -1.0; 0.0; 0.0; 0.0; 0.0; 0.0; 1.0;0; 0;0; 0; 
53.549695015; 113330; 0.0; 0.0; -0.012675; 0.0; 0.0; 0.0; 0.0; 0.0; 0.0; 0.0; 0.0; 0.0; 0.0; 0.0; 0.0; 0.0; 0.0; 1.26; 1.61; 0.0; 1.02; 0.0; 0.0; 0.0; 0; 0; 0.0; 0.0; 1; 4.0127534559; 3.07526976178; -2.58514657387; 0; 0; 0; 0; 0.0; 0.0; 0.0; -1.0; 0.0; 0.0; 0.0; 0.0; 0.0; 1.0;0; 0;0; 0; 
53.5604021549; 113330; 0.0; 0.0; -0.0095869; 0.0; 0.0; 0.0; 0.0; 0.0; 0.0; 0.0; 0.0; 0.0; 0.0; 0.0; 0.0; 0.0; 0.0; 1.26; 1.61; 0.0; 1.02; 0.0; 0.0; 0.0; 0; 0; 0.0; 0.0; 1; 4.0127534559; 3.07526976178; -2.58514657387; 0; 0; 0; 0; 0.0; 0.0; 0.0; -1.0; 0.0; 0.0; 0.0; 0.0; 0.0; 1.0;0; 0;0; 0; 
53.5721020699; 113340; 0.0; 0.0; -0.0067175; 0.0; 0.0; 0.0; 0.0; 0.0; 0.0; 0.0; 0.0; 0.0; 0.0; 0.0; 0.0; 0.0; 0.0; 1.26; 1.61; 0.0; 1.02; 0.0; 0.0; 0.0; 0; 0; 0.0; 0.0; 1; 4.0127534559; 3.07526976178; -2.58514657387; 0; 0; 0; 0; 0.0; 0.0; 0.0; -1.0; 0.0; 0.0; 0.0; 0.0; 0.0; 1.0;0; 0;0; 0; 
53.586700201; 113340; 0.0; 0.0; -0.0042144; 0.0; 0.0; 0.0; 0.0; 0.0; 0.0; 0.0; 0.0; 0.0; 0.0; 0.0; 0.0; 0.0; 0.0; 1.26; 1.61; 0.0; 1.02; 0.0; 0.0; 0.0; 0; 0; 0.0; 0.0; 1; 4.0127534559; 3.07526976178; -2.58514657387; 0; 0; 0; 0; 0.0; 0.0; 0.0; -1.0; 0.0; 0.0; 0.0; 0.0; 0.0; 1.0;0; 0;0; 0; 
53.5975492001; 113350; 0.0; 0.0; -0.0021595; 0.0; 0.0; 0.0; 0.0; 0.0; 0.0; 0.0; 0.0; 0.0; 0.0; 0.0; 0.0; 0.0; 0.0; 1.26; 1.61; 0.0; 1.02; 0.0; 0.0; 0.0; 0; 0; 0.0; 0.0; 1; 4.0127534559; 3.07526976178; -2.58514657387; 0; 0; 0; 0; 0.0; 0.0; 0.0; -1.0; 0.0; 0.0; 0.0; 0.0; 0.0; 1.0;0; 0;0; 0; 
53.6089711189; 113350; 0.0; 0.0; -0.00063603; 0.0; 0.0; 0.0; 0.0; 0.0; 0.0; 0.0; 0.0; 0.0; 0.0; 0.0; 0.0; 0.0; 0.0; 1.26; 1.61; 0.0; 1.02; 0.0; 0.0; 0.0; 0; 0; 0.0; 0.0; 1; 4.0127534559; 3.07526976178; -2.58514657387; 0; 0; 0; 0; 0.0; 0.0; 0.0; -1.0; 0.0; 0.0; 0.0; 0.0; 0.0; 1.0;0; 0;0; 0; 
53.6201581955; 113360; 0.0; 0.0; 0.00026914; 0.0; 0.0; 0.0; 0.0; 0.0; 0.0; 0.0; 0.0; 0.0; 0.0; 0.0; 0.0; 0.0; 0.0; 1.26; 1.61; 0.0; 1.02; 0.0; 0.0; 0.0; 0; 0; 0.0; 0.0; 1; 4.0127534559; 3.07526976178; -2.58514657387; 0; 0; 0; 0; 0.0; 0.0; 0.0; -1.0; 0.0; 0.0; 0.0; 0.0; 0.0; 1.0;0; 0;0; 0; 
53.6310110092; 113360; 0.0; 0.0; 0.00060077; 0.0; 0.0; 0.0; 0.0; 0.0; 0.0; 0.0; 0.0; 0.0; 0.0; 0.0; 0.0; 0.0; 0.0; 1.26; 1.61; 0.0; 1.02; 0.0; 0.0; 0.0; 0; 0; 0.0; 0.0; 1; 4.0127534559; 3.07526976178; -2.58514657387; 0; 0; 0; 0; 0.0; 0.0; 0.0; -1.0; 0.0; 0.0; 0.0; 0.0; 0.0; 1.0;0; 0;0; 0; 
53.643581152; 113370; 0.0; 0.0; 0.00040512; 0.0; 0.0; 0.0; 0.0; 0.0; 0.0; 0.0; 0.0; 0.0; 0.0; 0.0; 0.0; 0.0; 0.0; 1.26; 1.61; 0.0; 1.02; 0.0; 0.0; 0.0; 0; 0; 0.0; 0.0; 1; 4.0127534559; 3.07526976178; -2.58514657387; 0; 0; 0; 0; 0.0; 0.0; 0.0; -1.0; 0.0; 0.0; 0.0; 0.0; 0.0; 1.0;0; 0;0; 0; 
53.6544070244; 113370; 0.0; 0.0; -0.00023056; 0.0; 0.0; 0.0; 0.0; 0.0; 0.0; 0.0; 0.0; 0.0; 0.0; 0.0; 0.0; 0.0; 0.0; 1.26; 1.61; 0.0; 1.02; 0.0; 0.0; 0.0; 0; 0; 0.0; 0.0; 1; 4.0127534559; 3.07526976178; -2.58514657387; 0; 0; 0; 0; 0.0; 0.0; 0.0; -1.0; 0.0; 0.0; 0.0; 0.0; 0.0; 1.0;0; 0;0; 0; 
53.6641440392; 113380; 0.0; 0.0; -0.0011996; 0.0; 0.0; 0.0; 0.0; 0.0; 0.0; 0.0; 0.0; 0.0; 0.0; 0.0; 0.0; 0.0; 0.0; 1.26; 1.61; 0.0; 1.02; 0.0; 0.0; 0.0; 0; 0; 0.0; 0.0; 1; 4.0127534559; 3.07526976178; -2.58514657387; 0; 0; 0; 0; 0.0; 0.0; 0.0; -1.0; 0.0; 0.0; 0.0; 0.0; 0.0; 1.0;0; 0;0; 0; 
53.674875021; 113380; 0.0; 0.0; -0.0024154; 0.0; 0.0; 0.0; 0.0; 0.0; 0.0; 0.0; 0.0; 0.0; 0.0; 0.0; 0.0; 0.0; 0.0; 1.26; 1.61; 0.0; 1.02; 0.0; 0.0; 0.0; 0; 0; 0.0; 0.0; 1; 4.0127534559; 3.07526976178; -2.58514657387; 0; 0; 0; 0; 0.0; 0.0; 0.0; -1.0; 0.0; 0.0; 0.0; 0.0; 0.0; 1.0;0; 0;0; 0; 
53.6863610744; 113390; 0.0; 0.0; -0.003793; 0.0; 0.0; 0.0; 0.0; 0.0; 0.0; 0.0; 0.0; 0.0; 0.0; 0.0; 0.0; 0.0; 0.0; 1.26; 1.61; 0.0; 1.02; 0.0; 0.0; 0.0; 0; 0; 0.0; 0.0; 1; 4.0127534559; 3.07526976178; -2.58514657387; 0; 0; 0; 0; 0.0; 0.0; 0.0; -1.0; 0.0; 0.0; 0.0; 0.0; 0.0; 1.0;0; 0;0; 0; 
53.6971871853; 113390; 0.0; 0.0; -0.0053068; 0.0; 0.0; 0.0; 0.0; 0.0; 0.0; 0.0; 0.0; 0.0; 0.0; 0.0; 0.0; 0.0; 0.0; 1.26; 1.61; 0.0; 1.02; 0.0; 0.0; 0.0; 0; 0; 0.0; 0.0; 1; 4.0127534559; 3.07526976178; -2.58514657387; 0; 0; 0; 0; 0.0; 0.0; 0.0; -1.0; 0.0; 0.0; 0.0; 0.0; 0.0; 1.0;0; 0;0; 0; 
53.708479166; 113400; 0.0; 0.0; -0.006855; 0.0; 0.0; 0.0; 0.0; 0.0; 0.0; 0.0; 0.0; 0.0; 0.0; 0.0; 0.0; 0.0; 0.0; 1.26; 1.61; 0.0; 1.02; 0.0; 0.0; 0.0; 0; 0; 0.0; 0.0; 1; 4.0127534559; 3.07526976178; -2.58514657387; 0; 0; 0; 0; 0.0; 0.0; 0.0; -1.0; 0.0; 0.0; 0.0; 0.0; 0.0; 1.0;0; 0;0; 0; 
53.7193801403; 113400; 0.0; 0.0; -0.0083564; 0.0; 0.0; 0.0; 0.0; 0.0; 0.0; 0.0; 0.0; 0.0; 0.0; 0.0; 0.0; 0.0; 0.0; 1.26; 1.61; 0.0; 1.02; 0.0; 0.0; 0.0; 0; 0; 0.0; 0.0; 1; 4.0127534559; 3.07526976178; -2.58514657387; 0; 0; 0; 0; 0.0; 0.0; 0.0; -1.0; 0.0; 0.0; 0.0; 0.0; 0.0; 1.0;0; 0;0; 0; 
53.7310500145; 113410; 0.0; 0.0; -0.0097609; 0.0; 0.0; 0.0; 0.0; 0.0; 0.0; 0.0; 0.0; 0.0; 0.0; 0.0; 0.0; 0.0; 0.0; 1.26; 1.61; 0.0; 1.02; 0.0; 0.0; 0.0; 0; 0; 0.0; 0.0; 1; 4.0127534559; 3.07526976178; -2.58514657387; 0; 0; 0; 0; 0.0; 0.0; 0.0; -1.0; 0.0; 0.0; 0.0; 0.0; 0.0; 1.0;0; 0;0; 0; 
53.7420241833; 113410; 0.0; 0.0; -0.011027; 0.0; 0.0; 0.0; 0.0; 0.0; 0.0; 0.0; 0.0; 0.0; 0.0; 0.0; 0.0; 0.0; 0.0; 1.26; 1.61; 0.0; 1.02; 0.0; 0.0; 0.0; 0; 0; 0.0; 0.0; 1; 4.0127534559; 3.07526976178; -2.58514657387; 0; 0; 0; 0; 0.0; 0.0; 0.0; -1.0; 0.0; 0.0; 0.0; 0.0; 0.0; 1.0;0; 0;0; 0; 
53.7535309792; 113420; 0.0; 0.0; -0.012069; 0.0; 0.0; 0.0; 0.0; 0.0; 0.0; 0.0; 0.0; 0.0; 0.0; 0.0; 0.0; 0.0; 0.0; 1.26; 1.61; 0.0; 1.02; 0.0; 0.0; 0.0; 0; 0; 0.0; 0.0; 1; 4.00307241377; 3.06924293294; -2.58453974005; 0; 0; 0; 0; 0.0; 0.0; 0.0; -1.0; 0.0; 0.0; 0.0; 0.0; 0.0; 1.0;0; 0;0; 0; 
53.7654221058; 113420; 0.0; 0.0; -0.012814; 0.0; 0.0; 0.0; 0.0; 0.0; 0.0; 0.0; 0.0; 0.0; 0.0; 0.0; 0.0; 0.0; 0.0; 1.26; 1.61; 0.0; 1.02; 0.0; 0.0; 0.0; 0; 0; 0.0; 0.0; 1; 4.00307241377; 3.06924293294; -2.58453974005; 0; 0; 0; 0; 0.0; 0.0; 0.0; -1.0; 0.0; 0.0; 0.0; 0.0; 0.0; 1.0;0; 0;0; 0; 
53.7773900032; 113430; 0.0; 0.0; -0.013254; 0.0; 0.0; 0.0; 0.0; 0.0; 0.0; 0.0; 0.0; 0.0; 0.0; 0.0; 0.0; 0.0; 0.0; 1.26; 1.61; 0.0; 1.02; 0.0; 0.0; 0.0; 0; 0; 0.0; 0.0; 1; 4.00307241377; 3.06924293294; -2.58453974005; 0; 0; 0; 0; 0.0; 0.0; 0.0; -1.0; 0.0; 0.0; 0.0; 0.0; 0.0; 1.0;0; 0;0; 0; 
53.7882840633; 113430; 0.0; 0.0; -0.013424; 0.0; 0.0; 0.0; 0.0; 0.0; 0.0; 0.0; 0.0; 0.0; 0.0; 0.0; 0.0; 0.0; 0.0; 1.26; 1.61; 0.0; 1.02; 0.0; 0.0; 0.0; 0; 0; 0.0; 0.0; 1; 4.00307241377; 3.06924293294; -2.58453974005; 0; 0; 0; 0; 0.0; 0.0; 0.0; -1.0; 0.0; 0.0; 0.0; 0.0; 0.0; 1.0;0; 0;0; 0; 
53.7991950512; 113440; 0.0; 0.0; -0.013364; 0.0; 0.0; 0.0; 0.0; 0.0; 0.0; 0.0; 0.0; 0.0; 0.0; 0.0; 0.0; 0.0; 0.0; 1.26; 1.61; 0.0; 1.02; 0.0; 0.0; 0.0; 0; 0; 0.0; 0.0; 1; 4.00307241377; 3.06924293294; -2.58453974005; 0; 0; 0; 0; 0.0; 0.0; 0.0; -1.0; 0.0; 0.0; 0.0; 0.0; 0.0; 1.0;0; 0;0; 0; 
53.8104791641; 113440; 0.0; 0.0; -0.013081; 0.0; 0.0; 0.0; 0.0; 0.0; 0.0; 0.0; 0.0; 0.0; 0.0; 0.0; 0.0; 0.0; 0.0; 1.26; 1.61; 0.0; 1.02; 0.0; 0.0; 0.0; 0; 0; 0.0; 0.0; 1; 4.00307241377; 3.06924293294; -2.58453974005; 0; 0; 0; 0; 0.0; 0.0; 0.0; -1.0; 0.0; 0.0; 0.0; 0.0; 0.0; 1.0;0; 0;0; 0; 
53.8215451241; 113450; 0.0; 0.0; -0.012691; 0.0; 0.0; 0.0; 0.0; 0.0; 0.0; 0.0; 0.0; 0.0; 0.0; 0.0; 0.0; 0.0; 0.0; 1.26; 1.61; 0.0; 1.02; 0.0; 0.0; 0.0; 0; 0; 0.0; 0.0; 1; 4.00307241377; 3.06924293294; -2.58453974005; 0; 0; 0; 0; 0.0; 0.0; 0.0; -1.0; 0.0; 0.0; 0.0; 0.0; 0.0; 1.0;0; 0;0; 0; 
53.8337900639; 113450; 0.0; 0.0; -0.01224; 0.0; 0.0; 0.0; 0.0; 0.0; 0.0; 0.0; 0.0; 0.0; 0.0; 0.0; 0.0; 0.0; 0.0; 1.26; 1.61; 0.0; 1.02; 0.0; 0.0; 0.0; 0; 0; 0.0; 0.0; 1; 4.00307241377; 3.06924293294; -2.58453974005; 0; 0; 0; 0; 0.0; 0.0; 0.0; -1.0; 0.0; 0.0; 0.0; 0.0; 0.0; 1.0;0; 0;0; 0; 
53.8462481499; 113460; 0.0; 0.0; -0.011794; 0.0; 0.0; 0.0; 0.0; 0.0; 0.0; 0.0; 0.0; 0.0; 0.0; 0.0; 0.0; 0.0; 0.0; 1.26; 1.61; 0.0; 1.02; 0.0; 0.0; 0.0; 0; 0; 0.0; 0.0; 1; 4.00307241377; 3.06924293294; -2.58453974005; 0; 0; 0; 0; 0.0; 0.0; 0.0; -1.0; 0.0; 0.0; 0.0; 0.0; 0.0; 1.0;0; 0;0; 0; 
53.8601071835; 113460; 0.0; 0.0; -0.011378; 0.0; 0.0; 0.0; 0.0; 0.0; 0.0; 0.0; 0.0; 0.0; 0.0; 0.0; 0.0; 0.0; 0.0; 1.26; 1.61; 0.0; 1.02; 0.0; 0.0; 0.0; 0; 0; 0.0; 0.0; 1; 4.00307241377; 3.06924293294; -2.58453974005; 0; 0; 0; 0; 0.0; 0.0; 0.0; -1.0; 0.0; 0.0; 0.0; 0.0; 0.0; 1.0;0; 0;0; 0; 
53.8723680973; 113470; 0.0; 0.0; -0.010987; 0.0; 0.0; 0.0; 0.0; 0.0; 0.0; 0.0; 0.0; 0.0; 0.0; 0.0; 0.0; 0.0; 0.0; 1.26; 1.61; 0.0; 1.02; 0.0; 0.0; 0.0; 0; 0; 0.0; 0.0; 1; 4.00307241377; 3.06924293294; -2.58453974005; 0; 0; 0; 0; 0.0; 0.0; 0.0; -1.0; 0.0; 0.0; 0.0; 0.0; 0.0; 1.0;0; 0;0; 0; 
53.8838951588; 113470; 0.0; 0.0; -0.010609; 0.0; 0.0; 0.0; 0.0; 0.0; 0.0; 0.0; 0.0; 0.0; 0.0; 0.0; 0.0; 0.0; 0.0; 1.26; 1.61; 0.0; 1.02; 0.0; 0.0; 0.0; 0; 0; 0.0; 0.0; 1; 4.00307241377; 3.06924293294; -2.58453974005; 0; 0; 0; 0; 0.0; 0.0; 0.0; -1.0; 0.0; 0.0; 0.0; 0.0; 0.0; 1.0;0; 0;0; 0; 
53.896517992; 113480; 0.0; 0.0; -0.010235; 0.0; 0.0; 0.0; 0.0; 0.0; 0.0; 0.0; 0.0; 0.0; 0.0; 0.0; 0.0; 0.0; 0.0; 1.26; 1.61; 0.0; 1.02; 0.0; 0.0; 0.0; 0; 0; 0.0; 0.0; 1; 4.00307241377; 3.06924293294; -2.58453974005; 0; 0; 0; 0; 0.0; 0.0; 0.0; -1.0; 0.0; 0.0; 0.0; 0.0; 0.0; 1.0;0; 0;0; 0; 
53.9073081017; 113480; 0.0; 0.0; -0.0098322; 0.0; 0.0; 0.0; 0.0; 0.0; 0.0; 0.0; 0.0; 0.0; 0.0; 0.0; 0.0; 0.0; 0.0; 0.0; 0.0; 0.0; 0.0; 0.0; 0.0; 0.0; 0; 0; 0.0; 0.0; 1; 4.00307241377; 3.06924293294; -2.58453974005; 0; 0; 0; 0; 0.0; 0.0; 0.0; -1.0; 0.0; 0.0; 0.0; 0.0; 0.0; 1.0;0; 0;0; 0; 
53.9194521904; 113490; 0.0; 0.0; -0.0093963; 0.0; 0.0; 0.0; 0.0; 0.0; 0.0; 0.0; 0.0; 0.0; 0.0; 0.0; 0.0; 0.0; 0.0; 0.0; 0.0; 0.0; 0.0; 0.0; 0.0; 0.0; 0; 0; 0.0; 0.0; 1; 4.00307241377; 3.06924293294; -2.58453974005; 0; 0; 0; 0; 0.0; 0.0; 0.0; -1.0; 0.0; 0.0; 0.0; 0.0; 0.0; 1.0;0; 0;0; 0; 
53.930273056; 113490; 0.0; 0.0; -0.0089384; 0.0; 0.0; 0.0; 0.0; 0.0; 0.0; 0.0; 0.0; 0.0; 0.0; 0.0; 0.0; 0.0; 0.0; 0.0; 0.0; 0.0; 0.0; 0.0; 0.0; 0.0; 0; 0; 0.0; 0.0; 1; 4.00307241377; 3.06924293294; -2.58453974005; 0; 0; 0; 0; 0.0; 0.0; 0.0; -1.0; 0.0; 0.0; 0.0; 0.0; 0.0; 1.0;0; 0;0; 0; 
53.9411461353; 113500; 0.0; 0.0; -0.0084804; 0.0; 0.0; 0.0; 0.0; 0.0; 0.0; 0.0; 0.0; 0.0; 0.0; 0.0; 0.0; 0.0; 0.0; 0.0; 0.0; 0.0; 0.0; 0.0; 0.0; 0.0; 0; 0; 0.0; 0.0; 1; 4.00307241377; 3.06924293294; -2.58453974005; 0; 0; 0; 0; 0.0; 0.0; 0.0; -1.0; 0.0; 0.0; 0.0; 0.0; 0.0; 1.0;0; 0;0; 0; 
53.9522550106; 113500; 0.0; 0.0; -0.0080595; 0.0; 0.0; 0.0; 0.0; 0.0; 0.0; 0.0; 0.0; 0.0; 0.0; 0.0; 0.0; 0.0; 0.0; 0.0; 0.0; 0.0; 0.0; 0.0; 0.0; 0.0; 0; 0; 0.0; 0.0; 1; 4.00307241377; 3.06924293294; -2.58453974005; 0; 0; 0; 0; 0.0; 0.0; 0.0; -1.0; 0.0; 0.0; 0.0; 0.0; 0.0; 1.0;0; 0;0; 0; 
53.9635150433; 113510; 0.0; 0.0; -0.0076925; 0.0; 0.0; 0.0; 0.0; 0.0; 0.0; 0.0; 0.0; 0.0; 0.0; 0.0; 0.0; 0.0; 0.0; 0.0; 0.0; 0.0; 0.0; 0.0; 0.0; 0.0; 0; 0; 0.0; 0.0; 1; 4.00307241377; 3.06924293294; -2.58453974005; 0; 0; 0; 0; 0.0; 0.0; 0.0; -1.0; 0.0; 0.0; 0.0; 0.0; 0.0; 1.0;0; 0;0; 0; 
53.9741551876; 113510; 0.0; 0.0; -0.0074383; 0.0; 0.0; 0.0; 0.0; 0.0; 0.0; 0.0; 0.0; 0.0; 0.0; 0.0; 0.0; 0.0; 0.0; 0.0; 0.0; 0.0; 0.0; 0.0; 0.0; 0.0; 0; 0; 0.0; 0.0; 1; 4.00307241377; 3.06924293294; -2.58453974005; 0; 0; 0; 0; 0.0; 0.0; 0.0; -1.0; 0.0; 0.0; 0.0; 0.0; 0.0; 1.0;0; 0;0; 0; 
53.9851551056; 113520; 0.0; 0.0; -0.0073045; 0.0; 0.0; 0.0; 0.0; 0.0; 0.0; 0.0; 0.0; 0.0; 0.0; 0.0; 0.0; 0.0; 0.0; 0.0; 0.0; 0.0; 0.0; 0.0; 0.0; 0.0; 0; 0; 0.0; 0.0; 1; 3.99323105895; 3.06310691841; -2.5837708946; 0; 0; 0; 0; 0.0; 0.0; 0.0; -1.0; 0.0; 0.0; 0.0; 0.0; 0.0; 1.0;0; 0;0; 0; 
53.9961540699; 113520; 0.0; 0.0; -0.0072667; 0.0; 0.0; 0.0; 0.0; 0.0; 0.0; 0.0; 0.0; 0.0; 0.0; 0.0; 0.0; 0.0; 0.0; 0.0; 0.0; 0.0; 0.0; 0.0; 0.0; 0.0; 0; 0; 0.0; 0.0; 1; 3.99323105895; 3.06310691841; -2.5837708946; 0; 0; 0; 0; 0.0; 0.0; 0.0; -1.0; 0.0; 0.0; 0.0; 0.0; 0.0; 1.0;0; 0;0; 0; 
54.007133007; 113530; 0.0; 0.0; -0.0073206; 0.0; 0.0; 0.0; 0.0; 0.0; 0.0; 0.0; 0.0; 0.0; 0.0; 0.0; 0.0; 0.0; 0.0; 0.0; 0.0; 0.0; 0.0; 0.0; 0.0; 0.0; 0; 0; 0.0; 0.0; 1; 3.99323105895; 3.06310691841; -2.5837708946; 0; 0; 0; 0; 0.0; 0.0; 0.0; -1.0; 0.0; 0.0; 0.0; 0.0; 0.0; 1.0;0; 0;0; 0; 
54.017966032; 113530; 0.0; 0.0; -0.0074514; 0.0; 0.0; 0.0; 0.0; 0.0; 0.0; 0.0; 0.0; 0.0; 0.0; 0.0; 0.0; 0.0; 0.0; 0.0; 0.0; 0.0; 0.0; 0.0; 0.0; 0.0; 0; 0; 0.0; 0.0; 1; 3.99323105895; 3.06310691841; -2.5837708946; 0; 0; 0; 0; 0.0; 0.0; 0.0; -1.0; 0.0; 0.0; 0.0; 0.0; 0.0; 1.0;0; 0;0; 0; 
54.0290060043; 113540; 0.0; 0.0; -0.0076576; 0.0; 0.0; 0.0; 0.0; 0.0; 0.0; 0.0; 0.0; 0.0; 0.0; 0.0; 0.0; 0.0; 0.0; 0.0; 0.0; 0.0; 0.0; 0.0; 0.0; 0.0; 0; 0; 0.0; 0.0; 1; 3.99323105895; 3.06310691841; -2.5837708946; 0; 0; 0; 0; 0.0; 0.0; 0.0; -1.0; 0.0; 0.0; 0.0; 0.0; 0.0; 1.0;0; 0;0; 0; 
54.0399951935; 113540; 0.0; 0.0; -0.0079084; 0.0; 0.0; 0.0; 0.0; 0.0; 0.0; 0.0; 0.0; 0.0; 0.0; 0.0; 0.0; 0.0; 0.0; 0.0; 0.0; 0.0; 0.0; 0.0; 0.0; 0.0; 0; 0; 0.0; 0.0; 1; 3.99323105895; 3.06310691841; -2.5837708946; 0; 0; 0; 0; 0.0; 0.0; 0.0; -1.0; 0.0; 0.0; 0.0; 0.0; 0.0; 1.0;0; 0;0; 0; 
54.0525491238; 113550; 0.0; 0.0; -0.0081462; 0.0; 0.0; 0.0; 0.0; 0.0; 0.0; 0.0; 0.0; 0.0; 0.0; 0.0; 0.0; 0.0; 0.0; 0.0; 0.0; 0.0; 0.0; 0.0; 0.0; 0.0; 0; 0; 0.0; 0.0; 1; 3.99323105895; 3.06310691841; -2.5837708946; 0; 0; 0; 0; 0.0; 0.0; 0.0; -1.0; 0.0; 0.0; 0.0; 0.0; 0.0; 1.0;0; 0;0; 0; 
54.0627660751; 113550; 0.0; 0.0; -0.0084233; 0.0; 0.0; 0.0; 0.0; 0.0; 0.0; 0.0; 0.0; 0.0; 0.0; 0.0; 0.0; 0.0; 0.0; 0.0; 0.0; 0.0; 0.0; 0.0; 0.0; 0.0; 0; 0; 0.0; 0.0; 1; 3.99323105895; 3.06310691841; -2.5837708946; 0; 0; 0; 0; 0.0; 0.0; 0.0; -1.0; 0.0; 0.0; 0.0; 0.0; 0.0; 1.0;0; 0;0; 0; 
54.0741021633; 113560; 0.0; 0.0; -0.008725; 0.0; 0.0; 0.0; 0.0; 0.0; 0.0; 0.0; 0.0; 0.0; 0.0; 0.0; 0.0; 0.0; 0.0; 0.0; 0.0; 0.0; 0.0; 0.0; 0.0; 0.0; 0; 0; 0.0; 0.0; 1; 3.99323105895; 3.06310691841; -2.5837708946; 0; 0; 0; 0; 0.0; 0.0; 0.0; -1.0; 0.0; 0.0; 0.0; 0.0; 0.0; 1.0;0; 0;0; 0; 
54.0847389698; 113560; 0.0; 0.0; -0.0090414; 0.0; 0.0; 0.0; 0.0; 0.0; 0.0; 0.0; 0.0; 0.0; 0.0; 0.0; 0.0; 0.0; 0.0; 0.0; 0.0; 0.0; 0.0; 0.0; 0.0; 0.0; 0; 0; 0.0; 0.0; 1; 3.99323105895; 3.06310691841; -2.5837708946; 0; 0; 0; 0; 0.0; 0.0; 0.0; -1.0; 0.0; 0.0; 0.0; 0.0; 0.0; 1.0;0; 0;0; 0; 
54.0963201523; 113570; 0.0; 0.0; -0.0093622; 0.0; 0.0; 0.0; 0.0; 0.0; 0.0; 0.0; 0.0; 0.0; 0.0; 0.0; 0.0; 0.0; 0.0; 0.0; 0.0; 0.0; 0.0; 0.0; 0.0; 0.0; 0; 0; 0.0; 0.0; 1; 3.99323105895; 3.06310691841; -2.5837708946; 0; 0; 0; 0; 0.0; 0.0; 0.0; -1.0; 0.0; 0.0; 0.0; 0.0; 0.0; 1.0;0; 0;0; 0; 
54.1076340675; 113570; 0.0; 0.0; -0.0096666; 0.0; 0.0; 0.0; 0.0; 0.0; 0.0; 0.0; 0.0; 0.0; 0.0; 0.0; 0.0; 0.0; 0.0; 0.0; 0.0; 0.0; 0.0; 0.0; 0.0; 0.0; 0; 0; 0.0; 0.0; 1; 3.99323105895; 3.06310691841; -2.5837708946; 0; 0; 0; 0; 0.0; 0.0; 0.0; -1.0; 0.0; 0.0; 0.0; 0.0; 0.0; 1.0;0; 0;0; 0; 
54.1185259819; 113580; 0.0; 0.0; -0.0099549; 0.0; 0.0; 0.0; 0.0; 0.0; 0.0; 0.0; 0.0; 0.0; 0.0; 0.0; 0.0; 0.0; 0.0; 0.0; 0.0; 0.0; 0.0; 0.0; 0.0; 0.0; 0; 0; 0.0; 0.0; 1; 3.99323105895; 3.06310691841; -2.5837708946; 0; 0; 0; 0; 0.0; 0.0; 0.0; -1.0; 0.0; 0.0; 0.0; 0.0; 0.0; 1.0;0; 0;0; 0; 
54.129652977; 113580; 0.0; 0.0; -0.010178; 0.0; 0.0; 0.0; 0.0; 0.0; 0.0; 0.0; 0.0; 0.0; 0.0; 0.0; 0.0; 0.0; 0.0; 0.0; 0.0; 0.0; 0.0; 0.0; 0.0; 0.0; 0; 0; 0.0; 0.0; 1; 3.99323105895; 3.06310691841; -2.5837708946; 0; 0; 0; 0; 0.0; 0.0; 0.0; -1.0; 0.0; 0.0; 0.0; 0.0; 0.0; 1.0;0; 0;0; 0; 
54.1404771805; 113590; 0.0; 0.0; -0.010304; 0.0; 0.0; 0.0; 0.0; 0.0; 0.0; 0.0; 0.0; 0.0; 0.0; 0.0; 0.0; 0.0; 0.0; 0.0; 0.0; 0.0; 0.0; 0.0; 0.0; 0.0; 0; 0; 0.0; 0.0; 1; 3.99323105895; 3.06310691841; -2.5837708946; 0; 0; 0; 0; 0.0; 0.0; 0.0; -1.0; 0.0; 0.0; 0.0; 0.0; 0.0; 1.0;0; 0;0; 0; 
54.1515471935; 113590; 0.0; 0.0; -0.010338; 0.0; 0.0; 0.0; 0.0; 0.0; 0.0; 0.0; 0.0; 0.0; 0.0; 0.0; 0.0; 0.0; 0.0; 0.0; 0.0; 0.0; 0.0; 0.0; 0.0; 0.0; 0; 0; 0.0; 0.0; 1; 3.99323105895; 3.06310691841; -2.5837708946; 0; 0; 0; 0; 0.0; 0.0; 0.0; -1.0; 0.0; 0.0; 0.0; 0.0; 0.0; 1.0;0; 0;0; 0; 
54.1630721092; 113600; 0.0; 0.0; -0.010277; 0.0; 0.0; 0.0; 0.0; 0.0; 0.0; 0.0; 0.0; 0.0; 0.0; 0.0; 0.0; 0.0; 0.0; 0.0; 0.0; 0.0; 0.0; 0.0; 0.0; 0.0; 0; 0; 0.0; 0.0; 1; 3.99323105895; 3.06310691841; -2.5837708946; 0; 0; 0; 0; 0.0; 0.0; 0.0; -1.0; 0.0; 0.0; 0.0; 0.0; 0.0; 1.0;0; 0;0; 0; 
54.1744041443; 113600; 0.0; 0.0; -0.01011; 0.0; 0.0; 0.0; 0.0; 0.0; 0.0; 0.0; 0.0; 0.0; 0.0; 0.0; 0.0; 0.0; 0.0; 0.0; 0.0; 0.0; 0.0; 0.0; 0.0; 0.0; 0; 0; 0.0; 0.0; 1; 3.99323105895; 3.06310691841; -2.5837708946; 0; 0; 0; 0; 0.0; 0.0; 0.0; -1.0; 0.0; 0.0; 0.0; 0.0; 0.0; 1.0;0; 0;0; 0; 
54.1849160194; 113610; 0.0; 0.0; -0.0098614; 0.0; 0.0; 0.0; 0.0; 0.0; 0.0; 0.0; 0.0; 0.0; 0.0; 0.0; 0.0; 0.0; 0.0; 0.0; 0.0; 0.0; 0.0; 0.0; 0.0; 0.0; 0; 0; 0.0; 0.0; 1; 3.99323105895; 3.06310691841; -2.5837708946; 0; 0; 0; 0; 0.0; 0.0; 0.0; -1.0; 0.0; 0.0; 0.0; 0.0; 0.0; 1.0;0; 0;0; 0; 
54.195526123; 113610; 0.0; 0.0; -0.0095836; 0.0; 0.0; 0.0; 0.0; 0.0; 0.0; 0.0; 0.0; 0.0; 0.0; 0.0; 0.0; 0.0; 0.0; 0.0; 0.0; 0.0; 0.0; 0.0; 0.0; 0.0; 0; 0; 0.0; 0.0; 1; 3.99323105895; 3.06310691841; -2.5837708946; 0; 0; 0; 0; 0.0; 0.0; 0.0; -1.0; 0.0; 0.0; 0.0; 0.0; 0.0; 1.0;0; 0;0; 0; 
54.2063741684; 113620; 0.0; 0.0; -0.0093377; 0.0; 0.0; 0.0; 0.0; 0.0; 0.0; 0.0; 0.0; 0.0; 0.0; 0.0; 0.0; 0.0; 0.0; 0.0; 0.0; 0.0; 0.0; 0.0; 0.0; 0.0; 0; 0; 0.0; 0.0; 1; 3.98696366138; 3.05919656851; -2.5837708946; 0; 0; 0; 0; 0.0; 0.0; 0.0; -1.0; 0.0; 0.0; 0.0; 0.0; 0.0; 1.0;0; 0;0; 0; 
54.2195661068; 113620; 0.0; 0.0; -0.0090977; 0.0; 0.0; 0.0; 0.0; 0.0; 0.0; 0.0; 0.0; 0.0; 0.0; 0.0; 0.0; 0.0; 0.0; 0.0; 0.0; 0.0; 0.0; 0.0; 0.0; 0.0; 0; 0; 0.0; 0.0; 1; 3.98696366138; 3.05919656851; -2.5837708946; 0; 0; 0; 0; 0.0; 0.0; 0.0; -1.0; 0.0; 0.0; 0.0; 0.0; 0.0; 1.0;0; 0;0; 0; 
54.2304990292; 113630; 0.0; 0.0; -0.0088566; 0.0; 0.0; 0.0; 0.0; 0.0; 0.0; 0.0; 0.0; 0.0; 0.0; 0.0; 0.0; 0.0; 0.0; 0.0; 0.0; 0.0; 0.0; 0.0; 0.0; 0.0; 0; 0; 0.0; 0.0; 1; 3.98696366138; 3.05919656851; -2.5837708946; 0; 0; 0; 0; 0.0; 0.0; 0.0; -1.0; 0.0; 0.0; 0.0; 0.0; 0.0; 1.0;0; 0;0; 0; 
54.2416110039; 113630; 0.0; 0.0; -0.008679; 0.0; 0.0; 0.0; 0.0; 0.0; 0.0; 0.0; 0.0; 0.0; 0.0; 0.0; 0.0; 0.0; 0.0; 0.0; 0.0; 0.0; 0.0; 0.0; 0.0; 0.0; 0; 0; 0.0; 0.0; 1; 3.98696366138; 3.05919656851; -2.5837708946; 0; 0; 0; 0; 0.0; 0.0; 0.0; -1.0; 0.0; 0.0; 0.0; 0.0; 0.0; 1.0;0; 0;0; 0; 
54.2531809807; 113640; 0.0; 0.0; -0.0085586; 0.0; 0.0; 0.0; 0.0; 0.0; 0.0; 0.0; 0.0; 0.0; 0.0; 0.0; 0.0; 0.0; 0.0; 0.0; 0.0; 0.0; 0.0; 0.0; 0.0; 0.0; 0; 0; 0.0; 0.0; 1; 3.98696366138; 3.05919656851; -2.5837708946; 0; 0; 0; 0; 0.0; 0.0; 0.0; -1.0; 0.0; 0.0; 0.0; 0.0; 0.0; 1.0;0; 0;0; 0; 
54.2644920349; 113640; 0.0; 0.0; -0.0084981; 0.0; 0.0; 0.0; 0.0; 0.0; 0.0; 0.0; 0.0; 0.0; 0.0; 0.0; 0.0; 0.0; 0.0; 0.0; 0.0; 0.0; 0.0; 0.0; 0.0; 0.0; 0; 0; 0.0; 0.0; 1; 3.98696366138; 3.05919656851; -2.5837708946; 0; 0; 0; 0; 0.0; 0.0; 0.0; -1.0; 0.0; 0.0; 0.0; 0.0; 0.0; 1.0;0; 0;0; 0; 
54.2756950855; 113650; 0.0; 0.0; -0.0084616; 0.0; 0.0; 0.0; 0.0; 0.0; 0.0; 0.0; 0.0; 0.0; 0.0; 0.0; 0.0; 0.0; 0.0; 0.0; 0.0; 0.0; 0.0; 0.0; 0.0; 0.0; 0; 0; 0.0; 0.0; 1; 3.98696366138; 3.05919656851; -2.5837708946; 0; 0; 0; 0; 0.0; 0.0; 0.0; -1.0; 0.0; 0.0; 0.0; 0.0; 0.0; 1.0;0; 0;0; 0; 
54.2864210606; 113650; 0.0; 0.0; -0.0084738; 0.0; 0.0; 0.0; 0.0; 0.0; 0.0; 0.0; 0.0; 0.0; 0.0; 0.0; 0.0; 0.0; 0.0; 0.0; 0.0; 0.0; 0.0; 0.0; 0.0; 0.0; 0; 0; 0.0; 0.0; 1; 3.98696366138; 3.05919656851; -2.5837708946; 0; 0; 0; 0; 0.0; 0.0; 0.0; -1.0; 0.0; 0.0; 0.0; 0.0; 0.0; 1.0;0; 0;0; 0; 
54.2975990772; 113660; 0.0; 0.0; -0.0085822; 0.0; 0.0; 0.0; 0.0; 0.0; 0.0; 0.0; 0.0; 0.0; 0.0; 0.0; 0.0; 0.0; 0.0; 0.0; 0.0; 0.0; 0.0; 0.0; 0.0; 0.0; 0; 0; 0.0; 0.0; 1; 3.98696366138; 3.05919656851; -2.5837708946; 0; 0; 0; 0; 0.0; 0.0; 0.0; -1.0; 0.0; 0.0; 0.0; 0.0; 0.0; 1.0;0; 0;0; 0; 
54.3083000183; 113660; 0.0; 0.0; -0.008717; 0.0; 0.0; 0.0; 0.0; 0.0; 0.0; 0.0; 0.0; 0.0; 0.0; 0.0; 0.0; 0.0; 0.0; 0.0; 0.0; 0.0; 0.0; 0.0; 0.0; 0.0; 0; 0; 0.0; 0.0; 1; 3.98696366138; 3.05919656851; -2.5837708946; 0; 0; 0; 0; 0.0; 0.0; 0.0; -1.0; 0.0; 0.0; 0.0; 0.0; 0.0; 1.0;0; 0;0; 0; 
54.3200261593; 113670; 0.0; 0.0; -0.0088635; 0.0; 0.0; 0.0; 0.0; 0.0; 0.0; 0.0; 0.0; 0.0; 0.0; 0.0; 0.0; 0.0; 0.0; 0.0; 0.0; 0.0; 0.0; 0.0; 0.0; 0.0; 0; 0; 0.0; 0.0; 1; 3.98696366138; 3.05919656851; -2.5837708946; 0; 0; 0; 0; 0.0; 0.0; 0.0; -1.0; 0.0; 0.0; 0.0; 0.0; 0.0; 1.0;0; 0;0; 0; 
54.3307881355; 113670; 0.0; 0.0; -0.0090232; 0.0; 0.0; 0.0; 0.0; 0.0; 0.0; 0.0; 0.0; 0.0; 0.0; 0.0; 0.0; 0.0; 0.0; 0.0; 0.0; 0.0; 0.0; 0.0; 0.0; 0.0; 0; 0; 0.0; 0.0; 1; 3.98696366138; 3.05919656851; -2.5837708946; 0; 0; 0; 0; 0.0; 0.0; 0.0; -1.0; 0.0; 0.0; 0.0; 0.0; 0.0; 1.0;0; 0;0; 0; 
54.3421781063; 113680; 0.0; 0.0; -0.0091852; 0.0; 0.0; 0.0; 0.0; 0.0; 0.0; 0.0; 0.0; 0.0; 0.0; 0.0; 0.0; 0.0; 0.0; 0.0; 0.0; 0.0; 0.0; 0.0; 0.0; 0.0; 0; 0; 0.0; 0.0; 1; 3.98696366138; 3.05919656851; -2.5837708946; 0; 0; 0; 0; 0.0; 0.0; 0.0; -1.0; 0.0; 0.0; 0.0; 0.0; 0.0; 1.0;0; 0;0; 0; 
54.3532731533; 113680; 0.0; 0.0; -0.0093297; 0.0; 0.0; 0.0; 0.0; 0.0; 0.0; 0.0; 0.0; 0.0; 0.0; 0.0; 0.0; 0.0; 0.0; 0.0; 0.0; 0.0; 0.0; 0.0; 0.0; 0.0; 0; 0; 0.0; 0.0; 1; 3.98696366138; 3.05919656851; -2.5837708946; 0; 0; 0; 0; 0.0; 0.0; 0.0; -1.0; 0.0; 0.0; 0.0; 0.0; 0.0; 1.0;0; 0;0; 0; 
54.3641130924; 113690; 0.0; 0.0; -0.0093848; 0.0; 0.0; 0.0; 0.0; 0.0; 0.0; 0.0; 0.0; 0.0; 0.0; 0.0; 0.0; 0.0; 0.0; 0.0; 0.0; 0.0; 0.0; 0.0; 0.0; 0.0; 0; 0; 0.0; 0.0; 1; 3.98696366138; 3.05919656851; -2.5837708946; 0; 0; 0; 0; 0.0; 0.0; 0.0; -1.0; 0.0; 0.0; 0.0; 0.0; 0.0; 1.0;0; 0;0; 0; 
54.375262022; 113690; 0.0; 0.0; -0.0093826; 0.0; 0.0; 0.0; 0.0; 0.0; 0.0; 0.0; 0.0; 0.0; 0.0; 0.0; 0.0; 0.0; 0.0; 0.0; 0.0; 0.0; 0.0; 0.0; 0.0; 0.0; 0; 0; 0.0; 0.0; 1; 3.98696366138; 3.05919656851; -2.5837708946; 0; 0; 0; 0; 0.0; 0.0; 0.0; -1.0; 0.0; 0.0; 0.0; 0.0; 0.0; 1.0;0; 0;0; 0; 
54.3867440224; 113700; 0.0; 0.0; -0.0093747; 0.0; 0.0; 0.0; 0.0; 0.0; 0.0; 0.0; 0.0; 0.0; 0.0; 0.0; 0.0; 0.0; 0.0; 0.0; 0.0; 0.0; 0.0; 0.0; 0.0; 0.0; 0; 0; 0.0; 0.0; 1; 3.98696366138; 3.05919656851; -2.5837708946; 0; 0; 0; 0; 0.0; 0.0; 0.0; -1.0; 0.0; 0.0; 0.0; 0.0; 0.0; 1.0;0; 0;0; 0; 
54.3975551128; 113700; 0.0; 0.0; -0.0093181; 0.0; 0.0; 0.0; 0.0; 0.0; 0.0; 0.0; 0.0; 0.0; 0.0; 0.0; 0.0; 0.0; 0.0; 0.0; 0.0; 0.0; 0.0; 0.0; 0.0; 0.0; 0; 0; 0.0; 0.0; 1; 3.98696366138; 3.05919656851; -2.5837708946; 0; 0; 0; 0; 0.0; 0.0; 0.0; -1.0; 0.0; 0.0; 0.0; 0.0; 0.0; 1.0;0; 0;0; 0; 
54.4085960388; 113710; 0.0; 0.0; -0.009236; 0.0; 0.0; 0.0; 0.0; 0.0; 0.0; 0.0; 0.0; 0.0; 0.0; 0.0; 0.0; 0.0; 0.0; 0.0; 0.0; 0.0; 0.0; 0.0; 0.0; 0.0; 0; 0; 0.0; 0.0; 1; 3.98696366138; 3.05919656851; -2.5837708946; 0; 0; 0; 0; 0.0; 0.0; 0.0; -1.0; 0.0; 0.0; 0.0; 0.0; 0.0; 1.0;0; 0;0; 0; 
54.4192500114; 113710; 0.0; 0.0; -0.0090949; 0.0; 0.0; 0.0; 0.0; 0.0; 0.0; 0.0; 0.0; 0.0; 0.0; 0.0; 0.0; 0.0; 0.0; 0.0; 0.0; 0.0; 0.0; 0.0; 0.0; 0.0; 0; 0; 0.0; 0.0; 1; 3.98696366138; 3.05919656851; -2.5837708946; 0; 0; 0; 0; 0.0; 0.0; 0.0; -1.0; 0.0; 0.0; 0.0; 0.0; 0.0; 1.0;0; 0;0; 0; 
54.43090415; 113720; 0.0; 0.0; -0.0089749; 0.0; 0.0; 0.0; 0.0; 0.0; 0.0; 0.0; 0.0; 0.0; 0.0; 0.0; 0.0; 0.0; 0.0; 0.0; 0.0; 0.0; 0.0; 0.0; 0.0; 0.0; 0; 0; 0.0; 0.0; 1; 3.98371247647; 3.05716809171; -2.5837708946; 0; 0; 0; 0; 0.0; 0.0; 0.0; -1.0; 0.0; 0.0; 0.0; 0.0; 0.0; 1.0;0; 0;0; 0; 
54.4423120022; 113720; 0.0; 0.0; -0.0088743; 0.0; 0.0; 0.0; 0.0; 0.0; 0.0; 0.0; 0.0; 0.0; 0.0; 0.0; 0.0; 0.0; 0.0; 0.0; 0.0; 0.0; 0.0; 0.0; 0.0; 0.0; 0; 0; 0.0; 0.0; 1; 3.98371247647; 3.05716809171; -2.5837708946; 0; 0; 0; 0; 0.0; 0.0; 0.0; -1.0; 0.0; 0.0; 0.0; 0.0; 0.0; 1.0;0; 0;0; 0; 
54.453286171; 113730; 0.0; 0.0; -0.0087517; 0.0; 0.0; 0.0; 0.0; 0.0; 0.0; 0.0; 0.0; 0.0; 0.0; 0.0; 0.0; 0.0; 0.0; 0.0; 0.0; 0.0; 0.0; 0.0; 0.0; 0.0; 0; 0; 0.0; 0.0; 1; 3.98371247647; 3.05716809171; -2.5837708946; 0; 0; 0; 0; 0.0; 0.0; 0.0; -1.0; 0.0; 0.0; 0.0; 0.0; 0.0; 1.0;0; 0;0; 0; 
54.464204073; 113730; 0.0; 0.0; -0.0086539; 0.0; 0.0; 0.0; 0.0; 0.0; 0.0; 0.0; 0.0; 0.0; 0.0; 0.0; 0.0; 0.0; 0.0; 0.0; 0.0; 0.0; 0.0; 0.0; 0.0; 0.0; 0; 0; 0.0; 0.0; 1; 3.98371247647; 3.05716809171; -2.5837708946; 0; 0; 0; 0; 0.0; 0.0; 0.0; -1.0; 0.0; 0.0; 0.0; 0.0; 0.0; 1.0;0; 0;0; 0; 
54.4751751423; 113740; 0.0; 0.0; -0.0085909; 0.0; 0.0; 0.0; 0.0; 0.0; 0.0; 0.0; 0.0; 0.0; 0.0; 0.0; 0.0; 0.0; 0.0; 0.0; 0.0; 0.0; 0.0; 0.0; 0.0; 0.0; 0; 0; 0.0; 0.0; 1; 3.98371247647; 3.05716809171; -2.5837708946; 0; 0; 0; 0; 0.0; 0.0; 0.0; -1.0; 0.0; 0.0; 0.0; 0.0; 0.0; 1.0;0; 0;0; 0; 
54.4868052006; 113740; 0.0; 0.0; -0.0085802; 0.0; 0.0; 0.0; 0.0; 0.0; 0.0; 0.0; 0.0; 0.0; 0.0; 0.0; 0.0; 0.0; 0.0; 0.0; 0.0; 0.0; 0.0; 0.0; 0.0; 0.0; 0; 0; 0.0; 0.0; 1; 3.98371247647; 3.05716809171; -2.5837708946; 0; 0; 0; 0; 0.0; 0.0; 0.0; -1.0; 0.0; 0.0; 0.0; 0.0; 0.0; 1.0;0; 0;0; 0; 
54.498057127; 113750; 0.0; 0.0; -0.0086401; 0.0; 0.0; 0.0; 0.0; 0.0; 0.0; 0.0; 0.0; 0.0; 0.0; 0.0; 0.0; 0.0; 0.0; 0.0; 0.0; 0.0; 0.0; 0.0; 0.0; 0.0; 0; 0; 0.0; 0.0; 1; 3.98371247647; 3.05716809171; -2.5837708946; 0; 0; 0; 0; 0.0; 0.0; 0.0; -1.0; 0.0; 0.0; 0.0; 0.0; 0.0; 1.0;0; 0;0; 0; 
54.5086400509; 113750; 0.0; 0.0; -0.0087058; 0.0; 0.0; 0.0; 0.0; 0.0; 0.0; 0.0; 0.0; 0.0; 0.0; 0.0; 0.0; 0.0; 0.0; 0.0; 0.0; 0.0; 0.0; 0.0; 0.0; 0.0; 0; 0; 0.0; 0.0; 1; 3.98371247647; 3.05716809171; -2.5837708946; 0; 0; 0; 0; 0.0; 0.0; 0.0; -1.0; 0.0; 0.0; 0.0; 0.0; 0.0; 1.0;0; 0;0; 0; 
54.5193161964; 113760; 0.0; 0.0; -0.0088035; 0.0; 0.0; 0.0; 0.0; 0.0; 0.0; 0.0; 0.0; 0.0; 0.0; 0.0; 0.0; 0.0; 0.0; 0.0; 0.0; 0.0; 0.0; 0.0; 0.0; 0.0; 0; 0; 0.0; 0.0; 1; 3.98371247647; 3.05716809171; -2.5837708946; 0; 0; 0; 0; 0.0; 0.0; 0.0; -1.0; 0.0; 0.0; 0.0; 0.0; 0.0; 1.0;0; 0;0; 0; 
54.5304620266; 113760; 0.0; 0.0; -0.0089193; 0.0; 0.0; 0.0; 0.0; 0.0; 0.0; 0.0; 0.0; 0.0; 0.0; 0.0; 0.0; 0.0; 0.0; 0.0; 0.0; 0.0; 0.0; 0.0; 0.0; 0.0; 0; 0; 0.0; 0.0; 1; 3.98371247647; 3.05716809171; -2.5837708946; 0; 0; 0; 0; 0.0; 0.0; 0.0; -1.0; 0.0; 0.0; 0.0; 0.0; 0.0; 1.0;0; 0;0; 0; 
54.5407211781; 113770; 0.0; 0.0; -0.0090218; 0.0; 0.0; 0.0; 0.0; 0.0; 0.0; 0.0; 0.0; 0.0; 0.0; 0.0; 0.0; 0.0; 0.0; 0.0; 0.0; 0.0; 0.0; 0.0; 0.0; 0.0; 0; 0; 0.0; 0.0; 1; 3.98371247647; 3.05716809171; -2.5837708946; 0; 0; 0; 0; 0.0; 0.0; 0.0; -1.0; 0.0; 0.0; 0.0; 0.0; 0.0; 1.0;0; 0;0; 0; 
54.5511870384; 113770; 0.0; 0.0; -0.0091204; 0.0; 0.0; 0.0; 0.0; 0.0; 0.0; 0.0; 0.0; 0.0; 0.0; 0.0; 0.0; 0.0; 0.0; 0.0; 0.0; 0.0; 0.0; 0.0; 0.0; 0.0; 0; 0; 0.0; 0.0; 1; 3.98371247647; 3.05716809171; -2.5837708946; 0; 0; 0; 0; 0.0; 0.0; 0.0; -1.0; 0.0; 0.0; 0.0; 0.0; 0.0; 1.0;0; 0;0; 0; 
54.5618062019; 113780; 0.0; 0.0; -0.0091763; 0.0; 0.0; 0.0; 0.0; 0.0; 0.0; 0.0; 0.0; 0.0; 0.0; 0.0; 0.0; 0.0; 0.0; 0.0; 0.0; 0.0; 0.0; 0.0; 0.0; 0.0; 0; 0; 0.0; 0.0; 1; 3.98371247647; 3.05716809171; -2.5837708946; 0; 0; 0; 0; 0.0; 0.0; 0.0; -1.0; 0.0; 0.0; 0.0; 0.0; 0.0; 1.0;0; 0;0; 0; 
54.5721371174; 113780; 0.0; 0.0; -0.0091911; 0.0; 0.0; 0.0; 0.0; 0.0; 0.0; 0.0; 0.0; 0.0; 0.0; 0.0; 0.0; 0.0; 0.0; 0.0; 0.0; 0.0; 0.0; 0.0; 0.0; 0.0; 0; 0; 0.0; 0.0; 1; 3.98371247647; 3.05716809171; -2.5837708946; 0; 0; 0; 0; 0.0; 0.0; 0.0; -1.0; 0.0; 0.0; 0.0; 0.0; 0.0; 1.0;0; 0;0; 0; 
54.5831329823; 113790; 0.0; 0.0; -0.0091626; 0.0; 0.0; 0.0; 0.0; 0.0; 0.0; 0.0; 0.0; 0.0; 0.0; 0.0; 0.0; 0.0; 0.0; 0.0; 0.0; 0.0; 0.0; 0.0; 0.0; 0.0; 0; 0; 0.0; 0.0; 1; 3.98371247647; 3.05716809171; -2.5837708946; 0; 0; 0; 0; 0.0; 0.0; 0.0; -1.0; 0.0; 0.0; 0.0; 0.0; 0.0; 1.0;0; 0;0; 0; 
54.5947639942; 113790; 0.0; 0.0; -0.0091227; 0.0; 0.0; 0.0; 0.0; 0.0; 0.0; 0.0; 0.0; 0.0; 0.0; 0.0; 0.0; 0.0; 0.0; 0.0; 0.0; 0.0; 0.0; 0.0; 0.0; 0.0; 0; 0; 0.0; 0.0; 1; 3.98371247647; 3.05716809171; -2.5837708946; 0; 0; 0; 0; 0.0; 0.0; 0.0; -1.0; 0.0; 0.0; 0.0; 0.0; 0.0; 1.0;0; 0;0; 0; 
54.605738163; 113800; 0.0; 0.0; -0.0090765; 0.0; 0.0; 0.0; 0.0; 0.0; 0.0; 0.0; 0.0; 0.0; 0.0; 0.0; 0.0; 0.0; 0.0; 0.0; 0.0; 0.0; 0.0; 0.0; 0.0; 0.0; 0; 0; 0.0; 0.0; 1; 3.98371247647; 3.05716809171; -2.5837708946; 0; 0; 0; 0; 0.0; 0.0; 0.0; -1.0; 0.0; 0.0; 0.0; 0.0; 0.0; 1.0;0; 0;0; 0; 
54.6172230244; 113800; 0.0; 0.0; -0.0090222; 0.0; 0.0; 0.0; 0.0; 0.0; 0.0; 0.0; 0.0; 0.0; 0.0; 0.0; 0.0; 0.0; 0.0; 0.0; 0.0; 0.0; 0.0; 0.0; 0.0; 0.0; 0; 0; 0.0; 0.0; 1; 3.98371247647; 3.05716809171; -2.5837708946; 0; 0; 0; 0; 0.0; 0.0; 0.0; -1.0; 0.0; 0.0; 0.0; 0.0; 0.0; 1.0;0; 0;0; 0; 
54.6283199787; 113810; 0.0; 0.0; -0.0089798; 0.0; 0.0; 0.0; 0.0; 0.0; 0.0; 0.0; 0.0; 0.0; 0.0; 0.0; 0.0; 0.0; 0.0; 0.0; 0.0; 0.0; 0.0; 0.0; 0.0; 0.0; 0; 0; 0.0; 0.0; 1; 3.98371247647; 3.05716809171; -2.5837708946; 0; 0; 0; 0; 0.0; 0.0; 0.0; -1.0; 0.0; 0.0; 0.0; 0.0; 0.0; 1.0;0; 0;0; 0; 
54.6397440434; 113810; 0.0; 0.0; -0.0089606; 0.0; 0.0; 0.0; 0.0; 0.0; 0.0; 0.0; 0.0; 0.0; 0.0; 0.0; 0.0; 0.0; 0.0; 0.0; 0.0; 0.0; 0.0; 0.0; 0.0; 0.0; 0; 0; 0.0; 0.0; 1; 3.98371247647; 3.05716809171; -2.5837708946; 0; 0; 0; 0; 0.0; 0.0; 0.0; -1.0; 0.0; 0.0; 0.0; 0.0; 0.0; 1.0;0; 0;0; 0; 
54.6509680748; 113820; 0.0; 0.0; -0.0089391; 0.0; 0.0; 0.0; 0.0; 0.0; 0.0; 0.0; 0.0; 0.0; 0.0; 0.0; 0.0; 0.0; 0.0; 0.0; 0.0; 0.0; 0.0; 0.0; 0.0; 0.0; 0; 0; 0.0; 0.0; 1; 3.98202593861; 3.05611582829; -2.5837708946; 0; 0; 0; 0; 0.0; 0.0; 0.0; -1.0; 0.0; 0.0; 0.0; 0.0; 0.0; 1.0;0; 0;0; 0; 
54.6619670391; 113820; 0.0; 0.0; -0.0089375; 0.0; 0.0; 0.0; 0.0; 0.0; 0.0; 0.0; 0.0; 0.0; 0.0; 0.0; 0.0; 0.0; 0.0; 0.0; 0.0; 0.0; 0.0; 0.0; 0.0; 0.0; 0; 0; 0.0; 0.0; 1; 3.98202593861; 3.05611582829; -2.5837708946; 0; 0; 0; 0; 0.0; 0.0; 0.0; -1.0; 0.0; 0.0; 0.0; 0.0; 0.0; 1.0;0; 0;0; 0; 
54.6729710102; 113830; 0.0; 0.0; -0.0089255; 0.0; 0.0; 0.0; 0.0; 0.0; 0.0; 0.0; 0.0; 0.0; 0.0; 0.0; 0.0; 0.0; 0.0; 0.0; 0.0; 0.0; 0.0; 0.0; 0.0; 0.0; 0; 0; 0.0; 0.0; 1; 3.98202593861; 3.05611582829; -2.5837708946; 0; 0; 0; 0; 0.0; 0.0; 0.0; -1.0; 0.0; 0.0; 0.0; 0.0; 0.0; 1.0;0; 0;0; 0; 
54.6838371754; 113830; 0.0; 0.0; -0.0089249; 0.0; 0.0; 0.0; 0.0; 0.0; 0.0; 0.0; 0.0; 0.0; 0.0; 0.0; 0.0; 0.0; 0.0; 0.0; 0.0; 0.0; 0.0; 0.0; 0.0; 0.0; 0; 0; 0.0; 0.0; 1; 3.98202593861; 3.05611582829; -2.5837708946; 0; 0; 0; 0; 0.0; 0.0; 0.0; -1.0; 0.0; 0.0; 0.0; 0.0; 0.0; 1.0;0; 0;0; 0; 
54.6944999695; 113840; 0.0; 0.0; -0.0089251; 0.0; 0.0; 0.0; 0.0; 0.0; 0.0; 0.0; 0.0; 0.0; 0.0; 0.0; 0.0; 0.0; 0.0; 0.0; 0.0; 0.0; 0.0; 0.0; 0.0; 0.0; 0; 0; 0.0; 0.0; 1; 3.98202593861; 3.05611582829; -2.5837708946; 0; 0; 0; 0; 0.0; 0.0; 0.0; -1.0; 0.0; 0.0; 0.0; 0.0; 0.0; 1.0;0; 0;0; 0; 
54.7057430744; 113840; 0.0; 0.0; -0.0089174; 0.0; 0.0; 0.0; 0.0; 0.0; 0.0; 0.0; 0.0; 0.0; 0.0; 0.0; 0.0; 0.0; 0.0; 0.0; 0.0; 0.0; 0.0; 0.0; 0.0; 0.0; 0; 0; 0.0; 0.0; 1; 3.98202593861; 3.05611582829; -2.5837708946; 0; 0; 0; 0; 0.0; 0.0; 0.0; -1.0; 0.0; 0.0; 0.0; 0.0; 0.0; 1.0;0; 0;0; 0; 
54.7171030045; 113850; 0.0; 0.0; -0.0089137; 0.0; 0.0; 0.0; 0.0; 0.0; 0.0; 0.0; 0.0; 0.0; 0.0; 0.0; 0.0; 0.0; 0.0; 0.0; 0.0; 0.0; 0.0; 0.0; 0.0; 0.0; 0; 0; 0.0; 0.0; 1; 3.98202593861; 3.05611582829; -2.5837708946; 0; 0; 0; 0; 0.0; 0.0; 0.0; -1.0; 0.0; 0.0; 0.0; 0.0; 0.0; 1.0;0; 0;0; 0; 
54.7280831337; 113850; 0.0; 0.0; -0.008924; 0.0; 0.0; 0.0; 0.0; 0.0; 0.0; 0.0; 0.0; 0.0; 0.0; 0.0; 0.0; 0.0; 0.0; 0.0; 0.0; 0.0; 0.0; 0.0; 0.0; 0.0; 0; 0; 0.0; 0.0; 1; 3.98202593861; 3.05611582829; -2.5837708946; 0; 0; 0; 0; 0.0; 0.0; 0.0; -1.0; 0.0; 0.0; 0.0; 0.0; 0.0; 1.0;0; 0;0; 0; 
54.7391901016; 113860; 0.0; 0.0; -0.0089282; 0.0; 0.0; 0.0; 0.0; 0.0; 0.0; 0.0; 0.0; 0.0; 0.0; 0.0; 0.0; 0.0; 0.0; 0.0; 0.0; 0.0; 0.0; 0.0; 0.0; 0.0; 0; 0; 0.0; 0.0; 1; 3.98202593861; 3.05611582829; -2.5837708946; 0; 0; 0; 0; 0.0; 0.0; 0.0; -1.0; 0.0; 0.0; 0.0; 0.0; 0.0; 1.0;0; 0;0; 0; 
54.7500281334; 113860; 0.0; 0.0; -0.0089304; 0.0; 0.0; 0.0; 0.0; 0.0; 0.0; 0.0; 0.0; 0.0; 0.0; 0.0; 0.0; 0.0; 0.0; 0.0; 0.0; 0.0; 0.0; 0.0; 0.0; 0.0; 0; 0; 0.0; 0.0; 1; 3.98202593861; 3.05611582829; -2.5837708946; 0; 0; 0; 0; 0.0; 0.0; 0.0; -1.0; 0.0; 0.0; 0.0; 0.0; 0.0; 1.0;0; 0;0; 0; 
54.7612321377; 113870; 0.0; 0.0; -0.0089264; 0.0; 0.0; 0.0; 0.0; 0.0; 0.0; 0.0; 0.0; 0.0; 0.0; 0.0; 0.0; 0.0; 0.0; 0.0; 0.0; 0.0; 0.0; 0.0; 0.0; 0.0; 0; 0; 0.0; 0.0; 1; 3.98202593861; 3.05611582829; -2.5837708946; 0; 0; 0; 0; 0.0; 0.0; 0.0; -1.0; 0.0; 0.0; 0.0; 0.0; 0.0; 1.0;0; 0;0; 0; 
54.7720491886; 113870; 0.0; 0.0; -0.0089404; 0.0; 0.0; 0.0; 0.0; 0.0; 0.0; 0.0; 0.0; 0.0; 0.0; 0.0; 0.0; 0.0; 0.0; 0.0; 0.0; 0.0; 0.0; 0.0; 0.0; 0.0; 0; 0; 0.0; 0.0; 1; 3.98202593861; 3.05611582829; -2.5837708946; 0; 0; 0; 0; 0.0; 0.0; 0.0; -1.0; 0.0; 0.0; 0.0; 0.0; 0.0; 1.0;0; 0;0; 0; 
54.7827541828; 113880; 0.0; 0.0; -0.0089668; 0.0; 0.0; 0.0; 0.0; 0.0; 0.0; 0.0; 0.0; 0.0; 0.0; 0.0; 0.0; 0.0; 0.0; 0.0; 0.0; 0.0; 0.0; 0.0; 0.0; 0.0; 0; 0; 0.0; 0.0; 1; 3.98202593861; 3.05611582829; -2.5837708946; 0; 0; 0; 0; 0.0; 0.0; 0.0; -1.0; 0.0; 0.0; 0.0; 0.0; 0.0; 1.0;0; 0;0; 0; 
54.7942430973; 113880; 0.0; 0.0; -0.0089769; 0.0; 0.0; 0.0; 0.0; 0.0; 0.0; 0.0; 0.0; 0.0; 0.0; 0.0; 0.0; 0.0; 0.0; 0.0; 0.0; 0.0; 0.0; 0.0; 0.0; 0.0; 0; 0; 0.0; 0.0; 1; 3.98202593861; 3.05611582829; -2.5837708946; 0; 0; 0; 0; 0.0; 0.0; 0.0; -1.0; 0.0; 0.0; 0.0; 0.0; 0.0; 1.0;0; 0;0; 0; 
54.8056349754; 113890; 0.0; 0.0; -0.0089917; 0.0; 0.0; 0.0; 0.0; 0.0; 0.0; 0.0; 0.0; 0.0; 0.0; 0.0; 0.0; 0.0; 0.0; 0.0; 0.0; 0.0; 0.0; 0.0; 0.0; 0.0; 0; 0; 0.0; 0.0; 1; 3.98202593861; 3.05611582829; -2.5837708946; 0; 0; 0; 0; 0.0; 0.0; 0.0; -1.0; 0.0; 0.0; 0.0; 0.0; 0.0; 1.0;0; 0;0; 0; 
54.8178792; 113890; 0.0; 0.0; -0.009015; 0.0; 0.0; 0.0; 0.0; 0.0; 0.0; 0.0; 0.0; 0.0; 0.0; 0.0; 0.0; 0.0; 0.0; 0.0; 0.0; 0.0; 0.0; 0.0; 0.0; 0.0; 0; 0; 0.0; 0.0; 1; 3.98202593861; 3.05611582829; -2.5837708946; 0; 0; 0; 0; 0.0; 0.0; 0.0; -1.0; 0.0; 0.0; 0.0; 0.0; 0.0; 1.0;0; 0;0; 0; 
54.8285741806; 113900; 0.0; 0.0; -0.0090572; 0.0; 0.0; 0.0; 0.0; 0.0; 0.0; 0.0; 0.0; 0.0; 0.0; 0.0; 0.0; 0.0; 0.0; 0.0; 0.0; 0.0; 0.0; 0.0; 0.0; 0.0; 0; 0; 0.0; 0.0; 1; 3.98202593861; 3.05611582829; -2.5837708946; 0; 0; 0; 0; 0.0; 0.0; 0.0; -1.0; 0.0; 0.0; 0.0; 0.0; 0.0; 1.0;0; 0;0; 0; 
54.8396751881; 113900; 0.0; 0.0; -0.0090895; 0.0; 0.0; 0.0; 0.0; 0.0; 0.0; 0.0; 0.0; 0.0; 0.0; 0.0; 0.0; 0.0; 0.0; 0.0; 0.0; 0.0; 0.0; 0.0; 0.0; 0.0; 0; 0; 0.0; 0.0; 1; 3.98202593861; 3.05611582829; -2.5837708946; 0; 0; 0; 0; 0.0; 0.0; 0.0; -1.0; 0.0; 0.0; 0.0; 0.0; 0.0; 1.0;0; 0;0; 0; 
54.850383997; 113910; 0.0; 0.0; -0.0090895; 0.0; 0.0; 0.0; 0.0; 0.0; 0.0; 0.0; 0.0; 0.0; 0.0; 0.0; 0.0; 0.0; 0.0; 0.0; 0.0; 0.0; 0.0; 0.0; 0.0; 0.0; 0; 0; 0.0; 0.0; 1; 3.98202593861; 3.05611582829; -2.5837708946; 0; 0; 0; 0; 0.0; 0.0; 0.0; -1.0; 0.0; 0.0; 0.0; 0.0; 0.0; 1.0;0; 0;0; 0; 
54.8613209724; 113910; 0.0; 0.0; -0.0090861; 0.0; 0.0; 0.0; 0.0; 0.0; 0.0; 0.0; 0.0; 0.0; 0.0; 0.0; 0.0; 0.0; 0.0; 0.0; 0.0; 0.0; 0.0; 0.0; 0.0; 0.0; 0; 0; 0.0; 0.0; 1; 3.98202593861; 3.05611582829; -2.5837708946; 0; 0; 0; 0; 0.0; 0.0; 0.0; -1.0; 0.0; 0.0; 0.0; 0.0; 0.0; 1.0;0; 0;0; 0; 
54.8723809719; 113920; 0.0; 0.0; -0.0090777; 0.0; 0.0; 0.0; 0.0; 0.0; 0.0; 0.0; 0.0; 0.0; 0.0; 0.0; 0.0; 0.0; 0.0; 0.0; 0.0; 0.0; 0.0; 0.0; 0.0; 0.0; 0; 0; 0.0; 0.0; 1; 3.98115105452; 3.05556997128; -2.5837708946; 0; 0; 0; 0; 0.0; 0.0; 0.0; -1.0; 0.0; 0.0; 0.0; 0.0; 0.0; 1.0;0; 0;0; 0; 
54.884032011; 113920; 0.0; 0.0; -0.0090542; 0.0; 0.0; 0.0; 0.0; 0.0; 0.0; 0.0; 0.0; 0.0; 0.0; 0.0; 0.0; 0.0; 0.0; 0.0; 0.0; 0.0; 0.0; 0.0; 0.0; 0.0; 0; 0; 0.0; 0.0; 1; 3.98115105452; 3.05556997128; -2.5837708946; 0; 0; 0; 0; 0.0; 0.0; 0.0; -1.0; 0.0; 0.0; 0.0; 0.0; 0.0; 1.0;0; 0;0; 0; 
54.8956902027; 113930; 0.0; 0.0; -0.0090142; 0.0; 0.0; 0.0; 0.0; 0.0; 0.0; 0.0; 0.0; 0.0; 0.0; 0.0; 0.0; 0.0; 0.0; 0.0; 0.0; 0.0; 0.0; 0.0; 0.0; 0.0; 0; 0; 0.0; 0.0; 1; 3.98115105452; 3.05556997128; -2.5837708946; 0; 0; 0; 0; 0.0; 0.0; 0.0; -1.0; 0.0; 0.0; 0.0; 0.0; 0.0; 1.0;0; 0;0; 0; 
54.906648159; 113930; 0.0; 0.0; -0.0089545; 0.0; 0.0; 0.0; 0.0; 0.0; 0.0; 0.0; 0.0; 0.0; 0.0; 0.0; 0.0; 0.0; 0.0; 0.0; 0.0; 0.0; 0.0; 0.0; 0.0; 0.0; 0; 0; 0.0; 0.0; 1; 3.98115105452; 3.05556997128; -2.5837708946; 0; 0; 0; 0; 0.0; 0.0; 0.0; -1.0; 0.0; 0.0; 0.0; 0.0; 0.0; 1.0;0; 0;0; 0; 
54.9178919792; 113940; 0.0; 0.0; -0.0089195; 0.0; 0.0; 0.0; 0.0; 0.0; 0.0; 0.0; 0.0; 0.0; 0.0; 0.0; 0.0; 0.0; 0.0; 0.0; 0.0; 0.0; 0.0; 0.0; 0.0; 0.0; 0; 0; 0.0; 0.0; 1; 3.98115105452; 3.05556997128; -2.5837708946; 0; 0; 0; 0; 0.0; 0.0; 0.0; -1.0; 0.0; 0.0; 0.0; 0.0; 0.0; 1.0;0; 0;0; 0; 
54.927546978; 113940; 0.0; 0.0; -0.0089; 0.0; 0.0; 0.0; 0.0; 0.0; 0.0; 0.0; 0.0; 0.0; 0.0; 0.0; 0.0; 0.0; 0.0; 0.0; 0.0; 0.0; 0.0; 0.0; 0.0; 0.0; 0; 0; 0.0; 0.0; 1; 3.98115105452; 3.05556997128; -2.5837708946; 0; 0; 0; 0; 0.0; 0.0; 0.0; -1.0; 0.0; 0.0; 0.0; 0.0; 0.0; 1.0;0; 0;0; 0; 
54.9386720657; 113950; 0.0; 0.0; -0.0088781; 0.0; 0.0; 0.0; 0.0; 0.0; 0.0; 0.0; 0.0; 0.0; 0.0; 0.0; 0.0; 0.0; 0.0; 0.0; 0.0; 0.0; 0.0; 0.0; 0.0; 0.0; 0; 0; 0.0; 0.0; 1; 3.98115105452; 3.05556997128; -2.5837708946; 0; 0; 0; 0; 0.0; 0.0; 0.0; -1.0; 0.0; 0.0; 0.0; 0.0; 0.0; 1.0;0; 0;0; 0; 
54.9501430988; 113950; 0.0; 0.0; -0.0088485; 0.0; 0.0; 0.0; 0.0; 0.0; 0.0; 0.0; 0.0; 0.0; 0.0; 0.0; 0.0; 0.0; 0.0; 0.0; 0.0; 0.0; 0.0; 0.0; 0.0; 0.0; 0; 0; 0.0; 0.0; 1; 3.98115105452; 3.05556997128; -2.5837708946; 0; 0; 0; 0; 0.0; 0.0; 0.0; -1.0; 0.0; 0.0; 0.0; 0.0; 0.0; 1.0;0; 0;0; 0; 
54.9616429806; 113960; 0.0; 0.0; -0.0088245; 0.0; 0.0; 0.0; 0.0; 0.0; 0.0; 0.0; 0.0; 0.0; 0.0; 0.0; 0.0; 0.0; 0.0; 0.0; 0.0; 0.0; 0.0; 0.0; 0.0; 0.0; 0; 0; 0.0; 0.0; 1; 3.98115105452; 3.05556997128; -2.5837708946; 0; 0; 0; 0; 0.0; 0.0; 0.0; -1.0; 0.0; 0.0; 0.0; 0.0; 0.0; 1.0;0; 0;0; 0; 
54.9722101688; 113960; 0.0; 0.0; -0.0088163; 0.0; 0.0; 0.0; 0.0; 0.0; 0.0; 0.0; 0.0; 0.0; 0.0; 0.0; 0.0; 0.0; 0.0; 0.0; 0.0; 0.0; 0.0; 0.0; 0.0; 0.0; 0; 0; 0.0; 0.0; 1; 3.98115105452; 3.05556997128; -2.5837708946; 0; 0; 0; 0; 0.0; 0.0; 0.0; -1.0; 0.0; 0.0; 0.0; 0.0; 0.0; 1.0;0; 0;0; 0; 
54.9834520817; 113970; 0.0; 0.0; -0.0088374; 0.0; 0.0; 0.0; 0.0; 0.0; 0.0; 0.0; 0.0; 0.0; 0.0; 0.0; 0.0; 0.0; 0.0; 0.0; 0.0; 0.0; 0.0; 0.0; 0.0; 0.0; 0; 0; 0.0; 0.0; 1; 3.98115105452; 3.05556997128; -2.5837708946; 0; 0; 0; 0; 0.0; 0.0; 0.0; -1.0; 0.0; 0.0; 0.0; 0.0; 0.0; 1.0;0; 0;0; 0; 
54.9938971996; 113970; 0.0; 0.0; -0.0088567; 0.0; 0.0; 0.0; 0.0; 0.0; 0.0; 0.0; 0.0; 0.0; 0.0; 0.0; 0.0; 0.0; 0.0; 0.0; 0.0; 0.0; 0.0; 0.0; 0.0; 0.0; 0; 0; 0.0; 0.0; 1; 3.98115105452; 3.05556997128; -2.5837708946; 0; 0; 0; 0; 0.0; 0.0; 0.0; -1.0; 0.0; 0.0; 0.0; 0.0; 0.0; 1.0;0; 0;0; 0; 
55.0046350956; 113980; 0.0; 0.0; -0.0088755; 0.0; 0.0; 0.0; 0.0; 0.0; 0.0; 0.0; 0.0; 0.0; 0.0; 0.0; 0.0; 0.0; 0.0; 0.0; 0.0; 0.0; 0.0; 0.0; 0.0; 0.0; 0; 0; 0.0; 0.0; 1; 3.98115105452; 3.05556997128; -2.5837708946; 0; 0; 0; 0; 0.0; 0.0; 0.0; -1.0; 0.0; 0.0; 0.0; 0.0; 0.0; 1.0;0; 0;0; 0; 
55.0154430866; 113980; 0.0; 0.0; -0.0088775; 0.0; 0.0; 0.0; 0.0; 0.0; 0.0; 0.0; 0.0; 0.0; 0.0; 0.0; 0.0; 0.0; 0.0; 0.0; 0.0; 0.0; 0.0; 0.0; 0.0; 0.0; 0; 0; 0.0; 0.0; 1; 3.98115105452; 3.05556997128; -2.5837708946; 0; 0; 0; 0; 0.0; 0.0; 0.0; -1.0; 0.0; 0.0; 0.0; 0.0; 0.0; 1.0;0; 0;0; 0; 
55.0269150734; 113990; 0.0; 0.0; -0.0088562; 0.0; 0.0; 0.0; 0.0; 0.0; 0.0; 0.0; 0.0; 0.0; 0.0; 0.0; 0.0; 0.0; 0.0; 0.0; 0.0; 0.0; 0.0; 0.0; 0.0; 0.0; 0; 0; 0.0; 0.0; 1; 3.98115105452; 3.05556997128; -2.5837708946; 0; 0; 0; 0; 0.0; 0.0; 0.0; -1.0; 0.0; 0.0; 0.0; 0.0; 0.0; 1.0;0; 0;0; 0; 
55.0376040936; 113990; 0.0; 0.0; -0.0088253; 0.0; 0.0; 0.0; 0.0; 0.0; 0.0; 0.0; 0.0; 0.0; 0.0; 0.0; 0.0; 0.0; 0.0; 0.0; 0.0; 0.0; 0.0; 0.0; 0.0; 0.0; 0; 0; 0.0; 0.0; 1; 3.98115105452; 3.05556997128; -2.5837708946; 0; 0; 0; 0; 0.0; 0.0; 0.0; -1.0; 0.0; 0.0; 0.0; 0.0; 0.0; 1.0;0; 0;0; 0; 
55.0487229824; 114000; 0.0; 0.0; -0.0087778; 0.0; 0.0; 0.0; 0.0; 0.0; 0.0; 0.0; 0.0; 0.0; 0.0; 0.0; 0.0; 0.0; 0.0; 0.0; 0.0; 0.0; 0.0; 0.0; 0.0; 0.0; 0; 0; 0.0; 0.0; 1; 3.98115105452; 3.05556997128; -2.5837708946; 0; 0; 0; 0; 0.0; 0.0; 0.0; -1.0; 0.0; 0.0; 0.0; 0.0; 0.0; 1.0;0; 0;0; 0; 
55.0594360828; 114000; 0.0; 0.0; -0.0087086; 0.0; 0.0; 0.0; 0.0; 0.0; 0.0; 0.0; 0.0; 0.0; 0.0; 0.0; 0.0; 0.0; 0.0; 0.0; 0.0; 0.0; 0.0; 0.0; 0.0; 0.0; 0; 0; 0.0; 0.0; 1; 3.98115105452; 3.05556997128; -2.5837708946; 0; 0; 0; 0; 0.0; 0.0; 0.0; -1.0; 0.0; 0.0; 0.0; 0.0; 0.0; 1.0;0; 0;0; 0; 
55.0708801746; 114010; 0.0; 0.0; -0.0086759; 0.0; 0.0; 0.0; 0.0; 0.0; 0.0; 0.0; 0.0; 0.0; 0.0; 0.0; 0.0; 0.0; 0.0; 0.0; 0.0; 0.0; 0.0; 0.0; 0.0; 0.0; 0; 0; 0.0; 0.0; 1; 3.98115105452; 3.05556997128; -2.5837708946; 0; 0; 0; 0; 0.0; 0.0; 0.0; -1.0; 0.0; 0.0; 0.0; 0.0; 0.0; 1.0;0; 0;0; 0; 
55.0821330547; 114010; 0.0; 0.0; -0.0086831; 0.0; 0.0; 0.0; 0.0; 0.0; 0.0; 0.0; 0.0; 0.0; 0.0; 0.0; 0.0; 0.0; 0.0; 0.0; 0.0; 0.0; 0.0; 0.0; 0.0; 0.0; 0; 0; 0.0; 0.0; 1; 3.98115105452; 3.05556997128; -2.5837708946; 0; 0; 0; 0; 0.0; 0.0; 0.0; -1.0; 0.0; 0.0; 0.0; 0.0; 0.0; 1.0;0; 0;0; 0; 
55.0936100483; 114020; 0.0; 0.0; -0.0087209; 0.0; 0.0; 0.0; 0.0; 0.0; 0.0; 0.0; 0.0; 0.0; 0.0; 0.0; 0.0; 0.0; 0.0; 0.0; 0.0; 0.0; 0.0; 0.0; 0.0; 0.0; 0; 0; 0.0; 0.0; 1; 3.98069721225; 3.05528681035; -2.5837708946; 0; 0; 0; 0; 0.0; 0.0; 0.0; -1.0; 0.0; 0.0; 0.0; 0.0; 0.0; 1.0;0; 0;0; 0; 
55.1051330566; 114020; 0.0; 0.0; -0.0087774; 0.0; 0.0; 0.0; 0.0; 0.0; 0.0; 0.0; 0.0; 0.0; 0.0; 0.0; 0.0; 0.0; 0.0; 0.0; 0.0; 0.0; 0.0; 0.0; 0.0; 0.0; 0; 0; 0.0; 0.0; 1; 3.98069721225; 3.05528681035; -2.5837708946; 0; 0; 0; 0; 0.0; 0.0; 0.0; -1.0; 0.0; 0.0; 0.0; 0.0; 0.0; 1.0;0; 0;0; 0; 
55.1162130833; 114030; 0.0; 0.0; -0.0088508; 0.0; 0.0; 0.0; 0.0; 0.0; 0.0; 0.0; 0.0; 0.0; 0.0; 0.0; 0.0; 0.0; 0.0; 0.0; 0.0; 0.0; 0.0; 0.0; 0.0; 0.0; 0; 0; 0.0; 0.0; 1; 3.98069721225; 3.05528681035; -2.5837708946; 0; 0; 0; 0; 0.0; 0.0; 0.0; -1.0; 0.0; 0.0; 0.0; 0.0; 0.0; 1.0;0; 0;0; 0; 
55.1276190281; 114030; 0.0; 0.0; -0.0089259; 0.0; 0.0; 0.0; 0.0; 0.0; 0.0; 0.0; 0.0; 0.0; 0.0; 0.0; 0.0; 0.0; 0.0; 0.0; 0.0; 0.0; 0.0; 0.0; 0.0; 0.0; 0; 0; 0.0; 0.0; 1; 3.98069721225; 3.05528681035; -2.5837708946; 0; 0; 0; 0; 0.0; 0.0; 0.0; -1.0; 0.0; 0.0; 0.0; 0.0; 0.0; 1.0;0; 0;0; 0; 
55.1389510632; 114040; 0.0; 0.0; -0.0089688; 0.0; 0.0; 0.0; 0.0; 0.0; 0.0; 0.0; 0.0; 0.0; 0.0; 0.0; 0.0; 0.0; 0.0; 0.0; 0.0; 0.0; 0.0; 0.0; 0.0; 0.0; 0; 0; 0.0; 0.0; 1; 3.98069721225; 3.05528681035; -2.5837708946; 0; 0; 0; 0; 0.0; 0.0; 0.0; -1.0; 0.0; 0.0; 0.0; 0.0; 0.0; 1.0;0; 0;0; 0; 
55.1508891582; 114040; 0.0; 0.0; -0.0089701; 0.0; 0.0; 0.0; 0.0; 0.0; 0.0; 0.0; 0.0; 0.0; 0.0; 0.0; 0.0; 0.0; 0.0; 0.0; 0.0; 0.0; 0.0; 0.0; 0.0; 0.0; 0; 0; 0.0; 0.0; 1; 3.98069721225; 3.05528681035; -2.5837708946; 0; 0; 0; 0; 0.0; 0.0; 0.0; -1.0; 0.0; 0.0; 0.0; 0.0; 0.0; 1.0;0; 0;0; 0; 
55.1621000767; 114050; 0.0; 0.0; -0.0089602; 0.0; 0.0; 0.0; 0.0; 0.0; 0.0; 0.0; 0.0; 0.0; 0.0; 0.0; 0.0; 0.0; 0.0; 0.0; 0.0; 0.0; 0.0; 0.0; 0.0; 0.0; 0; 0; 0.0; 0.0; 1; 3.98069721225; 3.05528681035; -2.5837708946; 0; 0; 0; 0; 0.0; 0.0; 0.0; -1.0; 0.0; 0.0; 0.0; 0.0; 0.0; 1.0;0; 0;0; 0; 
55.1729810238; 114050; 0.0; 0.0; -0.0089431; 0.0; 0.0; 0.0; 0.0; 0.0; 0.0; 0.0; 0.0; 0.0; 0.0; 0.0; 0.0; 0.0; 0.0; 0.0; 0.0; 0.0; 0.0; 0.0; 0.0; 0.0; 0; 0; 0.0; 0.0; 1; 3.98069721225; 3.05528681035; -2.5837708946; 0; 0; 0; 0; 0.0; 0.0; 0.0; -1.0; 0.0; 0.0; 0.0; 0.0; 0.0; 1.0;0; 0;0; 0; 
55.1845231056; 114060; 0.0; 0.0; -0.0089133; 0.0; 0.0; 0.0; 0.0; 0.0; 0.0; 0.0; 0.0; 0.0; 0.0; 0.0; 0.0; 0.0; 0.0; 0.0; 0.0; 0.0; 0.0; 0.0; 0.0; 0.0; 0; 0; 0.0; 0.0; 1; 3.98069721225; 3.05528681035; -2.5837708946; 0; 0; 0; 0; 0.0; 0.0; 0.0; -1.0; 0.0; 0.0; 0.0; 0.0; 0.0; 1.0;0; 0;0; 0; 
55.1954550743; 114060; 0.0; 0.0; -0.0088859; 0.0; 0.0; 0.0; 0.0; 0.0; 0.0; 0.0; 0.0; 0.0; 0.0; 0.0; 0.0; 0.0; 0.0; 0.0; 0.0; 0.0; 0.0; 0.0; 0.0; 0.0; 0; 0; 0.0; 0.0; 1; 3.98069721225; 3.05528681035; -2.5837708946; 0; 0; 0; 0; 0.0; 0.0; 0.0; -1.0; 0.0; 0.0; 0.0; 0.0; 0.0; 1.0;0; 0;0; 0; 
55.2065961361; 114070; 0.0; 0.0; -0.0088771; 0.0; 0.0; 0.0; 0.0; 0.0; 0.0; 0.0; 0.0; 0.0; 0.0; 0.0; 0.0; 0.0; 0.0; 0.0; 0.0; 0.0; 0.0; 0.0; 0.0; 0.0; 0; 0; 0.0; 0.0; 1; 3.98069721225; 3.05528681035; -2.5837708946; 0; 0; 0; 0; 0.0; 0.0; 0.0; -1.0; 0.0; 0.0; 0.0; 0.0; 0.0; 1.0;0; 0;0; 0; 
55.2178480625; 114070; 0.0; 0.0; -0.0088871; 0.0; 0.0; 0.0; 0.0; 0.0; 0.0; 0.0; 0.0; 0.0; 0.0; 0.0; 0.0; 0.0; 0.0; 0.0; 0.0; 0.0; 0.0; 0.0; 0.0; 0.0; 0; 0; 0.0; 0.0; 1; 3.98069721225; 3.05528681035; -2.5837708946; 0; 0; 0; 0; 0.0; 0.0; 0.0; -1.0; 0.0; 0.0; 0.0; 0.0; 0.0; 1.0;0; 0;0; 0; 
55.2291381359; 114080; 0.0; 0.0; -0.0088821; 0.0; 0.0; 0.0; 0.0; 0.0; 0.0; 0.0; 0.0; 0.0; 0.0; 0.0; 0.0; 0.0; 0.0; 0.0; 0.0; 0.0; 0.0; 0.0; 0.0; 0.0; 0; 0; 0.0; 0.0; 1; 3.98069721225; 3.05528681035; -2.5837708946; 0; 0; 0; 0; 0.0; 0.0; 0.0; -1.0; 0.0; 0.0; 0.0; 0.0; 0.0; 1.0;0; 0;0; 0; 
55.2406179905; 114080; 0.0; 0.0; -0.0088736; 0.0; 0.0; 0.0; 0.0; 0.0; 0.0; 0.0; 0.0; 0.0; 0.0; 0.0; 0.0; 0.0; 0.0; 0.0; 0.0; 0.0; 0.0; 0.0; 0.0; 0.0; 0; 0; 0.0; 0.0; 1; 3.98069721225; 3.05528681035; -2.5837708946; 0; 0; 0; 0; 0.0; 0.0; 0.0; -1.0; 0.0; 0.0; 0.0; 0.0; 0.0; 1.0;0; 0;0; 0; 
55.2518041134; 114090; 0.0; 0.0; -0.0088677; 0.0; 0.0; 0.0; 0.0; 0.0; 0.0; 0.0; 0.0; 0.0; 0.0; 0.0; 0.0; 0.0; 0.0; 0.0; 0.0; 0.0; 0.0; 0.0; 0.0; 0.0; 0; 0; 0.0; 0.0; 1; 3.98069721225; 3.05528681035; -2.5837708946; 0; 0; 0; 0; 0.0; 0.0; 0.0; -1.0; 0.0; 0.0; 0.0; 0.0; 0.0; 1.0;0; 0;0; 0; 
55.263117075; 114090; 0.0; 0.0; -0.0088735; 0.0; 0.0; 0.0; 0.0; 0.0; 0.0; 0.0; 0.0; 0.0; 0.0; 0.0; 0.0; 0.0; 0.0; 0.0; 0.0; 0.0; 0.0; 0.0; 0.0; 0.0; 0; 0; 0.0; 0.0; 1; 3.98069721225; 3.05528681035; -2.5837708946; 0; 0; 0; 0; 0.0; 0.0; 0.0; -1.0; 0.0; 0.0; 0.0; 0.0; 0.0; 1.0;0; 0;0; 0; 
55.2744960785; 114100; 0.0; 0.0; -0.00886; 0.0; 0.0; 0.0; 0.0; 0.0; 0.0; 0.0; 0.0; 0.0; 0.0; 0.0; 0.0; 0.0; 0.0; 0.0; 0.0; 0.0; 0.0; 0.0; 0.0; 0.0; 0; 0; 0.0; 0.0; 1; 3.98069721225; 3.05528681035; -2.5837708946; 0; 0; 0; 0; 0.0; 0.0; 0.0; -1.0; 0.0; 0.0; 0.0; 0.0; 0.0; 1.0;0; 0;0; 0; 
55.2863609791; 114100; 0.0; 0.0; -0.0088428; 0.0; 0.0; 0.0; 0.0; 0.0; 0.0; 0.0; 0.0; 0.0; 0.0; 0.0; 0.0; 0.0; 0.0; 0.0; 0.0; 0.0; 0.0; 0.0; 0.0; 0.0; 0; 0; 0.0; 0.0; 1; 3.98069721225; 3.05528681035; -2.5837708946; 0; 0; 0; 0; 0.0; 0.0; 0.0; -1.0; 0.0; 0.0; 0.0; 0.0; 0.0; 1.0;0; 0;0; 0; 
55.2987501621; 114110; 0.0; 0.0; -0.0088726; 0.0; 0.0; 0.0; 0.0; 0.0; 0.0; 0.0; 0.0; 0.0; 0.0; 0.0; 0.0; 0.0; 0.0; 0.0; 0.0; 0.0; 0.0; 0.0; 0.0; 0.0; 0; 0; 0.0; 0.0; 1; 3.98069721225; 3.05528681035; -2.5837708946; 0; 0; 0; 0; 0.0; 0.0; 0.0; -1.0; 0.0; 0.0; 0.0; 0.0; 0.0; 1.0;0; 0;0; 0; 
55.3092420101; 114110; 0.0; 0.0; -0.0089329; 0.0; 0.0; 0.0; 0.0; 0.0; 0.0; 0.0; 0.0; 0.0; 0.0; 0.0; 0.0; 0.0; 0.0; 0.0; 0.0; 0.0; 0.0; 0.0; 0.0; 0.0; 0; 0; 0.0; 0.0; 1; 3.98069721225; 3.05528681035; -2.5837708946; 0; 0; 0; 0; 0.0; 0.0; 0.0; -1.0; 0.0; 0.0; 0.0; 0.0; 0.0; 1.0;0; 0;0; 0; 
55.3205211163; 114120; 0.0; 0.0; -0.0090024; 0.0; 0.0; 0.0; 0.0; 0.0; 0.0; 0.0; 0.0; 0.0; 0.0; 0.0; 0.0; 0.0; 0.0; 0.0; 0.0; 0.0; 0.0; 0.0; 0.0; 0.0; 0; 0; 0.0; 0.0; 1; 3.98046178356; 3.05513992187; -2.5837708946; 0; 0; 0; 0; 0.0; 0.0; 0.0; -1.0; 0.0; 0.0; 0.0; 0.0; 0.0; 1.0;0; 0;0; 0; 
55.3328680992; 114120; 0.0; 0.0; -0.0090589; 0.0; 0.0; 0.0; 0.0; 0.0; 0.0; 0.0; 0.0; 0.0; 0.0; 0.0; 0.0; 0.0; 0.0; 0.0; 0.0; 0.0; 0.0; 0.0; 0.0; 0.0; 0; 0; 0.0; 0.0; 1; 3.98046178356; 3.05513992187; -2.5837708946; 0; 0; 0; 0; 0.0; 0.0; 0.0; -1.0; 0.0; 0.0; 0.0; 0.0; 0.0; 1.0;0; 0;0; 0; 
55.3437449932; 114130; 0.0; 0.0; -0.0091281; 0.0; 0.0; 0.0; 0.0; 0.0; 0.0; 0.0; 0.0; 0.0; 0.0; 0.0; 0.0; 0.0; 0.0; 0.0; 0.0; 0.0; 0.0; 0.0; 0.0; 0.0; 0; 0; 0.0; 0.0; 1; 3.98046178356; 3.05513992187; -2.5837708946; 0; 0; 0; 0; 0.0; 0.0; 0.0; -1.0; 0.0; 0.0; 0.0; 0.0; 0.0; 1.0;0; 0;0; 0; 
55.3551280499; 114130; 0.0; 0.0; -0.0092193; 0.0; 0.0; 0.0; 0.0; 0.0; 0.0; 0.0; 0.0; 0.0; 0.0; 0.0; 0.0; 0.0; 0.0; 0.0; 0.0; 0.0; 0.0; 0.0; 0.0; 0.0; 0; 0; 0.0; 0.0; 1; 3.98046178356; 3.05513992187; -2.5837708946; 0; 0; 0; 0; 0.0; 0.0; 0.0; -1.0; 0.0; 0.0; 0.0; 0.0; 0.0; 1.0;0; 0;0; 0; 
55.3654220104; 114140; 0.0; 0.0; -0.0092871; 0.0; 0.0; 0.0; 0.0; 0.0; 0.0; 0.0; 0.0; 0.0; 0.0; 0.0; 0.0; 0.0; 0.0; 0.0; 0.0; 0.0; 0.0; 0.0; 0.0; 0.0; 0; 0; 0.0; 0.0; 1; 3.98046178356; 3.05513992187; -2.5837708946; 0; 0; 0; 0; 0.0; 0.0; 0.0; -1.0; 0.0; 0.0; 0.0; 0.0; 0.0; 1.0;0; 0;0; 0; 
55.3769500256; 114140; 0.0; 0.0; -0.009291; 0.0; 0.0; 0.0; 0.0; 0.0; 0.0; 0.0; 0.0; 0.0; 0.0; 0.0; 0.0; 0.0; 0.0; 0.0; 0.0; 0.0; 0.0; 0.0; 0.0; 0.0; 0; 0; 0.0; 0.0; 1; 3.98046178356; 3.05513992187; -2.5837708946; 0; 0; 0; 0; 0.0; 0.0; 0.0; -1.0; 0.0; 0.0; 0.0; 0.0; 0.0; 1.0;0; 0;0; 0; 
55.3886210918; 114150; 0.0; 0.0; -0.009267; 0.0; 0.0; 0.0; 0.0; 0.0; 0.0; 0.0; 0.0; 0.0; 0.0; 0.0; 0.0; 0.0; 0.0; 0.0; 0.0; 0.0; 0.0; 0.0; 0.0; 0.0; 0; 0; 0.0; 0.0; 1; 3.98046178356; 3.05513992187; -2.5837708946; 0; 0; 0; 0; 0.0; 0.0; 0.0; -1.0; 0.0; 0.0; 0.0; 0.0; 0.0; 1.0;0; 0;0; 0; 
55.4004480839; 114150; 0.0; 0.0; -0.0092184; 0.0; 0.0; 0.0; 0.0; 0.0; 0.0; 0.0; 0.0; 0.0; 0.0; 0.0; 0.0; 0.0; 0.0; 0.0; 0.0; 0.0; 0.0; 0.0; 0.0; 0.0; 0; 0; 0.0; 0.0; 1; 3.98046178356; 3.05513992187; -2.5837708946; 0; 0; 0; 0; 0.0; 0.0; 0.0; -1.0; 0.0; 0.0; 0.0; 0.0; 0.0; 1.0;0; 0;0; 0; 
55.4112501144; 114160; 0.0; 0.0; -0.0091511; 0.0; 0.0; 0.0; 0.0; 0.0; 0.0; 0.0; 0.0; 0.0; 0.0; 0.0; 0.0; 0.0; 0.0; 0.0; 0.0; 0.0; 0.0; 0.0; 0.0; 0.0; 0; 0; 0.0; 0.0; 1; 3.98046178356; 3.05513992187; -2.5837708946; 0; 0; 0; 0; 0.0; 0.0; 0.0; -1.0; 0.0; 0.0; 0.0; 0.0; 0.0; 1.0;0; 0;0; 0; 
55.4225490093; 114160; 0.0; 0.0; -0.0090596; 0.0; 0.0; 0.0; 0.0; 0.0; 0.0; 0.0; 0.0; 0.0; 0.0; 0.0; 0.0; 0.0; 0.0; 0.0; 0.0; 0.0; 0.0; 0.0; 0.0; 0.0; 0; 0; 0.0; 0.0; 1; 3.98046178356; 3.05513992187; -2.5837708946; 0; 0; 0; 0; 0.0; 0.0; 0.0; -1.0; 0.0; 0.0; 0.0; 0.0; 0.0; 1.0;0; 0;0; 0; 
55.4339210987; 114170; 0.0; 0.0; -0.0089752; 0.0; 0.0; 0.0; 0.0; 0.0; 0.0; 0.0; 0.0; 0.0; 0.0; 0.0; 0.0; 0.0; 0.0; 0.0; 0.0; 0.0; 0.0; 0.0; 0.0; 0.0; 0; 0; 0.0; 0.0; 1; 3.98046178356; 3.05513992187; -2.5837708946; 0; 0; 0; 0; 0.0; 0.0; 0.0; -1.0; 0.0; 0.0; 0.0; 0.0; 0.0; 1.0;0; 0;0; 0; 
55.4446411133; 114170; 0.0; 0.0; -0.0089232; 0.0; 0.0; 0.0; 0.0; 0.0; 0.0; 0.0; 0.0; 0.0; 0.0; 0.0; 0.0; 0.0; 0.0; 0.0; 0.0; 0.0; 0.0; 0.0; 0.0; 0.0; 0; 0; 0.0; 0.0; 1; 3.98046178356; 3.05513992187; -2.5837708946; 0; 0; 0; 0; 0.0; 0.0; 0.0; -1.0; 0.0; 0.0; 0.0; 0.0; 0.0; 1.0;0; 0;0; 0; 
55.4562461376; 114180; 0.0; 0.0; -0.0088888; 0.0; 0.0; 0.0; 0.0; 0.0; 0.0; 0.0; 0.0; 0.0; 0.0; 0.0; 0.0; 0.0; 0.0; 0.0; 0.0; 0.0; 0.0; 0.0; 0.0; 0.0; 0; 0; 0.0; 0.0; 1; 3.98046178356; 3.05513992187; -2.5837708946; 0; 0; 0; 0; 0.0; 0.0; 0.0; -1.0; 0.0; 0.0; 0.0; 0.0; 0.0; 1.0;0; 0;0; 0; 
55.4676301479; 114180; 0.0; 0.0; -0.0088657; 0.0; 0.0; 0.0; 0.0; 0.0; 0.0; 0.0; 0.0; 0.0; 0.0; 0.0; 0.0; 0.0; 0.0; 0.0; 0.0; 0.0; 0.0; 0.0; 0.0; 0.0; 0; 0; 0.0; 0.0; 1; 3.98046178356; 3.05513992187; -2.5837708946; 0; 0; 0; 0; 0.0; 0.0; 0.0; -1.0; 0.0; 0.0; 0.0; 0.0; 0.0; 1.0;0; 0;0; 0; 
55.4782140255; 114190; 0.0; 0.0; -0.0088646; 0.0; 0.0; 0.0; 0.0; 0.0; 0.0; 0.0; 0.0; 0.0; 0.0; 0.0; 0.0; 0.0; 0.0; 0.0; 0.0; 0.0; 0.0; 0.0; 0.0; 0.0; 0; 0; 0.0; 0.0; 1; 3.98046178356; 3.05513992187; -2.5837708946; 0; 0; 0; 0; 0.0; 0.0; 0.0; -1.0; 0.0; 0.0; 0.0; 0.0; 0.0; 1.0;0; 0;0; 0; 
55.4891760349; 114190; 0.0; 0.0; -0.0088626; 0.0; 0.0; 0.0; 0.0; 0.0; 0.0; 0.0; 0.0; 0.0; 0.0; 0.0; 0.0; 0.0; 0.0; 0.0; 0.0; 0.0; 0.0; 0.0; 0.0; 0.0; 0; 0; 0.0; 0.0; 1; 3.98046178356; 3.05513992187; -2.5837708946; 0; 0; 0; 0; 0.0; 0.0; 0.0; -1.0; 0.0; 0.0; 0.0; 0.0; 0.0; 1.0;0; 0;0; 0; 
55.5006110668; 114200; 0.0; 0.0; -0.0088556; 0.0; 0.0; 0.0; 0.0; 0.0; 0.0; 0.0; 0.0; 0.0; 0.0; 0.0; 0.0; 0.0; 0.0; 0.0; 0.0; 0.0; 0.0; 0.0; 0.0; 0.0; 0; 0; 0.0; 0.0; 1; 3.98046178356; 3.05513992187; -2.5837708946; 0; 0; 0; 0; 0.0; 0.0; 0.0; -1.0; 0.0; 0.0; 0.0; 0.0; 0.0; 1.0;0; 0;0; 0; 
55.5118210316; 114200; 0.0; 0.0; -0.0088254; 0.0; 0.0; 0.0; 0.0; 0.0; 0.0; 0.0; 0.0; 0.0; 0.0; 0.0; 0.0; 0.0; 0.0; 0.0; 0.0; 0.0; 0.0; 0.0; 0.0; 0.0; 0; 0; 0.0; 0.0; 1; 3.98046178356; 3.05513992187; -2.5837708946; 0; 0; 0; 0; 0.0; 0.0; 0.0; -1.0; 0.0; 0.0; 0.0; 0.0; 0.0; 1.0;0; 0;0; 0; 
55.5230441093; 114210; 0.0; 0.0; -0.0087976; 0.0; 0.0; 0.0; 0.0; 0.0; 0.0; 0.0; 0.0; 0.0; 0.0; 0.0; 0.0; 0.0; 0.0; 0.0; 0.0; 0.0; 0.0; 0.0; 0.0; 0.0; 0; 0; 0.0; 0.0; 1; 3.98046178356; 3.05513992187; -2.5837708946; 0; 0; 0; 0; 0.0; 0.0; 0.0; -1.0; 0.0; 0.0; 0.0; 0.0; 0.0; 1.0;0; 0;0; 0; 
55.5337400436; 114210; 0.0; 0.0; -0.0087977; 0.0; 0.0; 0.0; 0.0; 0.0; 0.0; 0.0; 0.0; 0.0; 0.0; 0.0; 0.0; 0.0; 0.0; 0.0; 0.0; 0.0; 0.0; 0.0; 0.0; 0.0; 0; 0; 0.0; 0.0; 1; 3.98046178356; 3.05513992187; -2.5837708946; 0; 0; 0; 0; 0.0; 0.0; 0.0; -1.0; 0.0; 0.0; 0.0; 0.0; 0.0; 1.0;0; 0;0; 0; 
55.5451071262; 114220; 0.0; 0.0; -0.0087918; 0.0; 0.0; 0.0; 0.0; 0.0; 0.0; 0.0; 0.0; 0.0; 0.0; 0.0; 0.0; 0.0; 0.0; 0.0; 0.0; 0.0; 0.0; 0.0; 0.0; 0.0; 0; 0; 0.0; 0.0; 1; 3.98033965597; 3.05506372412; -2.5837708946; 0; 0; 0; 0; 0.0; 0.0; 0.0; -1.0; 0.0; 0.0; 0.0; 0.0; 0.0; 1.0;0; 0;0; 0; 
55.5571780205; 114220; 0.0; 0.0; -0.0088077; 0.0; 0.0; 0.0; 0.0; 0.0; 0.0; 0.0; 0.0; 0.0; 0.0; 0.0; 0.0; 0.0; 0.0; 0.0; 0.0; 0.0; 0.0; 0.0; 0.0; 0.0; 0; 0; 0.0; 0.0; 1; 3.98033965597; 3.05506372412; -2.5837708946; 0; 0; 0; 0; 0.0; 0.0; 0.0; -1.0; 0.0; 0.0; 0.0; 0.0; 0.0; 1.0;0; 0;0; 0; 
55.5688340664; 114230; 0.0; 0.0; -0.0088344; 0.0; 0.0; 0.0; 0.0; 0.0; 0.0; 0.0; 0.0; 0.0; 0.0; 0.0; 0.0; 0.0; 0.0; 0.0; 0.0; 0.0; 0.0; 0.0; 0.0; 0.0; 0; 0; 0.0; 0.0; 1; 3.98033965597; 3.05506372412; -2.5837708946; 0; 0; 0; 0; 0.0; 0.0; 0.0; -1.0; 0.0; 0.0; 0.0; 0.0; 0.0; 1.0;0; 0;0; 0; 
55.579885006; 114230; 0.0; 0.0; -0.0088621; 0.0; 0.0; 0.0; 0.0; 0.0; 0.0; 0.0; 0.0; 0.0; 0.0; 0.0; 0.0; 0.0; 0.0; 0.0; 0.0; 0.0; 0.0; 0.0; 0.0; 0.0; 0; 0; 0.0; 0.0; 1; 3.98033965597; 3.05506372412; -2.5837708946; 0; 0; 0; 0; 0.0; 0.0; 0.0; -1.0; 0.0; 0.0; 0.0; 0.0; 0.0; 1.0;0; 0;0; 0; 
55.5907781124; 114240; 0.0; 0.0; -0.0088741; 0.0; 0.0; 0.0; 0.0; 0.0; 0.0; 0.0; 0.0; 0.0; 0.0; 0.0; 0.0; 0.0; 0.0; 0.0; 0.0; 0.0; 0.0; 0.0; 0.0; 0.0; 0; 0; 0.0; 0.0; 1; 3.98033965597; 3.05506372412; -2.5837708946; 0; 0; 0; 0; 0.0; 0.0; 0.0; -1.0; 0.0; 0.0; 0.0; 0.0; 0.0; 1.0;0; 0;0; 0; 
55.6016290188; 114240; 0.0; 0.0; -0.0088714; 0.0; 0.0; 0.0; 0.0; 0.0; 0.0; 0.0; 0.0; 0.0; 0.0; 0.0; 0.0; 0.0; 0.0; 0.0; 0.0; 0.0; 0.0; 0.0; 0.0; 0.0; 0; 0; 0.0; 0.0; 1; 3.98033965597; 3.05506372412; -2.5837708946; 0; 0; 0; 0; 0.0; 0.0; 0.0; -1.0; 0.0; 0.0; 0.0; 0.0; 0.0; 1.0;0; 0;0; 0; 
55.6124711037; 114250; 0.0; 0.0; -0.0088392; 0.0; 0.0; 0.0; 0.0; 0.0; 0.0; 0.0; 0.0; 0.0; 0.0; 0.0; 0.0; 0.0; 0.0; 0.0; 0.0; 0.0; 0.0; 0.0; 0.0; 0.0; 0; 0; 0.0; 0.0; 1; 3.98033965597; 3.05506372412; -2.5837708946; 0; 0; 0; 0; 0.0; 0.0; 0.0; -1.0; 0.0; 0.0; 0.0; 0.0; 0.0; 1.0;0; 0;0; 0; 
55.6239831448; 114250; 0.0; 0.0; -0.0087975; 0.0; 0.0; 0.0; 0.0; 0.0; 0.0; 0.0; 0.0; 0.0; 0.0; 0.0; 0.0; 0.0; 0.0; 0.0; 0.0; 0.0; 0.0; 0.0; 0.0; 0.0; 0; 0; 0.0; 0.0; 1; 3.98033965597; 3.05506372412; -2.5837708946; 0; 0; 0; 0; 0.0; 0.0; 0.0; -1.0; 0.0; 0.0; 0.0; 0.0; 0.0; 1.0;0; 0;0; 0; 
55.6348509789; 114260; 0.0; 0.0; -0.0087314; 0.0; 0.0; 0.0; 0.0; 0.0; 0.0; 0.0; 0.0; 0.0; 0.0; 0.0; 0.0; 0.0; 0.0; 0.0; 0.0; 0.0; 0.0; 0.0; 0.0; 0.0; 0; 0; 0.0; 0.0; 1; 3.98033965597; 3.05506372412; -2.5837708946; 0; 0; 0; 0; 0.0; 0.0; 0.0; -1.0; 0.0; 0.0; 0.0; 0.0; 0.0; 1.0;0; 0;0; 0; 
55.6462080479; 114260; 0.0; 0.0; -0.0086824; 0.0; 0.0; 0.0; 0.0; 0.0; 0.0; 0.0; 0.0; 0.0; 0.0; 0.0; 0.0; 0.0; 0.0; 0.0; 0.0; 0.0; 0.0; 0.0; 0.0; 0.0; 0; 0; 0.0; 0.0; 1; 3.98033965597; 3.05506372412; -2.5837708946; 0; 0; 0; 0; 0.0; 0.0; 0.0; -1.0; 0.0; 0.0; 0.0; 0.0; 0.0; 1.0;0; 0;0; 0; 
55.6583211422; 114270; 0.0; 0.0; -0.0086399; 0.0; 0.0; 0.0; 0.0; 0.0; 0.0; 0.0; 0.0; 0.0; 0.0; 0.0; 0.0; 0.0; 0.0; 0.0; 0.0; 0.0; 0.0; 0.0; 0.0; 0.0; 0; 0; 0.0; 0.0; 1; 3.98033965597; 3.05506372412; -2.5837708946; 0; 0; 0; 0; 0.0; 0.0; 0.0; -1.0; 0.0; 0.0; 0.0; 0.0; 0.0; 1.0;0; 0;0; 0; 
55.6696131229; 114270; 0.0; 0.0; -0.0086119; 0.0; 0.0; 0.0; 0.0; 0.0; 0.0; 0.0; 0.0; 0.0; 0.0; 0.0; 0.0; 0.0; 0.0; 0.0; 0.0; 0.0; 0.0; 0.0; 0.0; 0.0; 0; 0; 0.0; 0.0; 1; 3.98033965597; 3.05506372412; -2.5837708946; 0; 0; 0; 0; 0.0; 0.0; 0.0; -1.0; 0.0; 0.0; 0.0; 0.0; 0.0; 1.0;0; 0;0; 0; 
55.6809489727; 114280; 0.0; 0.0; -0.0086114; 0.0; 0.0; 0.0; 0.0; 0.0; 0.0; 0.0; 0.0; 0.0; 0.0; 0.0; 0.0; 0.0; 0.0; 0.0; 0.0; 0.0; 0.0; 0.0; 0.0; 0.0; 0; 0; 0.0; 0.0; 1; 3.98033965597; 3.05506372412; -2.5837708946; 0; 0; 0; 0; 0.0; 0.0; 0.0; -1.0; 0.0; 0.0; 0.0; 0.0; 0.0; 1.0;0; 0;0; 0; 
55.6925630569; 114280; 0.0; 0.0; -0.008632; 0.0; 0.0; 0.0; 0.0; 0.0; 0.0; 0.0; 0.0; 0.0; 0.0; 0.0; 0.0; 0.0; 0.0; 0.0; 0.0; 0.0; 0.0; 0.0; 0.0; 0.0; 0; 0; 0.0; 0.0; 1; 3.98033965597; 3.05506372412; -2.5837708946; 0; 0; 0; 0; 0.0; 0.0; 0.0; -1.0; 0.0; 0.0; 0.0; 0.0; 0.0; 1.0;0; 0;0; 0; 
55.7044460773; 114290; 0.0; 0.0; -0.008681; 0.0; 0.0; 0.0; 0.0; 0.0; 0.0; 0.0; 0.0; 0.0; 0.0; 0.0; 0.0; 0.0; 0.0; 0.0; 0.0; 0.0; 0.0; 0.0; 0.0; 0.0; 0; 0; 0.0; 0.0; 1; 3.98033965597; 3.05506372412; -2.5837708946; 0; 0; 0; 0; 0.0; 0.0; 0.0; -1.0; 0.0; 0.0; 0.0; 0.0; 0.0; 1.0;0; 0;0; 0; 
55.7156770229; 114290; 0.0; 0.0; -0.0087187; 0.0; 0.0; 0.0; 0.0; 0.0; 0.0; 0.0; 0.0; 0.0; 0.0; 0.0; 0.0; 0.0; 0.0; 0.0; 0.0; 0.0; 0.0; 0.0; 0.0; 0.0; 0; 0; 0.0; 0.0; 1; 3.98033965597; 3.05506372412; -2.5837708946; 0; 0; 0; 0; 0.0; 0.0; 0.0; -1.0; 0.0; 0.0; 0.0; 0.0; 0.0; 1.0;0; 0;0; 0; 
55.7266480923; 114300; 0.0; 0.0; -0.008752; 0.0; 0.0; 0.0; 0.0; 0.0; 0.0; 0.0; 0.0; 0.0; 0.0; 0.0; 0.0; 0.0; 0.0; 0.0; 0.0; 0.0; 0.0; 0.0; 0.0; 0.0; 0; 0; 0.0; 0.0; 1; 3.98033965597; 3.05506372412; -2.5837708946; 0; 0; 0; 0; 0.0; 0.0; 0.0; -1.0; 0.0; 0.0; 0.0; 0.0; 0.0; 1.0;0; 0;0; 0; 
55.7371001244; 114300; 0.0; 0.0; -0.0088099; 0.0; 0.0; 0.0; 0.0; 0.0; 0.0; 0.0; 0.0; 0.0; 0.0; 0.0; 0.0; 0.0; 0.0; 0.0; 0.0; 0.0; 0.0; 0.0; 0.0; 0.0; 0; 0; 0.0; 0.0; 1; 3.98033965597; 3.05506372412; -2.5837708946; 0; 0; 0; 0; 0.0; 0.0; 0.0; -1.0; 0.0; 0.0; 0.0; 0.0; 0.0; 1.0;0; 0;0; 0; 
55.7478270531; 114310; 0.0; 0.0; -0.0088936; 0.0; 0.0; 0.0; 0.0; 0.0; 0.0; 0.0; 0.0; 0.0; 0.0; 0.0; 0.0; 0.0; 0.0; 0.0; 0.0; 0.0; 0.0; 0.0; 0.0; 0.0; 0; 0; 0.0; 0.0; 1; 3.98033965597; 3.05506372412; -2.5837708946; 0; 0; 0; 0; 0.0; 0.0; 0.0; -1.0; 0.0; 0.0; 0.0; 0.0; 0.0; 1.0;0; 0;0; 0; 
55.7599899769; 114310; 0.0; 0.0; -0.0089667; 0.0; 0.0; 0.0; 0.0; 0.0; 0.0; 0.0; 0.0; 0.0; 0.0; 0.0; 0.0; 0.0; 0.0; 0.0; 0.0; 0.0; 0.0; 0.0; 0.0; 0.0; 0; 0; 0.0; 0.0; 1; 3.98033965597; 3.05506372412; -2.5837708946; 0; 0; 0; 0; 0.0; 0.0; 0.0; -1.0; 0.0; 0.0; 0.0; 0.0; 0.0; 1.0;0; 0;0; 0; 
55.7713751793; 114320; 0.0; 0.0; -0.0090207; 0.0; 0.0; 0.0; 0.0; 0.0; 0.0; 0.0; 0.0; 0.0; 0.0; 0.0; 0.0; 0.0; 0.0; 0.0; 0.0; 0.0; 0.0; 0.0; 0.0; 0.0; 0; 0; 0.0; 0.0; 1; 3.98027630282; 3.05502419687; -2.5837708946; 0; 0; 0; 0; 0.0; 0.0; 0.0; -1.0; 0.0; 0.0; 0.0; 0.0; 0.0; 1.0;0; 0;0; 0; 
55.7828500271; 114320; 0.0; 0.0; -0.0090542; 0.0; 0.0; 0.0; 0.0; 0.0; 0.0; 0.0; 0.0; 0.0; 0.0; 0.0; 0.0; 0.0; 0.0; 0.0; 0.0; 0.0; 0.0; 0.0; 0.0; 0.0; 0; 0; 0.0; 0.0; 1; 3.98027630282; 3.05502419687; -2.5837708946; 0; 0; 0; 0; 0.0; 0.0; 0.0; -1.0; 0.0; 0.0; 0.0; 0.0; 0.0; 1.0;0; 0;0; 0; 
55.793970108; 114330; 0.0; 0.0; -0.0090864; 0.0; 0.0; 0.0; 0.0; 0.0; 0.0; 0.0; 0.0; 0.0; 0.0; 0.0; 0.0; 0.0; 0.0; 0.0; 0.0; 0.0; 0.0; 0.0; 0.0; 0.0; 0; 0; 0.0; 0.0; 1; 3.98027630282; 3.05502419687; -2.5837708946; 0; 0; 0; 0; 0.0; 0.0; 0.0; -1.0; 0.0; 0.0; 0.0; 0.0; 0.0; 1.0;0; 0;0; 0; 
55.8047189713; 114330; 0.0; 0.0; -0.0091162; 0.0; 0.0; 0.0; 0.0; 0.0; 0.0; 0.0; 0.0; 0.0; 0.0; 0.0; 0.0; 0.0; 0.0; 0.0; 0.0; 0.0; 0.0; 0.0; 0.0; 0.0; 0; 0; 0.0; 0.0; 1; 3.98027630282; 3.05502419687; -2.5837708946; 0; 0; 0; 0; 0.0; 0.0; 0.0; -1.0; 0.0; 0.0; 0.0; 0.0; 0.0; 1.0;0; 0;0; 0; 
55.8159000874; 114340; 0.0; 0.0; -0.0090939; 0.0; 0.0; 0.0; 0.0; 0.0; 0.0; 0.0; 0.0; 0.0; 0.0; 0.0; 0.0; 0.0; 0.0; 0.0; 0.0; 0.0; 0.0; 0.0; 0.0; 0.0; 0; 0; 0.0; 0.0; 1; 3.98027630282; 3.05502419687; -2.5837708946; 0; 0; 0; 0; 0.0; 0.0; 0.0; -1.0; 0.0; 0.0; 0.0; 0.0; 0.0; 1.0;0; 0;0; 0; 
55.827103138; 114340; 0.0; 0.0; -0.0090277; 0.0; 0.0; 0.0; 0.0; 0.0; 0.0; 0.0; 0.0; 0.0; 0.0; 0.0; 0.0; 0.0; 0.0; 0.0; 0.0; 0.0; 0.0; 0.0; 0.0; 0.0; 0; 0; 0.0; 0.0; 1; 3.98027630282; 3.05502419687; -2.5837708946; 0; 0; 0; 0; 0.0; 0.0; 0.0; -1.0; 0.0; 0.0; 0.0; 0.0; 0.0; 1.0;0; 0;0; 0; 
55.8387031555; 114350; 0.0; 0.0; -0.0089734; 0.0; 0.0; 0.0; 0.0; 0.0; 0.0; 0.0; 0.0; 0.0; 0.0; 0.0; 0.0; 0.0; 0.0; 0.0; 0.0; 0.0; 0.0; 0.0; 0.0; 0.0; 0; 0; 0.0; 0.0; 1; 3.98027630282; 3.05502419687; -2.5837708946; 0; 0; 0; 0; 0.0; 0.0; 0.0; -1.0; 0.0; 0.0; 0.0; 0.0; 0.0; 1.0;0; 0;0; 0; 
55.8497769833; 114350; 0.0; 0.0; -0.0089181; 0.0; 0.0; 0.0; 0.0; 0.0; 0.0; 0.0; 0.0; 0.0; 0.0; 0.0; 0.0; 0.0; 0.0; 0.0; 0.0; 0.0; 0.0; 0.0; 0.0; 0.0; 0; 0; 0.0; 0.0; 1; 3.98027630282; 3.05502419687; -2.5837708946; 0; 0; 0; 0; 0.0; 0.0; 0.0; -1.0; 0.0; 0.0; 0.0; 0.0; 0.0; 1.0;0; 0;0; 0; 
55.8625659943; 114360; 0.0; 0.0; -0.0088742; 0.0; 0.0; 0.0; 0.0; 0.0; 0.0; 0.0; 0.0; 0.0; 0.0; 0.0; 0.0; 0.0; 0.0; 0.0; 0.0; 0.0; 0.0; 0.0; 0.0; 0.0; 0; 0; 0.0; 0.0; 1; 3.98027630282; 3.05502419687; -2.5837708946; 0; 0; 0; 0; 0.0; 0.0; 0.0; -1.0; 0.0; 0.0; 0.0; 0.0; 0.0; 1.0;0; 0;0; 0; 
55.8733839989; 114360; 0.0; 0.0; -0.0088254; 0.0; 0.0; 0.0; 0.0; 0.0; 0.0; 0.0; 0.0; 0.0; 0.0; 0.0; 0.0; 0.0; 0.0; 0.0; 0.0; 0.0; 0.0; 0.0; 0.0; 0.0; 0; 0; 0.0; 0.0; 1; 3.98027630282; 3.05502419687; -2.5837708946; 0; 0; 0; 0; 0.0; 0.0; 0.0; -1.0; 0.0; 0.0; 0.0; 0.0; 0.0; 1.0;0; 0;0; 0; 
55.8845791817; 114370; 0.0; 0.0; -0.00879; 0.0; 0.0; 0.0; 0.0; 0.0; 0.0; 0.0; 0.0; 0.0; 0.0; 0.0; 0.0; 0.0; 0.0; 0.0; 0.0; 0.0; 0.0; 0.0; 0.0; 0.0; 0; 0; 0.0; 0.0; 1; 3.98027630282; 3.05502419687; -2.5837708946; 0; 0; 0; 0; 0.0; 0.0; 0.0; -1.0; 0.0; 0.0; 0.0; 0.0; 0.0; 1.0;0; 0;0; 0; 
55.8960239887; 114370; 0.0; 0.0; -0.0087751; 0.0; 0.0; 0.0; 0.0; 0.0; 0.0; 0.0; 0.0; 0.0; 0.0; 0.0; 0.0; 0.0; 0.0; 0.0; 0.0; 0.0; 0.0; 0.0; 0.0; 0.0; 0; 0; 0.0; 0.0; 1; 3.98027630282; 3.05502419687; -2.5837708946; 0; 0; 0; 0; 0.0; 0.0; 0.0; -1.0; 0.0; 0.0; 0.0; 0.0; 0.0; 1.0;0; 0;0; 0; 
55.9075431824; 114380; 0.0; 0.0; -0.0087973; 0.0; 0.0; 0.0; 0.0; 0.0; 0.0; 0.0; 0.0; 0.0; 0.0; 0.0; 0.0; 0.0; 0.0; 0.0; 0.0; 0.0; 0.0; 0.0; 0.0; 0.0; 0; 0; 0.0; 0.0; 1; 3.98027630282; 3.05502419687; -2.5837708946; 0; 0; 0; 0; 0.0; 0.0; 0.0; -1.0; 0.0; 0.0; 0.0; 0.0; 0.0; 1.0;0; 0;0; 0; 
55.9180181026; 114380; 0.0; 0.0; -0.0088245; 0.0; 0.0; 0.0; 0.0; 0.0; 0.0; 0.0; 0.0; 0.0; 0.0; 0.0; 0.0; 0.0; 0.0; 0.0; 0.0; 0.0; 0.0; 0.0; 0.0; 0.0; 0; 0; 0.0; 0.0; 1; 3.98027630282; 3.05502419687; -2.5837708946; 0; 0; 0; 0; 0.0; 0.0; 0.0; -1.0; 0.0; 0.0; 0.0; 0.0; 0.0; 1.0;0; 0;0; 0; 
55.9302191734; 114390; 0.0; 0.0; -0.0088381; 0.0; 0.0; 0.0; 0.0; 0.0; 0.0; 0.0; 0.0; 0.0; 0.0; 0.0; 0.0; 0.0; 0.0; 0.0; 0.0; 0.0; 0.0; 0.0; 0.0; 0.0; 0; 0; 0.0; 0.0; 1; 3.98027630282; 3.05502419687; -2.5837708946; 0; 0; 0; 0; 0.0; 0.0; 0.0; -1.0; 0.0; 0.0; 0.0; 0.0; 0.0; 1.0;0; 0;0; 0; 
55.9416310787; 114390; 0.0; 0.0; -0.0088446; 0.0; 0.0; 0.0; 0.0; 0.0; 0.0; 0.0; 0.0; 0.0; 0.0; 0.0; 0.0; 0.0; 0.0; 0.0; 0.0; 0.0; 0.0; 0.0; 0.0; 0.0; 0; 0; 0.0; 0.0; 1; 3.98027630282; 3.05502419687; -2.5837708946; 0; 0; 0; 0; 0.0; 0.0; 0.0; -1.0; 0.0; 0.0; 0.0; 0.0; 0.0; 1.0;0; 0;0; 0; 
55.9533281326; 114400; 0.0; 0.0; -0.0088371; 0.0; 0.0; 0.0; 0.0; 0.0; 0.0; 0.0; 0.0; 0.0; 0.0; 0.0; 0.0; 0.0; 0.0; 0.0; 0.0; 0.0; 0.0; 0.0; 0.0; 0.0; 0; 0; 0.0; 0.0; 1; 3.98027630282; 3.05502419687; -2.5837708946; 0; 0; 0; 0; 0.0; 0.0; 0.0; -1.0; 0.0; 0.0; 0.0; 0.0; 0.0; 1.0;0; 0;0; 0; 
55.9649341106; 114400; 0.0; 0.0; -0.0088327; 0.0; 0.0; 0.0; 0.0; 0.0; 0.0; 0.0; 0.0; 0.0; 0.0; 0.0; 0.0; 0.0; 0.0; 0.0; 0.0; 0.0; 0.0; 0.0; 0.0; 0.0; 0; 0; 0.0; 0.0; 1; 3.98027630282; 3.05502419687; -2.5837708946; 0; 0; 0; 0; 0.0; 0.0; 0.0; -1.0; 0.0; 0.0; 0.0; 0.0; 0.0; 1.0;0; 0;0; 0; 
55.9763541222; 114410; 0.0; 0.0; -0.0088175; 0.0; 0.0; 0.0; 0.0; 0.0; 0.0; 0.0; 0.0; 0.0; 0.0; 0.0; 0.0; 0.0; 0.0; 0.0; 0.0; 0.0; 0.0; 0.0; 0.0; 0.0; 0; 0; 0.0; 0.0; 1; 3.98027630282; 3.05502419687; -2.5837708946; 0; 0; 0; 0; 0.0; 0.0; 0.0; -1.0; 0.0; 0.0; 0.0; 0.0; 0.0; 1.0;0; 0;0; 0; 
55.9875130653; 114410; 0.0; 0.0; -0.0087858; 0.0; 0.0; 0.0; 0.0; 0.0; 0.0; 0.0; 0.0; 0.0; 0.0; 0.0; 0.0; 0.0; 0.0; 0.0; 0.0; 0.0; 0.0; 0.0; 0.0; 0.0; 0; 0; 0.0; 0.0; 1; 3.98027630282; 3.05502419687; -2.5837708946; 0; 0; 0; 0; 0.0; 0.0; 0.0; -1.0; 0.0; 0.0; 0.0; 0.0; 0.0; 1.0;0; 0;0; 0; 
55.9983160496; 114420; 0.0; 0.0; -0.0087386; 0.0; 0.0; 0.0; 0.0; 0.0; 0.0; 0.0; 0.0; 0.0; 0.0; 0.0; 0.0; 0.0; 0.0; 0.0; 0.0; 0.0; 0.0; 0.0; 0.0; 0.0; 0; 0; 0.0; 0.0; 1; 3.98024343865; 3.05500369228; -2.5837708946; 0; 0; 0; 0; 0.0; 0.0; 0.0; -1.0; 0.0; 0.0; 0.0; 0.0; 0.0; 1.0;0; 0;0; 0; 
56.0093750954; 114420; 0.0; 0.0; -0.0087243; 0.0; 0.0; 0.0; 0.0; 0.0; 0.0; 0.0; 0.0; 0.0; 0.0; 0.0; 0.0; 0.0; 0.0; 0.0; 0.0; 0.0; 0.0; 0.0; 0.0; 0.0; 0; 0; 0.0; 0.0; 1; 3.98024343865; 3.05500369228; -2.5837708946; 0; 0; 0; 0; 0.0; 0.0; 0.0; -1.0; 0.0; 0.0; 0.0; 0.0; 0.0; 1.0;0; 0;0; 0; 
56.0204679966; 114430; 0.0; 0.0; -0.0087222; 0.0; 0.0; 0.0; 0.0; 0.0; 0.0; 0.0; 0.0; 0.0; 0.0; 0.0; 0.0; 0.0; 0.0; 0.0; 0.0; 0.0; 0.0; 0.0; 0.0; 0.0; 0; 0; 0.0; 0.0; 1; 3.98024343865; 3.05500369228; -2.5837708946; 0; 0; 0; 0; 0.0; 0.0; 0.0; -1.0; 0.0; 0.0; 0.0; 0.0; 0.0; 1.0;0; 0;0; 0; 
56.0315799713; 114430; 0.0; 0.0; -0.0087046; 0.0; 0.0; 0.0; 0.0; 0.0; 0.0; 0.0; 0.0; 0.0; 0.0; 0.0; 0.0; 0.0; 0.0; 0.0; 0.0; 0.0; 0.0; 0.0; 0.0; 0.0; 0; 0; 0.0; 0.0; 1; 3.98024343865; 3.05500369228; -2.5837708946; 0; 0; 0; 0; 0.0; 0.0; 0.0; -1.0; 0.0; 0.0; 0.0; 0.0; 0.0; 1.0;0; 0;0; 0; 
56.0424890518; 114440; 0.0; 0.0; -0.0086808; 0.0; 0.0; 0.0; 0.0; 0.0; 0.0; 0.0; 0.0; 0.0; 0.0; 0.0; 0.0; 0.0; 0.0; 0.0; 0.0; 0.0; 0.0; 0.0; 0.0; 0.0; 0; 0; 0.0; 0.0; 1; 3.98024343865; 3.05500369228; -2.5837708946; 0; 0; 0; 0; 0.0; 0.0; 0.0; -1.0; 0.0; 0.0; 0.0; 0.0; 0.0; 1.0;0; 0;0; 0; 
56.0533561707; 114440; 0.0; 0.0; -0.0086626; 0.0; 0.0; 0.0; 0.0; 0.0; 0.0; 0.0; 0.0; 0.0; 0.0; 0.0; 0.0; 0.0; 0.0; 0.0; 0.0; 0.0; 0.0; 0.0; 0.0; 0.0; 0; 0; 0.0; 0.0; 1; 3.98024343865; 3.05500369228; -2.5837708946; 0; 0; 0; 0; 0.0; 0.0; 0.0; -1.0; 0.0; 0.0; 0.0; 0.0; 0.0; 1.0;0; 0;0; 0; 
56.0645670891; 114450; 0.0; 0.0; -0.0086776; 0.0; 0.0; 0.0; 0.0; 0.0; 0.0; 0.0; 0.0; 0.0; 0.0; 0.0; 0.0; 0.0; 0.0; 0.0; 0.0; 0.0; 0.0; 0.0; 0.0; 0.0; 0; 0; 0.0; 0.0; 1; 3.98024343865; 3.05500369228; -2.5837708946; 0; 0; 0; 0; 0.0; 0.0; 0.0; -1.0; 0.0; 0.0; 0.0; 0.0; 0.0; 1.0;0; 0;0; 0; 
56.0765690804; 114450; 0.0; 0.0; -0.0086876; 0.0; 0.0; 0.0; 0.0; 0.0; 0.0; 0.0; 0.0; 0.0; 0.0; 0.0; 0.0; 0.0; 0.0; 0.0; 0.0; 0.0; 0.0; 0.0; 0.0; 0.0; 0; 0; 0.0; 0.0; 1; 3.98024343865; 3.05500369228; -2.5837708946; 0; 0; 0; 0; 0.0; 0.0; 0.0; -1.0; 0.0; 0.0; 0.0; 0.0; 0.0; 1.0;0; 0;0; 0; 
56.0874559879; 114460; 0.0; 0.0; -0.0086744; 0.0; 0.0; 0.0; 0.0; 0.0; 0.0; 0.0; 0.0; 0.0; 0.0; 0.0; 0.0; 0.0; 0.0; 0.0; 0.0; 0.0; 0.0; 0.0; 0.0; 0.0; 0; 0; 0.0; 0.0; 1; 3.98024343865; 3.05500369228; -2.5837708946; 0; 0; 0; 0; 0.0; 0.0; 0.0; -1.0; 0.0; 0.0; 0.0; 0.0; 0.0; 1.0;0; 0;0; 0; 
56.0989990234; 114460; 0.0; 0.0; -0.0086856; 0.0; 0.0; 0.0; 0.0; 0.0; 0.0; 0.0; 0.0; 0.0; 0.0; 0.0; 0.0; 0.0; 0.0; 0.0; 0.0; 0.0; 0.0; 0.0; 0.0; 0.0; 0; 0; 0.0; 0.0; 1; 3.98024343865; 3.05500369228; -2.5837708946; 0; 0; 0; 0; 0.0; 0.0; 0.0; -1.0; 0.0; 0.0; 0.0; 0.0; 0.0; 1.0;0; 0;0; 0; 
56.1104090214; 114470; 0.0; 0.0; -0.0087016; 0.0; 0.0; 0.0; 0.0; 0.0; 0.0; 0.0; 0.0; 0.0; 0.0; 0.0; 0.0; 0.0; 0.0; 0.0; 0.0; 0.0; 0.0; 0.0; 0.0; 0.0; 0; 0; 0.0; 0.0; 1; 3.98024343865; 3.05500369228; -2.5837708946; 0; 0; 0; 0; 0.0; 0.0; 0.0; -1.0; 0.0; 0.0; 0.0; 0.0; 0.0; 1.0;0; 0;0; 0; 
56.1211140156; 114470; 0.0; 0.0; -0.0087068; 0.0; 0.0; 0.0; 0.0; 0.0; 0.0; 0.0; 0.0; 0.0; 0.0; 0.0; 0.0; 0.0; 0.0; 0.0; 0.0; 0.0; 0.0; 0.0; 0.0; 0.0; 0; 0; 0.0; 0.0; 1; 3.98024343865; 3.05500369228; -2.5837708946; 0; 0; 0; 0; 0.0; 0.0; 0.0; -1.0; 0.0; 0.0; 0.0; 0.0; 0.0; 1.0;0; 0;0; 0; 
56.1332480907; 114480; 0.0; 0.0; -0.0087325; 0.0; 0.0; 0.0; 0.0; 0.0; 0.0; 0.0; 0.0; 0.0; 0.0; 0.0; 0.0; 0.0; 0.0; 0.0; 0.0; 0.0; 0.0; 0.0; 0.0; 0.0; 0; 0; 0.0; 0.0; 1; 3.98024343865; 3.05500369228; -2.5837708946; 0; 0; 0; 0; 0.0; 0.0; 0.0; -1.0; 0.0; 0.0; 0.0; 0.0; 0.0; 1.0;0; 0;0; 0; 
56.1438851357; 114480; 0.0; 0.0; -0.0087683; 0.0; 0.0; 0.0; 0.0; 0.0; 0.0; 0.0; 0.0; 0.0; 0.0; 0.0; 0.0; 0.0; 0.0; 0.0; 0.0; 0.0; 0.0; 0.0; 0.0; 0.0; 0; 0; 0.0; 0.0; 1; 3.98024343865; 3.05500369228; -2.5837708946; 0; 0; 0; 0; 0.0; 0.0; 0.0; -1.0; 0.0; 0.0; 0.0; 0.0; 0.0; 1.0;0; 0;0; 0; 
56.1548521519; 114490; 0.0; 0.0; -0.0088027; 0.0; 0.0; 0.0; 0.0; 0.0; 0.0; 0.0; 0.0; 0.0; 0.0; 0.0; 0.0; 0.0; 0.0; 0.0; 0.0; 0.0; 0.0; 0.0; 0.0; 0.0; 0; 0; 0.0; 0.0; 1; 3.98024343865; 3.05500369228; -2.5837708946; 0; 0; 0; 0; 0.0; 0.0; 0.0; -1.0; 0.0; 0.0; 0.0; 0.0; 0.0; 1.0;0; 0;0; 0; 
56.166228056; 114490; 0.0; 0.0; -0.0088276; 0.0; 0.0; 0.0; 0.0; 0.0; 0.0; 0.0; 0.0; 0.0; 0.0; 0.0; 0.0; 0.0; 0.0; 0.0; 0.0; 0.0; 0.0; 0.0; 0.0; 0.0; 0; 0; 0.0; 0.0; 1; 3.98024343865; 3.05500369228; -2.5837708946; 0; 0; 0; 0; 0.0; 0.0; 0.0; -1.0; 0.0; 0.0; 0.0; 0.0; 0.0; 1.0;0; 0;0; 0; 
56.1777770519; 114500; 0.0; 0.0; -0.0088637; 0.0; 0.0; 0.0; 0.0; 0.0; 0.0; 0.0; 0.0; 0.0; 0.0; 0.0; 0.0; 0.0; 0.0; 0.0; 0.0; 0.0; 0.0; 0.0; 0.0; 0.0; 0; 0; 0.0; 0.0; 1; 3.98024343865; 3.05500369228; -2.5837708946; 0; 0; 0; 0; 0.0; 0.0; 0.0; -1.0; 0.0; 0.0; 0.0; 0.0; 0.0; 1.0;0; 0;0; 0; 
56.1886510849; 114500; 0.0; 0.0; -0.0089179; 0.0; 0.0; 0.0; 0.0; 0.0; 0.0; 0.0; 0.0; 0.0; 0.0; 0.0; 0.0; 0.0; 0.0; 0.0; 0.0; 0.0; 0.0; 0.0; 0.0; 0.0; 0; 0; 0.0; 0.0; 1; 3.98024343865; 3.05500369228; -2.5837708946; 0; 0; 0; 0; 0.0; 0.0; 0.0; -1.0; 0.0; 0.0; 0.0; 0.0; 0.0; 1.0;0; 0;0; 0; 
56.1997220516; 114510; 0.0; 0.0; -0.008953; 0.0; 0.0; 0.0; 0.0; 0.0; 0.0; 0.0; 0.0; 0.0; 0.0; 0.0; 0.0; 0.0; 0.0; 0.0; 0.0; 0.0; 0.0; 0.0; 0.0; 0.0; 0; 0; 0.0; 0.0; 1; 3.98024343865; 3.05500369228; -2.5837708946; 0; 0; 0; 0; 0.0; 0.0; 0.0; -1.0; 0.0; 0.0; 0.0; 0.0; 0.0; 1.0;0; 0;0; 0; 
56.2112030983; 114510; 0.0; 0.0; -0.0089354; 0.0; 0.0; 0.0; 0.0; 0.0; 0.0; 0.0; 0.0; 0.0; 0.0; 0.0; 0.0; 0.0; 0.0; 0.0; 0.0; 0.0; 0.0; 0.0; 0.0; 0.0; 0; 0; 0.0; 0.0; 1; 3.98024343865; 3.05500369228; -2.5837708946; 0; 0; 0; 0; 0.0; 0.0; 0.0; -1.0; 0.0; 0.0; 0.0; 0.0; 0.0; 1.0;0; 0;0; 0; 
56.2224609852; 114520; 0.0; 0.0; -0.0089247; 0.0; 0.0; 0.0; 0.0; 0.0; 0.0; 0.0; 0.0; 0.0; 0.0; 0.0; 0.0; 0.0; 0.0; 0.0; 0.0; 0.0; 0.0; 0.0; 0.0; 0.0; 0; 0; 0.0; 0.0; 1; 3.98022639051; 3.05499305562; -2.5837708946; 0; 0; 0; 0; 0.0; 0.0; 0.0; -1.0; 0.0; 0.0; 0.0; 0.0; 0.0; 1.0;0; 0;0; 0; 
56.2335031033; 114520; 0.0; 0.0; -0.0089524; 0.0; 0.0; 0.0; 0.0; 0.0; 0.0; 0.0; 0.0; 0.0; 0.0; 0.0; 0.0; 0.0; 0.0; 0.0; 0.0; 0.0; 0.0; 0.0; 0.0; 0.0; 0; 0; 0.0; 0.0; 1; 3.98022639051; 3.05499305562; -2.5837708946; 0; 0; 0; 0; 0.0; 0.0; 0.0; -1.0; 0.0; 0.0; 0.0; 0.0; 0.0; 1.0;0; 0;0; 0; 
56.245445013; 114530; 0.0; 0.0; -0.0089714; 0.0; 0.0; 0.0; 0.0; 0.0; 0.0; 0.0; 0.0; 0.0; 0.0; 0.0; 0.0; 0.0; 0.0; 0.0; 0.0; 0.0; 0.0; 0.0; 0.0; 0.0; 0; 0; 0.0; 0.0; 1; 3.98022639051; 3.05499305562; -2.5837708946; 0; 0; 0; 0; 0.0; 0.0; 0.0; -1.0; 0.0; 0.0; 0.0; 0.0; 0.0; 1.0;0; 0;0; 0; 
56.2568051815; 114530; 0.0; 0.0; -0.0089887; 0.0; 0.0; 0.0; 0.0; 0.0; 0.0; 0.0; 0.0; 0.0; 0.0; 0.0; 0.0; 0.0; 0.0; 0.0; 0.0; 0.0; 0.0; 0.0; 0.0; 0.0; 0; 0; 0.0; 0.0; 1; 3.98022639051; 3.05499305562; -2.5837708946; 0; 0; 0; 0; 0.0; 0.0; 0.0; -1.0; 0.0; 0.0; 0.0; 0.0; 0.0; 1.0;0; 0;0; 0; 
56.268558979; 114540; 0.0; 0.0; -0.0089895; 0.0; 0.0; 0.0; 0.0; 0.0; 0.0; 0.0; 0.0; 0.0; 0.0; 0.0; 0.0; 0.0; 0.0; 0.0; 0.0; 0.0; 0.0; 0.0; 0.0; 0.0; 0; 0; 0.0; 0.0; 1; 3.98022639051; 3.05499305562; -2.5837708946; 0; 0; 0; 0; 0.0; 0.0; 0.0; -1.0; 0.0; 0.0; 0.0; 0.0; 0.0; 1.0;0; 0;0; 0; 
56.2802829742; 114540; 0.0; 0.0; -0.0090089; 0.0; 0.0; 0.0; 0.0; 0.0; 0.0; 0.0; 0.0; 0.0; 0.0; 0.0; 0.0; 0.0; 0.0; 0.0; 0.0; 0.0; 0.0; 0.0; 0.0; 0.0; 0; 0; 0.0; 0.0; 1; 3.98022639051; 3.05499305562; -2.5837708946; 0; 0; 0; 0; 0.0; 0.0; 0.0; -1.0; 0.0; 0.0; 0.0; 0.0; 0.0; 1.0;0; 0;0; 0; 
56.2916681767; 114550; 0.0; 0.0; -0.0090497; 0.0; 0.0; 0.0; 0.0; 0.0; 0.0; 0.0; 0.0; 0.0; 0.0; 0.0; 0.0; 0.0; 0.0; 0.0; 0.0; 0.0; 0.0; 0.0; 0.0; 0.0; 0; 0; 0.0; 0.0; 1; 3.98022639051; 3.05499305562; -2.5837708946; 0; 0; 0; 0; 0.0; 0.0; 0.0; -1.0; 0.0; 0.0; 0.0; 0.0; 0.0; 1.0;0; 0;0; 0; 
56.3029541969; 114550; 0.0; 0.0; -0.0090623; 0.0; 0.0; 0.0; 0.0; 0.0; 0.0; 0.0; 0.0; 0.0; 0.0; 0.0; 0.0; 0.0; 0.0; 0.0; 0.0; 0.0; 0.0; 0.0; 0.0; 0.0; 0; 0; 0.0; 0.0; 1; 3.98022639051; 3.05499305562; -2.5837708946; 0; 0; 0; 0; 0.0; 0.0; 0.0; -1.0; 0.0; 0.0; 0.0; 0.0; 0.0; 1.0;0; 0;0; 0; 
56.3141820431; 114560; 0.0; 0.0; -0.0090465; 0.0; 0.0; 0.0; 0.0; 0.0; 0.0; 0.0; 0.0; 0.0; 0.0; 0.0; 0.0; 0.0; 0.0; 0.0; 0.0; 0.0; 0.0; 0.0; 0.0; 0.0; 0; 0; 0.0; 0.0; 1; 3.98022639051; 3.05499305562; -2.5837708946; 0; 0; 0; 0; 0.0; 0.0; 0.0; -1.0; 0.0; 0.0; 0.0; 0.0; 0.0; 1.0;0; 0;0; 0; 
56.3267321587; 114560; 0.0; 0.0; -0.0090047; 0.0; 0.0; 0.0; 0.0; 0.0; 0.0; 0.0; 0.0; 0.0; 0.0; 0.0; 0.0; 0.0; 0.0; 0.0; 0.0; 0.0; 0.0; 0.0; 0.0; 0.0; 0; 0; 0.0; 0.0; 1; 3.98022639051; 3.05499305562; -2.5837708946; 0; 0; 0; 0; 0.0; 0.0; 0.0; -1.0; 0.0; 0.0; 0.0; 0.0; 0.0; 1.0;0; 0;0; 0; 
56.3378050327; 114570; 0.0; 0.0; -0.0089451; 0.0; 0.0; 0.0; 0.0; 0.0; 0.0; 0.0; 0.0; 0.0; 0.0; 0.0; 0.0; 0.0; 0.0; 0.0; 0.0; 0.0; 0.0; 0.0; 0.0; 0.0; 0; 0; 0.0; 0.0; 1; 3.98022639051; 3.05499305562; -2.5837708946; 0; 0; 0; 0; 0.0; 0.0; 0.0; -1.0; 0.0; 0.0; 0.0; 0.0; 0.0; 1.0;0; 0;0; 0; 
56.3496351242; 114570; 0.0; 0.0; -0.008903; 0.0; 0.0; 0.0; 0.0; 0.0; 0.0; 0.0; 0.0; 0.0; 0.0; 0.0; 0.0; 0.0; 0.0; 0.0; 0.0; 0.0; 0.0; 0.0; 0.0; 0.0; 0; 0; 0.0; 0.0; 1; 3.98022639051; 3.05499305562; -2.5837708946; 0; 0; 0; 0; 0.0; 0.0; 0.0; -1.0; 0.0; 0.0; 0.0; 0.0; 0.0; 1.0;0; 0;0; 0; 
56.3607420921; 114580; 0.0; 0.0; -0.008833; 0.0; 0.0; 0.0; 0.0; 0.0; 0.0; 0.0; 0.0; 0.0; 0.0; 0.0; 0.0; 0.0; 0.0; 0.0; 0.0; 0.0; 0.0; 0.0; 0.0; 0.0; 0; 0; 0.0; 0.0; 1; 3.98022639051; 3.05499305562; -2.5837708946; 0; 0; 0; 0; 0.0; 0.0; 0.0; -1.0; 0.0; 0.0; 0.0; 0.0; 0.0; 1.0;0; 0;0; 0; 
56.3723900318; 114580; 0.0; 0.0; -0.0087607; 0.0; 0.0; 0.0; 0.0; 0.0; 0.0; 0.0; 0.0; 0.0; 0.0; 0.0; 0.0; 0.0; 0.0; 0.0; 0.0; 0.0; 0.0; 0.0; 0.0; 0.0; 0; 0; 0.0; 0.0; 1; 3.98022639051; 3.05499305562; -2.5837708946; 0; 0; 0; 0; 0.0; 0.0; 0.0; -1.0; 0.0; 0.0; 0.0; 0.0; 0.0; 1.0;0; 0;0; 0; 
56.3841030598; 114590; 0.0; 0.0; -0.0087311; 0.0; 0.0; 0.0; 0.0; 0.0; 0.0; 0.0; 0.0; 0.0; 0.0; 0.0; 0.0; 0.0; 0.0; 0.0; 0.0; 0.0; 0.0; 0.0; 0.0; 0.0; 0; 0; 0.0; 0.0; 1; 3.98022639051; 3.05499305562; -2.5837708946; 0; 0; 0; 0; 0.0; 0.0; 0.0; -1.0; 0.0; 0.0; 0.0; 0.0; 0.0; 1.0;0; 0;0; 0; 
56.3953700066; 114590; 0.0; 0.0; -0.0087059; 0.0; 0.0; 0.0; 0.0; 0.0; 0.0; 0.0; 0.0; 0.0; 0.0; 0.0; 0.0; 0.0; 0.0; 0.0; 0.0; 0.0; 0.0; 0.0; 0.0; 0.0; 0; 0; 0.0; 0.0; 1; 3.98022639051; 3.05499305562; -2.5837708946; 0; 0; 0; 0; 0.0; 0.0; 0.0; -1.0; 0.0; 0.0; 0.0; 0.0; 0.0; 1.0;0; 0;0; 0; 
56.4070329666; 114600; 0.0; 0.0; -0.0087198; 0.0; 0.0; 0.0; 0.0; 0.0; 0.0; 0.0; 0.0; 0.0; 0.0; 0.0; 0.0; 0.0; 0.0; 0.0; 0.0; 0.0; 0.0; 0.0; 0.0; 0.0; 0; 0; 0.0; 0.0; 1; 3.98022639051; 3.05499305562; -2.5837708946; 0; 0; 0; 0; 0.0; 0.0; 0.0; -1.0; 0.0; 0.0; 0.0; 0.0; 0.0; 1.0;0; 0;0; 0; 
56.4187891483; 114600; 0.0; 0.0; -0.0087313; 0.0; 0.0; 0.0; 0.0; 0.0; 0.0; 0.0; 0.0; 0.0; 0.0; 0.0; 0.0; 0.0; 0.0; 0.0; 0.0; 0.0; 0.0; 0.0; 0.0; 0.0; 0; 0; 0.0; 0.0; 1; 3.98022639051; 3.05499305562; -2.5837708946; 0; 0; 0; 0; 0.0; 0.0; 0.0; -1.0; 0.0; 0.0; 0.0; 0.0; 0.0; 1.0;0; 0;0; 0; 
56.4299640656; 114610; 0.0; 0.0; -0.0087611; 0.0; 0.0; 0.0; 0.0; 0.0; 0.0; 0.0; 0.0; 0.0; 0.0; 0.0; 0.0; 0.0; 0.0; 0.0; 0.0; 0.0; 0.0; 0.0; 0.0; 0.0; 0; 0; 0.0; 0.0; 1; 3.98022639051; 3.05499305562; -2.5837708946; 0; 0; 0; 0; 0.0; 0.0; 0.0; -1.0; 0.0; 0.0; 0.0; 0.0; 0.0; 1.0;0; 0;0; 0; 
56.4421620369; 114610; 0.0; 0.0; -0.0088133; 0.0; 0.0; 0.0; 0.0; 0.0; 0.0; 0.0; 0.0; 0.0; 0.0; 0.0; 0.0; 0.0; 0.0; 0.0; 0.0; 0.0; 0.0; 0.0; 0.0; 0.0; 0; 0; 0.0; 0.0; 1; 3.98022639051; 3.05499305562; -2.5837708946; 0; 0; 0; 0; 0.0; 0.0; 0.0; -1.0; 0.0; 0.0; 0.0; 0.0; 0.0; 1.0;0; 0;0; 0; 
56.4540610313; 114620; 0.0; 0.0; -0.0088408; 0.0; 0.0; 0.0; 0.0; 0.0; 0.0; 0.0; 0.0; 0.0; 0.0; 0.0; 0.0; 0.0; 0.0; 0.0; 0.0; 0.0; 0.0; 0.0; 0.0; 0.0; 0; 0; 0.0; 0.0; 1; 3.98021754686; 3.05498753789; -2.5837708946; 0; 0; 0; 0; 0.0; 0.0; 0.0; -1.0; 0.0; 0.0; 0.0; 0.0; 0.0; 1.0;0; 0;0; 0; 
56.4657411575; 114620; 0.0; 0.0; -0.0088605; 0.0; 0.0; 0.0; 0.0; 0.0; 0.0; 0.0; 0.0; 0.0; 0.0; 0.0; 0.0; 0.0; 0.0; 0.0; 0.0; 0.0; 0.0; 0.0; 0.0; 0.0; 0; 0; 0.0; 0.0; 1; 3.98021754686; 3.05498753789; -2.5837708946; 0; 0; 0; 0; 0.0; 0.0; 0.0; -1.0; 0.0; 0.0; 0.0; 0.0; 0.0; 1.0;0; 0;0; 0; 
56.4773790836; 114630; 0.0; 0.0; -0.0088492; 0.0; 0.0; 0.0; 0.0; 0.0; 0.0; 0.0; 0.0; 0.0; 0.0; 0.0; 0.0; 0.0; 0.0; 0.0; 0.0; 0.0; 0.0; 0.0; 0.0; 0.0; 0; 0; 0.0; 0.0; 1; 3.98021754686; 3.05498753789; -2.5837708946; 0; 0; 0; 0; 0.0; 0.0; 0.0; -1.0; 0.0; 0.0; 0.0; 0.0; 0.0; 1.0;0; 0;0; 0; 
56.4887449741; 114630; 0.0; 0.0; -0.0088161; 0.0; 0.0; 0.0; 0.0; 0.0; 0.0; 0.0; 0.0; 0.0; 0.0; 0.0; 0.0; 0.0; 0.0; 0.0; 0.0; 0.0; 0.0; 0.0; 0.0; 0.0; 0; 0; 0.0; 0.0; 1; 3.98021754686; 3.05498753789; -2.5837708946; 0; 0; 0; 0; 0.0; 0.0; 0.0; -1.0; 0.0; 0.0; 0.0; 0.0; 0.0; 1.0;0; 0;0; 0; 
56.499420166; 114640; 0.0; 0.0; -0.0087929; 0.0; 0.0; 0.0; 0.0; 0.0; 0.0; 0.0; 0.0; 0.0; 0.0; 0.0; 0.0; 0.0; 0.0; 0.0; 0.0; 0.0; 0.0; 0.0; 0.0; 0.0; 0; 0; 0.0; 0.0; 1; 3.98021754686; 3.05498753789; -2.5837708946; 0; 0; 0; 0; 0.0; 0.0; 0.0; -1.0; 0.0; 0.0; 0.0; 0.0; 0.0; 1.0;0; 0;0; 0; 
56.5108981133; 114640; 0.0; 0.0; -0.0087358; 0.0; 0.0; 0.0; 0.0; 0.0; 0.0; 0.0; 0.0; 0.0; 0.0; 0.0; 0.0; 0.0; 0.0; 0.0; 0.0; 0.0; 0.0; 0.0; 0.0; 0.0; 0; 0; 0.0; 0.0; 1; 3.98021754686; 3.05498753789; -2.5837708946; 0; 0; 0; 0; 0.0; 0.0; 0.0; -1.0; 0.0; 0.0; 0.0; 0.0; 0.0; 1.0;0; 0;0; 0; 
56.5224261284; 114650; 0.0; 0.0; -0.0086705; 0.0; 0.0; 0.0; 0.0; 0.0; 0.0; 0.0; 0.0; 0.0; 0.0; 0.0; 0.0; 0.0; 0.0; 0.0; 0.0; 0.0; 0.0; 0.0; 0.0; 0.0; 0; 0; 0.0; 0.0; 1; 3.98021754686; 3.05498753789; -2.5837708946; 0; 0; 0; 0; 0.0; 0.0; 0.0; -1.0; 0.0; 0.0; 0.0; 0.0; 0.0; 1.0;0; 0;0; 0; 
56.5340261459; 114650; 0.0; 0.0; -0.0086222; 0.0; 0.0; 0.0; 0.0; 0.0; 0.0; 0.0; 0.0; 0.0; 0.0; 0.0; 0.0; 0.0; 0.0; 0.0; 0.0; 0.0; 0.0; 0.0; 0.0; 0.0; 0; 0; 0.0; 0.0; 1; 3.98021754686; 3.05498753789; -2.5837708946; 0; 0; 0; 0; 0.0; 0.0; 0.0; -1.0; 0.0; 0.0; 0.0; 0.0; 0.0; 1.0;0; 0;0; 0; 
56.5446560383; 114660; 0.0; 0.0; -0.0086045; 0.0; 0.0; 0.0; 0.0; 0.0; 0.0; 0.0; 0.0; 0.0; 0.0; 0.0; 0.0; 0.0; 0.0; 0.0; 0.0; 0.0; 0.0; 0.0; 0.0; 0.0; 0; 0; 0.0; 0.0; 1; 3.98021754686; 3.05498753789; -2.5837708946; 0; 0; 0; 0; 0.0; 0.0; 0.0; -1.0; 0.0; 0.0; 0.0; 0.0; 0.0; 1.0;0; 0;0; 0; 
56.5561430454; 114660; 0.0; 0.0; -0.0086174; 0.0; 0.0; 0.0; 0.0; 0.0; 0.0; 0.0; 0.0; 0.0; 0.0; 0.0; 0.0; 0.0; 0.0; 0.0; 0.0; 0.0; 0.0; 0.0; 0.0; 0.0; 0; 0; 0.0; 0.0; 1; 3.98021754686; 3.05498753789; -2.5837708946; 0; 0; 0; 0; 0.0; 0.0; 0.0; -1.0; 0.0; 0.0; 0.0; 0.0; 0.0; 1.0;0; 0;0; 0; 
56.5676970482; 114670; 0.0; 0.0; -0.0086187; 0.0; 0.0; 0.0; 0.0; 0.0; 0.0; 0.0; 0.0; 0.0; 0.0; 0.0; 0.0; 0.0; 0.0; 0.0; 0.0; 0.0; 0.0; 0.0; 0.0; 0.0; 0; 0; 0.0; 0.0; 1; 3.98021754686; 3.05498753789; -2.5837708946; 0; 0; 0; 0; 0.0; 0.0; 0.0; -1.0; 0.0; 0.0; 0.0; 0.0; 0.0; 1.0;0; 0;0; 0; 
56.5788660049; 114670; 0.0; 0.0; -0.0086544; 0.0; 0.0; 0.0; 0.0; 0.0; 0.0; 0.0; 0.0; 0.0; 0.0; 0.0; 0.0; 0.0; 0.0; 0.0; 0.0; 0.0; 0.0; 0.0; 0.0; 0.0; 0; 0; 0.0; 0.0; 1; 3.98021754686; 3.05498753789; -2.5837708946; 0; 0; 0; 0; 0.0; 0.0; 0.0; -1.0; 0.0; 0.0; 0.0; 0.0; 0.0; 1.0;0; 0;0; 0; 
56.5904250145; 114680; 0.0; 0.0; -0.0087221; 0.0; 0.0; 0.0; 0.0; 0.0; 0.0; 0.0; 0.0; 0.0; 0.0; 0.0; 0.0; 0.0; 0.0; 0.0; 0.0; 0.0; 0.0; 0.0; 0.0; 0.0; 0; 0; 0.0; 0.0; 1; 3.98021754686; 3.05498753789; -2.5837708946; 0; 0; 0; 0; 0.0; 0.0; 0.0; -1.0; 0.0; 0.0; 0.0; 0.0; 0.0; 1.0;0; 0;0; 0; 
56.6019361019; 114680; 0.0; 0.0; -0.0087747; 0.0; 0.0; 0.0; 0.0; 0.0; 0.0; 0.0; 0.0; 0.0; 0.0; 0.0; 0.0; 0.0; 0.0; 0.0; 0.0; 0.0; 0.0; 0.0; 0.0; 0.0; 0; 0; 0.0; 0.0; 1; 3.98021754686; 3.05498753789; -2.5837708946; 0; 0; 0; 0; 0.0; 0.0; 0.0; -1.0; 0.0; 0.0; 0.0; 0.0; 0.0; 1.0;0; 0;0; 0; 
56.6132891178; 114690; 0.0; 0.0; -0.0088105; 0.0; 0.0; 0.0; 0.0; 0.0; 0.0; 0.0; 0.0; 0.0; 0.0; 0.0; 0.0; 0.0; 0.0; 0.0; 0.0; 0.0; 0.0; 0.0; 0.0; 0.0; 0; 0; 0.0; 0.0; 1; 3.98021754686; 3.05498753789; -2.5837708946; 0; 0; 0; 0; 0.0; 0.0; 0.0; -1.0; 0.0; 0.0; 0.0; 0.0; 0.0; 1.0;0; 0;0; 0; 
56.624407053; 114690; 0.0; 0.0; -0.0088129; 0.0; 0.0; 0.0; 0.0; 0.0; 0.0; 0.0; 0.0; 0.0; 0.0; 0.0; 0.0; 0.0; 0.0; 0.0; 0.0; 0.0; 0.0; 0.0; 0.0; 0.0; 0; 0; 0.0; 0.0; 1; 3.98021754686; 3.05498753789; -2.5837708946; 0; 0; 0; 0; 0.0; 0.0; 0.0; -1.0; 0.0; 0.0; 0.0; 0.0; 0.0; 1.0;0; 0;0; 0; 
56.6353321075; 114700; 0.0; 0.0; -0.008807; 0.0; 0.0; 0.0; 0.0; 0.0; 0.0; 0.0; 0.0; 0.0; 0.0; 0.0; 0.0; 0.0; 0.0; 0.0; 0.0; 0.0; 0.0; 0.0; 0.0; 0.0; 0; 0; 0.0; 0.0; 1; 3.98021754686; 3.05498753789; -2.5837708946; 0; 0; 0; 0; 0.0; 0.0; 0.0; -1.0; 0.0; 0.0; 0.0; 0.0; 0.0; 1.0;0; 0;0; 0; 
56.6478700638; 114700; 0.0; 0.0; -0.008807; 0.0; 0.0; 0.0; 0.0; 0.0; 0.0; 0.0; 0.0; 0.0; 0.0; 0.0; 0.0; 0.0; 0.0; 0.0; 0.0; 0.0; 0.0; 0.0; 0.0; 0.0; 0; 0; 0.0; 0.0; 1; 3.98021754686; 3.05498753789; -2.5837708946; 0; 0; 0; 0; 0.0; 0.0; 0.0; -1.0; 0.0; 0.0; 0.0; 0.0; 0.0; 1.0;0; 0;0; 0; 
56.6580870152; 114710; 0.0; 0.0; -0.0087883; 0.0; 0.0; 0.0; 0.0; 0.0; 0.0; 0.0; 0.0; 0.0; 0.0; 0.0; 0.0; 0.0; 0.0; 0.0; 0.0; 0.0; 0.0; 0.0; 0.0; 0.0; 0; 0; 0.0; 0.0; 1; 3.98021754686; 3.05498753789; -2.5837708946; 0; 0; 0; 0; 0.0; 0.0; 0.0; -1.0; 0.0; 0.0; 0.0; 0.0; 0.0; 1.0;0; 0;0; 0; 
56.6691119671; 114710; 0.0; 0.0; -0.0087775; 0.0; 0.0; 0.0; 0.0; 0.0; 0.0; 0.0; 0.0; 0.0; 0.0; 0.0; 0.0; 0.0; 0.0; 0.0; 0.0; 0.0; 0.0; 0.0; 0.0; 0.0; 0; 0; 0.0; 0.0; 1; 3.98021754686; 3.05498753789; -2.5837708946; 0; 0; 0; 0; 0.0; 0.0; 0.0; -1.0; 0.0; 0.0; 0.0; 0.0; 0.0; 1.0;0; 0;0; 0; 
56.6802079678; 114720; 0.0; 0.0; -0.008751; 0.0; 0.0; 0.0; 0.0; 0.0; 0.0; 0.0; 0.0; 0.0; 0.0; 0.0; 0.0; 0.0; 0.0; 0.0; 0.0; 0.0; 0.0; 0.0; 0.0; 0.0; 0; 0; 0.0; 0.0; 1; 3.98021295926; 3.0549846756; -2.5837708946; 0; 0; 0; 0; 0.0; 0.0; 0.0; -1.0; 0.0; 0.0; 0.0; 0.0; 0.0; 1.0;0; 0;0; 0; 
56.6935751438; 114720; 0.0; 0.0; -0.0087673; 0.0; 0.0; 0.0; 0.0; 0.0; 0.0; 0.0; 0.0; 0.0; 0.0; 0.0; 0.0; 0.0; 0.0; 0.0; 0.0; 0.0; 0.0; 0.0; 0.0; 0.0; 0; 0; 0.0; 0.0; 1; 3.98021295926; 3.0549846756; -2.5837708946; 0; 0; 0; 0; 0.0; 0.0; 0.0; -1.0; 0.0; 0.0; 0.0; 0.0; 0.0; 1.0;0; 0;0; 0; 
56.7053420544; 114730; 0.0; 0.0; -0.0088099; 0.0; 0.0; 0.0; 0.0; 0.0; 0.0; 0.0; 0.0; 0.0; 0.0; 0.0; 0.0; 0.0; 0.0; 0.0; 0.0; 0.0; 0.0; 0.0; 0.0; 0.0; 0; 0; 0.0; 0.0; 1; 3.98021295926; 3.0549846756; -2.5837708946; 0; 0; 0; 0; 0.0; 0.0; 0.0; -1.0; 0.0; 0.0; 0.0; 0.0; 0.0; 1.0;0; 0;0; 0; 
56.7146360874; 114730; 0.0; 0.0; -0.008839; 0.0; 0.0; 0.0; 0.0; 0.0; 0.0; 0.0; 0.0; 0.0; 0.0; 0.0; 0.0; 0.0; 0.0; 0.0; 0.0; 0.0; 0.0; 0.0; 0.0; 0.0; 0; 0; 0.0; 0.0; 1; 3.98021295926; 3.0549846756; -2.5837708946; 0; 0; 0; 0; 0.0; 0.0; 0.0; -1.0; 0.0; 0.0; 0.0; 0.0; 0.0; 1.0;0; 0;0; 0; 
56.7257339954; 114740; 0.0; 0.0; -0.0088749; 0.0; 0.0; 0.0; 0.0; 0.0; 0.0; 0.0; 0.0; 0.0; 0.0; 0.0; 0.0; 0.0; 0.0; 0.0; 0.0; 0.0; 0.0; 0.0; 0.0; 0.0; 0; 0; 0.0; 0.0; 1; 3.98021295926; 3.0549846756; -2.5837708946; 0; 0; 0; 0; 0.0; 0.0; 0.0; -1.0; 0.0; 0.0; 0.0; 0.0; 0.0; 1.0;0; 0;0; 0; 
56.7374551296; 114740; 0.0; 0.0; -0.0089049; 0.0; 0.0; 0.0; 0.0; 0.0; 0.0; 0.0; 0.0; 0.0; 0.0; 0.0; 0.0; 0.0; 0.0; 0.0; 0.0; 0.0; 0.0; 0.0; 0.0; 0.0; 0; 0; 0.0; 0.0; 1; 3.98021295926; 3.0549846756; -2.5837708946; 0; 0; 0; 0; 0.0; 0.0; 0.0; -1.0; 0.0; 0.0; 0.0; 0.0; 0.0; 1.0;0; 0;0; 0; 
56.7483100891; 114750; 0.0; 0.0; -0.008958; 0.0; 0.0; 0.0; 0.0; 0.0; 0.0; 0.0; 0.0; 0.0; 0.0; 0.0; 0.0; 0.0; 0.0; 0.0; 0.0; 0.0; 0.0; 0.0; 0.0; 0.0; 0; 0; 0.0; 0.0; 1; 3.98021295926; 3.0549846756; -2.5837708946; 0; 0; 0; 0; 0.0; 0.0; 0.0; -1.0; 0.0; 0.0; 0.0; 0.0; 0.0; 1.0;0; 0;0; 0; 
56.7597591877; 114750; 0.0; 0.0; -0.0090039; 0.0; 0.0; 0.0; 0.0; 0.0; 0.0; 0.0; 0.0; 0.0; 0.0; 0.0; 0.0; 0.0; 0.0; 0.0; 0.0; 0.0; 0.0; 0.0; 0.0; 0.0; 0; 0; 0.0; 0.0; 1; 3.98021295926; 3.0549846756; -2.5837708946; 0; 0; 0; 0; 0.0; 0.0; 0.0; -1.0; 0.0; 0.0; 0.0; 0.0; 0.0; 1.0;0; 0;0; 0; 
56.7720639706; 114760; 0.0; 0.0; -0.0090098; 0.0; 0.0; 0.0; 0.0; 0.0; 0.0; 0.0; 0.0; 0.0; 0.0; 0.0; 0.0; 0.0; 0.0; 0.0; 0.0; 0.0; 0.0; 0.0; 0.0; 0.0; 0; 0; 0.0; 0.0; 1; 3.98021295926; 3.0549846756; -2.5837708946; 0; 0; 0; 0; 0.0; 0.0; 0.0; -1.0; 0.0; 0.0; 0.0; 0.0; 0.0; 1.0;0; 0;0; 0; 
56.7815630436; 114760; 0.0; 0.0; -0.0090252; 0.0; 0.0; 0.0; 0.0; 0.0; 0.0; 0.0; 0.0; 0.0; 0.0; 0.0; 0.0; 0.0; 0.0; 0.0; 0.0; 0.0; 0.0; 0.0; 0.0; 0.0; 0; 0; 0.0; 0.0; 1; 3.98021295926; 3.0549846756; -2.5837708946; 0; 0; 0; 0; 0.0; 0.0; 0.0; -1.0; 0.0; 0.0; 0.0; 0.0; 0.0; 1.0;0; 0;0; 0; 
56.7931990623; 114770; 0.0; 0.0; -0.0090048; 0.0; 0.0; 0.0; 0.0; 0.0; 0.0; 0.0; 0.0; 0.0; 0.0; 0.0; 0.0; 0.0; 0.0; 0.0; 0.0; 0.0; 0.0; 0.0; 0.0; 0.0; 0; 0; 0.0; 0.0; 1; 3.98021295926; 3.0549846756; -2.5837708946; 0; 0; 0; 0; 0.0; 0.0; 0.0; -1.0; 0.0; 0.0; 0.0; 0.0; 0.0; 1.0;0; 0;0; 0; 
56.8044781685; 114770; 0.0; 0.0; -0.0089851; 0.0; 0.0; 0.0; 0.0; 0.0; 0.0; 0.0; 0.0; 0.0; 0.0; 0.0; 0.0; 0.0; 0.0; 0.0; 0.0; 0.0; 0.0; 0.0; 0.0; 0.0; 0; 0; 0.0; 0.0; 1; 3.98021295926; 3.0549846756; -2.5837708946; 0; 0; 0; 0; 0.0; 0.0; 0.0; -1.0; 0.0; 0.0; 0.0; 0.0; 0.0; 1.0;0; 0;0; 0; 
56.815515995; 114780; 0.0; 0.0; -0.0089529; 0.0; 0.0; 0.0; 0.0; 0.0; 0.0; 0.0; 0.0; 0.0; 0.0; 0.0; 0.0; 0.0; 0.0; 0.0; 0.0; 0.0; 0.0; 0.0; 0.0; 0.0; 0; 0; 0.0; 0.0; 1; 3.98021295926; 3.0549846756; -2.5837708946; 0; 0; 0; 0; 0.0; 0.0; 0.0; -1.0; 0.0; 0.0; 0.0; 0.0; 0.0; 1.0;0; 0;0; 0; 
56.8277630806; 114780; 0.0; 0.0; -0.008903; 0.0; 0.0; 0.0; 0.0; 0.0; 0.0; 0.0; 0.0; 0.0; 0.0; 0.0; 0.0; 0.0; 0.0; 0.0; 0.0; 0.0; 0.0; 0.0; 0.0; 0.0; 0; 0; 0.0; 0.0; 1; 3.98021295926; 3.0549846756; -2.5837708946; 0; 0; 0; 0; 0.0; 0.0; 0.0; -1.0; 0.0; 0.0; 0.0; 0.0; 0.0; 1.0;0; 0;0; 0; 
56.8386859894; 114790; 0.0; 0.0; -0.0088581; 0.0; 0.0; 0.0; 0.0; 0.0; 0.0; 0.0; 0.0; 0.0; 0.0; 0.0; 0.0; 0.0; 0.0; 0.0; 0.0; 0.0; 0.0; 0.0; 0.0; 0.0; 0; 0; 0.0; 0.0; 1; 3.98021295926; 3.0549846756; -2.5837708946; 0; 0; 0; 0; 0.0; 0.0; 0.0; -1.0; 0.0; 0.0; 0.0; 0.0; 0.0; 1.0;0; 0;0; 0; 
56.8504669666; 114790; 0.0; 0.0; -0.0088059; 0.0; 0.0; 0.0; 0.0; 0.0; 0.0; 0.0; 0.0; 0.0; 0.0; 0.0; 0.0; 0.0; 0.0; 0.0; 0.0; 0.0; 0.0; 0.0; 0.0; 0.0; 0; 0; 0.0; 0.0; 1; 3.98021295926; 3.0549846756; -2.5837708946; 0; 0; 0; 0; 0.0; 0.0; 0.0; -1.0; 0.0; 0.0; 0.0; 0.0; 0.0; 1.0;0; 0;0; 0; 
56.8612539768; 114800; 0.0; 0.0; -0.008781; 0.0; 0.0; 0.0; 0.0; 0.0; 0.0; 0.0; 0.0; 0.0; 0.0; 0.0; 0.0; 0.0; 0.0; 0.0; 0.0; 0.0; 0.0; 0.0; 0.0; 0.0; 0; 0; 0.0; 0.0; 1; 3.98021295926; 3.0549846756; -2.5837708946; 0; 0; 0; 0; 0.0; 0.0; 0.0; -1.0; 0.0; 0.0; 0.0; 0.0; 0.0; 1.0;0; 0;0; 0; 
56.8720111847; 114800; 0.0; 0.0; -0.0087813; 0.0; 0.0; 0.0; 0.0; 0.0; 0.0; 0.0; 0.0; 0.0; 0.0; 0.0; 0.0; 0.0; 0.0; 0.0; 0.0; 0.0; 0.0; 0.0; 0.0; 0.0; 0; 0; 0.0; 0.0; 1; 3.98021295926; 3.0549846756; -2.5837708946; 0; 0; 0; 0; 0.0; 0.0; 0.0; -1.0; 0.0; 0.0; 0.0; 0.0; 0.0; 1.0;0; 0;0; 0; 
56.8833370209; 114810; 0.0; 0.0; -0.0087967; 0.0; 0.0; 0.0; 0.0; 0.0; 0.0; 0.0; 0.0; 0.0; 0.0; 0.0; 0.0; 0.0; 0.0; 0.0; 0.0; 0.0; 0.0; 0.0; 0.0; 0.0; 0; 0; 0.0; 0.0; 1; 3.98021295926; 3.0549846756; -2.5837708946; 0; 0; 0; 0; 0.0; 0.0; 0.0; -1.0; 0.0; 0.0; 0.0; 0.0; 0.0; 1.0;0; 0;0; 0; 
56.8945791721; 114810; 0.0; 0.0; -0.0088122; 0.0; 0.0; 0.0; 0.0; 0.0; 0.0; 0.0; 0.0; 0.0; 0.0; 0.0; 0.0; 0.0; 0.0; 0.0; 0.0; 0.0; 0.0; 0.0; 0.0; 0.0; 0; 0; 0.0; 0.0; 1; 3.98021295926; 3.0549846756; -2.5837708946; 0; 0; 0; 0; 0.0; 0.0; 0.0; -1.0; 0.0; 0.0; 0.0; 0.0; 0.0; 1.0;0; 0;0; 0; 
56.9059741497; 114820; 0.0; 0.0; -0.0088414; 0.0; 0.0; 0.0; 0.0; 0.0; 0.0; 0.0; 0.0; 0.0; 0.0; 0.0; 0.0; 0.0; 0.0; 0.0; 0.0; 0.0; 0.0; 0.0; 0.0; 0.0; 0; 0; 0.0; 0.0; 1; 3.98021057946; 3.0549831908; -2.5837708946; 0; 0; 0; 0; 0.0; 0.0; 0.0; -1.0; 0.0; 0.0; 0.0; 0.0; 0.0; 1.0;0; 0;0; 0; 
56.9172031879; 114820; 0.0; 0.0; -0.0088787; 0.0; 0.0; 0.0; 0.0; 0.0; 0.0; 0.0; 0.0; 0.0; 0.0; 0.0; 0.0; 0.0; 0.0; 0.0; 0.0; 0.0; 0.0; 0.0; 0.0; 0.0; 0; 0; 0.0; 0.0; 1; 3.98021057946; 3.0549831908; -2.5837708946; 0; 0; 0; 0; 0.0; 0.0; 0.0; -1.0; 0.0; 0.0; 0.0; 0.0; 0.0; 1.0;0; 0;0; 0; 
56.9295840263; 114830; 0.0; 0.0; -0.0089051; 0.0; 0.0; 0.0; 0.0; 0.0; 0.0; 0.0; 0.0; 0.0; 0.0; 0.0; 0.0; 0.0; 0.0; 0.0; 0.0; 0.0; 0.0; 0.0; 0.0; 0.0; 0; 0; 0.0; 0.0; 1; 3.98021057946; 3.0549831908; -2.5837708946; 0; 0; 0; 0; 0.0; 0.0; 0.0; -1.0; 0.0; 0.0; 0.0; 0.0; 0.0; 1.0;0; 0;0; 0; 
56.9401471615; 114830; 0.0; 0.0; -0.0089187; 0.0; 0.0; 0.0; 0.0; 0.0; 0.0; 0.0; 0.0; 0.0; 0.0; 0.0; 0.0; 0.0; 0.0; 0.0; 0.0; 0.0; 0.0; 0.0; 0.0; 0.0; 0; 0; 0.0; 0.0; 1; 3.98021057946; 3.0549831908; -2.5837708946; 0; 0; 0; 0; 0.0; 0.0; 0.0; -1.0; 0.0; 0.0; 0.0; 0.0; 0.0; 1.0;0; 0;0; 0; 
56.9510941505; 114840; 0.0; 0.0; -0.0088964; 0.0; 0.0; 0.0; 0.0; 0.0; 0.0; 0.0; 0.0; 0.0; 0.0; 0.0; 0.0; 0.0; 0.0; 0.0; 0.0; 0.0; 0.0; 0.0; 0.0; 0.0; 0; 0; 0.0; 0.0; 1; 3.98021057946; 3.0549831908; -2.5837708946; 0; 0; 0; 0; 0.0; 0.0; 0.0; -1.0; 0.0; 0.0; 0.0; 0.0; 0.0; 1.0;0; 0;0; 0; 
56.961561203; 114840; 0.0; 0.0; -0.0088579; 0.0; 0.0; 0.0; 0.0; 0.0; 0.0; 0.0; 0.0; 0.0; 0.0; 0.0; 0.0; 0.0; 0.0; 0.0; 0.0; 0.0; 0.0; 0.0; 0.0; 0.0; 0; 0; 0.0; 0.0; 1; 3.98021057946; 3.0549831908; -2.5837708946; 0; 0; 0; 0; 0.0; 0.0; 0.0; -1.0; 0.0; 0.0; 0.0; 0.0; 0.0; 1.0;0; 0;0; 0; 
56.9728970528; 114850; 0.0; 0.0; -0.0088392; 0.0; 0.0; 0.0; 0.0; 0.0; 0.0; 0.0; 0.0; 0.0; 0.0; 0.0; 0.0; 0.0; 0.0; 0.0; 0.0; 0.0; 0.0; 0.0; 0.0; 0.0; 0; 0; 0.0; 0.0; 1; 3.98021057946; 3.0549831908; -2.5837708946; 0; 0; 0; 0; 0.0; 0.0; 0.0; -1.0; 0.0; 0.0; 0.0; 0.0; 0.0; 1.0;0; 0;0; 0; 
56.9842050076; 114850; 0.0; 0.0; -0.0088308; 0.0; 0.0; 0.0; 0.0; 0.0; 0.0; 0.0; 0.0; 0.0; 0.0; 0.0; 0.0; 0.0; 0.0; 0.0; 0.0; 0.0; 0.0; 0.0; 0.0; 0.0; 0; 0; 0.0; 0.0; 1; 3.98021057946; 3.0549831908; -2.5837708946; 0; 0; 0; 0; 0.0; 0.0; 0.0; -1.0; 0.0; 0.0; 0.0; 0.0; 0.0; 1.0;0; 0;0; 0; 
56.9957811832; 114860; 0.0; 0.0; -0.0088152; 0.0; 0.0; 0.0; 0.0; 0.0; 0.0; 0.0; 0.0; 0.0; 0.0; 0.0; 0.0; 0.0; 0.0; 0.0; 0.0; 0.0; 0.0; 0.0; 0.0; 0.0; 0; 0; 0.0; 0.0; 1; 3.98021057946; 3.0549831908; -2.5837708946; 0; 0; 0; 0; 0.0; 0.0; 0.0; -1.0; 0.0; 0.0; 0.0; 0.0; 0.0; 1.0;0; 0;0; 0; 
57.0070211887; 114860; 0.0; 0.0; -0.0087843; 0.0; 0.0; 0.0; 0.0; 0.0; 0.0; 0.0; 0.0; 0.0; 0.0; 0.0; 0.0; 0.0; 0.0; 0.0; 0.0; 0.0; 0.0; 0.0; 0.0; 0.0; 0; 0; 0.0; 0.0; 1; 3.98021057946; 3.0549831908; -2.5837708946; 0; 0; 0; 0; 0.0; 0.0; 0.0; -1.0; 0.0; 0.0; 0.0; 0.0; 0.0; 1.0;0; 0;0; 0; 
57.0177760124; 114870; 0.0; 0.0; -0.0087708; 0.0; 0.0; 0.0; 0.0; 0.0; 0.0; 0.0; 0.0; 0.0; 0.0; 0.0; 0.0; 0.0; 0.0; 0.0; 0.0; 0.0; 0.0; 0.0; 0.0; 0.0; 0; 0; 0.0; 0.0; 1; 3.98021057946; 3.0549831908; -2.5837708946; 0; 0; 0; 0; 0.0; 0.0; 0.0; -1.0; 0.0; 0.0; 0.0; 0.0; 0.0; 1.0;0; 0;0; 0; 
57.02850914; 114870; 0.0; 0.0; -0.0088015; 0.0; 0.0; 0.0; 0.0; 0.0; 0.0; 0.0; 0.0; 0.0; 0.0; 0.0; 0.0; 0.0; 0.0; 0.0; 0.0; 0.0; 0.0; 0.0; 0.0; 0.0; 0; 0; 0.0; 0.0; 1; 3.98021057946; 3.0549831908; -2.5837708946; 0; 0; 0; 0; 0.0; 0.0; 0.0; -1.0; 0.0; 0.0; 0.0; 0.0; 0.0; 1.0;0; 0;0; 0; 
57.0405230522; 114880; 0.0; 0.0; -0.0088374; 0.0; 0.0; 0.0; 0.0; 0.0; 0.0; 0.0; 0.0; 0.0; 0.0; 0.0; 0.0; 0.0; 0.0; 0.0; 0.0; 0.0; 0.0; 0.0; 0.0; 0.0; 0; 0; 0.0; 0.0; 1; 3.98021057946; 3.0549831908; -2.5837708946; 0; 0; 0; 0; 0.0; 0.0; 0.0; -1.0; 0.0; 0.0; 0.0; 0.0; 0.0; 1.0;0; 0;0; 0; 
57.0510950089; 114880; 0.0; 0.0; -0.0088245; 0.0; 0.0; 0.0; 0.0; 0.0; 0.0; 0.0; 0.0; 0.0; 0.0; 0.0; 0.0; 0.0; 0.0; 0.0; 0.0; 0.0; 0.0; 0.0; 0.0; 0.0; 0; 0; 0.0; 0.0; 1; 3.98021057946; 3.0549831908; -2.5837708946; 0; 0; 0; 0; 0.0; 0.0; 0.0; -1.0; 0.0; 0.0; 0.0; 0.0; 0.0; 1.0;0; 0;0; 0; 
57.061658144; 114890; 0.0; 0.0; -0.0087882; 0.0; 0.0; 0.0; 0.0; 0.0; 0.0; 0.0; 0.0; 0.0; 0.0; 0.0; 0.0; 0.0; 0.0; 0.0; 0.0; 0.0; 0.0; 0.0; 0.0; 0.0; 0; 0; 0.0; 0.0; 1; 3.98021057946; 3.0549831908; -2.5837708946; 0; 0; 0; 0; 0.0; 0.0; 0.0; -1.0; 0.0; 0.0; 0.0; 0.0; 0.0; 1.0;0; 0;0; 0; 
57.072655201; 114890; 0.0; 0.0; -0.0087844; 0.0; 0.0; 0.0; 0.0; 0.0; 0.0; 0.0; 0.0; 0.0; 0.0; 0.0; 0.0; 0.0; 0.0; 0.0; 0.0; 0.0; 0.0; 0.0; 0.0; 0.0; 0; 0; 0.0; 0.0; 1; 3.98021057946; 3.0549831908; -2.5837708946; 0; 0; 0; 0; 0.0; 0.0; 0.0; -1.0; 0.0; 0.0; 0.0; 0.0; 0.0; 1.0;0; 0;0; 0; 
57.0831861496; 114900; 0.0; 0.0; -0.0088193; 0.0; 0.0; 0.0; 0.0; 0.0; 0.0; 0.0; 0.0; 0.0; 0.0; 0.0; 0.0; 0.0; 0.0; 0.0; 0.0; 0.0; 0.0; 0.0; 0.0; 0.0; 0; 0; 0.0; 0.0; 1; 3.98021057946; 3.0549831908; -2.5837708946; 0; 0; 0; 0; 0.0; 0.0; 0.0; -1.0; 0.0; 0.0; 0.0; 0.0; 0.0; 1.0;0; 0;0; 0; 
57.0941410065; 114900; 0.0; 0.0; -0.0088579; 0.0; 0.0; 0.0; 0.0; 0.0; 0.0; 0.0; 0.0; 0.0; 0.0; 0.0; 0.0; 0.0; 0.0; 0.0; 0.0; 0.0; 0.0; 0.0; 0.0; 0.0; 0; 0; 0.0; 0.0; 1; 3.98021057946; 3.0549831908; -2.5837708946; 0; 0; 0; 0; 0.0; 0.0; 0.0; -1.0; 0.0; 0.0; 0.0; 0.0; 0.0; 1.0;0; 0;0; 0; 
57.1057691574; 114910; 0.0; 0.0; -0.0088433; 0.0; 0.0; 0.0; 0.0; 0.0; 0.0; 0.0; 0.0; 0.0; 0.0; 0.0; 0.0; 0.0; 0.0; 0.0; 0.0; 0.0; 0.0; 0.0; 0.0; 0.0; 0; 0; 0.0; 0.0; 1; 3.98021057946; 3.0549831908; -2.5837708946; 0; 0; 0; 0; 0.0; 0.0; 0.0; -1.0; 0.0; 0.0; 0.0; 0.0; 0.0; 1.0;0; 0;0; 0; 
57.1163780689; 114910; 0.0; 0.0; -0.0088517; 0.0; 0.0; 0.0; 0.0; 0.0; 0.0; 0.0; 0.0; 0.0; 0.0; 0.0; 0.0; 0.0; 0.0; 0.0; 0.0; 0.0; 0.0; 0.0; 0.0; 0.0; 0; 0; 0.0; 0.0; 1; 3.98021057946; 3.0549831908; -2.5837708946; 0; 0; 0; 0; 0.0; 0.0; 0.0; -1.0; 0.0; 0.0; 0.0; 0.0; 0.0; 1.0;0; 0;0; 0; 
57.1286101341; 114920; 0.0; 0.0; -0.0089301; 0.0; 0.0; 0.0; 0.0; 0.0; 0.0; 0.0; 0.0; 0.0; 0.0; 0.0; 0.0; 0.0; 0.0; 0.0; 0.0; 0.0; 0.0; 0.0; 0.0; 0.0; 0; 0; 0.0; 0.0; 1; 3.98020934495; 3.05498242056; -2.5837708946; 0; 0; 0; 0; 0.0; 0.0; 0.0; -1.0; 0.0; 0.0; 0.0; 0.0; 0.0; 1.0;0; 0;0; 0; 
57.1401720047; 114920; 0.0; 0.0; -0.0090148; 0.0; 0.0; 0.0; 0.0; 0.0; 0.0; 0.0; 0.0; 0.0; 0.0; 0.0; 0.0; 0.0; 0.0; 0.0; 0.0; 0.0; 0.0; 0.0; 0.0; 0.0; 0; 0; 0.0; 0.0; 1; 3.98020934495; 3.05498242056; -2.5837708946; 0; 0; 0; 0; 0.0; 0.0; 0.0; -1.0; 0.0; 0.0; 0.0; 0.0; 0.0; 1.0;0; 0;0; 0; 
57.1521530151; 114930; 0.0; 0.0; -0.0090799; 0.0; 0.0; 0.0; 0.0; 0.0; 0.0; 0.0; 0.0; 0.0; 0.0; 0.0; 0.0; 0.0; 0.0; 0.0; 0.0; 0.0; 0.0; 0.0; 0.0; 0.0; 0; 0; 0.0; 0.0; 1; 3.98020934495; 3.05498242056; -2.5837708946; 0; 0; 0; 0; 0.0; 0.0; 0.0; -1.0; 0.0; 0.0; 0.0; 0.0; 0.0; 1.0;0; 0;0; 0; 
57.1629321575; 114930; 0.0; 0.0; -0.0091085; 0.0; 0.0; 0.0; 0.0; 0.0; 0.0; 0.0; 0.0; 0.0; 0.0; 0.0; 0.0; 0.0; 0.0; 0.0; 0.0; 0.0; 0.0; 0.0; 0.0; 0.0; 0; 0; 0.0; 0.0; 1; 3.98020934495; 3.05498242056; -2.5837708946; 0; 0; 0; 0; 0.0; 0.0; 0.0; -1.0; 0.0; 0.0; 0.0; 0.0; 0.0; 1.0;0; 0;0; 0; 
57.1742331982; 114940; 0.0; 0.0; -0.0091304; 0.0; 0.0; 0.0; 0.0; 0.0; 0.0; 0.0; 0.0; 0.0; 0.0; 0.0; 0.0; 0.0; 0.0; 0.0; 0.0; 0.0; 0.0; 0.0; 0.0; 0.0; 0; 0; 0.0; 0.0; 1; 3.98020934495; 3.05498242056; -2.5837708946; 0; 0; 0; 0; 0.0; 0.0; 0.0; -1.0; 0.0; 0.0; 0.0; 0.0; 0.0; 1.0;0; 0;0; 0; 
57.1856021881; 114940; 0.0; 0.0; -0.009156; 0.0; 0.0; 0.0; 0.0; 0.0; 0.0; 0.0; 0.0; 0.0; 0.0; 0.0; 0.0; 0.0; 0.0; 0.0; 0.0; 0.0; 0.0; 0.0; 0.0; 0.0; 0; 0; 0.0; 0.0; 1; 3.98020934495; 3.05498242056; -2.5837708946; 0; 0; 0; 0; 0.0; 0.0; 0.0; -1.0; 0.0; 0.0; 0.0; 0.0; 0.0; 1.0;0; 0;0; 0; 
57.1967411041; 114950; 0.0; 0.0; -0.0091472; 0.0; 0.0; 0.0; 0.0; 0.0; 0.0; 0.0; 0.0; 0.0; 0.0; 0.0; 0.0; 0.0; 0.0; 0.0; 0.0; 0.0; 0.0; 0.0; 0.0; 0.0; 0; 0; 0.0; 0.0; 1; 3.98020934495; 3.05498242056; -2.5837708946; 0; 0; 0; 0; 0.0; 0.0; 0.0; -1.0; 0.0; 0.0; 0.0; 0.0; 0.0; 1.0;0; 0;0; 0; 
57.2083921432; 114950; 0.0; 0.0; -0.0090939; 0.0; 0.0; 0.0; 0.0; 0.0; 0.0; 0.0; 0.0; 0.0; 0.0; 0.0; 0.0; 0.0; 0.0; 0.0; 0.0; 0.0; 0.0; 0.0; 0.0; 0.0; 0; 0; 0.0; 0.0; 1; 3.98020934495; 3.05498242056; -2.5837708946; 0; 0; 0; 0; 0.0; 0.0; 0.0; -1.0; 0.0; 0.0; 0.0; 0.0; 0.0; 1.0;0; 0;0; 0; 
57.2197711468; 114960; 0.0; 0.0; -0.0090197; 0.0; 0.0; 0.0; 0.0; 0.0; 0.0; 0.0; 0.0; 0.0; 0.0; 0.0; 0.0; 0.0; 0.0; 0.0; 0.0; 0.0; 0.0; 0.0; 0.0; 0.0; 0; 0; 0.0; 0.0; 1; 3.98020934495; 3.05498242056; -2.5837708946; 0; 0; 0; 0; 0.0; 0.0; 0.0; -1.0; 0.0; 0.0; 0.0; 0.0; 0.0; 1.0;0; 0;0; 0; 
57.230561018; 114960; 0.0; 0.0; -0.008956; 0.0; 0.0; 0.0; 0.0; 0.0; 0.0; 0.0; 0.0; 0.0; 0.0; 0.0; 0.0; 0.0; 0.0; 0.0; 0.0; 0.0; 0.0; 0.0; 0.0; 0.0; 0; 0; 0.0; 0.0; 1; 3.98020934495; 3.05498242056; -2.5837708946; 0; 0; 0; 0; 0.0; 0.0; 0.0; -1.0; 0.0; 0.0; 0.0; 0.0; 0.0; 1.0;0; 0;0; 0; 
57.2416601181; 114970; 0.0; 0.0; -0.0089087; 0.0; 0.0; 0.0; 0.0; 0.0; 0.0; 0.0; 0.0; 0.0; 0.0; 0.0; 0.0; 0.0; 0.0; 0.0; 0.0; 0.0; 0.0; 0.0; 0.0; 0.0; 0; 0; 0.0; 0.0; 1; 3.98020934495; 3.05498242056; -2.5837708946; 0; 0; 0; 0; 0.0; 0.0; 0.0; -1.0; 0.0; 0.0; 0.0; 0.0; 0.0; 1.0;0; 0;0; 0; 
57.2531421185; 114970; 0.0; 0.0; -0.0088681; 0.0; 0.0; 0.0; 0.0; 0.0; 0.0; 0.0; 0.0; 0.0; 0.0; 0.0; 0.0; 0.0; 0.0; 0.0; 0.0; 0.0; 0.0; 0.0; 0.0; 0.0; 0; 0; 0.0; 0.0; 1; 3.98020934495; 3.05498242056; -2.5837708946; 0; 0; 0; 0; 0.0; 0.0; 0.0; -1.0; 0.0; 0.0; 0.0; 0.0; 0.0; 1.0;0; 0;0; 0; 
57.2640821934; 114980; 0.0; 0.0; -0.0088527; 0.0; 0.0; 0.0; 0.0; 0.0; 0.0; 0.0; 0.0; 0.0; 0.0; 0.0; 0.0; 0.0; 0.0; 0.0; 0.0; 0.0; 0.0; 0.0; 0.0; 0.0; 0; 0; 0.0; 0.0; 1; 3.98020934495; 3.05498242056; -2.5837708946; 0; 0; 0; 0; 0.0; 0.0; 0.0; -1.0; 0.0; 0.0; 0.0; 0.0; 0.0; 1.0;0; 0;0; 0; 
57.2753460407; 114980; 0.0; 0.0; -0.0088341; 0.0; 0.0; 0.0; 0.0; 0.0; 0.0; 0.0; 0.0; 0.0; 0.0; 0.0; 0.0; 0.0; 0.0; 0.0; 0.0; 0.0; 0.0; 0.0; 0.0; 0.0; 0; 0; 0.0; 0.0; 1; 3.98020934495; 3.05498242056; -2.5837708946; 0; 0; 0; 0; 0.0; 0.0; 0.0; -1.0; 0.0; 0.0; 0.0; 0.0; 0.0; 1.0;0; 0;0; 0; 
57.2862980366; 114990; 0.0; 0.0; -0.0088155; 0.0; 0.0; 0.0; 0.0; 0.0; 0.0; 0.0; 0.0; 0.0; 0.0; 0.0; 0.0; 0.0; 0.0; 0.0; 0.0; 0.0; 0.0; 0.0; 0.0; 0.0; 0; 0; 0.0; 0.0; 1; 3.98020934495; 3.05498242056; -2.5837708946; 0; 0; 0; 0; 0.0; 0.0; 0.0; -1.0; 0.0; 0.0; 0.0; 0.0; 0.0; 1.0;0; 0;0; 0; 
57.297547102; 114990; 0.0; 0.0; -0.0088069; 0.0; 0.0; 0.0; 0.0; 0.0; 0.0; 0.0; 0.0; 0.0; 0.0; 0.0; 0.0; 0.0; 0.0; 0.0; 0.0; 0.0; 0.0; 0.0; 0.0; 0.0; 0; 0; 0.0; 0.0; 1; 3.98020934495; 3.05498242056; -2.5837708946; 0; 0; 0; 0; 0.0; 0.0; 0.0; -1.0; 0.0; 0.0; 0.0; 0.0; 0.0; 1.0;0; 0;0; 0; 
57.3097081184; 115000; 0.0; 0.0; -0.0088135; 0.0; 0.0; 0.0; 0.0; 0.0; 0.0; 0.0; 0.0; 0.0; 0.0; 0.0; 0.0; 0.0; 0.0; 0.0; 0.0; 0.0; 0.0; 0.0; 0.0; 0.0; 0; 0; 0.0; 0.0; 1; 3.98020934495; 3.05498242056; -2.5837708946; 0; 0; 0; 0; 0.0; 0.0; 0.0; -1.0; 0.0; 0.0; 0.0; 0.0; 0.0; 1.0;0; 0;0; 0; 
57.3205339909; 115000; 0.0; 0.0; -0.0088091; 0.0; 0.0; 0.0; 0.0; 0.0; 0.0; 0.0; 0.0; 0.0; 0.0; 0.0; 0.0; 0.0; 0.0; 0.0; 0.0; 0.0; 0.0; 0.0; 0.0; 0.0; 0; 0; 0.0; 0.0; 1; 3.98020934495; 3.05498242056; -2.5837708946; 0; 0; 0; 0; 0.0; 0.0; 0.0; -1.0; 0.0; 0.0; 0.0; 0.0; 0.0; 1.0;0; 0;0; 0; 
57.3312811852; 115010; 0.0; 0.0; -0.0087955; 0.0; 0.0; 0.0; 0.0; 0.0; 0.0; 0.0; 0.0; 0.0; 0.0; 0.0; 0.0; 0.0; 0.0; 0.0; 0.0; 0.0; 0.0; 0.0; 0.0; 0.0; 0; 0; 0.0; 0.0; 1; 3.98020934495; 3.05498242056; -2.5837708946; 0; 0; 0; 0; 0.0; 0.0; 0.0; -1.0; 0.0; 0.0; 0.0; 0.0; 0.0; 1.0;0; 0;0; 0; 
57.3430020809; 115010; 0.0; 0.0; -0.0088137; 0.0; 0.0; 0.0; 0.0; 0.0; 0.0; 0.0; 0.0; 0.0; 0.0; 0.0; 0.0; 0.0; 0.0; 0.0; 0.0; 0.0; 0.0; 0.0; 0.0; 0.0; 0; 0; 0.0; 0.0; 1; 3.98020934495; 3.05498242056; -2.5837708946; 0; 0; 0; 0; 0.0; 0.0; 0.0; -1.0; 0.0; 0.0; 0.0; 0.0; 0.0; 1.0;0; 0;0; 0; 
57.3544261456; 115020; 0.0; 0.0; -0.00884; 0.0; 0.0; 0.0; 0.0; 0.0; 0.0; 0.0; 0.0; 0.0; 0.0; 0.0; 0.0; 0.0; 0.0; 0.0; 0.0; 0.0; 0.0; 0.0; 0.0; 0.0; 0; 0; 0.0; 0.0; 1; 3.98020870455; 3.05498202101; -2.5837708946; 0; 0; 0; 0; 0.0; 0.0; 0.0; -1.0; 0.0; 0.0; 0.0; 0.0; 0.0; 1.0;0; 0;0; 0; 
57.3660991192; 115020; 0.0; 0.0; -0.0088519; 0.0; 0.0; 0.0; 0.0; 0.0; 0.0; 0.0; 0.0; 0.0; 0.0; 0.0; 0.0; 0.0; 0.0; 0.0; 0.0; 0.0; 0.0; 0.0; 0.0; 0.0; 0; 0; 0.0; 0.0; 1; 3.98020870455; 3.05498202101; -2.5837708946; 0; 0; 0; 0; 0.0; 0.0; 0.0; -1.0; 0.0; 0.0; 0.0; 0.0; 0.0; 1.0;0; 0;0; 0; 
57.3779981136; 115030; 0.0; 0.0; -0.0088689; 0.0; 0.0; 0.0; 0.0; 0.0; 0.0; 0.0; 0.0; 0.0; 0.0; 0.0; 0.0; 0.0; 0.0; 0.0; 0.0; 0.0; 0.0; 0.0; 0.0; 0.0; 0; 0; 0.0; 0.0; 1; 3.98020870455; 3.05498202101; -2.5837708946; 0; 0; 0; 0; 0.0; 0.0; 0.0; -1.0; 0.0; 0.0; 0.0; 0.0; 0.0; 1.0;0; 0;0; 0; 
57.3888380527; 115030; 0.0; 0.0; -0.0088982; 0.0; 0.0; 0.0; 0.0; 0.0; 0.0; 0.0; 0.0; 0.0; 0.0; 0.0; 0.0; 0.0; 0.0; 0.0; 0.0; 0.0; 0.0; 0.0; 0.0; 0.0; 0; 0; 0.0; 0.0; 1; 3.98020870455; 3.05498202101; -2.5837708946; 0; 0; 0; 0; 0.0; 0.0; 0.0; -1.0; 0.0; 0.0; 0.0; 0.0; 0.0; 1.0;0; 0;0; 0; 
57.3994481564; 115040; 0.0; 0.0; -0.0089088; 0.0; 0.0; 0.0; 0.0; 0.0; 0.0; 0.0; 0.0; 0.0; 0.0; 0.0; 0.0; 0.0; 0.0; 0.0; 0.0; 0.0; 0.0; 0.0; 0.0; 0.0; 0; 0; 0.0; 0.0; 1; 3.98020870455; 3.05498202101; -2.5837708946; 0; 0; 0; 0; 0.0; 0.0; 0.0; -1.0; 0.0; 0.0; 0.0; 0.0; 0.0; 1.0;0; 0;0; 0; 
57.4109721184; 115040; 0.0; 0.0; -0.0088915; 0.0; 0.0; 0.0; 0.0; 0.0; 0.0; 0.0; 0.0; 0.0; 0.0; 0.0; 0.0; 0.0; 0.0; 0.0; 0.0; 0.0; 0.0; 0.0; 0.0; 0.0; 0; 0; 0.0; 0.0; 1; 3.98020870455; 3.05498202101; -2.5837708946; 0; 0; 0; 0; 0.0; 0.0; 0.0; -1.0; 0.0; 0.0; 0.0; 0.0; 0.0; 1.0;0; 0;0; 0; 
57.4218130112; 115050; 0.0; 0.0; -0.008878; 0.0; 0.0; 0.0; 0.0; 0.0; 0.0; 0.0; 0.0; 0.0; 0.0; 0.0; 0.0; 0.0; 0.0; 0.0; 0.0; 0.0; 0.0; 0.0; 0.0; 0.0; 0; 0; 0.0; 0.0; 1; 3.98020870455; 3.05498202101; -2.5837708946; 0; 0; 0; 0; 0.0; 0.0; 0.0; -1.0; 0.0; 0.0; 0.0; 0.0; 0.0; 1.0;0; 0;0; 0; 
57.4343709946; 115050; 0.0; 0.0; -0.0088837; 0.0; 0.0; 0.0; 0.0; 0.0; 0.0; 0.0; 0.0; 0.0; 0.0; 0.0; 0.0; 0.0; 0.0; 0.0; 0.0; 0.0; 0.0; 0.0; 0.0; 0.0; 0; 0; 0.0; 0.0; 1; 3.98020870455; 3.05498202101; -2.5837708946; 0; 0; 0; 0; 0.0; 0.0; 0.0; -1.0; 0.0; 0.0; 0.0; 0.0; 0.0; 1.0;0; 0;0; 0; 
57.4459111691; 115060; 0.0; 0.0; -0.008902; 0.0; 0.0; 0.0; 0.0; 0.0; 0.0; 0.0; 0.0; 0.0; 0.0; 0.0; 0.0; 0.0; 0.0; 0.0; 0.0; 0.0; 0.0; 0.0; 0.0; 0.0; 0; 0; 0.0; 0.0; 1; 3.98020870455; 3.05498202101; -2.5837708946; 0; 0; 0; 0; 0.0; 0.0; 0.0; -1.0; 0.0; 0.0; 0.0; 0.0; 0.0; 1.0;0; 0;0; 0; 
57.4584560394; 115060; 0.0; 0.0; -0.0089223; 0.0; 0.0; 0.0; 0.0; 0.0; 0.0; 0.0; 0.0; 0.0; 0.0; 0.0; 0.0; 0.0; 0.0; 0.0; 0.0; 0.0; 0.0; 0.0; 0.0; 0.0; 0; 0; 0.0; 0.0; 1; 3.98020870455; 3.05498202101; -2.5837708946; 0; 0; 0; 0; 0.0; 0.0; 0.0; -1.0; 0.0; 0.0; 0.0; 0.0; 0.0; 1.0;0; 0;0; 0; 
57.4703061581; 115070; 0.0; 0.0; -0.008931; 0.0; 0.0; 0.0; 0.0; 0.0; 0.0; 0.0; 0.0; 0.0; 0.0; 0.0; 0.0; 0.0; 0.0; 0.0; 0.0; 0.0; 0.0; 0.0; 0.0; 0.0; 0; 0; 0.0; 0.0; 1; 3.98020870455; 3.05498202101; -2.5837708946; 0; 0; 0; 0; 0.0; 0.0; 0.0; -1.0; 0.0; 0.0; 0.0; 0.0; 0.0; 1.0;0; 0;0; 0; 
57.4808530807; 115070; 0.0; 0.0; -0.0089654; 0.0; 0.0; 0.0; 0.0; 0.0; 0.0; 0.0; 0.0; 0.0; 0.0; 0.0; 0.0; 0.0; 0.0; 0.0; 0.0; 0.0; 0.0; 0.0; 0.0; 0.0; 0; 0; 0.0; 0.0; 1; 3.98020870455; 3.05498202101; -2.5837708946; 0; 0; 0; 0; 0.0; 0.0; 0.0; -1.0; 0.0; 0.0; 0.0; 0.0; 0.0; 1.0;0; 0;0; 0; 
57.4915881157; 115080; 0.0; 0.0; -0.0089926; 0.0; 0.0; 0.0; 0.0; 0.0; 0.0; 0.0; 0.0; 0.0; 0.0; 0.0; 0.0; 0.0; 0.0; 0.0; 0.0; 0.0; 0.0; 0.0; 0.0; 0.0; 0; 0; 0.0; 0.0; 1; 3.98020870455; 3.05498202101; -2.5837708946; 0; 0; 0; 0; 0.0; 0.0; 0.0; -1.0; 0.0; 0.0; 0.0; 0.0; 0.0; 1.0;0; 0;0; 0; 
57.5049011707; 115080; 0.0; 0.0; -0.0089765; 0.0; 0.0; 0.0; 0.0; 0.0; 0.0; 0.0; 0.0; 0.0; 0.0; 0.0; 0.0; 0.0; 0.0; 0.0; 0.0; 0.0; 0.0; 0.0; 0.0; 0.0; 0; 0; 0.0; 0.0; 1; 3.98020870455; 3.05498202101; -2.5837708946; 0; 0; 0; 0; 0.0; 0.0; 0.0; -1.0; 0.0; 0.0; 0.0; 0.0; 0.0; 1.0;0; 0;0; 0; 
57.5165171623; 115090; 0.0; 0.0; -0.0089333; 0.0; 0.0; 0.0; 0.0; 0.0; 0.0; 0.0; 0.0; 0.0; 0.0; 0.0; 0.0; 0.0; 0.0; 0.0; 0.0; 0.0; 0.0; 0.0; 0.0; 0.0; 0; 0; 0.0; 0.0; 1; 3.98020870455; 3.05498202101; -2.5837708946; 0; 0; 0; 0; 0.0; 0.0; 0.0; -1.0; 0.0; 0.0; 0.0; 0.0; 0.0; 1.0;0; 0;0; 0; 
57.5278160572; 115090; 0.0; 0.0; -0.0088748; 0.0; 0.0; 0.0; 0.0; 0.0; 0.0; 0.0; 0.0; 0.0; 0.0; 0.0; 0.0; 0.0; 0.0; 0.0; 0.0; 0.0; 0.0; 0.0; 0.0; 0.0; 0; 0; 0.0; 0.0; 1; 3.98020870455; 3.05498202101; -2.5837708946; 0; 0; 0; 0; 0.0; 0.0; 0.0; -1.0; 0.0; 0.0; 0.0; 0.0; 0.0; 1.0;0; 0;0; 0; 
57.5390861034; 115100; 0.0; 0.0; -0.0088115; 0.0; 0.0; 0.0; 0.0; 0.0; 0.0; 0.0; 0.0; 0.0; 0.0; 0.0; 0.0; 0.0; 0.0; 0.0; 0.0; 0.0; 0.0; 0.0; 0.0; 0.0; 0; 0; 0.0; 0.0; 1; 3.98020870455; 3.05498202101; -2.5837708946; 0; 0; 0; 0; 0.0; 0.0; 0.0; -1.0; 0.0; 0.0; 0.0; 0.0; 0.0; 1.0;0; 0;0; 0; 
57.549749136; 115100; 0.0; 0.0; -0.0087499; 0.0; 0.0; 0.0; 0.0; 0.0; 0.0; 0.0; 0.0; 0.0; 0.0; 0.0; 0.0; 0.0; 0.0; 0.0; 0.0; 0.0; 0.0; 0.0; 0.0; 0.0; 0; 0; 0.0; 0.0; 1; 3.98020870455; 3.05498202101; -2.5837708946; 0; 0; 0; 0; 0.0; 0.0; 0.0; -1.0; 0.0; 0.0; 0.0; 0.0; 0.0; 1.0;0; 0;0; 0; 
57.5607311726; 115110; 0.0; 0.0; -0.0087054; 0.0; 0.0; 0.0; 0.0; 0.0; 0.0; 0.0; 0.0; 0.0; 0.0; 0.0; 0.0; 0.0; 0.0; 0.0; 0.0; 0.0; 0.0; 0.0; 0.0; 0.0; 0; 0; 0.0; 0.0; 1; 3.98020870455; 3.05498202101; -2.5837708946; 0; 0; 0; 0; 0.0; 0.0; 0.0; -1.0; 0.0; 0.0; 0.0; 0.0; 0.0; 1.0;0; 0;0; 0; 
57.5727419853; 115110; 0.0; 0.0; -0.0086823; 0.0; 0.0; 0.0; 0.0; 0.0; 0.0; 0.0; 0.0; 0.0; 0.0; 0.0; 0.0; 0.0; 0.0; 0.0; 0.0; 0.0; 0.0; 0.0; 0.0; 0.0; 0; 0; 0.0; 0.0; 1; 3.98020870455; 3.05498202101; -2.5837708946; 0; 0; 0; 0; 0.0; 0.0; 0.0; -1.0; 0.0; 0.0; 0.0; 0.0; 0.0; 1.0;0; 0;0; 0; 
